[2m2026-09-22T17:32:33.093640Z[0m [32m INFO[0m [2mnanospam::setup::account_map_factory[0m[2m:[0m Creating account keys file with 45000 keys: "/Users/ruimorais/NanoSpam/account_keys.txt"
[2m2026-09-22T17:32:33.817450Z[0m [32m INFO[0m [2mnanospam::setup::node_config_factory[0m[2m:[0m ********************************************************************************
[2m2026-09-22T17:32:33.817465Z[0m [32m INFO[0m [2mnanospam::setup::node_config_factory[0m[2m:[0m Setting up node PR0...
[2m2026-09-22T17:32:33.817470Z[0m [32m INFO[0m [2mnanospam::setup::node_config_factory[0m[2m:[0m Creating directory "/Users/ruimorais/NanoSpam/pr0"
[2m2026-09-22T17:32:33.817551Z[0m [32m INFO[0m [2mnanospam::setup::node_config_factory[0m[2m:[0m Creating node config file: "/Users/ruimorais/NanoSpam/pr0/config-node.toml"
[2m2026-09-22T17:32:33.817690Z[0m [32m INFO[0m [2mnanospam::setup::node_config_factory[0m[2m:[0m Creating rpc config file: "/Users/ruimorais/NanoSpam/pr0/config-rpc.toml"
[2m2026-09-22T17:32:33.817766Z[0m [32m INFO[0m [2mnanospam::setup::node_config_factory[0m[2m:[0m ********************************************************************************
[2m2026-09-22T17:32:33.817779Z[0m [32m INFO[0m [2mnanospam::setup::node_config_factory[0m[2m:[0m Setting up node PR1...
[2m2026-09-22T17:32:33.817783Z[0m [32m INFO[0m [2mnanospam::setup::node_config_factory[0m[2m:[0m Creating directory "/Users/ruimorais/NanoSpam/pr1"
[2m2026-09-22T17:32:33.817824Z[0m [32m INFO[0m [2mnanospam::setup::node_config_factory[0m[2m:[0m Creating node config file: "/Users/ruimorais/NanoSpam/pr1/config-node.toml"
[2m2026-09-22T17:32:33.817898Z[0m [32m INFO[0m [2mnanospam::setup::node_config_factory[0m[2m:[0m Creating rpc config file: "/Users/ruimorais/NanoSpam/pr1/config-rpc.toml"
[2m2026-09-22T17:32:33.817965Z[0m [32m INFO[0m [2mnanospam::setup::node_config_factory[0m[2m:[0m ********************************************************************************
[2m2026-09-22T17:32:33.817970Z[0m [32m INFO[0m [2mnanospam::setup::node_config_factory[0m[2m:[0m Setting up node PR2...
[2m2026-09-22T17:32:33.817974Z[0m [32m INFO[0m [2mnanospam::setup::node_config_factory[0m[2m:[0m Creating directory "/Users/ruimorais/NanoSpam/pr2"
[2m2026-09-22T17:32:33.818017Z[0m [32m INFO[0m [2mnanospam::setup::node_config_factory[0m[2m:[0m Creating node config file: "/Users/ruimorais/NanoSpam/pr2/config-node.toml"
[2m2026-09-22T17:32:33.818084Z[0m [32m INFO[0m [2mnanospam::setup::node_config_factory[0m[2m:[0m Creating rpc config file: "/Users/ruimorais/NanoSpam/pr2/config-rpc.toml"
[2m2026-09-22T17:32:33.818138Z[0m [32m INFO[0m [2mnanospam::setup::node_config_factory[0m[2m:[0m ********************************************************************************
[2m2026-09-22T17:32:33.818142Z[0m [32m INFO[0m [2mnanospam::setup::node_config_factory[0m[2m:[0m Setting up node PR3...
[2m2026-09-22T17:32:33.818146Z[0m [32m INFO[0m [2mnanospam::setup::node_config_factory[0m[2m:[0m Creating directory "/Users/ruimorais/NanoSpam/pr3"
[2m2026-09-22T17:32:33.818187Z[0m [32m INFO[0m [2mnanospam::setup::node_config_factory[0m[2m:[0m Creating node config file: "/Users/ruimorais/NanoSpam/pr3/config-node.toml"
[2m2026-09-22T17:32:33.818269Z[0m [32m INFO[0m [2mnanospam::setup::node_config_factory[0m[2m:[0m Creating rpc config file: "/Users/ruimorais/NanoSpam/pr3/config-rpc.toml"
[2m2026-09-22T17:32:33.818335Z[0m [32m INFO[0m [2mnanospam::setup::node_config_factory[0m[2m:[0m ********************************************************************************
[2m2026-09-22T17:32:33.818339Z[0m [32m INFO[0m [2mnanospam::setup::node_config_factory[0m[2m:[0m Setting up node PR4...
[2m2026-09-22T17:32:33.818342Z[0m [32m INFO[0m [2mnanospam::setup::node_config_factory[0m[2m:[0m Creating directory "/Users/ruimorais/NanoSpam/pr4"
[2m2026-09-22T17:32:33.818389Z[0m [32m INFO[0m [2mnanospam::setup::node_config_factory[0m[2m:[0m Creating node config file: "/Users/ruimorais/NanoSpam/pr4/config-node.toml"
[2m2026-09-22T17:32:33.818462Z[0m [32m INFO[0m [2mnanospam::setup::node_config_factory[0m[2m:[0m Creating rpc config file: "/Users/ruimorais/NanoSpam/pr4/config-rpc.toml"
[2m2026-09-22T17:32:33.818518Z[0m [32m INFO[0m [2mnanospam::setup::node_config_factory[0m[2m:[0m ********************************************************************************
[2m2026-09-22T17:32:33.818521Z[0m [32m INFO[0m [2mnanospam::setup::node_config_factory[0m[2m:[0m Setting up node PR5...
[2m2026-09-22T17:32:33.818524Z[0m [32m INFO[0m [2mnanospam::setup::node_config_factory[0m[2m:[0m Creating directory "/Users/ruimorais/NanoSpam/pr5"
[2m2026-09-22T17:32:33.818562Z[0m [32m INFO[0m [2mnanospam::setup::node_config_factory[0m[2m:[0m Creating node config file: "/Users/ruimorais/NanoSpam/pr5/config-node.toml"
[2m2026-09-22T17:32:33.818628Z[0m [32m INFO[0m [2mnanospam::setup::node_config_factory[0m[2m:[0m Creating rpc config file: "/Users/ruimorais/NanoSpam/pr5/config-rpc.toml"
[2m2026-09-22T17:32:33.820138Z[0m [32m INFO[0m [2mnanospam::setup::node_launcher[0m[2m:[0m Starting node: NANO_TEST_GENESIS_BLOCK="{\n    \"type\": \"open\",\n    \"account\": \"nano_3nroioygg54nusrmyun4woimqex36sp3drnctdt5955uqu47fxbkrxk7n7ne\",\n    \"source\": \"D315857CE70C54DE713F6E82E5613BB3A1266C15E28AD2F4338C7BBEC456F532\",\n    \"representative\": \"nano_3nroioygg54nusrmyun4woimqex36sp3drnctdt5955uqu47fxbkrxk7n7ne\",\n    \"signature\": \"3F6792C2DC623DF2E8643777160AB983B66B337E2478E13D2C3448126A8F4CD8DCCD19803C158A057FA44060AE0EFC09B1C311CB4FBF42F8D240610B38F56E08\",\n    \"work\": \"70FEF01F7EC45DEC\"\n    }" NANO_TEST_GENESIS_PRV ="49643F9B10CA1AA34F9AF8ED4AABD29F436104CCC375974B108534A48EAE3FE1" "rsnano" "--network" "test" "--data-path" "/Users/ruimorais/NanoSpam/pr0" "node" "run"
[2m2026-09-22T17:32:33.820783Z[0m [32m INFO[0m [2mnanospam::setup::node_launcher[0m[2m:[0m Waiting for RPC...
[2m2026-09-22T17:32:34.129925Z[0m [32m INFO[0m [2mnanospam::setup::node_launcher[0m[2m:[0m Starting node: NANO_TEST_GENESIS_BLOCK="{\n    \"type\": \"open\",\n    \"account\": \"nano_3nroioygg54nusrmyun4woimqex36sp3drnctdt5955uqu47fxbkrxk7n7ne\",\n    \"source\": \"D315857CE70C54DE713F6E82E5613BB3A1266C15E28AD2F4338C7BBEC456F532\",\n    \"representative\": \"nano_3nroioygg54nusrmyun4woimqex36sp3drnctdt5955uqu47fxbkrxk7n7ne\",\n    \"signature\": \"3F6792C2DC623DF2E8643777160AB983B66B337E2478E13D2C3448126A8F4CD8DCCD19803C158A057FA44060AE0EFC09B1C311CB4FBF42F8D240610B38F56E08\",\n    \"work\": \"70FEF01F7EC45DEC\"\n    }" NANO_TEST_GENESIS_PRV ="49643F9B10CA1AA34F9AF8ED4AABD29F436104CCC375974B108534A48EAE3FE1" "rsnano" "--network" "test" "--data-path" "/Users/ruimorais/NanoSpam/pr1" "node" "run"
[2m2026-09-22T17:32:34.130373Z[0m [32m INFO[0m [2mnanospam::setup::node_launcher[0m[2m:[0m Waiting for RPC...
[2m2026-09-22T17:32:34.232175Z[0m [32m INFO[0m [2mnanospam::setup::node_launcher[0m[2m:[0m Starting node: NANO_TEST_GENESIS_BLOCK="{\n    \"type\": \"open\",\n    \"account\": \"nano_3nroioygg54nusrmyun4woimqex36sp3drnctdt5955uqu47fxbkrxk7n7ne\",\n    \"source\": \"D315857CE70C54DE713F6E82E5613BB3A1266C15E28AD2F4338C7BBEC456F532\",\n    \"representative\": \"nano_3nroioygg54nusrmyun4woimqex36sp3drnctdt5955uqu47fxbkrxk7n7ne\",\n    \"signature\": \"3F6792C2DC623DF2E8643777160AB983B66B337E2478E13D2C3448126A8F4CD8DCCD19803C158A057FA44060AE0EFC09B1C311CB4FBF42F8D240610B38F56E08\",\n    \"work\": \"70FEF01F7EC45DEC\"\n    }" NANO_TEST_GENESIS_PRV ="49643F9B10CA1AA34F9AF8ED4AABD29F436104CCC375974B108534A48EAE3FE1" "rsnano" "--network" "test" "--data-path" "/Users/ruimorais/NanoSpam/pr2" "node" "run"
[2m2026-09-22T17:32:34.232471Z[0m [32m INFO[0m [2mnanospam::setup::node_launcher[0m[2m:[0m Waiting for RPC...
[2m2026-09-22T17:32:34.335289Z[0m [32m INFO[0m [2mnanospam::setup::node_launcher[0m[2m:[0m Starting node: NANO_TEST_GENESIS_BLOCK="{\n    \"type\": \"open\",\n    \"account\": \"nano_3nroioygg54nusrmyun4woimqex36sp3drnctdt5955uqu47fxbkrxk7n7ne\",\n    \"source\": \"D315857CE70C54DE713F6E82E5613BB3A1266C15E28AD2F4338C7BBEC456F532\",\n    \"representative\": \"nano_3nroioygg54nusrmyun4woimqex36sp3drnctdt5955uqu47fxbkrxk7n7ne\",\n    \"signature\": \"3F6792C2DC623DF2E8643777160AB983B66B337E2478E13D2C3448126A8F4CD8DCCD19803C158A057FA44060AE0EFC09B1C311CB4FBF42F8D240610B38F56E08\",\n    \"work\": \"70FEF01F7EC45DEC\"\n    }" NANO_TEST_GENESIS_PRV ="49643F9B10CA1AA34F9AF8ED4AABD29F436104CCC375974B108534A48EAE3FE1" "rsnano" "--network" "test" "--data-path" "/Users/ruimorais/NanoSpam/pr3" "node" "run"
[2m2026-09-22T17:32:34.335644Z[0m [32m INFO[0m [2mnanospam::setup::node_launcher[0m[2m:[0m Waiting for RPC...
[2m2026-09-22T17:32:34.437624Z[0m [32m INFO[0m [2mnanospam::setup::node_launcher[0m[2m:[0m Starting node: NANO_TEST_GENESIS_BLOCK="{\n    \"type\": \"open\",\n    \"account\": \"nano_3nroioygg54nusrmyun4woimqex36sp3drnctdt5955uqu47fxbkrxk7n7ne\",\n    \"source\": \"D315857CE70C54DE713F6E82E5613BB3A1266C15E28AD2F4338C7BBEC456F532\",\n    \"representative\": \"nano_3nroioygg54nusrmyun4woimqex36sp3drnctdt5955uqu47fxbkrxk7n7ne\",\n    \"signature\": \"3F6792C2DC623DF2E8643777160AB983B66B337E2478E13D2C3448126A8F4CD8DCCD19803C158A057FA44060AE0EFC09B1C311CB4FBF42F8D240610B38F56E08\",\n    \"work\": \"70FEF01F7EC45DEC\"\n    }" NANO_TEST_GENESIS_PRV ="49643F9B10CA1AA34F9AF8ED4AABD29F436104CCC375974B108534A48EAE3FE1" "rsnano" "--network" "test" "--data-path" "/Users/ruimorais/NanoSpam/pr4" "node" "run"
[2m2026-09-22T17:32:34.438066Z[0m [32m INFO[0m [2mnanospam::setup::node_launcher[0m[2m:[0m Waiting for RPC...
[2m2026-09-22T17:32:34.541091Z[0m [32m INFO[0m [2mnanospam::setup::node_launcher[0m[2m:[0m Starting node: NANO_TEST_GENESIS_BLOCK="{\n    \"type\": \"open\",\n    \"account\": \"nano_3nroioygg54nusrmyun4woimqex36sp3drnctdt5955uqu47fxbkrxk7n7ne\",\n    \"source\": \"D315857CE70C54DE713F6E82E5613BB3A1266C15E28AD2F4338C7BBEC456F532\",\n    \"representative\": \"nano_3nroioygg54nusrmyun4woimqex36sp3drnctdt5955uqu47fxbkrxk7n7ne\",\n    \"signature\": \"3F6792C2DC623DF2E8643777160AB983B66B337E2478E13D2C3448126A8F4CD8DCCD19803C158A057FA44060AE0EFC09B1C311CB4FBF42F8D240610B38F56E08\",\n    \"work\": \"70FEF01F7EC45DEC\"\n    }" NANO_TEST_GENESIS_PRV ="49643F9B10CA1AA34F9AF8ED4AABD29F436104CCC375974B108534A48EAE3FE1" "rsnano" "--network" "test" "--data-path" "/Users/ruimorais/NanoSpam/pr5" "node" "run"
[2m2026-09-22T17:32:34.541658Z[0m [32m INFO[0m [2mnanospam::setup::node_launcher[0m[2m:[0m Waiting for RPC...
[2m2026-09-22T17:32:34.646374Z[0m [32m INFO[0m [2mnanospam::wallets_factory[0m[2m:[0m Creating wallet...
[2m2026-09-22T17:32:34.716796Z[0m [32m INFO[0m [2mnanospam::wallets_factory[0m[2m:[0m Setting default representative...
[2m2026-09-22T17:32:34.717112Z[0m [32m INFO[0m [2mnanospam::wallets_factory[0m[2m:[0m Creating wallet...
[2m2026-09-22T17:32:34.762498Z[0m [32m INFO[0m [2mnanospam::wallets_factory[0m[2m:[0m Setting default representative...
[2m2026-09-22T17:32:34.762720Z[0m [32m INFO[0m [2mnanospam::wallets_factory[0m[2m:[0m Sending Ӿ40,047,061 to PR1 wallet nano_3atmwjh8t11psdqf3qx6xjfiei94oajch6zsyauowxzjogbbgz168g5mp8f1 ...
[2m2026-09-22T17:32:34.763111Z[0m [32m INFO[0m [2mnanospam::wallets_factory[0m[2m:[0m Waiting for confirmation for B19EAD8221E07E52EEB7CA7EE50577B662C489ADBA15C0727DB6F8AEDAD50081
[2m2026-09-22T17:32:49.884938Z[0m [32m INFO[0m [2mnanospam::wallets_factory[0m[2m:[0m Receiving...
[2m2026-09-22T17:32:49.885910Z[0m [32m INFO[0m [2mnanospam::wallets_factory[0m[2m:[0m Waiting for confirmation for CBAA8D9FE2AA2CFEB77B87886D76922E22E4C51C0C091A54179A7E5CF79FC967
[2m2026-09-22T17:32:50.090762Z[0m [32m INFO[0m [2mnanospam::wallets_factory[0m[2m:[0m DONE
[2m2026-09-22T17:32:50.090827Z[0m [32m INFO[0m [2mnanospam::wallets_factory[0m[2m:[0m ********************************************************************************
[2m2026-09-22T17:32:50.090847Z[0m [32m INFO[0m [2mnanospam::wallets_factory[0m[2m:[0m Creating wallet...
[2m2026-09-22T17:32:50.166821Z[0m [32m INFO[0m [2mnanospam::wallets_factory[0m[2m:[0m Setting default representative...
[2m2026-09-22T17:32:50.167147Z[0m [32m INFO[0m [2mnanospam::wallets_factory[0m[2m:[0m Sending Ӿ40,047,061 to PR2 wallet nano_36asm8scxymtsjmgqp14per3zxpgaec1c65qb9en1buscq7qzqa93tfyyzs3 ...
[2m2026-09-22T17:32:50.167575Z[0m [32m INFO[0m [2mnanospam::wallets_factory[0m[2m:[0m Waiting for confirmation for CAFB013DCCB20BBF4CC103A0FDD2BF25C8F109B9E984B96D0666840E4B0F89BA
[2m2026-09-22T17:32:50.270153Z[0m [32m INFO[0m [2mnanospam::wallets_factory[0m[2m:[0m Receiving...
[2m2026-09-22T17:32:50.271110Z[0m [32m INFO[0m [2mnanospam::wallets_factory[0m[2m:[0m Waiting for confirmation for 7189E44F408196E8FD1F393F06CDAD4F7C5A415B2A2DDFA8ABEABEE83DA60182
[2m2026-09-22T17:32:50.373166Z[0m [32m INFO[0m [2mnanospam::wallets_factory[0m[2m:[0m DONE
[2m2026-09-22T17:32:50.373211Z[0m [32m INFO[0m [2mnanospam::wallets_factory[0m[2m:[0m ********************************************************************************
[2m2026-09-22T17:32:50.373225Z[0m [32m INFO[0m [2mnanospam::wallets_factory[0m[2m:[0m Creating wallet...
[2m2026-09-22T17:32:50.447509Z[0m [32m INFO[0m [2mnanospam::wallets_factory[0m[2m:[0m Setting default representative...
[2m2026-09-22T17:32:50.447826Z[0m [32m INFO[0m [2mnanospam::wallets_factory[0m[2m:[0m Sending Ӿ40,047,061 to PR3 wallet nano_1sfb11jzfi8k51fcnrzi1qe3qh1e1jkic3h45oak9yfg5yhbkczzxfwtat7m ...
[2m2026-09-22T17:32:50.448189Z[0m [32m INFO[0m [2mnanospam::wallets_factory[0m[2m:[0m Waiting for confirmation for E2CEA882BAF6FE5BE932C387FEB7740D791CAF9E5BECC7CEE8176C7DDEE6378A
[2m2026-09-22T17:32:50.551131Z[0m [32m INFO[0m [2mnanospam::wallets_factory[0m[2m:[0m Receiving...
[2m2026-09-22T17:32:50.551987Z[0m [32m INFO[0m [2mnanospam::wallets_factory[0m[2m:[0m Waiting for confirmation for EA5EC3EAA2535557DB68742DBFA22A64B7B314876EE136F919471550E89D65D4
[2m2026-09-22T17:32:50.655555Z[0m [32m INFO[0m [2mnanospam::wallets_factory[0m[2m:[0m DONE
[2m2026-09-22T17:32:50.655654Z[0m [32m INFO[0m [2mnanospam::wallets_factory[0m[2m:[0m ********************************************************************************
[2m2026-09-22T17:32:50.655668Z[0m [32m INFO[0m [2mnanospam::wallets_factory[0m[2m:[0m Creating wallet...
[2m2026-09-22T17:32:50.733617Z[0m [32m INFO[0m [2mnanospam::wallets_factory[0m[2m:[0m Setting default representative...
[2m2026-09-22T17:32:50.733962Z[0m [32m INFO[0m [2mnanospam::wallets_factory[0m[2m:[0m Sending Ӿ40,047,061 to PR4 wallet nano_1rsxmoinip7d4wafdp855194n43fs7s1jgne6tx8ruatiu6g89815pddzijp ...
[2m2026-09-22T17:32:50.734406Z[0m [32m INFO[0m [2mnanospam::wallets_factory[0m[2m:[0m Waiting for confirmation for 22677C7E74B964C1E24887306A66EAC48330280DFA5744E0E21166EC47B5438A
[2m2026-09-22T17:32:54.010478Z[0m [32m INFO[0m [2mnanospam::wallets_factory[0m[2m:[0m Receiving...
[2m2026-09-22T17:32:54.012755Z[0m [32m INFO[0m [2mnanospam::wallets_factory[0m[2m:[0m Waiting for confirmation for 686B8354F9897585048EDBC473B612A3E2823DE919A66201E69841219A6B5651
[2m2026-09-22T17:32:54.114954Z[0m [32m INFO[0m [2mnanospam::wallets_factory[0m[2m:[0m DONE
[2m2026-09-22T17:32:54.114985Z[0m [32m INFO[0m [2mnanospam::wallets_factory[0m[2m:[0m ********************************************************************************
[2m2026-09-22T17:32:54.114991Z[0m [32m INFO[0m [2mnanospam::wallets_factory[0m[2m:[0m Creating wallet...
[2m2026-09-22T17:32:54.165934Z[0m [32m INFO[0m [2mnanospam::wallets_factory[0m[2m:[0m Setting default representative...
[2m2026-09-22T17:32:54.166235Z[0m [32m INFO[0m [2mnanospam::wallets_factory[0m[2m:[0m Sending Ӿ40,047,061 to PR5 wallet nano_1wtzwadxk9naxc356m4rienp93ht131w7ypadk39qck8uah3bg3zohsmj9th ...
[2m2026-09-22T17:32:54.166594Z[0m [32m INFO[0m [2mnanospam::wallets_factory[0m[2m:[0m Waiting for confirmation for 86B6E149E407121861E950D6B66B56BA39E500C199E580ED6065515C3C25094F
[2m2026-09-22T17:32:54.576058Z[0m [32m INFO[0m [2mnanospam::wallets_factory[0m[2m:[0m Receiving...
[2m2026-09-22T17:32:54.577600Z[0m [32m INFO[0m [2mnanospam::wallets_factory[0m[2m:[0m Waiting for confirmation for 417F8AEA0F6FDD9A5EE6F5896819E98A81FC15AA2CF56207A5BCFB27193E37A9
[2m2026-09-22T17:32:54.783545Z[0m [32m INFO[0m [2mnanospam::wallets_factory[0m[2m:[0m DONE
[2m2026-09-22T17:32:54.783688Z[0m [32m INFO[0m [2mnanospam::wallets_factory[0m[2m:[0m ********************************************************************************
[2m2026-09-22T17:32:54.783715Z[0m [32m INFO[0m [2mnanospam::wallets_factory[0m[2m:[0m Sending initial spam amount...
[2m2026-09-22T17:32:54.785538Z[0m [32m INFO[0m [2mnanospam::wallets_factory[0m[2m:[0m Waiting for confirmation for BD7FCA19A14F4BF801CAA0502FCBE2E114D60F8F8CA4138F068F6C8846BA660D
[2m2026-09-22T17:32:55.095326Z[0m [32m INFO[0m [2mnanospam::wallets_factory[0m[2m:[0m Receiving initial spam amount...
[2m2026-09-22T17:32:55.096592Z[0m [32m INFO[0m [2mnanospam::wallets_factory[0m[2m:[0m Waiting for confirmation for 41FBA39D6B2DD56B9CCDC5C65958B9ABFDE216DCB1028D03D93A10E385269394
[2m2026-09-22T17:32:55.300775Z[0m [32m INFO[0m [2mnanospam::wallets_factory[0m[2m:[0m Seeding Ӿ14,285,714 to nano_1p6r15mr6sxrbfspksbbz3gppj49cg6d3rpap7zruz57kiuueep83k17y3ku for representative D315857CE70C54DE713F6E82E5613BB3A1266C15E28AD2F4338C7BBEC456F532
[2m2026-09-22T17:32:55.301407Z[0m [32m INFO[0m [2mnanospam::wallets_factory[0m[2m:[0m Waiting for confirmation for 29C7D7785F83EFA0E6626C7F31F6FDFCF6990BB68F81F144389CFB4D88A5E46D
[2m2026-09-22T17:32:55.508719Z[0m [32m INFO[0m [2mnanospam::wallets_factory[0m[2m:[0m Waiting for confirmation for 213400B1373F6D124233080C9285C09CB7EB810DEB1724C4A00265A1E35BCAE0
[2m2026-09-22T17:32:55.713945Z[0m [32m INFO[0m [2mnanospam::wallets_factory[0m[2m:[0m Seeding Ӿ14,285,714 to nano_33ar8uyjxpqw41abcrjmmygw77qifi1i8ykntp7eb5x8pha33m595ye6xmth for representative A353E45E6D0016CAEED0DFA4EC5B0640E2AA22A793F9F2375E77F1AB92977C04
[2m2026-09-22T17:32:55.715088Z[0m [32m INFO[0m [2mnanospam::wallets_factory[0m[2m:[0m Waiting for confirmation for E83C56C47A9F105E3447C455CD19423744715DE971BEAF1FCBF0A91965B92A4F
[2m2026-09-22T17:32:56.026009Z[0m [32m INFO[0m [2mnanospam::wallets_factory[0m[2m:[0m Waiting for confirmation for EBA0206C051201F81DA7DEE20AD73D4932E06477D4AE47EB8CC5E9B50D71BA77
[2m2026-09-22T17:32:56.334702Z[0m [32m INFO[0m [2mnanospam::wallets_factory[0m[2m:[0m Seeding Ӿ14,285,714 to nano_1in5aayod47uq753szw5yi4wy6yfqe1t37ezrs6eauzn6eb1tia5pdrhhr8c for representative 911999B2AEFA7ACC66EBD802B3301FF6CE431405107749D940277955CB7FDD07
[2m2026-09-22T17:32:56.335235Z[0m [32m INFO[0m [2mnanospam::wallets_factory[0m[2m:[0m Waiting for confirmation for 3B8E7CFFA3D933B1928860F7DF41C1A4E88111775B16F1A8F6CF63EF5EC049D1
[2m2026-09-22T17:32:56.644972Z[0m [32m INFO[0m [2mnanospam::wallets_factory[0m[2m:[0m Waiting for confirmation for 1415B7D7D7D0CC56BDCAB9EF4283DE8553CE1B7EB8C1D08FACA9B1CE4424A33E
[2m2026-09-22T17:32:56.954669Z[0m [32m INFO[0m [2mnanospam::wallets_factory[0m[2m:[0m Seeding Ӿ14,285,714 to nano_3hz7w1fx1qdcm7d7tapqm4wty7b5gcuei4jqe6tcgox1kqr5q7zsq367yyg9 for representative 65A90023F6C0D2181AAA63F005D81BBC0C04650505E21D5123F9AE1F9E992BFF
[2m2026-09-22T17:32:56.955839Z[0m [32m INFO[0m [2mnanospam::wallets_factory[0m[2m:[0m Waiting for confirmation for 56696CAB6A370340366F7AD2D2E98C4C505CFBAE95F4AA8B9CB7DFBDADF9F5DA
[2m2026-09-22T17:32:57.266723Z[0m [32m INFO[0m [2mnanospam::wallets_factory[0m[2m:[0m Waiting for confirmation for 9B9CFC7C89578B23F68EF7C39F75FEDCB7171C19BEA996D6004932E96A66276F
[2m2026-09-22T17:32:57.575088Z[0m [32m INFO[0m [2mnanospam::wallets_factory[0m[2m:[0m Seeding Ӿ14,285,714 to nano_3wnkurixr45tgwq8zyxy8ofacqhagpqsq6p939e7rqwx3yaac5u54ggkaadq for representative 633D9D614858AB1710D5D8C3180E2A082DC97208BA8C26BA6C6D1A86C8E31CC0
[2m2026-09-22T17:32:57.576473Z[0m [32m INFO[0m [2mnanospam::wallets_factory[0m[2m:[0m Waiting for confirmation for A2BCF105B680EFE352C9AF237B0E3993A9A8078DAA92386222E0AC6EAC6AF568
[2m2026-09-22T17:32:57.886776Z[0m [32m INFO[0m [2mnanospam::wallets_factory[0m[2m:[0m Waiting for confirmation for D523934BE2B53689D0EC88E7983E2B82774EA164398236941EC100CAF8706ABC
[2m2026-09-22T17:32:58.299160Z[0m [32m INFO[0m [2mnanospam::wallets_factory[0m[2m:[0m Seeding Ӿ14,285,714 to nano_1wfn319s7ybzjzwz9gx3iq4dngqf9c1ysnp1icxb9ufhbay9e6533nof7zux for representative 735FE217D91E88EA82324C5883296385FA0041C2FAC85C827BAA46DA1E14B83F
[2m2026-09-22T17:32:58.300100Z[0m [32m INFO[0m [2mnanospam::wallets_factory[0m[2m:[0m Waiting for confirmation for DD831A2AD3D0D888BB29482DB4029AD7369F75BB18724F582BA99C350B6EFC37
[2m2026-09-22T17:32:58.506188Z[0m [32m INFO[0m [2mnanospam::wallets_factory[0m[2m:[0m Waiting for confirmation for E4348ACA061238818C4F6F700D31D3B0D511A566718C80CA05E0DFFEF12BE491
[2m2026-09-22T17:32:58.817207Z[0m [32m INFO[0m [2mnanospam::high_prio_check[0m[2m:[0m Creating high priority accounts...
[2m2026-09-22T17:32:58.843228Z[0m [32m INFO[0m [2mnanospam::high_prio_check[0m[2m:[0m Waiting for confirmations...
[2m2026-09-22T17:33:01.155201Z[0m [32m INFO[0m [2mnanospam::app[0m[2m:[0m Waiting for all PRs to see the full quorum...
[2m2026-09-22T17:33:11.382641Z[0m [32m INFO[0m [2mnanospam::app[0m[2m:[0m Republished the genesis chain to all PRs
[2m2026-09-22T17:33:14.242434Z[0m [32m INFO[0m [2mnanospam::app[0m[2m:[0m All PRs see the full quorum after 13.087494584s
[2m2026-09-22T17:33:14.242510Z[0m [32m INFO[0m [2mnanospam::app[0m[2m:[0m Waiting for all PRs to hold the same cemented ledger...
[2m2026-09-22T17:33:14.244103Z[0m [32m INFO[0m [2mnanospam::app[0m[2m:[0m All PRs hold the same ledger of 65 blocks after 1.580708ms
EPOCH_COMMITTEE derived_by=genesis members=6 accounts=33 n=340282366920938463463374607431768211455 digest=F86D81972D51B72B0B6EBD14698D9274FA62362921269BD5E595E4E716D4EE3A shares=["A353E45E:20.2%", "735FE217:16.0%", "633D9D61:16.0%", "65A90023:16.0%", "911999B2:16.0%", "D315857C:16.0%"] t=1790098394244
EPOCH_START epoch=0 elections=0 t=1790098394244
EPOCH_COMMITTEE derived_by=genesis members=6 accounts=33 n=340282366920938463463374607431768211455 digest=F86D81972D51B72B0B6EBD14698D9274FA62362921269BD5E595E4E716D4EE3A shares=["A353E45E:20.2%", "735FE217:16.0%", "633D9D61:16.0%", "65A90023:16.0%", "911999B2:16.0%", "D315857C:16.0%"] t=1790098394244
EPOCH_START epoch=0 elections=0 t=1790098394244
EPOCH_COMMITTEE derived_by=genesis members=6 accounts=33 n=340282366920938463463374607431768211455 digest=F86D81972D51B72B0B6EBD14698D9274FA62362921269BD5E595E4E716D4EE3A shares=["A353E45E:20.2%", "735FE217:16.0%", "633D9D61:16.0%", "65A90023:16.0%", "911999B2:16.0%", "D315857C:16.0%"] t=1790098394245
EPOCH_START epoch=0 elections=0 t=1790098394245
EPOCH_COMMITTEE derived_by=genesis members=6 accounts=33 n=340282366920938463463374607431768211455 digest=F86D81972D51B72B0B6EBD14698D9274FA62362921269BD5E595E4E716D4EE3A shares=["A353E45E:20.2%", "735FE217:16.0%", "633D9D61:16.0%", "65A90023:16.0%", "911999B2:16.0%", "D315857C:16.0%"] t=1790098394245
EPOCH_START epoch=0 elections=0 t=1790098394245
EPOCH_COMMITTEE derived_by=genesis members=6 accounts=33 n=340282366920938463463374607431768211455 digest=F86D81972D51B72B0B6EBD14698D9274FA62362921269BD5E595E4E716D4EE3A shares=["A353E45E:20.2%", "735FE217:16.0%", "633D9D61:16.0%", "65A90023:16.0%", "911999B2:16.0%", "D315857C:16.0%"] t=1790098394245
EPOCH_START epoch=0 elections=0 t=1790098394245
EPOCH_COMMITTEE derived_by=genesis members=6 accounts=33 n=340282366920938463463374607431768211455 digest=F86D81972D51B72B0B6EBD14698D9274FA62362921269BD5E595E4E716D4EE3A shares=["A353E45E:20.2%", "735FE217:16.0%", "633D9D61:16.0%", "65A90023:16.0%", "911999B2:16.0%", "D315857C:16.0%"] t=1790098394246
EPOCH_START epoch=0 elections=0 t=1790098394246
[2m2026-09-22T17:33:14.246408Z[0m [32m INFO[0m [2mnanospam::app[0m[2m:[0m Started the epochs on every PR
[2m2026-09-22T17:33:14.246452Z[0m [32m INFO[0m [2mnanospam::app[0m[2m:[0m Connecting to node PR0... [3mpeer_addr[0m[2m=[0m[::1]:17075
[2m2026-09-22T17:33:14.246902Z[0m [32m INFO[0m [2mnanospam::app[0m[2m:[0m Performing handshake...
[2m2026-09-22T17:33:14.247584Z[0m [32m INFO[0m [2mnanospam::app[0m[2m:[0m Performing handshake...
[2m2026-09-22T17:33:14.258518Z[0m [32m INFO[0m [2mnanospam::app[0m[2m:[0m Performing handshake...
[2m2026-09-22T17:33:14.270527Z[0m [32m INFO[0m [2mnanospam::app[0m[2m:[0m Performing handshake...
[2m2026-09-22T17:33:14.282168Z[0m [32m INFO[0m [2mnanospam::app[0m[2m:[0m Connecting to node PR1... [3mpeer_addr[0m[2m=[0m[::1]:17085
[2m2026-09-22T17:33:14.282461Z[0m [32m INFO[0m [2mnanospam::app[0m[2m:[0m Performing handshake...
[2m2026-09-22T17:33:14.283103Z[0m [32m INFO[0m [2mnanospam::app[0m[2m:[0m Performing handshake...
[2m2026-09-22T17:33:14.293931Z[0m [32m INFO[0m [2mnanospam::app[0m[2m:[0m Performing handshake...
[2m2026-09-22T17:33:14.306099Z[0m [32m INFO[0m [2mnanospam::app[0m[2m:[0m Performing handshake...
[2m2026-09-22T17:33:14.317282Z[0m [32m INFO[0m [2mnanospam::app[0m[2m:[0m Connecting to node PR2... [3mpeer_addr[0m[2m=[0m[::1]:17095
[2m2026-09-22T17:33:14.317612Z[0m [32m INFO[0m [2mnanospam::app[0m[2m:[0m Performing handshake...
[2m2026-09-22T17:33:14.318519Z[0m [32m INFO[0m [2mnanospam::app[0m[2m:[0m Performing handshake...
[2m2026-09-22T17:33:14.329800Z[0m [32m INFO[0m [2mnanospam::app[0m[2m:[0m Performing handshake...
[2m2026-09-22T17:33:14.341197Z[0m [32m INFO[0m [2mnanospam::app[0m[2m:[0m Performing handshake...
[2m2026-09-22T17:33:14.353199Z[0m [32m INFO[0m [2mnanospam::app[0m[2m:[0m Connecting to node PR3... [3mpeer_addr[0m[2m=[0m[::1]:17105
[2m2026-09-22T17:33:14.353464Z[0m [32m INFO[0m [2mnanospam::app[0m[2m:[0m Performing handshake...
[2m2026-09-22T17:33:14.354035Z[0m [32m INFO[0m [2mnanospam::app[0m[2m:[0m Performing handshake...
[2m2026-09-22T17:33:14.366175Z[0m [32m INFO[0m [2mnanospam::app[0m[2m:[0m Performing handshake...
[2m2026-09-22T17:33:14.377537Z[0m [32m INFO[0m [2mnanospam::app[0m[2m:[0m Performing handshake...
[2m2026-09-22T17:33:14.388170Z[0m [32m INFO[0m [2mnanospam::app[0m[2m:[0m Connecting to node PR4... [3mpeer_addr[0m[2m=[0m[::1]:17115
[2m2026-09-22T17:33:14.388389Z[0m [32m INFO[0m [2mnanospam::app[0m[2m:[0m Performing handshake...
[2m2026-09-22T17:33:14.388835Z[0m [32m INFO[0m [2mnanospam::app[0m[2m:[0m Performing handshake...
[2m2026-09-22T17:33:14.400715Z[0m [32m INFO[0m [2mnanospam::app[0m[2m:[0m Performing handshake...
[2m2026-09-22T17:33:14.412414Z[0m [32m INFO[0m [2mnanospam::app[0m[2m:[0m Performing handshake...
[2m2026-09-22T17:33:14.422948Z[0m [32m INFO[0m [2mnanospam::app[0m[2m:[0m Connecting to node PR5... [3mpeer_addr[0m[2m=[0m[::1]:17125
[2m2026-09-22T17:33:14.423138Z[0m [32m INFO[0m [2mnanospam::app[0m[2m:[0m Performing handshake...
[2m2026-09-22T17:33:14.423511Z[0m [32m INFO[0m [2mnanospam::app[0m[2m:[0m Performing handshake...
[2m2026-09-22T17:33:14.434865Z[0m [32m INFO[0m [2mnanospam::app[0m[2m:[0m Performing handshake...
[2m2026-09-22T17:33:14.446673Z[0m [32m INFO[0m [2mnanospam::app[0m[2m:[0m Performing handshake...
[2m2026-09-22T17:33:14.458154Z[0m [32m INFO[0m [2mnanospam::app[0m[2m:[0m Connecting to websocket...
[2m2026-09-22T17:33:14.458808Z[0m [32m INFO[0m [2mnanospam::app[0m[2m:[0m Starting with 2000 BPS
[2m2026-09-22T17:33:15.459481Z[0m [32m INFO[0m [2mnanospam::app[0m[2m:[0m Confirmed 1,097 blocks | 2,000 bps | 1,211 cps | avg conf time: 79 ms
[2m2026-09-22T17:33:16.460359Z[0m [32m INFO[0m [2mnanospam::app[0m[2m:[0m Confirmed 4,308 blocks | 2,000 bps | 3,208 cps | avg conf time: 195 ms
[2m2026-09-22T17:33:17.461473Z[0m [32m INFO[0m [2mnanospam::app[0m[2m:[0m Confirmed 6,556 blocks | 2,000 bps | 2,245 cps | avg conf time: 122 ms
[2m2026-09-22T17:33:18.462857Z[0m [32m INFO[0m [2mnanospam::app[0m[2m:[0m Confirmed 8,464 blocks | 2,000 bps | 1,905 cps | avg conf time: 100 ms
[2m2026-09-22T17:33:19.463357Z[0m [32m INFO[0m [2mnanospam::app[0m[2m:[0m Confirmed 10,472 blocks | 2,000 bps | 2,006 cps | avg conf time: 101 ms
[2m2026-09-22T17:33:20.464611Z[0m [32m INFO[0m [2mnanospam::app[0m[2m:[0m Confirmed 12,418 blocks | 2,000 bps | 1,943 cps | avg conf time: 98 ms
[2m2026-09-22T17:33:21.465507Z[0m [32m INFO[0m [2mnanospam::app[0m[2m:[0m Confirmed 14,363 blocks | 2,000 bps | 1,943 cps | avg conf time: 99 ms
EPOCH_ENDED epoch=0 elections=222 active=153 t=1790098402256
EPOCH_ENDED epoch=0 elections=222 active=153 t=1790098402256
EPOCH_ENDED epoch=0 elections=222 active=153 t=1790098402256
EPOCH_ENDED epoch=0 elections=222 active=153 t=1790098402256
EPOCH_ENDED epoch=0 elections=222 active=153 t=1790098402256
EPOCH_ENDED epoch=0 elections=222 active=153 t=1790098402256
EPOCH_DRAIN_WAIT epoch=0 unterminated=8 previous_closed=true first=["6038608690C7B991A96AA0A1B8AA36EC554F6A73EE88E4D9E74279446BEF6121:active:1:2", "F771D9D8687DAF37B29093AA6F1B0958F9195B24F7F06D432477FAC5E1563DDF:active:1:2", "7ACD81843BD3417A96DF83A5DB80E5ED5B2297EDBC80FC1AE21DB3DE992C8789:active:1:3"] t=1790098402290
[2m2026-09-22T17:33:22.466691Z[0m [32m INFO[0m [2mnanospam::app[0m[2m:[0m Confirmed 16,094 blocks | 2,000 bps | 1,728 cps | avg conf time: 98 ms
EPOCH_CLOSE_READY epoch=0 value=00F93B343F03E2EE005B3E683EF6D2606DA75177B68AEDAA43F757867828A08D t=1790098402688
EPOCH_CLOSE_ROUND epoch=0 round=0 leader=633D9D614858AB1710D5D8C3180E2A082DC97208BA8C26BA6C6D1A86C8E31CC0 leads=false t=1790098402688
EPOCH_ADVANCED epoch=1 elections=6 active=0 t=1790098402688
EPOCH_REPORT epoch=0 certified=16164 residual=0 root=2CA98F479D277FAD7EA224F4184FF0D97CD7ABF581FEB2248A77361ED843D1AD reports=1 t=1790098402712
EPOCH_CLOSE_READY epoch=0 value=00F93B343F03E2EE005B3E683EF6D2606DA75177B68AEDAA43F757867828A08D t=1790098402773
EPOCH_CLOSE_ROUND epoch=0 round=0 leader=633D9D614858AB1710D5D8C3180E2A082DC97208BA8C26BA6C6D1A86C8E31CC0 leads=true t=1790098402773
EPOCH_ADVANCED epoch=1 elections=0 active=0 t=1790098402773
EPOCH_CLOSE_READY epoch=0 value=00F93B343F03E2EE005B3E683EF6D2606DA75177B68AEDAA43F757867828A08D t=1790098402778
EPOCH_CLOSE_ROUND epoch=0 round=0 leader=633D9D614858AB1710D5D8C3180E2A082DC97208BA8C26BA6C6D1A86C8E31CC0 leads=false t=1790098402778
EPOCH_ADVANCED epoch=1 elections=0 active=0 t=1790098402778
EPOCH_RECONCILED epoch=0 reporter=D315857CE70C54DE713F6E82E5613BB3A1266C15E28AD2F4338C7BBEC456F532 complete=true entries=0 total=16164 t=1790098402790
EPOCH_REPORT epoch=0 certified=16164 residual=0 root=2CA98F479D277FAD7EA224F4184FF0D97CD7ABF581FEB2248A77361ED843D1AD reports=1 t=1790098402790
EPOCH_REPORT epoch=0 certified=16164 residual=0 root=2CA98F479D277FAD7EA224F4184FF0D97CD7ABF581FEB2248A77361ED843D1AD reports=1 t=1790098402805
EPOCH_RECONCILED epoch=0 reporter=D315857CE70C54DE713F6E82E5613BB3A1266C15E28AD2F4338C7BBEC456F532 complete=true entries=0 total=16164 t=1790098402810
EPOCH_RECONCILED epoch=0 reporter=633D9D614858AB1710D5D8C3180E2A082DC97208BA8C26BA6C6D1A86C8E31CC0 complete=true entries=0 total=16164 t=1790098402810
EPOCH_RECONCILED epoch=0 reporter=A353E45E6D0016CAEED0DFA4EC5B0640E2AA22A793F9F2375E77F1AB92977C04 complete=true entries=0 total=16164 t=1790098402870
EPOCH_RECONCILED epoch=0 reporter=633D9D614858AB1710D5D8C3180E2A082DC97208BA8C26BA6C6D1A86C8E31CC0 complete=true entries=0 total=16164 t=1790098402877
EPOCH_RECONCILED epoch=0 reporter=A353E45E6D0016CAEED0DFA4EC5B0640E2AA22A793F9F2375E77F1AB92977C04 complete=true entries=0 total=16164 t=1790098402878
EPOCH_CLOSE_READY epoch=0 value=00F93B343F03E2EE005B3E683EF6D2606DA75177B68AEDAA43F757867828A08D t=1790098402900
EPOCH_CLOSE_ROUND epoch=0 round=0 leader=633D9D614858AB1710D5D8C3180E2A082DC97208BA8C26BA6C6D1A86C8E31CC0 leads=false t=1790098402900
EPOCH_ADVANCED epoch=1 elections=0 active=0 t=1790098402900
EPOCH_RECONCILED epoch=0 reporter=D315857CE70C54DE713F6E82E5613BB3A1266C15E28AD2F4338C7BBEC456F532 complete=true entries=0 total=16164 t=1790098402908
EPOCH_RECONCILED epoch=0 reporter=633D9D614858AB1710D5D8C3180E2A082DC97208BA8C26BA6C6D1A86C8E31CC0 complete=true entries=0 total=16164 t=1790098402909
EPOCH_RECONCILED epoch=0 reporter=A353E45E6D0016CAEED0DFA4EC5B0640E2AA22A793F9F2375E77F1AB92977C04 complete=true entries=0 total=16164 t=1790098402909
EPOCH_REPORT epoch=0 certified=16164 residual=0 root=2CA98F479D277FAD7EA224F4184FF0D97CD7ABF581FEB2248A77361ED843D1AD reports=1 t=1790098402927
EPOCH_CLOSE_READY epoch=0 value=00F93B343F03E2EE005B3E683EF6D2606DA75177B68AEDAA43F757867828A08D t=1790098402957
EPOCH_CLOSE_ROUND epoch=0 round=0 leader=633D9D614858AB1710D5D8C3180E2A082DC97208BA8C26BA6C6D1A86C8E31CC0 leads=false t=1790098402957
EPOCH_ADVANCED epoch=1 elections=0 active=0 t=1790098402957
EPOCH_RECONCILED epoch=0 reporter=A353E45E6D0016CAEED0DFA4EC5B0640E2AA22A793F9F2375E77F1AB92977C04 complete=true entries=0 total=16164 t=1790098402968
EPOCH_RECONCILED epoch=0 reporter=633D9D614858AB1710D5D8C3180E2A082DC97208BA8C26BA6C6D1A86C8E31CC0 complete=true entries=0 total=16164 t=1790098402968
EPOCH_RECONCILED epoch=0 reporter=735FE217D91E88EA82324C5883296385FA0041C2FAC85C827BAA46DA1E14B83F complete=true entries=0 total=16164 t=1790098402968
EPOCH_RECONCILED epoch=0 reporter=D315857CE70C54DE713F6E82E5613BB3A1266C15E28AD2F4338C7BBEC456F532 complete=true entries=0 total=16164 t=1790098402969
EPOCH_CLOSE_READY epoch=0 value=00F93B343F03E2EE005B3E683EF6D2606DA75177B68AEDAA43F757867828A08D t=1790098402983
EPOCH_CLOSE_ROUND epoch=0 round=0 leader=633D9D614858AB1710D5D8C3180E2A082DC97208BA8C26BA6C6D1A86C8E31CC0 leads=false t=1790098402983
EPOCH_ADVANCED epoch=1 elections=0 active=0 t=1790098402983
EPOCH_REPORT epoch=0 certified=16164 residual=0 root=2CA98F479D277FAD7EA224F4184FF0D97CD7ABF581FEB2248A77361ED843D1AD reports=1 t=1790098402990
EPOCH_RECONCILED epoch=0 reporter=633D9D614858AB1710D5D8C3180E2A082DC97208BA8C26BA6C6D1A86C8E31CC0 complete=true entries=0 total=16164 t=1790098402993
EPOCH_RECONCILED epoch=0 reporter=735FE217D91E88EA82324C5883296385FA0041C2FAC85C827BAA46DA1E14B83F complete=true entries=0 total=16164 t=1790098402994
EPOCH_RECONCILED epoch=0 reporter=A353E45E6D0016CAEED0DFA4EC5B0640E2AA22A793F9F2375E77F1AB92977C04 complete=true entries=0 total=16164 t=1790098402994
EPOCH_RECONCILED epoch=0 reporter=D315857CE70C54DE713F6E82E5613BB3A1266C15E28AD2F4338C7BBEC456F532 complete=true entries=0 total=16164 t=1790098402994
EPOCH_RECONCILED epoch=0 reporter=A353E45E6D0016CAEED0DFA4EC5B0640E2AA22A793F9F2375E77F1AB92977C04 complete=true entries=0 total=16164 t=1790098403005
EPOCH_RECONCILED epoch=0 reporter=633D9D614858AB1710D5D8C3180E2A082DC97208BA8C26BA6C6D1A86C8E31CC0 complete=true entries=0 total=16164 t=1790098403005
EPOCH_RECONCILED epoch=0 reporter=735FE217D91E88EA82324C5883296385FA0041C2FAC85C827BAA46DA1E14B83F complete=true entries=0 total=16164 t=1790098403006
EPOCH_RECONCILED epoch=0 reporter=D315857CE70C54DE713F6E82E5613BB3A1266C15E28AD2F4338C7BBEC456F532 complete=true entries=0 total=16164 t=1790098403006
EPOCH_REPORT epoch=0 certified=16164 residual=0 root=2CA98F479D277FAD7EA224F4184FF0D97CD7ABF581FEB2248A77361ED843D1AD reports=1 t=1790098403018
EPOCH_CLOSE_ROUND epoch=0 round=1 leader=65A90023F6C0D2181AAA63F005D81BBC0C04650505E21D5123F9AE1F9E992BFF leads=false t=1790098403214
EPOCH_RECONCILED epoch=0 reporter=65A90023F6C0D2181AAA63F005D81BBC0C04650505E21D5123F9AE1F9E992BFF complete=true entries=0 total=16164 t=1790098403229
EPOCH_RECONCILED epoch=0 reporter=735FE217D91E88EA82324C5883296385FA0041C2FAC85C827BAA46DA1E14B83F complete=true entries=0 total=16164 t=1790098403245
EPOCH_RECONCILED epoch=0 reporter=911999B2AEFA7ACC66EBD802B3301FF6CE431405107749D940277955CB7FDD07 complete=true entries=0 total=16164 t=1790098403249
EPOCH_RECONCILED epoch=0 reporter=911999B2AEFA7ACC66EBD802B3301FF6CE431405107749D940277955CB7FDD07 complete=true entries=0 total=16164 t=1790098403252
EPOCH_CLOSED epoch=0 round=0 value=00F93B343F03E2EE005B3E683EF6D2606DA75177B68AEDAA43F757867828A08D own=true t=1790098403256
EPOCH_CLOSED epoch=0 round=0 value=00F93B343F03E2EE005B3E683EF6D2606DA75177B68AEDAA43F757867828A08D own=true t=1790098403256
EPOCH_CLOSED epoch=0 round=0 value=00F93B343F03E2EE005B3E683EF6D2606DA75177B68AEDAA43F757867828A08D own=true t=1790098403256
EPOCH_CLOSED epoch=0 round=0 value=00F93B343F03E2EE005B3E683EF6D2606DA75177B68AEDAA43F757867828A08D own=true t=1790098403256
EPOCH_CLOSED epoch=0 round=0 value=00F93B343F03E2EE005B3E683EF6D2606DA75177B68AEDAA43F757867828A08D own=true t=1790098403257
EPOCH_RECONCILED epoch=0 reporter=911999B2AEFA7ACC66EBD802B3301FF6CE431405107749D940277955CB7FDD07 complete=true entries=0 total=16164 t=1790098403260
EPOCH_RECONCILED epoch=0 reporter=65A90023F6C0D2181AAA63F005D81BBC0C04650505E21D5123F9AE1F9E992BFF complete=true entries=0 total=16164 t=1790098403261
EPOCH_RECONCILED epoch=0 reporter=65A90023F6C0D2181AAA63F005D81BBC0C04650505E21D5123F9AE1F9E992BFF complete=true entries=0 total=16164 t=1790098403261
EPOCH_RECONCILED epoch=0 reporter=735FE217D91E88EA82324C5883296385FA0041C2FAC85C827BAA46DA1E14B83F complete=true entries=0 total=16164 t=1790098403263
EPOCH_COMMITTEE derived_by=0 members=6 accounts=7346 n=339643278635111647619412402016131752625 digest=5DB30FC4269EAA263E6ECA34427DB13E9BDB234508D959023C2C07757D5EFB1D shares=["911999B2:17.1%", "633D9D61:17.0%", "735FE217:16.9%", "A353E45E:16.8%", "D315857C:16.8%", "65A90023:15.5%"] t=1790098403263
EPOCH_AGREED epoch=0 value=00F93B343F03E2EE005B3E683EF6D2606DA75177B68AEDAA43F757867828A08D t=1790098403263
EPOCH_COMMITTEE derived_by=0 members=6 accounts=7346 n=339643278635111647619412402016131752625 digest=5DB30FC4269EAA263E6ECA34427DB13E9BDB234508D959023C2C07757D5EFB1D shares=["911999B2:17.1%", "633D9D61:17.0%", "735FE217:16.9%", "A353E45E:16.8%", "D315857C:16.8%", "65A90023:15.5%"] t=1790098403263
EPOCH_AGREED epoch=0 value=00F93B343F03E2EE005B3E683EF6D2606DA75177B68AEDAA43F757867828A08D t=1790098403263
EPOCH_COMMITTEE derived_by=0 members=6 accounts=7346 n=339643278635111647619412402016131752625 digest=5DB30FC4269EAA263E6ECA34427DB13E9BDB234508D959023C2C07757D5EFB1D shares=["911999B2:17.1%", "633D9D61:17.0%", "735FE217:16.9%", "A353E45E:16.8%", "D315857C:16.8%", "65A90023:15.5%"] t=1790098403264
EPOCH_AGREED epoch=0 value=00F93B343F03E2EE005B3E683EF6D2606DA75177B68AEDAA43F757867828A08D t=1790098403264
EPOCH_COMMITTEE derived_by=0 members=6 accounts=7346 n=339643278635111647619412402016131752625 digest=5DB30FC4269EAA263E6ECA34427DB13E9BDB234508D959023C2C07757D5EFB1D shares=["911999B2:17.1%", "633D9D61:17.0%", "735FE217:16.9%", "A353E45E:16.8%", "D315857C:16.8%", "65A90023:15.5%"] t=1790098403265
EPOCH_AGREED epoch=0 value=00F93B343F03E2EE005B3E683EF6D2606DA75177B68AEDAA43F757867828A08D t=1790098403265
EPOCH_COMMITTEE derived_by=0 members=6 accounts=7346 n=339643278635111647619412402016131752625 digest=5DB30FC4269EAA263E6ECA34427DB13E9BDB234508D959023C2C07757D5EFB1D shares=["911999B2:17.1%", "633D9D61:17.0%", "735FE217:16.9%", "A353E45E:16.8%", "D315857C:16.8%", "65A90023:15.5%"] t=1790098403265
EPOCH_AGREED epoch=0 value=00F93B343F03E2EE005B3E683EF6D2606DA75177B68AEDAA43F757867828A08D t=1790098403265
EPOCH_RECONCILED epoch=0 reporter=911999B2AEFA7ACC66EBD802B3301FF6CE431405107749D940277955CB7FDD07 complete=true entries=0 total=16164 t=1790098403272
EPOCH_RECONCILED epoch=0 reporter=65A90023F6C0D2181AAA63F005D81BBC0C04650505E21D5123F9AE1F9E992BFF complete=true entries=0 total=16164 t=1790098403272
EPOCH_CLOSED epoch=0 round=0 value=00F93B343F03E2EE005B3E683EF6D2606DA75177B68AEDAA43F757867828A08D own=true t=1790098403273
EPOCH_RECONCILED epoch=0 reporter=735FE217D91E88EA82324C5883296385FA0041C2FAC85C827BAA46DA1E14B83F complete=true entries=0 total=16164 t=1790098403273
EPOCH_COMMITTEE derived_by=0 members=6 accounts=7346 n=339643278635111647619412402016131752625 digest=5DB30FC4269EAA263E6ECA34427DB13E9BDB234508D959023C2C07757D5EFB1D shares=["911999B2:17.1%", "633D9D61:17.0%", "735FE217:16.9%", "A353E45E:16.8%", "D315857C:16.8%", "65A90023:15.5%"] t=1790098403278
EPOCH_AGREED epoch=0 value=00F93B343F03E2EE005B3E683EF6D2606DA75177B68AEDAA43F757867828A08D t=1790098403278
[2m2026-09-22T17:33:23.467219Z[0m [32m INFO[0m [2mnanospam::app[0m[2m:[0m Confirmed 18,104 blocks | 2,000 bps | 2,008 cps | avg conf time: 371 ms
[2m2026-09-22T17:33:24.468364Z[0m [32m INFO[0m [2mnanospam::app[0m[2m:[0m Confirmed 20,102 blocks | 2,000 bps | 1,995 cps | avg conf time: 101 ms
[2m2026-09-22T17:33:25.469563Z[0m [32m INFO[0m [2mnanospam::app[0m[2m:[0m Confirmed 22,038 blocks | 2,000 bps | 1,933 cps | avg conf time: 101 ms
[2m2026-09-22T17:33:26.470160Z[0m [32m INFO[0m [2mnanospam::app[0m[2m:[0m Confirmed 24,019 blocks | 2,000 bps | 1,979 cps | avg conf time: 103 ms
[2m2026-09-22T17:33:27.471312Z[0m [32m INFO[0m [2mnanospam::app[0m[2m:[0m Confirmed 25,887 blocks | 2,000 bps | 1,865 cps | avg conf time: 101 ms
[2m2026-09-22T17:33:28.472103Z[0m [32m INFO[0m [2mnanospam::app[0m[2m:[0m Confirmed 27,830 blocks | 2,000 bps | 1,941 cps | avg conf time: 98 ms
[2m2026-09-22T17:33:29.473125Z[0m [32m INFO[0m [2mnanospam::app[0m[2m:[0m Confirmed 29,810 blocks | 2,000 bps | 1,977 cps | avg conf time: 101 ms
EPOCH_ENDED epoch=1 elections=143 active=103 t=1790098410251
EPOCH_ENDED epoch=1 elections=161 active=121 t=1790098410251
EPOCH_ENDED epoch=1 elections=166 active=126 t=1790098410251
EPOCH_ENDED epoch=1 elections=166 active=126 t=1790098410251
EPOCH_ENDED epoch=1 elections=167 active=127 t=1790098410251
EPOCH_ENDED epoch=1 elections=142 active=102 t=1790098410251
EPOCH_DRAIN_WAIT epoch=1 unterminated=35 previous_closed=true first=["4C22E466DCC494A5048E63FF67482B6373A878D29110D1702E36412962FC0358:active:1:1", "5198B9E98FA55A9C43DF91D8AB728C01FE9F0037D925E634A16960369D4A37E4:active:1:0", "475D1416B5A39A34A6A0D85D54C72BA86CBD05659A0A3895C3AD015D2C68A985:active:1:1"] t=1790098410264
EPOCH_DRAIN_WAIT epoch=1 unterminated=59 previous_closed=true first=["4C22E466DCC494A5048E63FF67482B6373A878D29110D1702E36412962FC0358:active:1:2", "5198B9E98FA55A9C43DF91D8AB728C01FE9F0037D925E634A16960369D4A37E4:active:1:1", "CEA1270C2A70F0E9850631D3DE2162001BFF1FB26CBA3D570EB3284898A27000:active:1:1"] t=1790098410294
EPOCH_DRAIN_WAIT epoch=1 unterminated=1 previous_closed=true first=["D4A2A344EF3DFCD21E7893D179FE2A42BAE0E4EC160289A24616FE6860EFADAA:active:1:4"] t=1790098410430
[2m2026-09-22T17:33:30.474271Z[0m [32m INFO[0m [2mnanospam::app[0m[2m:[0m Confirmed 31,475 blocks | 2,000 bps | 1,663 cps | avg conf time: 99 ms
EPOCH_CLOSE_READY epoch=1 value=D183409BBD8D5E124965E2D267CA5708D859F8D2AB8E1BFFC26D74F129F77FE4 t=1790098410681
EPOCH_CLOSE_ROUND epoch=1 round=0 leader=65A90023F6C0D2181AAA63F005D81BBC0C04650505E21D5123F9AE1F9E992BFF leads=false t=1790098410681
EPOCH_ADVANCED epoch=2 elections=24 active=0 t=1790098410681
EPOCH_REPORT epoch=1 certified=15380 residual=18 root=AD793973520860079E61A423ABD0FC3AB19277F3A79AC900E22E4A1AFCDEB19F reports=1 t=1790098410699
EPOCH_CLOSE_READY epoch=1 value=D183409BBD8D5E124965E2D267CA5708D859F8D2AB8E1BFFC26D74F129F77FE4 t=1790098410767
EPOCH_CLOSE_ROUND epoch=1 round=0 leader=65A90023F6C0D2181AAA63F005D81BBC0C04650505E21D5123F9AE1F9E992BFF leads=false t=1790098410767
EPOCH_ADVANCED epoch=2 elections=6 active=0 t=1790098410767
EPOCH_REPORT epoch=1 certified=15380 residual=1 root=C4BD39BCA6776AF11D798000B777B73B11134F2B19EEDB404A4ED8DAB9A4118E reports=1 t=1790098410794
EPOCH_RECONCILED epoch=1 reporter=735FE217D91E88EA82324C5883296385FA0041C2FAC85C827BAA46DA1E14B83F complete=true entries=0 total=15380 t=1790098410835
EPOCH_CLOSE_READY epoch=1 value=D183409BBD8D5E124965E2D267CA5708D859F8D2AB8E1BFFC26D74F129F77FE4 t=1790098410894
EPOCH_CLOSE_ROUND epoch=1 round=0 leader=65A90023F6C0D2181AAA63F005D81BBC0C04650505E21D5123F9AE1F9E992BFF leads=true t=1790098410894
EPOCH_ADVANCED epoch=2 elections=6 active=0 t=1790098410894
EPOCH_RECONCILED epoch=1 reporter=735FE217D91E88EA82324C5883296385FA0041C2FAC85C827BAA46DA1E14B83F complete=true entries=0 total=15380 t=1790098410902
EPOCH_REPORT epoch=1 certified=15380 residual=0 root=C4BD39BCA6776AF11D798000B777B73B11134F2B19EEDB404A4ED8DAB9A4118E reports=1 t=1790098410916
EPOCH_CLOSE_READY epoch=1 value=D183409BBD8D5E124965E2D267CA5708D859F8D2AB8E1BFFC26D74F129F77FE4 t=1790098410920
EPOCH_CLOSE_ROUND epoch=1 round=0 leader=65A90023F6C0D2181AAA63F005D81BBC0C04650505E21D5123F9AE1F9E992BFF leads=false t=1790098410920
EPOCH_ADVANCED epoch=2 elections=6 active=0 t=1790098410920
EPOCH_RECONCILED epoch=1 reporter=65A90023F6C0D2181AAA63F005D81BBC0C04650505E21D5123F9AE1F9E992BFF complete=true entries=0 total=15380 t=1790098410929
EPOCH_RECONCILED epoch=1 reporter=735FE217D91E88EA82324C5883296385FA0041C2FAC85C827BAA46DA1E14B83F complete=true entries=0 total=15380 t=1790098410929
EPOCH_RECONCILED epoch=1 reporter=65A90023F6C0D2181AAA63F005D81BBC0C04650505E21D5123F9AE1F9E992BFF complete=true entries=0 total=15380 t=1790098410936
EPOCH_REPORT epoch=1 certified=15380 residual=0 root=C4BD39BCA6776AF11D798000B777B73B11134F2B19EEDB404A4ED8DAB9A4118E reports=1 t=1790098410943
EPOCH_RECONCILED epoch=1 reporter=D315857CE70C54DE713F6E82E5613BB3A1266C15E28AD2F4338C7BBEC456F532 complete=true entries=0 total=15380 t=1790098410954
EPOCH_CLOSE_READY epoch=1 value=D183409BBD8D5E124965E2D267CA5708D859F8D2AB8E1BFFC26D74F129F77FE4 t=1790098410968
EPOCH_CLOSE_ROUND epoch=1 round=0 leader=65A90023F6C0D2181AAA63F005D81BBC0C04650505E21D5123F9AE1F9E992BFF leads=false t=1790098410968
EPOCH_ADVANCED epoch=2 elections=6 active=0 t=1790098410968
EPOCH_RECONCILED epoch=1 reporter=735FE217D91E88EA82324C5883296385FA0041C2FAC85C827BAA46DA1E14B83F complete=true entries=0 total=15380 t=1790098410976
EPOCH_RECONCILED epoch=1 reporter=D315857CE70C54DE713F6E82E5613BB3A1266C15E28AD2F4338C7BBEC456F532 complete=true entries=0 total=15380 t=1790098410977
EPOCH_RECONCILED epoch=1 reporter=65A90023F6C0D2181AAA63F005D81BBC0C04650505E21D5123F9AE1F9E992BFF complete=true entries=0 total=15380 t=1790098410977
EPOCH_REPORT epoch=1 certified=15380 residual=0 root=C4BD39BCA6776AF11D798000B777B73B11134F2B19EEDB404A4ED8DAB9A4118E reports=1 t=1790098410987
EPOCH_RECONCILED epoch=1 reporter=911999B2AEFA7ACC66EBD802B3301FF6CE431405107749D940277955CB7FDD07 complete=true entries=0 total=15380 t=1790098411001
EPOCH_CLOSE_READY epoch=1 value=D183409BBD8D5E124965E2D267CA5708D859F8D2AB8E1BFFC26D74F129F77FE4 t=1790098411038
EPOCH_CLOSE_ROUND epoch=1 round=0 leader=65A90023F6C0D2181AAA63F005D81BBC0C04650505E21D5123F9AE1F9E992BFF leads=false t=1790098411038
EPOCH_ADVANCED epoch=2 elections=6 active=0 t=1790098411038
EPOCH_REPORT epoch=1 certified=15380 residual=0 root=C4BD39BCA6776AF11D798000B777B73B11134F2B19EEDB404A4ED8DAB9A4118E reports=1 t=1790098411137
EPOCH_RECONCILED epoch=1 reporter=D315857CE70C54DE713F6E82E5613BB3A1266C15E28AD2F4338C7BBEC456F532 complete=true entries=0 total=15380 t=1790098411157
EPOCH_RECONCILED epoch=1 reporter=735FE217D91E88EA82324C5883296385FA0041C2FAC85C827BAA46DA1E14B83F complete=true entries=0 total=15380 t=1790098411169
EPOCH_RECONCILED epoch=1 reporter=65A90023F6C0D2181AAA63F005D81BBC0C04650505E21D5123F9AE1F9E992BFF complete=true entries=0 total=15380 t=1790098411170
EPOCH_RECONCILED epoch=1 reporter=911999B2AEFA7ACC66EBD802B3301FF6CE431405107749D940277955CB7FDD07 complete=true entries=0 total=15380 t=1790098411171
EPOCH_RECONCILED epoch=1 reporter=65A90023F6C0D2181AAA63F005D81BBC0C04650505E21D5123F9AE1F9E992BFF complete=true entries=0 total=15380 t=1790098411239
EPOCH_CLOSE_ROUND epoch=1 round=1 leader=735FE217D91E88EA82324C5883296385FA0041C2FAC85C827BAA46DA1E14B83F leads=false t=1790098411239
EPOCH_RECONCILED epoch=1 reporter=911999B2AEFA7ACC66EBD802B3301FF6CE431405107749D940277955CB7FDD07 complete=true entries=0 total=15380 t=1790098411252
EPOCH_RECONCILED epoch=1 reporter=D315857CE70C54DE713F6E82E5613BB3A1266C15E28AD2F4338C7BBEC456F532 complete=true entries=0 total=15380 t=1790098411253
EPOCH_CLOSE_ROUND epoch=1 round=1 leader=735FE217D91E88EA82324C5883296385FA0041C2FAC85C827BAA46DA1E14B83F leads=false t=1790098411261
EPOCH_CLOSE_ROUND epoch=1 round=1 leader=735FE217D91E88EA82324C5883296385FA0041C2FAC85C827BAA46DA1E14B83F leads=false t=1790098411295
EPOCH_RECONCILED epoch=1 reporter=911999B2AEFA7ACC66EBD802B3301FF6CE431405107749D940277955CB7FDD07 complete=true entries=0 total=15380 t=1790098411301
EPOCH_RECONCILED epoch=1 reporter=A353E45E6D0016CAEED0DFA4EC5B0640E2AA22A793F9F2375E77F1AB92977C04 complete=true entries=0 total=15380 t=1790098411306
EPOCH_RECONCILED epoch=1 reporter=911999B2AEFA7ACC66EBD802B3301FF6CE431405107749D940277955CB7FDD07 complete=true entries=0 total=15380 t=1790098411335
EPOCH_RECONCILED epoch=1 reporter=D315857CE70C54DE713F6E82E5613BB3A1266C15E28AD2F4338C7BBEC456F532 complete=true entries=0 total=15380 t=1790098411336
EPOCH_RECONCILED epoch=1 reporter=A353E45E6D0016CAEED0DFA4EC5B0640E2AA22A793F9F2375E77F1AB92977C04 complete=true entries=0 total=15380 t=1790098411340
EPOCH_RECONCILED epoch=1 reporter=A353E45E6D0016CAEED0DFA4EC5B0640E2AA22A793F9F2375E77F1AB92977C04 complete=true entries=0 total=15380 t=1790098411346
EPOCH_CLOSE_ROUND epoch=1 round=1 leader=735FE217D91E88EA82324C5883296385FA0041C2FAC85C827BAA46DA1E14B83F leads=false t=1790098411352
EPOCH_RECONCILED epoch=1 reporter=65A90023F6C0D2181AAA63F005D81BBC0C04650505E21D5123F9AE1F9E992BFF complete=true entries=0 total=15380 t=1790098411360
EPOCH_RECONCILED epoch=1 reporter=D315857CE70C54DE713F6E82E5613BB3A1266C15E28AD2F4338C7BBEC456F532 complete=true entries=0 total=15380 t=1790098411362
EPOCH_RECONCILED epoch=1 reporter=A353E45E6D0016CAEED0DFA4EC5B0640E2AA22A793F9F2375E77F1AB92977C04 complete=true entries=0 total=15380 t=1790098411362
EPOCH_RECONCILED epoch=1 reporter=911999B2AEFA7ACC66EBD802B3301FF6CE431405107749D940277955CB7FDD07 complete=true entries=0 total=15380 t=1790098411368
EPOCH_RECONCILED epoch=1 reporter=A353E45E6D0016CAEED0DFA4EC5B0640E2AA22A793F9F2375E77F1AB92977C04 complete=true entries=0 total=15380 t=1790098411384
EPOCH_RECONCILED epoch=1 reporter=735FE217D91E88EA82324C5883296385FA0041C2FAC85C827BAA46DA1E14B83F complete=true entries=0 total=15380 t=1790098411384
EPOCH_CLOSE_ROUND epoch=1 round=1 leader=735FE217D91E88EA82324C5883296385FA0041C2FAC85C827BAA46DA1E14B83F leads=false t=1790098411402
EPOCH_CLOSED epoch=1 round=0 value=D183409BBD8D5E124965E2D267CA5708D859F8D2AB8E1BFFC26D74F129F77FE4 own=true t=1790098411415
EPOCH_CLOSED epoch=1 round=0 value=D183409BBD8D5E124965E2D267CA5708D859F8D2AB8E1BFFC26D74F129F77FE4 own=true t=1790098411415
EPOCH_CLOSED epoch=1 round=0 value=D183409BBD8D5E124965E2D267CA5708D859F8D2AB8E1BFFC26D74F129F77FE4 own=true t=1790098411415
EPOCH_CLOSED epoch=1 round=0 value=D183409BBD8D5E124965E2D267CA5708D859F8D2AB8E1BFFC26D74F129F77FE4 own=true t=1790098411416
EPOCH_CLOSED epoch=1 round=0 value=D183409BBD8D5E124965E2D267CA5708D859F8D2AB8E1BFFC26D74F129F77FE4 own=true t=1790098411416
EPOCH_COMMITTEE derived_by=1 members=6 accounts=13263 n=339737515986368880902928052774176707114 digest=796E7F15E56CB35FE078443AB406857BDB7C60BD4C12E93C0D22E595EAA0F078 shares=["D315857C:17.1%", "911999B2:17.1%", "633D9D61:17.0%", "A353E45E:16.7%", "735FE217:16.5%", "65A90023:15.5%"] t=1790098411421
EPOCH_AGREED epoch=1 value=D183409BBD8D5E124965E2D267CA5708D859F8D2AB8E1BFFC26D74F129F77FE4 t=1790098411421
EPOCH_COMMITTEE derived_by=1 members=6 accounts=13263 n=339737515986368880902928052774176707114 digest=796E7F15E56CB35FE078443AB406857BDB7C60BD4C12E93C0D22E595EAA0F078 shares=["D315857C:17.1%", "911999B2:17.1%", "633D9D61:17.0%", "A353E45E:16.7%", "735FE217:16.5%", "65A90023:15.5%"] t=1790098411421
EPOCH_AGREED epoch=1 value=D183409BBD8D5E124965E2D267CA5708D859F8D2AB8E1BFFC26D74F129F77FE4 t=1790098411421
EPOCH_COMMITTEE derived_by=1 members=6 accounts=13263 n=339737515986368880902928052774176707114 digest=796E7F15E56CB35FE078443AB406857BDB7C60BD4C12E93C0D22E595EAA0F078 shares=["D315857C:17.1%", "911999B2:17.1%", "633D9D61:17.0%", "A353E45E:16.7%", "735FE217:16.5%", "65A90023:15.5%"] t=1790098411422
EPOCH_COMMITTEE derived_by=1 members=6 accounts=13263 n=339737515986368880902928052774176707114 digest=796E7F15E56CB35FE078443AB406857BDB7C60BD4C12E93C0D22E595EAA0F078 shares=["D315857C:17.1%", "911999B2:17.1%", "633D9D61:17.0%", "A353E45E:16.7%", "735FE217:16.5%", "65A90023:15.5%"] t=1790098411422
EPOCH_AGREED epoch=1 value=D183409BBD8D5E124965E2D267CA5708D859F8D2AB8E1BFFC26D74F129F77FE4 t=1790098411422
EPOCH_AGREED epoch=1 value=D183409BBD8D5E124965E2D267CA5708D859F8D2AB8E1BFFC26D74F129F77FE4 t=1790098411422
EPOCH_COMMITTEE derived_by=1 members=6 accounts=13263 n=339737515986368880902928052774176707114 digest=796E7F15E56CB35FE078443AB406857BDB7C60BD4C12E93C0D22E595EAA0F078 shares=["D315857C:17.1%", "911999B2:17.1%", "633D9D61:17.0%", "A353E45E:16.7%", "735FE217:16.5%", "65A90023:15.5%"] t=1790098411424
EPOCH_AGREED epoch=1 value=D183409BBD8D5E124965E2D267CA5708D859F8D2AB8E1BFFC26D74F129F77FE4 t=1790098411424
[2m2026-09-22T17:33:31.474947Z[0m [32m INFO[0m [2mnanospam::app[0m[2m:[0m Confirmed 33,548 blocks | 2,000 bps | 2,071 cps | avg conf time: 426 ms
EPOCH_CLOSED epoch=1 round=0 value=D183409BBD8D5E124965E2D267CA5708D859F8D2AB8E1BFFC26D74F129F77FE4 own=true t=1790098411635
EPOCH_COMMITTEE derived_by=1 members=6 accounts=13263 n=339737515986368880902928052774176707114 digest=796E7F15E56CB35FE078443AB406857BDB7C60BD4C12E93C0D22E595EAA0F078 shares=["D315857C:17.1%", "911999B2:17.1%", "633D9D61:17.0%", "A353E45E:16.7%", "735FE217:16.5%", "65A90023:15.5%"] t=1790098411639
EPOCH_AGREED epoch=1 value=D183409BBD8D5E124965E2D267CA5708D859F8D2AB8E1BFFC26D74F129F77FE4 t=1790098411639
[2m2026-09-22T17:33:32.476282Z[0m [32m INFO[0m [2mnanospam::app[0m[2m:[0m Confirmed 35,547 blocks | 2,000 bps | 1,996 cps | avg conf time: 100 ms
[2m2026-09-22T17:33:33.477183Z[0m [32m INFO[0m [2mnanospam::app[0m[2m:[0m Confirmed 37,439 blocks | 2,000 bps | 1,890 cps | avg conf time: 102 ms
[2m2026-09-22T17:33:34.478157Z[0m [32m INFO[0m [2mnanospam::app[0m[2m:[0m Confirmed 39,432 blocks | 2,000 bps | 1,991 cps | avg conf time: 99 ms
[2m2026-09-22T17:33:35.479211Z[0m [32m INFO[0m [2mnanospam::app[0m[2m:[0m Confirmed 41,339 blocks | 2,000 bps | 1,904 cps | avg conf time: 101 ms
[2m2026-09-22T17:33:36.479854Z[0m [32m INFO[0m [2mnanospam::app[0m[2m:[0m Confirmed 43,249 blocks | 2,000 bps | 1,908 cps | avg conf time: 98 ms
[2m2026-09-22T17:33:37.482547Z[0m [32m INFO[0m [2mnanospam::app[0m[2m:[0m Confirmed 44,994 blocks | 2,000 bps | 1,740 cps | avg conf time: 98 ms
EPOCH_ENDED epoch=2 elections=6 active=0 t=1790098418270
EPOCH_ENDED epoch=2 elections=6 active=0 t=1790098418345
EPOCH_ENDED epoch=2 elections=6 active=0 t=1790098418369
EPOCH_ENDED epoch=2 elections=6 active=0 t=1790098418399
EPOCH_CLOSE_READY epoch=2 value=353D9F27A66B138D26E97B01C1AEF7A751746DA6C467794C855BDAE522463FB7 t=1790098418421
EPOCH_CLOSE_ROUND epoch=2 round=0 leader=735FE217D91E88EA82324C5883296385FA0041C2FAC85C827BAA46DA1E14B83F leads=false t=1790098418421
EPOCH_ADVANCED epoch=3 elections=6 active=0 t=1790098418421
EPOCH_REPORT epoch=2 certified=13519 residual=0 root=61621B95DA2A66C5CF0D33A46BEFB8A4F1466F44446CA00418C7E4F528C602BD reports=1 t=1790098418434
[2m2026-09-22T17:33:38.484052Z[0m [32m INFO[0m [2mnanospam::app[0m[2m:[0m Confirmed 44,994 blocks | 2,000 bps | 0 cps | avg conf time: 0 ms
EPOCH_CLOSE_READY epoch=2 value=353D9F27A66B138D26E97B01C1AEF7A751746DA6C467794C855BDAE522463FB7 t=1790098418491
EPOCH_CLOSE_ROUND epoch=2 round=0 leader=735FE217D91E88EA82324C5883296385FA0041C2FAC85C827BAA46DA1E14B83F leads=false t=1790098418491
EPOCH_ADVANCED epoch=3 elections=6 active=0 t=1790098418491
EPOCH_REPORT epoch=2 certified=13519 residual=0 root=61621B95DA2A66C5CF0D33A46BEFB8A4F1466F44446CA00418C7E4F528C602BD reports=1 t=1790098418503
EPOCH_ENDED epoch=2 elections=6 active=0 t=1790098418509
EPOCH_RECONCILED epoch=2 reporter=911999B2AEFA7ACC66EBD802B3301FF6CE431405107749D940277955CB7FDD07 complete=true entries=0 total=13519 t=1790098418510
EPOCH_CLOSE_READY epoch=2 value=353D9F27A66B138D26E97B01C1AEF7A751746DA6C467794C855BDAE522463FB7 t=1790098418515
EPOCH_CLOSE_ROUND epoch=2 round=0 leader=735FE217D91E88EA82324C5883296385FA0041C2FAC85C827BAA46DA1E14B83F leads=false t=1790098418515
EPOCH_ADVANCED epoch=3 elections=6 active=0 t=1790098418515
EPOCH_ENDED epoch=2 elections=6 active=0 t=1790098418522
EPOCH_REPORT epoch=2 certified=13519 residual=0 root=61621B95DA2A66C5CF0D33A46BEFB8A4F1466F44446CA00418C7E4F528C602BD reports=1 t=1790098418528
EPOCH_RECONCILED epoch=2 reporter=633D9D614858AB1710D5D8C3180E2A082DC97208BA8C26BA6C6D1A86C8E31CC0 complete=true entries=0 total=13519 t=1790098418535
EPOCH_RECONCILED epoch=2 reporter=911999B2AEFA7ACC66EBD802B3301FF6CE431405107749D940277955CB7FDD07 complete=true entries=0 total=13519 t=1790098418535
EPOCH_CLOSE_READY epoch=2 value=353D9F27A66B138D26E97B01C1AEF7A751746DA6C467794C855BDAE522463FB7 t=1790098418546
EPOCH_CLOSE_ROUND epoch=2 round=0 leader=735FE217D91E88EA82324C5883296385FA0041C2FAC85C827BAA46DA1E14B83F leads=true t=1790098418546
EPOCH_ADVANCED epoch=3 elections=6 active=0 t=1790098418546
EPOCH_REPORT epoch=2 certified=13519 residual=0 root=61621B95DA2A66C5CF0D33A46BEFB8A4F1466F44446CA00418C7E4F528C602BD reports=1 t=1790098418559
EPOCH_RECONCILED epoch=2 reporter=911999B2AEFA7ACC66EBD802B3301FF6CE431405107749D940277955CB7FDD07 complete=true entries=0 total=13519 t=1790098418565
EPOCH_RECONCILED epoch=2 reporter=633D9D614858AB1710D5D8C3180E2A082DC97208BA8C26BA6C6D1A86C8E31CC0 complete=true entries=0 total=13519 t=1790098418565
EPOCH_RECONCILED epoch=2 reporter=A353E45E6D0016CAEED0DFA4EC5B0640E2AA22A793F9F2375E77F1AB92977C04 complete=true entries=0 total=13519 t=1790098418565
EPOCH_RECONCILED epoch=2 reporter=A353E45E6D0016CAEED0DFA4EC5B0640E2AA22A793F9F2375E77F1AB92977C04 complete=true entries=0 total=13519 t=1790098418578
EPOCH_RECONCILED epoch=2 reporter=633D9D614858AB1710D5D8C3180E2A082DC97208BA8C26BA6C6D1A86C8E31CC0 complete=true entries=0 total=13519 t=1790098418578
EPOCH_RECONCILED epoch=2 reporter=735FE217D91E88EA82324C5883296385FA0041C2FAC85C827BAA46DA1E14B83F complete=true entries=0 total=13519 t=1790098418578
EPOCH_RECONCILED epoch=2 reporter=911999B2AEFA7ACC66EBD802B3301FF6CE431405107749D940277955CB7FDD07 complete=true entries=0 total=13519 t=1790098418579
EPOCH_CLOSE_ROUND epoch=2 round=1 leader=911999B2AEFA7ACC66EBD802B3301FF6CE431405107749D940277955CB7FDD07 leads=false t=1790098418647
EPOCH_CLOSE_READY epoch=2 value=353D9F27A66B138D26E97B01C1AEF7A751746DA6C467794C855BDAE522463FB7 t=1790098418650
EPOCH_CLOSE_ROUND epoch=2 round=0 leader=735FE217D91E88EA82324C5883296385FA0041C2FAC85C827BAA46DA1E14B83F leads=false t=1790098418650
EPOCH_ADVANCED epoch=3 elections=6 active=0 t=1790098418650
EPOCH_RECONCILED epoch=2 reporter=735FE217D91E88EA82324C5883296385FA0041C2FAC85C827BAA46DA1E14B83F complete=true entries=0 total=13519 t=1790098418654
EPOCH_RECONCILED epoch=2 reporter=633D9D614858AB1710D5D8C3180E2A082DC97208BA8C26BA6C6D1A86C8E31CC0 complete=true entries=0 total=13519 t=1790098418654
EPOCH_RECONCILED epoch=2 reporter=A353E45E6D0016CAEED0DFA4EC5B0640E2AA22A793F9F2375E77F1AB92977C04 complete=true entries=0 total=13519 t=1790098418654
EPOCH_REPORT epoch=2 certified=13519 residual=0 root=61621B95DA2A66C5CF0D33A46BEFB8A4F1466F44446CA00418C7E4F528C602BD reports=1 t=1790098418663
EPOCH_CLOSE_READY epoch=2 value=353D9F27A66B138D26E97B01C1AEF7A751746DA6C467794C855BDAE522463FB7 t=1790098418664
EPOCH_CLOSE_ROUND epoch=2 round=0 leader=735FE217D91E88EA82324C5883296385FA0041C2FAC85C827BAA46DA1E14B83F leads=false t=1790098418664
EPOCH_ADVANCED epoch=3 elections=6 active=0 t=1790098418664
EPOCH_CLOSED epoch=2 round=0 value=353D9F27A66B138D26E97B01C1AEF7A751746DA6C467794C855BDAE522463FB7 own=true t=1790098418669
EPOCH_RECONCILED epoch=2 reporter=735FE217D91E88EA82324C5883296385FA0041C2FAC85C827BAA46DA1E14B83F complete=true entries=0 total=13519 t=1790098418669
EPOCH_RECONCILED epoch=2 reporter=A353E45E6D0016CAEED0DFA4EC5B0640E2AA22A793F9F2375E77F1AB92977C04 complete=true entries=0 total=13519 t=1790098418669
EPOCH_RECONCILED epoch=2 reporter=911999B2AEFA7ACC66EBD802B3301FF6CE431405107749D940277955CB7FDD07 complete=true entries=0 total=13519 t=1790098418670
EPOCH_RECONCILED epoch=2 reporter=633D9D614858AB1710D5D8C3180E2A082DC97208BA8C26BA6C6D1A86C8E31CC0 complete=true entries=0 total=13519 t=1790098418670
EPOCH_CLOSED epoch=2 round=0 value=353D9F27A66B138D26E97B01C1AEF7A751746DA6C467794C855BDAE522463FB7 own=true t=1790098418672
EPOCH_CLOSED epoch=2 round=0 value=353D9F27A66B138D26E97B01C1AEF7A751746DA6C467794C855BDAE522463FB7 own=true t=1790098418672
EPOCH_CLOSED epoch=2 round=0 value=353D9F27A66B138D26E97B01C1AEF7A751746DA6C467794C855BDAE522463FB7 own=true t=1790098418673
EPOCH_CLOSED epoch=2 round=0 value=353D9F27A66B138D26E97B01C1AEF7A751746DA6C467794C855BDAE522463FB7 own=true t=1790098418673
EPOCH_COMMITTEE derived_by=2 members=6 accounts=17718 n=339056362199971545577437401746971824605 digest=F751C484EC39EAC568027189B469F896D8B805FB51B6E12DD0C56969A97BAD55 shares=["911999B2:17.2%", "633D9D61:16.8%", "735FE217:16.8%", "D315857C:16.7%", "A353E45E:16.7%", "65A90023:15.8%"] t=1790098418673
EPOCH_AGREED epoch=2 value=353D9F27A66B138D26E97B01C1AEF7A751746DA6C467794C855BDAE522463FB7 t=1790098418673
EPOCH_CLOSED epoch=2 round=0 value=353D9F27A66B138D26E97B01C1AEF7A751746DA6C467794C855BDAE522463FB7 own=true t=1790098418678
EPOCH_REPORT epoch=2 certified=13519 residual=0 root=61621B95DA2A66C5CF0D33A46BEFB8A4F1466F44446CA00418C7E4F528C602BD reports=1 t=1790098418678
EPOCH_COMMITTEE derived_by=2 members=6 accounts=17718 n=339056362199971545577437401746971824605 digest=F751C484EC39EAC568027189B469F896D8B805FB51B6E12DD0C56969A97BAD55 shares=["911999B2:17.2%", "633D9D61:16.8%", "735FE217:16.8%", "D315857C:16.7%", "A353E45E:16.7%", "65A90023:15.8%"] t=1790098418678
EPOCH_COMMITTEE derived_by=2 members=6 accounts=17718 n=339056362199971545577437401746971824605 digest=F751C484EC39EAC568027189B469F896D8B805FB51B6E12DD0C56969A97BAD55 shares=["911999B2:17.2%", "633D9D61:16.8%", "735FE217:16.8%", "D315857C:16.7%", "A353E45E:16.7%", "65A90023:15.8%"] t=1790098418678
EPOCH_AGREED epoch=2 value=353D9F27A66B138D26E97B01C1AEF7A751746DA6C467794C855BDAE522463FB7 t=1790098418678
EPOCH_AGREED epoch=2 value=353D9F27A66B138D26E97B01C1AEF7A751746DA6C467794C855BDAE522463FB7 t=1790098418678
EPOCH_COMMITTEE derived_by=2 members=6 accounts=17718 n=339056362199971545577437401746971824605 digest=F751C484EC39EAC568027189B469F896D8B805FB51B6E12DD0C56969A97BAD55 shares=["911999B2:17.2%", "633D9D61:16.8%", "735FE217:16.8%", "D315857C:16.7%", "A353E45E:16.7%", "65A90023:15.8%"] t=1790098418678
EPOCH_AGREED epoch=2 value=353D9F27A66B138D26E97B01C1AEF7A751746DA6C467794C855BDAE522463FB7 t=1790098418678
EPOCH_COMMITTEE derived_by=2 members=6 accounts=17718 n=339056362199971545577437401746971824605 digest=F751C484EC39EAC568027189B469F896D8B805FB51B6E12DD0C56969A97BAD55 shares=["911999B2:17.2%", "633D9D61:16.8%", "735FE217:16.8%", "D315857C:16.7%", "A353E45E:16.7%", "65A90023:15.8%"] t=1790098418681
EPOCH_AGREED epoch=2 value=353D9F27A66B138D26E97B01C1AEF7A751746DA6C467794C855BDAE522463FB7 t=1790098418681
EPOCH_COMMITTEE derived_by=2 members=6 accounts=17718 n=339056362199971545577437401746971824605 digest=F751C484EC39EAC568027189B469F896D8B805FB51B6E12DD0C56969A97BAD55 shares=["911999B2:17.2%", "633D9D61:16.8%", "735FE217:16.8%", "D315857C:16.7%", "A353E45E:16.7%", "65A90023:15.8%"] t=1790098418683
EPOCH_AGREED epoch=2 value=353D9F27A66B138D26E97B01C1AEF7A751746DA6C467794C855BDAE522463FB7 t=1790098418683
[2m2026-09-22T17:33:39.486330Z[0m [32m INFO[0m [2mnanospam::app[0m[2m:[0m Confirmed 44,994 blocks | 2,000 bps | 0 cps | avg conf time: 0 ms
[2m2026-09-22T17:33:40.487169Z[0m [32m INFO[0m [2mnanospam::app[0m[2m:[0m Confirmed 44,994 blocks | 2,000 bps | 0 cps | avg conf time: 0 ms
[2m2026-09-22T17:33:41.488791Z[0m [32m INFO[0m [2mnanospam::app[0m[2m:[0m Confirmed 44,994 blocks | 2,000 bps | 0 cps | avg conf time: 0 ms
[2m2026-09-22T17:33:42.491117Z[0m [32m INFO[0m [2mnanospam::app[0m[2m:[0m Confirmed 44,994 blocks | 2,000 bps | 0 cps | avg conf time: 0 ms
[2m2026-09-22T17:33:43.492534Z[0m [32m INFO[0m [2mnanospam::app[0m[2m:[0m Confirmed 44,994 blocks | 2,000 bps | 0 cps | avg conf time: 0 ms
[2m2026-09-22T17:33:44.495008Z[0m [32m INFO[0m [2mnanospam::app[0m[2m:[0m Confirmed 44,994 blocks | 2,000 bps | 0 cps | avg conf time: 0 ms
[2m2026-09-22T17:33:45.497488Z[0m [32m INFO[0m [2mnanospam::app[0m[2m:[0m Confirmed 44,994 blocks | 2,000 bps | 0 cps | avg conf time: 0 ms
[2m2026-09-22T17:33:46.498752Z[0m [32m INFO[0m [2mnanospam::app[0m[2m:[0m Confirmed 44,994 blocks | 2,000 bps | 0 cps | avg conf time: 0 ms
[2m2026-09-22T17:33:47.499815Z[0m [32m INFO[0m [2mnanospam::app[0m[2m:[0m Confirmed 44,994 blocks | 2,000 bps | 0 cps | avg conf time: 0 ms
[2m2026-09-22T17:33:48.502358Z[0m [32m INFO[0m [2mnanospam::app[0m[2m:[0m Confirmed 44,994 blocks | 2,000 bps | 0 cps | avg conf time: 0 ms
[2m2026-09-22T17:33:49.503869Z[0m [32m INFO[0m [2mnanospam::app[0m[2m:[0m Confirmed 44,994 blocks | 2,000 bps | 0 cps | avg conf time: 0 ms
[2m2026-09-22T17:33:50.506186Z[0m [32m INFO[0m [2mnanospam::app[0m[2m:[0m Confirmed 44,994 blocks | 2,000 bps | 0 cps | avg conf time: 0 ms
[2m2026-09-22T17:33:51.507275Z[0m [32m INFO[0m [2mnanospam::app[0m[2m:[0m Confirmed 44,994 blocks | 2,000 bps | 0 cps | avg conf time: 0 ms
[2m2026-09-22T17:33:52.509780Z[0m [32m INFO[0m [2mnanospam::app[0m[2m:[0m Confirmed 44,994 blocks | 2,000 bps | 0 cps | avg conf time: 0 ms
[2m2026-09-22T17:33:53.511904Z[0m [32m INFO[0m [2mnanospam::app[0m[2m:[0m Confirmed 44,994 blocks | 2,000 bps | 0 cps | avg conf time: 0 ms
[2m2026-09-22T17:33:54.513579Z[0m [32m INFO[0m [2mnanospam::app[0m[2m:[0m Confirmed 44,994 blocks | 2,000 bps | 0 cps | avg conf time: 0 ms
[2m2026-09-22T17:33:55.515454Z[0m [32m INFO[0m [2mnanospam::app[0m[2m:[0m Confirmed 44,994 blocks | 2,000 bps | 0 cps | avg conf time: 0 ms
cleanup done
