[2m2026-09-22T11:48:43.354823Z[0m [32m INFO[0m [2mnanospam::setup::account_map_factory[0m[2m:[0m Creating account keys file with 45000 keys: "/Users/ruimorais/NanoSpam/account_keys.txt"
[2m2026-09-22T11:48:44.077140Z[0m [32m INFO[0m [2mnanospam::setup::node_config_factory[0m[2m:[0m ********************************************************************************
[2m2026-09-22T11:48:44.077150Z[0m [32m INFO[0m [2mnanospam::setup::node_config_factory[0m[2m:[0m Setting up node PR0...
[2m2026-09-22T11:48:44.077155Z[0m [32m INFO[0m [2mnanospam::setup::node_config_factory[0m[2m:[0m Creating directory "/Users/ruimorais/NanoSpam/pr0"
[2m2026-09-22T11:48:44.077238Z[0m [32m INFO[0m [2mnanospam::setup::node_config_factory[0m[2m:[0m Creating node config file: "/Users/ruimorais/NanoSpam/pr0/config-node.toml"
[2m2026-09-22T11:48:44.077360Z[0m [32m INFO[0m [2mnanospam::setup::node_config_factory[0m[2m:[0m Creating rpc config file: "/Users/ruimorais/NanoSpam/pr0/config-rpc.toml"
[2m2026-09-22T11:48:44.077462Z[0m [32m INFO[0m [2mnanospam::setup::node_config_factory[0m[2m:[0m ********************************************************************************
[2m2026-09-22T11:48:44.077468Z[0m [32m INFO[0m [2mnanospam::setup::node_config_factory[0m[2m:[0m Setting up node PR1...
[2m2026-09-22T11:48:44.077478Z[0m [32m INFO[0m [2mnanospam::setup::node_config_factory[0m[2m:[0m Creating directory "/Users/ruimorais/NanoSpam/pr1"
[2m2026-09-22T11:48:44.077526Z[0m [32m INFO[0m [2mnanospam::setup::node_config_factory[0m[2m:[0m Creating node config file: "/Users/ruimorais/NanoSpam/pr1/config-node.toml"
[2m2026-09-22T11:48:44.077619Z[0m [32m INFO[0m [2mnanospam::setup::node_config_factory[0m[2m:[0m Creating rpc config file: "/Users/ruimorais/NanoSpam/pr1/config-rpc.toml"
[2m2026-09-22T11:48:44.077687Z[0m [32m INFO[0m [2mnanospam::setup::node_config_factory[0m[2m:[0m ********************************************************************************
[2m2026-09-22T11:48:44.077691Z[0m [32m INFO[0m [2mnanospam::setup::node_config_factory[0m[2m:[0m Setting up node PR2...
[2m2026-09-22T11:48:44.077696Z[0m [32m INFO[0m [2mnanospam::setup::node_config_factory[0m[2m:[0m Creating directory "/Users/ruimorais/NanoSpam/pr2"
[2m2026-09-22T11:48:44.077737Z[0m [32m INFO[0m [2mnanospam::setup::node_config_factory[0m[2m:[0m Creating node config file: "/Users/ruimorais/NanoSpam/pr2/config-node.toml"
[2m2026-09-22T11:48:44.077805Z[0m [32m INFO[0m [2mnanospam::setup::node_config_factory[0m[2m:[0m Creating rpc config file: "/Users/ruimorais/NanoSpam/pr2/config-rpc.toml"
[2m2026-09-22T11:48:44.077857Z[0m [32m INFO[0m [2mnanospam::setup::node_config_factory[0m[2m:[0m ********************************************************************************
[2m2026-09-22T11:48:44.077861Z[0m [32m INFO[0m [2mnanospam::setup::node_config_factory[0m[2m:[0m Setting up node PR3...
[2m2026-09-22T11:48:44.077865Z[0m [32m INFO[0m [2mnanospam::setup::node_config_factory[0m[2m:[0m Creating directory "/Users/ruimorais/NanoSpam/pr3"
[2m2026-09-22T11:48:44.077900Z[0m [32m INFO[0m [2mnanospam::setup::node_config_factory[0m[2m:[0m Creating node config file: "/Users/ruimorais/NanoSpam/pr3/config-node.toml"
[2m2026-09-22T11:48:44.077961Z[0m [32m INFO[0m [2mnanospam::setup::node_config_factory[0m[2m:[0m Creating rpc config file: "/Users/ruimorais/NanoSpam/pr3/config-rpc.toml"
[2m2026-09-22T11:48:44.078019Z[0m [32m INFO[0m [2mnanospam::setup::node_config_factory[0m[2m:[0m ********************************************************************************
[2m2026-09-22T11:48:44.078025Z[0m [32m INFO[0m [2mnanospam::setup::node_config_factory[0m[2m:[0m Setting up node PR4...
[2m2026-09-22T11:48:44.078028Z[0m [32m INFO[0m [2mnanospam::setup::node_config_factory[0m[2m:[0m Creating directory "/Users/ruimorais/NanoSpam/pr4"
[2m2026-09-22T11:48:44.078067Z[0m [32m INFO[0m [2mnanospam::setup::node_config_factory[0m[2m:[0m Creating node config file: "/Users/ruimorais/NanoSpam/pr4/config-node.toml"
[2m2026-09-22T11:48:44.078156Z[0m [32m INFO[0m [2mnanospam::setup::node_config_factory[0m[2m:[0m Creating rpc config file: "/Users/ruimorais/NanoSpam/pr4/config-rpc.toml"
[2m2026-09-22T11:48:44.078252Z[0m [32m INFO[0m [2mnanospam::setup::node_launcher[0m[2m:[0m Starting node: NANO_TEST_GENESIS_BLOCK="{\n    \"type\": \"open\",\n    \"account\": \"nano_3nroioygg54nusrmyun4woimqex36sp3drnctdt5955uqu47fxbkrxk7n7ne\",\n    \"source\": \"D315857CE70C54DE713F6E82E5613BB3A1266C15E28AD2F4338C7BBEC456F532\",\n    \"representative\": \"nano_3nroioygg54nusrmyun4woimqex36sp3drnctdt5955uqu47fxbkrxk7n7ne\",\n    \"signature\": \"3F6792C2DC623DF2E8643777160AB983B66B337E2478E13D2C3448126A8F4CD8DCCD19803C158A057FA44060AE0EFC09B1C311CB4FBF42F8D240610B38F56E08\",\n    \"work\": \"70FEF01F7EC45DEC\"\n    }" NANO_TEST_GENESIS_PRV ="49643F9B10CA1AA34F9AF8ED4AABD29F436104CCC375974B108534A48EAE3FE1" "rsnano" "--network" "test" "--data-path" "/Users/ruimorais/NanoSpam/pr0" "node" "run"
[2m2026-09-22T11:48:44.078749Z[0m [32m INFO[0m [2mnanospam::setup::node_launcher[0m[2m:[0m Waiting for RPC...
[2m2026-09-22T11:48:44.181246Z[0m [32m INFO[0m [2mnanospam::setup::node_launcher[0m[2m:[0m Starting node: NANO_TEST_GENESIS_BLOCK="{\n    \"type\": \"open\",\n    \"account\": \"nano_3nroioygg54nusrmyun4woimqex36sp3drnctdt5955uqu47fxbkrxk7n7ne\",\n    \"source\": \"D315857CE70C54DE713F6E82E5613BB3A1266C15E28AD2F4338C7BBEC456F532\",\n    \"representative\": \"nano_3nroioygg54nusrmyun4woimqex36sp3drnctdt5955uqu47fxbkrxk7n7ne\",\n    \"signature\": \"3F6792C2DC623DF2E8643777160AB983B66B337E2478E13D2C3448126A8F4CD8DCCD19803C158A057FA44060AE0EFC09B1C311CB4FBF42F8D240610B38F56E08\",\n    \"work\": \"70FEF01F7EC45DEC\"\n    }" NANO_TEST_GENESIS_PRV ="49643F9B10CA1AA34F9AF8ED4AABD29F436104CCC375974B108534A48EAE3FE1" "rsnano" "--network" "test" "--data-path" "/Users/ruimorais/NanoSpam/pr1" "node" "run"
[2m2026-09-22T11:48:44.181646Z[0m [32m INFO[0m [2mnanospam::setup::node_launcher[0m[2m:[0m Waiting for RPC...
[2m2026-09-22T11:48:44.284813Z[0m [32m INFO[0m [2mnanospam::setup::node_launcher[0m[2m:[0m Starting node: NANO_TEST_GENESIS_BLOCK="{\n    \"type\": \"open\",\n    \"account\": \"nano_3nroioygg54nusrmyun4woimqex36sp3drnctdt5955uqu47fxbkrxk7n7ne\",\n    \"source\": \"D315857CE70C54DE713F6E82E5613BB3A1266C15E28AD2F4338C7BBEC456F532\",\n    \"representative\": \"nano_3nroioygg54nusrmyun4woimqex36sp3drnctdt5955uqu47fxbkrxk7n7ne\",\n    \"signature\": \"3F6792C2DC623DF2E8643777160AB983B66B337E2478E13D2C3448126A8F4CD8DCCD19803C158A057FA44060AE0EFC09B1C311CB4FBF42F8D240610B38F56E08\",\n    \"work\": \"70FEF01F7EC45DEC\"\n    }" NANO_TEST_GENESIS_PRV ="49643F9B10CA1AA34F9AF8ED4AABD29F436104CCC375974B108534A48EAE3FE1" "rsnano" "--network" "test" "--data-path" "/Users/ruimorais/NanoSpam/pr2" "node" "run"
[2m2026-09-22T11:48:44.285136Z[0m [32m INFO[0m [2mnanospam::setup::node_launcher[0m[2m:[0m Waiting for RPC...
[2m2026-09-22T11:48:44.387863Z[0m [32m INFO[0m [2mnanospam::setup::node_launcher[0m[2m:[0m Starting node: NANO_TEST_GENESIS_BLOCK="{\n    \"type\": \"open\",\n    \"account\": \"nano_3nroioygg54nusrmyun4woimqex36sp3drnctdt5955uqu47fxbkrxk7n7ne\",\n    \"source\": \"D315857CE70C54DE713F6E82E5613BB3A1266C15E28AD2F4338C7BBEC456F532\",\n    \"representative\": \"nano_3nroioygg54nusrmyun4woimqex36sp3drnctdt5955uqu47fxbkrxk7n7ne\",\n    \"signature\": \"3F6792C2DC623DF2E8643777160AB983B66B337E2478E13D2C3448126A8F4CD8DCCD19803C158A057FA44060AE0EFC09B1C311CB4FBF42F8D240610B38F56E08\",\n    \"work\": \"70FEF01F7EC45DEC\"\n    }" NANO_TEST_GENESIS_PRV ="49643F9B10CA1AA34F9AF8ED4AABD29F436104CCC375974B108534A48EAE3FE1" "rsnano" "--network" "test" "--data-path" "/Users/ruimorais/NanoSpam/pr3" "node" "run"
[2m2026-09-22T11:48:44.388282Z[0m [32m INFO[0m [2mnanospam::setup::node_launcher[0m[2m:[0m Waiting for RPC...
[2m2026-09-22T11:48:44.491158Z[0m [32m INFO[0m [2mnanospam::setup::node_launcher[0m[2m:[0m Starting node: NANO_TEST_GENESIS_BLOCK="{\n    \"type\": \"open\",\n    \"account\": \"nano_3nroioygg54nusrmyun4woimqex36sp3drnctdt5955uqu47fxbkrxk7n7ne\",\n    \"source\": \"D315857CE70C54DE713F6E82E5613BB3A1266C15E28AD2F4338C7BBEC456F532\",\n    \"representative\": \"nano_3nroioygg54nusrmyun4woimqex36sp3drnctdt5955uqu47fxbkrxk7n7ne\",\n    \"signature\": \"3F6792C2DC623DF2E8643777160AB983B66B337E2478E13D2C3448126A8F4CD8DCCD19803C158A057FA44060AE0EFC09B1C311CB4FBF42F8D240610B38F56E08\",\n    \"work\": \"70FEF01F7EC45DEC\"\n    }" NANO_TEST_GENESIS_PRV ="49643F9B10CA1AA34F9AF8ED4AABD29F436104CCC375974B108534A48EAE3FE1" "rsnano" "--network" "test" "--data-path" "/Users/ruimorais/NanoSpam/pr4" "node" "run"
[2m2026-09-22T11:48:44.491482Z[0m [32m INFO[0m [2mnanospam::setup::node_launcher[0m[2m:[0m Waiting for RPC...
[2m2026-09-22T11:48:44.593634Z[0m [32m INFO[0m [2mnanospam::wallets_factory[0m[2m:[0m Creating wallet...
[2m2026-09-22T11:48:44.644360Z[0m [32m INFO[0m [2mnanospam::wallets_factory[0m[2m:[0m Setting default representative...
[2m2026-09-22T11:48:44.644664Z[0m [32m INFO[0m [2mnanospam::wallets_factory[0m[2m:[0m Creating wallet...
[2m2026-09-22T11:48:44.687512Z[0m [32m INFO[0m [2mnanospam::wallets_factory[0m[2m:[0m Setting default representative...
[2m2026-09-22T11:48:44.687836Z[0m [32m INFO[0m [2mnanospam::wallets_factory[0m[2m:[0m Sending Ӿ40,047,061 to PR1 wallet nano_3atmwjh8t11psdqf3qx6xjfiei94oajch6zsyauowxzjogbbgz168g5mp8f1 ...
[2m2026-09-22T11:48:44.688295Z[0m [32m INFO[0m [2mnanospam::wallets_factory[0m[2m:[0m Waiting for confirmation for B19EAD8221E07E52EEB7CA7EE50577B662C489ADBA15C0727DB6F8AEDAD50081
[2m2026-09-22T11:48:59.771877Z[0m [32m INFO[0m [2mnanospam::wallets_factory[0m[2m:[0m Receiving...
[2m2026-09-22T11:48:59.773547Z[0m [32m INFO[0m [2mnanospam::wallets_factory[0m[2m:[0m Waiting for confirmation for CBAA8D9FE2AA2CFEB77B87886D76922E22E4C51C0C091A54179A7E5CF79FC967
[2m2026-09-22T11:48:59.875945Z[0m [32m INFO[0m [2mnanospam::wallets_factory[0m[2m:[0m DONE
[2m2026-09-22T11:48:59.875993Z[0m [32m INFO[0m [2mnanospam::wallets_factory[0m[2m:[0m ********************************************************************************
[2m2026-09-22T11:48:59.876003Z[0m [32m INFO[0m [2mnanospam::wallets_factory[0m[2m:[0m Creating wallet...
[2m2026-09-22T11:48:59.935358Z[0m [32m INFO[0m [2mnanospam::wallets_factory[0m[2m:[0m Setting default representative...
[2m2026-09-22T11:48:59.935612Z[0m [32m INFO[0m [2mnanospam::wallets_factory[0m[2m:[0m Sending Ӿ40,047,061 to PR2 wallet nano_36asm8scxymtsjmgqp14per3zxpgaec1c65qb9en1buscq7qzqa93tfyyzs3 ...
[2m2026-09-22T11:48:59.936014Z[0m [32m INFO[0m [2mnanospam::wallets_factory[0m[2m:[0m Waiting for confirmation for CAFB013DCCB20BBF4CC103A0FDD2BF25C8F109B9E984B96D0666840E4B0F89BA
[2m2026-09-22T11:49:00.141013Z[0m [32m INFO[0m [2mnanospam::wallets_factory[0m[2m:[0m Receiving...
[2m2026-09-22T11:49:00.142335Z[0m [32m INFO[0m [2mnanospam::wallets_factory[0m[2m:[0m Waiting for confirmation for 7189E44F408196E8FD1F393F06CDAD4F7C5A415B2A2DDFA8ABEABEE83DA60182
[2m2026-09-22T11:49:00.245685Z[0m [32m INFO[0m [2mnanospam::wallets_factory[0m[2m:[0m DONE
[2m2026-09-22T11:49:00.245766Z[0m [32m INFO[0m [2mnanospam::wallets_factory[0m[2m:[0m ********************************************************************************
[2m2026-09-22T11:49:00.245783Z[0m [32m INFO[0m [2mnanospam::wallets_factory[0m[2m:[0m Creating wallet...
[2m2026-09-22T11:49:00.322774Z[0m [32m INFO[0m [2mnanospam::wallets_factory[0m[2m:[0m Setting default representative...
[2m2026-09-22T11:49:00.323153Z[0m [32m INFO[0m [2mnanospam::wallets_factory[0m[2m:[0m Sending Ӿ40,047,061 to PR3 wallet nano_1sfb11jzfi8k51fcnrzi1qe3qh1e1jkic3h45oak9yfg5yhbkczzxfwtat7m ...
[2m2026-09-22T11:49:00.323563Z[0m [32m INFO[0m [2mnanospam::wallets_factory[0m[2m:[0m Waiting for confirmation for E2CEA882BAF6FE5BE932C387FEB7740D791CAF9E5BECC7CEE8176C7DDEE6378A
[2m2026-09-22T11:49:04.022377Z[0m [32m INFO[0m [2mnanospam::wallets_factory[0m[2m:[0m Receiving...
[2m2026-09-22T11:49:04.024105Z[0m [32m INFO[0m [2mnanospam::wallets_factory[0m[2m:[0m Waiting for confirmation for EA5EC3EAA2535557DB68742DBFA22A64B7B314876EE136F919471550E89D65D4
[2m2026-09-22T11:49:04.126526Z[0m [32m INFO[0m [2mnanospam::wallets_factory[0m[2m:[0m DONE
[2m2026-09-22T11:49:04.126574Z[0m [32m INFO[0m [2mnanospam::wallets_factory[0m[2m:[0m ********************************************************************************
[2m2026-09-22T11:49:04.126581Z[0m [32m INFO[0m [2mnanospam::wallets_factory[0m[2m:[0m Creating wallet...
[2m2026-09-22T11:49:04.182857Z[0m [32m INFO[0m [2mnanospam::wallets_factory[0m[2m:[0m Setting default representative...
[2m2026-09-22T11:49:04.183139Z[0m [32m INFO[0m [2mnanospam::wallets_factory[0m[2m:[0m Sending Ӿ40,047,061 to PR4 wallet nano_1rsxmoinip7d4wafdp855194n43fs7s1jgne6tx8ruatiu6g89815pddzijp ...
[2m2026-09-22T11:49:04.183548Z[0m [32m INFO[0m [2mnanospam::wallets_factory[0m[2m:[0m Waiting for confirmation for 22677C7E74B964C1E24887306A66EAC48330280DFA5744E0E21166EC47B5438A
[2m2026-09-22T11:49:04.592944Z[0m [32m INFO[0m [2mnanospam::wallets_factory[0m[2m:[0m Receiving...
[2m2026-09-22T11:49:04.594460Z[0m [32m INFO[0m [2mnanospam::wallets_factory[0m[2m:[0m Waiting for confirmation for 686B8354F9897585048EDBC473B612A3E2823DE919A66201E69841219A6B5651
[2m2026-09-22T11:49:04.697409Z[0m [32m INFO[0m [2mnanospam::wallets_factory[0m[2m:[0m DONE
[2m2026-09-22T11:49:04.697471Z[0m [32m INFO[0m [2mnanospam::wallets_factory[0m[2m:[0m ********************************************************************************
[2m2026-09-22T11:49:04.697545Z[0m [32m INFO[0m [2mnanospam::wallets_factory[0m[2m:[0m Sending Ӿ40,047,061 to PR5 (no node) nano_1wtzwadxk9naxc356m4rienp93ht131w7ypadk39qck8uah3bg3zohsmj9th ...
[2m2026-09-22T11:49:04.698513Z[0m [32m INFO[0m [2mnanospam::wallets_factory[0m[2m:[0m Waiting for confirmation for 86B6E149E407121861E950D6B66B56BA39E500C199E580ED6065515C3C25094F
[2m2026-09-22T11:49:04.802354Z[0m [32m INFO[0m [2mnanospam::wallets_factory[0m[2m:[0m Waiting for confirmation for 417F8AEA0F6FDD9A5EE6F5896819E98A81FC15AA2CF56207A5BCFB27193E37A9
[2m2026-09-22T11:49:05.008551Z[0m [32m INFO[0m [2mnanospam::wallets_factory[0m[2m:[0m DONE
[2m2026-09-22T11:49:05.008636Z[0m [32m INFO[0m [2mnanospam::wallets_factory[0m[2m:[0m Sending initial spam amount...
[2m2026-09-22T11:49:05.009520Z[0m [32m INFO[0m [2mnanospam::wallets_factory[0m[2m:[0m Waiting for confirmation for B79099844F0B5AED4DC25B3F2903C55D25CFC176B9595E3A247D2022202BAC30
[2m2026-09-22T11:49:05.215375Z[0m [32m INFO[0m [2mnanospam::wallets_factory[0m[2m:[0m Receiving initial spam amount...
[2m2026-09-22T11:49:05.215848Z[0m [32m INFO[0m [2mnanospam::wallets_factory[0m[2m:[0m Waiting for confirmation for C7BD7CEF10400BDAC15D8D6549ACDF283EE78A2E5002316626412206BAFC838A
[2m2026-09-22T11:49:05.522634Z[0m [32m INFO[0m [2mnanospam::wallets_factory[0m[2m:[0m Seeding Ӿ14,285,714 to nano_1u6iomzk35k9fzqeofrqt376exkqt6k5mzu61h1epuf1htusdi3bjzwfufkg for representative D315857CE70C54DE713F6E82E5613BB3A1266C15E28AD2F4338C7BBEC456F532
[2m2026-09-22T11:49:05.523380Z[0m [32m INFO[0m [2mnanospam::wallets_factory[0m[2m:[0m Waiting for confirmation for 52CF78554959A279CA4BF2292E7B3F01F3143CB70ABA1F6A41DD0FD03ED27681
[2m2026-09-22T11:49:05.935199Z[0m [32m INFO[0m [2mnanospam::wallets_factory[0m[2m:[0m Waiting for confirmation for AE8C048ACFA1E9633781AF59DB1431D9F69259732CB075645B83646DFA1A1C58
[2m2026-09-22T11:49:06.242650Z[0m [32m INFO[0m [2mnanospam::wallets_factory[0m[2m:[0m Seeding Ӿ14,285,714 to nano_1zx7q3aa8q1sn8m579rhuw8tc8mk6npb1wgzdg8u5iopfdus4qx8koxe648n for representative A353E45E6D0016CAEED0DFA4EC5B0640E2AA22A793F9F2375E77F1AB92977C04
[2m2026-09-22T11:49:06.243200Z[0m [32m INFO[0m [2mnanospam::wallets_factory[0m[2m:[0m Waiting for confirmation for 7A282368185E07ED47383034FEA0EB01899AA16F225ADEC9628CF558357658DD
[2m2026-09-22T11:49:06.552482Z[0m [32m INFO[0m [2mnanospam::wallets_factory[0m[2m:[0m Waiting for confirmation for 9B610AE133189A0C3994A06FC0F942FADA7191887FBA012F9D57FE2065BA2987
[2m2026-09-22T11:49:06.963089Z[0m [32m INFO[0m [2mnanospam::wallets_factory[0m[2m:[0m Seeding Ӿ14,285,714 to nano_1g5ufabch5zue59akkqkco9s6tecdeusf6gc3xaz59gwgph3g3ye5eq6dute for representative 911999B2AEFA7ACC66EBD802B3301FF6CE431405107749D940277955CB7FDD07
[2m2026-09-22T11:49:06.963955Z[0m [32m INFO[0m [2mnanospam::wallets_factory[0m[2m:[0m Waiting for confirmation for 7C2EE19B11D13B5D0241D0154475BF9569662FAF6A90CB522A7C24F261AF571E
[2m2026-09-22T11:49:07.273023Z[0m [32m INFO[0m [2mnanospam::wallets_factory[0m[2m:[0m Waiting for confirmation for 4980A517EC4408DBE68931E5DDEAAFE9DBF0681C6EBB6A9F791A1EA0F0BE37A0
[2m2026-09-22T11:49:07.579629Z[0m [32m INFO[0m [2mnanospam::wallets_factory[0m[2m:[0m Seeding Ӿ14,285,714 to nano_15siaj7zodcsqd1fq1qf5qtbdehf7w37gig9tfj6hox5agkzf8wruig5kigw for representative 65A90023F6C0D2181AAA63F005D81BBC0C04650505E21D5123F9AE1F9E992BFF
[2m2026-09-22T11:49:07.580046Z[0m [32m INFO[0m [2mnanospam::wallets_factory[0m[2m:[0m Waiting for confirmation for 7D867123941D00C5EDE6D6C2F17374EBA6FED4D97B7D3373830793FE3B2FB9E5
[2m2026-09-22T11:49:07.784761Z[0m [32m INFO[0m [2mnanospam::wallets_factory[0m[2m:[0m Waiting for confirmation for B22F9B9070467CCBD8AF53D3019FB8F6DFF12863E33B14B8589FF415050A452B
[2m2026-09-22T11:49:08.195543Z[0m [32m INFO[0m [2mnanospam::wallets_factory[0m[2m:[0m Seeding Ӿ14,285,714 to nano_1smptinq5nok4tx8bcd9xb78it4q4kxpixb65gouzexpqzptwwzyg5gjn3zn for representative 633D9D614858AB1710D5D8C3180E2A082DC97208BA8C26BA6C6D1A86C8E31CC0
[2m2026-09-22T11:49:08.196532Z[0m [32m INFO[0m [2mnanospam::wallets_factory[0m[2m:[0m Waiting for confirmation for 63BE18E41C811937ED50C45C0028B51B087637E9A8BEC56784F678F0709B676D
[2m2026-09-22T11:49:08.503892Z[0m [32m INFO[0m [2mnanospam::wallets_factory[0m[2m:[0m Waiting for confirmation for 18EC3D70AA1BDC087CBF50DD330D35A081311877B51244D1CF7403D2A2475277
[2m2026-09-22T11:49:08.708529Z[0m [32m INFO[0m [2mnanospam::wallets_factory[0m[2m:[0m Seeding Ӿ14,285,714 to nano_1zzq1xia833dd1r1tfe4gar8qs9ahosu7tboo6z7h6dtta5ih9dfjx3powgc for representative 735FE217D91E88EA82324C5883296385FA0041C2FAC85C827BAA46DA1E14B83F
[2m2026-09-22T11:49:08.709561Z[0m [32m INFO[0m [2mnanospam::wallets_factory[0m[2m:[0m Waiting for confirmation for 41E4FEF863E605DA786ED467CBFF3C17C0EAB552B6A815ABF862971CF871ABD1
[2m2026-09-22T11:49:09.223797Z[0m [32m INFO[0m [2mnanospam::wallets_factory[0m[2m:[0m Waiting for confirmation for 806F4941350693EDB9F6A8F8EE43679A83CF20C3074808390A526FA5F271CA01
[2m2026-09-22T11:49:09.530936Z[0m [32m INFO[0m [2mnanospam::high_prio_check[0m[2m:[0m Creating high priority accounts...
[2m2026-09-22T11:49:09.545177Z[0m [32m INFO[0m [2mnanospam::high_prio_check[0m[2m:[0m Waiting for confirmations...
[2m2026-09-22T11:49:12.662041Z[0m [32m INFO[0m [2mnanospam::app[0m[2m:[0m Waiting for all PRs to see the full quorum...
[2m2026-09-22T11:49:22.704826Z[0m [32m INFO[0m [2mnanospam::app[0m[2m:[0m Republished the genesis chain to all PRs
[2m2026-09-22T11:49:27.834145Z[0m [32m INFO[0m [2mnanospam::app[0m[2m:[0m Republished the genesis chain to all PRs
[2m2026-09-22T11:49:32.760548Z[0m [32m INFO[0m [2mnanospam::app[0m[2m:[0m Republished the genesis chain to all PRs
[2m2026-09-22T11:49:37.882137Z[0m [32m INFO[0m [2mnanospam::app[0m[2m:[0m Republished the genesis chain to all PRs
[2m2026-09-22T11:49:42.809411Z[0m [32m INFO[0m [2mnanospam::app[0m[2m:[0m Republished the genesis chain to all PRs
[2m2026-09-22T11:49:47.725192Z[0m [32m INFO[0m [2mnanospam::app[0m[2m:[0m Republished the genesis chain to all PRs
[2m2026-09-22T11:49:52.855819Z[0m [32m INFO[0m [2mnanospam::app[0m[2m:[0m Republished the genesis chain to all PRs
[2m2026-09-22T11:49:56.316603Z[0m [32m INFO[0m [2mnanospam::app[0m[2m:[0m All PRs see the full quorum after 43.654182708s
[2m2026-09-22T11:49:56.316745Z[0m [32m INFO[0m [2mnanospam::app[0m[2m:[0m Waiting for all PRs to hold the same cemented ledger...
[2m2026-09-22T11:49:56.318071Z[0m [32m INFO[0m [2mnanospam::app[0m[2m:[0m All PRs hold the same ledger of 65 blocks after 1.312375ms
EPOCH_COMMITTEE t=1790077796318 derived_by=genesis members=6 accounts=33 n=340282366920938463463374607431768211455 digest=EDFA9B01F0F695C72492AEF076ADCC00649641FDB32186ED92DA235395046A8F shares=["735FE217:20.2%", "A353E45E:16.0%", "633D9D61:16.0%", "65A90023:16.0%", "911999B2:16.0%", "D315857C:16.0%"]
EPOCH_START t=1790077796318 epoch=0 elections=0
EPOCH_COMMITTEE t=1790077796319 derived_by=genesis members=6 accounts=33 n=340282366920938463463374607431768211455 digest=EDFA9B01F0F695C72492AEF076ADCC00649641FDB32186ED92DA235395046A8F shares=["735FE217:20.2%", "A353E45E:16.0%", "633D9D61:16.0%", "65A90023:16.0%", "911999B2:16.0%", "D315857C:16.0%"]
EPOCH_START t=1790077796319 epoch=0 elections=0
EPOCH_COMMITTEE t=1790077796319 derived_by=genesis members=6 accounts=33 n=340282366920938463463374607431768211455 digest=EDFA9B01F0F695C72492AEF076ADCC00649641FDB32186ED92DA235395046A8F shares=["735FE217:20.2%", "A353E45E:16.0%", "633D9D61:16.0%", "65A90023:16.0%", "911999B2:16.0%", "D315857C:16.0%"]
EPOCH_START t=1790077796320 epoch=0 elections=0
EPOCH_COMMITTEE t=1790077796320 derived_by=genesis members=6 accounts=33 n=340282366920938463463374607431768211455 digest=EDFA9B01F0F695C72492AEF076ADCC00649641FDB32186ED92DA235395046A8F shares=["735FE217:20.2%", "A353E45E:16.0%", "633D9D61:16.0%", "65A90023:16.0%", "911999B2:16.0%", "D315857C:16.0%"]
EPOCH_START t=1790077796320 epoch=0 elections=0
EPOCH_COMMITTEE t=1790077796321 derived_by=genesis members=6 accounts=33 n=340282366920938463463374607431768211455 digest=EDFA9B01F0F695C72492AEF076ADCC00649641FDB32186ED92DA235395046A8F shares=["735FE217:20.2%", "A353E45E:16.0%", "633D9D61:16.0%", "65A90023:16.0%", "911999B2:16.0%", "D315857C:16.0%"]
EPOCH_START t=1790077796321 epoch=0 elections=0
[2m2026-09-22T11:49:56.321539Z[0m [32m INFO[0m [2mnanospam::app[0m[2m:[0m Started the epochs on every PR
[2m2026-09-22T11:49:56.321552Z[0m [32m INFO[0m [2mnanospam::app[0m[2m:[0m Connecting to node PR0... [3mpeer_addr[0m[2m=[0m[::1]:17075
[2m2026-09-22T11:49:56.321998Z[0m [32m INFO[0m [2mnanospam::app[0m[2m:[0m Performing handshake...
[2m2026-09-22T11:49:56.322680Z[0m [32m INFO[0m [2mnanospam::app[0m[2m:[0m Performing handshake...
[2m2026-09-22T11:49:56.333886Z[0m [32m INFO[0m [2mnanospam::app[0m[2m:[0m Performing handshake...
[2m2026-09-22T11:49:56.344903Z[0m [32m INFO[0m [2mnanospam::app[0m[2m:[0m Performing handshake...
[2m2026-09-22T11:49:56.355792Z[0m [32m INFO[0m [2mnanospam::app[0m[2m:[0m Connecting to node PR1... [3mpeer_addr[0m[2m=[0m[::1]:17085
[2m2026-09-22T11:49:56.356032Z[0m [32m INFO[0m [2mnanospam::app[0m[2m:[0m Performing handshake...
[2m2026-09-22T11:49:56.356844Z[0m [32m INFO[0m [2mnanospam::app[0m[2m:[0m Performing handshake...
[2m2026-09-22T11:49:56.368078Z[0m [32m INFO[0m [2mnanospam::app[0m[2m:[0m Performing handshake...
[2m2026-09-22T11:49:56.378882Z[0m [32m INFO[0m [2mnanospam::app[0m[2m:[0m Performing handshake...
[2m2026-09-22T11:49:56.389736Z[0m [32m INFO[0m [2mnanospam::app[0m[2m:[0m Connecting to node PR2... [3mpeer_addr[0m[2m=[0m[::1]:17095
[2m2026-09-22T11:49:56.390093Z[0m [32m INFO[0m [2mnanospam::app[0m[2m:[0m Performing handshake...
[2m2026-09-22T11:49:56.390645Z[0m [32m INFO[0m [2mnanospam::app[0m[2m:[0m Performing handshake...
[2m2026-09-22T11:49:56.401841Z[0m [32m INFO[0m [2mnanospam::app[0m[2m:[0m Performing handshake...
[2m2026-09-22T11:49:56.413118Z[0m [32m INFO[0m [2mnanospam::app[0m[2m:[0m Performing handshake...
[2m2026-09-22T11:49:56.424006Z[0m [32m INFO[0m [2mnanospam::app[0m[2m:[0m Connecting to node PR3... [3mpeer_addr[0m[2m=[0m[::1]:17105
[2m2026-09-22T11:49:56.424363Z[0m [32m INFO[0m [2mnanospam::app[0m[2m:[0m Performing handshake...
[2m2026-09-22T11:49:56.425182Z[0m [32m INFO[0m [2mnanospam::app[0m[2m:[0m Performing handshake...
[2m2026-09-22T11:49:56.436479Z[0m [32m INFO[0m [2mnanospam::app[0m[2m:[0m Performing handshake...
[2m2026-09-22T11:49:56.448502Z[0m [32m INFO[0m [2mnanospam::app[0m[2m:[0m Performing handshake...
[2m2026-09-22T11:49:56.459481Z[0m [32m INFO[0m [2mnanospam::app[0m[2m:[0m Connecting to node PR4... [3mpeer_addr[0m[2m=[0m[::1]:17115
[2m2026-09-22T11:49:56.459878Z[0m [32m INFO[0m [2mnanospam::app[0m[2m:[0m Performing handshake...
[2m2026-09-22T11:49:56.460885Z[0m [32m INFO[0m [2mnanospam::app[0m[2m:[0m Performing handshake...
[2m2026-09-22T11:49:56.472356Z[0m [32m INFO[0m [2mnanospam::app[0m[2m:[0m Performing handshake...
[2m2026-09-22T11:49:56.483847Z[0m [32m INFO[0m [2mnanospam::app[0m[2m:[0m Performing handshake...
[2m2026-09-22T11:49:56.494929Z[0m [32m INFO[0m [2mnanospam::app[0m[2m:[0m Connecting to websocket...
[2m2026-09-22T11:49:56.495896Z[0m [32m INFO[0m [2mnanospam::app[0m[2m:[0m Starting with 2000 BPS
[2m2026-09-22T11:49:57.498456Z[0m [32m INFO[0m [2mnanospam::app[0m[2m:[0m Confirmed 127 blocks | 2,000 bps | 155 cps | avg conf time: 185 ms
[2m2026-09-22T11:49:58.507876Z[0m [32m INFO[0m [2mnanospam::app[0m[2m:[0m Confirmed 1,396 blocks | 2,000 bps | 1,268 cps | avg conf time: 155 ms
[2m2026-09-22T11:49:59.508883Z[0m [32m INFO[0m [2mnanospam::app[0m[2m:[0m Confirmed 4,697 blocks | 2,000 bps | 3,268 cps | avg conf time: 171 ms
[2m2026-09-22T11:50:00.509890Z[0m [32m INFO[0m [2mnanospam::app[0m[2m:[0m Confirmed 6,640 blocks | 2,000 bps | 1,941 cps | avg conf time: 186 ms
[2m2026-09-22T11:50:01.510801Z[0m [32m INFO[0m [2mnanospam::app[0m[2m:[0m Confirmed 8,562 blocks | 2,000 bps | 1,920 cps | avg conf time: 180 ms
[2m2026-09-22T11:50:02.525510Z[0m [32m INFO[0m [2mnanospam::app[0m[2m:[0m Confirmed 10,425 blocks | 2,000 bps | 1,835 cps | avg conf time: 181 ms
[2m2026-09-22T11:50:03.526844Z[0m [32m INFO[0m [2mnanospam::app[0m[2m:[0m Confirmed 12,232 blocks | 2,000 bps | 1,804 cps | avg conf time: 182 ms
EPOCH_ENDED t=1790077804325 epoch=0 elections=1062 active=156
EPOCH_ENDED t=1790077804326 epoch=0 elections=1062 active=156
EPOCH_ENDED t=1790077804326 epoch=0 elections=1062 active=156
EPOCH_ENDED t=1790077804326 epoch=0 elections=1062 active=156
EPOCH_ENDED t=1790077804326 epoch=0 elections=1062 active=156
EPOCH_DRAIN_WAIT t=1790077804357 epoch=0 unterminated=144 previous_closed=true first=["3673CC402AE7B1065E98311368366134B0284BA98EC912E44540AAFC5D138205:active:1:2", "4CEFFA494BD248E9A59F27B608A8BABC04FCBB7A80CDEC6296513AAA4C6325C8:active:1:3", "F6AAA52973D099D301342AE03567BA6FD143580D869E002685BF8DF3E8CE1E16:active:1:3"]
EPOCH_DRAIN_WAIT t=1790077804368 epoch=0 unterminated=89 previous_closed=true first=["3673CC402AE7B1065E98311368366134B0284BA98EC912E44540AAFC5D138205:active:1:3", "9F81C6A796E9D166667D08357A388C97D796AF90039423DCFA10D2D1F8EFEB31:active:1:2", "F4E349C67ACCA0C083F833107F0EDB7B46DE4704751A35CDB21617826187351B:active:1:2"]
[2m2026-09-22T11:50:04.528043Z[0m [32m INFO[0m [2mnanospam::app[0m[2m:[0m Confirmed 14,080 blocks | 2,000 bps | 1,845 cps | avg conf time: 174 ms
EPOCH_CLOSE_READY t=1790077804641 epoch=0 value=CA18FECC2191BA26FA6F4664E1113BDFE2A21CB718C7F5C82E6F69C2F860E3B3
EPOCH_CLOSE_ROUND t=1790077804642 epoch=0 round=0 leader=633D9D614858AB1710D5D8C3180E2A082DC97208BA8C26BA6C6D1A86C8E31CC0 leads=false
EPOCH_ADVANCED t=1790077804642 epoch=1 elections=797 active=0
EPOCH_CLOSE_READY t=1790077804717 epoch=0 value=CA18FECC2191BA26FA6F4664E1113BDFE2A21CB718C7F5C82E6F69C2F860E3B3
EPOCH_CLOSE_ROUND t=1790077804717 epoch=0 round=0 leader=633D9D614858AB1710D5D8C3180E2A082DC97208BA8C26BA6C6D1A86C8E31CC0 leads=false
EPOCH_ADVANCED t=1790077804717 epoch=1 elections=725 active=0
EPOCH_CLOSE_READY t=1790077804723 epoch=0 value=CA18FECC2191BA26FA6F4664E1113BDFE2A21CB718C7F5C82E6F69C2F860E3B3
EPOCH_CLOSE_ROUND t=1790077804723 epoch=0 round=0 leader=633D9D614858AB1710D5D8C3180E2A082DC97208BA8C26BA6C6D1A86C8E31CC0 leads=false
EPOCH_ADVANCED t=1790077804723 epoch=1 elections=725 active=0
EPOCH_CLOSE_READY t=1790077804912 epoch=0 value=CA18FECC2191BA26FA6F4664E1113BDFE2A21CB718C7F5C82E6F69C2F860E3B3
EPOCH_CLOSE_ROUND t=1790077804912 epoch=0 round=0 leader=633D9D614858AB1710D5D8C3180E2A082DC97208BA8C26BA6C6D1A86C8E31CC0 leads=true
EPOCH_ADVANCED t=1790077804912 epoch=1 elections=725 active=0
EPOCH_CLOSE_READY t=1790077804919 epoch=0 value=CA18FECC2191BA26FA6F4664E1113BDFE2A21CB718C7F5C82E6F69C2F860E3B3
EPOCH_CLOSE_ROUND t=1790077804919 epoch=0 round=0 leader=633D9D614858AB1710D5D8C3180E2A082DC97208BA8C26BA6C6D1A86C8E31CC0 leads=false
EPOCH_ADVANCED t=1790077804919 epoch=1 elections=725 active=0
EPOCH_CLOSE_ROUND t=1790077805137 epoch=0 round=1 leader=65A90023F6C0D2181AAA63F005D81BBC0C04650505E21D5123F9AE1F9E992BFF leads=true
EPOCH_CLOSE_ROUND t=1790077805145 epoch=0 round=1 leader=65A90023F6C0D2181AAA63F005D81BBC0C04650505E21D5123F9AE1F9E992BFF leads=false
EPOCH_CLOSE_ROUND t=1790077805271 epoch=0 round=1 leader=65A90023F6C0D2181AAA63F005D81BBC0C04650505E21D5123F9AE1F9E992BFF leads=false
EPOCH_CLOSED t=1790077805279 epoch=0 round=0 value=CA18FECCEPOCH_CLOSED t=1790077805279 epoch=02191BA round=0 value=CA18FECC2126FA6F4664E1113BDFE2A21CB791BA26FA18C7F5C82E6F6F4664E1113BDFE2A21CB71869C2F860E3B3 own=true
C7F5C82E6F69C2F860E3B3 own=true
EPOCH_CLOSED t=1790077805280 epoch=0 round=0 value=CA18FECC2191BA26FA6F4664E1113BDFE2A21CB718C7F5C82E6F69C2F860E3B3 own=true
EPOCH_CLOSED t=1790077805280 epoch=0 round=0 value=CA18FECC2191BA26FA6FEPOCH_CLOSED t=1790077805280 epoch=0 round=0 value=4664E111CA183BDFE2A21CFECC2191BA26FA6F4664E1113BDFE2A21CB718C7F5C82E6F69C2F860E3B3 own=true
B718C7F5C82E6F69C2F860E3B3 own=true
EPOCH_COMMITTEE t=1790077805285 derived_by=0 members=6 accounts=6652 n=324689855231827631543021364875065869538 digest=FA85DF76AEA227D9659F3FEPOCH_COMMITTEE t=0A5E15212F83ED17CE07BFA4E564B05B41B2A5EAB71790077805285 shares= derived_by=0 members=6[ accounts=6652 n="D315857C:17.3%324689855231827631543021364875065869538 digest=FA85DF76AEA227D9"659F3F0A5E15212F83ED17CE07, "735FE217:17.2%", "911999B2:17.0%", "65A90023:16.9%", "633D9D61:16.2%", BF"A4E564A353E45E:15.5%B0"5B41B2A5EAB7 shares=["D315857C:17.3%", "735FE217:17.2%", "911999B2:17.0%", "]65A90023:16.9%", "633D9D61:16.2%", "A353E45E:15.5%"]

EPOCH_AGREED t=1790077805285 epoch=0 value=CA18FECC2191BA26FA6F4664E1113BDFE2A21CB718C7F5C82E6F69C2F860E3B3
EPOCH_AGREED t=1790077805285 epoch=0 value=CA18FECC2191BA26FA6F4664E1113BDFE2A21CB718C7F5C82E6F69C2F860E3B3
EPOCH_COMMITTEE t=1790077805287 derived_by=0 members=6 accounts=6652 n=324689855231827631543021364875065869538 digest=FA85DF76AEA227D9659F3F0A5E15212F83ED17CE07BFA4E564B05B41B2A5EAB7 shares=["D315857C:17.3%", "735FE217:17.2%", "911999B2:17.0%", "65A90023:16.9%", "633D9D61:16.2%", "A353E45E:15.5%"]
EPOCH_AGREED t=1790077805287 epoch=0 value=CA18FECC2191BA26FA6F4664E1113BDFE2A21CB718C7F5C82E6F69C2F860E3B3
EPOCH_COMMITTEE t=1790077805288 derived_by=0 members=6 accounts=6652 n=324689855231827631543021364875065869538 digest=FA85DF76AEA227D9659F3F0A5E15212F83ED17CE07BFA4E564B05B41B2A5EAB7 shares=["D315857C:17.3%", "735FE217:17.2%", "911999B2:17.0%", "65A90023:16.9%", "633D9D61:16.2%", "A353E45E:15.5%"]
EPOCH_AGREED t=1790077805288 epoch=0 value=CA18FECC2191BA26FA6F4664E1113BDFE2A2EPOCH_COMMITTEE t=17900778052881CB718C7F5C82E6F69C2F860E3B3
 derived_by=0 members=6 accounts=6652 n=324689855231827631543021364875065869538 digest=FA85DF76AEA227D9659F3F0A5E15212F83ED17CE07BFA4E564B05B41B2A5EAB7 shares=["D315857C:17.3%", "735FE217:17.2%", "911999B2:17.0%", "65A90023:16.9%", "633D9D61:16.2%", "A353E45E:15.5%"]
EPOCH_AGREED t=1790077805289 epoch=0 value=CA18FECC2191BA26FA6F4664E1113BDFE2A21CB718C7F5C82E6F69C2F860E3B3
[2m2026-09-22T11:50:05.528736Z[0m [32m INFO[0m [2mnanospam::app[0m[2m:[0m Confirmed 15,912 blocks | 2,000 bps | 1,830 cps | avg conf time: 337 ms
[2m2026-09-22T11:50:06.529689Z[0m [32m INFO[0m [2mnanospam::app[0m[2m:[0m Confirmed 17,753 blocks | 2,000 bps | 1,839 cps | avg conf time: 177 ms
[2m2026-09-22T11:50:07.530853Z[0m [32m INFO[0m [2mnanospam::app[0m[2m:[0m Confirmed 19,614 blocks | 2,000 bps | 1,859 cps | avg conf time: 191 ms
[2m2026-09-22T11:50:08.532028Z[0m [32m INFO[0m [2mnanospam::app[0m[2m:[0m Confirmed 21,481 blocks | 2,000 bps | 1,864 cps | avg conf time: 191 ms
[2m2026-09-22T11:50:09.532718Z[0m [32m INFO[0m [2mnanospam::app[0m[2m:[0m Confirmed 23,367 blocks | 2,000 bps | 1,884 cps | avg conf time: 189 ms
[2m2026-09-22T11:50:10.533606Z[0m [32m INFO[0m [2mnanospam::app[0m[2m:[0m Confirmed 25,083 blocks | 2,000 bps | 1,714 cps | avg conf time: 193 ms
[2m2026-09-22T11:50:11.534614Z[0m [32m INFO[0m [2mnanospam::app[0m[2m:[0m Confirmed 26,990 blocks | 2,000 bps | 1,905 cps | avg conf time: 191 ms
EPOCH_ENDED t=1790077812322 epoch=1 elections=1917 active=222
EPOCH_ENDED t=1790077812322 epoch=1 elections=1917 active=222
EPOCH_ENDED t=1790077812322 epoch=1 elections=1917 active=222
EPOCH_ENDED t=1790077812322 epoch=1 elections=1850 active=222
EPOCH_ENDED t=1790077812322 epoch=1 elections=1917 active=222
EPOCH_DRAIN_WAIT t=1790077812337 epoch=1 unterminated=182 previous_closed=true first=["A3683F76EE3DE20C2B9D9B5444917B8307CA1DAA4FE606DC6F31CC4F81C0147D:active:1:0", "A2F1395E7D092FBAD8BDB1CAC8D7040FFDA6E6C2F133077F4B1A3E48135B1D7C:active:1:3", "EFBDAC846113F12CC1B8B94FE86D1B744830E7949A8B79115C59A74823FE0880:active:1:3"]
EPOCH_DRAIN_WAIT t=1790077812419 epoch=1 unterminated=15 previous_closed=true first=["08F99012D57ACF92D2E5195DD452C50CE6889D07D660F68676B9F92590ED7B14:active:2:5", "A3FE13CB027239858399059A3C927C5BD4735E4BB54B5C1EED455CD54F4F44C7:active:2:5", "7E4216C1CEC3A995CA33ABB0AE85BA89787F74A8C572335E2E85ED270126714D:active:2:5"]
EPOCH_DRAIN_WAIT t=1790077812424 epoch=1 unterminated=15 previous_closed=true first=["08F99012D57ACF92D2E5195DD452C50CE6889D07D660F68676B9F92590ED7B14:active:1:2", "A3FE13CB027239858399059A3C927C5BD4735E4BB54B5C1EED455CD54F4F44C7:active:1:2", "7E4216C1CEC3A995CA33ABB0AE85BA89787F74A8C572335E2E85ED270126714D:active:2:4"]
[2m2026-09-22T11:50:12.535557Z[0m [32m INFO[0m [2mnanospam::app[0m[2m:[0m Confirmed 28,723 blocks | 2,000 bps | 1,731 cps | avg conf time: 197 ms
EPOCH_DRAIN_WAIT t=1790077812536 epoch=1 unterminated=1 previous_closed=true first=["7E4216C1CEC3A995CA33ABB0AE85BA89787F74A8C572335E2E85ED270126714D:active:2:4"]
EPOCH_DRAIN_WAIT t=1790077812552 epoch=1 unterminated=1 previous_closed=true first=["7E4216C1CEC3A995CA33ABB0AE85BA89787F74A8C572335E2E85ED270126714D:active:2:5"]
[2m2026-09-22T11:50:13.536586Z[0m [32m INFO[0m [2mnanospam::app[0m[2m:[0m Confirmed 28,723 blocks | 2,000 bps | 0 cps | avg conf time: 0 ms
EPOCH_DRAIN_WAIT t=1790077813546 epoch=1 unterminated=1 previous_closed=true first=["7E4216C1CEC3A995CA33ABB0AE85BA89787F74A8C572335E2E85ED270126714D:active:2:5"]
EPOCH_DRAIN_WAIT t=1790077813632 epoch=1 unterminated=1 previous_closed=true first=["7E4216C1CEC3A995CA33ABB0AE85BA89787F74A8C572335E2E85ED270126714D:active:2:5"]
EPOCH_DRAIN_WAIT t=1790077813641 epoch=1 unterminated=1 previous_closed=true first=["7E4216C1CEC3A995CA33ABB0AE85BA89787F74A8C572335E2E85ED270126714D:active:2:4"]
EPOCH_DRAIN_WAIT t=1790077813744 epoch=1 unterminated=1 previous_closed=true first=["7E4216C1CEC3A995CA33ABB0AE85BA89787F74A8C572335E2E85ED270126714D:active:2:4"]
EPOCH_DRAIN_WAIT t=1790077813768 epoch=1 unterminated=1 previous_closed=true first=["7E4216C1CEC3A995CA33ABB0AE85BA89787F74A8C572335E2E85ED270126714D:active:2:5"]
[2m2026-09-22T11:50:14.537570Z[0m [32m INFO[0m [2mnanospam::app[0m[2m:[0m Confirmed 28,723 blocks | 2,000 bps | 0 cps | avg conf time: 0 ms
EPOCH_DRAIN_WAIT t=1790077814757 epoch=1 unterminated=1 previous_closed=true first=["7E4216C1CEC3A995CA33ABB0AE85BA89787F74A8C572335E2E85ED270126714D:active:2:5"]
EPOCH_DRAIN_WAIT t=1790077814841 epoch=1 unterminated=1 previous_closed=true first=["7E4216C1CEC3A995CA33ABB0AE85BA89787F74A8C572335E2E85ED270126714D:active:2:5"]
EPOCH_DRAIN_WAIT t=1790077814854 epoch=1 unterminated=1 previous_closed=true first=["7E4216C1CEC3A995CA33ABB0AE85BA89787F74A8C572335E2E85ED270126714D:active:2:4"]
EPOCH_DRAIN_WAIT t=1790077814957 epoch=1 unterminated=1 previous_closed=true first=["7E4216C1CEC3A995CA33ABB0AE85BA89787F74A8C572335E2E85ED270126714D:active:2:4"]
EPOCH_DRAIN_WAIT t=1790077814981 epoch=1 unterminated=1 previous_closed=true first=["7E4216C1CEC3A995CA33ABB0AE85BA89787F74A8C572335E2E85ED270126714D:active:2:5"]
[2m2026-09-22T11:50:15.538690Z[0m [32m INFO[0m [2mnanospam::app[0m[2m:[0m Confirmed 28,723 blocks | 2,000 bps | 0 cps | avg conf time: 0 ms
EPOCH_DRAIN_WAIT t=1790077815974 epoch=1 unterminated=1 previous_closed=true first=["7E4216C1CEC3A995CA33ABB0AE85BA89787F74A8C572335E2E85ED270126714D:active:2:5"]
EPOCH_DRAIN_WAIT t=1790077816057 epoch=1 unterminated=1 previous_closed=true first=["7E4216C1CEC3A995CA33ABB0AE85BA89787F74A8C572335E2E85ED270126714D:active:2:5"]
EPOCH_DRAIN_WAIT t=1790077816068 epoch=1 unterminated=1 previous_closed=true first=["7E4216C1CEC3A995CA33ABB0AE85BA89787F74A8C572335E2E85ED270126714D:active:2:4"]
EPOCH_DRAIN_WAIT t=1790077816162 epoch=1 unterminated=1 previous_closed=true first=["7E4216C1CEC3A995CA33ABB0AE85BA89787F74A8C572335E2E85ED270126714D:active:2:4"]
EPOCH_DRAIN_WAIT t=1790077816189 epoch=1 unterminated=1 previous_closed=true first=["7E4216C1CEC3A995CA33ABB0AE85BA89787F74A8C572335E2E85ED270126714D:active:2:5"]
[2m2026-09-22T11:50:16.539563Z[0m [32m INFO[0m [2mnanospam::app[0m[2m:[0m Confirmed 28,723 blocks | 2,000 bps | 0 cps | avg conf time: 0 ms
EPOCH_DRAIN_WAIT t=1790077817187 epoch=1 unterminated=1 previous_closed=true first=["7E4216C1CEC3A995CA33ABB0AE85BA89787F74A8C572335E2E85ED270126714D:active:2:5"]
EPOCH_DRAIN_WAIT t=1790077817271 epoch=1 unterminated=1 previous_closed=true first=["7E4216C1CEC3A995CA33ABB0AE85BA89787F74A8C572335E2E85ED270126714D:active:2:5"]
EPOCH_DRAIN_WAIT t=1790077817279 epoch=1 unterminated=1 previous_closed=true first=["7E4216C1CEC3A995CA33ABB0AE85BA89787F74A8C572335E2E85ED270126714D:active:2:4"]
EPOCH_DRAIN_WAIT t=1790077817376 epoch=1 unterminated=1 previous_closed=true first=["7E4216C1CEC3A995CA33ABB0AE85BA89787F74A8C572335E2E85ED270126714D:active:2:4"]
EPOCH_DRAIN_WAIT t=1790077817403 epoch=1 unterminated=1 previous_closed=true first=["7E4216C1CEC3A995CA33ABB0AE85BA89787F74A8C572335E2E85ED270126714D:active:2:5"]
[2m2026-09-22T11:50:17.540535Z[0m [32m INFO[0m [2mnanospam::app[0m[2m:[0m Confirmed 28,723 blocks | 2,000 bps | 0 cps | avg conf time: 0 ms
EPOCH_DRAIN_WAIT t=1790077818398 epoch=1 unterminated=1 previous_closed=true first=["7E4216C1CEC3A995CA33ABB0AE85BA89787F74A8C572335E2E85ED270126714D:active:2:5"]
EPOCH_DRAIN_WAIT t=1790077818480 epoch=1 unterminated=1 previous_closed=true first=["7E4216C1CEC3A995CA33ABB0AE85BA89787F74A8C572335E2E85ED270126714D:active:2:5"]
EPOCH_DRAIN_WAIT t=1790077818494 epoch=1 unterminated=1 previous_closed=true first=["7E4216C1CEC3A995CA33ABB0AE85BA89787F74A8C572335E2E85ED270126714D:active:2:4"]
[2m2026-09-22T11:50:18.542367Z[0m [32m INFO[0m [2mnanospam::app[0m[2m:[0m Confirmed 28,723 blocks | 2,000 bps | 0 cps | avg conf time: 0 ms
EPOCH_DRAIN_WAIT t=1790077818585 epoch=1 unterminated=1 previous_closed=true first=["7E4216C1CEC3A995CA33ABB0AE85BA89787F74A8C572335E2E85ED270126714D:active:2:4"]
EPOCH_DRAIN_WAIT t=1790077818623 epoch=1 unterminated=1 previous_closed=true first=["7E4216C1CEC3A995CA33ABB0AE85BA89787F74A8C572335E2E85ED270126714D:active:2:5"]
[2m2026-09-22T11:50:19.545086Z[0m [32m INFO[0m [2mnanospam::app[0m[2m:[0m Confirmed 28,723 blocks | 2,000 bps | 0 cps | avg conf time: 0 ms
EPOCH_DRAIN_WAIT t=1790077819612 epoch=1 unterminated=1 previous_closed=true first=["7E4216C1CEC3A995CA33ABB0AE85BA89787F74A8C572335E2E85ED270126714D:active:2:5"]
EPOCH_DRAIN_WAIT t=1790077819686 epoch=1 unterminated=1 previous_closed=true first=["7E4216C1CEC3A995CA33ABB0AE85BA89787F74A8C572335E2E85ED270126714D:active:2:5"]
EPOCH_DRAIN_WAIT t=1790077819711 epoch=1 unterminated=1 previous_closed=true first=["7E4216C1CEC3A995CA33ABB0AE85BA89787F74A8C572335E2E85ED270126714D:active:2:4"]
EPOCH_DRAIN_WAIT t=1790077819802 epoch=1 unterminated=1 previous_closed=true first=["7E4216C1CEC3A995CA33ABB0AE85BA89787F74A8C572335E2E85ED270126714D:active:2:4"]
EPOCH_DRAIN_WAIT t=1790077819838 epoch=1 unterminated=1 previous_closed=true first=["7E4216C1CEC3A995CA33ABB0AE85BA89787F74A8C572335E2E85ED270126714D:active:2:5"]
[2m2026-09-22T11:50:20.547147Z[0m [32m INFO[0m [2mnanospam::app[0m[2m:[0m Confirmed 28,723 blocks | 2,000 bps | 0 cps | avg conf time: 0 ms
EPOCH_DRAIN_WAIT t=1790077820823 epoch=1 unterminated=1 previous_closed=true first=["7E4216C1CEC3A995CA33ABB0AE85BA89787F74A8C572335E2E85ED270126714D:active:2:5"]
EPOCH_DRAIN_WAIT t=1790077820897 epoch=1 unterminated=1 previous_closed=true first=["7E4216C1CEC3A995CA33ABB0AE85BA89787F74A8C572335E2E85ED270126714D:active:2:5"]
EPOCH_DRAIN_WAIT t=1790077820923 epoch=1 unterminated=1 previous_closed=true first=["7E4216C1CEC3A995CA33ABB0AE85BA89787F74A8C572335E2E85ED270126714D:active:2:4"]
EPOCH_DRAIN_WAIT t=1790077821016 epoch=1 unterminated=1 previous_closed=true first=["7E4216C1CEC3A995CA33ABB0AE85BA89787F74A8C572335E2E85ED270126714D:active:2:4"]
EPOCH_DRAIN_WAIT t=1790077821047 epoch=1 unterminated=1 previous_closed=true first=["7E4216C1CEC3A995CA33ABB0AE85BA89787F74A8C572335E2E85ED270126714D:active:2:5"]
[2m2026-09-22T11:50:21.548461Z[0m [32m INFO[0m [2mnanospam::app[0m[2m:[0m Confirmed 28,723 blocks | 2,000 bps | 0 cps | avg conf time: 0 ms
EPOCH_DRAIN_WAIT t=1790077822033 epoch=1 unterminated=1 previous_closed=true first=["7E4216C1CEC3A995CA33ABB0AE85BA89787F74A8C572335E2E85ED270126714D:active:2:5"]
EPOCH_DRAIN_WAIT t=1790077822112 epoch=1 unterminated=1 previous_closed=true first=["7E4216C1CEC3A995CA33ABB0AE85BA89787F74A8C572335E2E85ED270126714D:active:2:5"]
EPOCH_DRAIN_WAIT t=1790077822136 epoch=1 unterminated=1 previous_closed=true first=["7E4216C1CEC3A995CA33ABB0AE85BA89787F74A8C572335E2E85ED270126714D:active:2:4"]
EPOCH_DRAIN_WAIT t=1790077822232 epoch=1 unterminated=1 previous_closed=true first=["7E4216C1CEC3A995CA33ABB0AE85BA89787F74A8C572335E2E85ED270126714D:active:2:4"]
EPOCH_DRAIN_WAIT t=1790077822263 epoch=1 unterminated=1 previous_closed=true first=["7E4216C1CEC3A995CA33ABB0AE85BA89787F74A8C572335E2E85ED270126714D:active:2:5"]
[2m2026-09-22T11:50:22.549382Z[0m [32m INFO[0m [2mnanospam::app[0m[2m:[0m Confirmed 28,723 blocks | 2,000 bps | 0 cps | avg conf time: 0 ms
EPOCH_DRAIN_WAIT t=1790077823245 epoch=1 unterminated=1 previous_closed=true first=["7E4216C1CEC3A995CA33ABB0AE85BA89787F74A8C572335E2E85ED270126714D:active:2:5"]
EPOCH_DRAIN_WAIT t=1790077823327 epoch=1 unterminated=1 previous_closed=true first=["7E4216C1CEC3A995CA33ABB0AE85BA89787F74A8C572335E2E85ED270126714D:active:2:5"]
EPOCH_DRAIN_WAIT t=1790077823353 epoch=1 unterminated=1 previous_closed=true first=["7E4216C1CEC3A995CA33ABB0AE85BA89787F74A8C572335E2E85ED270126714D:active:2:4"]
EPOCH_DRAIN_WAIT t=1790077823444 epoch=1 unterminated=1 previous_closed=true first=["7E4216C1CEC3A995CA33ABB0AE85BA89787F74A8C572335E2E85ED270126714D:active:2:4"]
EPOCH_DRAIN_WAIT t=1790077823481 epoch=1 unterminated=1 previous_closed=true first=["7E4216C1CEC3A995CA33ABB0AE85BA89787F74A8C572335E2E85ED270126714D:active:2:5"]
[2m2026-09-22T11:50:23.551118Z[0m [32m INFO[0m [2mnanospam::app[0m[2m:[0m Confirmed 28,723 blocks | 2,000 bps | 0 cps | avg conf time: 0 ms
EPOCH_DRAIN_WAIT t=1790077824461 epoch=1 unterminated=1 previous_closed=true first=["7E4216C1CEC3A995CA33ABB0AE85BA89787F74A8C572335E2E85ED270126714D:active:2:5"]
EPOCH_DRAIN_WAIT t=1790077824542 epoch=1 unterminated=1 previous_closed=true first=["7E4216C1CEC3A995CA33ABB0AE85BA89787F74A8C572335E2E85ED270126714D:active:2:5"]
[2m2026-09-22T11:50:24.552012Z[0m [32m INFO[0m [2mnanospam::app[0m[2m:[0m Confirmed 28,723 blocks | 2,000 bps | 0 cps | avg conf time: 0 ms
EPOCH_DRAIN_WAIT t=1790077824561 epoch=1 unterminated=1 previous_closed=true first=["7E4216C1CEC3A995CA33ABB0AE85BA89787F74A8C572335E2E85ED270126714D:active:2:4"]
EPOCH_DRAIN_WAIT t=1790077824655 epoch=1 unterminated=1 previous_closed=true first=["7E4216C1CEC3A995CA33ABB0AE85BA89787F74A8C572335E2E85ED270126714D:active:2:4"]
EPOCH_CLOSE_READY t=1790077824881 epoch=1 value=2955F1C5C95ADF0130EE0C78279AA9CF9D7EDCA085A99C8980D39A51B9A39C84
EPOCH_CLOSE_ROUND t=1790077824881 epoch=1 round=0 leader=65A90023F6C0D2181AAA63F005D81BBC0C04650505E21D5123F9AE1F9E992BFF leads=false
EPOCH_ADVANCED t=1790077824882 epoch=2 elections=1545 active=0
EPOCH_CLOSE_READY t=1790077824974 epoch=1 value=2955F1C5C95ADF0130EE0C78279AA9CF9D7EDCA085A99C8980D39A51B9A39C84
EPOCH_CLOSE_ROUND t=1790077824974 epoch=1 round=0 leader=65A90023F6C0D2181AAA63F005D81BBC0C04650505E21D5123F9AE1F9E992BFF leads=false
EPOCH_ADVANCED t=1790077824975 epoch=2 elections=1545 active=0
EPOCH_CLOSE_READY t=1790077825113 epoch=1 value=2955F1C5C95ADF0130EE0C78279AA9CF9D7EDCA085A99C8980D39A51B9A39C84
EPOCH_CLOSE_ROUND t=1790077825113 epoch=1 round=0 leader=65A90023F6C0D2181AAA63F005D81BBC0C04650505E21D5123F9AE1F9E992BFF leads=false
EPOCH_ADVANCED t=1790077825114 epoch=2 elections=1545 active=0
EPOCH_CLOSE_READY t=1790077825129 epoch=1 value=2955F1C5C95ADF0130EE0C78279AA9CF9D7EDCA085A99C8980D39A51B9A39C84
EPOCH_CLOSE_ROUND t=1790077825129 epoch=1 round=0 leader=65A90023F6C0D2181AAA63F005D81BBC0C04650505E21D5123F9AE1F9E992BFF leads=true
EPOCH_ADVANCED t=1790077825130 epoch=2 elections=1545 active=0
EPOCH_CLOSE_READY t=1790077825280 epoch=1 value=2955F1C5C95ADF0130EE0C78279AA9CF9D7EDCA085A99C8980D39A51B9A39C84
EPOCH_CLOSE_ROUND t=1790077825280 epoch=1 round=0 leader=65A90023F6C0D2181AAA63F005D81BBC0C04650505E21D5123F9AE1F9E992BFF leads=false
EPOCH_ADVANCED t=1790077825281 epoch=2 elections=1545 active=0
[2m2026-09-22T11:50:25.553221Z[0m [32m INFO[0m [2mnanospam::app[0m[2m:[0m Confirmed 28,723 blocks | 2,000 bps | 0 cps | avg conf time: 0 ms
EPOCH_CLOSE_ROUND t=1790077826551 epoch=1 round=1 leader=911999B2AEFA7ACC66EBD802B3301FF6CE431405107749D940277955CB7FDD07 leads=false
[2m2026-09-22T11:50:26.559079Z[0m [32m INFO[0m [2mnanospam::app[0m[2m:[0m Confirmed 32,767 blocks | 2,000 bps | 4,032 cps | avg conf time: 11116 ms
EPOCH_CLOSE_ROUND t=1790077826716 epoch=1 round=1 leader=911999B2AEFA7ACC66EBD802B3301FF6CE431405107749D940277955CB7FDD07 leads=false
EPOCH_CLOSE_ROUND t=1790077826776 epoch=1 round=1 leader=911999B2AEFA7ACC66EBD802B3301FF6CE431405107749D940277955CB7FDD07 leads=true
EPOCH_CLOSE_ROUND t=1790077827015 epoch=1 round=1 leader=911999B2AEFA7ACC66EBD802B3301FF6CE431405107749D940277955CB7FDD07 leads=false
EPOCH_CLOSED t=1790077827034 epoch=1 round=0 value=2955F1C5C95ADF0130EE0C78279AA9CF9D7EDCA085A99C8980D39A51B9A39C84 own=true
EPOCH_CLOSED t=1790077827088 epoch=1 round=0 value=2955F1C5C95ADF0130EE0C78279AA9CF9D7EDCA085A99C8980D39A51B9A39C84 own=true
EPOCH_CLOSE_ROUND t=1790077827109 epoch=1 round=1 leader=911999B2AEFA7ACC66EBD802B3301FF6CE431405107749D940277955CB7FDD07 leads=false
EPOCH_COMMITTEE t=1790077827114 derived_by=1 members=6 accounts=12114 n=318994723937516460619423573591188897449 digest=7AC2750B4E11E7FC04AC39650D88D9F7D69EFCF040136DD551859173E38D63B7 shares=["D315857C:17.7%", "65A90023:17.2%", "735FE217:16.9%", "911999B2:16.9%", EPOCH_COMMITTEE t=1790077827133 derived_by=1 members=6 accounts=12114 n=318994723937516460619423573591188897449 digest=7AC2750B4E11E7FC04AC39650D88D9F7D69EFCF040136DD551859173E38D63B7 shares=["D315857C:17.7%", "65A90023:17.2%", "735FE217:16.9%", "911999B2:16.9%", "633D9D61:16.0%", "A353E45E:15.2%"]
EPOCH_AGREED t=1790077827138 epoch=1 value=2955F1C5C95ADF0130EE0C78279AA9CF9D7EDCA085A99C8980D39A51B9A39C84
"633D9D61:16.0%", "A353E45E:15.2%"]
EPOCH_AGREED t=1790077827148 epoch=1 value=2955F1C5C95ADF0130EE0C78279AA9CF9D7EDCA085A99C8980D39A51B9A39C84
EPOCH_CLOSED t=1790077827454 epoch=1 round=0 value=2955F1C5C95ADF0130EE0C78279AA9CF9D7EDCA085A99C8980D39A51B9A39C84 own=true
EPOCH_COMMITTEE t=1790077827460 derived_by=1 members=6 accounts=12114 n=318994723937516460619423573591188897449 digest=7AC2750B4E11E7FC04AC39650D88D9F7D69EFCF040136DD551859173E38D63B7 shares=["D315857C:17.7%", "65A90023:17.2%", "735FE217:16.9%", "911999B2:16.9%", "633D9D61:16.0%", "A353E45E:15.2%"]
EPOCH_AGREED t=1790077827461 epoch=1 value=2955F1C5C95ADF0130EE0C78279AA9CF9D7EDCA085A99C8980D39A51B9A39C84
[2m2026-09-22T11:50:27.559698Z[0m [32m INFO[0m [2mnanospam::app[0m[2m:[0m Confirmed 37,864 blocks | 2,000 bps | 5,078 cps | avg conf time: 12167 ms
EPOCH_CLOSED t=1790077827780 epoch=1 round=0 value=2955F1C5C95ADF0130EE0C78279AA9CF9D7EDCA085A99C8980D39A51B9A39C84 own=true
EPOCH_COMMITTEE t=1790077827817 derived_by=1 members=6 accounts=12114 n=318994723937516460619423573591188897449 digest=7AC2750B4E11E7FC04AC39650D88D9F7D69EFCF040136DD551859173E38D63B7 shares=["D315857C:17.7%", "65A90023:17.2%", "735FE217:16.9%", "911999B2:16.9%", "633D9D61:16.0%", "A353E45E:15.2%"]
EPOCH_AGREED t=1790077827817 epoch=1 value=2955F1C5C95ADF0130EE0C78279AA9CF9D7EDCA085A99C8980D39A51B9A39C84
EPOCH_CLOSED t=1790077827855 epoch=1 round=0 value=2955F1C5C95ADF0130EE0C78279AA9CF9D7EDCA085A99C8980D39A51B9A39C84 own=true
EPOCH_COMMITTEE t=1790077827893 derived_by=1 members=6 accounts=12114 n=318994723937516460619423573591188897449 digest=7AC2750B4E11E7FC04AC39650D88D9F7D69EFCF040136DD551859173E38D63B7 shares=["D315857C:17.7%", "65A90023:17.2%", "735FE217:16.9%", "911999B2:16.9%", "633D9D61:16.0%", "A353E45E:15.2%"]
EPOCH_AGREED t=1790077827893 epoch=1 value=2955F1C5C95ADF0130EE0C78279AA9CF9D7EDCA085A99C8980D39A51B9A39C84
EPOCH_ENDED t=1790077828350 epoch=2 elections=2278 active=0
EPOCH_ENDED t=1790077828351 epoch=2 elections=2278 active=0
EPOCH_ENDED t=1790077828351 epoch=2 elections=2278 active=0
EPOCH_ENDED t=1790077828351 epoch=2 elections=2278 active=0
EPOCH_ENDED t=1790077828351 epoch=2 elections=2278 active=0
EPOCH_CLOSE_READY t=1790077828527 epoch=2 value=92955112D14F5BC1D49B91CD18C3D074F8E43FB152F3784621099A078B8268D3
EPOCH_CLOSE_ROUND t=1790077828527 epoch=2 round=0 leader=911999B2AEFA7ACC66EBD802B3301FF6CE431405107749D940277955CB7FDD07 leads=false
EPOCH_ADVANCED t=1790077828528 epoch=3 elections=2278 active=0
EPOCH_CLOSE_READY t=1790077828542 epoch=2 value=92955112D14F5BC1D49B91CD18C3D074F8E43FB152F3784621099A078B8268D3
EPOCH_CLOSE_ROUND t=1790077828542 epoch=2 round=0 leader=911999B2AEFA7ACC66EBD802B3301FF6CE431405107749D940277955CB7FDD07 leads=false
EPOCH_ADVANCED t=1790077828544 epoch=3 elections=2278 active=0
EPOCH_CLOSE_READY t=1790077828545 epoch=2 value=92955112D14F5BC1D49B91CD18C3D074F8E43FB152F3784621099A078B8268D3
EPOCH_CLOSE_ROUND t=1790077828545 epoch=2 round=0 leader=911999B2AEFA7ACC66EBD802B3301FF6CE431405107749D940277955CB7FDD07 leads=true
EPOCH_CLOSE_READY t=1790077828546 epoch=2 value=92955112D14F5BC1D49B91CD18C3D074F8E43FB152F3784621099A078B8268D3
EPOCH_ADVANCED t=1790077828546 epoch=3 elections=2278 active=0
EPOCH_CLOSE_ROUND t=1790077828546 epoch=2 round=0 leader=911999B2AEFA7ACC66EBD802B3301FF6CE431405107749D940277955CB7FDD07 leads=false
EPOCH_ADVANCED t=1790077828548 epoch=3 elections=2278 active=0
EPOCH_CLOSE_READY t=1790077828550 epoch=2 value=92955112D14F5BC1D49B91CD18C3D074F8E43FB152F3784621099A078B8268D3
EPOCH_CLOSE_ROUND t=1790077828550 epoch=2 round=0 leader=911999B2AEFA7ACC66EBD802B3301FF6CE431405107749D940277955CB7FDD07 leads=false
EPOCH_ADVANCED t=1790077828551 epoch=3 elections=2278 active=0
[2m2026-09-22T11:50:28.560639Z[0m [32m INFO[0m [2mnanospam::app[0m[2m:[0m Confirmed 42,719 blocks | 2,000 bps | 4,850 cps | avg conf time: 3555 ms
EPOCH_CLOSED t=1790077828807 epoch=2 round=0 value=92955112D14F5BC1D49B91CD18C3D074F8E43FB152F3784621099A078BEPOCH_CLOSED t=8268D3 own=true1790077828807 epoch=2
EPOCH_CLOSED t= round=0 value=92EPOCH_CLOSED t=95EPOCH_CLOSED t=17900778288075112D14F5BC11790077828807 epoch=2D49B91 round=01790077828807 epoch= value=922 round=0 value=9295955112D14F epoch=2 round=5112D14FCD180 value=5B929551C3C1D4125BD09B91CD74C1D1F84F5BC1D49B91CD18C3D4E4D074F8E43FB13F52F3784621099A18C3B109B9152F3D0747F8E43F8B8268D3 own=true78CD4621099A078B8268D3 own=B118C3D074F8E4true3FB152F352784621
0
9F39A078B8268D3 own=true
784621099A078B8268D3 own=true
EPOCH_COMMITTEE t=1790077828815 derived_by=2 members=6 accounts=12753 n=289998651272845299409281163632140903124 digest=25878E3A2312B7423390E3568A9BF09573B03D3E993967F6D7EEB8345AF052B7 shares=["D315857C:17.9%", "735FE217:17.0%", "911999B2:16.8%", "65A90023:16.6%", "633D9D61:15.9%", "A353E45E:15.9%"]
EPOCH_AGREED t=1790077828815 epoch=2 value=92955112D14F5BC1D49B91CD18C3D074F8E43FB152F3784621099A078B8268D3
EPOCH_COMMITTEE t=1790077828815 derived_by=2 members=6 accounts=12753 n=289998651272845299409281163632140903124 digest=25878E3A2312B7423390E3568A9BF09573B03D3E993967F6D7EEB8345AF052B7 shares=["D315857C:17.9%", "735FE217:17.0%", "911999B2:16.8%", "65A90023:16.6%", "633D9D61:15.9%", "A353E45E:15.9%"]
EPOCH_AGREED t=1790077828815 epoch=2 value=92955112D14F5BC1D49B91CD18C3D074F8E43FB152F3784621099A078B8268D3
EPOCH_COMMITTEE t=1790077828816 derived_by=2 members=6 accounts=12753 n=289998651272845299409281163632140903124 digest=25878E3A2312B7423390E3568A9BF09573B03D3E993967F6D7EEB8345AF052B7 shares=["D315857C:17.9%", "735FE217:17.0%", "911999B2:16.8%", "65A90023:16.6%", "633D9D61:15.9%", "A353E45E:15.9%"]
EPOCH_AGREED t=1790077828816 epoch=2 value=92955112D14F5BC1D49B91CD18C3D074F8E43FB152F3784621099A078B8268D3
EPOCH_COMMITTEE t=1790077828817 derived_by=2 members=6 accounts=12753 n=289998651272845299409281163632140903124 digest=25878E3A2312B7423390E3568A9BF09573B03D3E993967F6D7EEB8345AF052B7 shares=["D315857C:17.9%", "735FE217:17.0%", "911999B2:16.8%", "65A90023:16.6%", "633D9D61:15.9%", "A353E45E:15.9%"]
EPOCH_AGREED t=1790077828817 epoch=2 value=92955112D14F5BC1D49B91CD18C3D074F8E43FB152F3784621099A078B8268D3
EPOCH_COMMITTEE t=1790077828817 derived_by=2 members=6 accounts=12753 n=289998651272845299409281163632140903124 digest=25878E3A2312B7423390E3568A9BF09573B03D3E993967F6D7EEB8345AF052B7 shares=["D315857C:17.9%", "735FE217:17.0%", "911999B2:16.8%", "65A90023:16.6%", "633D9D61:15.9%", "A353E45E:15.9%"]
EPOCH_AGREED t=1790077828818 epoch=2 value=92955112D14F5BC1D49B91CD18C3D074F8E43FB152F3784621099A078B8268D3
[2m2026-09-22T11:50:29.563169Z[0m [32m INFO[0m [2mnanospam::app[0m[2m:[0m Confirmed 42,719 blocks | 2,000 bps | 0 cps | avg conf time: 0 ms
[2m2026-09-22T11:50:30.564820Z[0m [32m INFO[0m [2mnanospam::app[0m[2m:[0m Confirmed 42,719 blocks | 2,000 bps | 0 cps | avg conf time: 0 ms
[2m2026-09-22T11:50:31.565778Z[0m [32m INFO[0m [2mnanospam::app[0m[2m:[0m Confirmed 42,719 blocks | 2,000 bps | 0 cps | avg conf time: 0 ms
[2m2026-09-22T11:50:32.567846Z[0m [32m INFO[0m [2mnanospam::app[0m[2m:[0m Confirmed 42,719 blocks | 2,000 bps | 0 cps | avg conf time: 0 ms
[2m2026-09-22T11:50:33.569689Z[0m [32m INFO[0m [2mnanospam::app[0m[2m:[0m Confirmed 42,719 blocks | 2,000 bps | 0 cps | avg conf time: 0 ms
[2m2026-09-22T11:50:34.571475Z[0m [32m INFO[0m [2mnanospam::app[0m[2m:[0m Confirmed 42,719 blocks | 2,000 bps | 0 cps | avg conf time: 0 ms
[2m2026-09-22T11:50:35.573352Z[0m [32m INFO[0m [2mnanospam::app[0m[2m:[0m Confirmed 42,719 blocks | 2,000 bps | 0 cps | avg conf time: 0 ms
[2m2026-09-22T11:50:36.575115Z[0m [32m INFO[0m [2mnanospam::app[0m[2m:[0m Confirmed 42,719 blocks | 2,000 bps | 0 cps | avg conf time: 0 ms
[2m2026-09-22T11:50:37.577029Z[0m [32m INFO[0m [2mnanospam::app[0m[2m:[0m Confirmed 42,719 blocks | 2,000 bps | 0 cps | avg conf time: 0 ms
[2m2026-09-22T11:50:38.579106Z[0m [32m INFO[0m [2mnanospam::app[0m[2m:[0m Confirmed 42,719 blocks | 2,000 bps | 0 cps | avg conf time: 0 ms
[2m2026-09-22T11:50:39.581796Z[0m [32m INFO[0m [2mnanospam::app[0m[2m:[0m Confirmed 42,719 blocks | 2,000 bps | 0 cps | avg conf time: 0 ms
[2m2026-09-22T11:50:40.582795Z[0m [32m INFO[0m [2mnanospam::app[0m[2m:[0m Confirmed 42,719 blocks | 2,000 bps | 0 cps | avg conf time: 0 ms
[2m2026-09-22T11:50:41.584457Z[0m [32m INFO[0m [2mnanospam::app[0m[2m:[0m Confirmed 42,719 blocks | 2,000 bps | 0 cps | avg conf time: 0 ms
[2m2026-09-22T11:50:42.586362Z[0m [32m INFO[0m [2mnanospam::app[0m[2m:[0m Confirmed 42,719 blocks | 2,000 bps | 0 cps | avg conf time: 0 ms
[2m2026-09-22T11:50:43.588408Z[0m [32m INFO[0m [2mnanospam::app[0m[2m:[0m Confirmed 42,719 blocks | 2,000 bps | 0 cps | avg conf time: 0 ms
[2m2026-09-22T11:50:44.589023Z[0m [32m INFO[0m [2mnanospam::app[0m[2m:[0m Confirmed 42,719 blocks | 2,000 bps | 0 cps | avg conf time: 0 ms
[2m2026-09-22T11:50:45.591381Z[0m [32m INFO[0m [2mnanospam::app[0m[2m:[0m Confirmed 42,719 blocks | 2,000 bps | 0 cps | avg conf time: 0 ms
[2m2026-09-22T11:50:46.592616Z[0m [32m INFO[0m [2mnanospam::app[0m[2m:[0m Confirmed 42,719 blocks | 2,000 bps | 0 cps | avg conf time: 0 ms
[2m2026-09-22T11:50:47.593957Z[0m [32m INFO[0m [2mnanospam::app[0m[2m:[0m Confirmed 42,719 blocks | 2,000 bps | 0 cps | avg conf time: 0 ms
[2m2026-09-22T11:50:48.596281Z[0m [32m INFO[0m [2mnanospam::app[0m[2m:[0m Confirmed 42,719 blocks | 2,000 bps | 0 cps | avg conf time: 0 ms
cleanup done
