2026-10-08T10:16:07.439971Z  INFO nanospam::setup::account_map_factory: Creating account keys file with 45000 keys: "/var/folders/1y/px089b2s6f9d893xp1p4c7wh0000gn/T/rai-gate-b-0wbd0zem/account_keys.txt"
2026-10-08T10:16:08.176890Z  INFO nanospam::setup::node_config_factory: ********************************************************************************
2026-10-08T10:16:08.176906Z  INFO nanospam::setup::node_config_factory: Setting up node PR0...
2026-10-08T10:16:08.176910Z  INFO nanospam::setup::node_config_factory: Creating directory "/var/folders/1y/px089b2s6f9d893xp1p4c7wh0000gn/T/rai-gate-b-0wbd0zem/pr0"
2026-10-08T10:16:08.176993Z  INFO nanospam::setup::node_config_factory: Creating node config file: "/var/folders/1y/px089b2s6f9d893xp1p4c7wh0000gn/T/rai-gate-b-0wbd0zem/pr0/config-node.toml"
2026-10-08T10:16:08.177103Z  INFO nanospam::setup::node_config_factory: Creating rpc config file: "/var/folders/1y/px089b2s6f9d893xp1p4c7wh0000gn/T/rai-gate-b-0wbd0zem/pr0/config-rpc.toml"
2026-10-08T10:16:08.177170Z  INFO nanospam::setup::node_config_factory: ********************************************************************************
2026-10-08T10:16:08.177174Z  INFO nanospam::setup::node_config_factory: Setting up node PR1...
2026-10-08T10:16:08.177177Z  INFO nanospam::setup::node_config_factory: Creating directory "/var/folders/1y/px089b2s6f9d893xp1p4c7wh0000gn/T/rai-gate-b-0wbd0zem/pr1"
2026-10-08T10:16:08.177225Z  INFO nanospam::setup::node_config_factory: Creating node config file: "/var/folders/1y/px089b2s6f9d893xp1p4c7wh0000gn/T/rai-gate-b-0wbd0zem/pr1/config-node.toml"
2026-10-08T10:16:08.177306Z  INFO nanospam::setup::node_config_factory: Creating rpc config file: "/var/folders/1y/px089b2s6f9d893xp1p4c7wh0000gn/T/rai-gate-b-0wbd0zem/pr1/config-rpc.toml"
2026-10-08T10:16:08.177371Z  INFO nanospam::setup::node_config_factory: ********************************************************************************
2026-10-08T10:16:08.177374Z  INFO nanospam::setup::node_config_factory: Setting up node PR2...
2026-10-08T10:16:08.177377Z  INFO nanospam::setup::node_config_factory: Creating directory "/var/folders/1y/px089b2s6f9d893xp1p4c7wh0000gn/T/rai-gate-b-0wbd0zem/pr2"
2026-10-08T10:16:08.177420Z  INFO nanospam::setup::node_config_factory: Creating node config file: "/var/folders/1y/px089b2s6f9d893xp1p4c7wh0000gn/T/rai-gate-b-0wbd0zem/pr2/config-node.toml"
2026-10-08T10:16:08.177496Z  INFO nanospam::setup::node_config_factory: Creating rpc config file: "/var/folders/1y/px089b2s6f9d893xp1p4c7wh0000gn/T/rai-gate-b-0wbd0zem/pr2/config-rpc.toml"
2026-10-08T10:16:08.177556Z  INFO nanospam::setup::node_config_factory: ********************************************************************************
2026-10-08T10:16:08.177560Z  INFO nanospam::setup::node_config_factory: Setting up node PR3...
2026-10-08T10:16:08.177563Z  INFO nanospam::setup::node_config_factory: Creating directory "/var/folders/1y/px089b2s6f9d893xp1p4c7wh0000gn/T/rai-gate-b-0wbd0zem/pr3"
2026-10-08T10:16:08.177601Z  INFO nanospam::setup::node_config_factory: Creating node config file: "/var/folders/1y/px089b2s6f9d893xp1p4c7wh0000gn/T/rai-gate-b-0wbd0zem/pr3/config-node.toml"
2026-10-08T10:16:08.177671Z  INFO nanospam::setup::node_config_factory: Creating rpc config file: "/var/folders/1y/px089b2s6f9d893xp1p4c7wh0000gn/T/rai-gate-b-0wbd0zem/pr3/config-rpc.toml"
2026-10-08T10:16:08.177736Z  INFO nanospam::setup::node_config_factory: ********************************************************************************
2026-10-08T10:16:08.177740Z  INFO nanospam::setup::node_config_factory: Setting up node PR4...
2026-10-08T10:16:08.177743Z  INFO nanospam::setup::node_config_factory: Creating directory "/var/folders/1y/px089b2s6f9d893xp1p4c7wh0000gn/T/rai-gate-b-0wbd0zem/pr4"
2026-10-08T10:16:08.177785Z  INFO nanospam::setup::node_config_factory: Creating node config file: "/var/folders/1y/px089b2s6f9d893xp1p4c7wh0000gn/T/rai-gate-b-0wbd0zem/pr4/config-node.toml"
2026-10-08T10:16:08.177866Z  INFO nanospam::setup::node_config_factory: Creating rpc config file: "/var/folders/1y/px089b2s6f9d893xp1p4c7wh0000gn/T/rai-gate-b-0wbd0zem/pr4/config-rpc.toml"
2026-10-08T10:16:08.177933Z  INFO nanospam::setup::node_config_factory: ********************************************************************************
2026-10-08T10:16:08.177936Z  INFO nanospam::setup::node_config_factory: Setting up node PR5...
2026-10-08T10:16:08.177938Z  INFO nanospam::setup::node_config_factory: Creating directory "/var/folders/1y/px089b2s6f9d893xp1p4c7wh0000gn/T/rai-gate-b-0wbd0zem/pr5"
2026-10-08T10:16:08.177978Z  INFO nanospam::setup::node_config_factory: Creating node config file: "/var/folders/1y/px089b2s6f9d893xp1p4c7wh0000gn/T/rai-gate-b-0wbd0zem/pr5/config-node.toml"
2026-10-08T10:16:08.178044Z  INFO nanospam::setup::node_config_factory: Creating rpc config file: "/var/folders/1y/px089b2s6f9d893xp1p4c7wh0000gn/T/rai-gate-b-0wbd0zem/pr5/config-rpc.toml"
2026-10-08T10:16:08.178133Z  INFO nanospam::setup::node_launcher: Starting node: NANO_TEST_GENESIS_BLOCK="{\n    \"type\": \"open\",\n    \"account\": \"nano_3nroioygg54nusrmyun4woimqex36sp3drnctdt5955uqu47fxbkrxk7n7ne\",\n    \"source\": \"D315857CE70C54DE713F6E82E5613BB3A1266C15E28AD2F4338C7BBEC456F532\",\n    \"representative\": \"nano_3nroioygg54nusrmyun4woimqex36sp3drnctdt5955uqu47fxbkrxk7n7ne\",\n    \"signature\": \"3F6792C2DC623DF2E8643777160AB983B66B337E2478E13D2C3448126A8F4CD8DCCD19803C158A057FA44060AE0EFC09B1C311CB4FBF42F8D240610B38F56E08\",\n    \"work\": \"70FEF01F7EC45DEC\"\n    }" NANO_TEST_GENESIS_PRV ="49643F9B10CA1AA34F9AF8ED4AABD29F436104CCC375974B108534A48EAE3FE1" "rsnano" "--network" "test" "--data-path" "/var/folders/1y/px089b2s6f9d893xp1p4c7wh0000gn/T/rai-gate-b-0wbd0zem/pr0" "node" "run"
2026-10-08T10:16:08.178738Z  INFO nanospam::setup::node_launcher: Waiting for RPC...
2026-10-08T10:16:08.281804Z  INFO nanospam::setup::node_launcher: Starting node: NANO_TEST_GENESIS_BLOCK="{\n    \"type\": \"open\",\n    \"account\": \"nano_3nroioygg54nusrmyun4woimqex36sp3drnctdt5955uqu47fxbkrxk7n7ne\",\n    \"source\": \"D315857CE70C54DE713F6E82E5613BB3A1266C15E28AD2F4338C7BBEC456F532\",\n    \"representative\": \"nano_3nroioygg54nusrmyun4woimqex36sp3drnctdt5955uqu47fxbkrxk7n7ne\",\n    \"signature\": \"3F6792C2DC623DF2E8643777160AB983B66B337E2478E13D2C3448126A8F4CD8DCCD19803C158A057FA44060AE0EFC09B1C311CB4FBF42F8D240610B38F56E08\",\n    \"work\": \"70FEF01F7EC45DEC\"\n    }" NANO_TEST_GENESIS_PRV ="49643F9B10CA1AA34F9AF8ED4AABD29F436104CCC375974B108534A48EAE3FE1" "rsnano" "--network" "test" "--data-path" "/var/folders/1y/px089b2s6f9d893xp1p4c7wh0000gn/T/rai-gate-b-0wbd0zem/pr1" "node" "run"
2026-10-08T10:16:08.282495Z  INFO nanospam::setup::node_launcher: Waiting for RPC...
2026-10-08T10:16:08.385592Z  INFO nanospam::setup::node_launcher: Starting node: NANO_TEST_GENESIS_BLOCK="{\n    \"type\": \"open\",\n    \"account\": \"nano_3nroioygg54nusrmyun4woimqex36sp3drnctdt5955uqu47fxbkrxk7n7ne\",\n    \"source\": \"D315857CE70C54DE713F6E82E5613BB3A1266C15E28AD2F4338C7BBEC456F532\",\n    \"representative\": \"nano_3nroioygg54nusrmyun4woimqex36sp3drnctdt5955uqu47fxbkrxk7n7ne\",\n    \"signature\": \"3F6792C2DC623DF2E8643777160AB983B66B337E2478E13D2C3448126A8F4CD8DCCD19803C158A057FA44060AE0EFC09B1C311CB4FBF42F8D240610B38F56E08\",\n    \"work\": \"70FEF01F7EC45DEC\"\n    }" NANO_TEST_GENESIS_PRV ="49643F9B10CA1AA34F9AF8ED4AABD29F436104CCC375974B108534A48EAE3FE1" "rsnano" "--network" "test" "--data-path" "/var/folders/1y/px089b2s6f9d893xp1p4c7wh0000gn/T/rai-gate-b-0wbd0zem/pr2" "node" "run"
2026-10-08T10:16:08.386494Z  INFO nanospam::setup::node_launcher: Waiting for RPC...
2026-10-08T10:16:08.489683Z  INFO nanospam::setup::node_launcher: Starting node: NANO_TEST_GENESIS_BLOCK="{\n    \"type\": \"open\",\n    \"account\": \"nano_3nroioygg54nusrmyun4woimqex36sp3drnctdt5955uqu47fxbkrxk7n7ne\",\n    \"source\": \"D315857CE70C54DE713F6E82E5613BB3A1266C15E28AD2F4338C7BBEC456F532\",\n    \"representative\": \"nano_3nroioygg54nusrmyun4woimqex36sp3drnctdt5955uqu47fxbkrxk7n7ne\",\n    \"signature\": \"3F6792C2DC623DF2E8643777160AB983B66B337E2478E13D2C3448126A8F4CD8DCCD19803C158A057FA44060AE0EFC09B1C311CB4FBF42F8D240610B38F56E08\",\n    \"work\": \"70FEF01F7EC45DEC\"\n    }" NANO_TEST_GENESIS_PRV ="49643F9B10CA1AA34F9AF8ED4AABD29F436104CCC375974B108534A48EAE3FE1" "rsnano" "--network" "test" "--data-path" "/var/folders/1y/px089b2s6f9d893xp1p4c7wh0000gn/T/rai-gate-b-0wbd0zem/pr3" "node" "run"
2026-10-08T10:16:08.490613Z  INFO nanospam::setup::node_launcher: Waiting for RPC...
2026-10-08T10:16:08.594062Z  INFO nanospam::setup::node_launcher: Starting node: NANO_TEST_GENESIS_BLOCK="{\n    \"type\": \"open\",\n    \"account\": \"nano_3nroioygg54nusrmyun4woimqex36sp3drnctdt5955uqu47fxbkrxk7n7ne\",\n    \"source\": \"D315857CE70C54DE713F6E82E5613BB3A1266C15E28AD2F4338C7BBEC456F532\",\n    \"representative\": \"nano_3nroioygg54nusrmyun4woimqex36sp3drnctdt5955uqu47fxbkrxk7n7ne\",\n    \"signature\": \"3F6792C2DC623DF2E8643777160AB983B66B337E2478E13D2C3448126A8F4CD8DCCD19803C158A057FA44060AE0EFC09B1C311CB4FBF42F8D240610B38F56E08\",\n    \"work\": \"70FEF01F7EC45DEC\"\n    }" NANO_TEST_GENESIS_PRV ="49643F9B10CA1AA34F9AF8ED4AABD29F436104CCC375974B108534A48EAE3FE1" "rsnano" "--network" "test" "--data-path" "/var/folders/1y/px089b2s6f9d893xp1p4c7wh0000gn/T/rai-gate-b-0wbd0zem/pr4" "node" "run"
2026-10-08T10:16:08.595372Z  INFO nanospam::setup::node_launcher: Waiting for RPC...
2026-10-08T10:16:08.697935Z  INFO nanospam::setup::node_launcher: Starting node: NANO_TEST_GENESIS_BLOCK="{\n    \"type\": \"open\",\n    \"account\": \"nano_3nroioygg54nusrmyun4woimqex36sp3drnctdt5955uqu47fxbkrxk7n7ne\",\n    \"source\": \"D315857CE70C54DE713F6E82E5613BB3A1266C15E28AD2F4338C7BBEC456F532\",\n    \"representative\": \"nano_3nroioygg54nusrmyun4woimqex36sp3drnctdt5955uqu47fxbkrxk7n7ne\",\n    \"signature\": \"3F6792C2DC623DF2E8643777160AB983B66B337E2478E13D2C3448126A8F4CD8DCCD19803C158A057FA44060AE0EFC09B1C311CB4FBF42F8D240610B38F56E08\",\n    \"work\": \"70FEF01F7EC45DEC\"\n    }" NANO_TEST_GENESIS_PRV ="49643F9B10CA1AA34F9AF8ED4AABD29F436104CCC375974B108534A48EAE3FE1" "rsnano" "--network" "test" "--data-path" "/var/folders/1y/px089b2s6f9d893xp1p4c7wh0000gn/T/rai-gate-b-0wbd0zem/pr5" "node" "run"
2026-10-08T10:16:08.699421Z  INFO nanospam::setup::node_launcher: Waiting for RPC...
2026-10-08T10:16:08.803408Z  INFO nanospam::wallets_factory: Creating wallet...
2026-10-08T10:16:08.880546Z  INFO nanospam::wallets_factory: Setting default representative...
2026-10-08T10:16:08.880917Z  INFO nanospam::wallets_factory: Creating wallet...
2026-10-08T10:16:08.925458Z  INFO nanospam::wallets_factory: Setting default representative...
2026-10-08T10:16:08.925755Z  INFO nanospam::wallets_factory: Sending Ӿ56,547,061 to PR1 wallet nano_3atmwjh8t11psdqf3qx6xjfiei94oajch6zsyauowxzjogbbgz168g5mp8f1 ...
2026-10-08T10:16:08.926207Z  INFO nanospam::wallets_factory: Waiting for confirmation for 70B574FB519B8DEA27D8F4952C2E7B0378B009608D6FC967984D3C83440C9C3D
2026-10-08T10:16:24.128701Z  INFO nanospam::wallets_factory: Receiving...
2026-10-08T10:16:24.130904Z  INFO nanospam::wallets_factory: Waiting for confirmation for 011C6AC2721054F46B03A50885AF48083A4A685154A55D85116DBCE413673F86
2026-10-08T10:16:24.233796Z  INFO nanospam::wallets_factory: DONE
2026-10-08T10:16:24.233914Z  INFO nanospam::wallets_factory: ********************************************************************************
2026-10-08T10:16:24.233933Z  INFO nanospam::wallets_factory: Creating wallet...
2026-10-08T10:16:24.315692Z  INFO nanospam::wallets_factory: Setting default representative...
2026-10-08T10:16:24.316067Z  INFO nanospam::wallets_factory: Sending Ӿ56,547,061 to PR2 wallet nano_36asm8scxymtsjmgqp14per3zxpgaec1c65qb9en1buscq7qzqa93tfyyzs3 ...
2026-10-08T10:16:24.316548Z  INFO nanospam::wallets_factory: Waiting for confirmation for 76B3937072C015B69E45D5458B47CF52A54A38F8ED441B0E21561A3048243E90
2026-10-08T10:16:24.521972Z  INFO nanospam::wallets_factory: Receiving...
2026-10-08T10:16:24.523969Z  INFO nanospam::wallets_factory: Waiting for confirmation for 402DCF4725254BECF5C5CB5F707C169725EE114819D289F8A5477C2FFF19BDC0
2026-10-08T10:16:24.730249Z  INFO nanospam::wallets_factory: DONE
2026-10-08T10:16:24.730392Z  INFO nanospam::wallets_factory: ********************************************************************************
2026-10-08T10:16:24.730410Z  INFO nanospam::wallets_factory: Creating wallet...
2026-10-08T10:16:24.811578Z  INFO nanospam::wallets_factory: Setting default representative...
2026-10-08T10:16:24.811883Z  INFO nanospam::wallets_factory: Sending Ӿ56,547,061 to PR3 wallet nano_1sfb11jzfi8k51fcnrzi1qe3qh1e1jkic3h45oak9yfg5yhbkczzxfwtat7m ...
2026-10-08T10:16:24.812265Z  INFO nanospam::wallets_factory: Waiting for confirmation for FF4589BE1759B38CC94ABA0AE4FE6644845FE957C02EA9CEA669A28C8D1ADE97
2026-10-08T10:16:40.082705Z  INFO nanospam::wallets_factory: Receiving...
2026-10-08T10:16:40.085539Z  INFO nanospam::wallets_factory: Waiting for confirmation for 1210B877FF188F4FF352C0EDE856AA702A1D6763EFA96EA84BB10519898BE6D0
2026-10-08T10:16:40.190119Z  INFO nanospam::wallets_factory: DONE
2026-10-08T10:16:40.190236Z  INFO nanospam::wallets_factory: ********************************************************************************
2026-10-08T10:16:40.190264Z  INFO nanospam::wallets_factory: Creating wallet...
2026-10-08T10:16:40.270715Z  INFO nanospam::wallets_factory: Setting default representative...
2026-10-08T10:16:40.271060Z  INFO nanospam::wallets_factory: Sending Ӿ56,547,061 to PR4 wallet nano_1rsxmoinip7d4wafdp855194n43fs7s1jgne6tx8ruatiu6g89815pddzijp ...
2026-10-08T10:16:40.271545Z  INFO nanospam::wallets_factory: Waiting for confirmation for 23D89F3531AC5EE2378D3606C70B24D2A7B9016B8ADB1A970E6B1D9E7576186D
2026-10-08T10:16:40.478962Z  INFO nanospam::wallets_factory: Receiving...
2026-10-08T10:16:40.481317Z  INFO nanospam::wallets_factory: Waiting for confirmation for 8D401F6072C9B3A9EFBA68DA33CC97FF1D15EEB9F09CE4731C1A7614578C3E56
2026-10-08T10:16:40.689092Z  INFO nanospam::wallets_factory: DONE
2026-10-08T10:16:40.689197Z  INFO nanospam::wallets_factory: ********************************************************************************
2026-10-08T10:16:40.689233Z  INFO nanospam::wallets_factory: Creating wallet...
2026-10-08T10:16:40.772538Z  INFO nanospam::wallets_factory: Setting default representative...
2026-10-08T10:16:40.772931Z  INFO nanospam::wallets_factory: Sending Ӿ56,547,061 to PR5 wallet nano_1wtzwadxk9naxc356m4rienp93ht131w7ypadk39qck8uah3bg3zohsmj9th ...
2026-10-08T10:16:40.773351Z  INFO nanospam::wallets_factory: Waiting for confirmation for A5666BC59C8DD98A7E52D6F61006629E4EDB37063C12A73BFB41D35538B371CA
2026-10-08T10:16:56.091871Z  INFO nanospam::wallets_factory: Receiving...
2026-10-08T10:16:56.094721Z  INFO nanospam::wallets_factory: Waiting for confirmation for 49EEF9EFFD843E7FE6FB8D0DE0A19E8B88DBE91F26F5FDDB0E8862DEF7553864
2026-10-08T10:16:56.305394Z  INFO nanospam::wallets_factory: DONE
2026-10-08T10:16:56.305540Z  INFO nanospam::wallets_factory: ********************************************************************************
2026-10-08T10:16:56.305664Z  INFO nanospam::wallets_factory: Sending initial spam amount...
2026-10-08T10:16:56.307763Z  INFO nanospam::wallets_factory: Waiting for confirmation for D7900FC51212B026DF295D0F5CE99547A877E1272910ADF5915EC16D17D86291
2026-10-08T10:16:56.516161Z  INFO nanospam::wallets_factory: Receiving initial spam amount...
2026-10-08T10:16:56.517860Z  INFO nanospam::wallets_factory: Waiting for confirmation for 375757B2A7792F291D3ECFF61EF52C3AF2D0F431E6E6D1108534164F6DBDA1C6
2026-10-08T10:16:56.725907Z  INFO nanospam::wallets_factory: Seeding Ӿ142,857 to nano_13845xoig6q4snsn8rj1bd6ow4cqpr5himkfo6i671eqrfextudw7m7ftmwb for representative D315857CE70C54DE713F6E82E5613BB3A1266C15E28AD2F4338C7BBEC456F532
2026-10-08T10:16:56.727300Z  INFO nanospam::wallets_factory: Waiting for confirmation for 5FDC874176FE1483FB1F02648BE3D066E7ED0F172C638FE10B07DF6AD3390F55
2026-10-08T10:16:56.938584Z  INFO nanospam::wallets_factory: Waiting for confirmation for 030F51CE490D5E10E837D1E75A0806E5343C4072235FA0710753E91DE11DE022
2026-10-08T10:16:57.145751Z  INFO nanospam::wallets_factory: Seeding Ӿ142,857 to nano_3qxj17ioyttnx389c7xo6e55oxucq1xf4emj97kp99qmc9qpnqj8add5hr3t for representative A353E45E6D0016CAEED0DFA4EC5B0640E2AA22A793F9F2375E77F1AB92977C04
2026-10-08T10:16:57.147189Z  INFO nanospam::wallets_factory: Waiting for confirmation for 5E13E3262EEE3BA2CADAFEC1E54E739F25059024FCE6540A419B68E32D8F1D00
2026-10-08T10:16:57.357741Z  INFO nanospam::wallets_factory: Waiting for confirmation for 9882857F40CB72A35739AA5DE8D673CBF0F8F125042CAD5E4AA2C88027FEF42C
2026-10-08T10:16:57.567087Z  INFO nanospam::wallets_factory: Seeding Ӿ142,857 to nano_3dixyringy96mbcw844amkd7i3p1a8c9kttx3c4edtkszra8cbuhniddyky7 for representative 911999B2AEFA7ACC66EBD802B3301FF6CE431405107749D940277955CB7FDD07
2026-10-08T10:16:57.568348Z  INFO nanospam::wallets_factory: Waiting for confirmation for 669FA59D89D8DECC6E86AE6C903456571D71D9372399B62591A7A118DA744E60
2026-10-08T10:16:57.778766Z  INFO nanospam::wallets_factory: Waiting for confirmation for 3B08BDCCBFBB0DF3C7E28B7A0E8F91F984C0CA8004583862A4475E4981353303
2026-10-08T10:16:57.884079Z  INFO nanospam::wallets_factory: Seeding Ӿ142,857 to nano_3kfjophks44jrhr9gqk39k4kcwemtwcjmiiz5t1o1i8suocwt3yef68osek6 for representative 65A90023F6C0D2181AAA63F005D81BBC0C04650505E21D5123F9AE1F9E992BFF
2026-10-08T10:16:57.885630Z  INFO nanospam::wallets_factory: Waiting for confirmation for 7ACA89DCB5C6D7CD759F3A40DC0897BFCD8BABBF7C4EE5B5B969CF6A43707CD3
2026-10-08T10:16:57.992091Z  INFO nanospam::wallets_factory: Waiting for confirmation for 88E9A8680012A5B2936CB98B9AD45DA1A74A052E3849C9034F6537B3CDF7B7B0
2026-10-08T10:16:58.096329Z  INFO nanospam::wallets_factory: Seeding Ӿ142,857 to nano_3kkqxmmptufne9tkaarajgzwdz58ticzw5i9rg3o8nz1jx6m57ookscgnhnh for representative 633D9D614858AB1710D5D8C3180E2A082DC97208BA8C26BA6C6D1A86C8E31CC0
2026-10-08T10:16:58.097403Z  INFO nanospam::wallets_factory: Waiting for confirmation for 0C91941C8DEF3055BCBBF061F68D68EC9DEA9C4FCD324AB826FF55F4B7A8CBA9
2026-10-08T10:16:58.203206Z  INFO nanospam::wallets_factory: Waiting for confirmation for C03E124FE48EF3C147618736825694AA8CE1D466F0FAE6FDBC2BBB0423A44E08
2026-10-08T10:16:58.308582Z  INFO nanospam::wallets_factory: Seeding Ӿ142,857 to nano_3ddkz8dnoi1iizpypjg39y51xqknk4b73rbhghuzi399ckrcuyoa3idnucdm for representative 735FE217D91E88EA82324C5883296385FA0041C2FAC85C827BAA46DA1E14B83F
2026-10-08T10:16:58.309656Z  INFO nanospam::wallets_factory: Waiting for confirmation for 4DED51492F108BC69F5648EDCB3AC2D6F9EFED3859BBEE51E4A5D7ADF60D3735
2026-10-08T10:16:58.416219Z  INFO nanospam::wallets_factory: Waiting for confirmation for A9B21BE6C5A13556BE786C69B38625DF0439866B13A24088CF331B4CE565CDFD
2026-10-08T10:16:58.522508Z  INFO nanospam::high_prio_check: Creating high priority accounts...
2026-10-08T10:16:58.550479Z  INFO nanospam::high_prio_check: Waiting for confirmations...
2026-10-08T10:17:00.732407Z  INFO nanospam::app: Waiting for all PRs to see the full quorum...
2026-10-08T10:17:10.947107Z  INFO nanospam::app: Republished the genesis chain to all PRs
2026-10-08T10:17:15.869191Z  INFO nanospam::app: Republished the genesis chain to all PRs
2026-10-08T10:17:20.792910Z  INFO nanospam::app: Republished the genesis chain to all PRs
2026-10-08T10:17:25.917814Z  INFO nanospam::app: Republished the genesis chain to all PRs
2026-10-08T10:17:26.735254Z  INFO nanospam::app: All PRs see the full quorum after 26.003438583s
2026-10-08T10:17:26.735364Z  INFO nanospam::app: Waiting for all PRs to hold the same cemented ledger...
2026-10-08T10:17:26.736911Z  INFO nanospam::app: All PRs hold the same ledger of 65 blocks after 1.512125ms
EPOCH_COMMITTEE derived_by=genesis members=6 accounts=33 n=6 digest=95D409445152DD075E6A4799205DFA5689496EB8EE1A22AC2A200B9DBC2DCF27 shares=["A353E45E:16.7%", "65A90023:16.7%", "D315857C:16.7%", "911999B2:16.7%", "633D9D61:16.7%", "735FE217:16.7%"] t=1791454646737
EPOCH_START epoch=0 elections=0 t=1791454646737
EPOCH_COMMITTEE derived_by=genesis members=6 accounts=33 n=6 digest=95D409445152DD075E6A4799205DFA5689496EB8EE1A22AC2A200B9DBC2DCF27 shares=["A353E45E:16.7%", "65A90023:16.7%", "D315857C:16.7%", "911999B2:16.7%", "633D9D61:16.7%", "735FE217:16.7%"] t=1791454646738
EPOCH_START epoch=0 elections=0 t=1791454646738
EPOCH_COMMITTEE derived_by=genesis members=6 accounts=33 n=6 digest=95D409445152DD075E6A4799205DFA5689496EB8EE1A22AC2A200B9DBC2DCF27 shares=["A353E45E:16.7%", "65A90023:16.7%", "D315857C:16.7%", "911999B2:16.7%", "633D9D61:16.7%", "735FE217:16.7%"] t=1791454646738
EPOCH_START epoch=0 elections=0 t=1791454646738
EPOCH_COMMITTEE derived_by=genesis members=6 accounts=33 n=6 digest=95D409445152DD075E6A4799205DFA5689496EB8EE1A22AC2A200B9DBC2DCF27 shares=["A353E45E:16.7%", "65A90023:16.7%", "D315857C:16.7%", "911999B2:16.7%", "633D9D61:16.7%", "735FE217:16.7%"] t=1791454646739
EPOCH_START epoch=0 elections=0 t=1791454646739
EPOCH_COMMITTEE derived_by=genesis members=6 accounts=33 n=6 digest=95D409445152DD075E6A4799205DFA5689496EB8EE1A22AC2A200B9DBC2DCF27 shares=["A353E45E:16.7%", "65A90023:16.7%", "D315857C:16.7%", "911999B2:16.7%", "633D9D61:16.7%", "735FE217:16.7%"] t=1791454646739
EPOCH_START epoch=0 elections=0 t=1791454646739
EPOCH_COMMITTEE derived_by=genesis members=6 accounts=33 n=6 digest=95D409445152DD075E6A4799205DFA5689496EB8EE1A22AC2A200B9DBC2DCF27 shares=["A353E45E:16.7%", "65A90023:16.7%", "D315857C:16.7%", "911999B2:16.7%", "633D9D61:16.7%", "735FE217:16.7%"] t=1791454646740
EPOCH_START epoch=0 elections=0 t=1791454646740
2026-10-08T10:17:26.740912Z  INFO nanospam::app: Started the epochs on every PR
2026-10-08T10:17:26.740940Z  INFO nanospam::app: Connecting to node PR0... peer_addr=[::1]:17075
2026-10-08T10:17:26.741377Z  INFO nanospam::app: Performing handshake...
2026-10-08T10:17:26.742220Z  INFO nanospam::app: Performing handshake...
2026-10-08T10:17:26.754479Z  INFO nanospam::app: Performing handshake...
2026-10-08T10:17:26.766269Z  INFO nanospam::app: Performing handshake...
2026-10-08T10:17:26.778453Z  INFO nanospam::app: Connecting to node PR1... peer_addr=[::1]:17085
2026-10-08T10:17:26.778784Z  INFO nanospam::app: Performing handshake...
2026-10-08T10:17:26.779736Z  INFO nanospam::app: Performing handshake...
2026-10-08T10:17:26.791290Z  INFO nanospam::app: Performing handshake...
2026-10-08T10:17:26.803797Z  INFO nanospam::app: Performing handshake...
2026-10-08T10:17:26.814778Z  INFO nanospam::app: Connecting to node PR2... peer_addr=[::1]:17095
2026-10-08T10:17:26.815065Z  INFO nanospam::app: Performing handshake...
2026-10-08T10:17:26.815968Z  INFO nanospam::app: Performing handshake...
2026-10-08T10:17:26.827394Z  INFO nanospam::app: Performing handshake...
2026-10-08T10:17:26.838641Z  INFO nanospam::app: Performing handshake...
2026-10-08T10:17:26.849828Z  INFO nanospam::app: Connecting to node PR3... peer_addr=[::1]:17105
2026-10-08T10:17:26.850084Z  INFO nanospam::app: Performing handshake...
2026-10-08T10:17:26.850996Z  INFO nanospam::app: Performing handshake...
2026-10-08T10:17:26.862350Z  INFO nanospam::app: Performing handshake...
2026-10-08T10:17:26.873703Z  INFO nanospam::app: Performing handshake...
2026-10-08T10:17:26.884589Z  INFO nanospam::app: Connecting to node PR4... peer_addr=[::1]:17115
2026-10-08T10:17:26.884847Z  INFO nanospam::app: Performing handshake...
2026-10-08T10:17:26.885735Z  INFO nanospam::app: Performing handshake...
2026-10-08T10:17:26.897633Z  INFO nanospam::app: Performing handshake...
2026-10-08T10:17:26.908987Z  INFO nanospam::app: Performing handshake...
2026-10-08T10:17:26.920084Z  INFO nanospam::app: Connecting to node PR5... peer_addr=[::1]:17125
2026-10-08T10:17:26.920366Z  INFO nanospam::app: Performing handshake...
2026-10-08T10:17:26.921251Z  INFO nanospam::app: Performing handshake...
2026-10-08T10:17:26.932979Z  INFO nanospam::app: Performing handshake...
2026-10-08T10:17:26.944310Z  INFO nanospam::app: Performing handshake...
2026-10-08T10:17:26.955340Z  INFO nanospam::app: Connecting to websocket...
2026-10-08T10:17:26.956296Z  INFO nanospam::app: Starting with 2000 BPS
2026-10-08T10:17:27.956769Z  INFO nanospam::app: Confirmed 746 blocks | 2,000 bps | 848 cps | avg conf time: 98 ms
2026-10-08T10:17:28.957802Z  INFO nanospam::app: Confirmed 4,147 blocks | 2,000 bps | 3,398 cps | avg conf time: 128 ms
2026-10-08T10:17:29.958570Z  INFO nanospam::app: Confirmed 6,443 blocks | 2,000 bps | 2,293 cps | avg conf time: 115 ms
2026-10-08T10:17:30.960323Z  INFO nanospam::app: Confirmed 8,434 blocks | 2,000 bps | 1,988 cps | avg conf time: 100 ms
2026-10-08T10:17:31.960758Z  INFO nanospam::app: Confirmed 10,359 blocks | 2,000 bps | 1,923 cps | avg conf time: 92 ms
2026-10-08T10:17:32.961669Z  INFO nanospam::app: Confirmed 12,259 blocks | 2,000 bps | 1,898 cps | avg conf time: 96 ms
2026-10-08T10:17:33.962519Z  INFO nanospam::app: Confirmed 14,220 blocks | 2,000 bps | 1,959 cps | avg conf time: 89 ms
EPOCH_ENDED epoch=0 elections=222 active=204 t=1791454654744
EPOCH_ENDED epoch=0 elections=222 active=204 t=1791454654744
EPOCH_ENDED epoch=0 elections=222 active=204 t=1791454654745
EPOCH_ENDED epoch=0 elections=222 active=204 t=1791454654745
EPOCH_ENDED epoch=0 elections=222 active=204 t=1791454654745
EPOCH_ENDED epoch=0 elections=223 active=205 t=1791454654745
EPOCH_CARRIED epoch=0 instances=222 split=0 t=1791454654767
EPOCH_ADVANCED epoch=1 elections=444 active=426 vote_records=185328 t=1791454654767
EPOCH_CARRIED epoch=0 instances=222 split=0 t=1791454654768
EPOCH_ADVANCED epoch=1 elections=444 active=426 vote_records=185327 t=1791454654768
EPOCH_CARRIED epoch=0 instances=222 split=0 t=1791454654768
EPOCH_ADVANCED epoch=1 elections=444 active=426 vote_records=185328 t=1791454654768
EPOCH_CLOSE_UNREADY epoch=0 short_of=reports usable=0 weight=0 required=5 held=0 theirs=[] t=1791454654779
EPOCH_CARRIED epoch=0 instances=222 split=0 t=1791454654782
EPOCH_ADVANCED epoch=1 elections=444 active=426 vote_records=185328 t=1791454654782
EPOCH_CARRIED epoch=0 instances=223 split=0 t=1791454654802
EPOCH_ADVANCED epoch=1 elections=446 active=428 vote_records=185328 t=1791454654802
EPOCH_REPORT epoch=0 certified=15790 residual=168 root=CA977F9D5C546C282A8EC39CDB9D9D566D99F3A87E6C7780DB564F597C2A36BE reports=1 t=1791454654804
EPOCH_REPORT epoch=0 certified=15790 residual=177 root=CA977F9D5C546C282A8EC39CDB9D9D566D99F3A87E6C7780DB564F597C2A36BE reports=1 t=1791454654820
EPOCH_REPORT epoch=0 certified=15790 residual=185 root=CA977F9D5C546C282A8EC39CDB9D9D566D99F3A87E6C7780DB564F597C2A36BE reports=1 t=1791454654830
EPOCH_CARRIED epoch=0 instances=222 split=0 t=1791454654879
EPOCH_ADVANCED epoch=1 elections=444 active=426 vote_records=185328 t=1791454654879
EPOCH_REPORT epoch=0 certified=15790 residual=204 root=CA977F9D5C546C282A8EC39CDB9D9D566D99F3A87E6C7780DB564F597C2A36BE reports=1 t=1791454654883
EPOCH_REPORT epoch=0 certified=15790 residual=143 root=CA977F9D5C546C282A8EC39CDB9D9D566D99F3A87E6C7780DB564F597C2A36BE reports=1 t=1791454654941
2026-10-08T10:17:34.964027Z  INFO nanospam::app: Confirmed 15,938 blocks | 2,000 bps | 1,715 cps | avg conf time: 109 ms
EPOCH_RECONCILED epoch=0 reporter=A353E45E6D0016CAEED0DFA4EC5B0640E2AA22A793F9F2375E77F1AB92977C04 complete=false entries=0 total=15790 symbols=0 dropped=false t=1791454654971
EPOCH_REPORT epoch=0 certified=15790 residual=178 root=CA977F9D5C546C282A8EC39CDB9D9D566D99F3A87E6C7780DB564F597C2A36BE reports=1 t=1791454654979
EPOCH_RECONCILED epoch=0 reporter=A353E45E6D0016CAEED0DFA4EC5B0640E2AA22A793F9F2375E77F1AB92977C04 complete=true entries=168 total=168 symbols=0 dropped=false t=1791454654979
EPOCH_RECONCILED epoch=0 reporter=D315857CE70C54DE713F6E82E5613BB3A1266C15E28AD2F4338C7BBEC456F532 complete=false entries=0 total=15790 symbols=0 dropped=false t=1791454654985
EPOCH_RECONCILED epoch=0 reporter=D315857CE70C54DE713F6E82E5613BB3A1266C15E28AD2F4338C7BBEC456F532 complete=true entries=177 total=177 symbols=0 dropped=false t=1791454654992
EPOCH_RECONCILED epoch=0 reporter=911999B2AEFA7ACC66EBD802B3301FF6CE431405107749D940277955CB7FDD07 complete=false entries=0 total=15790 symbols=0 dropped=false t=1791454655016
EPOCH_RECONCILED epoch=0 reporter=735FE217D91E88EA82324C5883296385FA0041C2FAC85C827BAA46DA1E14B83F complete=false entries=0 total=15790 symbols=0 dropped=false t=1791454655017
EPOCH_RECONCILED epoch=0 reporter=A353E45E6D0016CAEED0DFA4EC5B0640E2AA22A793F9F2375E77F1AB92977C04 complete=false entries=0 total=15790 symbols=0 dropped=false t=1791454655019
EPOCH_RECONCILED epoch=0 reporter=911999B2AEFA7ACC66EBD802B3301FF6CE431405107749D940277955CB7FDD07 complete=true entries=178 total=178 symbols=0 dropped=false t=1791454655020
EPOCH_RECONCILED epoch=0 reporter=735FE217D91E88EA82324C5883296385FA0041C2FAC85C827BAA46DA1E14B83F complete=true entries=185 total=185 symbols=0 dropped=false t=1791454655021
EPOCH_RECONCILED epoch=0 reporter=A353E45E6D0016CAEED0DFA4EC5B0640E2AA22A793F9F2375E77F1AB92977C04 complete=false entries=0 total=15790 symbols=0 dropped=false t=1791454655021
EPOCH_RECONCILED epoch=0 reporter=65A90023F6C0D2181AAA63F005D81BBC0C04650505E21D5123F9AE1F9E992BFF complete=false entries=0 total=15790 symbols=0 dropped=false t=1791454655022
EPOCH_RECONCILED epoch=0 reporter=A353E45E6D0016CAEED0DFA4EC5B0640E2AA22A793F9F2375E77F1AB92977C04 complete=true entries=168 total=168 symbols=0 dropped=false t=1791454655022
EPOCH_RECONCILED epoch=0 reporter=D315857CE70C54DE713F6E82E5613BB3A1266C15E28AD2F4338C7BBEC456F532 complete=false entries=0 total=15790 symbols=0 dropped=false t=1791454655023
EPOCH_RECONCILED epoch=0 reporter=A353E45E6D0016CAEED0DFA4EC5B0640E2AA22A793F9F2375E77F1AB92977C04 complete=true entries=168 total=168 symbols=0 dropped=false t=1791454655025
EPOCH_RECONCILED epoch=0 reporter=65A90023F6C0D2181AAA63F005D81BBC0C04650505E21D5123F9AE1F9E992BFF complete=true entries=204 total=204 symbols=0 dropped=false t=1791454655025
EPOCH_RECONCILED epoch=0 reporter=D315857CE70C54DE713F6E82E5613BB3A1266C15E28AD2F4338C7BBEC456F532 complete=false entries=0 total=15790 symbols=0 dropped=false t=1791454655025
EPOCH_RECONCILED epoch=0 reporter=633D9D614858AB1710D5D8C3180E2A082DC97208BA8C26BA6C6D1A86C8E31CC0 complete=false entries=0 total=15790 symbols=0 dropped=false t=1791454655026
EPOCH_RECONCILED epoch=0 reporter=633D9D614858AB1710D5D8C3180E2A082DC97208BA8C26BA6C6D1A86C8E31CC0 complete=true entries=143 total=143 symbols=0 dropped=false t=1791454655030
EPOCH_RECONCILED epoch=0 reporter=A353E45E6D0016CAEED0DFA4EC5B0640E2AA22A793F9F2375E77F1AB92977C04 complete=false entries=0 total=15790 symbols=0 dropped=false t=1791454655031
EPOCH_RECONCILED epoch=0 reporter=D315857CE70C54DE713F6E82E5613BB3A1266C15E28AD2F4338C7BBEC456F532 complete=true entries=177 total=177 symbols=0 dropped=false t=1791454655034
EPOCH_RECONCILED epoch=0 reporter=A353E45E6D0016CAEED0DFA4EC5B0640E2AA22A793F9F2375E77F1AB92977C04 complete=true entries=168 total=168 symbols=0 dropped=false t=1791454655034
EPOCH_RECONCILED epoch=0 reporter=65A90023F6C0D2181AAA63F005D81BBC0C04650505E21D5123F9AE1F9E992BFF complete=false entries=0 total=15790 symbols=0 dropped=false t=1791454655035
EPOCH_RECONCILED epoch=0 reporter=65A90023F6C0D2181AAA63F005D81BBC0C04650505E21D5123F9AE1F9E992BFF complete=true entries=204 total=204 symbols=0 dropped=false t=1791454655039
EPOCH_RECONCILED epoch=0 reporter=D315857CE70C54DE713F6E82E5613BB3A1266C15E28AD2F4338C7BBEC456F532 complete=false entries=0 total=15790 symbols=0 dropped=false t=1791454655040
EPOCH_RECONCILED epoch=0 reporter=633D9D614858AB1710D5D8C3180E2A082DC97208BA8C26BA6C6D1A86C8E31CC0 complete=false entries=0 total=15790 symbols=0 dropped=false t=1791454655040
EPOCH_RECONCILED epoch=0 reporter=633D9D614858AB1710D5D8C3180E2A082DC97208BA8C26BA6C6D1A86C8E31CC0 complete=true entries=143 total=143 symbols=0 dropped=false t=1791454655044
EPOCH_RECONCILED epoch=0 reporter=911999B2AEFA7ACC66EBD802B3301FF6CE431405107749D940277955CB7FDD07 complete=false entries=0 total=15790 symbols=0 dropped=false t=1791454655045
EPOCH_RECONCILED epoch=0 reporter=D315857CE70C54DE713F6E82E5613BB3A1266C15E28AD2F4338C7BBEC456F532 complete=true entries=177 total=177 symbols=0 dropped=false t=1791454655051
EPOCH_RECONCILED epoch=0 reporter=911999B2AEFA7ACC66EBD802B3301FF6CE431405107749D940277955CB7FDD07 complete=false entries=0 total=15790 symbols=0 dropped=false t=1791454655051
EPOCH_RECONCILED epoch=0 reporter=D315857CE70C54DE713F6E82E5613BB3A1266C15E28AD2F4338C7BBEC456F532 complete=true entries=177 total=177 symbols=0 dropped=false t=1791454655051
EPOCH_RECONCILED epoch=0 reporter=735FE217D91E88EA82324C5883296385FA0041C2FAC85C827BAA46DA1E14B83F complete=false entries=0 total=15790 symbols=0 dropped=false t=1791454655052
EPOCH_RECONCILED epoch=0 reporter=633D9D614858AB1710D5D8C3180E2A082DC97208BA8C26BA6C6D1A86C8E31CC0 complete=false entries=0 total=15790 symbols=0 dropped=false t=1791454655052
EPOCH_RECONCILED epoch=0 reporter=735FE217D91E88EA82324C5883296385FA0041C2FAC85C827BAA46DA1E14B83F complete=true entries=185 total=185 symbols=0 dropped=false t=1791454655058
EPOCH_RECONCILED epoch=0 reporter=911999B2AEFA7ACC66EBD802B3301FF6CE431405107749D940277955CB7FDD07 complete=true entries=178 total=178 symbols=0 dropped=false t=1791454655059
EPOCH_RECONCILED epoch=0 reporter=65A90023F6C0D2181AAA63F005D81BBC0C04650505E21D5123F9AE1F9E992BFF complete=false entries=0 total=15790 symbols=0 dropped=false t=1791454655066
EPOCH_RECONCILED epoch=0 reporter=633D9D614858AB1710D5D8C3180E2A082DC97208BA8C26BA6C6D1A86C8E31CC0 complete=true entries=143 total=143 symbols=0 dropped=false t=1791454655067
EPOCH_RECONCILED epoch=0 reporter=65A90023F6C0D2181AAA63F005D81BBC0C04650505E21D5123F9AE1F9E992BFF complete=true entries=204 total=204 symbols=0 dropped=false t=1791454655073
EPOCH_RECONCILED epoch=0 reporter=A353E45E6D0016CAEED0DFA4EC5B0640E2AA22A793F9F2375E77F1AB92977C04 complete=false entries=0 total=15790 symbols=0 dropped=false t=1791454655074
EPOCH_RECONCILED epoch=0 reporter=A353E45E6D0016CAEED0DFA4EC5B0640E2AA22A793F9F2375E77F1AB92977C04 complete=true entries=168 total=168 symbols=0 dropped=false t=1791454655082
EPOCH_RECONCILED epoch=0 reporter=911999B2AEFA7ACC66EBD802B3301FF6CE431405107749D940277955CB7FDD07 complete=false entries=0 total=15790 symbols=0 dropped=false t=1791454655088
EPOCH_RECONCILED epoch=0 reporter=911999B2AEFA7ACC66EBD802B3301FF6CE431405107749D940277955CB7FDD07 complete=true entries=178 total=178 symbols=0 dropped=false t=1791454655091
EPOCH_RECONCILED epoch=0 reporter=735FE217D91E88EA82324C5883296385FA0041C2FAC85C827BAA46DA1E14B83F complete=false entries=0 total=15790 symbols=0 dropped=false t=1791454655098
EPOCH_RECONCILED epoch=0 reporter=735FE217D91E88EA82324C5883296385FA0041C2FAC85C827BAA46DA1E14B83F complete=true entries=185 total=185 symbols=0 dropped=false t=1791454655101
EPOCH_RECONCILED epoch=0 reporter=911999B2AEFA7ACC66EBD802B3301FF6CE431405107749D940277955CB7FDD07 complete=false entries=0 total=15790 symbols=0 dropped=false t=1791454655102
EPOCH_RECONCILED epoch=0 reporter=735FE217D91E88EA82324C5883296385FA0041C2FAC85C827BAA46DA1E14B83F complete=false entries=204 total=15790 symbols=364 dropped=false t=1791454655103
EPOCH_RECONCILED epoch=0 reporter=65A90023F6C0D2181AAA63F005D81BBC0C04650505E21D5123F9AE1F9E992BFF complete=false entries=204 total=15790 symbols=364 dropped=false t=1791454655103
EPOCH_RECONCILED epoch=0 reporter=911999B2AEFA7ACC66EBD802B3301FF6CE431405107749D940277955CB7FDD07 complete=true entries=178 total=178 symbols=0 dropped=false t=1791454655130
EPOCH_RECONCILED epoch=0 reporter=911999B2AEFA7ACC66EBD802B3301FF6CE431405107749D940277955CB7FDD07 complete=true entries=178 total=178 symbols=0 dropped=false t=1791454655131
EPOCH_RECONCILED epoch=0 reporter=735FE217D91E88EA82324C5883296385FA0041C2FAC85C827BAA46DA1E14B83F complete=false entries=0 total=15790 symbols=0 dropped=false t=1791454655133
EPOCH_RECONCILED epoch=0 reporter=633D9D614858AB1710D5D8C3180E2A082DC97208BA8C26BA6C6D1A86C8E31CC0 complete=false entries=0 total=15790 symbols=0 dropped=false t=1791454655134
EPOCH_RECONCILED epoch=0 reporter=735FE217D91E88EA82324C5883296385FA0041C2FAC85C827BAA46DA1E14B83F complete=true entries=185 total=185 symbols=0 dropped=false t=1791454655145
EPOCH_RECONCILED epoch=0 reporter=633D9D614858AB1710D5D8C3180E2A082DC97208BA8C26BA6C6D1A86C8E31CC0 complete=true entries=143 total=143 symbols=0 dropped=false t=1791454655146
EPOCH_RECONCILED epoch=0 reporter=D315857CE70C54DE713F6E82E5613BB3A1266C15E28AD2F4338C7BBEC456F532 complete=false entries=0 total=15790 symbols=0 dropped=false t=1791454655149
EPOCH_RECONCILED epoch=0 reporter=D315857CE70C54DE713F6E82E5613BB3A1266C15E28AD2F4338C7BBEC456F532 complete=true entries=177 total=177 symbols=0 dropped=false t=1791454655163
EPOCH_RECONCILED epoch=0 reporter=65A90023F6C0D2181AAA63F005D81BBC0C04650505E21D5123F9AE1F9E992BFF complete=false entries=0 total=15790 symbols=0 dropped=false t=1791454655165
EPOCH_RECONCILED epoch=0 reporter=65A90023F6C0D2181AAA63F005D81BBC0C04650505E21D5123F9AE1F9E992BFF complete=true entries=204 total=204 symbols=0 dropped=false t=1791454655182
EPOCH_CLOSE_UNREADY epoch=0 short_of=reports usable=3 weight=3 required=5 held=5 theirs=["735FE217:CA977F9D:A75D9008", "65A90023:CA977F9D:80F1AD1F", "A353E45E:CA977F9D:75E9328A", "633D9D61:CA977F9D:528B81DD", "D315857C:CA977F9D:7E9EA787"] t=1791454655204
EPOCH_RECONCILED epoch=0 reporter=735FE217D91E88EA82324C5883296385FA0041C2FAC85C827BAA46DA1E14B83F complete=true entries=185 total=185 symbols=0 dropped=false t=1791454655318
EPOCH_CLOSE_READY epoch=0 t=1791454655345
EPOCH_RECONCILED epoch=0 reporter=65A90023F6C0D2181AAA63F005D81BBC0C04650505E21D5123F9AE1F9E992BFF complete=true entries=204 total=204 symbols=0 dropped=false t=1791454655351
EPOCH_RECONCILED epoch=0 reporter=633D9D614858AB1710D5D8C3180E2A082DC97208BA8C26BA6C6D1A86C8E31CC0 complete=false entries=0 total=15790 symbols=0 dropped=false t=1791454655353
EPOCH_RECONCILED epoch=0 reporter=633D9D614858AB1710D5D8C3180E2A082DC97208BA8C26BA6C6D1A86C8E31CC0 complete=true entries=143 total=143 symbols=0 dropped=false t=1791454655369
EPOCH_CLOSE_READY epoch=0 t=1791454655426
EPOCH_CLOSE_ROUND epoch=0 round=0 leader=633D9D614858AB1710D5D8C3180E2A082DC97208BA8C26BA6C6D1A86C8E31CC0 leads=false t=1791454655427
EPOCH_CLOSE_READY epoch=0 t=1791454655428
EPOCH_CLOSE_ROUND epoch=0 round=0 leader=633D9D614858AB1710D5D8C3180E2A082DC97208BA8C26BA6C6D1A86C8E31CC0 leads=false t=1791454655432
EPOCH_CLOSE_READY epoch=0 t=1791454655562
EPOCH_CLOSE_ROUND epoch=0 round=0 leader=633D9D614858AB1710D5D8C3180E2A082DC97208BA8C26BA6C6D1A86C8E31CC0 leads=false t=1791454655562
EPOCH_CLOSE_READY epoch=0 t=1791454655580
EPOCH_CLOSE_ROUND epoch=0 round=0 leader=633D9D614858AB1710D5D8C3180E2A082DC97208BA8C26BA6C6D1A86C8E31CC0 leads=false t=1791454655588
EPOCH_CLOSE_READY epoch=0 t=1791454655611
EPOCH_CLOSE_ROUND epoch=0 round=0 leader=633D9D614858AB1710D5D8C3180E2A082DC97208BA8C26BA6C6D1A86C8E31CC0 leads=false t=1791454655611
EPOCH_PROPOSED epoch=0 round=0 value=6920C5908CE801E99630FFF7D1695DEC03C4099D9671D52AF33DF404ED5A418C state=08F33635AB1B163F30E4B2B33AADB34B924BD67C73C7EEC205762E32C84B4D23 reports=5 t=1791454655721
EPOCH_VALUE epoch=0 value=6920C5908CE801E99630FFF7D1695DEC03C4099D9671D52AF33DF404ED5A418C state=08F33635AB1B163F30E4B2B33AADB34B924BD67C73C7EEC205762E32C84B4D23 t=1791454655721
EPOCH_CLOSE_ROUND epoch=0 round=0 leader=633D9D614858AB1710D5D8C3180E2A082DC97208BA8C26BA6C6D1A86C8E31CC0 leads=true t=1791454655725
2026-10-08T10:17:35.965086Z  INFO nanospam::app: Confirmed 17,965 blocks | 2,000 bps | 2,025 cps | avg conf time: 198 ms
EPOCH_VALUE epoch=0 value=6920C5908CE801E99630FFF7D1695DEC03C4099D9671D52AF33DF404ED5A418C state=08F33635AB1B163F30E4B2B33AADB34B924BD67C73C7EEC205762E32C84B4D23 t=1791454655986
EPOCH_VALUE epoch=0 value=6920C5908CE801E99630FFF7D1695DEC03C4099D9671D52AF33DF404ED5A418C state=08F33635AB1B163F30E4B2B33AADB34B924BD67C73C7EEC205762E32C84B4D23 t=1791454656123
EPOCH_VALUE epoch=0 value=6920C5908CE801E99630FFF7D1695DEC03C4099D9671D52AF33DF404ED5A418C state=08F33635AB1B163F30E4B2B33AADB34B924BD67C73C7EEC205762E32C84B4D23 t=1791454656143
EPOCH_VALUE epoch=0 value=6920C5908CE801E99630FFF7D1695DEC03C4099D9671D52AF33DF404ED5A418C state=08F33635AB1B163F30E4B2B33AADB34B924BD67C73C7EEC205762E32C84B4D23 t=1791454656226
EPOCH_VALUE epoch=0 value=6920C5908CE801E99630FFF7D1695DEC03C4099D9671D52AF33DF404ED5A418C state=08F33635AB1B163F30E4B2B33AADB34B924BD67C73C7EEC205762E32C84B4D23 t=1791454656234
EPOCH_CLOSE_ROUND epoch=0 round=1 leader=65A90023F6C0D2181AAA63F005D81BBC0C04650505E21D5123F9AE1F9E992BFF leads=false t=1791454656312
EPOCH_CLOSE_ROUND epoch=0 round=1 leader=65A90023F6C0D2181AAA63F005D81BBC0C04650505E21D5123F9AE1F9E992BFF leads=false t=1791454656328
EPOCH_CLOSE_ROUND epoch=0 round=1 leader=65A90023F6C0D2181AAA63F005D81BBC0C04650505E21D5123F9AE1F9E992BFF leads=false t=1791454656445
EPOCH_CLOSE_ROUND epoch=0 round=1 leader=65A90023F6C0D2181AAA63F005D81BBC0C04650505E21D5123F9AE1F9E992BFF leads=false t=1791454656447
EPOCH_CLOSE_ROUND epoch=0 round=1 leader=65A90023F6C0D2181AAA63F005D81BBC0C04650505E21D5123F9AE1F9E992BFF leads=true t=1791454656451
EPOCH_PROPOSED epoch=0 round=1 value=69C9AC40EE1CB1E007EE6AE4C324DDAC89F062835B71A9C91F184F2DAA277DD5 state=08F33635AB1B163F30E4B2B33AADB34B924BD67C73C7EEC205762E32C84B4D23 reports=5 t=1791454656453
EPOCH_VALUE epoch=0 value=69C9AC40EE1CB1E007EE6AE4C324DDAC89F062835B71A9C91F184F2DAA277DD5 state=08F33635AB1B163F30E4B2B33AADB34B924BD67C73C7EEC205762E32C84B4D23 t=1791454656453
EPOCH_INSTALL epoch=0 finalized=15725 instances_confirmed=0 t=1791454656462
EPOCH_LATE_NOTAR epoch=0 blocks=3186 notarized=3019 cast=3108 t=1791454656463
EPOCH_GATE epoch=1 released=222 finalized=0 t=1791454656463
EPOCH_INSTALL epoch=0 finalized=15725 instances_confirmed=0 t=1791454656466
EPOCH_LATE_NOTAR epoch=0 blocks=3186 notarized=3019 cast=3132 t=1791454656466
EPOCH_GATE epoch=1 released=193 finalized=0 t=1791454656467
EPOCH_INSTALL epoch=0 finalized=15725 instances_confirmed=0 t=1791454656470
EPOCH_LATE_NOTAR epoch=0 blocks=3077 notarized=3016 cast=3129 t=1791454656470
EPOCH_GATE epoch=1 released=253 finalized=0 t=1791454656471
EPOCH_INSTALL epoch=0 finalized=15725 instances_confirmed=0 t=1791454656473
EPOCH_INSTALL epoch=0 finalized=15725 instances_confirmed=0 t=1791454656473
EPOCH_LATE_NOTAR epoch=0 blocks=3186 notarized=3019 cast=3144 t=1791454656474
EPOCH_LATE_NOTAR epoch=0 blocks=3186 notarized=3019 cast=3183 t=1791454656474
EPOCH_GATE epoch=1 released=222 finalized=0 t=1791454656475
EPOCH_GATE epoch=1 released=255 finalized=0 t=1791454656477
EPOCH_COMMITTEE derived_by=0 members=6 accounts=7169 n=6 digest=95D409445152DD075E6A4799205DFA5689496EB8EE1A22AC2A200B9DBC2DCF27 shares=["A353E45E:16.7%", "65A90023:16.7%", "D315857C:16.7%", "911999B2:16.7%", "633D9D61:16.7%", "735FE217:16.7%"] t=1791454656484
EPOCH_LOCKS epoch=0 continued=0 kinds={"locks=1 kind=Some(Recovery) nc_here=false saved=true": 1, "locks=1 kind=Some(Recovery) nc_here=true saved=true": 9} t=1791454656484
EPOCH_OMITTED epoch=0 instances=27 retained=10 t=1791454656484
EPOCH_CLOSED epoch=0 round=0 value=6920C5908CE801E99630FFF7D1695DEC03C4099D9671D52AF33DF404ED5A418C state=08F33635AB1B163F30E4B2B33AADB34B924BD67C73C7EEC205762E32C84B4D23 t=1791454656484
EPOCH_INSTALL epoch=0 finalized=15725 instances_confirmed=0 t=1791454656491
EPOCH_LATE_NOTAR epoch=0 blocks=3186 notarized=3077 cast=3054 t=1791454656492
EPOCH_GATE epoch=1 released=193 finalized=0 t=1791454656492
EPOCH_COMMITTEE derived_by=0 members=6 accounts=7169 n=6 digest=95D409445152DD075E6A4799205DFA5689496EB8EE1A22AC2A200B9DBC2DCF27 shares=["A353E45E:16.7%", "65A90023:16.7%", "D315857C:16.7%", "911999B2:16.7%", "633D9D61:16.7%", "735FE217:16.7%"] t=1791454656492
EPOCH_LOCKS epoch=0 continued=0 kinds={"locks=1 kind=Some(Recovery) nc_here=false saved=true": 1, "locks=1 kind=Some(Recovery) nc_here=true saved=true": 9} t=1791454656493
EPOCH_OMITTED epoch=0 instances=27 retained=10 t=1791454656493
EPOCH_CLOSED epoch=0 round=0 value=6920C5908CE801E99630FFF7D1695DEC03C4099D9671D52AF33DF404ED5A418C state=08F33635AB1B163F30E4B2B33AADB34B924BD67C73C7EEC205762E32C84B4D23 t=1791454656493
EPOCH_COMMITTEE derived_by=0 members=6 accounts=7169 n=6 digest=95D409445152DD075E6A4799205DFA5689496EB8EE1A22AC2A200B9DBC2DCF27 shares=["A353E45E:16.7%", "65A90023:16.7%", "D315857C:16.7%", "911999B2:16.7%", "633D9D61:16.7%", "735FE217:16.7%"] t=1791454656506
EPOCH_LOCKS epoch=0 continued=0 kinds={"locks=1 kind=Some(Recovery) nc_here=false saved=true": 1, "locks=1 kind=Some(Recovery) nc_here=true saved=true": 9} t=1791454656506
EPOCH_OMITTED epoch=0 instances=27 retained=10 t=1791454656506
EPOCH_CLOSED epoch=0 round=0 value=6920C5908CE801E99630FFF7D1695DEC03C4099D9671D52AF33DF404ED5A418C state=08F33635AB1B163F30E4B2B33AADB34B924BD67C73C7EEC205762E32C84B4D23 t=1791454656506
EPOCH_INSTALLED epoch=0 finalized=15725 cemented=15725 queued=0 missing=0 t=1791454656545
EPOCH_RETAINED epoch=0 retained=178 held=178 missing=0 t=1791454656545
EPOCH_COMMITTEE derived_by=0 members=6 accounts=7169 n=6 digest=95D409445152DD075E6A4799205DFA5689496EB8EE1A22AC2A200B9DBC2DCF27 shares=["A353E45E:16.7%", "65A90023:16.7%", "D315857C:16.7%", "911999B2:16.7%", "633D9D61:16.7%", "735FE217:16.7%"] t=1791454656554
EPOCH_LOCKS epoch=0 continued=0 kinds={"locks=1 kind=Some(Recovery) nc_here=false saved=true": 1, "locks=1 kind=Some(Recovery) nc_here=true saved=true": 9} t=1791454656555
EPOCH_OMITTED epoch=0 instances=27 retained=10 t=1791454656555
EPOCH_CLOSED epoch=0 round=0 value=6920C5908CE801E99630FFF7D1695DEC03C4099D9671D52AF33DF404ED5A418C state=08F33635AB1B163F30E4B2B33AADB34B924BD67C73C7EEC205762E32C84B4D23 t=1791454656555
EPOCH_INSTALLED epoch=0 finalized=15725 cemented=15725 queued=0 missing=0 t=1791454656569
EPOCH_RETAINED epoch=0 retained=178 held=178 missing=0 t=1791454656569
EPOCH_INSTALLED epoch=0 finalized=15725 cemented=15725 queued=0 missing=0 t=1791454656574
EPOCH_RETAINED epoch=0 retained=178 held=178 missing=0 t=1791454656574
EPOCH_COMMITTEE derived_by=0 members=6 accounts=7169 n=6 digest=95D409445152DD075E6A4799205DFA5689496EB8EE1A22AC2A200B9DBC2DCF27 shares=["A353E45E:16.7%", "65A90023:16.7%", "D315857C:16.7%", "911999B2:16.7%", "633D9D61:16.7%", "735FE217:16.7%"] t=1791454656581
EPOCH_LOCKS epoch=0 continued=0 kinds={"locks=1 kind=Some(Recovery) nc_here=false saved=true": 1, "locks=1 kind=Some(Recovery) nc_here=true saved=true": 9} t=1791454656581
EPOCH_OMITTED epoch=0 instances=27 retained=10 t=1791454656581
EPOCH_CLOSED epoch=0 round=0 value=6920C5908CE801E99630FFF7D1695DEC03C4099D9671D52AF33DF404ED5A418C state=08F33635AB1B163F30E4B2B33AADB34B924BD67C73C7EEC205762E32C84B4D23 t=1791454656581
EPOCH_COMMITTEE derived_by=0 members=6 accounts=7169 n=6 digest=95D409445152DD075E6A4799205DFA5689496EB8EE1A22AC2A200B9DBC2DCF27 shares=["A353E45E:16.7%", "65A90023:16.7%", "D315857C:16.7%", "911999B2:16.7%", "633D9D61:16.7%", "735FE217:16.7%"] t=1791454656623
EPOCH_LOCKS epoch=0 continued=0 kinds={"locks=1 kind=Some(Recovery) nc_here=false saved=true": 1, "locks=1 kind=Some(Recovery) nc_here=true saved=true": 9} t=1791454656624
EPOCH_OMITTED epoch=0 instances=27 retained=10 t=1791454656624
EPOCH_CLOSED epoch=0 round=0 value=6920C5908CE801E99630FFF7D1695DEC03C4099D9671D52AF33DF404ED5A418C state=08F33635AB1B163F30E4B2B33AADB34B924BD67C73C7EEC205762E32C84B4D23 t=1791454656624
EPOCH_INSTALLED epoch=0 finalized=15725 cemented=15725 queued=0 missing=0 t=1791454656654
EPOCH_RETAINED epoch=0 retained=178 held=178 missing=0 t=1791454656654
EPOCH_VALUE epoch=0 value=69C9AC40EE1CB1E007EE6AE4C324DDAC89F062835B71A9C91F184F2DAA277DD5 state=08F33635AB1B163F30E4B2B33AADB34B924BD67C73C7EEC205762E32C84B4D23 t=1791454656791
EPOCH_VALUE epoch=0 value=69C9AC40EE1CB1E007EE6AE4C324DDAC89F062835B71A9C91F184F2DAA277DD5 state=08F33635AB1B163F30E4B2B33AADB34B924BD67C73C7EEC205762E32C84B4D23 t=1791454656807
EPOCH_VALUE epoch=0 value=69C9AC40EE1CB1E007EE6AE4C324DDAC89F062835B71A9C91F184F2DAA277DD5 state=08F33635AB1B163F30E4B2B33AADB34B924BD67C73C7EEC205762E32C84B4D23 t=1791454656839
EPOCH_VALUE epoch=0 value=69C9AC40EE1CB1E007EE6AE4C324DDAC89F062835B71A9C91F184F2DAA277DD5 state=08F33635AB1B163F30E4B2B33AADB34B924BD67C73C7EEC205762E32C84B4D23 t=1791454656883
EPOCH_EVIDENCE_RELEASED epoch=0 t=1791454656890
EPOCH_VALUE epoch=0 value=69C9AC40EE1CB1E007EE6AE4C324DDAC89F062835B71A9C91F184F2DAA277DD5 state=08F33635AB1B163F30E4B2B33AADB34B924BD67C73C7EEC205762E32C84B4D23 t=1791454656896
EPOCH_EVIDENCE_RELEASED epoch=0 t=1791454656902
EPOCH_EVIDENCE_RELEASED epoch=0 t=1791454656955
EPOCH_INSTALLED epoch=0 finalized=15725 cemented=15725 queued=0 missing=0 t=1791454656964
EPOCH_RETAINED epoch=0 retained=178 held=178 missing=0 t=1791454656964
2026-10-08T10:17:36.965384Z  INFO nanospam::app: Confirmed 19,697 blocks | 2,000 bps | 1,730 cps | avg conf time: 152 ms
EPOCH_EVIDENCE_RELEASED epoch=0 t=1791454657061
EPOCH_EVIDENCE_RELEASED epoch=0 t=1791454657148
EPOCH_EVIDENCE_RELEASED epoch=0 t=1791454657239
EPOCH_INSTALLED epoch=0 finalized=15725 cemented=15725 queued=0 missing=0 t=1791454657298
EPOCH_RETAINED epoch=0 retained=178 held=178 missing=0 t=1791454657298
2026-10-08T10:17:37.966360Z  INFO nanospam::app: Confirmed 21,722 blocks | 2,000 bps | 2,022 cps | avg conf time: 110 ms
2026-10-08T10:17:38.967289Z  INFO nanospam::app: Confirmed 23,638 blocks | 2,000 bps | 1,914 cps | avg conf time: 95 ms
2026-10-08T10:17:39.968426Z  INFO nanospam::app: Confirmed 25,603 blocks | 2,000 bps | 1,962 cps | avg conf time: 94 ms
2026-10-08T10:17:40.969769Z  INFO nanospam::app: Confirmed 27,555 blocks | 2,000 bps | 1,949 cps | avg conf time: 94 ms
2026-10-08T10:17:41.971262Z  INFO nanospam::app: Confirmed 29,453 blocks | 2,000 bps | 1,895 cps | avg conf time: 94 ms
EPOCH_ENDED epoch=1 elections=214 active=160 t=1791454662739
EPOCH_ENDED epoch=1 elections=213 active=159 t=1791454662739
EPOCH_ENDED epoch=1 elections=214 active=160 t=1791454662739
EPOCH_ENDED epoch=1 elections=214 active=160 t=1791454662739
EPOCH_ENDED epoch=1 elections=214 active=160 t=1791454662739
EPOCH_ENDED epoch=1 elections=216 active=168 t=1791454662764
EPOCH_CARRIED epoch=1 instances=204 split=0 t=1791454662778
EPOCH_ADVANCED epoch=2 elections=418 active=364 vote_records=365668 t=1791454662778
EPOCH_CARRIED epoch=1 instances=204 split=0 t=1791454662784
EPOCH_ADVANCED epoch=2 elections=418 active=364 vote_records=365668 t=1791454662784
EPOCH_CARRIED epoch=1 instances=203 split=0 t=1791454662784
EPOCH_ADVANCED epoch=2 elections=416 active=362 vote_records=365668 t=1791454662784
EPOCH_CLOSE_UNREADY epoch=1 short_of=reports usable=0 weight=0 required=5 held=0 theirs=[] t=1791454662789
EPOCH_CARRIED epoch=1 instances=204 split=0 t=1791454662792
EPOCH_ADVANCED epoch=2 elections=418 active=364 vote_records=365668 t=1791454662792
EPOCH_CARRIED epoch=1 instances=206 split=0 t=1791454662812
EPOCH_ADVANCED epoch=2 elections=422 active=374 vote_records=365884 t=1791454662812
EPOCH_CLOSE_UNREADY epoch=1 short_of=reports usable=0 weight=0 required=5 held=0 theirs=[] t=1791454662812
EPOCH_CARRIED epoch=1 instances=204 split=0 t=1791454662822
EPOCH_ADVANCED epoch=2 elections=418 active=364 vote_records=365668 t=1791454662822
EPOCH_REPORT epoch=1 certified=31018 residual=141 root=F9E8CF11EA01591144B00DE234665A9935AD802096BCC583B695E1525DC00D34 reports=1 t=1791454662878
EPOCH_REPORT epoch=1 certified=31018 residual=121 root=F9E8CF11EA01591144B00DE234665A9935AD802096BCC583B695E1525DC00D34 reports=1 t=1791454662879
EPOCH_REPORT epoch=1 certified=31018 residual=153 root=F9E8CF11EA01591144B00DE234665A9935AD802096BCC583B695E1525DC00D34 reports=1 t=1791454662882
EPOCH_REPORT epoch=1 certified=31018 residual=129 root=F9E8CF11EA01591144B00DE234665A9935AD802096BCC583B695E1525DC00D34 reports=1 t=1791454662885
EPOCH_REPORT epoch=1 certified=31018 residual=142 root=F9E8CF11EA01591144B00DE234665A9935AD802096BCC583B695E1525DC00D34 reports=1 t=1791454662885
EPOCH_RECONCILED epoch=1 reporter=65A90023F6C0D2181AAA63F005D81BBC0C04650505E21D5123F9AE1F9E992BFF complete=false entries=0 total=31018 symbols=0 dropped=false t=1791454662914
EPOCH_RECONCILED epoch=1 reporter=65A90023F6C0D2181AAA63F005D81BBC0C04650505E21D5123F9AE1F9E992BFF complete=true entries=121 total=121 symbols=0 dropped=false t=1791454662918
EPOCH_RECONCILED epoch=1 reporter=911999B2AEFA7ACC66EBD802B3301FF6CE431405107749D940277955CB7FDD07 complete=false entries=0 total=31018 symbols=0 dropped=false t=1791454662920
EPOCH_REPORT epoch=1 certified=31057 residual=116 root=469BA7584D9C2B3091CAE628EB643D40CB0E79ABE6668770C7F484C40F578E38 reports=1 t=1791454662922
EPOCH_RECONCILED epoch=1 reporter=911999B2AEFA7ACC66EBD802B3301FF6CE431405107749D940277955CB7FDD07 complete=true entries=153 total=153 symbols=0 dropped=false t=1791454662924
2026-10-08T10:17:42.972238Z  INFO nanospam::app: Confirmed 30,908 blocks | 2,000 bps | 1,453 cps | avg conf time: 95 ms
EPOCH_RECONCILED epoch=1 reporter=633D9D614858AB1710D5D8C3180E2A082DC97208BA8C26BA6C6D1A86C8E31CC0 complete=false entries=0 total=31018 symbols=0 dropped=false t=1791454663011
EPOCH_RECONCILED epoch=1 reporter=633D9D614858AB1710D5D8C3180E2A082DC97208BA8C26BA6C6D1A86C8E31CC0 complete=true entries=129 total=129 symbols=0 dropped=false t=1791454663014
EPOCH_RECONCILED epoch=1 reporter=911999B2AEFA7ACC66EBD802B3301FF6CE431405107749D940277955CB7FDD07 complete=false entries=0 total=31018 symbols=0 dropped=false t=1791454663050
EPOCH_RECONCILED epoch=1 reporter=911999B2AEFA7ACC66EBD802B3301FF6CE431405107749D940277955CB7FDD07 complete=true entries=153 total=153 symbols=0 dropped=false t=1791454663055
EPOCH_RECONCILED epoch=1 reporter=A353E45E6D0016CAEED0DFA4EC5B0640E2AA22A793F9F2375E77F1AB92977C04 complete=false entries=0 total=31018 symbols=0 dropped=false t=1791454663057
EPOCH_RECONCILED epoch=1 reporter=A353E45E6D0016CAEED0DFA4EC5B0640E2AA22A793F9F2375E77F1AB92977C04 complete=true entries=142 total=142 symbols=0 dropped=false t=1791454663064
EPOCH_RECONCILED epoch=1 reporter=65A90023F6C0D2181AAA63F005D81BBC0C04650505E21D5123F9AE1F9E992BFF complete=false entries=0 total=31018 symbols=0 dropped=false t=1791454663066
EPOCH_RECONCILED epoch=1 reporter=65A90023F6C0D2181AAA63F005D81BBC0C04650505E21D5123F9AE1F9E992BFF complete=true entries=121 total=121 symbols=0 dropped=false t=1791454663081
EPOCH_CLOSE_UNREADY epoch=1 short_of=reports usable=3 weight=3 required=5 held=5 theirs=["A353E45E:F9E8CF11:A80FC9A2", "911999B2:F9E8CF11:380060E5", "735FE217:469BA758:61885EC7", "65A90023:F9E8CF11:ECB45527", "633D9D61:F9E8CF11:F7201695"] t=1791454663187
EPOCH_RECONCILED epoch=1 reporter=D315857CE70C54DE713F6E82E5613BB3A1266C15E28AD2F4338C7BBEC456F532 complete=false entries=0 total=31018 symbols=0 dropped=false t=1791454663218
EPOCH_RECONCILED epoch=1 reporter=911999B2AEFA7ACC66EBD802B3301FF6CE431405107749D940277955CB7FDD07 complete=false entries=0 total=31018 symbols=0 dropped=false t=1791454663221
EPOCH_RECONCILED epoch=1 reporter=D315857CE70C54DE713F6E82E5613BB3A1266C15E28AD2F4338C7BBEC456F532 complete=false entries=0 total=31018 symbols=0 dropped=false t=1791454663222
EPOCH_RECONCILED epoch=1 reporter=A353E45E6D0016CAEED0DFA4EC5B0640E2AA22A793F9F2375E77F1AB92977C04 complete=false entries=0 total=31018 symbols=0 dropped=false t=1791454663223
EPOCH_RECONCILED epoch=1 reporter=911999B2AEFA7ACC66EBD802B3301FF6CE431405107749D940277955CB7FDD07 complete=true entries=153 total=153 symbols=0 dropped=false t=1791454663226
EPOCH_RECONCILED epoch=1 reporter=D315857CE70C54DE713F6E82E5613BB3A1266C15E28AD2F4338C7BBEC456F532 complete=true entries=141 total=141 symbols=0 dropped=false t=1791454663226
EPOCH_RECONCILED epoch=1 reporter=D315857CE70C54DE713F6E82E5613BB3A1266C15E28AD2F4338C7BBEC456F532 complete=false entries=0 total=31018 symbols=0 dropped=false t=1791454663227
EPOCH_RECONCILED epoch=1 reporter=911999B2AEFA7ACC66EBD802B3301FF6CE431405107749D940277955CB7FDD07 complete=false entries=0 total=31018 symbols=0 dropped=false t=1791454663228
EPOCH_RECONCILED epoch=1 reporter=D315857CE70C54DE713F6E82E5613BB3A1266C15E28AD2F4338C7BBEC456F532 complete=true entries=141 total=141 symbols=0 dropped=false t=1791454663240
EPOCH_RECONCILED epoch=1 reporter=A353E45E6D0016CAEED0DFA4EC5B0640E2AA22A793F9F2375E77F1AB92977C04 complete=true entries=142 total=142 symbols=0 dropped=false t=1791454663240
EPOCH_RECONCILED epoch=1 reporter=65A90023F6C0D2181AAA63F005D81BBC0C04650505E21D5123F9AE1F9E992BFF complete=false entries=0 total=31018 symbols=0 dropped=false t=1791454663241
EPOCH_RECONCILED epoch=1 reporter=D315857CE70C54DE713F6E82E5613BB3A1266C15E28AD2F4338C7BBEC456F532 complete=false entries=0 total=31018 symbols=0 dropped=false t=1791454663242
EPOCH_RECONCILED epoch=1 reporter=65A90023F6C0D2181AAA63F005D81BBC0C04650505E21D5123F9AE1F9E992BFF complete=true entries=121 total=121 symbols=0 dropped=false t=1791454663245
EPOCH_RECONCILED epoch=1 reporter=D315857CE70C54DE713F6E82E5613BB3A1266C15E28AD2F4338C7BBEC456F532 complete=true entries=141 total=141 symbols=0 dropped=false t=1791454663246
EPOCH_RECONCILED epoch=1 reporter=D315857CE70C54DE713F6E82E5613BB3A1266C15E28AD2F4338C7BBEC456F532 complete=true entries=141 total=141 symbols=0 dropped=false t=1791454663378
EPOCH_RECONCILED epoch=1 reporter=911999B2AEFA7ACC66EBD802B3301FF6CE431405107749D940277955CB7FDD07 complete=true entries=153 total=153 symbols=0 dropped=false t=1791454663398
EPOCH_RECONCILED epoch=1 reporter=633D9D614858AB1710D5D8C3180E2A082DC97208BA8C26BA6C6D1A86C8E31CC0 complete=false entries=0 total=31018 symbols=0 dropped=false t=1791454663399
EPOCH_RECONCILED epoch=1 reporter=633D9D614858AB1710D5D8C3180E2A082DC97208BA8C26BA6C6D1A86C8E31CC0 complete=true entries=129 total=129 symbols=0 dropped=false t=1791454663403
EPOCH_RECONCILED epoch=1 reporter=633D9D614858AB1710D5D8C3180E2A082DC97208BA8C26BA6C6D1A86C8E31CC0 complete=false entries=0 total=31018 symbols=0 dropped=false t=1791454663433
EPOCH_RECONCILED epoch=1 reporter=A353E45E6D0016CAEED0DFA4EC5B0640E2AA22A793F9F2375E77F1AB92977C04 complete=false entries=0 total=31018 symbols=0 dropped=false t=1791454663437
EPOCH_RECONCILED epoch=1 reporter=633D9D614858AB1710D5D8C3180E2A082DC97208BA8C26BA6C6D1A86C8E31CC0 complete=true entries=129 total=129 symbols=0 dropped=false t=1791454663437
EPOCH_RECONCILED epoch=1 reporter=65A90023F6C0D2181AAA63F005D81BBC0C04650505E21D5123F9AE1F9E992BFF complete=false entries=0 total=31018 symbols=0 dropped=false t=1791454663438
EPOCH_RECONCILED epoch=1 reporter=65A90023F6C0D2181AAA63F005D81BBC0C04650505E21D5123F9AE1F9E992BFF complete=true entries=121 total=121 symbols=0 dropped=false t=1791454663442
EPOCH_RECONCILED epoch=1 reporter=A353E45E6D0016CAEED0DFA4EC5B0640E2AA22A793F9F2375E77F1AB92977C04 complete=false entries=0 total=31018 symbols=0 dropped=false t=1791454663474
EPOCH_RECONCILED epoch=1 reporter=A353E45E6D0016CAEED0DFA4EC5B0640E2AA22A793F9F2375E77F1AB92977C04 complete=true entries=142 total=142 symbols=0 dropped=false t=1791454663477
EPOCH_RECONCILED epoch=1 reporter=A353E45E6D0016CAEED0DFA4EC5B0640E2AA22A793F9F2375E77F1AB92977C04 complete=true entries=142 total=142 symbols=0 dropped=false t=1791454663481
EPOCH_RECONCILED epoch=1 reporter=633D9D614858AB1710D5D8C3180E2A082DC97208BA8C26BA6C6D1A86C8E31CC0 complete=false entries=0 total=31018 symbols=0 dropped=false t=1791454663526
EPOCH_RECONCILED epoch=1 reporter=633D9D614858AB1710D5D8C3180E2A082DC97208BA8C26BA6C6D1A86C8E31CC0 complete=true entries=129 total=129 symbols=0 dropped=false t=1791454663530
EPOCH_CLOSE_READY epoch=1 t=1791454663618
EPOCH_CLOSE_ROUND epoch=1 round=0 leader=65A90023F6C0D2181AAA63F005D81BBC0C04650505E21D5123F9AE1F9E992BFF leads=false t=1791454663618
EPOCH_CLOSE_READY epoch=1 t=1791454663656
EPOCH_CLOSE_ROUND epoch=1 round=0 leader=65A90023F6C0D2181AAA63F005D81BBC0C04650505E21D5123F9AE1F9E992BFF leads=false t=1791454663657
EPOCH_CLOSE_READY epoch=1 t=1791454663670
EPOCH_CLOSE_ROUND epoch=1 round=0 leader=65A90023F6C0D2181AAA63F005D81BBC0C04650505E21D5123F9AE1F9E992BFF leads=false t=1791454663671
EPOCH_CLOSE_READY epoch=1 t=1791454663718
EPOCH_CLOSE_ROUND epoch=1 round=0 leader=65A90023F6C0D2181AAA63F005D81BBC0C04650505E21D5123F9AE1F9E992BFF leads=false t=1791454663718
EPOCH_RECONCILED epoch=1 reporter=A353E45E6D0016CAEED0DFA4EC5B0640E2AA22A793F9F2375E77F1AB92977C04 complete=false entries=231 total=31018 symbols=364 dropped=false t=1791454663771
EPOCH_RECONCILED epoch=1 reporter=D315857CE70C54DE713F6E82E5613BB3A1266C15E28AD2F4338C7BBEC456F532 complete=false entries=231 total=31018 symbols=364 dropped=false t=1791454663771
EPOCH_RECONCILED epoch=1 reporter=911999B2AEFA7ACC66EBD802B3301FF6CE431405107749D940277955CB7FDD07 complete=false entries=231 total=31018 symbols=364 dropped=false t=1791454663771
EPOCH_RECONCILED epoch=1 reporter=65A90023F6C0D2181AAA63F005D81BBC0C04650505E21D5123F9AE1F9E992BFF complete=false entries=231 total=31018 symbols=364 dropped=false t=1791454663771
EPOCH_RECONCILED epoch=1 reporter=633D9D614858AB1710D5D8C3180E2A082DC97208BA8C26BA6C6D1A86C8E31CC0 complete=false entries=231 total=31018 symbols=364 dropped=false t=1791454663771
EPOCH_CLOSE_UNREADY epoch=1 short_of=reports usable=1 weight=1 required=5 held=5 theirs=["A353E45E:F9E8CF11:A80FC9A2", "D315857C:F9E8CF11:189EF8D0", "911999B2:F9E8CF11:380060E5", "65A90023:F9E8CF11:ECB45527", "633D9D61:F9E8CF11:F7201695"] t=1791454663795
EPOCH_CLOSE_READY epoch=1 t=1791454663920
EPOCH_RECONCILED epoch=1 reporter=735FE217D91E88EA82324C5883296385FA0041C2FAC85C827BAA46DA1E14B83F complete=false entries=180 total=31057 symbols=364 dropped=false t=1791454663972
EPOCH_RECONCILED epoch=1 reporter=735FE217D91E88EA82324C5883296385FA0041C2FAC85C827BAA46DA1E14B83F complete=false entries=180 total=31057 symbols=364 dropped=false t=1791454663973
2026-10-08T10:17:43.973770Z  INFO nanospam::app: Confirmed 33,266 blocks | 2,000 bps | 2,355 cps | avg conf time: 223 ms
EPOCH_RECONCILED epoch=1 reporter=735FE217D91E88EA82324C5883296385FA0041C2FAC85C827BAA46DA1E14B83F complete=false entries=180 total=31057 symbols=364 dropped=false t=1791454663973
EPOCH_RECONCILED epoch=1 reporter=735FE217D91E88EA82324C5883296385FA0041C2FAC85C827BAA46DA1E14B83F complete=false entries=180 total=31057 symbols=364 dropped=false t=1791454663976
EPOCH_RECONCILED epoch=1 reporter=735FE217D91E88EA82324C5883296385FA0041C2FAC85C827BAA46DA1E14B83F complete=false entries=180 total=31057 symbols=364 dropped=false t=1791454663979
EPOCH_RECONCILED epoch=1 reporter=A353E45E6D0016CAEED0DFA4EC5B0640E2AA22A793F9F2375E77F1AB92977C04 complete=true entries=142 total=142 symbols=0 dropped=false t=1791454664075
EPOCH_RECONCILED epoch=1 reporter=D315857CE70C54DE713F6E82E5613BB3A1266C15E28AD2F4338C7BBEC456F532 complete=true entries=141 total=141 symbols=0 dropped=false t=1791454664090
EPOCH_RECONCILED epoch=1 reporter=735FE217D91E88EA82324C5883296385FA0041C2FAC85C827BAA46DA1E14B83F complete=true entries=116 total=116 symbols=0 dropped=false t=1791454664096
EPOCH_RECONCILED epoch=1 reporter=911999B2AEFA7ACC66EBD802B3301FF6CE431405107749D940277955CB7FDD07 complete=true entries=153 total=153 symbols=0 dropped=false t=1791454664120
EPOCH_RECONCILED epoch=1 reporter=735FE217D91E88EA82324C5883296385FA0041C2FAC85C827BAA46DA1E14B83F complete=true entries=116 total=116 symbols=0 dropped=false t=1791454664132
EPOCH_RECONCILED epoch=1 reporter=735FE217D91E88EA82324C5883296385FA0041C2FAC85C827BAA46DA1E14B83F complete=true entries=116 total=116 symbols=0 dropped=false t=1791454664165
EPOCH_RECONCILED epoch=1 reporter=65A90023F6C0D2181AAA63F005D81BBC0C04650505E21D5123F9AE1F9E992BFF complete=true entries=121 total=121 symbols=0 dropped=false t=1791454664181
EPOCH_RECONCILED epoch=1 reporter=633D9D614858AB1710D5D8C3180E2A082DC97208BA8C26BA6C6D1A86C8E31CC0 complete=true entries=129 total=129 symbols=0 dropped=false t=1791454664193
EPOCH_RECONCILED epoch=1 reporter=735FE217D91E88EA82324C5883296385FA0041C2FAC85C827BAA46DA1E14B83F complete=true entries=116 total=116 symbols=0 dropped=false t=1791454664203
EPOCH_CLOSE_READY epoch=1 t=1791454664464
EPOCH_CLOSE_ROUND epoch=1 round=0 leader=65A90023F6C0D2181AAA63F005D81BBC0C04650505E21D5123F9AE1F9E992BFF leads=false t=1791454664465
EPOCH_PROPOSED epoch=1 round=0 value=367AF685B0507AACBBFECE19FA0D1759D866EC4D61477AABDEEADAB103D5EBD2 state=C8BB3DFFFFE8031992FE0D6878FD8388DA6BA43438AFC7AE9796E55D83992CEB reports=5 t=1791454664511
EPOCH_VALUE epoch=1 value=367AF685B0507AACBBFECE19FA0D1759D866EC4D61477AABDEEADAB103D5EBD2 state=C8BB3DFFFFE8031992FE0D6878FD8388DA6BA43438AFC7AE9796E55D83992CEB t=1791454664511
EPOCH_CLOSE_ROUND epoch=1 round=0 leader=65A90023F6C0D2181AAA63F005D81BBC0C04650505E21D5123F9AE1F9E992BFF leads=true t=1791454664512
EPOCH_RECONCILED epoch=1 reporter=735FE217D91E88EA82324C5883296385FA0041C2FAC85C827BAA46DA1E14B83F complete=true entries=116 total=116 symbols=0 dropped=false t=1791454664548
EPOCH_VALUE epoch=1 value=367AF685B0507AACBBFECE19FA0D1759D866EC4D61477AABDEEADAB103D5EBD2 state=C8BB3DFFFFE8031992FE0D6878FD8388DA6BA43438AFC7AE9796E55D83992CEB t=1791454664661
2026-10-08T10:17:44.975274Z  INFO nanospam::app: Confirmed 35,144 blocks | 2,000 bps | 1,875 cps | avg conf time: 123 ms
EPOCH_VALUE epoch=1 value=367AF685B0507AACBBFECE19FA0D1759D866EC4D61477AABDEEADAB103D5EBD2 state=C8BB3DFFFFE8031992FE0D6878FD8388DA6BA43438AFC7AE9796E55D83992CEB t=1791454665078
EPOCH_VALUE epoch=1 value=367AF685B0507AACBBFECE19FA0D1759D866EC4D61477AABDEEADAB103D5EBD2 state=C8BB3DFFFFE8031992FE0D6878FD8388DA6BA43438AFC7AE9796E55D83992CEB t=1791454665083
EPOCH_VALUE epoch=1 value=367AF685B0507AACBBFECE19FA0D1759D866EC4D61477AABDEEADAB103D5EBD2 state=C8BB3DFFFFE8031992FE0D6878FD8388DA6BA43438AFC7AE9796E55D83992CEB t=1791454665095
EPOCH_VALUE epoch=1 value=367AF685B0507AACBBFECE19FA0D1759D866EC4D61477AABDEEADAB103D5EBD2 state=C8BB3DFFFFE8031992FE0D6878FD8388DA6BA43438AFC7AE9796E55D83992CEB t=1791454665096
EPOCH_INSTALL epoch=1 finalized=15228 instances_confirmed=10 t=1791454665289
EPOCH_LATE_NOTAR epoch=1 blocks=4751 notarized=4431 cast=7627 t=1791454665290
EPOCH_GATE epoch=2 released=178 finalized=0 t=1791454665291
EPOCH_INSTALL epoch=1 finalized=15228 instances_confirmed=10 t=1791454665293
EPOCH_INSTALL epoch=1 finalized=15228 instances_confirmed=10 t=1791454665293
EPOCH_LATE_NOTAR epoch=1 blocks=4768 notarized=4491 cast=7650 t=1791454665295
EPOCH_GATE epoch=2 released=393 finalized=0 t=1791454665295
EPOCH_INSTALL epoch=1 finalized=15228 instances_confirmed=10 t=1791454665296
EPOCH_INSTALL epoch=1 finalized=15228 instances_confirmed=10 t=1791454665296
EPOCH_LATE_NOTAR epoch=1 blocks=4751 notarized=4431 cast=7792 t=1791454665297
EPOCH_LATE_NOTAR epoch=1 blocks=4768 notarized=4491 cast=7957 t=1791454665298
EPOCH_GATE epoch=2 released=395 finalized=0 t=1791454665298
EPOCH_INSTALL epoch=1 finalized=15228 instances_confirmed=10 t=1791454665298
EPOCH_GATE epoch=2 released=398 finalized=0 t=1791454665299
EPOCH_LATE_NOTAR epoch=1 blocks=4768 notarized=4491 cast=7622 t=1791454665301
EPOCH_LATE_NOTAR epoch=1 blocks=4751 notarized=4431 cast=7595 t=1791454665302
EPOCH_GATE epoch=2 released=366 finalized=0 t=1791454665302
EPOCH_GATE epoch=2 released=143 finalized=0 t=1791454665303
EPOCH_COMMITTEE derived_by=1 members=6 accounts=13052 n=6 digest=95D409445152DD075E6A4799205DFA5689496EB8EE1A22AC2A200B9DBC2DCF27 shares=["A353E45E:16.7%", "65A90023:16.7%", "D315857C:16.7%", "911999B2:16.7%", "633D9D61:16.7%", "735FE217:16.7%"] t=1791454665330
EPOCH_LOCKS epoch=1 continued=0 kinds={"locks=1 kind=Some(Recovery) nc_here=true saved=true": 12} t=1791454665330
EPOCH_OMITTED epoch=1 instances=65 retained=12 t=1791454665330
EPOCH_CLOSED epoch=1 round=0 value=367AF685B0507AACBBFECE19FA0D1759D866EC4D61477AABDEEADAB103D5EBD2 state=C8BB3DFFFFE8031992FE0D6878FD8388DA6BA43438AFC7AE9796E55D83992CEB t=1791454665330
EPOCH_COMMITTEE derived_by=1 members=6 accounts=13052 n=6 digest=95D409445152DD075E6A4799205DFA5689496EB8EE1A22AC2A200B9DBC2DCF27 shares=["A353E45E:16.7%", "65A90023:16.7%", "D315857C:16.7%", "911999B2:16.7%", "633D9D61:16.7%", "735FE217:16.7%"] t=1791454665332
EPOCH_LOCKS epoch=1 continued=0 kinds={"locks=1 kind=Some(Recovery) nc_here=true saved=true": 12} t=1791454665332
EPOCH_OMITTED epoch=1 instances=65 retained=12 t=1791454665332
EPOCH_CLOSED epoch=1 round=0 value=367AF685B0507AACBBFECE19FA0D1759D866EC4D61477AABDEEADAB103D5EBD2 state=C8BB3DFFFFE8031992FE0D6878FD8388DA6BA43438AFC7AE9796E55D83992CEB t=1791454665332
EPOCH_COMMITTEE derived_by=1 members=6 accounts=13052 n=6 digest=95D409445152DD075E6A4799205DFA5689496EB8EE1A22AC2A200B9DBC2DCF27 shares=["A353E45E:16.7%", "65A90023:16.7%", "D315857C:16.7%", "911999B2:16.7%", "633D9D61:16.7%", "735FE217:16.7%"] t=1791454665339
EPOCH_LOCKS epoch=1 continued=0 kinds={"locks=1 kind=Some(Recovery) nc_here=true saved=true": 12} t=1791454665339
EPOCH_OMITTED epoch=1 instances=65 retained=12 t=1791454665339
EPOCH_CLOSED epoch=1 round=0 value=367AF685B0507AACBBFECE19FA0D1759D866EC4D61477AABDEEADAB103D5EBD2 state=C8BB3DFFFFE8031992FE0D6878FD8388DA6BA43438AFC7AE9796E55D83992CEB t=1791454665339
EPOCH_COMMITTEE derived_by=1 members=6 accounts=13052 n=6 digest=95D409445152DD075E6A4799205DFA5689496EB8EE1A22AC2A200B9DBC2DCF27 shares=["A353E45E:16.7%", "65A90023:16.7%", "D315857C:16.7%", "911999B2:16.7%", "633D9D61:16.7%", "735FE217:16.7%"] t=1791454665392
EPOCH_LOCKS epoch=1 continued=0 kinds={"locks=1 kind=Some(Recovery) nc_here=true saved=true": 12} t=1791454665393
EPOCH_OMITTED epoch=1 instances=65 retained=12 t=1791454665393
EPOCH_CLOSED epoch=1 round=0 value=367AF685B0507AACBBFECE19FA0D1759D866EC4D61477AABDEEADAB103D5EBD2 state=C8BB3DFFFFE8031992FE0D6878FD8388DA6BA43438AFC7AE9796E55D83992CEB t=1791454665393
EPOCH_INSTALLED epoch=1 finalized=15228 cemented=15228 queued=0 missing=0 t=1791454665395
EPOCH_RETAINED epoch=1 retained=141 held=141 missing=0 t=1791454665395
EPOCH_INSTALLED epoch=1 finalized=15228 cemented=15228 queued=0 missing=0 t=1791454665396
EPOCH_RETAINED epoch=1 retained=141 held=141 missing=0 t=1791454665396
EPOCH_COMMITTEE derived_by=1 members=6 accounts=13052 n=6 digest=95D409445152DD075E6A4799205DFA5689496EB8EE1A22AC2A200B9DBC2DCF27 shares=["A353E45E:16.7%", "65A90023:16.7%", "D315857C:16.7%", "911999B2:16.7%", "633D9D61:16.7%", "735FE217:16.7%"] t=1791454665433
EPOCH_LOCKS epoch=1 continued=0 kinds={"locks=1 kind=Some(Recovery) nc_here=true saved=true": 12} t=1791454665433
EPOCH_OMITTED epoch=1 instances=65 retained=12 t=1791454665433
EPOCH_CLOSED epoch=1 round=0 value=367AF685B0507AACBBFECE19FA0D1759D866EC4D61477AABDEEADAB103D5EBD2 state=C8BB3DFFFFE8031992FE0D6878FD8388DA6BA43438AFC7AE9796E55D83992CEB t=1791454665433
EPOCH_EVIDENCE_RELEASED epoch=1 t=1791454665479
EPOCH_INSTALLED epoch=1 finalized=15228 cemented=15228 queued=0 missing=0 t=1791454665485
EPOCH_RETAINED epoch=1 retained=141 held=141 missing=0 t=1791454665485
EPOCH_COMMITTEE derived_by=1 members=6 accounts=13052 n=6 digest=95D409445152DD075E6A4799205DFA5689496EB8EE1A22AC2A200B9DBC2DCF27 shares=["A353E45E:16.7%", "65A90023:16.7%", "D315857C:16.7%", "911999B2:16.7%", "633D9D61:16.7%", "735FE217:16.7%"] t=1791454665532
EPOCH_LOCKS epoch=1 continued=0 kinds={"locks=1 kind=Some(Recovery) nc_here=true saved=true": 12} t=1791454665548
EPOCH_OMITTED epoch=1 instances=65 retained=12 t=1791454665548
EPOCH_CLOSED epoch=1 round=0 value=367AF685B0507AACBBFECE19FA0D1759D866EC4D61477AABDEEADAB103D5EBD2 state=C8BB3DFFFFE8031992FE0D6878FD8388DA6BA43438AFC7AE9796E55D83992CEB t=1791454665549
EPOCH_INSTALLED epoch=1 finalized=15228 cemented=15228 queued=0 missing=0 t=1791454665595
EPOCH_RETAINED epoch=1 retained=141 held=141 missing=0 t=1791454665595
EPOCH_EVIDENCE_RELEASED epoch=1 t=1791454665598
EPOCH_INSTALLED epoch=1 finalized=15228 cemented=15228 queued=0 missing=0 t=1791454665697
EPOCH_RETAINED epoch=1 retained=141 held=141 missing=0 t=1791454665697
EPOCH_INSTALLED epoch=1 finalized=15228 cemented=15228 queued=0 missing=0 t=1791454665752
EPOCH_RETAINED epoch=1 retained=141 held=141 missing=0 t=1791454665752
2026-10-08T10:17:45.976220Z  INFO nanospam::app: Confirmed 36,847 blocks | 2,000 bps | 1,700 cps | avg conf time: 337 ms
EPOCH_EVIDENCE_RELEASED epoch=1 t=1791454666001
EPOCH_EVIDENCE_RELEASED epoch=1 t=1791454666007
EPOCH_EVIDENCE_RELEASED epoch=1 t=1791454666054
EPOCH_EVIDENCE_RELEASED epoch=1 t=1791454666325
2026-10-08T10:17:46.977189Z  INFO nanospam::app: Confirmed 38,971 blocks | 2,000 bps | 2,121 cps | avg conf time: 107 ms
2026-10-08T10:17:47.978047Z  INFO nanospam::app: Confirmed 40,840 blocks | 2,000 bps | 1,867 cps | avg conf time: 92 ms
2026-10-08T10:17:48.979369Z  INFO nanospam::app: Confirmed 42,773 blocks | 2,000 bps | 1,930 cps | avg conf time: 92 ms
2026-10-08T10:17:49.980277Z  INFO nanospam::app: Confirmed 44,751 blocks | 2,000 bps | 1,976 cps | avg conf time: 93 ms
2026-10-08T10:17:50.146362Z  INFO nanospam::app: Confirming 45000 blocks took 23.19s
2026-10-08T10:17:50.146451Z  INFO nanospam::app: Confirmation rate: 1940 cps
2026-10-08T10:17:50.146461Z  INFO nanospam::app: Average conf time: 124 ms
2026-10-08T10:17:50.146470Z  INFO nanospam::app: Non-fork confirmation rate: 1940 cps (45000 of 45000 non-fork blocks, 0 of 0 forks)
2026-10-08T10:17:50.146687Z  INFO nanospam::app: RAI_BENCH_METRICS {"created":45000,"confirmed":45000,"duration_secs":23.190655084,"confirmation_unit":"primary publication or its confirmed fork alternative","alternative_confirmed":0,"confirmation_histogram_ms":{"40":2,"41":2,"42":5,"43":4,"44":5,"45":6,"46":10,"47":13,"48":21,"49":24,"50":30,"51":38,"52":48,"53":48,"54":63,"55":64,"56":79,"57":81,"58":92,"59":114,"60":122,"61":125,"62":182,"63":176,"64":191,"65":186,"66":206,"67":232,"68":230,"69":244,"70":284,"71":295,"72":319,"73":339,"74":345,"75":392,"76":428,"77":436,"78":475,"79":513,"80":493,"81":530,"82":541,"83":548,"84":583,"85":659,"86":681,"87":673,"88":683,"89":691,"90":702,"91":717,"92":718,"93":737,"94":745,"95":750,"96":806,"97":753,"98":774,"99":818,"100":823,"101":874,"102":844,"103":853,"104":798,"105":855,"106":800,"107":805,"108":836,"109":797,"110":737,"111":668,"112":632,"113":561,"114":558,"115":533,"116":477,"117":427,"118":388,"119":383,"120":338,"121":331,"122":323,"123":319,"124":289,"125":231,"126":213,"127":159,"128":189,"129":150,"130":134,"131":121,"132":122,"133":137,"134":124,"135":120,"136":86,"137":72,"138":66,"139":91,"140":112,"141":94,"142":106,"143":89,"144":92,"145":122,"146":78,"147":71,"148":71,"149":79,"150":89,"151":55,"152":70,"153":89,"154":97,"155":83,"156":69,"157":42,"158":39,"159":40,"160":36,"161":46,"162":52,"163":67,"164":50,"165":31,"166":45,"167":39,"168":52,"169":33,"170":38,"171":35,"172":25,"173":38,"174":53,"175":61,"176":42,"177":39,"178":44,"179":50,"180":50,"181":41,"182":35,"183":40,"184":48,"185":49,"186":39,"187":39,"188":36,"189":43,"190":57,"191":40,"192":38,"193":41,"194":36,"195":53,"196":27,"197":20,"198":35,"199":46,"200":33,"201":50,"202":77,"203":81,"204":55,"205":37,"206":52,"207":51,"208":49,"209":60,"210":47,"211":42,"212":45,"213":47,"214":65,"215":59,"216":51,"217":35,"218":38,"219":49,"220":38,"221":26,"222":37,"223":32,"224":30,"225":38,"226":32,"227":42,"228":41,"229":53,"230":54,"231":62,"232":63,"233":52,"234":48,"235":50,"236":41,"237":34,"238":25,"239":15,"240":24,"241":14,"242":15,"243":10,"244":15,"245":11,"246":14,"247":11,"248":15,"249":23,"250":22,"251":33,"252":10,"253":15,"254":5,"255":8,"256":16,"257":16,"258":17,"259":19,"260":17,"261":15,"262":9,"263":11,"264":13,"265":10,"266":18,"267":5,"268":11,"269":14,"270":6,"271":6,"272":13,"273":4,"274":10,"275":13,"276":13,"277":6,"278":9,"279":17,"280":15,"281":19,"282":17,"283":16,"284":21,"285":15,"286":8,"287":7,"288":7,"289":7,"290":7,"291":8,"292":7,"293":7,"294":12,"295":9,"296":12,"297":12,"298":11,"299":9,"300":6,"301":4,"302":8,"303":10,"304":4,"305":8,"306":8,"307":11,"308":13,"309":15,"310":14,"311":5,"312":9,"313":12,"314":6,"315":6,"316":7,"317":11,"318":8,"319":8,"320":12,"321":18,"322":14,"323":10,"324":13,"325":31,"326":9,"327":10,"328":6,"329":6,"330":4,"331":6,"332":5,"333":6,"334":7,"335":2,"336":7,"337":6,"338":3,"339":4,"340":8,"341":4,"342":9,"343":4,"344":7,"345":7,"346":4,"347":1,"348":6,"349":1,"350":1,"351":3,"352":8,"353":5,"356":2,"357":2,"360":13,"361":14,"362":18,"363":7,"364":7,"365":6,"366":14,"367":5,"368":6,"369":6,"370":8,"371":9,"372":11,"373":7,"374":11,"375":5,"376":4,"377":7,"378":6,"379":5,"380":4,"381":7,"382":6,"383":4,"384":4,"385":3,"386":2,"387":6,"388":2,"389":5,"390":3,"391":3,"392":5,"393":6,"394":5,"395":10,"396":4,"397":3,"398":5,"399":8,"400":8,"401":4,"402":2,"403":5,"404":3,"405":4,"406":7,"407":3,"408":4,"409":2,"410":1,"412":5,"413":3,"414":3,"415":6,"416":6,"417":4,"418":4,"419":4,"420":4,"421":7,"422":9,"423":8,"424":10,"425":7,"426":4,"427":5,"428":8,"429":4,"430":8,"431":6,"432":2,"433":7,"434":8,"435":3,"436":3,"437":4,"438":6,"439":2,"440":3,"441":2,"442":2,"443":2,"444":3,"445":5,"446":3,"447":1,"448":4,"449":4,"450":1,"451":3,"452":2,"453":5,"454":4,"455":2,"456":3,"457":5,"458":10,"459":1,"460":2,"464":6,"465":2,"467":7,"468":4,"469":2,"470":4,"471":6,"472":8,"473":3,"474":9,"475":2,"476":10,"477":8,"478":6,"479":5,"480":7,"481":3,"482":6,"483":6,"484":7,"485":5,"486":4,"487":1,"488":3,"489":4,"490":4,"491":3,"492":2,"493":3,"494":1,"495":3,"496":3,"497":7,"498":2,"499":5,"500":6,"501":2,"502":5,"503":2,"504":3,"505":10,"506":5,"507":9,"508":4,"509":2,"510":5,"511":5,"512":3,"513":5,"514":5,"515":2,"516":3,"517":7,"518":6,"519":4,"520":6,"521":7,"522":9,"523":10,"524":8,"525":14,"526":10,"527":9,"528":5,"529":10,"530":6,"531":7,"532":9,"533":6,"534":6,"535":5,"536":4,"537":3,"538":5,"539":7,"540":7,"541":10,"542":8,"543":5,"544":6,"545":3,"546":3,"547":4,"548":5,"549":5,"550":7,"551":9,"552":3,"553":5,"554":8,"555":5,"556":11,"557":7,"558":6,"559":2,"560":4,"561":6,"562":6,"563":5,"564":13,"565":8,"566":6,"567":9,"568":13,"569":11,"570":11,"571":14,"572":7,"573":9,"574":7,"575":11,"576":8,"577":6,"578":4,"579":4,"580":5,"581":8,"582":5,"583":6,"584":7,"585":9,"586":3,"587":6,"588":2,"589":4,"590":6,"591":5,"592":7,"593":8,"594":3,"595":2,"596":3,"597":3,"598":3,"599":4,"600":4,"601":2,"602":1,"603":2,"604":2,"605":1,"606":2,"607":3,"608":2,"609":1,"610":4,"611":4,"612":1,"613":1,"614":2,"615":4,"616":1,"617":1,"618":2,"620":1,"621":1,"622":1,"624":3,"625":3,"626":2,"628":1,"630":1,"632":1,"633":1,"635":1,"639":1,"642":1,"644":1,"648":1,"649":1,"651":1,"655":1,"661":1,"674":1,"1204":1},"nonfork_created":45000,"nonfork_confirmed":45000,"nonfork_histogram_ms":{"40":2,"41":2,"42":5,"43":4,"44":5,"45":6,"46":10,"47":13,"48":21,"49":24,"50":30,"51":38,"52":48,"53":48,"54":63,"55":64,"56":79,"57":81,"58":92,"59":114,"60":122,"61":125,"62":182,"63":176,"64":191,"65":186,"66":206,"67":232,"68":230,"69":244,"70":284,"71":295,"72":319,"73":339,"74":345,"75":392,"76":428,"77":436,"78":475,"79":513,"80":493,"81":530,"82":541,"83":548,"84":583,"85":659,"86":681,"87":673,"88":683,"89":691,"90":702,"91":717,"92":718,"93":737,"94":745,"95":750,"96":806,"97":753,"98":774,"99":818,"100":823,"101":874,"102":844,"103":853,"104":798,"105":855,"106":800,"107":805,"108":836,"109":797,"110":737,"111":668,"112":632,"113":561,"114":558,"115":533,"116":477,"117":427,"118":388,"119":383,"120":338,"121":331,"122":323,"123":319,"124":289,"125":231,"126":213,"127":159,"128":189,"129":150,"130":134,"131":121,"132":122,"133":137,"134":124,"135":120,"136":86,"137":72,"138":66,"139":91,"140":112,"141":94,"142":106,"143":89,"144":92,"145":122,"146":78,"147":71,"148":71,"149":79,"150":89,"151":55,"152":70,"153":89,"154":97,"155":83,"156":69,"157":42,"158":39,"159":40,"160":36,"161":46,"162":52,"163":67,"164":50,"165":31,"166":45,"167":39,"168":52,"169":33,"170":38,"171":35,"172":25,"173":38,"174":53,"175":61,"176":42,"177":39,"178":44,"179":50,"180":50,"181":41,"182":35,"183":40,"184":48,"185":49,"186":39,"187":39,"188":36,"189":43,"190":57,"191":40,"192":38,"193":41,"194":36,"195":53,"196":27,"197":20,"198":35,"199":46,"200":33,"201":50,"202":77,"203":81,"204":55,"205":37,"206":52,"207":51,"208":49,"209":60,"210":47,"211":42,"212":45,"213":47,"214":65,"215":59,"216":51,"217":35,"218":38,"219":49,"220":38,"221":26,"222":37,"223":32,"224":30,"225":38,"226":32,"227":42,"228":41,"229":53,"230":54,"231":62,"232":63,"233":52,"234":48,"235":50,"236":41,"237":34,"238":25,"239":15,"240":24,"241":14,"242":15,"243":10,"244":15,"245":11,"246":14,"247":11,"248":15,"249":23,"250":22,"251":33,"252":10,"253":15,"254":5,"255":8,"256":16,"257":16,"258":17,"259":19,"260":17,"261":15,"262":9,"263":11,"264":13,"265":10,"266":18,"267":5,"268":11,"269":14,"270":6,"271":6,"272":13,"273":4,"274":10,"275":13,"276":13,"277":6,"278":9,"279":17,"280":15,"281":19,"282":17,"283":16,"284":21,"285":15,"286":8,"287":7,"288":7,"289":7,"290":7,"291":8,"292":7,"293":7,"294":12,"295":9,"296":12,"297":12,"298":11,"299":9,"300":6,"301":4,"302":8,"303":10,"304":4,"305":8,"306":8,"307":11,"308":13,"309":15,"310":14,"311":5,"312":9,"313":12,"314":6,"315":6,"316":7,"317":11,"318":8,"319":8,"320":12,"321":18,"322":14,"323":10,"324":13,"325":31,"326":9,"327":10,"328":6,"329":6,"330":4,"331":6,"332":5,"333":6,"334":7,"335":2,"336":7,"337":6,"338":3,"339":4,"340":8,"341":4,"342":9,"343":4,"344":7,"345":7,"346":4,"347":1,"348":6,"349":1,"350":1,"351":3,"352":8,"353":5,"356":2,"357":2,"360":13,"361":14,"362":18,"363":7,"364":7,"365":6,"366":14,"367":5,"368":6,"369":6,"370":8,"371":9,"372":11,"373":7,"374":11,"375":5,"376":4,"377":7,"378":6,"379":5,"380":4,"381":7,"382":6,"383":4,"384":4,"385":3,"386":2,"387":6,"388":2,"389":5,"390":3,"391":3,"392":5,"393":6,"394":5,"395":10,"396":4,"397":3,"398":5,"399":8,"400":8,"401":4,"402":2,"403":5,"404":3,"405":4,"406":7,"407":3,"408":4,"409":2,"410":1,"412":5,"413":3,"414":3,"415":6,"416":6,"417":4,"418":4,"419":4,"420":4,"421":7,"422":9,"423":8,"424":10,"425":7,"426":4,"427":5,"428":8,"429":4,"430":8,"431":6,"432":2,"433":7,"434":8,"435":3,"436":3,"437":4,"438":6,"439":2,"440":3,"441":2,"442":2,"443":2,"444":3,"445":5,"446":3,"447":1,"448":4,"449":4,"450":1,"451":3,"452":2,"453":5,"454":4,"455":2,"456":3,"457":5,"458":10,"459":1,"460":2,"464":6,"465":2,"467":7,"468":4,"469":2,"470":4,"471":6,"472":8,"473":3,"474":9,"475":2,"476":10,"477":8,"478":6,"479":5,"480":7,"481":3,"482":6,"483":6,"484":7,"485":5,"486":4,"487":1,"488":3,"489":4,"490":4,"491":3,"492":2,"493":3,"494":1,"495":3,"496":3,"497":7,"498":2,"499":5,"500":6,"501":2,"502":5,"503":2,"504":3,"505":10,"506":5,"507":9,"508":4,"509":2,"510":5,"511":5,"512":3,"513":5,"514":5,"515":2,"516":3,"517":7,"518":6,"519":4,"520":6,"521":7,"522":9,"523":10,"524":8,"525":14,"526":10,"527":9,"528":5,"529":10,"530":6,"531":7,"532":9,"533":6,"534":6,"535":5,"536":4,"537":3,"538":5,"539":7,"540":7,"541":10,"542":8,"543":5,"544":6,"545":3,"546":3,"547":4,"548":5,"549":5,"550":7,"551":9,"552":3,"553":5,"554":8,"555":5,"556":11,"557":7,"558":6,"559":2,"560":4,"561":6,"562":6,"563":5,"564":13,"565":8,"566":6,"567":9,"568":13,"569":11,"570":11,"571":14,"572":7,"573":9,"574":7,"575":11,"576":8,"577":6,"578":4,"579":4,"580":5,"581":8,"582":5,"583":6,"584":7,"585":9,"586":3,"587":6,"588":2,"589":4,"590":6,"591":5,"592":7,"593":8,"594":3,"595":2,"596":3,"597":3,"598":3,"599":4,"600":4,"601":2,"602":1,"603":2,"604":2,"605":1,"606":2,"607":3,"608":2,"609":1,"610":4,"611":4,"612":1,"613":1,"614":2,"615":4,"616":1,"617":1,"618":2,"620":1,"621":1,"622":1,"624":3,"625":3,"626":2,"628":1,"630":1,"632":1,"633":1,"635":1,"639":1,"642":1,"644":1,"648":1,"649":1,"651":1,"655":1,"661":1,"674":1,"1204":1},"fork_created":0,"fork_confirmed":0,"fork_unresolved_at_end":0}
EPOCH_ENDED epoch=2 elections=12 active=0 t=1791454670836
EPOCH_ENDED epoch=2 elections=12 active=0 t=1791454670855
EPOCH_ENDED epoch=2 elections=12 active=0 t=1791454670864
EPOCH_ENDED epoch=2 elections=12 active=0 t=1791454670886
EPOCH_ADVANCED epoch=3 elections=12 active=0 vote_records=533631 t=1791454670904
EPOCH_CLOSE_UNREADY epoch=2 short_of=reports usable=0 weight=0 required=5 held=0 theirs=[] t=1791454670909
EPOCH_ADVANCED epoch=3 elections=12 active=0 vote_records=533631 t=1791454670912
EPOCH_ENDED epoch=2 elections=15 active=0 t=1791454670912
EPOCH_CLOSE_UNREADY epoch=2 short_of=reports usable=0 weight=0 required=5 held=0 theirs=[] t=1791454670917
EPOCH_ADVANCED epoch=3 elections=12 active=0 vote_records=533631 t=1791454670918
EPOCH_CLOSE_UNREADY epoch=2 short_of=reports usable=0 weight=0 required=5 held=0 theirs=[] t=1791454670923
EPOCH_ADVANCED epoch=3 elections=12 active=0 vote_records=533631 t=1791454670933
EPOCH_CLOSE_UNREADY epoch=2 short_of=reports usable=0 weight=0 required=5 held=0 theirs=[] t=1791454670938
EPOCH_CARRIED epoch=2 instances=3 split=0 t=1791454670959
EPOCH_ADVANCED epoch=3 elections=18 active=3 vote_records=533627 t=1791454670959
EPOCH_CLOSE_UNREADY epoch=2 short_of=reports usable=0 weight=0 required=5 held=0 theirs=[] t=1791454670969
EPOCH_ENDED epoch=2 elections=12 active=0 t=1791454670970
EPOCH_REPORT epoch=2 certified=45065 residual=0 root=C8A0C6622ED8E53307030A335A83566C8C583952F14BAE4BF4F3C3C087F32BC6 reports=1 t=1791454671011
EPOCH_REPORT epoch=2 certified=45065 residual=0 root=C8A0C6622ED8E53307030A335A83566C8C583952F14BAE4BF4F3C3C087F32BC6 reports=1 t=1791454671015
EPOCH_REPORT epoch=2 certified=45065 residual=0 root=C8A0C6622ED8E53307030A335A83566C8C583952F14BAE4BF4F3C3C087F32BC6 reports=1 t=1791454671018
EPOCH_REPORT epoch=2 certified=45065 residual=0 root=C8A0C6622ED8E53307030A335A83566C8C583952F14BAE4BF4F3C3C087F32BC6 reports=1 t=1791454671028
EPOCH_ADVANCED epoch=3 elections=12 active=0 vote_records=533631 t=1791454671029
EPOCH_REPORT epoch=2 certified=45065 residual=0 root=C8A0C6622ED8E53307030A335A83566C8C583952F14BAE4BF4F3C3C087F32BC6 reports=1 t=1791454671052
EPOCH_RECONCILED epoch=2 reporter=633D9D614858AB1710D5D8C3180E2A082DC97208BA8C26BA6C6D1A86C8E31CC0 complete=true entries=0 total=45065 symbols=0 dropped=false t=1791454671080
EPOCH_RECONCILED epoch=2 reporter=A353E45E6D0016CAEED0DFA4EC5B0640E2AA22A793F9F2375E77F1AB92977C04 complete=true entries=0 total=45065 symbols=0 dropped=false t=1791454671082
EPOCH_RECONCILED epoch=2 reporter=D315857CE70C54DE713F6E82E5613BB3A1266C15E28AD2F4338C7BBEC456F532 complete=true entries=0 total=45065 symbols=0 dropped=false t=1791454671084
EPOCH_RECONCILED epoch=2 reporter=65A90023F6C0D2181AAA63F005D81BBC0C04650505E21D5123F9AE1F9E992BFF complete=true entries=0 total=45065 symbols=0 dropped=false t=1791454671086
EPOCH_REPORT epoch=2 certified=45065 residual=0 root=C8A0C6622ED8E53307030A335A83566C8C583952F14BAE4BF4F3C3C087F32BC6 reports=1 t=1791454671100
EPOCH_CLOSE_READY epoch=2 t=1791454671135
EPOCH_RECONCILED epoch=2 reporter=65A90023F6C0D2181AAA63F005D81BBC0C04650505E21D5123F9AE1F9E992BFF complete=true entries=0 total=45065 symbols=0 dropped=false t=1791454671183
EPOCH_RECONCILED epoch=2 reporter=D315857CE70C54DE713F6E82E5613BB3A1266C15E28AD2F4338C7BBEC456F532 complete=true entries=0 total=45065 symbols=0 dropped=false t=1791454671185
EPOCH_RECONCILED epoch=2 reporter=735FE217D91E88EA82324C5883296385FA0041C2FAC85C827BAA46DA1E14B83F complete=true entries=0 total=45065 symbols=0 dropped=false t=1791454671188
EPOCH_RECONCILED epoch=2 reporter=633D9D614858AB1710D5D8C3180E2A082DC97208BA8C26BA6C6D1A86C8E31CC0 complete=true entries=0 total=45065 symbols=0 dropped=false t=1791454671191
EPOCH_RECONCILED epoch=2 reporter=911999B2AEFA7ACC66EBD802B3301FF6CE431405107749D940277955CB7FDD07 complete=true entries=0 total=45065 symbols=0 dropped=false t=1791454671193
EPOCH_RECONCILED epoch=2 reporter=735FE217D91E88EA82324C5883296385FA0041C2FAC85C827BAA46DA1E14B83F complete=true entries=0 total=45065 symbols=0 dropped=false t=1791454671209
EPOCH_RECONCILED epoch=2 reporter=A353E45E6D0016CAEED0DFA4EC5B0640E2AA22A793F9F2375E77F1AB92977C04 complete=true entries=0 total=45065 symbols=0 dropped=false t=1791454671212
EPOCH_RECONCILED epoch=2 reporter=911999B2AEFA7ACC66EBD802B3301FF6CE431405107749D940277955CB7FDD07 complete=true entries=0 total=45065 symbols=0 dropped=false t=1791454671215
EPOCH_RECONCILED epoch=2 reporter=D315857CE70C54DE713F6E82E5613BB3A1266C15E28AD2F4338C7BBEC456F532 complete=true entries=0 total=45065 symbols=0 dropped=false t=1791454671217
EPOCH_RECONCILED epoch=2 reporter=65A90023F6C0D2181AAA63F005D81BBC0C04650505E21D5123F9AE1F9E992BFF complete=true entries=0 total=45065 symbols=0 dropped=false t=1791454671218
EPOCH_RECONCILED epoch=2 reporter=A353E45E6D0016CAEED0DFA4EC5B0640E2AA22A793F9F2375E77F1AB92977C04 complete=true entries=0 total=45065 symbols=0 dropped=false t=1791454671220
EPOCH_RECONCILED epoch=2 reporter=633D9D614858AB1710D5D8C3180E2A082DC97208BA8C26BA6C6D1A86C8E31CC0 complete=true entries=0 total=45065 symbols=0 dropped=false t=1791454671221
EPOCH_RECONCILED epoch=2 reporter=735FE217D91E88EA82324C5883296385FA0041C2FAC85C827BAA46DA1E14B83F complete=true entries=0 total=45065 symbols=0 dropped=false t=1791454671227
EPOCH_RECONCILED epoch=2 reporter=911999B2AEFA7ACC66EBD802B3301FF6CE431405107749D940277955CB7FDD07 complete=true entries=0 total=45065 symbols=0 dropped=false t=1791454671234
EPOCH_RECONCILED epoch=2 reporter=911999B2AEFA7ACC66EBD802B3301FF6CE431405107749D940277955CB7FDD07 complete=true entries=0 total=45065 symbols=0 dropped=false t=1791454671239
EPOCH_RECONCILED epoch=2 reporter=65A90023F6C0D2181AAA63F005D81BBC0C04650505E21D5123F9AE1F9E992BFF complete=true entries=0 total=45065 symbols=0 dropped=false t=1791454671240
EPOCH_RECONCILED epoch=2 reporter=A353E45E6D0016CAEED0DFA4EC5B0640E2AA22A793F9F2375E77F1AB92977C04 complete=true entries=0 total=45065 symbols=0 dropped=false t=1791454671242
EPOCH_RECONCILED epoch=2 reporter=633D9D614858AB1710D5D8C3180E2A082DC97208BA8C26BA6C6D1A86C8E31CC0 complete=true entries=0 total=45065 symbols=0 dropped=false t=1791454671245
EPOCH_RECONCILED epoch=2 reporter=735FE217D91E88EA82324C5883296385FA0041C2FAC85C827BAA46DA1E14B83F complete=true entries=0 total=45065 symbols=0 dropped=false t=1791454671247
EPOCH_RECONCILED epoch=2 reporter=D315857CE70C54DE713F6E82E5613BB3A1266C15E28AD2F4338C7BBEC456F532 complete=true entries=0 total=45065 symbols=0 dropped=false t=1791454671252
EPOCH_CLOSE_ROUND epoch=2 round=0 leader=735FE217D91E88EA82324C5883296385FA0041C2FAC85C827BAA46DA1E14B83F leads=false t=1791454671270
EPOCH_RECONCILED epoch=2 reporter=633D9D614858AB1710D5D8C3180E2A082DC97208BA8C26BA6C6D1A86C8E31CC0 complete=true entries=0 total=45065 symbols=0 dropped=false t=1791454671276
EPOCH_RECONCILED epoch=2 reporter=65A90023F6C0D2181AAA63F005D81BBC0C04650505E21D5123F9AE1F9E992BFF complete=true entries=0 total=45065 symbols=0 dropped=false t=1791454671279
EPOCH_CLOSE_READY epoch=2 t=1791454671281
EPOCH_RECONCILED epoch=2 reporter=911999B2AEFA7ACC66EBD802B3301FF6CE431405107749D940277955CB7FDD07 complete=true entries=0 total=45065 symbols=0 dropped=false t=1791454671281
EPOCH_RECONCILED epoch=2 reporter=A353E45E6D0016CAEED0DFA4EC5B0640E2AA22A793F9F2375E77F1AB92977C04 complete=true entries=0 total=45065 symbols=0 dropped=false t=1791454671288
EPOCH_RECONCILED epoch=2 reporter=D315857CE70C54DE713F6E82E5613BB3A1266C15E28AD2F4338C7BBEC456F532 complete=true entries=0 total=45065 symbols=0 dropped=false t=1791454671293
EPOCH_CLOSE_READY epoch=2 t=1791454671314
EPOCH_RECONCILED epoch=2 reporter=735FE217D91E88EA82324C5883296385FA0041C2FAC85C827BAA46DA1E14B83F complete=true entries=0 total=45065 symbols=0 dropped=false t=1791454671320
EPOCH_CLOSE_READY epoch=2 t=1791454671337
EPOCH_CLOSE_READY epoch=2 t=1791454671339
EPOCH_CLOSE_READY epoch=2 t=1791454671361
EPOCH_CLOSE_ROUND epoch=2 round=0 leader=735FE217D91E88EA82324C5883296385FA0041C2FAC85C827BAA46DA1E14B83F leads=false t=1791454671457
EPOCH_CLOSE_ROUND epoch=2 round=0 leader=735FE217D91E88EA82324C5883296385FA0041C2FAC85C827BAA46DA1E14B83F leads=false t=1791454671464
EPOCH_CLOSE_ROUND epoch=2 round=0 leader=735FE217D91E88EA82324C5883296385FA0041C2FAC85C827BAA46DA1E14B83F leads=false t=1791454671473
EPOCH_CLOSE_ROUND epoch=2 round=0 leader=735FE217D91E88EA82324C5883296385FA0041C2FAC85C827BAA46DA1E14B83F leads=false t=1791454671500
EPOCH_PROPOSED epoch=2 round=0 value=BF2039045E40279454F4BD06DBA787CB11E13FC82929B01A498EEA52B32606E4 state=E1499F740D205C2DAAB28D3741A15FDFF2D57640275334EDF9C64D5BDCC9D6B6 reports=5 t=1791454671508
EPOCH_VALUE epoch=2 value=BF2039045E40279454F4BD06DBA787CB11E13FC82929B01A498EEA52B32606E4 state=E1499F740D205C2DAAB28D3741A15FDFF2D57640275334EDF9C64D5BDCC9D6B6 t=1791454671508
EPOCH_CLOSE_ROUND epoch=2 round=0 leader=735FE217D91E88EA82324C5883296385FA0041C2FAC85C827BAA46DA1E14B83F leads=true t=1791454671526
EPOCH_VALUE epoch=2 value=BF2039045E40279454F4BD06DBA787CB11E13FC82929B01A498EEA52B32606E4 state=E1499F740D205C2DAAB28D3741A15FDFF2D57640275334EDF9C64D5BDCC9D6B6 t=1791454671731
EPOCH_VALUE epoch=2 value=BF2039045E40279454F4BD06DBA787CB11E13FC82929B01A498EEA52B32606E4 state=E1499F740D205C2DAAB28D3741A15FDFF2D57640275334EDF9C64D5BDCC9D6B6 t=1791454671731
EPOCH_VALUE epoch=2 value=BF2039045E40279454F4BD06DBA787CB11E13FC82929B01A498EEA52B32606E4 state=E1499F740D205C2DAAB28D3741A15FDFF2D57640275334EDF9C64D5BDCC9D6B6 t=1791454671732
EPOCH_VALUE epoch=2 value=BF2039045E40279454F4BD06DBA787CB11E13FC82929B01A498EEA52B32606E4 state=E1499F740D205C2DAAB28D3741A15FDFF2D57640275334EDF9C64D5BDCC9D6B6 t=1791454671733
EPOCH_VALUE epoch=2 value=BF2039045E40279454F4BD06DBA787CB11E13FC82929B01A498EEA52B32606E4 state=E1499F740D205C2DAAB28D3741A15FDFF2D57640275334EDF9C64D5BDCC9D6B6 t=1791454671738
EPOCH_CLOSE_ROUND epoch=2 round=1 leader=911999B2AEFA7ACC66EBD802B3301FF6CE431405107749D940277955CB7FDD07 leads=false t=1791454671810
EPOCH_INSTALL epoch=2 finalized=14047 instances_confirmed=12 t=1791454671841
EPOCH_LATE_NOTAR epoch=2 blocks=3 notarized=3 cast=7650 t=1791454671841
EPOCH_INSTALL epoch=2 finalized=14047 instances_confirmed=12 t=1791454671841
EPOCH_LATE_NOTAR epoch=2 blocks=3 notarized=3 cast=7792 t=1791454671841
EPOCH_INSTALL epoch=2 finalized=14047 instances_confirmed=12 t=1791454671852
EPOCH_LATE_NOTAR epoch=2 blocks=3 notarized=3 cast=7957 t=1791454671852
EPOCH_COMMITTEE derived_by=2 members=6 accounts=17691 n=6 digest=95D409445152DD075E6A4799205DFA5689496EB8EE1A22AC2A200B9DBC2DCF27 shares=["735FE217:16.7%", "65A90023:16.7%", "D315857C:16.7%", "911999B2:16.7%", "633D9D61:16.7%", "A353E45E:16.7%"] t=1791454671863
EPOCH_CLOSED epoch=2 round=0 value=BF2039045E40279454F4BD06DBA787CB11E13FC82929B01A498EEA52B32606E4 state=E1499F740D205C2DAAB28D3741A15FDFF2D57640275334EDF9C64D5BDCC9D6B6 t=1791454671863
EPOCH_COMMITTEE derived_by=2 members=6 accounts=17691 n=6 digest=95D409445152DD075E6A4799205DFA5689496EB8EE1A22AC2A200B9DBC2DCF27 shares=["735FE217:16.7%", "65A90023:16.7%", "D315857C:16.7%", "911999B2:16.7%", "633D9D61:16.7%", "A353E45E:16.7%"] t=1791454671870
EPOCH_CLOSED epoch=2 round=0 value=BF2039045E40279454F4BD06DBA787CB11E13FC82929B01A498EEA52B32606E4 state=E1499F740D205C2DAAB28D3741A15FDFF2D57640275334EDF9C64D5BDCC9D6B6 t=1791454671870
EPOCH_INSTALL epoch=2 finalized=14047 instances_confirmed=12 t=1791454671870
EPOCH_LATE_NOTAR epoch=2 blocks=3 notarized=3 cast=7627 t=1791454671870
EPOCH_INSTALL epoch=2 finalized=14047 instances_confirmed=15 t=1791454671875
EPOCH_LATE_NOTAR epoch=2 blocks=3 notarized=3 cast=7598 t=1791454671875
EPOCH_COMMITTEE derived_by=2 members=6 accounts=17691 n=6 digest=95D409445152DD075E6A4799205DFA5689496EB8EE1A22AC2A200B9DBC2DCF27 shares=["735FE217:16.7%", "65A90023:16.7%", "D315857C:16.7%", "911999B2:16.7%", "633D9D61:16.7%", "A353E45E:16.7%"] t=1791454671879
EPOCH_CLOSED epoch=2 round=0 value=BF2039045E40279454F4BD06DBA787CB11E13FC82929B01A498EEA52B32606E4 state=E1499F740D205C2DAAB28D3741A15FDFF2D57640275334EDF9C64D5BDCC9D6B6 t=1791454671879
EPOCH_INSTALL epoch=2 finalized=14047 instances_confirmed=12 t=1791454671893
EPOCH_LATE_NOTAR epoch=2 blocks=3 notarized=3 cast=7625 t=1791454671894
EPOCH_INSTALLED epoch=2 finalized=14047 cemented=14047 queued=0 missing=0 t=1791454671913
EPOCH_COMMITTEE derived_by=2 members=6 accounts=17691 n=6 digest=95D409445152DD075E6A4799205DFA5689496EB8EE1A22AC2A200B9DBC2DCF27 shares=["735FE217:16.7%", "65A90023:16.7%", "D315857C:16.7%", "911999B2:16.7%", "633D9D61:16.7%", "A353E45E:16.7%"] t=1791454671923
EPOCH_CLOSED epoch=2 round=0 value=BF2039045E40279454F4BD06DBA787CB11E13FC82929B01A498EEA52B32606E4 state=E1499F740D205C2DAAB28D3741A15FDFF2D57640275334EDF9C64D5BDCC9D6B6 t=1791454671924
EPOCH_INSTALLED epoch=2 finalized=14047 cemented=14047 queued=0 missing=0 t=1791454671929
EPOCH_INSTALLED epoch=2 finalized=14047 cemented=14047 queued=0 missing=0 t=1791454671930
EPOCH_COMMITTEE derived_by=2 members=6 accounts=17691 n=6 digest=95D409445152DD075E6A4799205DFA5689496EB8EE1A22AC2A200B9DBC2DCF27 shares=["735FE217:16.7%", "65A90023:16.7%", "D315857C:16.7%", "911999B2:16.7%", "633D9D61:16.7%", "A353E45E:16.7%"] t=1791454671936
EPOCH_CLOSED epoch=2 round=0 value=BF2039045E40279454F4BD06DBA787CB11E13FC82929B01A498EEA52B32606E4 state=E1499F740D205C2DAAB28D3741A15FDFF2D57640275334EDF9C64D5BDCC9D6B6 t=1791454671936
EPOCH_COMMITTEE derived_by=2 members=6 accounts=17691 n=6 digest=95D409445152DD075E6A4799205DFA5689496EB8EE1A22AC2A200B9DBC2DCF27 shares=["735FE217:16.7%", "65A90023:16.7%", "D315857C:16.7%", "911999B2:16.7%", "633D9D61:16.7%", "A353E45E:16.7%"] t=1791454671939
EPOCH_CLOSED epoch=2 round=0 value=BF2039045E40279454F4BD06DBA787CB11E13FC82929B01A498EEA52B32606E4 state=E1499F740D205C2DAAB28D3741A15FDFF2D57640275334EDF9C64D5BDCC9D6B6 t=1791454671939
EPOCH_INSTALLED epoch=2 finalized=14047 cemented=14047 queued=0 missing=0 t=1791454671995
EPOCH_EVIDENCE_RELEASED epoch=2 t=1791454672018
EPOCH_INSTALLED epoch=2 finalized=14047 cemented=14047 queued=0 missing=0 t=1791454672023
EPOCH_EVIDENCE_RELEASED epoch=2 t=1791454672034
EPOCH_EVIDENCE_RELEASED epoch=2 t=1791454672034
EPOCH_EVIDENCE_RELEASED epoch=2 t=1791454672036
EPOCH_INSTALLED epoch=2 finalized=14047 cemented=14047 queued=0 missing=0 t=1791454672048
EPOCH_EVIDENCE_RELEASED epoch=2 t=1791454672048
EPOCH_EVIDENCE_RELEASED epoch=2 t=1791454672053
