2026-10-08T09:30:44.781053Z  INFO nanospam::setup::account_map_factory: Creating account keys file with 45000 keys: "/var/folders/1y/px089b2s6f9d893xp1p4c7wh0000gn/T/rai-gate-b-ay6ol1r4/account_keys.txt"
2026-10-08T09:30:45.525267Z  INFO nanospam::setup::node_config_factory: ********************************************************************************
2026-10-08T09:30:45.525293Z  INFO nanospam::setup::node_config_factory: Setting up node PR0...
2026-10-08T09:30:45.525297Z  INFO nanospam::setup::node_config_factory: Creating directory "/var/folders/1y/px089b2s6f9d893xp1p4c7wh0000gn/T/rai-gate-b-ay6ol1r4/pr0"
2026-10-08T09:30:45.525377Z  INFO nanospam::setup::node_config_factory: Creating node config file: "/var/folders/1y/px089b2s6f9d893xp1p4c7wh0000gn/T/rai-gate-b-ay6ol1r4/pr0/config-node.toml"
2026-10-08T09:30:45.525510Z  INFO nanospam::setup::node_config_factory: Creating rpc config file: "/var/folders/1y/px089b2s6f9d893xp1p4c7wh0000gn/T/rai-gate-b-ay6ol1r4/pr0/config-rpc.toml"
2026-10-08T09:30:45.525579Z  INFO nanospam::setup::node_config_factory: ********************************************************************************
2026-10-08T09:30:45.525585Z  INFO nanospam::setup::node_config_factory: Setting up node PR1...
2026-10-08T09:30:45.525589Z  INFO nanospam::setup::node_config_factory: Creating directory "/var/folders/1y/px089b2s6f9d893xp1p4c7wh0000gn/T/rai-gate-b-ay6ol1r4/pr1"
2026-10-08T09:30:45.525630Z  INFO nanospam::setup::node_config_factory: Creating node config file: "/var/folders/1y/px089b2s6f9d893xp1p4c7wh0000gn/T/rai-gate-b-ay6ol1r4/pr1/config-node.toml"
2026-10-08T09:30:45.525702Z  INFO nanospam::setup::node_config_factory: Creating rpc config file: "/var/folders/1y/px089b2s6f9d893xp1p4c7wh0000gn/T/rai-gate-b-ay6ol1r4/pr1/config-rpc.toml"
2026-10-08T09:30:45.525769Z  INFO nanospam::setup::node_config_factory: ********************************************************************************
2026-10-08T09:30:45.525773Z  INFO nanospam::setup::node_config_factory: Setting up node PR2...
2026-10-08T09:30:45.525776Z  INFO nanospam::setup::node_config_factory: Creating directory "/var/folders/1y/px089b2s6f9d893xp1p4c7wh0000gn/T/rai-gate-b-ay6ol1r4/pr2"
2026-10-08T09:30:45.525817Z  INFO nanospam::setup::node_config_factory: Creating node config file: "/var/folders/1y/px089b2s6f9d893xp1p4c7wh0000gn/T/rai-gate-b-ay6ol1r4/pr2/config-node.toml"
2026-10-08T09:30:45.525884Z  INFO nanospam::setup::node_config_factory: Creating rpc config file: "/var/folders/1y/px089b2s6f9d893xp1p4c7wh0000gn/T/rai-gate-b-ay6ol1r4/pr2/config-rpc.toml"
2026-10-08T09:30:45.525941Z  INFO nanospam::setup::node_config_factory: ********************************************************************************
2026-10-08T09:30:45.525944Z  INFO nanospam::setup::node_config_factory: Setting up node PR3...
2026-10-08T09:30:45.525947Z  INFO nanospam::setup::node_config_factory: Creating directory "/var/folders/1y/px089b2s6f9d893xp1p4c7wh0000gn/T/rai-gate-b-ay6ol1r4/pr3"
2026-10-08T09:30:45.525987Z  INFO nanospam::setup::node_config_factory: Creating node config file: "/var/folders/1y/px089b2s6f9d893xp1p4c7wh0000gn/T/rai-gate-b-ay6ol1r4/pr3/config-node.toml"
2026-10-08T09:30:45.526061Z  INFO nanospam::setup::node_config_factory: Creating rpc config file: "/var/folders/1y/px089b2s6f9d893xp1p4c7wh0000gn/T/rai-gate-b-ay6ol1r4/pr3/config-rpc.toml"
2026-10-08T09:30:45.526127Z  INFO nanospam::setup::node_config_factory: ********************************************************************************
2026-10-08T09:30:45.526133Z  INFO nanospam::setup::node_config_factory: Setting up node PR4...
2026-10-08T09:30:45.526136Z  INFO nanospam::setup::node_config_factory: Creating directory "/var/folders/1y/px089b2s6f9d893xp1p4c7wh0000gn/T/rai-gate-b-ay6ol1r4/pr4"
2026-10-08T09:30:45.526179Z  INFO nanospam::setup::node_config_factory: Creating node config file: "/var/folders/1y/px089b2s6f9d893xp1p4c7wh0000gn/T/rai-gate-b-ay6ol1r4/pr4/config-node.toml"
2026-10-08T09:30:45.526249Z  INFO nanospam::setup::node_config_factory: Creating rpc config file: "/var/folders/1y/px089b2s6f9d893xp1p4c7wh0000gn/T/rai-gate-b-ay6ol1r4/pr4/config-rpc.toml"
2026-10-08T09:30:45.526319Z  INFO nanospam::setup::node_config_factory: ********************************************************************************
2026-10-08T09:30:45.526322Z  INFO nanospam::setup::node_config_factory: Setting up node PR5...
2026-10-08T09:30:45.526324Z  INFO nanospam::setup::node_config_factory: Creating directory "/var/folders/1y/px089b2s6f9d893xp1p4c7wh0000gn/T/rai-gate-b-ay6ol1r4/pr5"
2026-10-08T09:30:45.526362Z  INFO nanospam::setup::node_config_factory: Creating node config file: "/var/folders/1y/px089b2s6f9d893xp1p4c7wh0000gn/T/rai-gate-b-ay6ol1r4/pr5/config-node.toml"
2026-10-08T09:30:45.526428Z  INFO nanospam::setup::node_config_factory: Creating rpc config file: "/var/folders/1y/px089b2s6f9d893xp1p4c7wh0000gn/T/rai-gate-b-ay6ol1r4/pr5/config-rpc.toml"
2026-10-08T09:30:45.526521Z  INFO nanospam::setup::node_launcher: Starting node: NANO_TEST_GENESIS_BLOCK="{\n    \"type\": \"open\",\n    \"account\": \"nano_3nroioygg54nusrmyun4woimqex36sp3drnctdt5955uqu47fxbkrxk7n7ne\",\n    \"source\": \"D315857CE70C54DE713F6E82E5613BB3A1266C15E28AD2F4338C7BBEC456F532\",\n    \"representative\": \"nano_3nroioygg54nusrmyun4woimqex36sp3drnctdt5955uqu47fxbkrxk7n7ne\",\n    \"signature\": \"3F6792C2DC623DF2E8643777160AB983B66B337E2478E13D2C3448126A8F4CD8DCCD19803C158A057FA44060AE0EFC09B1C311CB4FBF42F8D240610B38F56E08\",\n    \"work\": \"70FEF01F7EC45DEC\"\n    }" NANO_TEST_GENESIS_PRV ="49643F9B10CA1AA34F9AF8ED4AABD29F436104CCC375974B108534A48EAE3FE1" "rsnano" "--network" "test" "--data-path" "/var/folders/1y/px089b2s6f9d893xp1p4c7wh0000gn/T/rai-gate-b-ay6ol1r4/pr0" "node" "run"
2026-10-08T09:30:45.527113Z  INFO nanospam::setup::node_launcher: Waiting for RPC...
2026-10-08T09:30:45.631246Z  INFO nanospam::setup::node_launcher: Starting node: NANO_TEST_GENESIS_BLOCK="{\n    \"type\": \"open\",\n    \"account\": \"nano_3nroioygg54nusrmyun4woimqex36sp3drnctdt5955uqu47fxbkrxk7n7ne\",\n    \"source\": \"D315857CE70C54DE713F6E82E5613BB3A1266C15E28AD2F4338C7BBEC456F532\",\n    \"representative\": \"nano_3nroioygg54nusrmyun4woimqex36sp3drnctdt5955uqu47fxbkrxk7n7ne\",\n    \"signature\": \"3F6792C2DC623DF2E8643777160AB983B66B337E2478E13D2C3448126A8F4CD8DCCD19803C158A057FA44060AE0EFC09B1C311CB4FBF42F8D240610B38F56E08\",\n    \"work\": \"70FEF01F7EC45DEC\"\n    }" NANO_TEST_GENESIS_PRV ="49643F9B10CA1AA34F9AF8ED4AABD29F436104CCC375974B108534A48EAE3FE1" "rsnano" "--network" "test" "--data-path" "/var/folders/1y/px089b2s6f9d893xp1p4c7wh0000gn/T/rai-gate-b-ay6ol1r4/pr1" "node" "run"
2026-10-08T09:30:45.631784Z  INFO nanospam::setup::node_launcher: Waiting for RPC...
2026-10-08T09:30:45.736362Z  INFO nanospam::setup::node_launcher: Starting node: NANO_TEST_GENESIS_BLOCK="{\n    \"type\": \"open\",\n    \"account\": \"nano_3nroioygg54nusrmyun4woimqex36sp3drnctdt5955uqu47fxbkrxk7n7ne\",\n    \"source\": \"D315857CE70C54DE713F6E82E5613BB3A1266C15E28AD2F4338C7BBEC456F532\",\n    \"representative\": \"nano_3nroioygg54nusrmyun4woimqex36sp3drnctdt5955uqu47fxbkrxk7n7ne\",\n    \"signature\": \"3F6792C2DC623DF2E8643777160AB983B66B337E2478E13D2C3448126A8F4CD8DCCD19803C158A057FA44060AE0EFC09B1C311CB4FBF42F8D240610B38F56E08\",\n    \"work\": \"70FEF01F7EC45DEC\"\n    }" NANO_TEST_GENESIS_PRV ="49643F9B10CA1AA34F9AF8ED4AABD29F436104CCC375974B108534A48EAE3FE1" "rsnano" "--network" "test" "--data-path" "/var/folders/1y/px089b2s6f9d893xp1p4c7wh0000gn/T/rai-gate-b-ay6ol1r4/pr2" "node" "run"
2026-10-08T09:30:45.737459Z  INFO nanospam::setup::node_launcher: Waiting for RPC...
2026-10-08T09:30:45.841950Z  INFO nanospam::setup::node_launcher: Starting node: NANO_TEST_GENESIS_BLOCK="{\n    \"type\": \"open\",\n    \"account\": \"nano_3nroioygg54nusrmyun4woimqex36sp3drnctdt5955uqu47fxbkrxk7n7ne\",\n    \"source\": \"D315857CE70C54DE713F6E82E5613BB3A1266C15E28AD2F4338C7BBEC456F532\",\n    \"representative\": \"nano_3nroioygg54nusrmyun4woimqex36sp3drnctdt5955uqu47fxbkrxk7n7ne\",\n    \"signature\": \"3F6792C2DC623DF2E8643777160AB983B66B337E2478E13D2C3448126A8F4CD8DCCD19803C158A057FA44060AE0EFC09B1C311CB4FBF42F8D240610B38F56E08\",\n    \"work\": \"70FEF01F7EC45DEC\"\n    }" NANO_TEST_GENESIS_PRV ="49643F9B10CA1AA34F9AF8ED4AABD29F436104CCC375974B108534A48EAE3FE1" "rsnano" "--network" "test" "--data-path" "/var/folders/1y/px089b2s6f9d893xp1p4c7wh0000gn/T/rai-gate-b-ay6ol1r4/pr3" "node" "run"
2026-10-08T09:30:45.843133Z  INFO nanospam::setup::node_launcher: Waiting for RPC...
2026-10-08T09:30:45.947957Z  INFO nanospam::setup::node_launcher: Starting node: NANO_TEST_GENESIS_BLOCK="{\n    \"type\": \"open\",\n    \"account\": \"nano_3nroioygg54nusrmyun4woimqex36sp3drnctdt5955uqu47fxbkrxk7n7ne\",\n    \"source\": \"D315857CE70C54DE713F6E82E5613BB3A1266C15E28AD2F4338C7BBEC456F532\",\n    \"representative\": \"nano_3nroioygg54nusrmyun4woimqex36sp3drnctdt5955uqu47fxbkrxk7n7ne\",\n    \"signature\": \"3F6792C2DC623DF2E8643777160AB983B66B337E2478E13D2C3448126A8F4CD8DCCD19803C158A057FA44060AE0EFC09B1C311CB4FBF42F8D240610B38F56E08\",\n    \"work\": \"70FEF01F7EC45DEC\"\n    }" NANO_TEST_GENESIS_PRV ="49643F9B10CA1AA34F9AF8ED4AABD29F436104CCC375974B108534A48EAE3FE1" "rsnano" "--network" "test" "--data-path" "/var/folders/1y/px089b2s6f9d893xp1p4c7wh0000gn/T/rai-gate-b-ay6ol1r4/pr4" "node" "run"
2026-10-08T09:30:45.949170Z  INFO nanospam::setup::node_launcher: Waiting for RPC...
2026-10-08T09:30:46.054124Z  INFO nanospam::setup::node_launcher: Starting node: NANO_TEST_GENESIS_BLOCK="{\n    \"type\": \"open\",\n    \"account\": \"nano_3nroioygg54nusrmyun4woimqex36sp3drnctdt5955uqu47fxbkrxk7n7ne\",\n    \"source\": \"D315857CE70C54DE713F6E82E5613BB3A1266C15E28AD2F4338C7BBEC456F532\",\n    \"representative\": \"nano_3nroioygg54nusrmyun4woimqex36sp3drnctdt5955uqu47fxbkrxk7n7ne\",\n    \"signature\": \"3F6792C2DC623DF2E8643777160AB983B66B337E2478E13D2C3448126A8F4CD8DCCD19803C158A057FA44060AE0EFC09B1C311CB4FBF42F8D240610B38F56E08\",\n    \"work\": \"70FEF01F7EC45DEC\"\n    }" NANO_TEST_GENESIS_PRV ="49643F9B10CA1AA34F9AF8ED4AABD29F436104CCC375974B108534A48EAE3FE1" "rsnano" "--network" "test" "--data-path" "/var/folders/1y/px089b2s6f9d893xp1p4c7wh0000gn/T/rai-gate-b-ay6ol1r4/pr5" "node" "run"
2026-10-08T09:30:46.055629Z  INFO nanospam::setup::node_launcher: Waiting for RPC...
2026-10-08T09:30:46.158877Z  INFO nanospam::wallets_factory: Creating wallet...
2026-10-08T09:30:46.237883Z  INFO nanospam::wallets_factory: Setting default representative...
2026-10-08T09:30:46.238255Z  INFO nanospam::wallets_factory: Creating wallet...
2026-10-08T09:30:46.282856Z  INFO nanospam::wallets_factory: Setting default representative...
2026-10-08T09:30:46.283174Z  INFO nanospam::wallets_factory: Sending Ӿ56,547,061 to PR1 wallet nano_3atmwjh8t11psdqf3qx6xjfiei94oajch6zsyauowxzjogbbgz168g5mp8f1 ...
2026-10-08T09:30:46.283546Z  INFO nanospam::wallets_factory: Waiting for confirmation for 70B574FB519B8DEA27D8F4952C2E7B0378B009608D6FC967984D3C83440C9C3D
2026-10-08T09:31:01.394311Z  INFO nanospam::wallets_factory: Receiving...
2026-10-08T09:31:01.395795Z  INFO nanospam::wallets_factory: Waiting for confirmation for 011C6AC2721054F46B03A50885AF48083A4A685154A55D85116DBCE413673F86
2026-10-08T09:31:01.499935Z  INFO nanospam::wallets_factory: DONE
2026-10-08T09:31:01.500003Z  INFO nanospam::wallets_factory: ********************************************************************************
2026-10-08T09:31:01.500017Z  INFO nanospam::wallets_factory: Creating wallet...
2026-10-08T09:31:01.580015Z  INFO nanospam::wallets_factory: Setting default representative...
2026-10-08T09:31:01.580385Z  INFO nanospam::wallets_factory: Sending Ӿ56,547,061 to PR2 wallet nano_36asm8scxymtsjmgqp14per3zxpgaec1c65qb9en1buscq7qzqa93tfyyzs3 ...
2026-10-08T09:31:01.580893Z  INFO nanospam::wallets_factory: Waiting for confirmation for 76B3937072C015B69E45D5458B47CF52A54A38F8ED441B0E21561A3048243E90
2026-10-08T09:31:01.683256Z  INFO nanospam::wallets_factory: Receiving...
2026-10-08T09:31:01.684125Z  INFO nanospam::wallets_factory: Waiting for confirmation for 402DCF4725254BECF5C5CB5F707C169725EE114819D289F8A5477C2FFF19BDC0
2026-10-08T09:31:06.958447Z  INFO nanospam::wallets_factory: DONE
2026-10-08T09:31:06.958682Z  INFO nanospam::wallets_factory: ********************************************************************************
2026-10-08T09:31:06.958705Z  INFO nanospam::wallets_factory: Creating wallet...
2026-10-08T09:31:07.038823Z  INFO nanospam::wallets_factory: Setting default representative...
2026-10-08T09:31:07.039038Z  INFO nanospam::wallets_factory: Sending Ӿ56,547,061 to PR3 wallet nano_1sfb11jzfi8k51fcnrzi1qe3qh1e1jkic3h45oak9yfg5yhbkczzxfwtat7m ...
2026-10-08T09:31:07.039385Z  INFO nanospam::wallets_factory: Waiting for confirmation for FF4589BE1759B38CC94ABA0AE4FE6644845FE957C02EA9CEA669A28C8D1ADE97
2026-10-08T09:31:07.350597Z  INFO nanospam::wallets_factory: Receiving...
2026-10-08T09:31:07.352693Z  INFO nanospam::wallets_factory: Waiting for confirmation for 1210B877FF188F4FF352C0EDE856AA702A1D6763EFA96EA84BB10519898BE6D0
2026-10-08T09:31:07.561338Z  INFO nanospam::wallets_factory: DONE
2026-10-08T09:31:07.561437Z  INFO nanospam::wallets_factory: ********************************************************************************
2026-10-08T09:31:07.561459Z  INFO nanospam::wallets_factory: Creating wallet...
2026-10-08T09:31:07.642631Z  INFO nanospam::wallets_factory: Setting default representative...
2026-10-08T09:31:07.643017Z  INFO nanospam::wallets_factory: Sending Ӿ56,547,061 to PR4 wallet nano_1rsxmoinip7d4wafdp855194n43fs7s1jgne6tx8ruatiu6g89815pddzijp ...
2026-10-08T09:31:07.643408Z  INFO nanospam::wallets_factory: Waiting for confirmation for 23D89F3531AC5EE2378D3606C70B24D2A7B9016B8ADB1A970E6B1D9E7576186D
2026-10-08T09:31:08.056837Z  INFO nanospam::wallets_factory: Receiving...
2026-10-08T09:31:08.058696Z  INFO nanospam::wallets_factory: Waiting for confirmation for 8D401F6072C9B3A9EFBA68DA33CC97FF1D15EEB9F09CE4731C1A7614578C3E56
2026-10-08T09:31:08.472736Z  INFO nanospam::wallets_factory: DONE
2026-10-08T09:31:08.472834Z  INFO nanospam::wallets_factory: ********************************************************************************
2026-10-08T09:31:08.472853Z  INFO nanospam::wallets_factory: Creating wallet...
2026-10-08T09:31:08.553683Z  INFO nanospam::wallets_factory: Setting default representative...
2026-10-08T09:31:08.554010Z  INFO nanospam::wallets_factory: Sending Ӿ56,547,061 to PR5 wallet nano_1wtzwadxk9naxc356m4rienp93ht131w7ypadk39qck8uah3bg3zohsmj9th ...
2026-10-08T09:31:08.554471Z  INFO nanospam::wallets_factory: Waiting for confirmation for A5666BC59C8DD98A7E52D6F61006629E4EDB37063C12A73BFB41D35538B371CA
2026-10-08T09:31:23.676132Z  INFO nanospam::wallets_factory: Receiving...
2026-10-08T09:31:23.678958Z  INFO nanospam::wallets_factory: Waiting for confirmation for 49EEF9EFFD843E7FE6FB8D0DE0A19E8B88DBE91F26F5FDDB0E8862DEF7553864
2026-10-08T09:31:23.885548Z  INFO nanospam::wallets_factory: DONE
2026-10-08T09:31:23.885691Z  INFO nanospam::wallets_factory: ********************************************************************************
2026-10-08T09:31:23.885715Z  INFO nanospam::wallets_factory: Sending initial spam amount...
2026-10-08T09:31:23.887726Z  INFO nanospam::wallets_factory: Waiting for confirmation for 36BA8FC5BA698E570BE4D1980C8A61208AB9F677BDAB3968488B2D9932709584
2026-10-08T09:31:24.097460Z  INFO nanospam::wallets_factory: Receiving initial spam amount...
2026-10-08T09:31:24.099011Z  INFO nanospam::wallets_factory: Waiting for confirmation for EA839956D225E01D1EB78920FE620BBAB5982FDF6F828C0FC33A54EFFA17A812
2026-10-08T09:31:24.412105Z  INFO nanospam::wallets_factory: Seeding Ӿ142,857 to nano_1z87gs9hnqeu3g3i5dr7166h3dtub4tx8x59m9nwqaj91dwxoudt1wgbguzr for representative D315857CE70C54DE713F6E82E5613BB3A1266C15E28AD2F4338C7BBEC456F532
2026-10-08T09:31:24.413384Z  INFO nanospam::wallets_factory: Waiting for confirmation for 4F15FBB237B00F0D209716694EDA8677DA02BEA90D31FEAFE3E20AF0B3B51C63
2026-10-08T09:31:24.623687Z  INFO nanospam::wallets_factory: Waiting for confirmation for D0FBB7856D85064FB4F8CBE1398DABFC6D05DE04CDDBE5D996E465C2D3A33CB9
2026-10-08T09:31:24.935727Z  INFO nanospam::wallets_factory: Seeding Ӿ142,857 to nano_38equw8c3wabi9bhg584fkf5sqaqgidcyp7haoby6zoazjo3hxtt46z6bsq8 for representative A353E45E6D0016CAEED0DFA4EC5B0640E2AA22A793F9F2375E77F1AB92977C04
2026-10-08T09:31:24.937178Z  INFO nanospam::wallets_factory: Waiting for confirmation for 970DF22EF36080C6A2B408BBC9E9E9AA4C0FE3D132895B71FEE7466D63330FB2
2026-10-08T09:31:25.249694Z  INFO nanospam::wallets_factory: Waiting for confirmation for DFE61C584FD36A8613BC2BD6AD90DDDB4F7FDB7D3E5A7E2EBCF020EC87AC695C
2026-10-08T09:31:26.902970Z  INFO nanospam::wallets_factory: Seeding Ӿ142,857 to nano_1bioe3r6z9qtoktc3x8d4rtdozckbn7h1g8rjzstgozw77c8kc5z1f1gq7fb for representative 911999B2AEFA7ACC66EBD802B3301FF6CE431405107749D940277955CB7FDD07
2026-10-08T09:31:26.904317Z  INFO nanospam::wallets_factory: Waiting for confirmation for 65C8D5351EF4704ECA20E030EC9062C2461EF74607FD068639205CF3968A9773
2026-10-08T09:31:27.112263Z  INFO nanospam::wallets_factory: Waiting for confirmation for 831A52CC268DFBD6A15FADF65C6A2C634373ABAA0FA96FCC2477248AE8D31A04
2026-10-08T09:31:28.459644Z  INFO nanospam::wallets_factory: Seeding Ӿ142,857 to nano_1yaxki4rc9ia19c7o9ns8ne6xc1oj9bnpkdwgsh6jqdci551owcraxr5an75 for representative 65A90023F6C0D2181AAA63F005D81BBC0C04650505E21D5123F9AE1F9E992BFF
2026-10-08T09:31:28.460953Z  INFO nanospam::wallets_factory: Waiting for confirmation for 3045ED82D94E4192C2DD74D94352DC8760873461CEBDA687941F81D6B3F0A17C
2026-10-08T09:31:28.669384Z  INFO nanospam::wallets_factory: Waiting for confirmation for ECC9262765ABD10D9672BBF9A63CBD51D6525DAA920249C1E5092CB9B6A1A3B0
2026-10-08T09:31:28.879200Z  INFO nanospam::wallets_factory: Seeding Ӿ142,857 to nano_1m77xbt1okb36d1fjf8pipzynck7u4pmuz735qxuud8p6tsphwhhbe3t3u4z for representative 633D9D614858AB1710D5D8C3180E2A082DC97208BA8C26BA6C6D1A86C8E31CC0
2026-10-08T09:31:28.880350Z  INFO nanospam::wallets_factory: Waiting for confirmation for 229F07A5C59C26E8B5A710DC094509E5764B21B0B1C405A6E2DD04C9C0C8FEE9
2026-10-08T09:31:29.090551Z  INFO nanospam::wallets_factory: Waiting for confirmation for 02DAD82A2373F9CD3CE4DB9F123AA654A2BB1E195EB45C0E22E0E7B5478540D5
2026-10-08T09:31:29.299411Z  INFO nanospam::wallets_factory: Seeding Ӿ142,857 to nano_1ehtrei6twqams7tbfj9wbn4c8kxjw3a5mu1417bm69141zx9zs31wgpiqga for representative 735FE217D91E88EA82324C5883296385FA0041C2FAC85C827BAA46DA1E14B83F
2026-10-08T09:31:29.300868Z  INFO nanospam::wallets_factory: Waiting for confirmation for 2F05AA813C3D234C481BA745A5368841919169E30E26E88D8BD97C5C135A5C1D
2026-10-08T09:31:29.511145Z  INFO nanospam::wallets_factory: Waiting for confirmation for 699C26B69DE2AEAA0E278CB7A839BAE906732503AD33689E1098E354FBA944E6
2026-10-08T09:31:29.722191Z  INFO nanospam::high_prio_check: Creating high priority accounts...
2026-10-08T09:31:29.749502Z  INFO nanospam::high_prio_check: Waiting for confirmations...
2026-10-08T09:31:31.910134Z  INFO nanospam::app: Waiting for all PRs to see the full quorum...
2026-10-08T09:31:42.115843Z  INFO nanospam::app: Republished the genesis chain to all PRs
2026-10-08T09:31:47.035581Z  INFO nanospam::app: Republished the genesis chain to all PRs
2026-10-08T09:31:48.461412Z  INFO nanospam::app: All PRs see the full quorum after 16.551655917s
2026-10-08T09:31:48.461478Z  INFO nanospam::app: Waiting for all PRs to hold the same cemented ledger...
2026-10-08T09:31:48.462927Z  INFO nanospam::app: All PRs hold the same ledger of 65 blocks after 1.432458ms
EPOCH_COMMITTEE derived_by=genesis members=6 accounts=33 n=6 digest=95D409445152DD075E6A4799205DFA5689496EB8EE1A22AC2A200B9DBC2DCF27 shares=["A353E45E:16.7%", "65A90023:16.7%", "D315857C:16.7%", "911999B2:16.7%", "633D9D61:16.7%", "735FE217:16.7%"] t=1791451908463
EPOCH_START epoch=0 elections=0 t=1791451908463
EPOCH_COMMITTEE derived_by=genesis members=6 accounts=33 n=6 digest=95D409445152DD075E6A4799205DFA5689496EB8EE1A22AC2A200B9DBC2DCF27 shares=["A353E45E:16.7%", "65A90023:16.7%", "D315857C:16.7%", "911999B2:16.7%", "633D9D61:16.7%", "735FE217:16.7%"] t=1791451908463
EPOCH_START epoch=0 elections=0 t=1791451908464
EPOCH_COMMITTEE derived_by=genesis members=6 accounts=33 n=6 digest=95D409445152DD075E6A4799205DFA5689496EB8EE1A22AC2A200B9DBC2DCF27 shares=["A353E45E:16.7%", "65A90023:16.7%", "D315857C:16.7%", "911999B2:16.7%", "633D9D61:16.7%", "735FE217:16.7%"] t=1791451908464
EPOCH_START epoch=0 elections=0 t=1791451908464
EPOCH_COMMITTEE derived_by=genesis members=6 accounts=33 n=6 digest=95D409445152DD075E6A4799205DFA5689496EB8EE1A22AC2A200B9DBC2DCF27 shares=["A353E45E:16.7%", "65A90023:16.7%", "D315857C:16.7%", "911999B2:16.7%", "633D9D61:16.7%", "735FE217:16.7%"] t=1791451908465
EPOCH_START epoch=0 elections=0 t=1791451908465
EPOCH_COMMITTEE derived_by=genesis members=6 accounts=33 n=6 digest=95D409445152DD075E6A4799205DFA5689496EB8EE1A22AC2A200B9DBC2DCF27 shares=["A353E45E:16.7%", "65A90023:16.7%", "D315857C:16.7%", "911999B2:16.7%", "633D9D61:16.7%", "735FE217:16.7%"] t=1791451908465
EPOCH_START epoch=0 elections=0 t=1791451908465
EPOCH_COMMITTEE derived_by=genesis members=6 accounts=33 n=6 digest=95D409445152DD075E6A4799205DFA5689496EB8EE1A22AC2A200B9DBC2DCF27 shares=["A353E45E:16.7%", "65A90023:16.7%", "D315857C:16.7%", "911999B2:16.7%", "633D9D61:16.7%", "735FE217:16.7%"] t=1791451908466
EPOCH_START epoch=0 elections=0 t=1791451908466
2026-10-08T09:31:48.466307Z  INFO nanospam::app: Started the epochs on every PR
2026-10-08T09:31:48.466324Z  INFO nanospam::app: Connecting to node PR0... peer_addr=[::1]:17075
2026-10-08T09:31:48.466761Z  INFO nanospam::app: Performing handshake...
2026-10-08T09:31:48.467792Z  INFO nanospam::app: Performing handshake...
2026-10-08T09:31:48.478476Z  INFO nanospam::app: Performing handshake...
2026-10-08T09:31:48.489313Z  INFO nanospam::app: Performing handshake...
2026-10-08T09:31:48.500066Z  INFO nanospam::app: Connecting to node PR1... peer_addr=[::1]:17085
2026-10-08T09:31:48.500274Z  INFO nanospam::app: Performing handshake...
2026-10-08T09:31:48.500998Z  INFO nanospam::app: Performing handshake...
2026-10-08T09:31:48.512418Z  INFO nanospam::app: Performing handshake...
2026-10-08T09:31:48.523693Z  INFO nanospam::app: Performing handshake...
2026-10-08T09:31:48.534836Z  INFO nanospam::app: Connecting to node PR2... peer_addr=[::1]:17095
2026-10-08T09:31:48.535119Z  INFO nanospam::app: Performing handshake...
2026-10-08T09:31:48.536029Z  INFO nanospam::app: Performing handshake...
2026-10-08T09:31:48.548665Z  INFO nanospam::app: Performing handshake...
2026-10-08T09:31:48.559814Z  INFO nanospam::app: Performing handshake...
2026-10-08T09:31:48.570801Z  INFO nanospam::app: Connecting to node PR3... peer_addr=[::1]:17105
2026-10-08T09:31:48.571110Z  INFO nanospam::app: Performing handshake...
2026-10-08T09:31:48.572024Z  INFO nanospam::app: Performing handshake...
2026-10-08T09:31:48.583516Z  INFO nanospam::app: Performing handshake...
2026-10-08T09:31:48.595974Z  INFO nanospam::app: Performing handshake...
2026-10-08T09:31:48.607044Z  INFO nanospam::app: Connecting to node PR4... peer_addr=[::1]:17115
2026-10-08T09:31:48.607311Z  INFO nanospam::app: Performing handshake...
2026-10-08T09:31:48.608214Z  INFO nanospam::app: Performing handshake...
2026-10-08T09:31:48.620535Z  INFO nanospam::app: Performing handshake...
2026-10-08T09:31:48.632110Z  INFO nanospam::app: Performing handshake...
2026-10-08T09:31:48.644347Z  INFO nanospam::app: Connecting to node PR5... peer_addr=[::1]:17125
2026-10-08T09:31:48.644636Z  INFO nanospam::app: Performing handshake...
2026-10-08T09:31:48.645536Z  INFO nanospam::app: Performing handshake...
2026-10-08T09:31:48.656910Z  INFO nanospam::app: Performing handshake...
2026-10-08T09:31:48.669457Z  INFO nanospam::app: Performing handshake...
2026-10-08T09:31:48.680549Z  INFO nanospam::app: Connecting to websocket...
2026-10-08T09:31:48.681467Z  INFO nanospam::app: Starting with 2000 BPS
2026-10-08T09:31:49.683071Z  INFO nanospam::app: Confirmed 860 blocks | 2,000 bps | 960 cps | avg conf time: 86 ms
2026-10-08T09:31:50.684299Z  INFO nanospam::app: Confirmed 4,530 blocks | 2,000 bps | 3,665 cps | avg conf time: 162 ms
2026-10-08T09:31:51.685017Z  INFO nanospam::app: Confirmed 6,519 blocks | 2,000 bps | 1,987 cps | avg conf time: 98 ms
2026-10-08T09:31:52.685916Z  INFO nanospam::app: Confirmed 8,445 blocks | 2,000 bps | 1,924 cps | avg conf time: 98 ms
2026-10-08T09:31:53.686897Z  INFO nanospam::app: Confirmed 10,415 blocks | 2,000 bps | 1,968 cps | avg conf time: 98 ms
2026-10-08T09:31:54.687869Z  INFO nanospam::app: Confirmed 12,402 blocks | 2,000 bps | 1,985 cps | avg conf time: 96 ms
2026-10-08T09:31:55.689275Z  INFO nanospam::app: Confirmed 14,317 blocks | 2,000 bps | 1,913 cps | avg conf time: 99 ms
EPOCH_ENDED epoch=0 elections=201 active=114 t=1791451916472
EPOCH_ENDED epoch=0 elections=205 active=118 t=1791451916474
EPOCH_ENDED epoch=0 elections=118 active=118 t=1791451916474
EPOCH_ENDED epoch=0 elections=205 active=118 t=1791451916474
EPOCH_ENDED epoch=0 elections=205 active=118 t=1791451916476
EPOCH_ENDED epoch=0 elections=205 active=118 t=1791451916476
EPOCH_CARRIED epoch=0 instances=205 split=0 t=1791451916497
EPOCH_ADVANCED epoch=1 elections=410 active=323 vote_records=187892 t=1791451916497
EPOCH_CARRIED epoch=0 instances=201 split=0 t=1791451916500
EPOCH_ADVANCED epoch=1 elections=402 active=315 vote_records=187893 t=1791451916500
EPOCH_CARRIED epoch=0 instances=118 split=0 t=1791451916508
EPOCH_ADVANCED epoch=1 elections=236 active=236 vote_records=188235 t=1791451916508
EPOCH_CARRIED epoch=0 instances=205 split=0 t=1791451916509
EPOCH_ADVANCED epoch=1 elections=410 active=323 vote_records=187893 t=1791451916509
EPOCH_CLOSE_UNREADY epoch=0 short_of=reports usable=0 weight=0 required=5 held=0 theirs=[] t=1791451916509
EPOCH_CARRIED epoch=0 instances=205 split=0 t=1791451916517
EPOCH_ADVANCED epoch=1 elections=410 active=323 vote_records=187893 t=1791451916517
EPOCH_REPORT epoch=0 certified=15992 residual=106 root=9E985D1CBE0D02DD726675D82E1A33E0CCDC1C6A5221F54BD9F82C42EADC8283 reports=1 t=1791451916533
EPOCH_CARRIED epoch=0 instances=205 split=0 t=1791451916553
EPOCH_ADVANCED epoch=1 elections=410 active=323 vote_records=187893 t=1791451916553
EPOCH_REPORT epoch=0 certified=15992 residual=97 root=618502F6D40849B32A75DA7986D116EC2D6B616FD620BD0E571A3B8458E9D8E5 reports=1 t=1791451916598
EPOCH_REPORT epoch=0 certified=15992 residual=61 root=9E985D1CBE0D02DD726675D82E1A33E0CCDC1C6A5221F54BD9F82C42EADC8283 reports=1 t=1791451916603
EPOCH_REPORT epoch=0 certified=15992 residual=84 root=9E985D1CBE0D02DD726675D82E1A33E0CCDC1C6A5221F54BD9F82C42EADC8283 reports=1 t=1791451916604
EPOCH_REPORT epoch=0 certified=15992 residual=88 root=9E985D1CBE0D02DD726675D82E1A33E0CCDC1C6A5221F54BD9F82C42EADC8283 reports=1 t=1791451916647
EPOCH_REPORT epoch=0 certified=15992 residual=101 root=9E985D1CBE0D02DD726675D82E1A33E0CCDC1C6A5221F54BD9F82C42EADC8283 reports=1 t=1791451916648
EPOCH_RECONCILED epoch=0 reporter=633D9D614858AB1710D5D8C3180E2A082DC97208BA8C26BA6C6D1A86C8E31CC0 complete=false entries=0 total=15992 symbols=0 dropped=false t=1791451916671
EPOCH_RECONCILED epoch=0 reporter=633D9D614858AB1710D5D8C3180E2A082DC97208BA8C26BA6C6D1A86C8E31CC0 complete=true entries=106 total=106 symbols=0 dropped=false t=1791451916677
EPOCH_RECONCILED epoch=0 reporter=633D9D614858AB1710D5D8C3180E2A082DC97208BA8C26BA6C6D1A86C8E31CC0 complete=false entries=178 total=15992 symbols=364 dropped=false t=1791451916684
2026-10-08T09:31:56.689857Z  INFO nanospam::app: Confirmed 15,873 blocks | 2,000 bps | 1,554 cps | avg conf time: 98 ms
EPOCH_RECONCILED epoch=0 reporter=911999B2AEFA7ACC66EBD802B3301FF6CE431405107749D940277955CB7FDD07 complete=false entries=0 total=15992 symbols=0 dropped=false t=1791451916690
EPOCH_RECONCILED epoch=0 reporter=65A90023F6C0D2181AAA63F005D81BBC0C04650505E21D5123F9AE1F9E992BFF complete=false entries=0 total=15992 symbols=0 dropped=false t=1791451916691
EPOCH_RECONCILED epoch=0 reporter=65A90023F6C0D2181AAA63F005D81BBC0C04650505E21D5123F9AE1F9E992BFF complete=true entries=101 total=101 symbols=0 dropped=false t=1791451916700
EPOCH_RECONCILED epoch=0 reporter=D315857CE70C54DE713F6E82E5613BB3A1266C15E28AD2F4338C7BBEC456F532 complete=false entries=0 total=15992 symbols=0 dropped=false t=1791451916700
EPOCH_RECONCILED epoch=0 reporter=911999B2AEFA7ACC66EBD802B3301FF6CE431405107749D940277955CB7FDD07 complete=true entries=61 total=61 symbols=0 dropped=false t=1791451916701
EPOCH_CLOSE_UNREADY epoch=0 short_of=reports usable=1 weight=1 required=5 held=5 theirs=["D315857C:9E985D1C:46A5AFE5", "633D9D61:9E985D1C:97FB56FA", "A353E45E:618502F6:D8974A7C", "735FE217:9E985D1C:D63AA3F9", "911999B2:9E985D1C:4DB16E1D"] t=1791451916702
EPOCH_RECONCILED epoch=0 reporter=D315857CE70C54DE713F6E82E5613BB3A1266C15E28AD2F4338C7BBEC456F532 complete=true entries=84 total=84 symbols=0 dropped=false t=1791451916705
EPOCH_RECONCILED epoch=0 reporter=633D9D614858AB1710D5D8C3180E2A082DC97208BA8C26BA6C6D1A86C8E31CC0 complete=false entries=0 total=15992 symbols=0 dropped=false t=1791451916733
EPOCH_RECONCILED epoch=0 reporter=911999B2AEFA7ACC66EBD802B3301FF6CE431405107749D940277955CB7FDD07 complete=false entries=0 total=15992 symbols=0 dropped=false t=1791451916744
EPOCH_RECONCILED epoch=0 reporter=911999B2AEFA7ACC66EBD802B3301FF6CE431405107749D940277955CB7FDD07 complete=true entries=61 total=61 symbols=0 dropped=false t=1791451916754
EPOCH_RECONCILED epoch=0 reporter=735FE217D91E88EA82324C5883296385FA0041C2FAC85C827BAA46DA1E14B83F complete=false entries=0 total=15992 symbols=0 dropped=false t=1791451916755
EPOCH_RECONCILED epoch=0 reporter=735FE217D91E88EA82324C5883296385FA0041C2FAC85C827BAA46DA1E14B83F complete=true entries=88 total=88 symbols=0 dropped=false t=1791451916766
EPOCH_RECONCILED epoch=0 reporter=633D9D614858AB1710D5D8C3180E2A082DC97208BA8C26BA6C6D1A86C8E31CC0 complete=true entries=106 total=106 symbols=0 dropped=false t=1791451916796
EPOCH_RECONCILED epoch=0 reporter=D315857CE70C54DE713F6E82E5613BB3A1266C15E28AD2F4338C7BBEC456F532 complete=false entries=0 total=15992 symbols=0 dropped=false t=1791451916803
EPOCH_RECONCILED epoch=0 reporter=D315857CE70C54DE713F6E82E5613BB3A1266C15E28AD2F4338C7BBEC456F532 complete=false entries=0 total=15992 symbols=0 dropped=false t=1791451916805
EPOCH_RECONCILED epoch=0 reporter=D315857CE70C54DE713F6E82E5613BB3A1266C15E28AD2F4338C7BBEC456F532 complete=true entries=84 total=84 symbols=0 dropped=false t=1791451916812
EPOCH_RECONCILED epoch=0 reporter=D315857CE70C54DE713F6E82E5613BB3A1266C15E28AD2F4338C7BBEC456F532 complete=true entries=84 total=84 symbols=0 dropped=false t=1791451916813
EPOCH_RECONCILED epoch=0 reporter=633D9D614858AB1710D5D8C3180E2A082DC97208BA8C26BA6C6D1A86C8E31CC0 complete=false entries=0 total=15992 symbols=0 dropped=false t=1791451916813
EPOCH_RECONCILED epoch=0 reporter=911999B2AEFA7ACC66EBD802B3301FF6CE431405107749D940277955CB7FDD07 complete=false entries=0 total=15992 symbols=0 dropped=false t=1791451916817
EPOCH_RECONCILED epoch=0 reporter=633D9D614858AB1710D5D8C3180E2A082DC97208BA8C26BA6C6D1A86C8E31CC0 complete=true entries=106 total=106 symbols=0 dropped=false t=1791451916817
EPOCH_CLOSE_UNREADY epoch=0 short_of=reports usable=3 weight=3 required=5 held=5 theirs=["633D9D61:9E985D1C:97FB56FA", "735FE217:9E985D1C:D63AA3F9", "A353E45E:618502F6:D8974A7C", "911999B2:9E985D1C:4DB16E1D", "65A90023:9E985D1C:98443629"] t=1791451916842
EPOCH_RECONCILED epoch=0 reporter=911999B2AEFA7ACC66EBD802B3301FF6CE431405107749D940277955CB7FDD07 complete=true entries=61 total=61 symbols=0 dropped=false t=1791451916844
EPOCH_CLOSE_UNREADY epoch=0 short_of=reports usable=1 weight=1 required=5 held=5 theirs=["D315857C:9E985D1C:46A5AFE5", "633D9D61:9E985D1C:97FB56FA", "911999B2:9E985D1C:4DB16E1D", "735FE217:9E985D1C:D63AA3F9", "65A90023:9E985D1C:98443629"] t=1791451916851
EPOCH_RECONCILED epoch=0 reporter=735FE217D91E88EA82324C5883296385FA0041C2FAC85C827BAA46DA1E14B83F complete=false entries=0 total=15992 symbols=0 dropped=false t=1791451916890
EPOCH_RECONCILED epoch=0 reporter=65A90023F6C0D2181AAA63F005D81BBC0C04650505E21D5123F9AE1F9E992BFF complete=false entries=0 total=15992 symbols=0 dropped=false t=1791451916893
EPOCH_RECONCILED epoch=0 reporter=D315857CE70C54DE713F6E82E5613BB3A1266C15E28AD2F4338C7BBEC456F532 complete=false entries=0 total=15992 symbols=0 dropped=false t=1791451916896
EPOCH_RECONCILED epoch=0 reporter=D315857CE70C54DE713F6E82E5613BB3A1266C15E28AD2F4338C7BBEC456F532 complete=true entries=84 total=84 symbols=0 dropped=false t=1791451916910
EPOCH_RECONCILED epoch=0 reporter=65A90023F6C0D2181AAA63F005D81BBC0C04650505E21D5123F9AE1F9E992BFF complete=true entries=101 total=101 symbols=0 dropped=false t=1791451916918
EPOCH_RECONCILED epoch=0 reporter=633D9D614858AB1710D5D8C3180E2A082DC97208BA8C26BA6C6D1A86C8E31CC0 complete=true entries=106 total=106 symbols=0 dropped=false t=1791451916922
EPOCH_RECONCILED epoch=0 reporter=735FE217D91E88EA82324C5883296385FA0041C2FAC85C827BAA46DA1E14B83F complete=true entries=88 total=88 symbols=0 dropped=false t=1791451916922
EPOCH_RECONCILED epoch=0 reporter=65A90023F6C0D2181AAA63F005D81BBC0C04650505E21D5123F9AE1F9E992BFF complete=false entries=0 total=15992 symbols=0 dropped=false t=1791451916927
EPOCH_RECONCILED epoch=0 reporter=A353E45E6D0016CAEED0DFA4EC5B0640E2AA22A793F9F2375E77F1AB92977C04 complete=false entries=88 total=15992 symbols=162 dropped=false t=1791451916932
EPOCH_RECONCILED epoch=0 reporter=65A90023F6C0D2181AAA63F005D81BBC0C04650505E21D5123F9AE1F9E992BFF complete=true entries=101 total=101 symbols=0 dropped=false t=1791451916936
EPOCH_RECONCILED epoch=0 reporter=735FE217D91E88EA82324C5883296385FA0041C2FAC85C827BAA46DA1E14B83F complete=false entries=0 total=15992 symbols=0 dropped=false t=1791451916937
EPOCH_RECONCILED epoch=0 reporter=735FE217D91E88EA82324C5883296385FA0041C2FAC85C827BAA46DA1E14B83F complete=true entries=88 total=88 symbols=0 dropped=false t=1791451916949
EPOCH_RECONCILED epoch=0 reporter=911999B2AEFA7ACC66EBD802B3301FF6CE431405107749D940277955CB7FDD07 complete=false entries=0 total=15992 symbols=0 dropped=false t=1791451916950
EPOCH_RECONCILED epoch=0 reporter=911999B2AEFA7ACC66EBD802B3301FF6CE431405107749D940277955CB7FDD07 complete=true entries=61 total=61 symbols=0 dropped=false t=1791451916954
EPOCH_RECONCILED epoch=0 reporter=735FE217D91E88EA82324C5883296385FA0041C2FAC85C827BAA46DA1E14B83F complete=false entries=0 total=15992 symbols=0 dropped=false t=1791451916981
EPOCH_RECONCILED epoch=0 reporter=735FE217D91E88EA82324C5883296385FA0041C2FAC85C827BAA46DA1E14B83F complete=true entries=88 total=88 symbols=0 dropped=false t=1791451916987
EPOCH_RECONCILED epoch=0 reporter=D315857CE70C54DE713F6E82E5613BB3A1266C15E28AD2F4338C7BBEC456F532 complete=false entries=262 total=15992 symbols=546 dropped=false t=1791451916998
EPOCH_RECONCILED epoch=0 reporter=633D9D614858AB1710D5D8C3180E2A082DC97208BA8C26BA6C6D1A86C8E31CC0 complete=false entries=262 total=15992 symbols=546 dropped=false t=1791451916999
EPOCH_RECONCILED epoch=0 reporter=911999B2AEFA7ACC66EBD802B3301FF6CE431405107749D940277955CB7FDD07 complete=false entries=262 total=15992 symbols=546 dropped=false t=1791451916999
EPOCH_RECONCILED epoch=0 reporter=735FE217D91E88EA82324C5883296385FA0041C2FAC85C827BAA46DA1E14B83F complete=false entries=262 total=15992 symbols=546 dropped=false t=1791451916999
EPOCH_RECONCILED epoch=0 reporter=65A90023F6C0D2181AAA63F005D81BBC0C04650505E21D5123F9AE1F9E992BFF complete=false entries=262 total=15992 symbols=546 dropped=false t=1791451916999
EPOCH_RECONCILED epoch=0 reporter=A353E45E6D0016CAEED0DFA4EC5B0640E2AA22A793F9F2375E77F1AB92977C04 complete=true entries=97 total=97 symbols=0 dropped=false t=1791451917000
EPOCH_RECONCILED epoch=0 reporter=65A90023F6C0D2181AAA63F005D81BBC0C04650505E21D5123F9AE1F9E992BFF complete=false entries=0 total=15992 symbols=0 dropped=false t=1791451917000
EPOCH_RECONCILED epoch=0 reporter=A353E45E6D0016CAEED0DFA4EC5B0640E2AA22A793F9F2375E77F1AB92977C04 complete=false entries=88 total=15992 symbols=162 dropped=false t=1791451917013
EPOCH_CLOSE_READY epoch=0 t=1791451917022
EPOCH_RECONCILED epoch=0 reporter=65A90023F6C0D2181AAA63F005D81BBC0C04650505E21D5123F9AE1F9E992BFF complete=true entries=101 total=101 symbols=0 dropped=false t=1791451917022
EPOCH_RECONCILED epoch=0 reporter=D315857CE70C54DE713F6E82E5613BB3A1266C15E28AD2F4338C7BBEC456F532 complete=true entries=84 total=84 symbols=0 dropped=false t=1791451917073
EPOCH_CLOSE_READY epoch=0 t=1791451917078
EPOCH_CLOSE_ROUND epoch=0 round=0 leader=633D9D614858AB1710D5D8C3180E2A082DC97208BA8C26BA6C6D1A86C8E31CC0 leads=false t=1791451917078
EPOCH_RECONCILED epoch=0 reporter=633D9D614858AB1710D5D8C3180E2A082DC97208BA8C26BA6C6D1A86C8E31CC0 complete=true entries=106 total=106 symbols=0 dropped=false t=1791451917082
EPOCH_RECONCILED epoch=0 reporter=911999B2AEFA7ACC66EBD802B3301FF6CE431405107749D940277955CB7FDD07 complete=true entries=61 total=61 symbols=0 dropped=false t=1791451917089
EPOCH_RECONCILED epoch=0 reporter=A353E45E6D0016CAEED0DFA4EC5B0640E2AA22A793F9F2375E77F1AB92977C04 complete=false entries=88 total=15992 symbols=162 dropped=false t=1791451917091
EPOCH_CLOSE_READY epoch=0 t=1791451917092
EPOCH_CLOSE_ROUND epoch=0 round=0 leader=633D9D614858AB1710D5D8C3180E2A082DC97208BA8C26BA6C6D1A86C8E31CC0 leads=false t=1791451917093
EPOCH_RECONCILED epoch=0 reporter=735FE217D91E88EA82324C5883296385FA0041C2FAC85C827BAA46DA1E14B83F complete=true entries=88 total=88 symbols=0 dropped=false t=1791451917097
EPOCH_RECONCILED epoch=0 reporter=A353E45E6D0016CAEED0DFA4EC5B0640E2AA22A793F9F2375E77F1AB92977C04 complete=false entries=88 total=15992 symbols=162 dropped=false t=1791451917122
EPOCH_RECONCILED epoch=0 reporter=65A90023F6C0D2181AAA63F005D81BBC0C04650505E21D5123F9AE1F9E992BFF complete=true entries=101 total=101 symbols=0 dropped=false t=1791451917124
EPOCH_CLOSE_READY epoch=0 t=1791451917135
EPOCH_RECONCILED epoch=0 reporter=A353E45E6D0016CAEED0DFA4EC5B0640E2AA22A793F9F2375E77F1AB92977C04 complete=true entries=97 total=97 symbols=0 dropped=false t=1791451917147
EPOCH_RECONCILED epoch=0 reporter=A353E45E6D0016CAEED0DFA4EC5B0640E2AA22A793F9F2375E77F1AB92977C04 complete=false entries=88 total=15992 symbols=162 dropped=false t=1791451917163
EPOCH_CLOSE_READY epoch=0 t=1791451917172
EPOCH_CLOSE_ROUND epoch=0 round=0 leader=633D9D614858AB1710D5D8C3180E2A082DC97208BA8C26BA6C6D1A86C8E31CC0 leads=false t=1791451917172
EPOCH_RECONCILED epoch=0 reporter=A353E45E6D0016CAEED0DFA4EC5B0640E2AA22A793F9F2375E77F1AB92977C04 complete=true entries=97 total=97 symbols=0 dropped=false t=1791451917174
EPOCH_RECONCILED epoch=0 reporter=A353E45E6D0016CAEED0DFA4EC5B0640E2AA22A793F9F2375E77F1AB92977C04 complete=true entries=97 total=97 symbols=0 dropped=false t=1791451917239
EPOCH_CLOSE_ROUND epoch=0 round=0 leader=633D9D614858AB1710D5D8C3180E2A082DC97208BA8C26BA6C6D1A86C8E31CC0 leads=false t=1791451917248
EPOCH_CLOSE_READY epoch=0 t=1791451917298
EPOCH_PROPOSED epoch=0 round=0 value=4BBE26323A96B86EE4E9EFC8EAFA7E9DC5149B2B74C461D359F2C2822F71A92A state=14202E53236D54CFF9BE3450A491FBCD96130901214B201BD7A2D83B12434BBE reports=5 t=1791451917319
EPOCH_VALUE epoch=0 value=4BBE26323A96B86EE4E9EFC8EAFA7E9DC5149B2B74C461D359F2C2822F71A92A state=14202E53236D54CFF9BE3450A491FBCD96130901214B201BD7A2D83B12434BBE t=1791451917320
EPOCH_CLOSE_ROUND epoch=0 round=0 leader=633D9D614858AB1710D5D8C3180E2A082DC97208BA8C26BA6C6D1A86C8E31CC0 leads=true t=1791451917331
EPOCH_CLOSE_ROUND epoch=0 round=0 leader=633D9D614858AB1710D5D8C3180E2A082DC97208BA8C26BA6C6D1A86C8E31CC0 leads=false t=1791451917358
EPOCH_VALUE epoch=0 value=4BBE26323A96B86EE4E9EFC8EAFA7E9DC5149B2B74C461D359F2C2822F71A92A state=14202E53236D54CFF9BE3450A491FBCD96130901214B201BD7A2D83B12434BBE t=1791451917460
EPOCH_VALUE epoch=0 value=4BBE26323A96B86EE4E9EFC8EAFA7E9DC5149B2B74C461D359F2C2822F71A92A state=14202E53236D54CFF9BE3450A491FBCD96130901214B201BD7A2D83B12434BBE t=1791451917505
EPOCH_VALUE epoch=0 value=4BBE26323A96B86EE4E9EFC8EAFA7E9DC5149B2B74C461D359F2C2822F71A92A state=14202E53236D54CFF9BE3450A491FBCD96130901214B201BD7A2D83B12434BBE t=1791451917528
EPOCH_VALUE epoch=0 value=4BBE26323A96B86EE4E9EFC8EAFA7E9DC5149B2B74C461D359F2C2822F71A92A state=14202E53236D54CFF9BE3450A491FBCD96130901214B201BD7A2D83B12434BBE t=1791451917530
2026-10-08T09:31:57.691099Z  INFO nanospam::app: Confirmed 17,947 blocks | 2,000 bps | 2,071 cps | avg conf time: 202 ms
EPOCH_VALUE epoch=0 value=4BBE26323A96B86EE4E9EFC8EAFA7E9DC5149B2B74C461D359F2C2822F71A92A state=14202E53236D54CFF9BE3450A491FBCD96130901214B201BD7A2D83B12434BBE t=1791451917742
EPOCH_RECONCILED epoch=0 reporter=A353E45E6D0016CAEED0DFA4EC5B0640E2AA22A793F9F2375E77F1AB92977C04 complete=true entries=97 total=97 symbols=0 dropped=false t=1791451917765
EPOCH_INSTALL epoch=0 finalized=15927 instances_confirmed=0 t=1791451917783
EPOCH_INSTALL epoch=0 finalized=15927 instances_confirmed=0 t=1791451917783
EPOCH_LATE_NOTAR epoch=0 blocks=2389 notarized=2251 cast=2346 t=1791451917783
EPOCH_LATE_NOTAR epoch=0 blocks=2389 notarized=2251 cast=2310 t=1791451917783
EPOCH_GATE epoch=1 released=203 finalized=0 t=1791451917784
EPOCH_GATE epoch=1 released=283 finalized=0 t=1791451917784
EPOCH_INSTALL epoch=0 finalized=15927 instances_confirmed=0 t=1791451917788
EPOCH_INSTALL epoch=0 finalized=15927 instances_confirmed=0 t=1791451917788
EPOCH_INSTALL epoch=0 finalized=15927 instances_confirmed=0 t=1791451917788
EPOCH_LATE_NOTAR epoch=0 blocks=2389 notarized=2251 cast=2212 t=1791451917789
EPOCH_LATE_NOTAR epoch=0 blocks=2389 notarized=2251 cast=2232 t=1791451917789
EPOCH_LATE_NOTAR epoch=0 blocks=2395 notarized=2336 cast=2180 t=1791451917789
EPOCH_GATE epoch=1 released=204 finalized=0 t=1791451917789
EPOCH_GATE epoch=1 released=203 finalized=0 t=1791451917789
EPOCH_GATE epoch=1 released=283 finalized=0 t=1791451917789
EPOCH_COMMITTEE derived_by=0 members=6 accounts=7296 n=6 digest=95D409445152DD075E6A4799205DFA5689496EB8EE1A22AC2A200B9DBC2DCF27 shares=["735FE217:16.7%", "65A90023:16.7%", "D315857C:16.7%", "911999B2:16.7%", "633D9D61:16.7%", "A353E45E:16.7%"] t=1791451917811
EPOCH_LOCKS epoch=0 continued=0 kinds={"locks=1 kind=Some(Recovery) nc_here=true saved=true": 4} t=1791451917811
EPOCH_OMITTED epoch=0 instances=30 retained=4 t=1791451917811
EPOCH_CLOSED epoch=0 round=0 value=4BBE26323A96B86EE4E9EFC8EAFA7E9DC5149B2B74C461D359F2C2822F71A92A state=14202E53236D54CFF9BE3450A491FBCD96130901214B201BD7A2D83B12434BBE t=1791451917811
EPOCH_COMMITTEE derived_by=0 members=6 accounts=7296 n=6 digest=95D409445152DD075E6A4799205DFA5689496EB8EE1A22AC2A200B9DBC2DCF27 shares=["735FE217:16.7%", "65A90023:16.7%", "D315857C:16.7%", "911999B2:16.7%", "633D9D61:16.7%", "A353E45E:16.7%"] t=1791451917811
EPOCH_LOCKS epoch=0 continued=0 kinds={"locks=1 kind=Some(Recovery) nc_here=true saved=true": 4} t=1791451917812
EPOCH_OMITTED epoch=0 instances=30 retained=4 t=1791451917812
EPOCH_CLOSED epoch=0 round=0 value=4BBE26323A96B86EE4E9EFC8EAFA7E9DC5149B2B74C461D359F2C2822F71A92A state=14202E53236D54CFF9BE3450A491FBCD96130901214B201BD7A2D83B12434BBE t=1791451917812
EPOCH_COMMITTEE derived_by=0 members=6 accounts=7296 n=6 digest=95D409445152DD075E6A4799205DFA5689496EB8EE1A22AC2A200B9DBC2DCF27 shares=["735FE217:16.7%", "65A90023:16.7%", "D315857C:16.7%", "911999B2:16.7%", "633D9D61:16.7%", "A353E45E:16.7%"] t=1791451917813
EPOCH_LOCKS epoch=0 continued=0 kinds={"locks=1 kind=Some(Recovery) nc_here=true saved=true": 4} t=1791451917814
EPOCH_OMITTED epoch=0 instances=30 retained=4 t=1791451917814
EPOCH_CLOSED epoch=0 round=0 value=4BBE26323A96B86EE4E9EFC8EAFA7E9DC5149B2B74C461D359F2C2822F71A92A state=14202E53236D54CFF9BE3450A491FBCD96130901214B201BD7A2D83B12434BBE t=1791451917814
EPOCH_COMMITTEE derived_by=0 members=6 accounts=7296 n=6 digest=95D409445152DD075E6A4799205DFA5689496EB8EE1A22AC2A200B9DBC2DCF27 shares=["735FE217:16.7%", "65A90023:16.7%", "D315857C:16.7%", "911999B2:16.7%", "633D9D61:16.7%", "A353E45E:16.7%"] t=1791451917819
EPOCH_LOCKS epoch=0 continued=0 kinds={"locks=1 kind=Some(Recovery) nc_here=true saved=true": 4} t=1791451917819
EPOCH_OMITTED epoch=0 instances=30 retained=4 t=1791451917819
EPOCH_CLOSED epoch=0 round=0 value=4BBE26323A96B86EE4E9EFC8EAFA7E9DC5149B2B74C461D359F2C2822F71A92A state=14202E53236D54CFF9BE3450A491FBCD96130901214B201BD7A2D83B12434BBE t=1791451917819
EPOCH_COMMITTEE derived_by=0 members=6 accounts=7296 n=6 digest=95D409445152DD075E6A4799205DFA5689496EB8EE1A22AC2A200B9DBC2DCF27 shares=["735FE217:16.7%", "65A90023:16.7%", "D315857C:16.7%", "911999B2:16.7%", "633D9D61:16.7%", "A353E45E:16.7%"] t=1791451917823
EPOCH_LOCKS epoch=0 continued=0 kinds={"locks=1 kind=Some(Recovery) nc_here=true saved=true": 4} t=1791451917823
EPOCH_OMITTED epoch=0 instances=30 retained=4 t=1791451917823
EPOCH_CLOSED epoch=0 round=0 value=4BBE26323A96B86EE4E9EFC8EAFA7E9DC5149B2B74C461D359F2C2822F71A92A state=14202E53236D54CFF9BE3450A491FBCD96130901214B201BD7A2D83B12434BBE t=1791451917823
EPOCH_INSTALLED epoch=0 finalized=15927 cemented=15927 queued=0 missing=0 t=1791451917847
EPOCH_RETAINED epoch=0 retained=88 held=88 missing=0 t=1791451917847
EPOCH_INSTALLED epoch=0 finalized=15927 cemented=15927 queued=0 missing=0 t=1791451917848
EPOCH_RETAINED epoch=0 retained=88 held=88 missing=0 t=1791451917848
EPOCH_EVIDENCE_RELEASED epoch=0 t=1791451917864
EPOCH_INSTALLED epoch=0 finalized=15927 cemented=15927 queued=0 missing=0 t=1791451917865
EPOCH_RETAINED epoch=0 retained=88 held=88 missing=0 t=1791451917865
EPOCH_INSTALLED epoch=0 finalized=15927 cemented=15927 queued=0 missing=0 t=1791451917876
EPOCH_RETAINED epoch=0 retained=88 held=88 missing=0 t=1791451917882
EPOCH_EVIDENCE_RELEASED epoch=0 t=1791451917889
EPOCH_EVIDENCE_RELEASED epoch=0 t=1791451917890
EPOCH_EVIDENCE_RELEASED epoch=0 t=1791451917891
EPOCH_INSTALL epoch=0 finalized=15927 instances_confirmed=0 t=1791451917899
EPOCH_LATE_NOTAR epoch=0 blocks=2395 notarized=2336 cast=1692 t=1791451917900
EPOCH_GATE epoch=1 released=155 finalized=3 t=1791451917900
EPOCH_INSTALLED epoch=0 finalized=15927 cemented=15927 queued=0 missing=0 t=1791451917954
EPOCH_RETAINED epoch=0 retained=88 held=88 missing=0 t=1791451917954
EPOCH_COMMITTEE derived_by=0 members=6 accounts=7296 n=6 digest=95D409445152DD075E6A4799205DFA5689496EB8EE1A22AC2A200B9DBC2DCF27 shares=["735FE217:16.7%", "65A90023:16.7%", "D315857C:16.7%", "911999B2:16.7%", "633D9D61:16.7%", "A353E45E:16.7%"] t=1791451917965
EPOCH_LOCKS epoch=0 continued=0 kinds={"locks=1 kind=Some(Recovery) nc_here=true saved=true": 4} t=1791451917965
EPOCH_OMITTED epoch=0 instances=30 retained=4 t=1791451917965
EPOCH_CLOSED epoch=0 round=0 value=4BBE26323A96B86EE4E9EFC8EAFA7E9DC5149B2B74C461D359F2C2822F71A92A state=14202E53236D54CFF9BE3450A491FBCD96130901214B201BD7A2D83B12434BBE t=1791451917965
EPOCH_EVIDENCE_RELEASED epoch=0 t=1791451917998
EPOCH_INSTALLED epoch=0 finalized=15927 cemented=15927 queued=0 missing=0 t=1791451918207
EPOCH_RETAINED epoch=0 retained=88 held=88 missing=0 t=1791451918208
2026-10-08T09:31:58.692336Z  INFO nanospam::app: Confirmed 19,989 blocks | 2,000 bps | 2,039 cps | avg conf time: 163 ms
2026-10-08T09:31:59.692755Z  INFO nanospam::app: Confirmed 21,925 blocks | 2,000 bps | 1,935 cps | avg conf time: 103 ms
2026-10-08T09:32:00.694028Z  INFO nanospam::app: Confirmed 23,865 blocks | 2,000 bps | 1,937 cps | avg conf time: 100 ms
2026-10-08T09:32:01.694700Z  INFO nanospam::app: Confirmed 25,804 blocks | 2,000 bps | 1,937 cps | avg conf time: 100 ms
2026-10-08T09:32:02.695547Z  INFO nanospam::app: Confirmed 27,748 blocks | 2,000 bps | 1,941 cps | avg conf time: 99 ms
2026-10-08T09:32:03.696526Z  INFO nanospam::app: Confirmed 29,647 blocks | 2,000 bps | 1,896 cps | avg conf time: 103 ms
EPOCH_ENDED epoch=1 elections=172 active=148 t=1791451924472
EPOCH_ENDED epoch=1 elections=172 active=148 t=1791451924472
EPOCH_ENDED epoch=1 elections=172 active=148 t=1791451924472
EPOCH_ENDED epoch=1 elections=172 active=148 t=1791451924472
EPOCH_ENDED epoch=1 elections=173 active=149 t=1791451924472
EPOCH_ENDED epoch=1 elections=173 active=149 t=1791451924472
EPOCH_CARRIED epoch=1 instances=168 split=0 t=1791451924513
EPOCH_ADVANCED epoch=2 elections=340 active=316 vote_records=369837 t=1791451924513
EPOCH_CARRIED epoch=1 instances=169 split=0 t=1791451924513
EPOCH_ADVANCED epoch=2 elections=342 active=318 vote_records=369836 t=1791451924513
EPOCH_CARRIED epoch=1 instances=168 split=0 t=1791451924513
EPOCH_ADVANCED epoch=2 elections=340 active=316 vote_records=369837 t=1791451924513
EPOCH_CLOSE_UNREADY epoch=1 short_of=reports usable=0 weight=0 required=5 held=0 theirs=[] t=1791451924521
EPOCH_CARRIED epoch=1 instances=168 split=0 t=1791451924521
EPOCH_ADVANCED epoch=2 elections=340 active=316 vote_records=369837 t=1791451924521
EPOCH_CARRIED epoch=1 instances=169 split=0 t=1791451924528
EPOCH_ADVANCED epoch=2 elections=342 active=318 vote_records=369836 t=1791451924528
EPOCH_REPORT epoch=1 certified=31248 residual=147 root=2232E1EEF8BE8AA154211FE05DDCA04AB51A356D4C885BD82EDC16F6F9BC6D54 reports=1 t=1791451924581
EPOCH_REPORT epoch=1 certified=31248 residual=138 root=2232E1EEF8BE8AA154211FE05DDCA04AB51A356D4C885BD82EDC16F6F9BC6D54 reports=1 t=1791451924584
EPOCH_REPORT epoch=1 certified=31248 residual=115 root=2232E1EEF8BE8AA154211FE05DDCA04AB51A356D4C885BD82EDC16F6F9BC6D54 reports=1 t=1791451924584
EPOCH_CLOSE_UNREADY epoch=1 short_of=reports usable=1 weight=1 required=5 held=0 theirs=[] t=1791451924586
EPOCH_REPORT epoch=1 certified=31248 residual=116 root=2232E1EEF8BE8AA154211FE05DDCA04AB51A356D4C885BD82EDC16F6F9BC6D54 reports=1 t=1791451924599
EPOCH_REPORT epoch=1 certified=31248 residual=138 root=2232E1EEF8BE8AA154211FE05DDCA04AB51A356D4C885BD82EDC16F6F9BC6D54 reports=1 t=1791451924610
EPOCH_RECONCILED epoch=1 reporter=735FE217D91E88EA82324C5883296385FA0041C2FAC85C827BAA46DA1E14B83F complete=false entries=0 total=31248 symbols=0 dropped=false t=1791451924696
2026-10-08T09:32:04.697159Z  INFO nanospam::app: Confirmed 31,413 blocks | 2,000 bps | 1,764 cps | avg conf time: 121 ms
EPOCH_RECONCILED epoch=1 reporter=735FE217D91E88EA82324C5883296385FA0041C2FAC85C827BAA46DA1E14B83F complete=true entries=138 total=138 symbols=0 dropped=false t=1791451924716
EPOCH_RECONCILED epoch=1 reporter=633D9D614858AB1710D5D8C3180E2A082DC97208BA8C26BA6C6D1A86C8E31CC0 complete=false entries=0 total=31248 symbols=0 dropped=false t=1791451924718
EPOCH_RECONCILED epoch=1 reporter=633D9D614858AB1710D5D8C3180E2A082DC97208BA8C26BA6C6D1A86C8E31CC0 complete=true entries=147 total=147 symbols=0 dropped=false t=1791451924724
EPOCH_RECONCILED epoch=1 reporter=65A90023F6C0D2181AAA63F005D81BBC0C04650505E21D5123F9AE1F9E992BFF complete=false entries=0 total=31248 symbols=0 dropped=false t=1791451924728
EPOCH_RECONCILED epoch=1 reporter=65A90023F6C0D2181AAA63F005D81BBC0C04650505E21D5123F9AE1F9E992BFF complete=true entries=115 total=115 symbols=0 dropped=false t=1791451924736
EPOCH_RECONCILED epoch=1 reporter=735FE217D91E88EA82324C5883296385FA0041C2FAC85C827BAA46DA1E14B83F complete=false entries=0 total=31248 symbols=0 dropped=false t=1791451924743
EPOCH_RECONCILED epoch=1 reporter=735FE217D91E88EA82324C5883296385FA0041C2FAC85C827BAA46DA1E14B83F complete=true entries=138 total=138 symbols=0 dropped=false t=1791451924748
EPOCH_CARRIED epoch=1 instances=168 split=0 t=1791451924748
EPOCH_ADVANCED epoch=2 elections=340 active=316 vote_records=369837 t=1791451924748
EPOCH_RECONCILED epoch=1 reporter=D315857CE70C54DE713F6E82E5613BB3A1266C15E28AD2F4338C7BBEC456F532 complete=false entries=0 total=31248 symbols=0 dropped=false t=1791451924749
EPOCH_RECONCILED epoch=1 reporter=735FE217D91E88EA82324C5883296385FA0041C2FAC85C827BAA46DA1E14B83F complete=false entries=0 total=31248 symbols=0 dropped=false t=1791451924752
EPOCH_RECONCILED epoch=1 reporter=D315857CE70C54DE713F6E82E5613BB3A1266C15E28AD2F4338C7BBEC456F532 complete=true entries=138 total=138 symbols=0 dropped=false t=1791451924755
EPOCH_RECONCILED epoch=1 reporter=633D9D614858AB1710D5D8C3180E2A082DC97208BA8C26BA6C6D1A86C8E31CC0 complete=false entries=0 total=31248 symbols=0 dropped=false t=1791451924756
EPOCH_RECONCILED epoch=1 reporter=735FE217D91E88EA82324C5883296385FA0041C2FAC85C827BAA46DA1E14B83F complete=true entries=138 total=138 symbols=0 dropped=false t=1791451924757
EPOCH_RECONCILED epoch=1 reporter=D315857CE70C54DE713F6E82E5613BB3A1266C15E28AD2F4338C7BBEC456F532 complete=false entries=0 total=31248 symbols=0 dropped=false t=1791451924758
EPOCH_RECONCILED epoch=1 reporter=633D9D614858AB1710D5D8C3180E2A082DC97208BA8C26BA6C6D1A86C8E31CC0 complete=true entries=147 total=147 symbols=0 dropped=false t=1791451924760
EPOCH_RECONCILED epoch=1 reporter=65A90023F6C0D2181AAA63F005D81BBC0C04650505E21D5123F9AE1F9E992BFF complete=false entries=0 total=31248 symbols=0 dropped=false t=1791451924761
EPOCH_RECONCILED epoch=1 reporter=D315857CE70C54DE713F6E82E5613BB3A1266C15E28AD2F4338C7BBEC456F532 complete=true entries=138 total=138 symbols=0 dropped=false t=1791451924763
EPOCH_RECONCILED epoch=1 reporter=65A90023F6C0D2181AAA63F005D81BBC0C04650505E21D5123F9AE1F9E992BFF complete=false entries=0 total=31248 symbols=0 dropped=false t=1791451924764
EPOCH_RECONCILED epoch=1 reporter=65A90023F6C0D2181AAA63F005D81BBC0C04650505E21D5123F9AE1F9E992BFF complete=true entries=115 total=115 symbols=0 dropped=false t=1791451924765
EPOCH_RECONCILED epoch=1 reporter=65A90023F6C0D2181AAA63F005D81BBC0C04650505E21D5123F9AE1F9E992BFF complete=true entries=115 total=115 symbols=0 dropped=false t=1791451924768
EPOCH_RECONCILED epoch=1 reporter=911999B2AEFA7ACC66EBD802B3301FF6CE431405107749D940277955CB7FDD07 complete=false entries=0 total=31248 symbols=0 dropped=false t=1791451924769
EPOCH_RECONCILED epoch=1 reporter=911999B2AEFA7ACC66EBD802B3301FF6CE431405107749D940277955CB7FDD07 complete=true entries=116 total=116 symbols=0 dropped=false t=1791451924773
EPOCH_CLOSE_UNREADY epoch=1 short_of=reports usable=4 weight=4 required=5 held=4 theirs=["911999B2:2232E1EE:DD529FF6", "633D9D61:2232E1EE:E37BC1E2", "735FE217:2232E1EE:52745027", "65A90023:2232E1EE:6589A674"] t=1791451924786
EPOCH_RECONCILED epoch=1 reporter=911999B2AEFA7ACC66EBD802B3301FF6CE431405107749D940277955CB7FDD07 complete=false entries=0 total=31248 symbols=0 dropped=false t=1791451924836
EPOCH_RECONCILED epoch=1 reporter=911999B2AEFA7ACC66EBD802B3301FF6CE431405107749D940277955CB7FDD07 complete=true entries=116 total=116 symbols=0 dropped=false t=1791451924844
EPOCH_RECONCILED epoch=1 reporter=735FE217D91E88EA82324C5883296385FA0041C2FAC85C827BAA46DA1E14B83F complete=false entries=0 total=31248 symbols=0 dropped=false t=1791451924845
EPOCH_CLOSE_READY epoch=1 t=1791451924847
EPOCH_RECONCILED epoch=1 reporter=735FE217D91E88EA82324C5883296385FA0041C2FAC85C827BAA46DA1E14B83F complete=true entries=138 total=138 symbols=0 dropped=false t=1791451924852
EPOCH_RECONCILED epoch=1 reporter=633D9D614858AB1710D5D8C3180E2A082DC97208BA8C26BA6C6D1A86C8E31CC0 complete=false entries=0 total=31248 symbols=0 dropped=false t=1791451924854
EPOCH_RECONCILED epoch=1 reporter=633D9D614858AB1710D5D8C3180E2A082DC97208BA8C26BA6C6D1A86C8E31CC0 complete=true entries=147 total=147 symbols=0 dropped=false t=1791451924857
EPOCH_RECONCILED epoch=1 reporter=D315857CE70C54DE713F6E82E5613BB3A1266C15E28AD2F4338C7BBEC456F532 complete=false entries=0 total=31248 symbols=0 dropped=false t=1791451924859
EPOCH_RECONCILED epoch=1 reporter=D315857CE70C54DE713F6E82E5613BB3A1266C15E28AD2F4338C7BBEC456F532 complete=true entries=138 total=138 symbols=0 dropped=false t=1791451924862
EPOCH_REPORT epoch=1 certified=31248 residual=145 root=2232E1EEF8BE8AA154211FE05DDCA04AB51A356D4C885BD82EDC16F6F9BC6D54 reports=1 t=1791451924885
EPOCH_CLOSE_UNREADY epoch=1 short_of=reports usable=1 weight=1 required=5 held=5 theirs=["65A90023:2232E1EE:6589A674", "633D9D61:2232E1EE:E37BC1E2", "735FE217:2232E1EE:52745027", "911999B2:2232E1EE:DD529FF6", "D315857C:2232E1EE:52745027"] t=1791451924944
EPOCH_CLOSE_READY epoch=1 t=1791451925002
EPOCH_CLOSE_ROUND epoch=1 round=0 leader=65A90023F6C0D2181AAA63F005D81BBC0C04650505E21D5123F9AE1F9E992BFF leads=false t=1791451925003
EPOCH_CLOSE_ROUND epoch=1 round=0 leader=65A90023F6C0D2181AAA63F005D81BBC0C04650505E21D5123F9AE1F9E992BFF leads=false t=1791451925004
EPOCH_RECONCILED epoch=1 reporter=65A90023F6C0D2181AAA63F005D81BBC0C04650505E21D5123F9AE1F9E992BFF complete=false entries=0 total=31248 symbols=0 dropped=false t=1791451925072
EPOCH_RECONCILED epoch=1 reporter=65A90023F6C0D2181AAA63F005D81BBC0C04650505E21D5123F9AE1F9E992BFF complete=true entries=115 total=115 symbols=0 dropped=false t=1791451925080
EPOCH_RECONCILED epoch=1 reporter=D315857CE70C54DE713F6E82E5613BB3A1266C15E28AD2F4338C7BBEC456F532 complete=false entries=0 total=31248 symbols=0 dropped=false t=1791451925082
EPOCH_RECONCILED epoch=1 reporter=D315857CE70C54DE713F6E82E5613BB3A1266C15E28AD2F4338C7BBEC456F532 complete=true entries=138 total=138 symbols=0 dropped=false t=1791451925088
EPOCH_RECONCILED epoch=1 reporter=633D9D614858AB1710D5D8C3180E2A082DC97208BA8C26BA6C6D1A86C8E31CC0 complete=false entries=0 total=31248 symbols=0 dropped=false t=1791451925091
EPOCH_RECONCILED epoch=1 reporter=633D9D614858AB1710D5D8C3180E2A082DC97208BA8C26BA6C6D1A86C8E31CC0 complete=true entries=147 total=147 symbols=0 dropped=false t=1791451925107
EPOCH_RECONCILED epoch=1 reporter=911999B2AEFA7ACC66EBD802B3301FF6CE431405107749D940277955CB7FDD07 complete=false entries=0 total=31248 symbols=0 dropped=false t=1791451925120
EPOCH_RECONCILED epoch=1 reporter=911999B2AEFA7ACC66EBD802B3301FF6CE431405107749D940277955CB7FDD07 complete=false entries=0 total=31248 symbols=0 dropped=false t=1791451925120
EPOCH_RECONCILED epoch=1 reporter=A353E45E6D0016CAEED0DFA4EC5B0640E2AA22A793F9F2375E77F1AB92977C04 complete=false entries=0 total=31248 symbols=0 dropped=false t=1791451925157
EPOCH_CLOSE_READY epoch=1 t=1791451925168
EPOCH_RECONCILED epoch=1 reporter=A353E45E6D0016CAEED0DFA4EC5B0640E2AA22A793F9F2375E77F1AB92977C04 complete=true entries=145 total=145 symbols=0 dropped=false t=1791451925171
EPOCH_RECONCILED epoch=1 reporter=911999B2AEFA7ACC66EBD802B3301FF6CE431405107749D940277955CB7FDD07 complete=true entries=116 total=116 symbols=0 dropped=false t=1791451925173
EPOCH_RECONCILED epoch=1 reporter=A353E45E6D0016CAEED0DFA4EC5B0640E2AA22A793F9F2375E77F1AB92977C04 complete=false entries=0 total=31248 symbols=0 dropped=false t=1791451925176
EPOCH_RECONCILED epoch=1 reporter=911999B2AEFA7ACC66EBD802B3301FF6CE431405107749D940277955CB7FDD07 complete=true entries=116 total=116 symbols=0 dropped=false t=1791451925178
EPOCH_RECONCILED epoch=1 reporter=A353E45E6D0016CAEED0DFA4EC5B0640E2AA22A793F9F2375E77F1AB92977C04 complete=false entries=0 total=31248 symbols=0 dropped=false t=1791451925220
EPOCH_RECONCILED epoch=1 reporter=A353E45E6D0016CAEED0DFA4EC5B0640E2AA22A793F9F2375E77F1AB92977C04 complete=true entries=145 total=145 symbols=0 dropped=false t=1791451925250
EPOCH_RECONCILED epoch=1 reporter=A353E45E6D0016CAEED0DFA4EC5B0640E2AA22A793F9F2375E77F1AB92977C04 complete=true entries=145 total=145 symbols=0 dropped=false t=1791451925255
EPOCH_CLOSE_READY epoch=1 t=1791451925378
EPOCH_CLOSE_ROUND epoch=1 round=0 leader=65A90023F6C0D2181AAA63F005D81BBC0C04650505E21D5123F9AE1F9E992BFF leads=false t=1791451925378
EPOCH_RECONCILED epoch=1 reporter=65A90023F6C0D2181AAA63F005D81BBC0C04650505E21D5123F9AE1F9E992BFF complete=false entries=156 total=31248 symbols=243 dropped=false t=1791451925431
EPOCH_RECONCILED epoch=1 reporter=633D9D614858AB1710D5D8C3180E2A082DC97208BA8C26BA6C6D1A86C8E31CC0 complete=false entries=156 total=31248 symbols=243 dropped=false t=1791451925431
EPOCH_RECONCILED epoch=1 reporter=735FE217D91E88EA82324C5883296385FA0041C2FAC85C827BAA46DA1E14B83F complete=false entries=156 total=31248 symbols=243 dropped=false t=1791451925431
EPOCH_RECONCILED epoch=1 reporter=911999B2AEFA7ACC66EBD802B3301FF6CE431405107749D940277955CB7FDD07 complete=false entries=156 total=31248 symbols=243 dropped=false t=1791451925431
EPOCH_RECONCILED epoch=1 reporter=D315857CE70C54DE713F6E82E5613BB3A1266C15E28AD2F4338C7BBEC456F532 complete=false entries=156 total=31248 symbols=243 dropped=false t=1791451925431
EPOCH_RECONCILED epoch=1 reporter=65A90023F6C0D2181AAA63F005D81BBC0C04650505E21D5123F9AE1F9E992BFF complete=true entries=115 total=115 symbols=0 dropped=false t=1791451925486
EPOCH_RECONCILED epoch=1 reporter=633D9D614858AB1710D5D8C3180E2A082DC97208BA8C26BA6C6D1A86C8E31CC0 complete=true entries=147 total=147 symbols=0 dropped=false t=1791451925492
EPOCH_RECONCILED epoch=1 reporter=735FE217D91E88EA82324C5883296385FA0041C2FAC85C827BAA46DA1E14B83F complete=true entries=138 total=138 symbols=0 dropped=false t=1791451925496
EPOCH_RECONCILED epoch=1 reporter=911999B2AEFA7ACC66EBD802B3301FF6CE431405107749D940277955CB7FDD07 complete=true entries=116 total=116 symbols=0 dropped=false t=1791451925500
EPOCH_RECONCILED epoch=1 reporter=D315857CE70C54DE713F6E82E5613BB3A1266C15E28AD2F4338C7BBEC456F532 complete=true entries=138 total=138 symbols=0 dropped=false t=1791451925510
EPOCH_CLOSE_READY epoch=1 t=1791451925568
EPOCH_CLOSE_ROUND epoch=1 round=0 leader=65A90023F6C0D2181AAA63F005D81BBC0C04650505E21D5123F9AE1F9E992BFF leads=false t=1791451925569
EPOCH_RECONCILED epoch=1 reporter=A353E45E6D0016CAEED0DFA4EC5B0640E2AA22A793F9F2375E77F1AB92977C04 complete=false entries=0 total=31248 symbols=0 dropped=false t=1791451925631
EPOCH_RECONCILED epoch=1 reporter=A353E45E6D0016CAEED0DFA4EC5B0640E2AA22A793F9F2375E77F1AB92977C04 complete=true entries=145 total=145 symbols=0 dropped=false t=1791451925635
EPOCH_CLOSE_READY epoch=1 t=1791451925643
EPOCH_CLOSE_ROUND epoch=1 round=0 leader=65A90023F6C0D2181AAA63F005D81BBC0C04650505E21D5123F9AE1F9E992BFF leads=false t=1791451925645
EPOCH_PROPOSED epoch=1 round=0 value=EC27165FFA59D4AFF414FAD7C87436106A464CAC237A1061306E156C9062CA2A state=0AC30CC1B51B32777E621A45CBC70FBE8283F4E83E4543CC4046E6091E73E614 reports=5 t=1791451925659
EPOCH_VALUE epoch=1 value=EC27165FFA59D4AFF414FAD7C87436106A464CAC237A1061306E156C9062CA2A state=0AC30CC1B51B32777E621A45CBC70FBE8283F4E83E4543CC4046E6091E73E614 t=1791451925659
EPOCH_CLOSE_ROUND epoch=1 round=0 leader=65A90023F6C0D2181AAA63F005D81BBC0C04650505E21D5123F9AE1F9E992BFF leads=true t=1791451925659
2026-10-08T09:32:05.697971Z  INFO nanospam::app: Confirmed 32,972 blocks | 2,000 bps | 1,557 cps | avg conf time: 226 ms
EPOCH_RECONCILED epoch=1 reporter=A353E45E6D0016CAEED0DFA4EC5B0640E2AA22A793F9F2375E77F1AB92977C04 complete=false entries=0 total=31248 symbols=0 dropped=false t=1791451925744
EPOCH_RECONCILED epoch=1 reporter=A353E45E6D0016CAEED0DFA4EC5B0640E2AA22A793F9F2375E77F1AB92977C04 complete=true entries=145 total=145 symbols=0 dropped=false t=1791451925921
EPOCH_VALUE epoch=1 value=EC27165FFA59D4AFF414FAD7C87436106A464CAC237A1061306E156C9062CA2A state=0AC30CC1B51B32777E621A45CBC70FBE8283F4E83E4543CC4046E6091E73E614 t=1791451926088
EPOCH_VALUE epoch=1 value=EC27165FFA59D4AFF414FAD7C87436106A464CAC237A1061306E156C9062CA2A state=0AC30CC1B51B32777E621A45CBC70FBE8283F4E83E4543CC4046E6091E73E614 t=1791451926248
EPOCH_VALUE epoch=1 value=EC27165FFA59D4AFF414FAD7C87436106A464CAC237A1061306E156C9062CA2A state=0AC30CC1B51B32777E621A45CBC70FBE8283F4E83E4543CC4046E6091E73E614 t=1791451926334
EPOCH_VALUE epoch=1 value=EC27165FFA59D4AFF414FAD7C87436106A464CAC237A1061306E156C9062CA2A state=0AC30CC1B51B32777E621A45CBC70FBE8283F4E83E4543CC4046E6091E73E614 t=1791451926419
EPOCH_VALUE epoch=1 value=EC27165FFA59D4AFF414FAD7C87436106A464CAC237A1061306E156C9062CA2A state=0AC30CC1B51B32777E621A45CBC70FBE8283F4E83E4543CC4046E6091E73E614 t=1791451926491
EPOCH_CLOSE_ROUND epoch=1 round=1 leader=735FE217D91E88EA82324C5883296385FA0041C2FAC85C827BAA46DA1E14B83F leads=false t=1791451926545
EPOCH_CLOSE_ROUND epoch=1 round=1 leader=735FE217D91E88EA82324C5883296385FA0041C2FAC85C827BAA46DA1E14B83F leads=false t=1791451926560
EPOCH_INSTALL epoch=1 finalized=15256 instances_confirmed=4 t=1791451926592
EPOCH_LATE_NOTAR epoch=1 blocks=3869 notarized=3766 cast=5214 t=1791451926593
EPOCH_INSTALL epoch=1 finalized=15256 instances_confirmed=4 t=1791451926593
EPOCH_GATE epoch=2 released=264 finalized=0 t=1791451926594
EPOCH_LATE_NOTAR epoch=1 blocks=3869 notarized=3766 cast=6080 t=1791451926594
EPOCH_GATE epoch=2 released=260 finalized=0 t=1791451926595
EPOCH_INSTALL epoch=1 finalized=15256 instances_confirmed=4 t=1791451926599
EPOCH_LATE_NOTAR epoch=1 blocks=3869 notarized=3766 cast=5818 t=1791451926600
EPOCH_GATE epoch=2 released=247 finalized=0 t=1791451926600
EPOCH_INSTALL epoch=1 finalized=15256 instances_confirmed=4 t=1791451926606
EPOCH_LATE_NOTAR epoch=1 blocks=3869 notarized=3766 cast=6118 t=1791451926607
EPOCH_GATE epoch=2 released=202 finalized=0 t=1791451926607
EPOCH_INSTALL epoch=1 finalized=15256 instances_confirmed=4 t=1791451926609
EPOCH_LATE_NOTAR epoch=1 blocks=3869 notarized=3706 cast=5673 t=1791451926610
EPOCH_GATE epoch=2 released=335 finalized=0 t=1791451926611
EPOCH_INSTALL epoch=1 finalized=15256 instances_confirmed=4 t=1791451926623
EPOCH_LATE_NOTAR epoch=1 blocks=3894 notarized=3790 cast=5329 t=1791451926624
EPOCH_GATE epoch=2 released=261 finalized=0 t=1791451926625
EPOCH_COMMITTEE derived_by=1 members=6 accounts=13162 n=6 digest=95D409445152DD075E6A4799205DFA5689496EB8EE1A22AC2A200B9DBC2DCF27 shares=["65A90023:16.7%", "735FE217:16.7%", "D315857C:16.7%", "911999B2:16.7%", "633D9D61:16.7%", "A353E45E:16.7%"] t=1791451926629
EPOCH_LOCKS epoch=1 continued=0 kinds={"locks=1 kind=Some(Recovery) nc_here=true saved=true": 22} t=1791451926629
EPOCH_OMITTED epoch=1 instances=11 retained=22 t=1791451926629
EPOCH_CLOSED epoch=1 round=0 value=EC27165FFA59D4AFF414FAD7C87436106A464CAC237A1061306E156C9062CA2A state=0AC30CC1B51B32777E621A45CBC70FBE8283F4E83E4543CC4046E6091E73E614 t=1791451926629
EPOCH_COMMITTEE derived_by=1 members=6 accounts=13162 n=6 digest=95D409445152DD075E6A4799205DFA5689496EB8EE1A22AC2A200B9DBC2DCF27 shares=["65A90023:16.7%", "735FE217:16.7%", "D315857C:16.7%", "911999B2:16.7%", "633D9D61:16.7%", "A353E45E:16.7%"] t=1791451926639
EPOCH_LOCKS epoch=1 continued=0 kinds={"locks=1 kind=Some(Recovery) nc_here=true saved=true": 22} t=1791451926639
EPOCH_OMITTED epoch=1 instances=11 retained=22 t=1791451926639
EPOCH_CLOSED epoch=1 round=0 value=EC27165FFA59D4AFF414FAD7C87436106A464CAC237A1061306E156C9062CA2A state=0AC30CC1B51B32777E621A45CBC70FBE8283F4E83E4543CC4046E6091E73E614 t=1791451926639
EPOCH_COMMITTEE derived_by=1 members=6 accounts=13162 n=6 digest=95D409445152DD075E6A4799205DFA5689496EB8EE1A22AC2A200B9DBC2DCF27 shares=["65A90023:16.7%", "735FE217:16.7%", "D315857C:16.7%", "911999B2:16.7%", "633D9D61:16.7%", "A353E45E:16.7%"] t=1791451926645
EPOCH_LOCKS epoch=1 continued=0 kinds={"locks=1 kind=Some(Recovery) nc_here=true saved=true": 22} t=1791451926646
EPOCH_OMITTED epoch=1 instances=11 retained=22 t=1791451926646
EPOCH_CLOSED epoch=1 round=0 value=EC27165FFA59D4AFF414FAD7C87436106A464CAC237A1061306E156C9062CA2A state=0AC30CC1B51B32777E621A45CBC70FBE8283F4E83E4543CC4046E6091E73E614 t=1791451926646
EPOCH_COMMITTEE derived_by=1 members=6 accounts=13162 n=6 digest=95D409445152DD075E6A4799205DFA5689496EB8EE1A22AC2A200B9DBC2DCF27 shares=["65A90023:16.7%", "735FE217:16.7%", "D315857C:16.7%", "911999B2:16.7%", "633D9D61:16.7%", "A353E45E:16.7%"] t=1791451926652
EPOCH_LOCKS epoch=1 continued=0 kinds={"locks=1 kind=Some(Recovery) nc_here=true saved=true": 22} t=1791451926652
EPOCH_OMITTED epoch=1 instances=11 retained=22 t=1791451926652
EPOCH_CLOSED epoch=1 round=0 value=EC27165FFA59D4AFF414FAD7C87436106A464CAC237A1061306E156C9062CA2A state=0AC30CC1B51B32777E621A45CBC70FBE8283F4E83E4543CC4046E6091E73E614 t=1791451926652
EPOCH_INSTALLED epoch=1 finalized=15256 cemented=15256 queued=0 missing=0 t=1791451926694
EPOCH_RETAINED epoch=1 retained=138 held=138 missing=0 t=1791451926695
2026-10-08T09:32:06.698287Z  INFO nanospam::app: Confirmed 34,780 blocks | 2,000 bps | 1,806 cps | avg conf time: 249 ms
EPOCH_COMMITTEE derived_by=1 members=6 accounts=13162 n=6 digest=95D409445152DD075E6A4799205DFA5689496EB8EE1A22AC2A200B9DBC2DCF27 shares=["65A90023:16.7%", "735FE217:16.7%", "D315857C:16.7%", "911999B2:16.7%", "633D9D61:16.7%", "A353E45E:16.7%"] t=1791451926698
EPOCH_LOCKS epoch=1 continued=0 kinds={"locks=1 kind=Some(Recovery) nc_here=true saved=true": 22} t=1791451926698
EPOCH_OMITTED epoch=1 instances=11 retained=22 t=1791451926698
EPOCH_CLOSED epoch=1 round=0 value=EC27165FFA59D4AFF414FAD7C87436106A464CAC237A1061306E156C9062CA2A state=0AC30CC1B51B32777E621A45CBC70FBE8283F4E83E4543CC4046E6091E73E614 t=1791451926698
EPOCH_INSTALLED epoch=1 finalized=15256 cemented=15256 queued=0 missing=0 t=1791451926757
EPOCH_RETAINED epoch=1 retained=138 held=138 missing=0 t=1791451926760
EPOCH_INSTALLED epoch=1 finalized=15256 cemented=15256 queued=0 missing=0 t=1791451926802
EPOCH_RETAINED epoch=1 retained=138 held=138 missing=0 t=1791451926803
EPOCH_INSTALLED epoch=1 finalized=15256 cemented=15256 queued=0 missing=0 t=1791451926859
EPOCH_RETAINED epoch=1 retained=138 held=138 missing=0 t=1791451926859
EPOCH_COMMITTEE derived_by=1 members=6 accounts=13162 n=6 digest=95D409445152DD075E6A4799205DFA5689496EB8EE1A22AC2A200B9DBC2DCF27 shares=["65A90023:16.7%", "735FE217:16.7%", "D315857C:16.7%", "911999B2:16.7%", "633D9D61:16.7%", "A353E45E:16.7%"] t=1791451926875
EPOCH_LOCKS epoch=1 continued=0 kinds={"locks=1 kind=Some(Recovery) nc_here=true saved=true": 22} t=1791451926876
EPOCH_OMITTED epoch=1 instances=11 retained=22 t=1791451926876
EPOCH_CLOSED epoch=1 round=0 value=EC27165FFA59D4AFF414FAD7C87436106A464CAC237A1061306E156C9062CA2A state=0AC30CC1B51B32777E621A45CBC70FBE8283F4E83E4543CC4046E6091E73E614 t=1791451926876
EPOCH_EVIDENCE_RELEASED epoch=1 t=1791451926941
EPOCH_EVIDENCE_RELEASED epoch=1 t=1791451926958
EPOCH_INSTALLED epoch=1 finalized=15256 cemented=15256 queued=0 missing=0 t=1791451927188
EPOCH_RETAINED epoch=1 retained=138 held=138 missing=0 t=1791451927188
EPOCH_EVIDENCE_RELEASED epoch=1 t=1791451927198
EPOCH_EVIDENCE_RELEASED epoch=1 t=1791451927241
EPOCH_INSTALLED epoch=1 finalized=15256 cemented=15256 queued=0 missing=0 t=1791451927272
EPOCH_RETAINED epoch=1 retained=138 held=138 missing=0 t=1791451927274
EPOCH_EVIDENCE_RELEASED epoch=1 t=1791451927457
EPOCH_EVIDENCE_RELEASED epoch=1 t=1791451927645
2026-10-08T09:32:07.699080Z  INFO nanospam::app: Confirmed 36,114 blocks | 2,000 bps | 1,332 cps | avg conf time: 394 ms
2026-10-08T09:32:08.699802Z  INFO nanospam::app: Confirmed 39,049 blocks | 2,000 bps | 2,932 cps | avg conf time: 217 ms
2026-10-08T09:32:09.700869Z  INFO nanospam::app: Confirmed 40,991 blocks | 2,000 bps | 1,939 cps | avg conf time: 89 ms
2026-10-08T09:32:10.701398Z  INFO nanospam::app: Confirmed 42,901 blocks | 2,000 bps | 1,908 cps | avg conf time: 92 ms
2026-10-08T09:32:11.702192Z  INFO nanospam::app: Confirmed 44,749 blocks | 2,000 bps | 1,846 cps | avg conf time: 97 ms
2026-10-08T09:32:11.840126Z  INFO nanospam::app: Confirming 45000 blocks took 23.16s
2026-10-08T09:32:11.840154Z  INFO nanospam::app: Confirmation rate: 1942 cps
2026-10-08T09:32:11.840159Z  INFO nanospam::app: Average conf time: 139 ms
2026-10-08T09:32:11.840163Z  INFO nanospam::app: Non-fork confirmation rate: 1942 cps (45000 of 45000 non-fork blocks, 0 of 0 forks)
2026-10-08T09:32:11.840282Z  INFO nanospam::app: RAI_BENCH_METRICS {"created":45000,"confirmed":45000,"duration_secs":23.161723791,"confirmation_unit":"primary publication or its confirmed fork alternative","alternative_confirmed":0,"confirmation_histogram_ms":{"42":3,"43":7,"44":8,"45":11,"46":14,"47":9,"48":19,"49":15,"50":25,"51":28,"52":23,"53":29,"54":37,"55":35,"56":41,"57":53,"58":47,"59":69,"60":85,"61":81,"62":99,"63":120,"64":111,"65":137,"66":127,"67":138,"68":150,"69":157,"70":190,"71":228,"72":242,"73":254,"74":293,"75":285,"76":305,"77":346,"78":354,"79":401,"80":419,"81":486,"82":504,"83":512,"84":556,"85":581,"86":619,"87":646,"88":654,"89":734,"90":716,"91":760,"92":784,"93":804,"94":748,"95":801,"96":777,"97":790,"98":860,"99":848,"100":869,"101":795,"102":824,"103":781,"104":829,"105":842,"106":800,"107":775,"108":781,"109":791,"110":722,"111":666,"112":615,"113":598,"114":553,"115":502,"116":476,"117":463,"118":411,"119":384,"120":414,"121":342,"122":311,"123":261,"124":243,"125":224,"126":177,"127":186,"128":155,"129":125,"130":118,"131":91,"132":110,"133":91,"134":70,"135":59,"136":68,"137":65,"138":89,"139":80,"140":62,"141":44,"142":61,"143":54,"144":71,"145":66,"146":50,"147":51,"148":49,"149":64,"150":42,"151":65,"152":43,"153":61,"154":53,"155":60,"156":39,"157":39,"158":37,"159":54,"160":70,"161":76,"162":57,"163":67,"164":65,"165":48,"166":53,"167":42,"168":34,"169":38,"170":41,"171":47,"172":46,"173":53,"174":59,"175":66,"176":51,"177":63,"178":64,"179":61,"180":54,"181":52,"182":50,"183":62,"184":78,"185":57,"186":66,"187":53,"188":47,"189":51,"190":54,"191":58,"192":62,"193":54,"194":59,"195":77,"196":60,"197":78,"198":84,"199":86,"200":73,"201":61,"202":51,"203":38,"204":39,"205":42,"206":43,"207":31,"208":42,"209":49,"210":49,"211":38,"212":44,"213":47,"214":40,"215":66,"216":83,"217":64,"218":81,"219":61,"220":45,"221":55,"222":55,"223":46,"224":55,"225":46,"226":28,"227":37,"228":31,"229":38,"230":34,"231":42,"232":55,"233":58,"234":44,"235":51,"236":46,"237":43,"238":47,"239":37,"240":52,"241":30,"242":19,"243":21,"244":32,"245":35,"246":30,"247":31,"248":21,"249":25,"250":30,"251":25,"252":22,"253":37,"254":24,"255":26,"256":23,"257":29,"258":26,"259":25,"260":23,"261":16,"262":15,"263":22,"264":28,"265":27,"266":30,"267":25,"268":26,"269":24,"270":24,"271":13,"272":18,"273":19,"274":15,"275":13,"276":14,"277":16,"278":12,"279":9,"280":15,"281":19,"282":19,"283":28,"284":29,"285":29,"286":27,"287":23,"288":24,"289":33,"290":41,"291":48,"292":43,"293":53,"294":65,"295":47,"296":53,"297":35,"298":30,"299":25,"300":34,"301":13,"302":23,"303":30,"304":26,"305":20,"306":24,"307":20,"308":29,"309":23,"310":38,"311":19,"312":20,"313":13,"314":15,"315":18,"316":19,"317":23,"318":29,"319":27,"320":28,"321":29,"322":18,"323":13,"324":16,"325":12,"326":6,"327":10,"328":6,"329":12,"330":6,"331":10,"332":12,"333":11,"334":4,"335":13,"336":5,"337":10,"338":17,"339":9,"340":10,"341":9,"342":12,"343":9,"344":8,"345":10,"346":16,"347":13,"348":14,"349":13,"350":12,"351":17,"352":15,"353":12,"354":19,"355":29,"356":14,"357":9,"358":8,"359":10,"360":10,"361":10,"362":13,"363":11,"364":11,"365":4,"366":6,"367":11,"368":12,"369":11,"370":15,"371":12,"372":8,"373":15,"374":11,"375":12,"376":11,"377":12,"378":15,"379":6,"380":7,"381":16,"382":13,"383":17,"384":15,"385":12,"386":9,"387":7,"388":15,"389":13,"390":14,"391":11,"392":10,"393":5,"394":7,"395":16,"396":8,"397":10,"398":7,"399":6,"400":8,"401":7,"402":6,"403":7,"404":6,"405":7,"406":8,"407":5,"408":2,"409":6,"410":7,"411":5,"412":5,"413":5,"414":7,"415":10,"416":22,"417":13,"418":6,"419":8,"420":5,"421":14,"422":11,"423":4,"424":7,"425":6,"426":5,"427":6,"428":14,"429":10,"430":9,"431":8,"432":18,"433":11,"434":4,"435":7,"436":8,"437":9,"438":15,"439":5,"440":9,"441":20,"442":15,"443":23,"444":8,"445":10,"446":10,"447":6,"448":8,"449":7,"450":10,"451":10,"452":8,"453":14,"454":13,"455":14,"456":6,"457":2,"458":8,"459":9,"460":8,"461":4,"462":5,"463":5,"464":8,"465":17,"466":12,"467":6,"468":6,"469":6,"470":2,"471":1,"472":3,"473":5,"474":4,"475":7,"476":8,"477":15,"478":13,"479":6,"480":5,"481":7,"482":9,"483":16,"484":12,"485":5,"486":6,"487":3,"488":12,"489":10,"490":11,"491":11,"492":7,"493":10,"494":14,"495":9,"496":9,"497":8,"498":8,"499":8,"500":8,"501":16,"502":12,"503":6,"504":13,"505":7,"506":13,"507":7,"508":9,"509":11,"510":10,"511":6,"512":7,"513":4,"514":7,"515":9,"516":3,"517":5,"518":7,"519":3,"520":3,"521":5,"522":6,"523":6,"524":9,"525":7,"526":6,"527":10,"528":5,"529":7,"530":7,"531":4,"532":10,"533":8,"534":6,"535":6,"536":8,"537":7,"538":10,"539":5,"540":3,"541":3,"542":5,"543":5,"544":4,"545":4,"546":5,"547":2,"548":1,"549":4,"550":3,"551":8,"552":7,"553":6,"554":2,"555":3,"556":2,"557":4,"558":5,"559":3,"560":4,"561":4,"562":1,"563":9,"564":5,"565":2,"566":3,"567":7,"568":4,"569":6,"570":3,"571":4,"572":3,"573":5,"574":7,"575":5,"576":3,"577":3,"578":2,"579":2,"580":3,"581":7,"582":3,"583":2,"584":6,"585":5,"586":2,"587":2,"588":5,"589":1,"590":4,"591":3,"593":3,"594":1,"595":3,"596":2,"597":6,"598":3,"599":2,"600":1,"601":4,"602":1,"603":2,"604":3,"605":1,"606":2,"607":2,"608":2,"609":3,"610":1,"611":2,"613":2,"614":1,"615":1,"616":1,"620":1,"623":1,"626":1,"634":1,"643":1,"644":1,"645":2,"646":1,"648":2,"649":2,"650":2,"652":2,"653":2,"654":2,"655":4,"656":3,"657":3,"658":5,"659":3,"660":4,"661":4,"662":4,"663":2,"664":4,"665":4,"666":3,"667":4,"668":4,"669":5,"670":3,"671":6,"672":3,"673":3,"674":5,"675":2,"676":5,"677":3,"678":5,"679":3,"680":1,"681":3,"682":3,"683":2,"684":4,"685":4,"686":2,"687":1,"688":3,"689":3,"690":1,"691":2,"692":2,"693":2,"694":3,"695":3,"696":5,"697":1,"698":3,"699":3,"700":4,"701":3,"702":1,"703":1,"704":2,"705":3,"706":2,"707":1,"708":3,"709":2,"710":2,"711":1,"712":1,"713":3,"715":3,"716":1,"717":1,"718":1,"719":1,"720":3,"721":2,"722":1,"723":2,"724":1,"725":2,"726":1,"727":1,"728":2,"729":2,"730":2,"731":1,"732":2,"733":2,"734":2,"736":1,"737":2,"738":3,"739":3,"740":4,"741":3,"742":3,"743":5,"744":5,"745":4,"746":3,"747":3,"748":2,"749":2,"750":1,"751":1,"754":1,"1204":1,"1422":1,"1685":1},"nonfork_created":45000,"nonfork_confirmed":45000,"nonfork_histogram_ms":{"42":3,"43":7,"44":8,"45":11,"46":14,"47":9,"48":19,"49":15,"50":25,"51":28,"52":23,"53":29,"54":37,"55":35,"56":41,"57":53,"58":47,"59":69,"60":85,"61":81,"62":99,"63":120,"64":111,"65":137,"66":127,"67":138,"68":150,"69":157,"70":190,"71":228,"72":242,"73":254,"74":293,"75":285,"76":305,"77":346,"78":354,"79":401,"80":419,"81":486,"82":504,"83":512,"84":556,"85":581,"86":619,"87":646,"88":654,"89":734,"90":716,"91":760,"92":784,"93":804,"94":748,"95":801,"96":777,"97":790,"98":860,"99":848,"100":869,"101":795,"102":824,"103":781,"104":829,"105":842,"106":800,"107":775,"108":781,"109":791,"110":722,"111":666,"112":615,"113":598,"114":553,"115":502,"116":476,"117":463,"118":411,"119":384,"120":414,"121":342,"122":311,"123":261,"124":243,"125":224,"126":177,"127":186,"128":155,"129":125,"130":118,"131":91,"132":110,"133":91,"134":70,"135":59,"136":68,"137":65,"138":89,"139":80,"140":62,"141":44,"142":61,"143":54,"144":71,"145":66,"146":50,"147":51,"148":49,"149":64,"150":42,"151":65,"152":43,"153":61,"154":53,"155":60,"156":39,"157":39,"158":37,"159":54,"160":70,"161":76,"162":57,"163":67,"164":65,"165":48,"166":53,"167":42,"168":34,"169":38,"170":41,"171":47,"172":46,"173":53,"174":59,"175":66,"176":51,"177":63,"178":64,"179":61,"180":54,"181":52,"182":50,"183":62,"184":78,"185":57,"186":66,"187":53,"188":47,"189":51,"190":54,"191":58,"192":62,"193":54,"194":59,"195":77,"196":60,"197":78,"198":84,"199":86,"200":73,"201":61,"202":51,"203":38,"204":39,"205":42,"206":43,"207":31,"208":42,"209":49,"210":49,"211":38,"212":44,"213":47,"214":40,"215":66,"216":83,"217":64,"218":81,"219":61,"220":45,"221":55,"222":55,"223":46,"224":55,"225":46,"226":28,"227":37,"228":31,"229":38,"230":34,"231":42,"232":55,"233":58,"234":44,"235":51,"236":46,"237":43,"238":47,"239":37,"240":52,"241":30,"242":19,"243":21,"244":32,"245":35,"246":30,"247":31,"248":21,"249":25,"250":30,"251":25,"252":22,"253":37,"254":24,"255":26,"256":23,"257":29,"258":26,"259":25,"260":23,"261":16,"262":15,"263":22,"264":28,"265":27,"266":30,"267":25,"268":26,"269":24,"270":24,"271":13,"272":18,"273":19,"274":15,"275":13,"276":14,"277":16,"278":12,"279":9,"280":15,"281":19,"282":19,"283":28,"284":29,"285":29,"286":27,"287":23,"288":24,"289":33,"290":41,"291":48,"292":43,"293":53,"294":65,"295":47,"296":53,"297":35,"298":30,"299":25,"300":34,"301":13,"302":23,"303":30,"304":26,"305":20,"306":24,"307":20,"308":29,"309":23,"310":38,"311":19,"312":20,"313":13,"314":15,"315":18,"316":19,"317":23,"318":29,"319":27,"320":28,"321":29,"322":18,"323":13,"324":16,"325":12,"326":6,"327":10,"328":6,"329":12,"330":6,"331":10,"332":12,"333":11,"334":4,"335":13,"336":5,"337":10,"338":17,"339":9,"340":10,"341":9,"342":12,"343":9,"344":8,"345":10,"346":16,"347":13,"348":14,"349":13,"350":12,"351":17,"352":15,"353":12,"354":19,"355":29,"356":14,"357":9,"358":8,"359":10,"360":10,"361":10,"362":13,"363":11,"364":11,"365":4,"366":6,"367":11,"368":12,"369":11,"370":15,"371":12,"372":8,"373":15,"374":11,"375":12,"376":11,"377":12,"378":15,"379":6,"380":7,"381":16,"382":13,"383":17,"384":15,"385":12,"386":9,"387":7,"388":15,"389":13,"390":14,"391":11,"392":10,"393":5,"394":7,"395":16,"396":8,"397":10,"398":7,"399":6,"400":8,"401":7,"402":6,"403":7,"404":6,"405":7,"406":8,"407":5,"408":2,"409":6,"410":7,"411":5,"412":5,"413":5,"414":7,"415":10,"416":22,"417":13,"418":6,"419":8,"420":5,"421":14,"422":11,"423":4,"424":7,"425":6,"426":5,"427":6,"428":14,"429":10,"430":9,"431":8,"432":18,"433":11,"434":4,"435":7,"436":8,"437":9,"438":15,"439":5,"440":9,"441":20,"442":15,"443":23,"444":8,"445":10,"446":10,"447":6,"448":8,"449":7,"450":10,"451":10,"452":8,"453":14,"454":13,"455":14,"456":6,"457":2,"458":8,"459":9,"460":8,"461":4,"462":5,"463":5,"464":8,"465":17,"466":12,"467":6,"468":6,"469":6,"470":2,"471":1,"472":3,"473":5,"474":4,"475":7,"476":8,"477":15,"478":13,"479":6,"480":5,"481":7,"482":9,"483":16,"484":12,"485":5,"486":6,"487":3,"488":12,"489":10,"490":11,"491":11,"492":7,"493":10,"494":14,"495":9,"496":9,"497":8,"498":8,"499":8,"500":8,"501":16,"502":12,"503":6,"504":13,"505":7,"506":13,"507":7,"508":9,"509":11,"510":10,"511":6,"512":7,"513":4,"514":7,"515":9,"516":3,"517":5,"518":7,"519":3,"520":3,"521":5,"522":6,"523":6,"524":9,"525":7,"526":6,"527":10,"528":5,"529":7,"530":7,"531":4,"532":10,"533":8,"534":6,"535":6,"536":8,"537":7,"538":10,"539":5,"540":3,"541":3,"542":5,"543":5,"544":4,"545":4,"546":5,"547":2,"548":1,"549":4,"550":3,"551":8,"552":7,"553":6,"554":2,"555":3,"556":2,"557":4,"558":5,"559":3,"560":4,"561":4,"562":1,"563":9,"564":5,"565":2,"566":3,"567":7,"568":4,"569":6,"570":3,"571":4,"572":3,"573":5,"574":7,"575":5,"576":3,"577":3,"578":2,"579":2,"580":3,"581":7,"582":3,"583":2,"584":6,"585":5,"586":2,"587":2,"588":5,"589":1,"590":4,"591":3,"593":3,"594":1,"595":3,"596":2,"597":6,"598":3,"599":2,"600":1,"601":4,"602":1,"603":2,"604":3,"605":1,"606":2,"607":2,"608":2,"609":3,"610":1,"611":2,"613":2,"614":1,"615":1,"616":1,"620":1,"623":1,"626":1,"634":1,"643":1,"644":1,"645":2,"646":1,"648":2,"649":2,"650":2,"652":2,"653":2,"654":2,"655":4,"656":3,"657":3,"658":5,"659":3,"660":4,"661":4,"662":4,"663":2,"664":4,"665":4,"666":3,"667":4,"668":4,"669":5,"670":3,"671":6,"672":3,"673":3,"674":5,"675":2,"676":5,"677":3,"678":5,"679":3,"680":1,"681":3,"682":3,"683":2,"684":4,"685":4,"686":2,"687":1,"688":3,"689":3,"690":1,"691":2,"692":2,"693":2,"694":3,"695":3,"696":5,"697":1,"698":3,"699":3,"700":4,"701":3,"702":1,"703":1,"704":2,"705":3,"706":2,"707":1,"708":3,"709":2,"710":2,"711":1,"712":1,"713":3,"715":3,"716":1,"717":1,"718":1,"719":1,"720":3,"721":2,"722":1,"723":2,"724":1,"725":2,"726":1,"727":1,"728":2,"729":2,"730":2,"731":1,"732":2,"733":2,"734":2,"736":1,"737":2,"738":3,"739":3,"740":4,"741":3,"742":3,"743":5,"744":5,"745":4,"746":3,"747":3,"748":2,"749":2,"750":1,"751":1,"754":1,"1204":1,"1422":1,"1685":1},"fork_created":0,"fork_confirmed":0,"fork_unresolved_at_end":0}
EPOCH_ENDED epoch=2 elections=22 active=0 t=1791451932499
EPOCH_ADVANCED epoch=3 elections=22 active=0 vote_records=531066 t=1791451932560
EPOCH_CLOSE_UNREADY epoch=2 short_of=reports usable=0 weight=0 required=5 held=0 theirs=[] t=1791451932566
EPOCH_ENDED epoch=2 elections=22 active=0 t=1791451932593
EPOCH_ENDED epoch=2 elections=22 active=0 t=1791451932602
EPOCH_REPORT epoch=2 certified=45065 residual=0 root=86F0E329AEA54CE24DB4D95CFA41D0CFEA06F04ABCE5C7633431A393470D5242 reports=1 t=1791451932636
EPOCH_ENDED epoch=2 elections=22 active=0 t=1791451932641
EPOCH_ADVANCED epoch=3 elections=22 active=0 vote_records=531061 t=1791451932642
EPOCH_ADVANCED epoch=3 elections=22 active=0 vote_records=531069 t=1791451932653
EPOCH_ENDED epoch=2 elections=22 active=0 t=1791451932679
EPOCH_ENDED epoch=2 elections=22 active=0 t=1791451932696
EPOCH_ADVANCED epoch=3 elections=22 active=0 vote_records=531068 t=1791451932697
EPOCH_RECONCILED epoch=2 reporter=D315857CE70C54DE713F6E82E5613BB3A1266C15E28AD2F4338C7BBEC456F532 complete=true entries=0 total=45065 symbols=0 dropped=false t=1791451932717
EPOCH_RECONCILED epoch=2 reporter=D315857CE70C54DE713F6E82E5613BB3A1266C15E28AD2F4338C7BBEC456F532 complete=true entries=0 total=45065 symbols=0 dropped=false t=1791451932729
EPOCH_REPORT epoch=2 certified=45065 residual=0 root=86F0E329AEA54CE24DB4D95CFA41D0CFEA06F04ABCE5C7633431A393470D5242 reports=1 t=1791451932734
EPOCH_ADVANCED epoch=3 elections=22 active=0 vote_records=531067 t=1791451932743
EPOCH_REPORT epoch=2 certified=45065 residual=0 root=86F0E329AEA54CE24DB4D95CFA41D0CFEA06F04ABCE5C7633431A393470D5242 reports=1 t=1791451932747
EPOCH_CLOSE_UNREADY epoch=2 short_of=reports usable=2 weight=2 required=5 held=2 theirs=["65A90023:86F0E329:D7A011D4", "D315857C:86F0E329:D7A011D4"] t=1791451932755
EPOCH_ADVANCED epoch=3 elections=22 active=0 vote_records=531068 t=1791451932767
EPOCH_CLOSE_UNREADY epoch=2 short_of=reports usable=2 weight=2 required=5 held=2 theirs=["735FE217:86F0E329:D7A011D4", "D315857C:86F0E329:D7A011D4"] t=1791451932768
EPOCH_RECONCILED epoch=2 reporter=D315857CE70C54DE713F6E82E5613BB3A1266C15E28AD2F4338C7BBEC456F532 complete=true entries=0 total=45065 symbols=0 dropped=false t=1791451932792
EPOCH_REPORT epoch=2 certified=45065 residual=0 root=86F0E329AEA54CE24DB4D95CFA41D0CFEA06F04ABCE5C7633431A393470D5242 reports=1 t=1791451932814
EPOCH_RECONCILED epoch=2 reporter=D315857CE70C54DE713F6E82E5613BB3A1266C15E28AD2F4338C7BBEC456F532 complete=true entries=0 total=45065 symbols=0 dropped=false t=1791451932817
EPOCH_REPORT epoch=2 certified=45065 residual=0 root=86F0E329AEA54CE24DB4D95CFA41D0CFEA06F04ABCE5C7633431A393470D5242 reports=1 t=1791451932831
EPOCH_RECONCILED epoch=2 reporter=735FE217D91E88EA82324C5883296385FA0041C2FAC85C827BAA46DA1E14B83F complete=true entries=0 total=45065 symbols=0 dropped=false t=1791451932833
EPOCH_CLOSE_UNREADY epoch=2 short_of=reports usable=2 weight=2 required=5 held=4 theirs=["A353E45E:86F0E329:D7A011D4", "65A90023:86F0E329:D7A011D4", "D315857C:86F0E329:D7A011D4", "735FE217:86F0E329:D7A011D4"] t=1791451932833
EPOCH_RECONCILED epoch=2 reporter=D315857CE70C54DE713F6E82E5613BB3A1266C15E28AD2F4338C7BBEC456F532 complete=true entries=0 total=45065 symbols=0 dropped=false t=1791451932848
EPOCH_RECONCILED epoch=2 reporter=65A90023F6C0D2181AAA63F005D81BBC0C04650505E21D5123F9AE1F9E992BFF complete=true entries=0 total=45065 symbols=0 dropped=false t=1791451932851
EPOCH_RECONCILED epoch=2 reporter=735FE217D91E88EA82324C5883296385FA0041C2FAC85C827BAA46DA1E14B83F complete=true entries=0 total=45065 symbols=0 dropped=false t=1791451932862
EPOCH_RECONCILED epoch=2 reporter=65A90023F6C0D2181AAA63F005D81BBC0C04650505E21D5123F9AE1F9E992BFF complete=true entries=0 total=45065 symbols=0 dropped=false t=1791451932863
EPOCH_REPORT epoch=2 certified=45065 residual=0 root=86F0E329AEA54CE24DB4D95CFA41D0CFEA06F04ABCE5C7633431A393470D5242 reports=1 t=1791451932864
EPOCH_RECONCILED epoch=2 reporter=735FE217D91E88EA82324C5883296385FA0041C2FAC85C827BAA46DA1E14B83F complete=true entries=0 total=45065 symbols=0 dropped=false t=1791451932866
EPOCH_CLOSE_UNREADY epoch=2 short_of=reports usable=3 weight=3 required=5 held=5 theirs=["735FE217:86F0E329:D7A011D4", "911999B2:86F0E329:D7A011D4", "D315857C:86F0E329:D7A011D4", "633D9D61:86F0E329:D7A011D4", "65A90023:86F0E329:D7A011D4"] t=1791451932873
EPOCH_CLOSE_UNREADY epoch=2 short_of=reports usable=4 weight=4 required=5 held=5 theirs=["65A90023:86F0E329:D7A011D4", "A353E45E:86F0E329:D7A011D4", "735FE217:86F0E329:D7A011D4", "D315857C:86F0E329:D7A011D4", "911999B2:86F0E329:D7A011D4"] t=1791451932910
EPOCH_RECONCILED epoch=2 reporter=65A90023F6C0D2181AAA63F005D81BBC0C04650505E21D5123F9AE1F9E992BFF complete=true entries=0 total=45065 symbols=0 dropped=false t=1791451932936
EPOCH_RECONCILED epoch=2 reporter=A353E45E6D0016CAEED0DFA4EC5B0640E2AA22A793F9F2375E77F1AB92977C04 complete=true entries=0 total=45065 symbols=0 dropped=false t=1791451932939
EPOCH_RECONCILED epoch=2 reporter=633D9D614858AB1710D5D8C3180E2A082DC97208BA8C26BA6C6D1A86C8E31CC0 complete=true entries=0 total=45065 symbols=0 dropped=false t=1791451932941
EPOCH_RECONCILED epoch=2 reporter=911999B2AEFA7ACC66EBD802B3301FF6CE431405107749D940277955CB7FDD07 complete=true entries=0 total=45065 symbols=0 dropped=false t=1791451932943
EPOCH_RECONCILED epoch=2 reporter=633D9D614858AB1710D5D8C3180E2A082DC97208BA8C26BA6C6D1A86C8E31CC0 complete=true entries=0 total=45065 symbols=0 dropped=false t=1791451932954
EPOCH_RECONCILED epoch=2 reporter=911999B2AEFA7ACC66EBD802B3301FF6CE431405107749D940277955CB7FDD07 complete=true entries=0 total=45065 symbols=0 dropped=false t=1791451932957
EPOCH_RECONCILED epoch=2 reporter=A353E45E6D0016CAEED0DFA4EC5B0640E2AA22A793F9F2375E77F1AB92977C04 complete=true entries=0 total=45065 symbols=0 dropped=false t=1791451932960
EPOCH_RECONCILED epoch=2 reporter=735FE217D91E88EA82324C5883296385FA0041C2FAC85C827BAA46DA1E14B83F complete=true entries=0 total=45065 symbols=0 dropped=false t=1791451932962
EPOCH_RECONCILED epoch=2 reporter=A353E45E6D0016CAEED0DFA4EC5B0640E2AA22A793F9F2375E77F1AB92977C04 complete=true entries=0 total=45065 symbols=0 dropped=false t=1791451932991
EPOCH_RECONCILED epoch=2 reporter=65A90023F6C0D2181AAA63F005D81BBC0C04650505E21D5123F9AE1F9E992BFF complete=true entries=0 total=45065 symbols=0 dropped=false t=1791451932994
EPOCH_RECONCILED epoch=2 reporter=633D9D614858AB1710D5D8C3180E2A082DC97208BA8C26BA6C6D1A86C8E31CC0 complete=true entries=0 total=45065 symbols=0 dropped=false t=1791451932996
EPOCH_RECONCILED epoch=2 reporter=735FE217D91E88EA82324C5883296385FA0041C2FAC85C827BAA46DA1E14B83F complete=true entries=0 total=45065 symbols=0 dropped=false t=1791451932999
EPOCH_CLOSE_READY epoch=2 t=1791451933011
EPOCH_CLOSE_READY epoch=2 t=1791451933029
EPOCH_RECONCILED epoch=2 reporter=911999B2AEFA7ACC66EBD802B3301FF6CE431405107749D940277955CB7FDD07 complete=true entries=0 total=45065 symbols=0 dropped=false t=1791451933043
EPOCH_RECONCILED epoch=2 reporter=633D9D614858AB1710D5D8C3180E2A082DC97208BA8C26BA6C6D1A86C8E31CC0 complete=true entries=0 total=45065 symbols=0 dropped=false t=1791451933046
EPOCH_RECONCILED epoch=2 reporter=65A90023F6C0D2181AAA63F005D81BBC0C04650505E21D5123F9AE1F9E992BFF complete=true entries=0 total=45065 symbols=0 dropped=false t=1791451933049
EPOCH_RECONCILED epoch=2 reporter=A353E45E6D0016CAEED0DFA4EC5B0640E2AA22A793F9F2375E77F1AB92977C04 complete=true entries=0 total=45065 symbols=0 dropped=false t=1791451933052
EPOCH_RECONCILED epoch=2 reporter=911999B2AEFA7ACC66EBD802B3301FF6CE431405107749D940277955CB7FDD07 complete=true entries=0 total=45065 symbols=0 dropped=false t=1791451933055
EPOCH_CLOSE_READY epoch=2 t=1791451933076
EPOCH_CLOSE_READY epoch=2 t=1791451933090
EPOCH_CLOSE_READY epoch=2 t=1791451933101
EPOCH_RECONCILED epoch=2 reporter=911999B2AEFA7ACC66EBD802B3301FF6CE431405107749D940277955CB7FDD07 complete=true entries=0 total=45065 symbols=0 dropped=false t=1791451933159
EPOCH_RECONCILED epoch=2 reporter=A353E45E6D0016CAEED0DFA4EC5B0640E2AA22A793F9F2375E77F1AB92977C04 complete=true entries=0 total=45065 symbols=0 dropped=false t=1791451933161
EPOCH_RECONCILED epoch=2 reporter=633D9D614858AB1710D5D8C3180E2A082DC97208BA8C26BA6C6D1A86C8E31CC0 complete=true entries=0 total=45065 symbols=0 dropped=false t=1791451933163
EPOCH_PROPOSED epoch=2 round=0 value=DF064D15BF6106705B8561F21BB214E18F587B98536A6BB692285B56961A2F12 state=E9A47DFFA9F692CD80644B8416C6916E70FF52FA3C0A648926FE27B16B4146DA reports=5 t=1791451933195
EPOCH_VALUE epoch=2 value=DF064D15BF6106705B8561F21BB214E18F587B98536A6BB692285B56961A2F12 state=E9A47DFFA9F692CD80644B8416C6916E70FF52FA3C0A648926FE27B16B4146DA t=1791451933195
EPOCH_CLOSE_ROUND epoch=2 round=0 leader=735FE217D91E88EA82324C5883296385FA0041C2FAC85C827BAA46DA1E14B83F leads=true t=1791451933197
EPOCH_CLOSE_ROUND epoch=2 round=0 leader=735FE217D91E88EA82324C5883296385FA0041C2FAC85C827BAA46DA1E14B83F leads=false t=1791451933220
EPOCH_CLOSE_ROUND epoch=2 round=0 leader=735FE217D91E88EA82324C5883296385FA0041C2FAC85C827BAA46DA1E14B83F leads=false t=1791451933255
EPOCH_CLOSE_ROUND epoch=2 round=0 leader=735FE217D91E88EA82324C5883296385FA0041C2FAC85C827BAA46DA1E14B83F leads=false t=1791451933294
EPOCH_CLOSE_ROUND epoch=2 round=0 leader=735FE217D91E88EA82324C5883296385FA0041C2FAC85C827BAA46DA1E14B83F leads=false t=1791451933307
EPOCH_VALUE epoch=2 value=DF064D15BF6106705B8561F21BB214E18F587B98536A6BB692285B56961A2F12 state=E9A47DFFA9F692CD80644B8416C6916E70FF52FA3C0A648926FE27B16B4146DA t=1791451933415
EPOCH_VALUE epoch=2 value=DF064D15BF6106705B8561F21BB214E18F587B98536A6BB692285B56961A2F12 state=E9A47DFFA9F692CD80644B8416C6916E70FF52FA3C0A648926FE27B16B4146DA t=1791451933417
EPOCH_VALUE epoch=2 value=DF064D15BF6106705B8561F21BB214E18F587B98536A6BB692285B56961A2F12 state=E9A47DFFA9F692CD80644B8416C6916E70FF52FA3C0A648926FE27B16B4146DA t=1791451933420
EPOCH_VALUE epoch=2 value=DF064D15BF6106705B8561F21BB214E18F587B98536A6BB692285B56961A2F12 state=E9A47DFFA9F692CD80644B8416C6916E70FF52FA3C0A648926FE27B16B4146DA t=1791451933429
EPOCH_VALUE epoch=2 value=DF064D15BF6106705B8561F21BB214E18F587B98536A6BB692285B56961A2F12 state=E9A47DFFA9F692CD80644B8416C6916E70FF52FA3C0A648926FE27B16B4146DA t=1791451933439
EPOCH_CLOSE_ROUND epoch=2 round=1 leader=911999B2AEFA7ACC66EBD802B3301FF6CE431405107749D940277955CB7FDD07 leads=false t=1791451933499
EPOCH_INSTALL epoch=2 finalized=13817 instances_confirmed=22 t=1791451933551
EPOCH_INSTALL epoch=2 finalized=13817 instances_confirmed=22 t=1791451933553
EPOCH_INSTALL epoch=2 finalized=13817 instances_confirmed=22 t=1791451933564
EPOCH_INSTALL epoch=2 finalized=13817 instances_confirmed=22 t=1791451933569
EPOCH_INSTALL epoch=2 finalized=13817 instances_confirmed=22 t=1791451933575
EPOCH_INSTALL epoch=2 finalized=13817 instances_confirmed=22 t=1791451933590
EPOCH_COMMITTEE derived_by=2 members=6 accounts=17667 n=6 digest=95D409445152DD075E6A4799205DFA5689496EB8EE1A22AC2A200B9DBC2DCF27 shares=["65A90023:16.7%", "735FE217:16.7%", "D315857C:16.7%", "911999B2:16.7%", "633D9D61:16.7%", "A353E45E:16.7%"] t=1791451933595
EPOCH_CLOSED epoch=2 round=0 value=DF064D15BF6106705B8561F21BB214E18F587B98536A6BB692285B56961A2F12 state=E9A47DFFA9F692CD80644B8416C6916E70FF52FA3C0A648926FE27B16B4146DA t=1791451933595
EPOCH_COMMITTEE derived_by=2 members=6 accounts=17667 n=6 digest=95D409445152DD075E6A4799205DFA5689496EB8EE1A22AC2A200B9DBC2DCF27 shares=["65A90023:16.7%", "735FE217:16.7%", "D315857C:16.7%", "911999B2:16.7%", "633D9D61:16.7%", "A353E45E:16.7%"] t=1791451933595
EPOCH_CLOSED epoch=2 round=0 value=DF064D15BF6106705B8561F21BB214E18F587B98536A6BB692285B56961A2F12 state=E9A47DFFA9F692CD80644B8416C6916E70FF52FA3C0A648926FE27B16B4146DA t=1791451933595
EPOCH_COMMITTEE derived_by=2 members=6 accounts=17667 n=6 digest=95D409445152DD075E6A4799205DFA5689496EB8EE1A22AC2A200B9DBC2DCF27 shares=["65A90023:16.7%", "735FE217:16.7%", "D315857C:16.7%", "911999B2:16.7%", "633D9D61:16.7%", "A353E45E:16.7%"] t=1791451933596
EPOCH_CLOSED epoch=2 round=0 value=DF064D15BF6106705B8561F21BB214E18F587B98536A6BB692285B56961A2F12 state=E9A47DFFA9F692CD80644B8416C6916E70FF52FA3C0A648926FE27B16B4146DA t=1791451933596
EPOCH_COMMITTEE derived_by=2 members=6 accounts=17667 n=6 digest=95D409445152DD075E6A4799205DFA5689496EB8EE1A22AC2A200B9DBC2DCF27 shares=["65A90023:16.7%", "735FE217:16.7%", "D315857C:16.7%", "911999B2:16.7%", "633D9D61:16.7%", "A353E45E:16.7%"] t=1791451933614
EPOCH_CLOSED epoch=2 round=0 value=DF064D15BF6106705B8561F21BB214E18F587B98536A6BB692285B56961A2F12 state=E9A47DFFA9F692CD80644B8416C6916E70FF52FA3C0A648926FE27B16B4146DA t=1791451933614
EPOCH_COMMITTEE derived_by=2 members=6 accounts=17667 n=6 digest=95D409445152DD075E6A4799205DFA5689496EB8EE1A22AC2A200B9DBC2DCF27 shares=["65A90023:16.7%", "735FE217:16.7%", "D315857C:16.7%", "911999B2:16.7%", "633D9D61:16.7%", "A353E45E:16.7%"] t=1791451933615
EPOCH_CLOSED epoch=2 round=0 value=DF064D15BF6106705B8561F21BB214E18F587B98536A6BB692285B56961A2F12 state=E9A47DFFA9F692CD80644B8416C6916E70FF52FA3C0A648926FE27B16B4146DA t=1791451933615
EPOCH_COMMITTEE derived_by=2 members=6 accounts=17667 n=6 digest=95D409445152DD075E6A4799205DFA5689496EB8EE1A22AC2A200B9DBC2DCF27 shares=["65A90023:16.7%", "735FE217:16.7%", "D315857C:16.7%", "911999B2:16.7%", "633D9D61:16.7%", "A353E45E:16.7%"] t=1791451933622
EPOCH_CLOSED epoch=2 round=0 value=DF064D15BF6106705B8561F21BB214E18F587B98536A6BB692285B56961A2F12 state=E9A47DFFA9F692CD80644B8416C6916E70FF52FA3C0A648926FE27B16B4146DA t=1791451933622
EPOCH_INSTALLED epoch=2 finalized=13817 cemented=13817 queued=0 missing=0 t=1791451933695
EPOCH_INSTALLED epoch=2 finalized=13817 cemented=13817 queued=0 missing=0 t=1791451933695
EPOCH_INSTALLED epoch=2 finalized=13817 cemented=13817 queued=0 missing=0 t=1791451933704
EPOCH_EVIDENCE_RELEASED epoch=2 t=1791451933725
EPOCH_INSTALLED epoch=2 finalized=13817 cemented=13817 queued=0 missing=0 t=1791451933729
EPOCH_INSTALLED epoch=2 finalized=13817 cemented=13817 queued=0 missing=0 t=1791451933732
EPOCH_INSTALLED epoch=2 finalized=13817 cemented=13817 queued=0 missing=0 t=1791451933740
EPOCH_EVIDENCE_RELEASED epoch=2 t=1791451933759
EPOCH_EVIDENCE_RELEASED epoch=2 t=1791451933761
EPOCH_EVIDENCE_RELEASED epoch=2 t=1791451933773
EPOCH_EVIDENCE_RELEASED epoch=2 t=1791451933777
EPOCH_CLOSE_READY epoch=2 t=1791451933778
EPOCH_EVIDENCE_RELEASED epoch=2 t=1791451933789
