2026-10-07T18:23:17.072125Z  INFO nanospam::setup::account_map_factory: Creating account keys file with 45000 keys: "/var/folders/1y/px089b2s6f9d893xp1p4c7wh0000gn/T/rai-gate-b-r6b08vga/account_keys.txt"
2026-10-07T18:23:17.793976Z  INFO nanospam::setup::node_config_factory: ********************************************************************************
2026-10-07T18:23:17.793987Z  INFO nanospam::setup::node_config_factory: Setting up node PR0...
2026-10-07T18:23:17.793991Z  INFO nanospam::setup::node_config_factory: Creating directory "/var/folders/1y/px089b2s6f9d893xp1p4c7wh0000gn/T/rai-gate-b-r6b08vga/pr0"
2026-10-07T18:23:17.794075Z  INFO nanospam::setup::node_config_factory: Creating node config file: "/var/folders/1y/px089b2s6f9d893xp1p4c7wh0000gn/T/rai-gate-b-r6b08vga/pr0/config-node.toml"
2026-10-07T18:23:17.794198Z  INFO nanospam::setup::node_config_factory: Creating rpc config file: "/var/folders/1y/px089b2s6f9d893xp1p4c7wh0000gn/T/rai-gate-b-r6b08vga/pr0/config-rpc.toml"
2026-10-07T18:23:17.794270Z  INFO nanospam::setup::node_config_factory: ********************************************************************************
2026-10-07T18:23:17.794274Z  INFO nanospam::setup::node_config_factory: Setting up node PR1...
2026-10-07T18:23:17.794278Z  INFO nanospam::setup::node_config_factory: Creating directory "/var/folders/1y/px089b2s6f9d893xp1p4c7wh0000gn/T/rai-gate-b-r6b08vga/pr1"
2026-10-07T18:23:17.794332Z  INFO nanospam::setup::node_config_factory: Creating node config file: "/var/folders/1y/px089b2s6f9d893xp1p4c7wh0000gn/T/rai-gate-b-r6b08vga/pr1/config-node.toml"
2026-10-07T18:23:17.794408Z  INFO nanospam::setup::node_config_factory: Creating rpc config file: "/var/folders/1y/px089b2s6f9d893xp1p4c7wh0000gn/T/rai-gate-b-r6b08vga/pr1/config-rpc.toml"
2026-10-07T18:23:17.794476Z  INFO nanospam::setup::node_config_factory: ********************************************************************************
2026-10-07T18:23:17.794480Z  INFO nanospam::setup::node_config_factory: Setting up node PR2...
2026-10-07T18:23:17.794483Z  INFO nanospam::setup::node_config_factory: Creating directory "/var/folders/1y/px089b2s6f9d893xp1p4c7wh0000gn/T/rai-gate-b-r6b08vga/pr2"
2026-10-07T18:23:17.794534Z  INFO nanospam::setup::node_config_factory: Creating node config file: "/var/folders/1y/px089b2s6f9d893xp1p4c7wh0000gn/T/rai-gate-b-r6b08vga/pr2/config-node.toml"
2026-10-07T18:23:17.794606Z  INFO nanospam::setup::node_config_factory: Creating rpc config file: "/var/folders/1y/px089b2s6f9d893xp1p4c7wh0000gn/T/rai-gate-b-r6b08vga/pr2/config-rpc.toml"
2026-10-07T18:23:17.794675Z  INFO nanospam::setup::node_config_factory: ********************************************************************************
2026-10-07T18:23:17.794679Z  INFO nanospam::setup::node_config_factory: Setting up node PR3...
2026-10-07T18:23:17.794683Z  INFO nanospam::setup::node_config_factory: Creating directory "/var/folders/1y/px089b2s6f9d893xp1p4c7wh0000gn/T/rai-gate-b-r6b08vga/pr3"
2026-10-07T18:23:17.794723Z  INFO nanospam::setup::node_config_factory: Creating node config file: "/var/folders/1y/px089b2s6f9d893xp1p4c7wh0000gn/T/rai-gate-b-r6b08vga/pr3/config-node.toml"
2026-10-07T18:23:17.794795Z  INFO nanospam::setup::node_config_factory: Creating rpc config file: "/var/folders/1y/px089b2s6f9d893xp1p4c7wh0000gn/T/rai-gate-b-r6b08vga/pr3/config-rpc.toml"
2026-10-07T18:23:17.794865Z  INFO nanospam::setup::node_config_factory: ********************************************************************************
2026-10-07T18:23:17.794870Z  INFO nanospam::setup::node_config_factory: Setting up node PR4...
2026-10-07T18:23:17.794874Z  INFO nanospam::setup::node_config_factory: Creating directory "/var/folders/1y/px089b2s6f9d893xp1p4c7wh0000gn/T/rai-gate-b-r6b08vga/pr4"
2026-10-07T18:23:17.794921Z  INFO nanospam::setup::node_config_factory: Creating node config file: "/var/folders/1y/px089b2s6f9d893xp1p4c7wh0000gn/T/rai-gate-b-r6b08vga/pr4/config-node.toml"
2026-10-07T18:23:17.794997Z  INFO nanospam::setup::node_config_factory: Creating rpc config file: "/var/folders/1y/px089b2s6f9d893xp1p4c7wh0000gn/T/rai-gate-b-r6b08vga/pr4/config-rpc.toml"
2026-10-07T18:23:17.795106Z  INFO nanospam::setup::node_launcher: Starting node: NANO_TEST_GENESIS_BLOCK="{\n    \"type\": \"open\",\n    \"account\": \"nano_3nroioygg54nusrmyun4woimqex36sp3drnctdt5955uqu47fxbkrxk7n7ne\",\n    \"source\": \"D315857CE70C54DE713F6E82E5613BB3A1266C15E28AD2F4338C7BBEC456F532\",\n    \"representative\": \"nano_3nroioygg54nusrmyun4woimqex36sp3drnctdt5955uqu47fxbkrxk7n7ne\",\n    \"signature\": \"3F6792C2DC623DF2E8643777160AB983B66B337E2478E13D2C3448126A8F4CD8DCCD19803C158A057FA44060AE0EFC09B1C311CB4FBF42F8D240610B38F56E08\",\n    \"work\": \"70FEF01F7EC45DEC\"\n    }" NANO_TEST_GENESIS_PRV ="49643F9B10CA1AA34F9AF8ED4AABD29F436104CCC375974B108534A48EAE3FE1" "rsnano" "--network" "test" "--data-path" "/var/folders/1y/px089b2s6f9d893xp1p4c7wh0000gn/T/rai-gate-b-r6b08vga/pr0" "node" "run"
2026-10-07T18:23:17.795655Z  INFO nanospam::setup::node_launcher: Waiting for RPC...
2026-10-07T18:23:17.899877Z  INFO nanospam::setup::node_launcher: Starting node: NANO_TEST_GENESIS_BLOCK="{\n    \"type\": \"open\",\n    \"account\": \"nano_3nroioygg54nusrmyun4woimqex36sp3drnctdt5955uqu47fxbkrxk7n7ne\",\n    \"source\": \"D315857CE70C54DE713F6E82E5613BB3A1266C15E28AD2F4338C7BBEC456F532\",\n    \"representative\": \"nano_3nroioygg54nusrmyun4woimqex36sp3drnctdt5955uqu47fxbkrxk7n7ne\",\n    \"signature\": \"3F6792C2DC623DF2E8643777160AB983B66B337E2478E13D2C3448126A8F4CD8DCCD19803C158A057FA44060AE0EFC09B1C311CB4FBF42F8D240610B38F56E08\",\n    \"work\": \"70FEF01F7EC45DEC\"\n    }" NANO_TEST_GENESIS_PRV ="49643F9B10CA1AA34F9AF8ED4AABD29F436104CCC375974B108534A48EAE3FE1" "rsnano" "--network" "test" "--data-path" "/var/folders/1y/px089b2s6f9d893xp1p4c7wh0000gn/T/rai-gate-b-r6b08vga/pr1" "node" "run"
2026-10-07T18:23:17.900530Z  INFO nanospam::setup::node_launcher: Waiting for RPC...
2026-10-07T18:23:18.004569Z  INFO nanospam::setup::node_launcher: Starting node: NANO_TEST_GENESIS_BLOCK="{\n    \"type\": \"open\",\n    \"account\": \"nano_3nroioygg54nusrmyun4woimqex36sp3drnctdt5955uqu47fxbkrxk7n7ne\",\n    \"source\": \"D315857CE70C54DE713F6E82E5613BB3A1266C15E28AD2F4338C7BBEC456F532\",\n    \"representative\": \"nano_3nroioygg54nusrmyun4woimqex36sp3drnctdt5955uqu47fxbkrxk7n7ne\",\n    \"signature\": \"3F6792C2DC623DF2E8643777160AB983B66B337E2478E13D2C3448126A8F4CD8DCCD19803C158A057FA44060AE0EFC09B1C311CB4FBF42F8D240610B38F56E08\",\n    \"work\": \"70FEF01F7EC45DEC\"\n    }" NANO_TEST_GENESIS_PRV ="49643F9B10CA1AA34F9AF8ED4AABD29F436104CCC375974B108534A48EAE3FE1" "rsnano" "--network" "test" "--data-path" "/var/folders/1y/px089b2s6f9d893xp1p4c7wh0000gn/T/rai-gate-b-r6b08vga/pr2" "node" "run"
2026-10-07T18:23:18.005475Z  INFO nanospam::setup::node_launcher: Waiting for RPC...
2026-10-07T18:23:18.109938Z  INFO nanospam::setup::node_launcher: Starting node: NANO_TEST_GENESIS_BLOCK="{\n    \"type\": \"open\",\n    \"account\": \"nano_3nroioygg54nusrmyun4woimqex36sp3drnctdt5955uqu47fxbkrxk7n7ne\",\n    \"source\": \"D315857CE70C54DE713F6E82E5613BB3A1266C15E28AD2F4338C7BBEC456F532\",\n    \"representative\": \"nano_3nroioygg54nusrmyun4woimqex36sp3drnctdt5955uqu47fxbkrxk7n7ne\",\n    \"signature\": \"3F6792C2DC623DF2E8643777160AB983B66B337E2478E13D2C3448126A8F4CD8DCCD19803C158A057FA44060AE0EFC09B1C311CB4FBF42F8D240610B38F56E08\",\n    \"work\": \"70FEF01F7EC45DEC\"\n    }" NANO_TEST_GENESIS_PRV ="49643F9B10CA1AA34F9AF8ED4AABD29F436104CCC375974B108534A48EAE3FE1" "rsnano" "--network" "test" "--data-path" "/var/folders/1y/px089b2s6f9d893xp1p4c7wh0000gn/T/rai-gate-b-r6b08vga/pr3" "node" "run"
2026-10-07T18:23:18.110950Z  INFO nanospam::setup::node_launcher: Waiting for RPC...
2026-10-07T18:23:18.215397Z  INFO nanospam::setup::node_launcher: Starting node: NANO_TEST_GENESIS_BLOCK="{\n    \"type\": \"open\",\n    \"account\": \"nano_3nroioygg54nusrmyun4woimqex36sp3drnctdt5955uqu47fxbkrxk7n7ne\",\n    \"source\": \"D315857CE70C54DE713F6E82E5613BB3A1266C15E28AD2F4338C7BBEC456F532\",\n    \"representative\": \"nano_3nroioygg54nusrmyun4woimqex36sp3drnctdt5955uqu47fxbkrxk7n7ne\",\n    \"signature\": \"3F6792C2DC623DF2E8643777160AB983B66B337E2478E13D2C3448126A8F4CD8DCCD19803C158A057FA44060AE0EFC09B1C311CB4FBF42F8D240610B38F56E08\",\n    \"work\": \"70FEF01F7EC45DEC\"\n    }" NANO_TEST_GENESIS_PRV ="49643F9B10CA1AA34F9AF8ED4AABD29F436104CCC375974B108534A48EAE3FE1" "rsnano" "--network" "test" "--data-path" "/var/folders/1y/px089b2s6f9d893xp1p4c7wh0000gn/T/rai-gate-b-r6b08vga/pr4" "node" "run"
2026-10-07T18:23:18.216456Z  INFO nanospam::setup::node_launcher: Waiting for RPC...
2026-10-07T18:23:18.320627Z  INFO nanospam::wallets_factory: Creating wallet...
2026-10-07T18:23:18.398121Z  INFO nanospam::wallets_factory: Setting default representative...
2026-10-07T18:23:18.398420Z  INFO nanospam::wallets_factory: Creating wallet...
2026-10-07T18:23:18.442386Z  INFO nanospam::wallets_factory: Setting default representative...
2026-10-07T18:23:18.442604Z  INFO nanospam::wallets_factory: Sending Ӿ56,547,061 to PR1 wallet nano_3atmwjh8t11psdqf3qx6xjfiei94oajch6zsyauowxzjogbbgz168g5mp8f1 ...
2026-10-07T18:23:18.442950Z  INFO nanospam::wallets_factory: Waiting for confirmation for 70B574FB519B8DEA27D8F4952C2E7B0378B009608D6FC967984D3C83440C9C3D
2026-10-07T18:23:33.562244Z  INFO nanospam::wallets_factory: Receiving...
2026-10-07T18:23:33.564285Z  INFO nanospam::wallets_factory: Waiting for confirmation for 011C6AC2721054F46B03A50885AF48083A4A685154A55D85116DBCE413673F86
2026-10-07T18:23:33.668886Z  INFO nanospam::wallets_factory: DONE
2026-10-07T18:23:33.669006Z  INFO nanospam::wallets_factory: ********************************************************************************
2026-10-07T18:23:33.669044Z  INFO nanospam::wallets_factory: Creating wallet...
2026-10-07T18:23:33.748551Z  INFO nanospam::wallets_factory: Setting default representative...
2026-10-07T18:23:33.748944Z  INFO nanospam::wallets_factory: Sending Ӿ56,547,061 to PR2 wallet nano_36asm8scxymtsjmgqp14per3zxpgaec1c65qb9en1buscq7qzqa93tfyyzs3 ...
2026-10-07T18:23:33.749395Z  INFO nanospam::wallets_factory: Waiting for confirmation for 76B3937072C015B69E45D5458B47CF52A54A38F8ED441B0E21561A3048243E90
2026-10-07T18:23:33.956611Z  INFO nanospam::wallets_factory: Receiving...
2026-10-07T18:23:33.958097Z  INFO nanospam::wallets_factory: Waiting for confirmation for 402DCF4725254BECF5C5CB5F707C169725EE114819D289F8A5477C2FFF19BDC0
2026-10-07T18:23:34.164572Z  INFO nanospam::wallets_factory: DONE
2026-10-07T18:23:34.164662Z  INFO nanospam::wallets_factory: ********************************************************************************
2026-10-07T18:23:34.164687Z  INFO nanospam::wallets_factory: Creating wallet...
2026-10-07T18:23:34.244085Z  INFO nanospam::wallets_factory: Setting default representative...
2026-10-07T18:23:34.244479Z  INFO nanospam::wallets_factory: Sending Ӿ56,547,061 to PR3 wallet nano_1sfb11jzfi8k51fcnrzi1qe3qh1e1jkic3h45oak9yfg5yhbkczzxfwtat7m ...
2026-10-07T18:23:34.244885Z  INFO nanospam::wallets_factory: Waiting for confirmation for FF4589BE1759B38CC94ABA0AE4FE6644845FE957C02EA9CEA669A28C8D1ADE97
2026-10-07T18:23:49.460151Z  INFO nanospam::wallets_factory: Receiving...
2026-10-07T18:23:49.462926Z  INFO nanospam::wallets_factory: Waiting for confirmation for 1210B877FF188F4FF352C0EDE856AA702A1D6763EFA96EA84BB10519898BE6D0
2026-10-07T18:23:49.567501Z  INFO nanospam::wallets_factory: DONE
2026-10-07T18:23:49.567678Z  INFO nanospam::wallets_factory: ********************************************************************************
2026-10-07T18:23:49.567706Z  INFO nanospam::wallets_factory: Creating wallet...
2026-10-07T18:23:49.646160Z  INFO nanospam::wallets_factory: Setting default representative...
2026-10-07T18:23:49.646567Z  INFO nanospam::wallets_factory: Sending Ӿ56,547,061 to PR4 wallet nano_1rsxmoinip7d4wafdp855194n43fs7s1jgne6tx8ruatiu6g89815pddzijp ...
2026-10-07T18:23:49.647088Z  INFO nanospam::wallets_factory: Waiting for confirmation for 23D89F3531AC5EE2378D3606C70B24D2A7B9016B8ADB1A970E6B1D9E7576186D
2026-10-07T18:23:49.854894Z  INFO nanospam::wallets_factory: Receiving...
2026-10-07T18:23:49.857302Z  INFO nanospam::wallets_factory: Waiting for confirmation for 8D401F6072C9B3A9EFBA68DA33CC97FF1D15EEB9F09CE4731C1A7614578C3E56
2026-10-07T18:23:50.065552Z  INFO nanospam::wallets_factory: DONE
2026-10-07T18:23:50.065644Z  INFO nanospam::wallets_factory: ********************************************************************************
2026-10-07T18:23:50.065784Z  INFO nanospam::wallets_factory: Sending Ӿ56,547,061 to PR5 (no node) nano_1wtzwadxk9naxc356m4rienp93ht131w7ypadk39qck8uah3bg3zohsmj9th ...
2026-10-07T18:23:50.067363Z  INFO nanospam::wallets_factory: Waiting for confirmation for A5666BC59C8DD98A7E52D6F61006629E4EDB37063C12A73BFB41D35538B371CA
2026-10-07T18:24:05.281106Z  INFO nanospam::wallets_factory: Waiting for confirmation for 49EEF9EFFD843E7FE6FB8D0DE0A19E8B88DBE91F26F5FDDB0E8862DEF7553864
2026-10-07T18:24:05.490199Z  INFO nanospam::wallets_factory: DONE
2026-10-07T18:24:05.490345Z  INFO nanospam::wallets_factory: Sending initial spam amount...
2026-10-07T18:24:05.491445Z  INFO nanospam::wallets_factory: Waiting for confirmation for D146FB3B3DAC7297A72583789422572FC607462D1FAA97C4D87EEDE3B5F07CD4
2026-10-07T18:24:05.698400Z  INFO nanospam::wallets_factory: Receiving initial spam amount...
2026-10-07T18:24:05.699899Z  INFO nanospam::wallets_factory: Waiting for confirmation for 638A86C2F30B36BFE72ED20A961B295E2AA305A7453AFE538B871704E077679A
2026-10-07T18:24:05.805233Z  INFO nanospam::wallets_factory: Seeding Ӿ142,857 to nano_1m7wz39xb78schthjnrakurzuw4txjs4y7f86heus83zyu8bjx6yff5o39nt for representative D315857CE70C54DE713F6E82E5613BB3A1266C15E28AD2F4338C7BBEC456F532
2026-10-07T18:24:05.807103Z  INFO nanospam::wallets_factory: Waiting for confirmation for 2E7118EA030757440742DBD35481A9FF235DCD54D83F07F41EFAF377E9A7866B
2026-10-07T18:24:06.016074Z  INFO nanospam::wallets_factory: Waiting for confirmation for CF2722F2634650EC0A85DCBC00EE2B76CB0589612CC8A6C69C081AAD7AB1209D
2026-10-07T18:24:06.225212Z  INFO nanospam::wallets_factory: Seeding Ӿ142,857 to nano_19ebtg6gz3odjcfymjq11hupfi1i4joh3gfohef6wh4bptckjt5oxi9f8deq for representative A353E45E6D0016CAEED0DFA4EC5B0640E2AA22A793F9F2375E77F1AB92977C04
2026-10-07T18:24:06.226913Z  INFO nanospam::wallets_factory: Waiting for confirmation for 2DBCF3D9C08557272F910613170C5FA237FB410C9FF5D0D54EF8C56556786010
2026-10-07T18:24:06.438596Z  INFO nanospam::wallets_factory: Waiting for confirmation for 3696C42A438DDCB91993A05B3C0D3A2CA121212BCDE5FDCC6BA1CF8BE75F2F95
2026-10-07T18:24:06.648378Z  INFO nanospam::wallets_factory: Seeding Ӿ142,857 to nano_13n8cisooxnyntrbtutmy5n6g37y6fnyetoni3gp34z7dtie4k7gjmd19fyk for representative 911999B2AEFA7ACC66EBD802B3301FF6CE431405107749D940277955CB7FDD07
2026-10-07T18:24:06.649738Z  INFO nanospam::wallets_factory: Waiting for confirmation for A015338A0D8990F2FA095F55192F65407A7A7058396F11B8FE285785C74698E7
2026-10-07T18:24:06.756056Z  INFO nanospam::wallets_factory: Waiting for confirmation for 7AC0738DE93F3F5A853DBD92F54D0D12C2802AA61BF1679E5F14E00DC9F21787
2026-10-07T18:24:06.963854Z  INFO nanospam::wallets_factory: Seeding Ӿ142,857 to nano_1xym1r88ufrp1rr9qyue7wi8owia8b71bz3yjtnqufothmkh93g5187simn3 for representative 65A90023F6C0D2181AAA63F005D81BBC0C04650505E21D5123F9AE1F9E992BFF
2026-10-07T18:24:06.964872Z  INFO nanospam::wallets_factory: Waiting for confirmation for 50D4ABA3793CE5838D96D460BC7A198B9F3B1FD3F7A69663620DF80302851B90
2026-10-07T18:24:07.071048Z  INFO nanospam::wallets_factory: Waiting for confirmation for 0F2526725B82C70F63051BB9128EAD0990284C925C49EB1541A0F77F44FC12A1
2026-10-07T18:24:07.280515Z  INFO nanospam::wallets_factory: Seeding Ӿ142,857 to nano_1a3ywf76ubqxrjqn3p3xfzpwdqyxyh94pjnzcfhzpbkh986wbca4tsbuoib1 for representative 633D9D614858AB1710D5D8C3180E2A082DC97208BA8C26BA6C6D1A86C8E31CC0
2026-10-07T18:24:07.281930Z  INFO nanospam::wallets_factory: Waiting for confirmation for 0E7CF72D9280B9F8358F0A2FC875FF7844AF8EDC02729BB1BDF2D804FCA3F6DB
2026-10-07T18:24:07.388208Z  INFO nanospam::wallets_factory: Waiting for confirmation for C3E94E2403F66AE5E6A851EC86E8FE91FE15F2374FA43D63A178279880232BEC
2026-10-07T18:24:07.596580Z  INFO nanospam::wallets_factory: Seeding Ӿ142,857 to nano_3hfzqgrqjcqyhs67q4g6g5kt13f3r74qzfeku7c7zejnzudeqf63t6ec885u for representative 735FE217D91E88EA82324C5883296385FA0041C2FAC85C827BAA46DA1E14B83F
2026-10-07T18:24:07.598027Z  INFO nanospam::wallets_factory: Waiting for confirmation for C232596031A36EC3123D2B01C9CF0FABE59E12108B2A1A18F4D6B3D59211B480
2026-10-07T18:24:07.807392Z  INFO nanospam::wallets_factory: Waiting for confirmation for D9945E5CF54AE01133409CF74B9D4F0A448B1E9A53B2A7D1977B6CDC06AC1BC6
2026-10-07T18:24:07.913375Z  INFO nanospam::high_prio_check: Creating high priority accounts...
2026-10-07T18:24:07.940573Z  INFO nanospam::high_prio_check: Waiting for confirmations...
2026-10-07T18:24:10.112409Z  INFO nanospam::app: Waiting for all PRs to see the full quorum...
2026-10-07T18:24:10.114914Z  INFO nanospam::app: All PRs see the full quorum after 2.398792ms
2026-10-07T18:24:10.114973Z  INFO nanospam::app: Waiting for all PRs to hold the same cemented ledger...
2026-10-07T18:24:10.116120Z  INFO nanospam::app: All PRs hold the same ledger of 65 blocks after 1.126667ms
EPOCH_COMMITTEE derived_by=genesis members=6 accounts=33 n=6 digest=95D409445152DD075E6A4799205DFA5689496EB8EE1A22AC2A200B9DBC2DCF27 shares=["A353E45E:16.7%", "65A90023:16.7%", "D315857C:16.7%", "911999B2:16.7%", "633D9D61:16.7%", "735FE217:16.7%"] t=1791397450116
EPOCH_START epoch=0 elections=0 t=1791397450116
EPOCH_COMMITTEE derived_by=genesis members=6 accounts=33 n=6 digest=95D409445152DD075E6A4799205DFA5689496EB8EE1A22AC2A200B9DBC2DCF27 shares=["A353E45E:16.7%", "65A90023:16.7%", "D315857C:16.7%", "911999B2:16.7%", "633D9D61:16.7%", "735FE217:16.7%"] t=1791397450117
EPOCH_START epoch=0 elections=0 t=1791397450117
EPOCH_COMMITTEE derived_by=genesis members=6 accounts=33 n=6 digest=95D409445152DD075E6A4799205DFA5689496EB8EE1A22AC2A200B9DBC2DCF27 shares=["A353E45E:16.7%", "65A90023:16.7%", "D315857C:16.7%", "911999B2:16.7%", "633D9D61:16.7%", "735FE217:16.7%"] t=1791397450117
EPOCH_START epoch=0 elections=0 t=1791397450117
EPOCH_COMMITTEE derived_by=genesis members=6 accounts=33 n=6 digest=95D409445152DD075E6A4799205DFA5689496EB8EE1A22AC2A200B9DBC2DCF27 shares=["A353E45E:16.7%", "65A90023:16.7%", "D315857C:16.7%", "911999B2:16.7%", "633D9D61:16.7%", "735FE217:16.7%"] t=1791397450118
EPOCH_START epoch=0 elections=0 t=1791397450118
EPOCH_COMMITTEE derived_by=genesis members=6 accounts=33 n=6 digest=95D409445152DD075E6A4799205DFA5689496EB8EE1A22AC2A200B9DBC2DCF27 shares=["A353E45E:16.7%", "65A90023:16.7%", "D315857C:16.7%", "911999B2:16.7%", "633D9D61:16.7%", "735FE217:16.7%"] t=1791397450119
EPOCH_START epoch=0 elections=0 t=1791397450119
2026-10-07T18:24:10.119380Z  INFO nanospam::app: Started the epochs on every PR
2026-10-07T18:24:10.119402Z  INFO nanospam::app: Connecting to node PR0... peer_addr=[::1]:17075
2026-10-07T18:24:10.119849Z  INFO nanospam::app: Performing handshake...
2026-10-07T18:24:10.120550Z  INFO nanospam::app: Performing handshake...
2026-10-07T18:24:10.132851Z  INFO nanospam::app: Performing handshake...
2026-10-07T18:24:10.144915Z  INFO nanospam::app: Performing handshake...
2026-10-07T18:24:10.156813Z  INFO nanospam::app: Connecting to node PR1... peer_addr=[::1]:17085
2026-10-07T18:24:10.157160Z  INFO nanospam::app: Performing handshake...
2026-10-07T18:24:10.158073Z  INFO nanospam::app: Performing handshake...
2026-10-07T18:24:10.169885Z  INFO nanospam::app: Performing handshake...
2026-10-07T18:24:10.182031Z  INFO nanospam::app: Performing handshake...
2026-10-07T18:24:10.193240Z  INFO nanospam::app: Connecting to node PR2... peer_addr=[::1]:17095
2026-10-07T18:24:10.193637Z  INFO nanospam::app: Performing handshake...
2026-10-07T18:24:10.194531Z  INFO nanospam::app: Performing handshake...
2026-10-07T18:24:10.205924Z  INFO nanospam::app: Performing handshake...
2026-10-07T18:24:10.216904Z  INFO nanospam::app: Performing handshake...
2026-10-07T18:24:10.227889Z  INFO nanospam::app: Connecting to node PR3... peer_addr=[::1]:17105
2026-10-07T18:24:10.228140Z  INFO nanospam::app: Performing handshake...
2026-10-07T18:24:10.229115Z  INFO nanospam::app: Performing handshake...
2026-10-07T18:24:10.240689Z  INFO nanospam::app: Performing handshake...
2026-10-07T18:24:10.251899Z  INFO nanospam::app: Performing handshake...
2026-10-07T18:24:10.263040Z  INFO nanospam::app: Connecting to node PR4... peer_addr=[::1]:17115
2026-10-07T18:24:10.263307Z  INFO nanospam::app: Performing handshake...
2026-10-07T18:24:10.264194Z  INFO nanospam::app: Performing handshake...
2026-10-07T18:24:10.275420Z  INFO nanospam::app: Performing handshake...
2026-10-07T18:24:10.286696Z  INFO nanospam::app: Performing handshake...
2026-10-07T18:24:10.299089Z  INFO nanospam::app: Connecting to websocket...
2026-10-07T18:24:10.300007Z  INFO nanospam::app: Starting with 2000 BPS
2026-10-07T18:24:10.310161Z  INFO nanospam::byzantine: 1 Byzantine representative(s) voting at random into 5 node(s)
2026-10-07T18:24:11.302025Z  INFO nanospam::app: Confirmed 763 blocks | 2,000 bps | 850 cps | avg conf time: 98 ms
2026-10-07T18:24:12.302327Z  INFO nanospam::app: Confirmed 4,521 blocks | 2,000 bps | 3,755 cps | avg conf time: 136 ms
2026-10-07T18:24:13.303082Z  INFO nanospam::app: Confirmed 6,487 blocks | 2,000 bps | 1,964 cps | avg conf time: 113 ms
2026-10-07T18:24:14.304347Z  INFO nanospam::app: Confirmed 8,503 blocks | 2,000 bps | 2,013 cps | avg conf time: 111 ms
2026-10-07T18:24:15.305157Z  INFO nanospam::app: Confirmed 10,398 blocks | 2,000 bps | 1,893 cps | avg conf time: 108 ms
2026-10-07T18:24:16.306307Z  INFO nanospam::app: Confirmed 12,442 blocks | 2,000 bps | 2,041 cps | avg conf time: 107 ms
2026-10-07T18:24:17.307206Z  INFO nanospam::app: Confirmed 14,364 blocks | 2,000 bps | 1,920 cps | avg conf time: 112 ms
EPOCH_ENDED epoch=0 elections=203 active=201 t=1791397458116
EPOCH_ENDED epoch=0 elections=224 active=222 t=1791397458126
EPOCH_ENDED epoch=0 elections=224 active=222 t=1791397458126
EPOCH_ENDED epoch=0 elections=224 active=222 t=1791397458126
EPOCH_ENDED epoch=0 elections=224 active=222 t=1791397458126
EPOCH_CARRIED epoch=0 instances=37 t=1791397458143
EPOCH_ADVANCED epoch=1 elections=240 active=238 vote_records=159384 t=1791397458143
EPOCH_CLOSE_UNREADY epoch=0 short_of=reports usable=0 weight=0 required=5 held=0 theirs=[] t=1791397458148
EPOCH_CARRIED epoch=0 instances=24 t=1791397458150
EPOCH_ADVANCED epoch=1 elections=248 active=246 vote_records=159565 t=1791397458150
EPOCH_CARRIED epoch=0 instances=38 t=1791397458150
EPOCH_ADVANCED epoch=1 elections=262 active=260 vote_records=159569 t=1791397458150
EPOCH_CARRIED epoch=0 instances=11 t=1791397458150
EPOCH_ADVANCED epoch=1 elections=235 active=233 vote_records=159565 t=1791397458150
EPOCH_CARRIED epoch=0 instances=3 t=1791397458153
EPOCH_ADVANCED epoch=1 elections=227 active=225 vote_records=159565 t=1791397458153
EPOCH_REPORT epoch=0 certified=16048 residual=166 root=FF81773B8F657207E07C6D0B88ACF5CF670C8F4DA6B1A33B81FB5CD5552564D0 reports=1 t=1791397458179
EPOCH_REPORT epoch=0 certified=16048 residual=213 root=FF81773B8F657207E07C6D0B88ACF5CF670C8F4DA6B1A33B81FB5CD5552564D0 reports=1 t=1791397458181
EPOCH_REPORT epoch=0 certified=16048 residual=200 root=FF81773B8F657207E07C6D0B88ACF5CF670C8F4DA6B1A33B81FB5CD5552564D0 reports=1 t=1791397458188
EPOCH_REPORT epoch=0 certified=16048 residual=221 root=FF81773B8F657207E07C6D0B88ACF5CF670C8F4DA6B1A33B81FB5CD5552564D0 reports=1 t=1791397458194
EPOCH_REPORT epoch=0 certified=16048 residual=186 root=FF81773B8F657207E07C6D0B88ACF5CF670C8F4DA6B1A33B81FB5CD5552564D0 reports=1 t=1791397458223
EPOCH_RECONCILED epoch=0 reporter=D315857CE70C54DE713F6E82E5613BB3A1266C15E28AD2F4338C7BBEC456F532 complete=false entries=0 total=16048 symbols=0 dropped=false t=1791397458259
EPOCH_RECONCILED epoch=0 reporter=D315857CE70C54DE713F6E82E5613BB3A1266C15E28AD2F4338C7BBEC456F532 complete=true entries=166 total=166 symbols=0 dropped=false t=1791397458262
EPOCH_RECONCILED epoch=0 reporter=633D9D614858AB1710D5D8C3180E2A082DC97208BA8C26BA6C6D1A86C8E31CC0 complete=false entries=0 total=16048 symbols=0 dropped=false t=1791397458263
EPOCH_RECONCILED epoch=0 reporter=633D9D614858AB1710D5D8C3180E2A082DC97208BA8C26BA6C6D1A86C8E31CC0 complete=true entries=186 total=186 symbols=0 dropped=false t=1791397458267
EPOCH_RECONCILED epoch=0 reporter=911999B2AEFA7ACC66EBD802B3301FF6CE431405107749D940277955CB7FDD07 complete=false entries=0 total=16048 symbols=0 dropped=false t=1791397458268
EPOCH_RECONCILED epoch=0 reporter=911999B2AEFA7ACC66EBD802B3301FF6CE431405107749D940277955CB7FDD07 complete=true entries=200 total=200 symbols=0 dropped=false t=1791397458271
EPOCH_RECONCILED epoch=0 reporter=65A90023F6C0D2181AAA63F005D81BBC0C04650505E21D5123F9AE1F9E992BFF complete=false entries=0 total=16048 symbols=0 dropped=false t=1791397458272
EPOCH_RECONCILED epoch=0 reporter=65A90023F6C0D2181AAA63F005D81BBC0C04650505E21D5123F9AE1F9E992BFF complete=true entries=221 total=221 symbols=0 dropped=false t=1791397458276
2026-10-07T18:24:18.307935Z  INFO nanospam::app: Confirmed 16,169 blocks | 2,000 bps | 1,803 cps | avg conf time: 121 ms
EPOCH_CLOSE_READY epoch=0 t=1791397458340
EPOCH_RECONCILED epoch=0 reporter=D315857CE70C54DE713F6E82E5613BB3A1266C15E28AD2F4338C7BBEC456F532 complete=false entries=0 total=16048 symbols=0 dropped=false t=1791397458362
EPOCH_RECONCILED epoch=0 reporter=D315857CE70C54DE713F6E82E5613BB3A1266C15E28AD2F4338C7BBEC456F532 complete=true entries=166 total=166 symbols=0 dropped=false t=1791397458368
EPOCH_RECONCILED epoch=0 reporter=65A90023F6C0D2181AAA63F005D81BBC0C04650505E21D5123F9AE1F9E992BFF complete=false entries=0 total=16048 symbols=0 dropped=false t=1791397458369
EPOCH_RECONCILED epoch=0 reporter=65A90023F6C0D2181AAA63F005D81BBC0C04650505E21D5123F9AE1F9E992BFF complete=true entries=221 total=221 symbols=0 dropped=false t=1791397458373
EPOCH_RECONCILED epoch=0 reporter=A353E45E6D0016CAEED0DFA4EC5B0640E2AA22A793F9F2375E77F1AB92977C04 complete=false entries=0 total=16048 symbols=0 dropped=false t=1791397458374
EPOCH_RECONCILED epoch=0 reporter=A353E45E6D0016CAEED0DFA4EC5B0640E2AA22A793F9F2375E77F1AB92977C04 complete=true entries=213 total=213 symbols=0 dropped=false t=1791397458378
EPOCH_RECONCILED epoch=0 reporter=911999B2AEFA7ACC66EBD802B3301FF6CE431405107749D940277955CB7FDD07 complete=false entries=0 total=16048 symbols=0 dropped=false t=1791397458378
EPOCH_RECONCILED epoch=0 reporter=911999B2AEFA7ACC66EBD802B3301FF6CE431405107749D940277955CB7FDD07 complete=true entries=200 total=200 symbols=0 dropped=false t=1791397458382
EPOCH_RECONCILED epoch=0 reporter=D315857CE70C54DE713F6E82E5613BB3A1266C15E28AD2F4338C7BBEC456F532 complete=false entries=0 total=16048 symbols=0 dropped=false t=1791397458398
EPOCH_RECONCILED epoch=0 reporter=D315857CE70C54DE713F6E82E5613BB3A1266C15E28AD2F4338C7BBEC456F532 complete=true entries=166 total=166 symbols=0 dropped=false t=1791397458402
EPOCH_RECONCILED epoch=0 reporter=633D9D614858AB1710D5D8C3180E2A082DC97208BA8C26BA6C6D1A86C8E31CC0 complete=false entries=0 total=16048 symbols=0 dropped=false t=1791397458403
EPOCH_RECONCILED epoch=0 reporter=633D9D614858AB1710D5D8C3180E2A082DC97208BA8C26BA6C6D1A86C8E31CC0 complete=true entries=186 total=186 symbols=0 dropped=false t=1791397458406
EPOCH_RECONCILED epoch=0 reporter=65A90023F6C0D2181AAA63F005D81BBC0C04650505E21D5123F9AE1F9E992BFF complete=false entries=0 total=16048 symbols=0 dropped=false t=1791397458407
EPOCH_RECONCILED epoch=0 reporter=65A90023F6C0D2181AAA63F005D81BBC0C04650505E21D5123F9AE1F9E992BFF complete=true entries=221 total=221 symbols=0 dropped=false t=1791397458410
EPOCH_RECONCILED epoch=0 reporter=A353E45E6D0016CAEED0DFA4EC5B0640E2AA22A793F9F2375E77F1AB92977C04 complete=false entries=0 total=16048 symbols=0 dropped=false t=1791397458411
EPOCH_RECONCILED epoch=0 reporter=A353E45E6D0016CAEED0DFA4EC5B0640E2AA22A793F9F2375E77F1AB92977C04 complete=true entries=213 total=213 symbols=0 dropped=false t=1791397458415
EPOCH_CLOSE_READY epoch=0 t=1791397458421
EPOCH_RECONCILED epoch=0 reporter=911999B2AEFA7ACC66EBD802B3301FF6CE431405107749D940277955CB7FDD07 complete=false entries=0 total=16048 symbols=0 dropped=false t=1791397458437
EPOCH_RECONCILED epoch=0 reporter=911999B2AEFA7ACC66EBD802B3301FF6CE431405107749D940277955CB7FDD07 complete=true entries=200 total=200 symbols=0 dropped=false t=1791397458446
EPOCH_RECONCILED epoch=0 reporter=A353E45E6D0016CAEED0DFA4EC5B0640E2AA22A793F9F2375E77F1AB92977C04 complete=false entries=0 total=16048 symbols=0 dropped=false t=1791397458447
EPOCH_RECONCILED epoch=0 reporter=911999B2AEFA7ACC66EBD802B3301FF6CE431405107749D940277955CB7FDD07 complete=false entries=0 total=16048 symbols=0 dropped=false t=1791397458452
EPOCH_RECONCILED epoch=0 reporter=A353E45E6D0016CAEED0DFA4EC5B0640E2AA22A793F9F2375E77F1AB92977C04 complete=true entries=213 total=213 symbols=0 dropped=false t=1791397458452
EPOCH_RECONCILED epoch=0 reporter=D315857CE70C54DE713F6E82E5613BB3A1266C15E28AD2F4338C7BBEC456F532 complete=false entries=0 total=16048 symbols=0 dropped=false t=1791397458453
EPOCH_RECONCILED epoch=0 reporter=D315857CE70C54DE713F6E82E5613BB3A1266C15E28AD2F4338C7BBEC456F532 complete=true entries=166 total=166 symbols=0 dropped=false t=1791397458456
EPOCH_RECONCILED epoch=0 reporter=633D9D614858AB1710D5D8C3180E2A082DC97208BA8C26BA6C6D1A86C8E31CC0 complete=false entries=0 total=16048 symbols=0 dropped=false t=1791397458457
EPOCH_RECONCILED epoch=0 reporter=911999B2AEFA7ACC66EBD802B3301FF6CE431405107749D940277955CB7FDD07 complete=true entries=200 total=200 symbols=0 dropped=false t=1791397458460
EPOCH_RECONCILED epoch=0 reporter=A353E45E6D0016CAEED0DFA4EC5B0640E2AA22A793F9F2375E77F1AB92977C04 complete=false entries=0 total=16048 symbols=0 dropped=false t=1791397458461
EPOCH_CLOSE_READY epoch=0 t=1791397458461
EPOCH_RECONCILED epoch=0 reporter=633D9D614858AB1710D5D8C3180E2A082DC97208BA8C26BA6C6D1A86C8E31CC0 complete=true entries=186 total=186 symbols=0 dropped=false t=1791397458461
EPOCH_RECONCILED epoch=0 reporter=A353E45E6D0016CAEED0DFA4EC5B0640E2AA22A793F9F2375E77F1AB92977C04 complete=true entries=213 total=213 symbols=0 dropped=false t=1791397458464
EPOCH_RECONCILED epoch=0 reporter=633D9D614858AB1710D5D8C3180E2A082DC97208BA8C26BA6C6D1A86C8E31CC0 complete=false entries=0 total=16048 symbols=0 dropped=false t=1791397458465
EPOCH_RECONCILED epoch=0 reporter=633D9D614858AB1710D5D8C3180E2A082DC97208BA8C26BA6C6D1A86C8E31CC0 complete=true entries=186 total=186 symbols=0 dropped=false t=1791397458468
EPOCH_RECONCILED epoch=0 reporter=65A90023F6C0D2181AAA63F005D81BBC0C04650505E21D5123F9AE1F9E992BFF complete=false entries=0 total=16048 symbols=0 dropped=false t=1791397458469
EPOCH_RECONCILED epoch=0 reporter=65A90023F6C0D2181AAA63F005D81BBC0C04650505E21D5123F9AE1F9E992BFF complete=true entries=221 total=221 symbols=0 dropped=false t=1791397458473
EPOCH_PROPOSED epoch=0 round=0 value=77FF56996F49E9D86593CCB25C596C69775CFC4AA7F6C29DE03A00D8F7BCC6F9 state=6CEEB3261B30F9EBED0E2D77CD79CF5365C7C19400954084107D0D159353FAA1 reports=5 t=1791397458490
EPOCH_VALUE epoch=0 value=77FF56996F49E9D86593CCB25C596C69775CFC4AA7F6C29DE03A00D8F7BCC6F9 state=6CEEB3261B30F9EBED0E2D77CD79CF5365C7C19400954084107D0D159353FAA1 t=1791397458490
EPOCH_CLOSE_READY epoch=0 t=1791397458502
EPOCH_CLOSE_READY epoch=0 t=1791397458513
EPOCH_CLOSE_ROUND epoch=0 round=0 leader=633D9D614858AB1710D5D8C3180E2A082DC97208BA8C26BA6C6D1A86C8E31CC0 leads=false t=1791397458548
EPOCH_VALUE epoch=0 value=77FF56996F49E9D86593CCB25C596C69775CFC4AA7F6C29DE03A00D8F7BCC6F9 state=6CEEB3261B30F9EBED0E2D77CD79CF5365C7C19400954084107D0D159353FAA1 t=1791397458573
EPOCH_VALUE epoch=0 value=77FF56996F49E9D86593CCB25C596C69775CFC4AA7F6C29DE03A00D8F7BCC6F9 state=6CEEB3261B30F9EBED0E2D77CD79CF5365C7C19400954084107D0D159353FAA1 t=1791397458575
EPOCH_VALUE epoch=0 value=77FF56996F49E9D86593CCB25C596C69775CFC4AA7F6C29DE03A00D8F7BCC6F9 state=6CEEB3261B30F9EBED0E2D77CD79CF5365C7C19400954084107D0D159353FAA1 t=1791397458591
EPOCH_VALUE epoch=0 value=77FF56996F49E9D86593CCB25C596C69775CFC4AA7F6C29DE03A00D8F7BCC6F9 state=6CEEB3261B30F9EBED0E2D77CD79CF5365C7C19400954084107D0D159353FAA1 t=1791397458596
EPOCH_CLOSE_ROUND epoch=0 round=0 leader=633D9D614858AB1710D5D8C3180E2A082DC97208BA8C26BA6C6D1A86C8E31CC0 leads=true t=1791397458644
EPOCH_CLOSE_ROUND epoch=0 round=0 leader=633D9D614858AB1710D5D8C3180E2A082DC97208BA8C26BA6C6D1A86C8E31CC0 leads=false t=1791397458692
EPOCH_CLOSE_ROUND epoch=0 round=0 leader=633D9D614858AB1710D5D8C3180E2A082DC97208BA8C26BA6C6D1A86C8E31CC0 leads=false t=1791397458722
EPOCH_CLOSE_ROUND epoch=0 round=0 leader=633D9D614858AB1710D5D8C3180E2A082DC97208BA8C26BA6C6D1A86C8E31CC0 leads=false t=1791397458735
EPOCH_INSTALL epoch=0 finalized=15983 instances_confirmed=2 t=1791397458979
EPOCH_INSTALL epoch=0 finalized=15983 instances_confirmed=2 t=1791397458980
EPOCH_INSTALL epoch=0 finalized=15983 instances_confirmed=2 t=1791397458980
EPOCH_INSTALL epoch=0 finalized=15983 instances_confirmed=2 t=1791397458980
EPOCH_INSTALL epoch=0 finalized=15983 instances_confirmed=2 t=1791397458986
EPOCH_COMMITTEE derived_by=0 members=6 accounts=7303 n=6 digest=95D409445152DD075E6A4799205DFA5689496EB8EE1A22AC2A200B9DBC2DCF27 shares=["65A90023:16.7%", "A353E45E:16.7%", "D315857C:16.7%", "911999B2:16.7%", "633D9D61:16.7%", "735FE217:16.7%"] t=1791397459242
EPOCH_LOCKS epoch=0 continued=0 kinds={"locks=1 kind=Some(Recovery) nc_here=false saved=true": 14, "locks=1 kind=Some(Recovery) nc_here=true saved=true": 20} t=1791397459243
EPOCH_OMITTED epoch=0 instances=72 retained=34 t=1791397459243
EPOCH_GATE epoch=1 released=1653 finalized=1375 t=1791397459251
EPOCH_CLOSED epoch=0 round=0 value=77FF56996F49E9D86593CCB25C596C69775CFC4AA7F6C29DE03A00D8F7BCC6F9 state=6CEEB3261B30F9EBED0E2D77CD79CF5365C7C19400954084107D0D159353FAA1 t=1791397459251
EPOCH_COMMITTEE derived_by=0 members=6 accounts=7303 n=6 digest=95D409445152DD075E6A4799205DFA5689496EB8EE1A22AC2A200B9DBC2DCF27 shares=["65A90023:16.7%", "A353E45E:16.7%", "D315857C:16.7%", "911999B2:16.7%", "633D9D61:16.7%", "735FE217:16.7%"] t=1791397459258
EPOCH_LOCKS epoch=0 continued=0 kinds={"locks=1 kind=Some(Recovery) nc_here=false saved=true": 14, "locks=1 kind=Some(Recovery) nc_here=true saved=true": 20} t=1791397459258
EPOCH_OMITTED epoch=0 instances=72 retained=34 t=1791397459258
EPOCH_COMMITTEE derived_by=0 members=6 accounts=7303 n=6 digest=95D409445152DD075E6A4799205DFA5689496EB8EE1A22AC2A200B9DBC2DCF27 shares=["65A90023:16.7%", "A353E45E:16.7%", "D315857C:16.7%", "911999B2:16.7%", "633D9D61:16.7%", "735FE217:16.7%"] t=1791397459265
EPOCH_LOCKS epoch=0 continued=0 kinds={"locks=1 kind=Some(Recovery) nc_here=false saved=true": 14, "locks=1 kind=Some(Recovery) nc_here=true saved=true": 20} t=1791397459266
EPOCH_OMITTED epoch=0 instances=72 retained=34 t=1791397459266
EPOCH_COMMITTEE derived_by=0 members=6 accounts=7303 n=6 digest=95D409445152DD075E6A4799205DFA5689496EB8EE1A22AC2A200B9DBC2DCF27 shares=["65A90023:16.7%", "A353E45E:16.7%", "D315857C:16.7%", "911999B2:16.7%", "633D9D61:16.7%", "735FE217:16.7%"] t=1791397459266
EPOCH_LOCKS epoch=0 continued=0 kinds={"locks=1 kind=Some(Recovery) nc_here=false saved=true": 14, "locks=1 kind=Some(Recovery) nc_here=true saved=true": 20} t=1791397459267
EPOCH_OMITTED epoch=0 instances=72 retained=34 t=1791397459267
EPOCH_GATE epoch=1 released=1655 finalized=1375 t=1791397459268
EPOCH_CLOSED epoch=0 round=0 value=77FF56996F49E9D86593CCB25C596C69775CFC4AA7F6C29DE03A00D8F7BCC6F9 state=6CEEB3261B30F9EBED0E2D77CD79CF5365C7C19400954084107D0D159353FAA1 t=1791397459268
EPOCH_COMMITTEE derived_by=0 members=6 accounts=7303 n=6 digest=95D409445152DD075E6A4799205DFA5689496EB8EE1A22AC2A200B9DBC2DCF27 shares=["65A90023:16.7%", "A353E45E:16.7%", "D315857C:16.7%", "911999B2:16.7%", "633D9D61:16.7%", "735FE217:16.7%"] t=1791397459272
EPOCH_LOCKS epoch=0 continued=0 kinds={"locks=1 kind=Some(Recovery) nc_here=false saved=true": 14, "locks=1 kind=Some(Recovery) nc_here=true saved=true": 20} t=1791397459273
EPOCH_OMITTED epoch=0 instances=72 retained=34 t=1791397459273
EPOCH_GATE epoch=1 released=1656 finalized=1375 t=1791397459278
EPOCH_CLOSED epoch=0 round=0 value=77FF56996F49E9D86593CCB25C596C69775CFC4AA7F6C29DE03A00D8F7BCC6F9 state=6CEEB3261B30F9EBED0E2D77CD79CF5365C7C19400954084107D0D159353FAA1 t=1791397459278
EPOCH_GATE epoch=1 released=1654 finalized=1375 t=1791397459280
EPOCH_CLOSED epoch=0 round=0 value=77FF56996F49E9D86593CCB25C596C69775CFC4AA7F6C29DE03A00D8F7BCC6F9 state=6CEEB3261B30F9EBED0E2D77CD79CF5365C7C19400954084107D0D159353FAA1 t=1791397459280
EPOCH_GATE epoch=1 released=1655 finalized=1375 t=1791397459281
EPOCH_CLOSED epoch=0 round=0 value=77FF56996F49E9D86593CCB25C596C69775CFC4AA7F6C29DE03A00D8F7BCC6F9 state=6CEEB3261B30F9EBED0E2D77CD79CF5365C7C19400954084107D0D159353FAA1 t=1791397459281
EPOCH_INSTALLED epoch=0 finalized=15983 cemented=15983 queued=0 missing=0 t=1791397459290
EPOCH_RETAINED epoch=0 retained=200 held=200 missing=0 t=1791397459290
2026-10-07T18:24:19.313239Z  INFO nanospam::app: Confirmed 16,169 blocks | 2,000 bps | 0 cps | avg conf time: 0 ms
EPOCH_INSTALLED epoch=0 finalized=15983 cemented=15983 queued=0 missing=0 t=1791397459319
EPOCH_RETAINED epoch=0 retained=200 held=200 missing=0 t=1791397459319
EPOCH_INSTALLED epoch=0 finalized=15983 cemented=15983 queued=0 missing=0 t=1791397459330
EPOCH_INSTALLED epoch=0 finalized=15983 cemented=15983 queued=0 missing=0 t=1791397459332
EPOCH_RETAINED epoch=0 retained=200 held=200 missing=0 t=1791397459332
EPOCH_RETAINED epoch=0 retained=200 held=200 missing=0 t=1791397459339
EPOCH_EVIDENCE_RELEASED epoch=0 t=1791397459353
EPOCH_EVIDENCE_RELEASED epoch=0 t=1791397459373
EPOCH_EVIDENCE_RELEASED epoch=0 t=1791397459375
EPOCH_EVIDENCE_RELEASED epoch=0 t=1791397459381
EPOCH_EVIDENCE_RELEASED epoch=0 t=1791397459387
EPOCH_INSTALLED epoch=0 finalized=15983 cemented=15983 queued=0 missing=0 t=1791397459501
EPOCH_RETAINED epoch=0 retained=200 held=200 missing=0 t=1791397459503
2026-10-07T18:24:20.313844Z  INFO nanospam::app: Confirmed 20,189 blocks | 2,000 bps | 4,017 cps | avg conf time: 478 ms
2026-10-07T18:24:21.314861Z  INFO nanospam::app: Confirmed 22,148 blocks | 2,000 bps | 1,956 cps | avg conf time: 108 ms
2026-10-07T18:24:22.315818Z  INFO nanospam::app: Confirmed 24,108 blocks | 2,000 bps | 1,958 cps | avg conf time: 113 ms
2026-10-07T18:24:23.316992Z  INFO nanospam::app: Confirmed 26,100 blocks | 2,000 bps | 1,989 cps | avg conf time: 112 ms
2026-10-07T18:24:24.317682Z  INFO nanospam::app: Confirmed 28,039 blocks | 2,000 bps | 1,937 cps | avg conf time: 111 ms
2026-10-07T18:24:25.318923Z  INFO nanospam::app: Confirmed 29,982 blocks | 2,000 bps | 1,940 cps | avg conf time: 110 ms
EPOCH_ENDED epoch=1 elections=223 active=138 t=1791397466126
EPOCH_ENDED epoch=1 elections=223 active=138 t=1791397466126
EPOCH_ENDED epoch=1 elections=224 active=139 t=1791397466126
EPOCH_ENDED epoch=1 elections=224 active=139 t=1791397466126
EPOCH_ENDED epoch=1 elections=224 active=139 t=1791397466126
EPOCH_CARRIED epoch=1 instances=100 t=1791397466167
EPOCH_ADVANCED epoch=2 elections=323 active=238 vote_records=317301 t=1791397466167
EPOCH_CARRIED epoch=1 instances=90 t=1791397466168
EPOCH_ADVANCED epoch=2 elections=313 active=228 vote_records=317302 t=1791397466168
EPOCH_CARRIED epoch=1 instances=94 t=1791397466174
EPOCH_ADVANCED epoch=2 elections=318 active=233 vote_records=317296 t=1791397466174
EPOCH_CARRIED epoch=1 instances=86 t=1791397466176
EPOCH_ADVANCED epoch=2 elections=310 active=225 vote_records=317297 t=1791397466176
EPOCH_CARRIED epoch=1 instances=66 t=1791397466194
EPOCH_ADVANCED epoch=2 elections=290 active=205 vote_records=317295 t=1791397466194
EPOCH_CLOSE_UNREADY epoch=1 short_of=reports usable=0 weight=0 required=5 held=0 theirs=[] t=1791397466209
EPOCH_REPORT epoch=1 certified=31740 residual=89 root=B4C29BC0242F2E365FE515007FC76D719D68BAE6146D42A5973585C63C2748F7 reports=1 t=1791397466267
EPOCH_CLOSE_UNREADY epoch=1 short_of=reports usable=1 weight=1 required=5 held=0 theirs=[] t=1791397466273
EPOCH_REPORT epoch=1 certified=31740 residual=99 root=B4C29BC0242F2E365FE515007FC76D719D68BAE6146D42A5973585C63C2748F7 reports=1 t=1791397466281
EPOCH_REPORT epoch=1 certified=31740 residual=104 root=B4C29BC0242F2E365FE515007FC76D719D68BAE6146D42A5973585C63C2748F7 reports=1 t=1791397466286
EPOCH_REPORT epoch=1 certified=31740 residual=124 root=B4C29BC0242F2E365FE515007FC76D719D68BAE6146D42A5973585C63C2748F7 reports=1 t=1791397466295
EPOCH_REPORT epoch=1 certified=31740 residual=96 root=B4C29BC0242F2E365FE515007FC76D719D68BAE6146D42A5973585C63C2748F7 reports=1 t=1791397466298
2026-10-07T18:24:26.319990Z  INFO nanospam::app: Confirmed 31,764 blocks | 2,000 bps | 1,780 cps | avg conf time: 119 ms
EPOCH_RECONCILED epoch=1 reporter=65A90023F6C0D2181AAA63F005D81BBC0C04650505E21D5123F9AE1F9E992BFF complete=false entries=0 total=31740 symbols=0 dropped=false t=1791397466408
EPOCH_RECONCILED epoch=1 reporter=65A90023F6C0D2181AAA63F005D81BBC0C04650505E21D5123F9AE1F9E992BFF complete=false entries=0 total=31740 symbols=0 dropped=false t=1791397466409
EPOCH_RECONCILED epoch=1 reporter=65A90023F6C0D2181AAA63F005D81BBC0C04650505E21D5123F9AE1F9E992BFF complete=true entries=104 total=104 symbols=0 dropped=false t=1791397466415
EPOCH_RECONCILED epoch=1 reporter=65A90023F6C0D2181AAA63F005D81BBC0C04650505E21D5123F9AE1F9E992BFF complete=true entries=104 total=104 symbols=0 dropped=false t=1791397466416
EPOCH_RECONCILED epoch=1 reporter=D315857CE70C54DE713F6E82E5613BB3A1266C15E28AD2F4338C7BBEC456F532 complete=false entries=0 total=31740 symbols=0 dropped=false t=1791397466417
EPOCH_RECONCILED epoch=1 reporter=911999B2AEFA7ACC66EBD802B3301FF6CE431405107749D940277955CB7FDD07 complete=false entries=0 total=31740 symbols=0 dropped=false t=1791397466417
EPOCH_RECONCILED epoch=1 reporter=D315857CE70C54DE713F6E82E5613BB3A1266C15E28AD2F4338C7BBEC456F532 complete=true entries=99 total=99 symbols=0 dropped=false t=1791397466424
EPOCH_RECONCILED epoch=1 reporter=911999B2AEFA7ACC66EBD802B3301FF6CE431405107749D940277955CB7FDD07 complete=true entries=96 total=96 symbols=0 dropped=false t=1791397466425
EPOCH_RECONCILED epoch=1 reporter=633D9D614858AB1710D5D8C3180E2A082DC97208BA8C26BA6C6D1A86C8E31CC0 complete=false entries=0 total=31740 symbols=0 dropped=false t=1791397466427
EPOCH_RECONCILED epoch=1 reporter=633D9D614858AB1710D5D8C3180E2A082DC97208BA8C26BA6C6D1A86C8E31CC0 complete=false entries=0 total=31740 symbols=0 dropped=false t=1791397466429
EPOCH_RECONCILED epoch=1 reporter=D315857CE70C54DE713F6E82E5613BB3A1266C15E28AD2F4338C7BBEC456F532 complete=false entries=0 total=31740 symbols=0 dropped=false t=1791397466433
EPOCH_RECONCILED epoch=1 reporter=633D9D614858AB1710D5D8C3180E2A082DC97208BA8C26BA6C6D1A86C8E31CC0 complete=true entries=89 total=89 symbols=0 dropped=false t=1791397466436
EPOCH_RECONCILED epoch=1 reporter=D315857CE70C54DE713F6E82E5613BB3A1266C15E28AD2F4338C7BBEC456F532 complete=true entries=99 total=99 symbols=0 dropped=false t=1791397466438
EPOCH_RECONCILED epoch=1 reporter=A353E45E6D0016CAEED0DFA4EC5B0640E2AA22A793F9F2375E77F1AB92977C04 complete=false entries=0 total=31740 symbols=0 dropped=false t=1791397466438
EPOCH_RECONCILED epoch=1 reporter=633D9D614858AB1710D5D8C3180E2A082DC97208BA8C26BA6C6D1A86C8E31CC0 complete=true entries=89 total=89 symbols=0 dropped=false t=1791397466438
EPOCH_RECONCILED epoch=1 reporter=A353E45E6D0016CAEED0DFA4EC5B0640E2AA22A793F9F2375E77F1AB92977C04 complete=false entries=0 total=31740 symbols=0 dropped=false t=1791397466442
EPOCH_RECONCILED epoch=1 reporter=A353E45E6D0016CAEED0DFA4EC5B0640E2AA22A793F9F2375E77F1AB92977C04 complete=false entries=0 total=31740 symbols=0 dropped=false t=1791397466446
EPOCH_RECONCILED epoch=1 reporter=A353E45E6D0016CAEED0DFA4EC5B0640E2AA22A793F9F2375E77F1AB92977C04 complete=true entries=124 total=124 symbols=0 dropped=false t=1791397466447
EPOCH_RECONCILED epoch=1 reporter=A353E45E6D0016CAEED0DFA4EC5B0640E2AA22A793F9F2375E77F1AB92977C04 complete=true entries=124 total=124 symbols=0 dropped=false t=1791397466450
EPOCH_RECONCILED epoch=1 reporter=911999B2AEFA7ACC66EBD802B3301FF6CE431405107749D940277955CB7FDD07 complete=false entries=0 total=31740 symbols=0 dropped=false t=1791397466452
EPOCH_RECONCILED epoch=1 reporter=911999B2AEFA7ACC66EBD802B3301FF6CE431405107749D940277955CB7FDD07 complete=true entries=96 total=96 symbols=0 dropped=false t=1791397466462
EPOCH_RECONCILED epoch=1 reporter=633D9D614858AB1710D5D8C3180E2A082DC97208BA8C26BA6C6D1A86C8E31CC0 complete=false entries=0 total=31740 symbols=0 dropped=false t=1791397466465
EPOCH_RECONCILED epoch=1 reporter=A353E45E6D0016CAEED0DFA4EC5B0640E2AA22A793F9F2375E77F1AB92977C04 complete=true entries=124 total=124 symbols=0 dropped=false t=1791397466466
EPOCH_RECONCILED epoch=1 reporter=633D9D614858AB1710D5D8C3180E2A082DC97208BA8C26BA6C6D1A86C8E31CC0 complete=true entries=89 total=89 symbols=0 dropped=false t=1791397466470
EPOCH_RECONCILED epoch=1 reporter=65A90023F6C0D2181AAA63F005D81BBC0C04650505E21D5123F9AE1F9E992BFF complete=false entries=0 total=31740 symbols=0 dropped=false t=1791397466512
EPOCH_RECONCILED epoch=1 reporter=65A90023F6C0D2181AAA63F005D81BBC0C04650505E21D5123F9AE1F9E992BFF complete=true entries=104 total=104 symbols=0 dropped=false t=1791397466517
EPOCH_RECONCILED epoch=1 reporter=633D9D614858AB1710D5D8C3180E2A082DC97208BA8C26BA6C6D1A86C8E31CC0 complete=false entries=0 total=31740 symbols=0 dropped=false t=1791397466519
EPOCH_RECONCILED epoch=1 reporter=633D9D614858AB1710D5D8C3180E2A082DC97208BA8C26BA6C6D1A86C8E31CC0 complete=true entries=89 total=89 symbols=0 dropped=false t=1791397466523
EPOCH_RECONCILED epoch=1 reporter=D315857CE70C54DE713F6E82E5613BB3A1266C15E28AD2F4338C7BBEC456F532 complete=false entries=0 total=31740 symbols=0 dropped=false t=1791397466525
EPOCH_RECONCILED epoch=1 reporter=D315857CE70C54DE713F6E82E5613BB3A1266C15E28AD2F4338C7BBEC456F532 complete=true entries=99 total=99 symbols=0 dropped=false t=1791397466529
EPOCH_RECONCILED epoch=1 reporter=911999B2AEFA7ACC66EBD802B3301FF6CE431405107749D940277955CB7FDD07 complete=false entries=0 total=31740 symbols=0 dropped=false t=1791397466530
EPOCH_RECONCILED epoch=1 reporter=911999B2AEFA7ACC66EBD802B3301FF6CE431405107749D940277955CB7FDD07 complete=true entries=96 total=96 symbols=0 dropped=false t=1791397466535
EPOCH_CLOSE_READY epoch=1 t=1791397466552
EPOCH_CLOSE_READY epoch=1 t=1791397466554
EPOCH_CLOSE_READY epoch=1 t=1791397466557
EPOCH_RECONCILED epoch=1 reporter=911999B2AEFA7ACC66EBD802B3301FF6CE431405107749D940277955CB7FDD07 complete=false entries=0 total=31740 symbols=0 dropped=false t=1791397466624
EPOCH_CLOSE_READY epoch=1 t=1791397466626
EPOCH_RECONCILED epoch=1 reporter=911999B2AEFA7ACC66EBD802B3301FF6CE431405107749D940277955CB7FDD07 complete=true entries=96 total=96 symbols=0 dropped=false t=1791397466628
EPOCH_RECONCILED epoch=1 reporter=D315857CE70C54DE713F6E82E5613BB3A1266C15E28AD2F4338C7BBEC456F532 complete=false entries=0 total=31740 symbols=0 dropped=false t=1791397466629
EPOCH_RECONCILED epoch=1 reporter=D315857CE70C54DE713F6E82E5613BB3A1266C15E28AD2F4338C7BBEC456F532 complete=true entries=99 total=99 symbols=0 dropped=false t=1791397466633
EPOCH_RECONCILED epoch=1 reporter=65A90023F6C0D2181AAA63F005D81BBC0C04650505E21D5123F9AE1F9E992BFF complete=false entries=0 total=31740 symbols=0 dropped=false t=1791397466635
EPOCH_RECONCILED epoch=1 reporter=65A90023F6C0D2181AAA63F005D81BBC0C04650505E21D5123F9AE1F9E992BFF complete=true entries=104 total=104 symbols=0 dropped=false t=1791397466638
EPOCH_RECONCILED epoch=1 reporter=A353E45E6D0016CAEED0DFA4EC5B0640E2AA22A793F9F2375E77F1AB92977C04 complete=false entries=0 total=31740 symbols=0 dropped=false t=1791397466640
EPOCH_RECONCILED epoch=1 reporter=A353E45E6D0016CAEED0DFA4EC5B0640E2AA22A793F9F2375E77F1AB92977C04 complete=true entries=124 total=124 symbols=0 dropped=false t=1791397466644
EPOCH_CLOSE_ROUND epoch=1 round=0 leader=65A90023F6C0D2181AAA63F005D81BBC0C04650505E21D5123F9AE1F9E992BFF leads=false t=1791397466666
EPOCH_CLOSE_ROUND epoch=1 round=0 leader=65A90023F6C0D2181AAA63F005D81BBC0C04650505E21D5123F9AE1F9E992BFF leads=false t=1791397466666
EPOCH_CLOSE_READY epoch=1 t=1791397466703
EPOCH_PROPOSED epoch=1 round=0 value=543284CA7FFFE3EA656BEF4E8D75F9E3D787598E216A112D228BD6F4E05B7D6F state=6DB7CAF6AE2776D17F0E0877700420C2EE0CA4FECCA1D6FEE92C71A33AA4A80E reports=5 t=1791397466732
EPOCH_VALUE epoch=1 value=543284CA7FFFE3EA656BEF4E8D75F9E3D787598E216A112D228BD6F4E05B7D6F state=6DB7CAF6AE2776D17F0E0877700420C2EE0CA4FECCA1D6FEE92C71A33AA4A80E t=1791397466732
EPOCH_CLOSE_ROUND epoch=1 round=0 leader=65A90023F6C0D2181AAA63F005D81BBC0C04650505E21D5123F9AE1F9E992BFF leads=true t=1791397466733
EPOCH_CLOSE_ROUND epoch=1 round=0 leader=65A90023F6C0D2181AAA63F005D81BBC0C04650505E21D5123F9AE1F9E992BFF leads=false t=1791397466800
EPOCH_CLOSE_ROUND epoch=1 round=0 leader=65A90023F6C0D2181AAA63F005D81BBC0C04650505E21D5123F9AE1F9E992BFF leads=false t=1791397466881
EPOCH_VALUE epoch=1 value=543284CA7FFFE3EA656BEF4E8D75F9E3D787598E216A112D228BD6F4E05B7D6F state=6DB7CAF6AE2776D17F0E0877700420C2EE0CA4FECCA1D6FEE92C71A33AA4A80E t=1791397466905
EPOCH_VALUE epoch=1 value=543284CA7FFFE3EA656BEF4E8D75F9E3D787598E216A112D228BD6F4E05B7D6F state=6DB7CAF6AE2776D17F0E0877700420C2EE0CA4FECCA1D6FEE92C71A33AA4A80E t=1791397466909
EPOCH_VALUE epoch=1 value=543284CA7FFFE3EA656BEF4E8D75F9E3D787598E216A112D228BD6F4E05B7D6F state=6DB7CAF6AE2776D17F0E0877700420C2EE0CA4FECCA1D6FEE92C71A33AA4A80E t=1791397466910
EPOCH_VALUE epoch=1 value=543284CA7FFFE3EA656BEF4E8D75F9E3D787598E216A112D228BD6F4E05B7D6F state=6DB7CAF6AE2776D17F0E0877700420C2EE0CA4FECCA1D6FEE92C71A33AA4A80E t=1791397466927
EPOCH_INSTALL epoch=1 finalized=15692 instances_confirmed=34 t=1791397467192
EPOCH_INSTALL epoch=1 finalized=15692 instances_confirmed=34 t=1791397467192
EPOCH_INSTALL epoch=1 finalized=15692 instances_confirmed=34 t=1791397467192
EPOCH_INSTALL epoch=1 finalized=15692 instances_confirmed=34 t=1791397467198
EPOCH_INSTALL epoch=1 finalized=15692 instances_confirmed=34 t=1791397467200
2026-10-07T18:24:27.320776Z  INFO nanospam::app: Confirmed 31,771 blocks | 2,000 bps | 6 cps | avg conf time: 229 ms
EPOCH_FRONTIER_MISSING epoch=1 accounts=59 : blocks this node does not hold t=1791397467424
EPOCH_COMMITTEE derived_by=1 members=6 accounts=13306 n=6 digest=95D409445152DD075E6A4799205DFA5689496EB8EE1A22AC2A200B9DBC2DCF27 shares=["735FE217:16.7%", "A353E45E:16.7%", "D315857C:16.7%", "911999B2:16.7%", "633D9D61:16.7%", "65A90023:16.7%"] t=1791397467430
EPOCH_LOCKS epoch=1 continued=0 kinds={"locks=1 kind=Some(Recovery) nc_here=false saved=true": 3, "locks=1 kind=Some(Recovery) nc_here=true saved=true": 7} t=1791397467430
EPOCH_OMITTED epoch=1 instances=89 retained=10 t=1791397467430
EPOCH_FRONTIER_MISSING epoch=1 accounts=59 : blocks this node does not hold t=1791397467438
EPOCH_GATE epoch=2 released=1987 finalized=1734 t=1791397467440
EPOCH_CLOSED epoch=1 round=0 value=543284CA7FFFE3EA656BEF4E8D75F9E3D787598E216A112D228BD6F4E05B7D6F state=6DB7CAF6AE2776D17F0E0877700420C2EE0CA4FECCA1D6FEE92C71A33AA4A80E t=1791397467440
EPOCH_FRONTIER_MISSING epoch=1 accounts=59 : blocks this node does not hold t=1791397467445
EPOCH_COMMITTEE derived_by=1 members=6 accounts=13306 n=6 digest=95D409445152DD075E6A4799205DFA5689496EB8EE1A22AC2A200B9DBC2DCF27 shares=["735FE217:16.7%", "A353E45E:16.7%", "D315857C:16.7%", "911999B2:16.7%", "633D9D61:16.7%", "65A90023:16.7%"] t=1791397467446
EPOCH_LOCKS epoch=1 continued=0 kinds={"locks=1 kind=Some(Recovery) nc_here=false saved=true": 3, "locks=1 kind=Some(Recovery) nc_here=true saved=true": 7} t=1791397467446
EPOCH_OMITTED epoch=1 instances=89 retained=10 t=1791397467446
EPOCH_FRONTIER_MISSING epoch=1 accounts=59 : blocks this node does not hold t=1791397467449
EPOCH_COMMITTEE derived_by=1 members=6 accounts=13306 n=6 digest=95D409445152DD075E6A4799205DFA5689496EB8EE1A22AC2A200B9DBC2DCF27 shares=["735FE217:16.7%", "A353E45E:16.7%", "D315857C:16.7%", "911999B2:16.7%", "633D9D61:16.7%", "65A90023:16.7%"] t=1791397467453
EPOCH_LOCKS epoch=1 continued=0 kinds={"locks=1 kind=Some(Recovery) nc_here=false saved=true": 3, "locks=1 kind=Some(Recovery) nc_here=true saved=true": 7} t=1791397467454
EPOCH_OMITTED epoch=1 instances=89 retained=10 t=1791397467454
EPOCH_COMMITTEE derived_by=1 members=6 accounts=13306 n=6 digest=95D409445152DD075E6A4799205DFA5689496EB8EE1A22AC2A200B9DBC2DCF27 shares=["735FE217:16.7%", "A353E45E:16.7%", "D315857C:16.7%", "911999B2:16.7%", "633D9D61:16.7%", "65A90023:16.7%"] t=1791397467456
EPOCH_LOCKS epoch=1 continued=0 kinds={"locks=1 kind=Some(Recovery) nc_here=false saved=true": 3, "locks=1 kind=Some(Recovery) nc_here=true saved=true": 7} t=1791397467457
EPOCH_OMITTED epoch=1 instances=89 retained=10 t=1791397467457
EPOCH_GATE epoch=2 released=1987 finalized=1734 t=1791397467458
EPOCH_CLOSED epoch=1 round=0 value=543284CA7FFFE3EA656BEF4E8D75F9E3D787598E216A112D228BD6F4E05B7D6F state=6DB7CAF6AE2776D17F0E0877700420C2EE0CA4FECCA1D6FEE92C71A33AA4A80E t=1791397467458
EPOCH_GATE epoch=2 released=1987 finalized=1734 t=1791397467471
EPOCH_CLOSED epoch=1 round=0 value=543284CA7FFFE3EA656BEF4E8D75F9E3D787598E216A112D228BD6F4E05B7D6F state=6DB7CAF6AE2776D17F0E0877700420C2EE0CA4FECCA1D6FEE92C71A33AA4A80E t=1791397467471
EPOCH_FRONTIER_MISSING epoch=1 accounts=59 : blocks this node does not hold t=1791397467474
EPOCH_GATE epoch=2 released=1987 finalized=1734 t=1791397467474
EPOCH_CLOSED epoch=1 round=0 value=543284CA7FFFE3EA656BEF4E8D75F9E3D787598E216A112D228BD6F4E05B7D6F state=6DB7CAF6AE2776D17F0E0877700420C2EE0CA4FECCA1D6FEE92C71A33AA4A80E t=1791397467474
EPOCH_COMMITTEE derived_by=1 members=6 accounts=13306 n=6 digest=95D409445152DD075E6A4799205DFA5689496EB8EE1A22AC2A200B9DBC2DCF27 shares=["735FE217:16.7%", "A353E45E:16.7%", "D315857C:16.7%", "911999B2:16.7%", "633D9D61:16.7%", "65A90023:16.7%"] t=1791397467485
EPOCH_LOCKS epoch=1 continued=0 kinds={"locks=1 kind=Some(Recovery) nc_here=false saved=true": 3, "locks=1 kind=Some(Recovery) nc_here=true saved=true": 7} t=1791397467486
EPOCH_OMITTED epoch=1 instances=89 retained=10 t=1791397467486
EPOCH_GATE epoch=2 released=1987 finalized=1734 t=1791397467496
EPOCH_CLOSED epoch=1 round=0 value=543284CA7FFFE3EA656BEF4E8D75F9E3D787598E216A112D228BD6F4E05B7D6F state=6DB7CAF6AE2776D17F0E0877700420C2EE0CA4FECCA1D6FEE92C71A33AA4A80E t=1791397467496
EPOCH_INSTALLED epoch=1 finalized=15692 cemented=15692 queued=0 missing=0 t=1791397467497
EPOCH_RETAINED epoch=1 retained=99 held=99 missing=0 t=1791397467497
EPOCH_INSTALLED epoch=1 finalized=15692 cemented=15692 queued=0 missing=0 t=1791397467536
EPOCH_RETAINED epoch=1 retained=99 held=99 missing=0 t=1791397467536
EPOCH_EVIDENCE_RELEASED epoch=1 t=1791397467564
EPOCH_EVIDENCE_RELEASED epoch=1 t=1791397467566
EPOCH_EVIDENCE_RELEASED epoch=1 t=1791397467583
EPOCH_EVIDENCE_RELEASED epoch=1 t=1791397467611
EPOCH_EVIDENCE_RELEASED epoch=1 t=1791397467655
EPOCH_INSTALLED epoch=1 finalized=15692 cemented=15692 queued=0 missing=0 t=1791397467655
EPOCH_RETAINED epoch=1 retained=99 held=99 missing=0 t=1791397467655
EPOCH_INSTALLED epoch=1 finalized=15692 cemented=15692 queued=0 missing=0 t=1791397467656
EPOCH_RETAINED epoch=1 retained=99 held=99 missing=0 t=1791397467656
EPOCH_INSTALLED epoch=1 finalized=15692 cemented=15692 queued=0 missing=0 t=1791397467768
EPOCH_RETAINED epoch=1 retained=99 held=99 missing=0 t=1791397467770
2026-10-07T18:24:28.321684Z  INFO nanospam::app: Confirmed 35,749 blocks | 2,000 bps | 3,974 cps | avg conf time: 755 ms
2026-10-07T18:24:29.322721Z  INFO nanospam::app: Confirmed 37,618 blocks | 2,000 bps | 1,866 cps | avg conf time: 113 ms
2026-10-07T18:24:30.323555Z  INFO nanospam::app: Confirmed 39,673 blocks | 2,000 bps | 2,053 cps | avg conf time: 109 ms
2026-10-07T18:24:31.325187Z  INFO nanospam::app: Confirmed 41,566 blocks | 2,000 bps | 1,891 cps | avg conf time: 113 ms
2026-10-07T18:24:32.325803Z  INFO nanospam::app: Confirmed 43,542 blocks | 2,000 bps | 1,973 cps | avg conf time: 109 ms
2026-10-07T18:24:33.144787Z  INFO nanospam::app: Confirming 45000 blocks took 22.85s
2026-10-07T18:24:33.144840Z  INFO nanospam::app: Confirmation rate: 1969 cps
2026-10-07T18:24:33.144850Z  INFO nanospam::app: Average conf time: 203 ms
2026-10-07T18:24:33.144857Z  INFO nanospam::app: Non-fork confirmation rate: 1969 cps (45000 of 45000 non-fork blocks, 0 of 0 forks)
2026-10-07T18:24:33.145189Z  INFO nanospam::app: RAI_BENCH_METRICS {"created":45000,"confirmed":45000,"duration_secs":22.845481167,"confirmation_unit":"primary publication or its confirmed fork alternative","alternative_confirmed":0,"confirmation_histogram_ms":{"21":1,"33":2,"34":4,"35":1,"36":3,"38":3,"40":1,"41":1,"42":1,"43":1,"44":5,"45":5,"46":3,"47":13,"48":6,"49":6,"50":5,"51":7,"52":8,"53":3,"54":6,"55":2,"56":11,"57":21,"58":15,"59":17,"60":11,"61":10,"62":14,"63":27,"64":39,"65":48,"66":51,"67":53,"68":59,"69":44,"70":63,"71":74,"72":107,"73":100,"74":92,"75":118,"76":111,"77":119,"78":134,"79":148,"80":172,"81":181,"82":188,"83":221,"84":237,"85":248,"86":278,"87":297,"88":320,"89":304,"90":366,"91":376,"92":392,"93":416,"94":457,"95":483,"96":489,"97":511,"98":556,"99":592,"100":666,"101":649,"102":678,"103":698,"104":789,"105":772,"106":804,"107":819,"108":943,"109":954,"110":948,"111":990,"112":967,"113":988,"114":1042,"115":1029,"116":1038,"117":1049,"118":1012,"119":989,"120":915,"121":934,"122":830,"123":787,"124":762,"125":735,"126":699,"127":588,"128":571,"129":509,"130":468,"131":453,"132":398,"133":359,"134":296,"135":262,"136":224,"137":193,"138":140,"139":96,"140":89,"141":76,"142":79,"143":56,"144":53,"145":48,"146":50,"147":52,"148":72,"149":39,"150":35,"151":39,"152":28,"153":39,"154":33,"155":34,"156":41,"157":45,"158":30,"159":23,"160":11,"161":17,"162":18,"163":15,"164":13,"165":13,"166":11,"167":18,"168":18,"169":16,"170":15,"171":15,"172":42,"173":32,"174":34,"175":63,"176":29,"177":40,"178":30,"179":43,"180":44,"181":36,"182":47,"183":42,"184":13,"185":14,"186":18,"187":31,"188":14,"189":9,"190":12,"191":19,"192":8,"193":10,"194":9,"195":7,"196":6,"197":5,"198":44,"199":41,"200":13,"201":12,"202":15,"203":10,"204":12,"205":14,"206":10,"207":10,"208":4,"209":8,"210":16,"211":25,"212":26,"213":26,"214":17,"215":17,"216":16,"217":16,"218":19,"219":15,"220":14,"221":9,"222":17,"223":11,"224":12,"225":25,"226":41,"227":35,"228":31,"229":27,"230":29,"231":22,"232":21,"233":23,"234":18,"235":22,"236":9,"237":8,"238":11,"239":19,"240":21,"241":23,"242":15,"243":5,"244":12,"245":14,"246":11,"247":13,"248":12,"249":16,"250":9,"251":6,"252":10,"253":11,"254":15,"255":16,"256":12,"257":10,"258":6,"259":3,"260":6,"261":5,"262":4,"263":3,"264":6,"265":5,"266":9,"267":9,"268":13,"269":14,"270":13,"271":16,"272":18,"273":13,"274":8,"275":14,"276":5,"277":8,"278":4,"279":1,"280":3,"281":2,"282":5,"283":5,"284":4,"285":3,"286":3,"287":5,"288":7,"289":6,"290":6,"291":6,"292":5,"293":3,"294":4,"295":6,"296":6,"297":8,"298":5,"299":6,"300":9,"301":10,"302":6,"303":4,"304":2,"305":2,"306":2,"307":7,"308":7,"309":9,"310":13,"311":6,"312":2,"313":2,"314":1,"316":2,"317":2,"318":3,"319":7,"320":12,"321":7,"322":6,"323":3,"324":1,"325":1,"326":4,"327":1,"328":3,"330":1,"331":2,"332":1,"333":2,"334":2,"335":1,"337":2,"339":1,"340":3,"342":5,"343":8,"344":2,"345":2,"347":2,"348":2,"349":1,"350":2,"351":4,"352":2,"353":3,"354":3,"355":3,"356":2,"357":3,"358":6,"359":3,"360":5,"361":2,"362":7,"363":1,"364":5,"365":6,"366":10,"367":11,"368":6,"369":4,"370":5,"371":5,"372":1,"374":4,"375":5,"376":9,"377":13,"378":5,"379":5,"380":7,"381":3,"382":5,"383":5,"384":5,"385":3,"386":9,"387":5,"388":4,"390":1,"391":5,"392":9,"393":3,"394":6,"395":5,"396":5,"397":7,"398":8,"399":6,"400":8,"401":7,"402":9,"403":2,"404":8,"405":8,"406":6,"407":5,"408":5,"409":5,"410":8,"411":10,"412":5,"413":8,"414":14,"415":17,"416":12,"417":9,"418":13,"419":14,"420":12,"421":9,"422":12,"423":9,"424":10,"425":17,"426":15,"427":13,"428":10,"429":8,"430":2,"431":10,"432":6,"433":3,"434":6,"435":3,"436":1,"437":2,"438":4,"439":3,"440":3,"441":6,"442":5,"443":5,"444":5,"445":4,"446":4,"447":1,"448":4,"449":5,"450":3,"451":3,"452":8,"453":5,"454":4,"455":9,"456":4,"457":5,"458":5,"459":7,"460":4,"461":5,"462":4,"463":6,"464":7,"465":4,"466":5,"467":8,"468":4,"469":2,"470":5,"471":2,"472":3,"473":4,"474":3,"475":4,"476":3,"477":4,"478":3,"480":1,"481":4,"482":1,"483":4,"484":1,"485":1,"486":2,"488":6,"489":3,"490":3,"491":2,"492":1,"493":1,"494":4,"495":1,"496":2,"497":4,"498":2,"499":1,"500":2,"501":2,"503":5,"504":3,"505":4,"506":1,"507":5,"508":4,"509":6,"510":6,"511":5,"512":6,"513":4,"514":6,"515":3,"516":6,"517":4,"518":2,"519":6,"520":4,"521":4,"522":3,"523":5,"524":2,"525":2,"526":4,"527":5,"528":5,"529":4,"530":6,"531":2,"532":6,"533":2,"534":4,"535":3,"536":5,"537":6,"538":6,"539":2,"540":5,"541":2,"542":3,"543":4,"544":4,"545":6,"546":4,"547":5,"548":7,"549":7,"550":3,"551":8,"552":9,"553":5,"554":6,"555":5,"556":6,"557":8,"558":7,"559":4,"560":7,"561":8,"562":6,"563":6,"564":5,"565":7,"566":4,"567":5,"568":5,"569":6,"570":9,"571":6,"572":6,"573":5,"574":11,"575":6,"576":7,"577":7,"578":2,"579":4,"580":3,"581":4,"582":6,"583":6,"584":9,"585":1,"586":5,"587":7,"588":6,"589":4,"590":5,"591":2,"592":8,"593":5,"594":7,"595":5,"596":8,"597":7,"598":9,"599":3,"600":6,"601":3,"602":4,"603":2,"604":7,"605":6,"606":6,"607":5,"608":4,"609":9,"610":4,"611":8,"612":5,"613":7,"614":5,"615":5,"616":8,"617":5,"618":7,"619":9,"620":4,"621":3,"622":5,"623":2,"624":3,"625":1,"626":6,"627":5,"628":2,"629":4,"630":5,"631":6,"632":3,"633":3,"634":5,"635":7,"636":2,"637":3,"638":3,"639":4,"640":2,"641":4,"642":3,"643":3,"644":1,"645":2,"646":6,"647":3,"648":3,"649":1,"650":6,"651":7,"652":7,"653":7,"654":9,"655":6,"656":6,"657":6,"658":5,"659":7,"660":6,"661":7,"662":6,"663":9,"664":4,"665":5,"666":2,"667":9,"668":4,"669":6,"670":6,"671":4,"672":4,"673":8,"674":3,"675":8,"676":8,"677":4,"678":11,"679":9,"680":10,"681":10,"682":10,"683":7,"684":8,"685":10,"686":8,"687":9,"688":8,"689":4,"690":11,"691":10,"692":8,"693":8,"694":11,"695":10,"696":10,"697":8,"698":5,"699":10,"700":7,"701":6,"702":9,"703":7,"704":4,"705":6,"706":10,"707":5,"708":7,"709":6,"710":9,"711":8,"712":4,"713":8,"714":7,"715":6,"716":5,"717":6,"718":6,"719":6,"720":4,"721":6,"722":7,"723":5,"724":4,"725":6,"726":7,"727":7,"728":5,"729":7,"730":5,"731":10,"732":7,"733":8,"734":6,"735":5,"736":10,"737":11,"738":8,"739":7,"740":6,"741":5,"742":3,"743":5,"744":4,"745":4,"746":7,"747":5,"748":6,"749":3,"750":7,"751":5,"752":9,"753":6,"754":6,"755":4,"756":4,"757":8,"758":6,"759":7,"760":10,"761":2,"762":10,"763":4,"764":7,"765":8,"766":6,"767":8,"768":7,"769":11,"770":5,"771":5,"772":7,"773":5,"774":7,"775":3,"776":1,"777":6,"778":5,"779":5,"780":5,"781":1,"782":4,"783":1,"784":5,"785":2,"786":6,"787":2,"788":5,"789":5,"790":5,"791":7,"792":4,"793":3,"794":2,"795":6,"796":7,"797":6,"798":7,"799":3,"800":3,"801":2,"802":3,"803":3,"804":5,"805":3,"806":4,"807":2,"808":6,"809":4,"810":6,"811":1,"812":3,"813":8,"814":3,"815":1,"816":5,"817":5,"818":1,"819":6,"820":3,"821":4,"822":7,"823":3,"824":3,"825":1,"826":1,"827":5,"828":5,"829":2,"830":3,"831":3,"832":2,"833":4,"834":4,"835":3,"836":2,"837":3,"838":2,"839":3,"840":6,"841":4,"842":2,"843":2,"844":1,"845":1,"846":5,"847":1,"848":4,"849":4,"850":6,"851":2,"852":2,"853":5,"854":5,"855":1,"856":3,"857":2,"858":5,"859":5,"860":3,"861":4,"862":4,"863":6,"864":4,"865":3,"866":3,"867":4,"868":4,"869":5,"870":1,"871":4,"872":3,"873":3,"874":4,"875":4,"876":3,"877":6,"878":5,"879":3,"880":3,"881":6,"882":5,"883":5,"884":1,"885":1,"886":5,"887":5,"888":5,"889":2,"890":2,"891":6,"892":1,"893":2,"894":2,"895":2,"896":5,"897":1,"898":4,"899":8,"900":3,"902":4,"903":3,"904":3,"905":4,"906":4,"907":2,"908":1,"909":4,"910":3,"911":3,"912":6,"913":7,"914":4,"915":1,"916":2,"917":4,"918":2,"919":5,"920":5,"921":2,"922":5,"923":6,"924":4,"925":2,"926":4,"927":3,"928":1,"929":4,"930":2,"931":3,"932":1,"933":4,"934":2,"935":6,"936":2,"937":2,"938":3,"939":5,"940":5,"941":5,"942":3,"943":4,"944":4,"945":5,"946":4,"947":4,"948":6,"949":1,"950":3,"951":3,"952":3,"953":1,"954":4,"955":4,"956":3,"957":2,"958":7,"959":3,"960":2,"961":3,"962":4,"963":3,"964":4,"965":5,"966":5,"968":4,"969":1,"970":7,"971":2,"972":4,"973":2,"974":4,"975":2,"976":4,"977":5,"978":3,"979":4,"980":4,"981":3,"982":4,"983":6,"984":4,"985":2,"986":8,"987":1,"988":2,"989":5,"990":7,"991":3,"992":4,"993":2,"994":4,"996":7,"997":2,"998":5,"999":7,"1000":7,"1001":2,"1002":6,"1003":4,"1004":4,"1005":1,"1006":4,"1007":7,"1008":3,"1009":7,"1011":4,"1012":4,"1013":5,"1014":5,"1015":7,"1016":7,"1017":6,"1018":1,"1019":8,"1020":3,"1021":6,"1022":6,"1023":1,"1024":5,"1025":5,"1026":3,"1028":8,"1029":2,"1030":2,"1031":1,"1032":3,"1033":3,"1034":3,"1035":2,"1036":4,"1037":2,"1038":2,"1039":3,"1040":6,"1041":3,"1042":3,"1043":5,"1044":2,"1045":5,"1046":2,"1047":6,"1048":4,"1049":2,"1050":1,"1051":4,"1052":5,"1053":4,"1054":1,"1055":3,"1056":2,"1057":8,"1058":5,"1059":6,"1060":7,"1061":4,"1062":6,"1063":1,"1065":5,"1066":3,"1067":1,"1068":4,"1069":2,"1070":2,"1071":2,"1072":2,"1073":5,"1074":3,"1075":2,"1076":5,"1077":6,"1078":2,"1079":5,"1080":7,"1081":7,"1082":3,"1083":5,"1085":3,"1086":6,"1087":2,"1088":3,"1089":4,"1090":3,"1091":5,"1092":3,"1093":3,"1094":2,"1095":4,"1096":4,"1097":4,"1098":1,"1099":7,"1100":5,"1101":3,"1102":7,"1103":3,"1104":1,"1105":1,"1106":4,"1107":6,"1108":8,"1109":2,"1110":8,"1111":4,"1112":5,"1113":7,"1114":1,"1115":5,"1116":7,"1117":3,"1118":2,"1119":6,"1120":1,"1121":3,"1122":5,"1123":6,"1124":5,"1125":6,"1126":3,"1127":2,"1128":2,"1129":2,"1130":2,"1131":4,"1132":2,"1133":3,"1134":1,"1135":2,"1136":4,"1137":2,"1138":5,"1139":3,"1140":5,"1141":1,"1143":5,"1144":7,"1145":2,"1146":3,"1147":5,"1148":5,"1149":4,"1150":6,"1151":2,"1152":2,"1153":4,"1154":4,"1155":4,"1156":6,"1157":3,"1158":3,"1159":6,"1160":6,"1161":7,"1162":6,"1163":1,"1164":3,"1165":1,"1166":3,"1167":6,"1168":4,"1169":5,"1170":4,"1171":2,"1172":4,"1173":7,"1174":6,"1175":5,"1176":1,"1177":5,"1178":3,"1179":3,"1180":1,"1181":4,"1182":7,"1183":1,"1184":5,"1185":5,"1186":3,"1187":1,"1188":7,"1189":3,"1190":6,"1191":3,"1192":5,"1193":7,"1194":4,"1195":3,"1196":4,"1197":4,"1198":6,"1199":1,"1200":2,"1201":6,"1202":7,"1203":3,"1204":6,"1205":1,"1206":4,"1207":8,"1208":5,"1209":2,"1210":8,"1211":5,"1212":4,"1213":1,"1214":4,"1215":7,"1217":4,"1218":5,"1219":2,"1220":1,"1221":3,"1222":5,"1223":5,"1224":5,"1225":6,"1226":7,"1227":6,"1228":6,"1229":4,"1230":5,"1231":4,"1233":4,"1234":5,"1235":4,"1236":2,"1237":2,"1238":3,"1239":6,"1240":3,"1241":3,"1242":2,"1243":5,"1244":4,"1245":2,"1246":2,"1247":5,"1248":5,"1249":3,"1250":1,"1251":4,"1252":3,"1253":4,"1254":5,"1255":3,"1256":1,"1257":5,"1258":3,"1259":2,"1260":2,"1261":4,"1262":4,"1263":2,"1264":3,"1265":3,"1266":4,"1270":2,"1271":2,"1272":6,"1273":4,"1274":4,"1275":1,"1276":4,"1278":1,"1279":9,"1281":3,"1282":1,"1283":2,"1284":4,"1285":3,"1286":2,"1287":4,"1288":2,"1289":2,"1290":3,"1291":3,"1293":5,"1294":4,"1295":3,"1296":2,"1297":3,"1298":1,"1299":3,"1300":3,"1301":5,"1302":3,"1303":3,"1304":4,"1305":6,"1306":1,"1308":2,"1309":1,"1310":2,"1311":4,"1312":5,"1314":2,"1315":1,"1316":2,"1318":5,"1319":5,"1320":3,"1321":1,"1322":1,"1323":1,"1324":2,"1325":1,"1326":3,"1327":1,"1328":3,"1329":1,"1330":3,"1331":2,"1332":3,"1333":1,"1334":5,"1336":3,"1337":2,"1338":3,"1339":2,"1340":2,"1341":3,"1343":2,"1344":4,"1345":2,"1348":1,"1350":4,"1351":4,"1352":2,"1353":2,"1354":2,"1355":4,"1356":2,"1357":2,"1358":2,"1359":2,"1362":2,"1363":2,"1364":1,"1365":6,"1366":2,"1369":1,"1371":1,"1372":3,"1373":6,"1375":3,"1376":1,"1377":2,"1378":3,"1379":2,"1380":4,"1381":1,"1383":5,"1384":2,"1385":4,"1386":2,"1387":1,"1388":1,"1389":1,"1390":2,"1393":1,"1394":4,"1395":3,"1396":3,"1397":2,"1399":1,"1400":3,"1401":2,"1402":2,"1403":2,"1405":2,"1406":4,"1407":1,"1408":1,"1409":1,"1410":3,"1411":3,"1412":1,"1413":3,"1414":1,"1415":1,"1417":1,"1418":3,"1419":1,"1420":4,"1422":2,"1423":4,"1425":2,"1426":2,"1427":5,"1428":1,"1430":1,"1431":2,"1432":3,"1433":1,"1434":3,"1435":1,"1436":3,"1437":2,"1438":6,"1441":2,"1442":1,"1443":2,"1444":1,"1445":4,"1446":1,"1448":1,"1451":5,"1452":3,"1454":3,"1455":3,"1456":1,"1457":4,"1458":2,"1459":2,"1460":1,"1461":1,"1462":1,"1463":1,"1464":2,"1465":2,"1466":4,"1467":2,"1468":3,"1470":5,"1471":2,"1472":1,"1473":4,"1474":2,"1475":1,"1476":2,"1477":1,"1478":5,"1479":1,"1480":2,"1481":2,"1483":1,"1484":1,"1485":1,"1486":1,"1487":7,"1488":1,"1489":1,"1490":3,"1491":1,"1492":3,"1493":2,"1494":4,"1497":2,"1499":4,"1500":4,"1501":1,"1503":1,"1504":2,"1505":1,"1506":3,"1507":1,"1508":3,"1509":3,"1510":3,"1511":2,"1513":2,"1514":1,"1516":3,"1517":1,"1518":2,"1519":1,"1520":2,"1521":2,"1522":3,"1523":3,"1525":3,"1526":2,"1527":2,"1528":1,"1529":1,"1530":5,"1531":3,"1532":3,"1533":2,"1534":1,"1535":1,"1536":1,"1537":4,"1538":3,"1539":4,"1540":1,"1541":3,"1543":2,"1545":1,"1546":1,"1548":1,"1549":1,"1550":2,"1551":3,"1552":1,"1553":4,"1554":3,"1555":1,"1557":2,"1559":1,"1560":1,"1561":2,"1562":2,"1563":3,"1564":2,"1565":1,"1566":7,"1567":2,"1568":2,"1570":3,"1571":1,"1572":3,"1573":3,"1574":1,"1575":1,"1576":1,"1578":4,"1579":2,"1580":3,"1581":3,"1583":2,"1584":2,"1585":1,"1586":1,"1587":4,"1588":2,"1589":2,"1590":2,"1591":2,"1592":1,"1593":3,"1594":1,"1595":5,"1596":4,"1597":1,"1598":2,"1599":4,"1600":1,"1601":5,"1602":2,"1603":4,"1604":1,"1605":1,"1608":1,"1610":3,"1611":2,"1612":1,"1613":2,"1614":1,"1616":4,"1618":3,"1619":1,"1620":4,"1621":2,"1623":2,"1626":2,"1627":2,"1628":1,"1629":2,"1630":1,"1631":1,"1633":3,"1634":1,"1635":4,"1636":1,"1637":1,"1638":1,"1639":2,"1640":4,"1641":2,"1642":1,"1643":2,"1645":2,"1646":3,"1648":1,"1649":4,"1650":2,"1651":1,"1652":3,"1654":3,"1655":3,"1656":1,"1657":3,"1658":1,"1659":1,"1660":3,"1661":1,"1662":6,"1663":1,"1664":2,"1665":1,"1666":1,"1667":2,"1668":2,"1669":8,"1670":1,"1672":3,"1673":2,"1674":1,"1675":1,"1676":2,"1677":5,"1678":1,"1679":1,"1680":3,"1681":2,"1682":4,"1683":2,"1684":1,"1685":3,"1687":1,"1688":2,"1689":4,"1691":1,"1692":1,"1693":1,"1694":2,"1696":1,"1697":2,"1699":1,"1701":1,"1704":1,"6645":1,"6658":1},"nonfork_created":45000,"nonfork_confirmed":45000,"nonfork_histogram_ms":{"21":1,"33":2,"34":4,"35":1,"36":3,"38":3,"40":1,"41":1,"42":1,"43":1,"44":5,"45":5,"46":3,"47":13,"48":6,"49":6,"50":5,"51":7,"52":8,"53":3,"54":6,"55":2,"56":11,"57":21,"58":15,"59":17,"60":11,"61":10,"62":14,"63":27,"64":39,"65":48,"66":51,"67":53,"68":59,"69":44,"70":63,"71":74,"72":107,"73":100,"74":92,"75":118,"76":111,"77":119,"78":134,"79":148,"80":172,"81":181,"82":188,"83":221,"84":237,"85":248,"86":278,"87":297,"88":320,"89":304,"90":366,"91":376,"92":392,"93":416,"94":457,"95":483,"96":489,"97":511,"98":556,"99":592,"100":666,"101":649,"102":678,"103":698,"104":789,"105":772,"106":804,"107":819,"108":943,"109":954,"110":948,"111":990,"112":967,"113":988,"114":1042,"115":1029,"116":1038,"117":1049,"118":1012,"119":989,"120":915,"121":934,"122":830,"123":787,"124":762,"125":735,"126":699,"127":588,"128":571,"129":509,"130":468,"131":453,"132":398,"133":359,"134":296,"135":262,"136":224,"137":193,"138":140,"139":96,"140":89,"141":76,"142":79,"143":56,"144":53,"145":48,"146":50,"147":52,"148":72,"149":39,"150":35,"151":39,"152":28,"153":39,"154":33,"155":34,"156":41,"157":45,"158":30,"159":23,"160":11,"161":17,"162":18,"163":15,"164":13,"165":13,"166":11,"167":18,"168":18,"169":16,"170":15,"171":15,"172":42,"173":32,"174":34,"175":63,"176":29,"177":40,"178":30,"179":43,"180":44,"181":36,"182":47,"183":42,"184":13,"185":14,"186":18,"187":31,"188":14,"189":9,"190":12,"191":19,"192":8,"193":10,"194":9,"195":7,"196":6,"197":5,"198":44,"199":41,"200":13,"201":12,"202":15,"203":10,"204":12,"205":14,"206":10,"207":10,"208":4,"209":8,"210":16,"211":25,"212":26,"213":26,"214":17,"215":17,"216":16,"217":16,"218":19,"219":15,"220":14,"221":9,"222":17,"223":11,"224":12,"225":25,"226":41,"227":35,"228":31,"229":27,"230":29,"231":22,"232":21,"233":23,"234":18,"235":22,"236":9,"237":8,"238":11,"239":19,"240":21,"241":23,"242":15,"243":5,"244":12,"245":14,"246":11,"247":13,"248":12,"249":16,"250":9,"251":6,"252":10,"253":11,"254":15,"255":16,"256":12,"257":10,"258":6,"259":3,"260":6,"261":5,"262":4,"263":3,"264":6,"265":5,"266":9,"267":9,"268":13,"269":14,"270":13,"271":16,"272":18,"273":13,"274":8,"275":14,"276":5,"277":8,"278":4,"279":1,"280":3,"281":2,"282":5,"283":5,"284":4,"285":3,"286":3,"287":5,"288":7,"289":6,"290":6,"291":6,"292":5,"293":3,"294":4,"295":6,"296":6,"297":8,"298":5,"299":6,"300":9,"301":10,"302":6,"303":4,"304":2,"305":2,"306":2,"307":7,"308":7,"309":9,"310":13,"311":6,"312":2,"313":2,"314":1,"316":2,"317":2,"318":3,"319":7,"320":12,"321":7,"322":6,"323":3,"324":1,"325":1,"326":4,"327":1,"328":3,"330":1,"331":2,"332":1,"333":2,"334":2,"335":1,"337":2,"339":1,"340":3,"342":5,"343":8,"344":2,"345":2,"347":2,"348":2,"349":1,"350":2,"351":4,"352":2,"353":3,"354":3,"355":3,"356":2,"357":3,"358":6,"359":3,"360":5,"361":2,"362":7,"363":1,"364":5,"365":6,"366":10,"367":11,"368":6,"369":4,"370":5,"371":5,"372":1,"374":4,"375":5,"376":9,"377":13,"378":5,"379":5,"380":7,"381":3,"382":5,"383":5,"384":5,"385":3,"386":9,"387":5,"388":4,"390":1,"391":5,"392":9,"393":3,"394":6,"395":5,"396":5,"397":7,"398":8,"399":6,"400":8,"401":7,"402":9,"403":2,"404":8,"405":8,"406":6,"407":5,"408":5,"409":5,"410":8,"411":10,"412":5,"413":8,"414":14,"415":17,"416":12,"417":9,"418":13,"419":14,"420":12,"421":9,"422":12,"423":9,"424":10,"425":17,"426":15,"427":13,"428":10,"429":8,"430":2,"431":10,"432":6,"433":3,"434":6,"435":3,"436":1,"437":2,"438":4,"439":3,"440":3,"441":6,"442":5,"443":5,"444":5,"445":4,"446":4,"447":1,"448":4,"449":5,"450":3,"451":3,"452":8,"453":5,"454":4,"455":9,"456":4,"457":5,"458":5,"459":7,"460":4,"461":5,"462":4,"463":6,"464":7,"465":4,"466":5,"467":8,"468":4,"469":2,"470":5,"471":2,"472":3,"473":4,"474":3,"475":4,"476":3,"477":4,"478":3,"480":1,"481":4,"482":1,"483":4,"484":1,"485":1,"486":2,"488":6,"489":3,"490":3,"491":2,"492":1,"493":1,"494":4,"495":1,"496":2,"497":4,"498":2,"499":1,"500":2,"501":2,"503":5,"504":3,"505":4,"506":1,"507":5,"508":4,"509":6,"510":6,"511":5,"512":6,"513":4,"514":6,"515":3,"516":6,"517":4,"518":2,"519":6,"520":4,"521":4,"522":3,"523":5,"524":2,"525":2,"526":4,"527":5,"528":5,"529":4,"530":6,"531":2,"532":6,"533":2,"534":4,"535":3,"536":5,"537":6,"538":6,"539":2,"540":5,"541":2,"542":3,"543":4,"544":4,"545":6,"546":4,"547":5,"548":7,"549":7,"550":3,"551":8,"552":9,"553":5,"554":6,"555":5,"556":6,"557":8,"558":7,"559":4,"560":7,"561":8,"562":6,"563":6,"564":5,"565":7,"566":4,"567":5,"568":5,"569":6,"570":9,"571":6,"572":6,"573":5,"574":11,"575":6,"576":7,"577":7,"578":2,"579":4,"580":3,"581":4,"582":6,"583":6,"584":9,"585":1,"586":5,"587":7,"588":6,"589":4,"590":5,"591":2,"592":8,"593":5,"594":7,"595":5,"596":8,"597":7,"598":9,"599":3,"600":6,"601":3,"602":4,"603":2,"604":7,"605":6,"606":6,"607":5,"608":4,"609":9,"610":4,"611":8,"612":5,"613":7,"614":5,"615":5,"616":8,"617":5,"618":7,"619":9,"620":4,"621":3,"622":5,"623":2,"624":3,"625":1,"626":6,"627":5,"628":2,"629":4,"630":5,"631":6,"632":3,"633":3,"634":5,"635":7,"636":2,"637":3,"638":3,"639":4,"640":2,"641":4,"642":3,"643":3,"644":1,"645":2,"646":6,"647":3,"648":3,"649":1,"650":6,"651":7,"652":7,"653":7,"654":9,"655":6,"656":6,"657":6,"658":5,"659":7,"660":6,"661":7,"662":6,"663":9,"664":4,"665":5,"666":2,"667":9,"668":4,"669":6,"670":6,"671":4,"672":4,"673":8,"674":3,"675":8,"676":8,"677":4,"678":11,"679":9,"680":10,"681":10,"682":10,"683":7,"684":8,"685":10,"686":8,"687":9,"688":8,"689":4,"690":11,"691":10,"692":8,"693":8,"694":11,"695":10,"696":10,"697":8,"698":5,"699":10,"700":7,"701":6,"702":9,"703":7,"704":4,"705":6,"706":10,"707":5,"708":7,"709":6,"710":9,"711":8,"712":4,"713":8,"714":7,"715":6,"716":5,"717":6,"718":6,"719":6,"720":4,"721":6,"722":7,"723":5,"724":4,"725":6,"726":7,"727":7,"728":5,"729":7,"730":5,"731":10,"732":7,"733":8,"734":6,"735":5,"736":10,"737":11,"738":8,"739":7,"740":6,"741":5,"742":3,"743":5,"744":4,"745":4,"746":7,"747":5,"748":6,"749":3,"750":7,"751":5,"752":9,"753":6,"754":6,"755":4,"756":4,"757":8,"758":6,"759":7,"760":10,"761":2,"762":10,"763":4,"764":7,"765":8,"766":6,"767":8,"768":7,"769":11,"770":5,"771":5,"772":7,"773":5,"774":7,"775":3,"776":1,"777":6,"778":5,"779":5,"780":5,"781":1,"782":4,"783":1,"784":5,"785":2,"786":6,"787":2,"788":5,"789":5,"790":5,"791":7,"792":4,"793":3,"794":2,"795":6,"796":7,"797":6,"798":7,"799":3,"800":3,"801":2,"802":3,"803":3,"804":5,"805":3,"806":4,"807":2,"808":6,"809":4,"810":6,"811":1,"812":3,"813":8,"814":3,"815":1,"816":5,"817":5,"818":1,"819":6,"820":3,"821":4,"822":7,"823":3,"824":3,"825":1,"826":1,"827":5,"828":5,"829":2,"830":3,"831":3,"832":2,"833":4,"834":4,"835":3,"836":2,"837":3,"838":2,"839":3,"840":6,"841":4,"842":2,"843":2,"844":1,"845":1,"846":5,"847":1,"848":4,"849":4,"850":6,"851":2,"852":2,"853":5,"854":5,"855":1,"856":3,"857":2,"858":5,"859":5,"860":3,"861":4,"862":4,"863":6,"864":4,"865":3,"866":3,"867":4,"868":4,"869":5,"870":1,"871":4,"872":3,"873":3,"874":4,"875":4,"876":3,"877":6,"878":5,"879":3,"880":3,"881":6,"882":5,"883":5,"884":1,"885":1,"886":5,"887":5,"888":5,"889":2,"890":2,"891":6,"892":1,"893":2,"894":2,"895":2,"896":5,"897":1,"898":4,"899":8,"900":3,"902":4,"903":3,"904":3,"905":4,"906":4,"907":2,"908":1,"909":4,"910":3,"911":3,"912":6,"913":7,"914":4,"915":1,"916":2,"917":4,"918":2,"919":5,"920":5,"921":2,"922":5,"923":6,"924":4,"925":2,"926":4,"927":3,"928":1,"929":4,"930":2,"931":3,"932":1,"933":4,"934":2,"935":6,"936":2,"937":2,"938":3,"939":5,"940":5,"941":5,"942":3,"943":4,"944":4,"945":5,"946":4,"947":4,"948":6,"949":1,"950":3,"951":3,"952":3,"953":1,"954":4,"955":4,"956":3,"957":2,"958":7,"959":3,"960":2,"961":3,"962":4,"963":3,"964":4,"965":5,"966":5,"968":4,"969":1,"970":7,"971":2,"972":4,"973":2,"974":4,"975":2,"976":4,"977":5,"978":3,"979":4,"980":4,"981":3,"982":4,"983":6,"984":4,"985":2,"986":8,"987":1,"988":2,"989":5,"990":7,"991":3,"992":4,"993":2,"994":4,"996":7,"997":2,"998":5,"999":7,"1000":7,"1001":2,"1002":6,"1003":4,"1004":4,"1005":1,"1006":4,"1007":7,"1008":3,"1009":7,"1011":4,"1012":4,"1013":5,"1014":5,"1015":7,"1016":7,"1017":6,"1018":1,"1019":8,"1020":3,"1021":6,"1022":6,"1023":1,"1024":5,"1025":5,"1026":3,"1028":8,"1029":2,"1030":2,"1031":1,"1032":3,"1033":3,"1034":3,"1035":2,"1036":4,"1037":2,"1038":2,"1039":3,"1040":6,"1041":3,"1042":3,"1043":5,"1044":2,"1045":5,"1046":2,"1047":6,"1048":4,"1049":2,"1050":1,"1051":4,"1052":5,"1053":4,"1054":1,"1055":3,"1056":2,"1057":8,"1058":5,"1059":6,"1060":7,"1061":4,"1062":6,"1063":1,"1065":5,"1066":3,"1067":1,"1068":4,"1069":2,"1070":2,"1071":2,"1072":2,"1073":5,"1074":3,"1075":2,"1076":5,"1077":6,"1078":2,"1079":5,"1080":7,"1081":7,"1082":3,"1083":5,"1085":3,"1086":6,"1087":2,"1088":3,"1089":4,"1090":3,"1091":5,"1092":3,"1093":3,"1094":2,"1095":4,"1096":4,"1097":4,"1098":1,"1099":7,"1100":5,"1101":3,"1102":7,"1103":3,"1104":1,"1105":1,"1106":4,"1107":6,"1108":8,"1109":2,"1110":8,"1111":4,"1112":5,"1113":7,"1114":1,"1115":5,"1116":7,"1117":3,"1118":2,"1119":6,"1120":1,"1121":3,"1122":5,"1123":6,"1124":5,"1125":6,"1126":3,"1127":2,"1128":2,"1129":2,"1130":2,"1131":4,"1132":2,"1133":3,"1134":1,"1135":2,"1136":4,"1137":2,"1138":5,"1139":3,"1140":5,"1141":1,"1143":5,"1144":7,"1145":2,"1146":3,"1147":5,"1148":5,"1149":4,"1150":6,"1151":2,"1152":2,"1153":4,"1154":4,"1155":4,"1156":6,"1157":3,"1158":3,"1159":6,"1160":6,"1161":7,"1162":6,"1163":1,"1164":3,"1165":1,"1166":3,"1167":6,"1168":4,"1169":5,"1170":4,"1171":2,"1172":4,"1173":7,"1174":6,"1175":5,"1176":1,"1177":5,"1178":3,"1179":3,"1180":1,"1181":4,"1182":7,"1183":1,"1184":5,"1185":5,"1186":3,"1187":1,"1188":7,"1189":3,"1190":6,"1191":3,"1192":5,"1193":7,"1194":4,"1195":3,"1196":4,"1197":4,"1198":6,"1199":1,"1200":2,"1201":6,"1202":7,"1203":3,"1204":6,"1205":1,"1206":4,"1207":8,"1208":5,"1209":2,"1210":8,"1211":5,"1212":4,"1213":1,"1214":4,"1215":7,"1217":4,"1218":5,"1219":2,"1220":1,"1221":3,"1222":5,"1223":5,"1224":5,"1225":6,"1226":7,"1227":6,"1228":6,"1229":4,"1230":5,"1231":4,"1233":4,"1234":5,"1235":4,"1236":2,"1237":2,"1238":3,"1239":6,"1240":3,"1241":3,"1242":2,"1243":5,"1244":4,"1245":2,"1246":2,"1247":5,"1248":5,"1249":3,"1250":1,"1251":4,"1252":3,"1253":4,"1254":5,"1255":3,"1256":1,"1257":5,"1258":3,"1259":2,"1260":2,"1261":4,"1262":4,"1263":2,"1264":3,"1265":3,"1266":4,"1270":2,"1271":2,"1272":6,"1273":4,"1274":4,"1275":1,"1276":4,"1278":1,"1279":9,"1281":3,"1282":1,"1283":2,"1284":4,"1285":3,"1286":2,"1287":4,"1288":2,"1289":2,"1290":3,"1291":3,"1293":5,"1294":4,"1295":3,"1296":2,"1297":3,"1298":1,"1299":3,"1300":3,"1301":5,"1302":3,"1303":3,"1304":4,"1305":6,"1306":1,"1308":2,"1309":1,"1310":2,"1311":4,"1312":5,"1314":2,"1315":1,"1316":2,"1318":5,"1319":5,"1320":3,"1321":1,"1322":1,"1323":1,"1324":2,"1325":1,"1326":3,"1327":1,"1328":3,"1329":1,"1330":3,"1331":2,"1332":3,"1333":1,"1334":5,"1336":3,"1337":2,"1338":3,"1339":2,"1340":2,"1341":3,"1343":2,"1344":4,"1345":2,"1348":1,"1350":4,"1351":4,"1352":2,"1353":2,"1354":2,"1355":4,"1356":2,"1357":2,"1358":2,"1359":2,"1362":2,"1363":2,"1364":1,"1365":6,"1366":2,"1369":1,"1371":1,"1372":3,"1373":6,"1375":3,"1376":1,"1377":2,"1378":3,"1379":2,"1380":4,"1381":1,"1383":5,"1384":2,"1385":4,"1386":2,"1387":1,"1388":1,"1389":1,"1390":2,"1393":1,"1394":4,"1395":3,"1396":3,"1397":2,"1399":1,"1400":3,"1401":2,"1402":2,"1403":2,"1405":2,"1406":4,"1407":1,"1408":1,"1409":1,"1410":3,"1411":3,"1412":1,"1413":3,"1414":1,"1415":1,"1417":1,"1418":3,"1419":1,"1420":4,"1422":2,"1423":4,"1425":2,"1426":2,"1427":5,"1428":1,"1430":1,"1431":2,"1432":3,"1433":1,"1434":3,"1435":1,"1436":3,"1437":2,"1438":6,"1441":2,"1442":1,"1443":2,"1444":1,"1445":4,"1446":1,"1448":1,"1451":5,"1452":3,"1454":3,"1455":3,"1456":1,"1457":4,"1458":2,"1459":2,"1460":1,"1461":1,"1462":1,"1463":1,"1464":2,"1465":2,"1466":4,"1467":2,"1468":3,"1470":5,"1471":2,"1472":1,"1473":4,"1474":2,"1475":1,"1476":2,"1477":1,"1478":5,"1479":1,"1480":2,"1481":2,"1483":1,"1484":1,"1485":1,"1486":1,"1487":7,"1488":1,"1489":1,"1490":3,"1491":1,"1492":3,"1493":2,"1494":4,"1497":2,"1499":4,"1500":4,"1501":1,"1503":1,"1504":2,"1505":1,"1506":3,"1507":1,"1508":3,"1509":3,"1510":3,"1511":2,"1513":2,"1514":1,"1516":3,"1517":1,"1518":2,"1519":1,"1520":2,"1521":2,"1522":3,"1523":3,"1525":3,"1526":2,"1527":2,"1528":1,"1529":1,"1530":5,"1531":3,"1532":3,"1533":2,"1534":1,"1535":1,"1536":1,"1537":4,"1538":3,"1539":4,"1540":1,"1541":3,"1543":2,"1545":1,"1546":1,"1548":1,"1549":1,"1550":2,"1551":3,"1552":1,"1553":4,"1554":3,"1555":1,"1557":2,"1559":1,"1560":1,"1561":2,"1562":2,"1563":3,"1564":2,"1565":1,"1566":7,"1567":2,"1568":2,"1570":3,"1571":1,"1572":3,"1573":3,"1574":1,"1575":1,"1576":1,"1578":4,"1579":2,"1580":3,"1581":3,"1583":2,"1584":2,"1585":1,"1586":1,"1587":4,"1588":2,"1589":2,"1590":2,"1591":2,"1592":1,"1593":3,"1594":1,"1595":5,"1596":4,"1597":1,"1598":2,"1599":4,"1600":1,"1601":5,"1602":2,"1603":4,"1604":1,"1605":1,"1608":1,"1610":3,"1611":2,"1612":1,"1613":2,"1614":1,"1616":4,"1618":3,"1619":1,"1620":4,"1621":2,"1623":2,"1626":2,"1627":2,"1628":1,"1629":2,"1630":1,"1631":1,"1633":3,"1634":1,"1635":4,"1636":1,"1637":1,"1638":1,"1639":2,"1640":4,"1641":2,"1642":1,"1643":2,"1645":2,"1646":3,"1648":1,"1649":4,"1650":2,"1651":1,"1652":3,"1654":3,"1655":3,"1656":1,"1657":3,"1658":1,"1659":1,"1660":3,"1661":1,"1662":6,"1663":1,"1664":2,"1665":1,"1666":1,"1667":2,"1668":2,"1669":8,"1670":1,"1672":3,"1673":2,"1674":1,"1675":1,"1676":2,"1677":5,"1678":1,"1679":1,"1680":3,"1681":2,"1682":4,"1683":2,"1684":1,"1685":3,"1687":1,"1688":2,"1689":4,"1691":1,"1692":1,"1693":1,"1694":2,"1696":1,"1697":2,"1699":1,"1701":1,"1704":1,"6645":1,"6658":1},"fork_created":0,"fork_confirmed":0,"fork_unresolved_at_end":0}
EPOCH_ENDED epoch=2 elections=10 active=3 t=1791397474163
EPOCH_ENDED epoch=2 elections=10 active=3 t=1791397474178
EPOCH_ADVANCED epoch=3 elections=10 active=3 vote_records=453068 t=1791397474236
EPOCH_ADVANCED epoch=3 elections=10 active=3 vote_records=453092 t=1791397474240
EPOCH_CLOSE_UNREADY epoch=2 short_of=reports usable=0 weight=0 required=5 held=0 theirs=[] t=1791397474242
EPOCH_CLOSE_UNREADY epoch=2 short_of=reports usable=0 weight=0 required=5 held=0 theirs=[] t=1791397474246
EPOCH_REPORT epoch=2 certified=45065 residual=0 root=9E7B1108D58BCFE6AF09BB5CC2246C6D28743455FE173F82AC782192D3623047 reports=1 t=1791397474310
EPOCH_ENDED epoch=2 elections=10 active=3 t=1791397474311
EPOCH_REPORT epoch=2 certified=45065 residual=0 root=9E7B1108D58BCFE6AF09BB5CC2246C6D28743455FE173F82AC782192D3623047 reports=1 t=1791397474315
EPOCH_ENDED epoch=2 elections=10 active=3 t=1791397474323
EPOCH_ENDED epoch=2 elections=10 active=3 t=1791397474323
EPOCH_ADVANCED epoch=3 elections=10 active=3 vote_records=453081 t=1791397474356
EPOCH_ADVANCED epoch=3 elections=10 active=3 vote_records=453070 t=1791397474372
EPOCH_ADVANCED epoch=3 elections=10 active=3 vote_records=453066 t=1791397474373
EPOCH_RECONCILED epoch=2 reporter=A353E45E6D0016CAEED0DFA4EC5B0640E2AA22A793F9F2375E77F1AB92977C04 complete=true entries=0 total=45065 symbols=0 dropped=false t=1791397474422
EPOCH_RECONCILED epoch=2 reporter=633D9D614858AB1710D5D8C3180E2A082DC97208BA8C26BA6C6D1A86C8E31CC0 complete=true entries=0 total=45065 symbols=0 dropped=false t=1791397474427
EPOCH_RECONCILED epoch=2 reporter=633D9D614858AB1710D5D8C3180E2A082DC97208BA8C26BA6C6D1A86C8E31CC0 complete=true entries=0 total=45065 symbols=0 dropped=false t=1791397474442
EPOCH_RECONCILED epoch=2 reporter=A353E45E6D0016CAEED0DFA4EC5B0640E2AA22A793F9F2375E77F1AB92977C04 complete=true entries=0 total=45065 symbols=0 dropped=false t=1791397474446
EPOCH_REPORT epoch=2 certified=45065 residual=0 root=9E7B1108D58BCFE6AF09BB5CC2246C6D28743455FE173F82AC782192D3623047 reports=1 t=1791397474447
EPOCH_RECONCILED epoch=2 reporter=A353E45E6D0016CAEED0DFA4EC5B0640E2AA22A793F9F2375E77F1AB92977C04 complete=true entries=0 total=45065 symbols=0 dropped=false t=1791397474448
EPOCH_RECONCILED epoch=2 reporter=633D9D614858AB1710D5D8C3180E2A082DC97208BA8C26BA6C6D1A86C8E31CC0 complete=true entries=0 total=45065 symbols=0 dropped=false t=1791397474451
EPOCH_REPORT epoch=2 certified=45065 residual=0 root=9E7B1108D58BCFE6AF09BB5CC2246C6D28743455FE173F82AC782192D3623047 reports=1 t=1791397474461
EPOCH_REPORT epoch=2 certified=45065 residual=0 root=9E7B1108D58BCFE6AF09BB5CC2246C6D28743455FE173F82AC782192D3623047 reports=1 t=1791397474465
EPOCH_CLOSE_UNREADY epoch=2 short_of=reports usable=3 weight=3 required=5 held=4 theirs=["A353E45E:9E7B1108:D7A011D4", "633D9D61:9E7B1108:D7A011D4", "65A90023:9E7B1108:D7A011D4", "911999B2:9E7B1108:D7A011D4"] t=1791397474483
EPOCH_CLOSE_UNREADY epoch=2 short_of=reports usable=3 weight=3 required=5 held=4 theirs=["D315857C:9E7B1108:D7A011D4", "911999B2:9E7B1108:D7A011D4", "633D9D61:9E7B1108:D7A011D4", "A353E45E:9E7B1108:D7A011D4"] t=1791397474493
EPOCH_CLOSE_UNREADY epoch=2 short_of=reports usable=3 weight=3 required=5 held=4 theirs=["D315857C:9E7B1108:D7A011D4", "65A90023:9E7B1108:D7A011D4", "633D9D61:9E7B1108:D7A011D4", "A353E45E:9E7B1108:D7A011D4"] t=1791397474496
EPOCH_RECONCILED epoch=2 reporter=633D9D614858AB1710D5D8C3180E2A082DC97208BA8C26BA6C6D1A86C8E31CC0 complete=true entries=0 total=45065 symbols=0 dropped=false t=1791397474521
EPOCH_RECONCILED epoch=2 reporter=D315857CE70C54DE713F6E82E5613BB3A1266C15E28AD2F4338C7BBEC456F532 complete=true entries=0 total=45065 symbols=0 dropped=false t=1791397474523
EPOCH_RECONCILED epoch=2 reporter=911999B2AEFA7ACC66EBD802B3301FF6CE431405107749D940277955CB7FDD07 complete=true entries=0 total=45065 symbols=0 dropped=false t=1791397474526
EPOCH_RECONCILED epoch=2 reporter=65A90023F6C0D2181AAA63F005D81BBC0C04650505E21D5123F9AE1F9E992BFF complete=true entries=0 total=45065 symbols=0 dropped=false t=1791397474528
EPOCH_RECONCILED epoch=2 reporter=911999B2AEFA7ACC66EBD802B3301FF6CE431405107749D940277955CB7FDD07 complete=true entries=0 total=45065 symbols=0 dropped=false t=1791397474528
EPOCH_RECONCILED epoch=2 reporter=D315857CE70C54DE713F6E82E5613BB3A1266C15E28AD2F4338C7BBEC456F532 complete=true entries=0 total=45065 symbols=0 dropped=false t=1791397474531
EPOCH_RECONCILED epoch=2 reporter=65A90023F6C0D2181AAA63F005D81BBC0C04650505E21D5123F9AE1F9E992BFF complete=true entries=0 total=45065 symbols=0 dropped=false t=1791397474533
EPOCH_RECONCILED epoch=2 reporter=A353E45E6D0016CAEED0DFA4EC5B0640E2AA22A793F9F2375E77F1AB92977C04 complete=true entries=0 total=45065 symbols=0 dropped=false t=1791397474535
EPOCH_CLOSE_READY epoch=2 t=1791397474585
EPOCH_CLOSE_READY epoch=2 t=1791397474591
EPOCH_RECONCILED epoch=2 reporter=65A90023F6C0D2181AAA63F005D81BBC0C04650505E21D5123F9AE1F9E992BFF complete=true entries=0 total=45065 symbols=0 dropped=false t=1791397474656
EPOCH_RECONCILED epoch=2 reporter=911999B2AEFA7ACC66EBD802B3301FF6CE431405107749D940277955CB7FDD07 complete=true entries=0 total=45065 symbols=0 dropped=false t=1791397474659
EPOCH_RECONCILED epoch=2 reporter=D315857CE70C54DE713F6E82E5613BB3A1266C15E28AD2F4338C7BBEC456F532 complete=true entries=0 total=45065 symbols=0 dropped=false t=1791397474688
EPOCH_RECONCILED epoch=2 reporter=65A90023F6C0D2181AAA63F005D81BBC0C04650505E21D5123F9AE1F9E992BFF complete=true entries=0 total=45065 symbols=0 dropped=false t=1791397474691
EPOCH_CLOSE_READY epoch=2 t=1791397474692
EPOCH_RECONCILED epoch=2 reporter=D315857CE70C54DE713F6E82E5613BB3A1266C15E28AD2F4338C7BBEC456F532 complete=true entries=0 total=45065 symbols=0 dropped=false t=1791397474713
EPOCH_RECONCILED epoch=2 reporter=911999B2AEFA7ACC66EBD802B3301FF6CE431405107749D940277955CB7FDD07 complete=true entries=0 total=45065 symbols=0 dropped=false t=1791397474716
EPOCH_CLOSE_READY epoch=2 t=1791397474722
EPOCH_CLOSE_READY epoch=2 t=1791397474744
EPOCH_CLOSE_ROUND epoch=2 round=0 leader=735FE217D91E88EA82324C5883296385FA0041C2FAC85C827BAA46DA1E14B83F leads=false t=1791397474780
EPOCH_CLOSE_ROUND epoch=2 round=0 leader=735FE217D91E88EA82324C5883296385FA0041C2FAC85C827BAA46DA1E14B83F leads=false t=1791397474793
EPOCH_CLOSE_ROUND epoch=2 round=0 leader=735FE217D91E88EA82324C5883296385FA0041C2FAC85C827BAA46DA1E14B83F leads=false t=1791397474917
EPOCH_CLOSE_ROUND epoch=2 round=0 leader=735FE217D91E88EA82324C5883296385FA0041C2FAC85C827BAA46DA1E14B83F leads=false t=1791397474952
EPOCH_CLOSE_ROUND epoch=2 round=0 leader=735FE217D91E88EA82324C5883296385FA0041C2FAC85C827BAA46DA1E14B83F leads=false t=1791397474980
EPOCH_CLOSE_ROUND epoch=2 round=1 leader=911999B2AEFA7ACC66EBD802B3301FF6CE431405107749D940277955CB7FDD07 leads=false t=1791397477217
EPOCH_CLOSE_ROUND epoch=2 round=1 leader=911999B2AEFA7ACC66EBD802B3301FF6CE431405107749D940277955CB7FDD07 leads=false t=1791397477243
EPOCH_CLOSE_ROUND epoch=2 round=1 leader=911999B2AEFA7ACC66EBD802B3301FF6CE431405107749D940277955CB7FDD07 leads=false t=1791397477380
EPOCH_CLOSE_ROUND epoch=2 round=1 leader=911999B2AEFA7ACC66EBD802B3301FF6CE431405107749D940277955CB7FDD07 leads=true t=1791397477397
EPOCH_CLOSE_ROUND epoch=2 round=1 leader=911999B2AEFA7ACC66EBD802B3301FF6CE431405107749D940277955CB7FDD07 leads=false t=1791397477424
EPOCH_PROPOSED epoch=2 round=1 value=2E93AF9C28C1E6EBDF1F32780DD1CEDE670AC0EC0A5E7423994BB935CD2968AF state=36CCBF434DC9F5205338CCDCDDF08B1D3663BABFC5846123129332EB6C743F52 reports=5 t=1791397477575
EPOCH_VALUE epoch=2 value=2E93AF9C28C1E6EBDF1F32780DD1CEDE670AC0EC0A5E7423994BB935CD2968AF state=36CCBF434DC9F5205338CCDCDDF08B1D3663BABFC5846123129332EB6C743F52 t=1791397477575
EPOCH_VALUE epoch=2 value=2E93AF9C28C1E6EBDF1F32780DD1CEDE670AC0EC0A5E7423994BB935CD2968AF state=36CCBF434DC9F5205338CCDCDDF08B1D3663BABFC5846123129332EB6C743F52 t=1791397477770
EPOCH_VALUE epoch=2 value=2E93AF9C28C1E6EBDF1F32780DD1CEDE670AC0EC0A5E7423994BB935CD2968AF state=36CCBF434DC9F5205338CCDCDDF08B1D3663BABFC5846123129332EB6C743F52 t=1791397477771
EPOCH_VALUE epoch=2 value=2E93AF9C28C1E6EBDF1F32780DD1CEDE670AC0EC0A5E7423994BB935CD2968AF state=36CCBF434DC9F5205338CCDCDDF08B1D3663BABFC5846123129332EB6C743F52 t=1791397477772
EPOCH_VALUE epoch=2 value=2E93AF9C28C1E6EBDF1F32780DD1CEDE670AC0EC0A5E7423994BB935CD2968AF state=36CCBF434DC9F5205338CCDCDDF08B1D3663BABFC5846123129332EB6C743F52 t=1791397477774
EPOCH_INSTALL epoch=2 finalized=13325 instances_confirmed=10 t=1791397477921
EPOCH_INSTALL epoch=2 finalized=13325 instances_confirmed=10 t=1791397477922
EPOCH_INSTALL epoch=2 finalized=13325 instances_confirmed=10 t=1791397477922
EPOCH_INSTALL epoch=2 finalized=13325 instances_confirmed=10 t=1791397477929
EPOCH_INSTALL epoch=2 finalized=13325 instances_confirmed=10 t=1791397477932
EPOCH_FRONTIER_MISSING epoch=2 accounts=74 : blocks this node does not hold t=1791397478096
EPOCH_COMMITTEE derived_by=2 members=6 accounts=17676 n=6 digest=95D409445152DD075E6A4799205DFA5689496EB8EE1A22AC2A200B9DBC2DCF27 shares=["A353E45E:16.7%", "735FE217:16.7%", "D315857C:16.7%", "911999B2:16.7%", "633D9D61:16.7%", "65A90023:16.7%"] t=1791397478102
EPOCH_CLOSED epoch=2 round=1 value=2E93AF9C28C1E6EBDF1F32780DD1CEDE670AC0EC0A5E7423994BB935CD2968AF state=36CCBF434DC9F5205338CCDCDDF08B1D3663BABFC5846123129332EB6C743F52 t=1791397478102
EPOCH_FRONTIER_MISSING epoch=2 accounts=74 : blocks this node does not hold t=1791397478114
EPOCH_FRONTIER_MISSING epoch=2 accounts=74 : blocks this node does not hold t=1791397478118
EPOCH_COMMITTEE derived_by=2 members=6 accounts=17676 n=6 digest=95D409445152DD075E6A4799205DFA5689496EB8EE1A22AC2A200B9DBC2DCF27 shares=["A353E45E:16.7%", "735FE217:16.7%", "D315857C:16.7%", "911999B2:16.7%", "633D9D61:16.7%", "65A90023:16.7%"] t=1791397478120
EPOCH_CLOSED epoch=2 round=1 value=2E93AF9C28C1E6EBDF1F32780DD1CEDE670AC0EC0A5E7423994BB935CD2968AF state=36CCBF434DC9F5205338CCDCDDF08B1D3663BABFC5846123129332EB6C743F52 t=1791397478120
EPOCH_COMMITTEE derived_by=2 members=6 accounts=17676 n=6 digest=95D409445152DD075E6A4799205DFA5689496EB8EE1A22AC2A200B9DBC2DCF27 shares=["A353E45E:16.7%", "735FE217:16.7%", "D315857C:16.7%", "911999B2:16.7%", "633D9D61:16.7%", "65A90023:16.7%"] t=1791397478124
EPOCH_CLOSED epoch=2 round=1 value=2E93AF9C28C1E6EBDF1F32780DD1CEDE670AC0EC0A5E7423994BB935CD2968AF state=36CCBF434DC9F5205338CCDCDDF08B1D3663BABFC5846123129332EB6C743F52 t=1791397478124
EPOCH_FRONTIER_MISSING epoch=2 accounts=74 : blocks this node does not hold t=1791397478124
EPOCH_FRONTIER_MISSING epoch=2 accounts=74 : blocks this node does not hold t=1791397478129
EPOCH_COMMITTEE derived_by=2 members=6 accounts=17676 n=6 digest=95D409445152DD075E6A4799205DFA5689496EB8EE1A22AC2A200B9DBC2DCF27 shares=["A353E45E:16.7%", "735FE217:16.7%", "D315857C:16.7%", "911999B2:16.7%", "633D9D61:16.7%", "65A90023:16.7%"] t=1791397478131
EPOCH_CLOSED epoch=2 round=1 value=2E93AF9C28C1E6EBDF1F32780DD1CEDE670AC0EC0A5E7423994BB935CD2968AF state=36CCBF434DC9F5205338CCDCDDF08B1D3663BABFC5846123129332EB6C743F52 t=1791397478131
EPOCH_COMMITTEE derived_by=2 members=6 accounts=17676 n=6 digest=95D409445152DD075E6A4799205DFA5689496EB8EE1A22AC2A200B9DBC2DCF27 shares=["A353E45E:16.7%", "735FE217:16.7%", "D315857C:16.7%", "911999B2:16.7%", "633D9D61:16.7%", "65A90023:16.7%"] t=1791397478138
EPOCH_CLOSED epoch=2 round=1 value=2E93AF9C28C1E6EBDF1F32780DD1CEDE670AC0EC0A5E7423994BB935CD2968AF state=36CCBF434DC9F5205338CCDCDDF08B1D3663BABFC5846123129332EB6C743F52 t=1791397478138
EPOCH_INSTALLED epoch=2 finalized=13325 cemented=13325 queued=0 missing=0 t=1791397478143
EPOCH_INSTALLED epoch=2 finalized=13325 cemented=13325 queued=0 missing=0 t=1791397478169
EPOCH_INSTALLED epoch=2 finalized=13325 cemented=13325 queued=0 missing=0 t=1791397478171
EPOCH_INSTALLED epoch=2 finalized=13325 cemented=13325 queued=0 missing=0 t=1791397478186
EPOCH_INSTALLED epoch=2 finalized=13325 cemented=13325 queued=0 missing=0 t=1791397478189
EPOCH_EVIDENCE_RELEASED epoch=2 t=1791397478194
EPOCH_EVIDENCE_RELEASED epoch=2 t=1791397478198
EPOCH_EVIDENCE_RELEASED epoch=2 t=1791397478202
EPOCH_EVIDENCE_RELEASED epoch=2 t=1791397478206
EPOCH_EVIDENCE_RELEASED epoch=2 t=1791397478220
