[2m2026-09-22T11:19:19.667797Z[0m [32m INFO[0m [2mnanospam::setup::account_map_factory[0m[2m:[0m Creating account keys file with 45000 keys: "/Users/ruimorais/NanoSpam/account_keys.txt"
[2m2026-09-22T11:19:20.418852Z[0m [32m INFO[0m [2mnanospam::setup::node_config_factory[0m[2m:[0m ********************************************************************************
[2m2026-09-22T11:19:20.418865Z[0m [32m INFO[0m [2mnanospam::setup::node_config_factory[0m[2m:[0m Setting up node PR0...
[2m2026-09-22T11:19:20.418870Z[0m [32m INFO[0m [2mnanospam::setup::node_config_factory[0m[2m:[0m Creating directory "/Users/ruimorais/NanoSpam/pr0"
[2m2026-09-22T11:19:20.418946Z[0m [32m INFO[0m [2mnanospam::setup::node_config_factory[0m[2m:[0m Creating node config file: "/Users/ruimorais/NanoSpam/pr0/config-node.toml"
[2m2026-09-22T11:19:20.419058Z[0m [32m INFO[0m [2mnanospam::setup::node_config_factory[0m[2m:[0m Creating rpc config file: "/Users/ruimorais/NanoSpam/pr0/config-rpc.toml"
[2m2026-09-22T11:19:20.419119Z[0m [32m INFO[0m [2mnanospam::setup::node_config_factory[0m[2m:[0m ********************************************************************************
[2m2026-09-22T11:19:20.419124Z[0m [32m INFO[0m [2mnanospam::setup::node_config_factory[0m[2m:[0m Setting up node PR1...
[2m2026-09-22T11:19:20.419127Z[0m [32m INFO[0m [2mnanospam::setup::node_config_factory[0m[2m:[0m Creating directory "/Users/ruimorais/NanoSpam/pr1"
[2m2026-09-22T11:19:20.419168Z[0m [32m INFO[0m [2mnanospam::setup::node_config_factory[0m[2m:[0m Creating node config file: "/Users/ruimorais/NanoSpam/pr1/config-node.toml"
[2m2026-09-22T11:19:20.419237Z[0m [32m INFO[0m [2mnanospam::setup::node_config_factory[0m[2m:[0m Creating rpc config file: "/Users/ruimorais/NanoSpam/pr1/config-rpc.toml"
[2m2026-09-22T11:19:20.419309Z[0m [32m INFO[0m [2mnanospam::setup::node_config_factory[0m[2m:[0m ********************************************************************************
[2m2026-09-22T11:19:20.419313Z[0m [32m INFO[0m [2mnanospam::setup::node_config_factory[0m[2m:[0m Setting up node PR2...
[2m2026-09-22T11:19:20.419316Z[0m [32m INFO[0m [2mnanospam::setup::node_config_factory[0m[2m:[0m Creating directory "/Users/ruimorais/NanoSpam/pr2"
[2m2026-09-22T11:19:20.419358Z[0m [32m INFO[0m [2mnanospam::setup::node_config_factory[0m[2m:[0m Creating node config file: "/Users/ruimorais/NanoSpam/pr2/config-node.toml"
[2m2026-09-22T11:19:20.419420Z[0m [32m INFO[0m [2mnanospam::setup::node_config_factory[0m[2m:[0m Creating rpc config file: "/Users/ruimorais/NanoSpam/pr2/config-rpc.toml"
[2m2026-09-22T11:19:20.419471Z[0m [32m INFO[0m [2mnanospam::setup::node_config_factory[0m[2m:[0m ********************************************************************************
[2m2026-09-22T11:19:20.419475Z[0m [32m INFO[0m [2mnanospam::setup::node_config_factory[0m[2m:[0m Setting up node PR3...
[2m2026-09-22T11:19:20.419478Z[0m [32m INFO[0m [2mnanospam::setup::node_config_factory[0m[2m:[0m Creating directory "/Users/ruimorais/NanoSpam/pr3"
[2m2026-09-22T11:19:20.419513Z[0m [32m INFO[0m [2mnanospam::setup::node_config_factory[0m[2m:[0m Creating node config file: "/Users/ruimorais/NanoSpam/pr3/config-node.toml"
[2m2026-09-22T11:19:20.419576Z[0m [32m INFO[0m [2mnanospam::setup::node_config_factory[0m[2m:[0m Creating rpc config file: "/Users/ruimorais/NanoSpam/pr3/config-rpc.toml"
[2m2026-09-22T11:19:20.419632Z[0m [32m INFO[0m [2mnanospam::setup::node_config_factory[0m[2m:[0m ********************************************************************************
[2m2026-09-22T11:19:20.419639Z[0m [32m INFO[0m [2mnanospam::setup::node_config_factory[0m[2m:[0m Setting up node PR4...
[2m2026-09-22T11:19:20.419642Z[0m [32m INFO[0m [2mnanospam::setup::node_config_factory[0m[2m:[0m Creating directory "/Users/ruimorais/NanoSpam/pr4"
[2m2026-09-22T11:19:20.419680Z[0m [32m INFO[0m [2mnanospam::setup::node_config_factory[0m[2m:[0m Creating node config file: "/Users/ruimorais/NanoSpam/pr4/config-node.toml"
[2m2026-09-22T11:19:20.419750Z[0m [32m INFO[0m [2mnanospam::setup::node_config_factory[0m[2m:[0m Creating rpc config file: "/Users/ruimorais/NanoSpam/pr4/config-rpc.toml"
[2m2026-09-22T11:19:20.419802Z[0m [32m INFO[0m [2mnanospam::setup::node_config_factory[0m[2m:[0m ********************************************************************************
[2m2026-09-22T11:19:20.419805Z[0m [32m INFO[0m [2mnanospam::setup::node_config_factory[0m[2m:[0m Setting up node PR5...
[2m2026-09-22T11:19:20.419807Z[0m [32m INFO[0m [2mnanospam::setup::node_config_factory[0m[2m:[0m Creating directory "/Users/ruimorais/NanoSpam/pr5"
[2m2026-09-22T11:19:20.419841Z[0m [32m INFO[0m [2mnanospam::setup::node_config_factory[0m[2m:[0m Creating node config file: "/Users/ruimorais/NanoSpam/pr5/config-node.toml"
[2m2026-09-22T11:19:20.419897Z[0m [32m INFO[0m [2mnanospam::setup::node_config_factory[0m[2m:[0m Creating rpc config file: "/Users/ruimorais/NanoSpam/pr5/config-rpc.toml"
[2m2026-09-22T11:19:20.420061Z[0m [32m INFO[0m [2mnanospam::setup::node_launcher[0m[2m:[0m Starting node: NANO_TEST_GENESIS_BLOCK="{\n    \"type\": \"open\",\n    \"account\": \"nano_3nroioygg54nusrmyun4woimqex36sp3drnctdt5955uqu47fxbkrxk7n7ne\",\n    \"source\": \"D315857CE70C54DE713F6E82E5613BB3A1266C15E28AD2F4338C7BBEC456F532\",\n    \"representative\": \"nano_3nroioygg54nusrmyun4woimqex36sp3drnctdt5955uqu47fxbkrxk7n7ne\",\n    \"signature\": \"3F6792C2DC623DF2E8643777160AB983B66B337E2478E13D2C3448126A8F4CD8DCCD19803C158A057FA44060AE0EFC09B1C311CB4FBF42F8D240610B38F56E08\",\n    \"work\": \"70FEF01F7EC45DEC\"\n    }" NANO_TEST_GENESIS_PRV ="49643F9B10CA1AA34F9AF8ED4AABD29F436104CCC375974B108534A48EAE3FE1" "rsnano" "--network" "test" "--data-path" "/Users/ruimorais/NanoSpam/pr0" "node" "run"
[2m2026-09-22T11:19:20.421315Z[0m [32m INFO[0m [2mnanospam::setup::node_launcher[0m[2m:[0m Waiting for RPC...
[2m2026-09-22T11:19:20.729063Z[0m [32m INFO[0m [2mnanospam::setup::node_launcher[0m[2m:[0m Starting node: NANO_TEST_GENESIS_BLOCK="{\n    \"type\": \"open\",\n    \"account\": \"nano_3nroioygg54nusrmyun4woimqex36sp3drnctdt5955uqu47fxbkrxk7n7ne\",\n    \"source\": \"D315857CE70C54DE713F6E82E5613BB3A1266C15E28AD2F4338C7BBEC456F532\",\n    \"representative\": \"nano_3nroioygg54nusrmyun4woimqex36sp3drnctdt5955uqu47fxbkrxk7n7ne\",\n    \"signature\": \"3F6792C2DC623DF2E8643777160AB983B66B337E2478E13D2C3448126A8F4CD8DCCD19803C158A057FA44060AE0EFC09B1C311CB4FBF42F8D240610B38F56E08\",\n    \"work\": \"70FEF01F7EC45DEC\"\n    }" NANO_TEST_GENESIS_PRV ="49643F9B10CA1AA34F9AF8ED4AABD29F436104CCC375974B108534A48EAE3FE1" "rsnano" "--network" "test" "--data-path" "/Users/ruimorais/NanoSpam/pr1" "node" "run"
[2m2026-09-22T11:19:20.729833Z[0m [32m INFO[0m [2mnanospam::setup::node_launcher[0m[2m:[0m Waiting for RPC...
[2m2026-09-22T11:19:20.832656Z[0m [32m INFO[0m [2mnanospam::setup::node_launcher[0m[2m:[0m Starting node: NANO_TEST_GENESIS_BLOCK="{\n    \"type\": \"open\",\n    \"account\": \"nano_3nroioygg54nusrmyun4woimqex36sp3drnctdt5955uqu47fxbkrxk7n7ne\",\n    \"source\": \"D315857CE70C54DE713F6E82E5613BB3A1266C15E28AD2F4338C7BBEC456F532\",\n    \"representative\": \"nano_3nroioygg54nusrmyun4woimqex36sp3drnctdt5955uqu47fxbkrxk7n7ne\",\n    \"signature\": \"3F6792C2DC623DF2E8643777160AB983B66B337E2478E13D2C3448126A8F4CD8DCCD19803C158A057FA44060AE0EFC09B1C311CB4FBF42F8D240610B38F56E08\",\n    \"work\": \"70FEF01F7EC45DEC\"\n    }" NANO_TEST_GENESIS_PRV ="49643F9B10CA1AA34F9AF8ED4AABD29F436104CCC375974B108534A48EAE3FE1" "rsnano" "--network" "test" "--data-path" "/Users/ruimorais/NanoSpam/pr2" "node" "run"
[2m2026-09-22T11:19:20.832985Z[0m [32m INFO[0m [2mnanospam::setup::node_launcher[0m[2m:[0m Waiting for RPC...
[2m2026-09-22T11:19:20.935968Z[0m [32m INFO[0m [2mnanospam::setup::node_launcher[0m[2m:[0m Starting node: NANO_TEST_GENESIS_BLOCK="{\n    \"type\": \"open\",\n    \"account\": \"nano_3nroioygg54nusrmyun4woimqex36sp3drnctdt5955uqu47fxbkrxk7n7ne\",\n    \"source\": \"D315857CE70C54DE713F6E82E5613BB3A1266C15E28AD2F4338C7BBEC456F532\",\n    \"representative\": \"nano_3nroioygg54nusrmyun4woimqex36sp3drnctdt5955uqu47fxbkrxk7n7ne\",\n    \"signature\": \"3F6792C2DC623DF2E8643777160AB983B66B337E2478E13D2C3448126A8F4CD8DCCD19803C158A057FA44060AE0EFC09B1C311CB4FBF42F8D240610B38F56E08\",\n    \"work\": \"70FEF01F7EC45DEC\"\n    }" NANO_TEST_GENESIS_PRV ="49643F9B10CA1AA34F9AF8ED4AABD29F436104CCC375974B108534A48EAE3FE1" "rsnano" "--network" "test" "--data-path" "/Users/ruimorais/NanoSpam/pr3" "node" "run"
[2m2026-09-22T11:19:20.936474Z[0m [32m INFO[0m [2mnanospam::setup::node_launcher[0m[2m:[0m Waiting for RPC...
[2m2026-09-22T11:19:21.039483Z[0m [32m INFO[0m [2mnanospam::setup::node_launcher[0m[2m:[0m Starting node: NANO_TEST_GENESIS_BLOCK="{\n    \"type\": \"open\",\n    \"account\": \"nano_3nroioygg54nusrmyun4woimqex36sp3drnctdt5955uqu47fxbkrxk7n7ne\",\n    \"source\": \"D315857CE70C54DE713F6E82E5613BB3A1266C15E28AD2F4338C7BBEC456F532\",\n    \"representative\": \"nano_3nroioygg54nusrmyun4woimqex36sp3drnctdt5955uqu47fxbkrxk7n7ne\",\n    \"signature\": \"3F6792C2DC623DF2E8643777160AB983B66B337E2478E13D2C3448126A8F4CD8DCCD19803C158A057FA44060AE0EFC09B1C311CB4FBF42F8D240610B38F56E08\",\n    \"work\": \"70FEF01F7EC45DEC\"\n    }" NANO_TEST_GENESIS_PRV ="49643F9B10CA1AA34F9AF8ED4AABD29F436104CCC375974B108534A48EAE3FE1" "rsnano" "--network" "test" "--data-path" "/Users/ruimorais/NanoSpam/pr4" "node" "run"
[2m2026-09-22T11:19:21.039954Z[0m [32m INFO[0m [2mnanospam::setup::node_launcher[0m[2m:[0m Waiting for RPC...
[2m2026-09-22T11:19:21.142148Z[0m [32m INFO[0m [2mnanospam::setup::node_launcher[0m[2m:[0m Starting node: NANO_TEST_GENESIS_BLOCK="{\n    \"type\": \"open\",\n    \"account\": \"nano_3nroioygg54nusrmyun4woimqex36sp3drnctdt5955uqu47fxbkrxk7n7ne\",\n    \"source\": \"D315857CE70C54DE713F6E82E5613BB3A1266C15E28AD2F4338C7BBEC456F532\",\n    \"representative\": \"nano_3nroioygg54nusrmyun4woimqex36sp3drnctdt5955uqu47fxbkrxk7n7ne\",\n    \"signature\": \"3F6792C2DC623DF2E8643777160AB983B66B337E2478E13D2C3448126A8F4CD8DCCD19803C158A057FA44060AE0EFC09B1C311CB4FBF42F8D240610B38F56E08\",\n    \"work\": \"70FEF01F7EC45DEC\"\n    }" NANO_TEST_GENESIS_PRV ="49643F9B10CA1AA34F9AF8ED4AABD29F436104CCC375974B108534A48EAE3FE1" "rsnano" "--network" "test" "--data-path" "/Users/ruimorais/NanoSpam/pr5" "node" "run"
[2m2026-09-22T11:19:21.142697Z[0m [32m INFO[0m [2mnanospam::setup::node_launcher[0m[2m:[0m Waiting for RPC...
[2m2026-09-22T11:19:21.245508Z[0m [32m INFO[0m [2mnanospam::wallets_factory[0m[2m:[0m Creating wallet...
[2m2026-09-22T11:19:21.316749Z[0m [32m INFO[0m [2mnanospam::wallets_factory[0m[2m:[0m Setting default representative...
[2m2026-09-22T11:19:21.317085Z[0m [32m INFO[0m [2mnanospam::wallets_factory[0m[2m:[0m Creating wallet...
[2m2026-09-22T11:19:21.361977Z[0m [32m INFO[0m [2mnanospam::wallets_factory[0m[2m:[0m Setting default representative...
[2m2026-09-22T11:19:21.362269Z[0m [32m INFO[0m [2mnanospam::wallets_factory[0m[2m:[0m Sending Ӿ40,047,061 to PR1 wallet nano_3atmwjh8t11psdqf3qx6xjfiei94oajch6zsyauowxzjogbbgz168g5mp8f1 ...
[2m2026-09-22T11:19:21.362677Z[0m [32m INFO[0m [2mnanospam::wallets_factory[0m[2m:[0m Waiting for confirmation for B19EAD8221E07E52EEB7CA7EE50577B662C489ADBA15C0727DB6F8AEDAD50081
[2m2026-09-22T11:19:36.450559Z[0m [32m INFO[0m [2mnanospam::wallets_factory[0m[2m:[0m Receiving...
[2m2026-09-22T11:19:36.452505Z[0m [32m INFO[0m [2mnanospam::wallets_factory[0m[2m:[0m Waiting for confirmation for CBAA8D9FE2AA2CFEB77B87886D76922E22E4C51C0C091A54179A7E5CF79FC967
[2m2026-09-22T11:19:36.555741Z[0m [32m INFO[0m [2mnanospam::wallets_factory[0m[2m:[0m DONE
[2m2026-09-22T11:19:36.555893Z[0m [32m INFO[0m [2mnanospam::wallets_factory[0m[2m:[0m ********************************************************************************
[2m2026-09-22T11:19:36.555916Z[0m [32m INFO[0m [2mnanospam::wallets_factory[0m[2m:[0m Creating wallet...
[2m2026-09-22T11:19:36.635618Z[0m [32m INFO[0m [2mnanospam::wallets_factory[0m[2m:[0m Setting default representative...
[2m2026-09-22T11:19:36.635867Z[0m [32m INFO[0m [2mnanospam::wallets_factory[0m[2m:[0m Sending Ӿ40,047,061 to PR2 wallet nano_36asm8scxymtsjmgqp14per3zxpgaec1c65qb9en1buscq7qzqa93tfyyzs3 ...
[2m2026-09-22T11:19:36.636277Z[0m [32m INFO[0m [2mnanospam::wallets_factory[0m[2m:[0m Waiting for confirmation for CAFB013DCCB20BBF4CC103A0FDD2BF25C8F109B9E984B96D0666840E4B0F89BA
[2m2026-09-22T11:19:36.841682Z[0m [32m INFO[0m [2mnanospam::wallets_factory[0m[2m:[0m Receiving...
[2m2026-09-22T11:19:36.842953Z[0m [32m INFO[0m [2mnanospam::wallets_factory[0m[2m:[0m Waiting for confirmation for 7189E44F408196E8FD1F393F06CDAD4F7C5A415B2A2DDFA8ABEABEE83DA60182
[2m2026-09-22T11:19:36.945800Z[0m [32m INFO[0m [2mnanospam::wallets_factory[0m[2m:[0m DONE
[2m2026-09-22T11:19:36.945891Z[0m [32m INFO[0m [2mnanospam::wallets_factory[0m[2m:[0m ********************************************************************************
[2m2026-09-22T11:19:36.945906Z[0m [32m INFO[0m [2mnanospam::wallets_factory[0m[2m:[0m Creating wallet...
[2m2026-09-22T11:19:37.022886Z[0m [32m INFO[0m [2mnanospam::wallets_factory[0m[2m:[0m Setting default representative...
[2m2026-09-22T11:19:37.023193Z[0m [32m INFO[0m [2mnanospam::wallets_factory[0m[2m:[0m Sending Ӿ40,047,061 to PR3 wallet nano_1sfb11jzfi8k51fcnrzi1qe3qh1e1jkic3h45oak9yfg5yhbkczzxfwtat7m ...
[2m2026-09-22T11:19:37.023543Z[0m [32m INFO[0m [2mnanospam::wallets_factory[0m[2m:[0m Waiting for confirmation for E2CEA882BAF6FE5BE932C387FEB7740D791CAF9E5BECC7CEE8176C7DDEE6378A
[2m2026-09-22T11:19:40.509564Z[0m [32m INFO[0m [2mnanospam::wallets_factory[0m[2m:[0m Receiving...
[2m2026-09-22T11:19:40.510439Z[0m [32m INFO[0m [2mnanospam::wallets_factory[0m[2m:[0m Waiting for confirmation for EA5EC3EAA2535557DB68742DBFA22A64B7B314876EE136F919471550E89D65D4
[2m2026-09-22T11:19:40.612972Z[0m [32m INFO[0m [2mnanospam::wallets_factory[0m[2m:[0m DONE
[2m2026-09-22T11:19:40.613042Z[0m [32m INFO[0m [2mnanospam::wallets_factory[0m[2m:[0m ********************************************************************************
[2m2026-09-22T11:19:40.613054Z[0m [32m INFO[0m [2mnanospam::wallets_factory[0m[2m:[0m Creating wallet...
[2m2026-09-22T11:19:40.683658Z[0m [32m INFO[0m [2mnanospam::wallets_factory[0m[2m:[0m Setting default representative...
[2m2026-09-22T11:19:40.684005Z[0m [32m INFO[0m [2mnanospam::wallets_factory[0m[2m:[0m Sending Ӿ40,047,061 to PR4 wallet nano_1rsxmoinip7d4wafdp855194n43fs7s1jgne6tx8ruatiu6g89815pddzijp ...
[2m2026-09-22T11:19:40.684426Z[0m [32m INFO[0m [2mnanospam::wallets_factory[0m[2m:[0m Waiting for confirmation for 22677C7E74B964C1E24887306A66EAC48330280DFA5744E0E21166EC47B5438A
[2m2026-09-22T11:19:40.889693Z[0m [32m INFO[0m [2mnanospam::wallets_factory[0m[2m:[0m Receiving...
[2m2026-09-22T11:19:40.890940Z[0m [32m INFO[0m [2mnanospam::wallets_factory[0m[2m:[0m Waiting for confirmation for 686B8354F9897585048EDBC473B612A3E2823DE919A66201E69841219A6B5651
[2m2026-09-22T11:19:40.993297Z[0m [32m INFO[0m [2mnanospam::wallets_factory[0m[2m:[0m DONE
[2m2026-09-22T11:19:40.993368Z[0m [32m INFO[0m [2mnanospam::wallets_factory[0m[2m:[0m ********************************************************************************
[2m2026-09-22T11:19:40.993378Z[0m [32m INFO[0m [2mnanospam::wallets_factory[0m[2m:[0m Creating wallet...
[2m2026-09-22T11:19:41.069987Z[0m [32m INFO[0m [2mnanospam::wallets_factory[0m[2m:[0m Setting default representative...
[2m2026-09-22T11:19:41.070317Z[0m [32m INFO[0m [2mnanospam::wallets_factory[0m[2m:[0m Sending Ӿ40,047,061 to PR5 wallet nano_1wtzwadxk9naxc356m4rienp93ht131w7ypadk39qck8uah3bg3zohsmj9th ...
[2m2026-09-22T11:19:41.070687Z[0m [32m INFO[0m [2mnanospam::wallets_factory[0m[2m:[0m Waiting for confirmation for 86B6E149E407121861E950D6B66B56BA39E500C199E580ED6065515C3C25094F
[2m2026-09-22T11:19:41.275055Z[0m [32m INFO[0m [2mnanospam::wallets_factory[0m[2m:[0m Receiving...
[2m2026-09-22T11:19:41.276230Z[0m [32m INFO[0m [2mnanospam::wallets_factory[0m[2m:[0m Waiting for confirmation for 417F8AEA0F6FDD9A5EE6F5896819E98A81FC15AA2CF56207A5BCFB27193E37A9
[2m2026-09-22T11:19:41.481811Z[0m [32m INFO[0m [2mnanospam::wallets_factory[0m[2m:[0m DONE
[2m2026-09-22T11:19:41.481864Z[0m [32m INFO[0m [2mnanospam::wallets_factory[0m[2m:[0m ********************************************************************************
[2m2026-09-22T11:19:41.481875Z[0m [32m INFO[0m [2mnanospam::wallets_factory[0m[2m:[0m Sending initial spam amount...
[2m2026-09-22T11:19:41.482704Z[0m [32m INFO[0m [2mnanospam::wallets_factory[0m[2m:[0m Waiting for confirmation for EE4E1FE7EFFF184C294C476DF2C7C9A61E0140F1C22B5C78A7E566847B06DCAC
[2m2026-09-22T11:19:41.688140Z[0m [32m INFO[0m [2mnanospam::wallets_factory[0m[2m:[0m Receiving initial spam amount...
[2m2026-09-22T11:19:41.688978Z[0m [32m INFO[0m [2mnanospam::wallets_factory[0m[2m:[0m Waiting for confirmation for 71226FA193456B8F036D0EF5E350DF5C364FB70B27B3CFE72F1BC5D036249A96
[2m2026-09-22T11:19:41.893819Z[0m [32m INFO[0m [2mnanospam::wallets_factory[0m[2m:[0m Seeding Ӿ14,285,714 to nano_1i6rpabwmibxhrzyx1o3ph8myzdubp4jb74xrje1uizeyo8th5s7aeja83um for representative D315857CE70C54DE713F6E82E5613BB3A1266C15E28AD2F4338C7BBEC456F532
[2m2026-09-22T11:19:41.894549Z[0m [32m INFO[0m [2mnanospam::wallets_factory[0m[2m:[0m Waiting for confirmation for DE0CAE5B60CDB986172EF2663E3862E6AB1BCC8B2651EC172CD44CB777D5AD39
[2m2026-09-22T11:19:42.101243Z[0m [32m INFO[0m [2mnanospam::wallets_factory[0m[2m:[0m Waiting for confirmation for 859DCD18A2A4F300B6470B8FB862217EADD0B691A3C0E6CC9645944F39998EFE
[2m2026-09-22T11:19:42.408659Z[0m [32m INFO[0m [2mnanospam::wallets_factory[0m[2m:[0m Seeding Ӿ14,285,714 to nano_3sycdkpj6a5adnrduwa4s8g85k5goa1cehadd9bfuri858bgbopij5ww917t for representative A353E45E6D0016CAEED0DFA4EC5B0640E2AA22A793F9F2375E77F1AB92977C04
[2m2026-09-22T11:19:42.409369Z[0m [32m INFO[0m [2mnanospam::wallets_factory[0m[2m:[0m Waiting for confirmation for ADD5C902B334D5625064E4810A0B82CDD0FCA4F36787593D841C7E10322AA752
[2m2026-09-22T11:19:42.718187Z[0m [32m INFO[0m [2mnanospam::wallets_factory[0m[2m:[0m Waiting for confirmation for 8B9470FE901E6471BCBA0F27C119E3FD653748E9E1683A34752331A2121E7CF0
[2m2026-09-22T11:19:43.026276Z[0m [32m INFO[0m [2mnanospam::wallets_factory[0m[2m:[0m Seeding Ӿ14,285,714 to nano_3c79socp9hq1zmauqgo1orcae8qhru6qiamqjsjrcznmhtikc8pnw9h6c8de for representative 911999B2AEFA7ACC66EBD802B3301FF6CE431405107749D940277955CB7FDD07
[2m2026-09-22T11:19:43.026993Z[0m [32m INFO[0m [2mnanospam::wallets_factory[0m[2m:[0m Waiting for confirmation for B558812405336C9167F5721E2A8E7A24BB731F349F8D7D11072114F688647B44
[2m2026-09-22T11:19:43.335310Z[0m [32m INFO[0m [2mnanospam::wallets_factory[0m[2m:[0m Waiting for confirmation for 5F97A7BF644397BAD9EC2597EE3AE42C238BD1F2EAE7F5660521FEE7A5F47CC7
[2m2026-09-22T11:19:43.745743Z[0m [32m INFO[0m [2mnanospam::wallets_factory[0m[2m:[0m Seeding Ӿ14,285,714 to nano_3uyw3xm9bfw5pro86frceigi4no9ya4mhst8m94myci6931i7icbw1s8soyw for representative 65A90023F6C0D2181AAA63F005D81BBC0C04650505E21D5123F9AE1F9E992BFF
[2m2026-09-22T11:19:43.746656Z[0m [32m INFO[0m [2mnanospam::wallets_factory[0m[2m:[0m Waiting for confirmation for 10AF123FAA17DCC30E645CE6EF4C85C93E3A4CF0E12164F0EA34307FE677E44E
[2m2026-09-22T11:19:44.054198Z[0m [32m INFO[0m [2mnanospam::wallets_factory[0m[2m:[0m Waiting for confirmation for A7CCA1E08E1848E0156D370162B3C034F7AAC999882A896C8ED19F9F87802C8F
[2m2026-09-22T11:19:44.363782Z[0m [32m INFO[0m [2mnanospam::wallets_factory[0m[2m:[0m Seeding Ӿ14,285,714 to nano_31q9wirutbfcg31phq351uqnz3wtdhy5es1fhewrncrmyyfucpthmy7k4jk4 for representative 633D9D614858AB1710D5D8C3180E2A082DC97208BA8C26BA6C6D1A86C8E31CC0
[2m2026-09-22T11:19:44.364773Z[0m [32m INFO[0m [2mnanospam::wallets_factory[0m[2m:[0m Waiting for confirmation for 5539F2FF1A11F2D2EA0585BE71AD1A2261DDFE96121E5D3347F1C05A49A22EAA
[2m2026-09-22T11:19:46.112916Z[0m [32m INFO[0m [2mnanospam::wallets_factory[0m[2m:[0m Waiting for confirmation for 5A49F1C5B020E443BA453A807F18CDBC1BE577A665CCC956760501058025C4C5
[2m2026-09-22T11:19:46.421110Z[0m [32m INFO[0m [2mnanospam::wallets_factory[0m[2m:[0m Seeding Ӿ14,285,714 to nano_3ut784dbtt118ks1zkefzjfw7w3aq834i1m69ars99i6qrrmp6hdth1btx1k for representative 735FE217D91E88EA82324C5883296385FA0041C2FAC85C827BAA46DA1E14B83F
[2m2026-09-22T11:19:46.422230Z[0m [32m INFO[0m [2mnanospam::wallets_factory[0m[2m:[0m Waiting for confirmation for F704114ADF6FED0FC518111253B667F2C0F9C8BC165406629C2CC1D4B37426AB
[2m2026-09-22T11:19:46.834485Z[0m [32m INFO[0m [2mnanospam::wallets_factory[0m[2m:[0m Waiting for confirmation for B46A5CFB981CA727CCDA5470CB87683132AF43A34E1EA793816767A4938EC52E
[2m2026-09-22T11:19:47.042480Z[0m [32m INFO[0m [2mnanospam::high_prio_check[0m[2m:[0m Creating high priority accounts...
[2m2026-09-22T11:19:47.068593Z[0m [32m INFO[0m [2mnanospam::high_prio_check[0m[2m:[0m Waiting for confirmations...
[2m2026-09-22T11:19:49.456895Z[0m [32m INFO[0m [2mnanospam::app[0m[2m:[0m Waiting for all PRs to see the full quorum...
[2m2026-09-22T11:19:59.498395Z[0m [32m INFO[0m [2mnanospam::app[0m[2m:[0m Republished the genesis chain to all PRs
[2m2026-09-22T11:20:01.333141Z[0m [32m INFO[0m [2mnanospam::app[0m[2m:[0m All PRs see the full quorum after 11.87650525s
[2m2026-09-22T11:20:01.333273Z[0m [32m INFO[0m [2mnanospam::app[0m[2m:[0m Waiting for all PRs to hold the same cemented ledger...
[2m2026-09-22T11:20:01.334342Z[0m [32m INFO[0m [2mnanospam::app[0m[2m:[0m All PRs hold the same ledger of 65 blocks after 1.054667ms
EPOCH_COMMITTEE t=1790076001334 derived_by=genesis members=6 accounts=33 n=340282366920938463463374607431768211455 digest=EDFA9B01F0F695C72492AEF076ADCC00649641FDB32186ED92DA235395046A8F shares=["735FE217:20.2%", "A353E45E:16.0%", "633D9D61:16.0%", "65A90023:16.0%", "911999B2:16.0%", "D315857C:16.0%"]
EPOCH_START t=1790076001335 epoch=0 elections=0
EPOCH_COMMITTEE t=1790076001336 derived_by=genesis members=6 accounts=33 n=340282366920938463463374607431768211455 digest=EDFA9B01F0F695C72492AEF076ADCC00649641FDB32186ED92DA235395046A8F shares=["735FE217:20.2%", "A353E45E:16.0%", "633D9D61:16.0%", "65A90023:16.0%", "911999B2:16.0%", "D315857C:16.0%"]
EPOCH_START t=1790076001336 epoch=0 elections=0
EPOCH_COMMITTEE t=1790076001337 derived_by=genesis members=6 accounts=33 n=340282366920938463463374607431768211455 digest=EDFA9B01F0F695C72492AEF076ADCC00649641FDB32186ED92DA235395046A8F shares=["735FE217:20.2%", "A353E45E:16.0%", "633D9D61:16.0%", "65A90023:16.0%", "911999B2:16.0%", "D315857C:16.0%"]
EPOCH_START t=1790076001337 epoch=0 elections=0
EPOCH_COMMITTEE t=1790076001338 derived_by=genesis members=6 accounts=33 n=340282366920938463463374607431768211455 digest=EDFA9B01F0F695C72492AEF076ADCC00649641FDB32186ED92DA235395046A8F shares=["735FE217:20.2%", "A353E45E:16.0%", "633D9D61:16.0%", "65A90023:16.0%", "911999B2:16.0%", "D315857C:16.0%"]
EPOCH_START t=1790076001338 epoch=0 elections=0
EPOCH_COMMITTEE t=1790076001338 derived_by=genesis members=6 accounts=33 n=340282366920938463463374607431768211455 digest=EDFA9B01F0F695C72492AEF076ADCC00649641FDB32186ED92DA235395046A8F shares=["735FE217:20.2%", "A353E45E:16.0%", "633D9D61:16.0%", "65A90023:16.0%", "911999B2:16.0%", "D315857C:16.0%"]
EPOCH_START t=1790076001339 epoch=0 elections=0
EPOCH_COMMITTEE t=1790076001339 derived_by=genesis members=6 accounts=33 n=340282366920938463463374607431768211455 digest=EDFA9B01F0F695C72492AEF076ADCC00649641FDB32186ED92DA235395046A8F shares=["735FE217:20.2%", "A353E45E:16.0%", "633D9D61:16.0%", "65A90023:16.0%", "911999B2:16.0%", "D315857C:16.0%"]
EPOCH_START t=1790076001340 epoch=0 elections=0
[2m2026-09-22T11:20:01.340680Z[0m [32m INFO[0m [2mnanospam::app[0m[2m:[0m Started the epochs on every PR
[2m2026-09-22T11:20:01.340723Z[0m [32m INFO[0m [2mnanospam::app[0m[2m:[0m Connecting to node PR0... [3mpeer_addr[0m[2m=[0m[::1]:17075
[2m2026-09-22T11:20:01.341081Z[0m [32m INFO[0m [2mnanospam::app[0m[2m:[0m Performing handshake...
[2m2026-09-22T11:20:01.341710Z[0m [32m INFO[0m [2mnanospam::app[0m[2m:[0m Performing handshake...
[2m2026-09-22T11:20:01.352876Z[0m [32m INFO[0m [2mnanospam::app[0m[2m:[0m Performing handshake...
[2m2026-09-22T11:20:01.364929Z[0m [32m INFO[0m [2mnanospam::app[0m[2m:[0m Performing handshake...
[2m2026-09-22T11:20:01.375645Z[0m [32m INFO[0m [2mnanospam::app[0m[2m:[0m Connecting to node PR1... [3mpeer_addr[0m[2m=[0m[::1]:17085
[2m2026-09-22T11:20:01.375952Z[0m [32m INFO[0m [2mnanospam::app[0m[2m:[0m Performing handshake...
[2m2026-09-22T11:20:01.376512Z[0m [32m INFO[0m [2mnanospam::app[0m[2m:[0m Performing handshake...
[2m2026-09-22T11:20:01.389241Z[0m [32m INFO[0m [2mnanospam::app[0m[2m:[0m Performing handshake...
[2m2026-09-22T11:20:01.400653Z[0m [32m INFO[0m [2mnanospam::app[0m[2m:[0m Performing handshake...
[2m2026-09-22T11:20:01.411491Z[0m [32m INFO[0m [2mnanospam::app[0m[2m:[0m Connecting to node PR2... [3mpeer_addr[0m[2m=[0m[::1]:17095
[2m2026-09-22T11:20:01.411804Z[0m [32m INFO[0m [2mnanospam::app[0m[2m:[0m Performing handshake...
[2m2026-09-22T11:20:01.412401Z[0m [32m INFO[0m [2mnanospam::app[0m[2m:[0m Performing handshake...
[2m2026-09-22T11:20:01.423962Z[0m [32m INFO[0m [2mnanospam::app[0m[2m:[0m Performing handshake...
[2m2026-09-22T11:20:01.436092Z[0m [32m INFO[0m [2mnanospam::app[0m[2m:[0m Performing handshake...
[2m2026-09-22T11:20:01.448040Z[0m [32m INFO[0m [2mnanospam::app[0m[2m:[0m Connecting to node PR3... [3mpeer_addr[0m[2m=[0m[::1]:17105
[2m2026-09-22T11:20:01.448351Z[0m [32m INFO[0m [2mnanospam::app[0m[2m:[0m Performing handshake...
[2m2026-09-22T11:20:01.449065Z[0m [32m INFO[0m [2mnanospam::app[0m[2m:[0m Performing handshake...
[2m2026-09-22T11:20:01.460208Z[0m [32m INFO[0m [2mnanospam::app[0m[2m:[0m Performing handshake...
[2m2026-09-22T11:20:01.471387Z[0m [32m INFO[0m [2mnanospam::app[0m[2m:[0m Performing handshake...
[2m2026-09-22T11:20:01.481956Z[0m [32m INFO[0m [2mnanospam::app[0m[2m:[0m Connecting to node PR4... [3mpeer_addr[0m[2m=[0m[::1]:17115
[2m2026-09-22T11:20:01.482201Z[0m [32m INFO[0m [2mnanospam::app[0m[2m:[0m Performing handshake...
[2m2026-09-22T11:20:01.482731Z[0m [32m INFO[0m [2mnanospam::app[0m[2m:[0m Performing handshake...
[2m2026-09-22T11:20:01.494562Z[0m [32m INFO[0m [2mnanospam::app[0m[2m:[0m Performing handshake...
[2m2026-09-22T11:20:01.505368Z[0m [32m INFO[0m [2mnanospam::app[0m[2m:[0m Performing handshake...
[2m2026-09-22T11:20:01.516317Z[0m [32m INFO[0m [2mnanospam::app[0m[2m:[0m Connecting to node PR5... [3mpeer_addr[0m[2m=[0m[::1]:17125
[2m2026-09-22T11:20:01.516700Z[0m [32m INFO[0m [2mnanospam::app[0m[2m:[0m Performing handshake...
[2m2026-09-22T11:20:01.517229Z[0m [32m INFO[0m [2mnanospam::app[0m[2m:[0m Performing handshake...
[2m2026-09-22T11:20:01.529547Z[0m [32m INFO[0m [2mnanospam::app[0m[2m:[0m Performing handshake...
[2m2026-09-22T11:20:01.541739Z[0m [32m INFO[0m [2mnanospam::app[0m[2m:[0m Performing handshake...
[2m2026-09-22T11:20:01.553418Z[0m [32m INFO[0m [2mnanospam::app[0m[2m:[0m Connecting to websocket...
[2m2026-09-22T11:20:01.554186Z[0m [32m INFO[0m [2mnanospam::app[0m[2m:[0m Starting with 2000 BPS
[2m2026-09-22T11:20:02.555217Z[0m [32m INFO[0m [2mnanospam::app[0m[2m:[0m Confirmed 847 blocks | 2,000 bps | 932 cps | avg conf time: 86 ms
[2m2026-09-22T11:20:03.555783Z[0m [32m INFO[0m [2mnanospam::app[0m[2m:[0m Confirmed 4,283 blocks | 2,000 bps | 3,433 cps | avg conf time: 147 ms
[2m2026-09-22T11:20:04.556756Z[0m [32m INFO[0m [2mnanospam::app[0m[2m:[0m Confirmed 6,479 blocks | 2,000 bps | 2,193 cps | avg conf time: 104 ms
[2m2026-09-22T11:20:05.557723Z[0m [32m INFO[0m [2mnanospam::app[0m[2m:[0m Confirmed 8,514 blocks | 2,000 bps | 2,032 cps | avg conf time: 89 ms
[2m2026-09-22T11:20:06.558695Z[0m [32m INFO[0m [2mnanospam::app[0m[2m:[0m Confirmed 10,515 blocks | 2,000 bps | 1,998 cps | avg conf time: 87 ms
[2m2026-09-22T11:20:07.560041Z[0m [32m INFO[0m [2mnanospam::app[0m[2m:[0m Confirmed 12,343 blocks | 2,000 bps | 1,825 cps | avg conf time: 88 ms
[2m2026-09-22T11:20:08.560658Z[0m [32m INFO[0m [2mnanospam::app[0m[2m:[0m Confirmed 14,349 blocks | 2,000 bps | 2,004 cps | avg conf time: 88 ms
EPOCH_ENDED t=1790076009342 epoch=0 elections=75 active=74
EPOCH_ENDED t=1790076009342EPOCH_ENDED t=1790076009342 epoch=0 elections= epoch=0 elections=75 active=74
EPOCH_ENDED t=1790076009342 epoch=75 active=74
0EPOCH_ENDED t=1790076009342 epoch=0 elections= elections=75 active=74
75 active=74EPOCH_ENDED t=1790076009342 epoch=0 elections=76 active=75

EPOCH_DRAIN_WAIT t=1790076009362 epoch=0 unterminated=72 previous_closed=true first=["D2C1B7641501E434B77353FA0F803C03A75F51A09A86BBB71F7DB6423271A16D:active:1:1", "17130406C4E800D273CF9D383A4272477CD45BECB35E7E18FC529362D2AE4FF9:active:1:0", "E6D22BC87E33F3334FD89D7DF6C1B3AC95B4FFEB8169FC767F20A459427F2553:active:1:1"]
EPOCH_DRAIN_WAIT t=1790076009420 epoch=0 unterminated=68 previous_closed=true first=["D2C1B7641501E434B77353FA0F803C03A75F51A09A86BBB71F7DB6423271A16D:active:1:2", "17130406C4E800D273CF9D383A4272477CD45BECB35E7E18FC529362D2AE4FF9:active:1:1", "E6D22BC87E33F3334FD89D7DF6C1B3AC95B4FFEB8169FC767F20A459427F2553:active:1:2"]
EPOCH_DRAIN_WAIT t=1790076009513 epoch=0 unterminated=1 previous_closed=true first=["1D0FB4747A492461E9973A2590DB0662027B1FBA9AF921D3E9A77B51AF4F47B5:active:1:4"]
[2m2026-09-22T11:20:09.561829Z[0m [32m INFO[0m [2mnanospam::app[0m[2m:[0m Confirmed 16,023 blocks | 2,000 bps | 1,671 cps | avg conf time: 93 ms
EPOCH_CLOSE_READY t=1790076010107 epoch=0 value=C9A4297FA8FE832CD9C4A7A6EBA945307105300686E4DDEDAF9695DA56BFB61E
EPOCH_CLOSE_ROUND t=1790076010107 epoch=0 round=0 leader=633D9D614858AB1710D5D8C3180E2A082DC97208BA8C26BA6C6D1A86C8E31CC0 leads=false
EPOCH_ADVANCED t=1790076010107 epoch=1 elections=1 active=0
EPOCH_CLOSE_READY t=1790076010162 epoch=0 value=C9A4297FA8FE832CD9C4A7A6EBA945307105300686E4DDEDAF9695DA56BFB61E
EPOCH_CLOSE_ROUND t=1790076010162 epoch=0 round=0 leader=633D9D614858AB1710D5D8C3180E2A082DC97208BA8C26BA6C6D1A86C8E31CC0 leads=true
EPOCH_ADVANCED t=1790076010162 epoch=1 elections=1 active=0
EPOCH_CLOSE_READY t=1790076010226 epoch=0 value=C9A4297FA8FE832CD9C4A7A6EBA945307105300686E4DDEDAF9695DA56BFB61E
EPOCH_CLOSE_ROUND t=1790076010226 epoch=0 round=0 leader=633D9D614858AB1710D5D8C3180E2A082DC97208BA8C26BA6C6D1A86C8E31CC0 leads=false
EPOCH_ADVANCED t=1790076010226 epoch=1 elections=1 active=0
EPOCH_CLOSE_READY t=1790076010293 epoch=0 value=C9A4297FA8FE832CD9C4A7A6EBA945307105300686E4DDEDAF9695DA56BFB61E
EPOCH_CLOSE_ROUND t=1790076010293 epoch=0 round=0 leader=633D9D614858AB1710D5D8C3180E2A082DC97208BA8C26BA6C6D1A86C8E31CC0 leads=false
EPOCH_ADVANCED t=1790076010293 epoch=1 elections=1 active=0
EPOCH_CLOSE_ROUND t=1790076010488 epoch=0 round=1 leader=65A90023F6C0D2181AAA63F005D81BBC0C04650505E21D5123F9AE1F9E992BFF leads=false
EPOCH_CLOSE_READY t=1790076010545 epoch=0 value=C9A4297FA8FE832CD9C4A7A6EBA945307105300686E4DDEDAF9695DA56BFB61E
EPOCH_CLOSE_ROUND t=1790076010545 epoch=0 round=0 leader=633D9D614858AB1710D5D8C3180E2A082DC97208BA8C26BA6C6D1A86C8E31CC0 leads=false
EPOCH_ADVANCED t=1790076010545 epoch=1 elections=1 active=0
[2m2026-09-22T11:20:10.562648Z[0m [32m INFO[0m [2mnanospam::app[0m[2m:[0m Confirmed 17,800 blocks | 2,000 bps | 1,775 cps | avg conf time: 618 ms
EPOCH_CLOSED t=1790076010730 epoch=0 round=0 value=C9A4297FA8FE832CD9C4A7A6EBA945307105300686E4DDEDAF9695DA56BFB61E own=true
EPOCH_CLOSED t=1790076010731 epoch=0 round=0 value=C9A4297FA8FE832CD9C4A7A6EBA945307105300686E4DDEDAF9695DA56BFB61E own=true
EPOCH_CLOSED t=1790076010731 epoch=0 round=0 value=C9A4297FA8FE832CD9C4A7A6EBA945307105300686E4DDEDAF9695DA56BFB61E own=true
EPOCH_CLOSED t=1790076010732 epoch=0 round=0 value=C9A4297FA8FE832CD9C4A7A6EBA945307105300686E4DDEDAF9695DA56BFB61E own=true
EPOCH_CLOSED t=1790076010732 epoch=0 round=0 value=C9A4297FA8FE832CD9C4A7A6EBA945307105300686E4DDEDAF9695DA56BFB61E own=true
EPOCH_COMMITTEE t=1790076010737 derived_by=0 members=6 accounts=7285 n=339653528416650443407846899853012183328 digest=9198EE7C7019E0D1B0E338894EAE1F2FD2C1F9F432ECD707A9B40BB65BB872B3 shares=["911999B2:18.3%", "A353E45E:17.6%", "735FE217:16.9%", "D315857C:16.0%", "65A90023:15.7%", "633D9D61:15.5%"]
EPOCH_AGREED t=1790076010737 epoch=0 value=C9A4297FA8FE832CD9C4A7A6EBA945307105300686E4DDEDAF9695DA56BFB61E
EPOCH_COMMITTEE t=1790076010738 derived_by=0 members=6 accounts=7285 n=339653528416650443407846899853012183328 digest=9198EE7C7019E0D1B0E338894EAE1F2FD2C1F9F432ECD707A9B40BB65BB872B3 shares=["911999B2:18.3%", "A353E45E:17.6%", "735FE217:16.9%", "D315857C:16.0%", "65A90023:15.7%", "633D9D61:15.5%"]
EPOCH_AGREED t=1790076010738 epoch=0 value=C9A4297FA8FE832CD9C4A7A6EBA945307105300686E4DDEDAF9695DA56BFB61E
EPOCH_COMMITTEE t=1790076010739 derived_by=0 members=6 accounts=7285 n=339653528416650443407846899853012183328 digest=9198EE7C7019E0D1B0E338894EAE1F2FD2C1F9F432ECD707A9B40BB65BB872B3 shares=["911999B2:18.3%", "A353E45E:17.6%", "735FE217:16.9%", "D315857C:16.0%", "65A90023:15.7%", "633D9D61:15.5%"]
EPOCH_AGREED t=1790076010739 epoch=0 value=C9A4297FA8FE832CD9C4A7A6EBA945307105300686E4DDEDAF9695DA56BFB61E
EPOCH_COMMITTEE t=1790076010743 derived_by=0 members=6 accounts=7285 n=339653528416650443407846899853012183328 digest=9198EE7C7019E0D1B0E338894EAE1F2FD2C1F9F432ECD707A9B40BB65BB872B3 shares=["911999B2:18.3%", "A353E45E:17.6%", "735FE217:16.9%", "D315857C:16.0%", "65A90023:15.7%", "633D9D61:15.5%"]
EPOCH_AGREED t=1790076010743 epoch=0 value=C9A4297FA8FE832CD9C4A7A6EBA945307105300686E4DDEDAF9695DA56BFB61E
EPOCH_COMMITTEE t=1790076010748 derived_by=0 members=6 accounts=7285 n=339653528416650443407846899853012183328 digest=9198EE7C7019E0D1B0E338894EAE1F2FD2C1F9F432ECD707A9B40BB65BB872B3 shares=["911999B2:18.3%", "A353E45E:17.6%", "735FE217:16.9%", "D315857C:16.0%", "65A90023:15.7%", "633D9D61:15.5%"]
EPOCH_AGREED t=1790076010748 epoch=0 value=C9A4297FA8FE832CD9C4A7A6EBA945307105300686E4DDEDAF9695DA56BFB61E
EPOCH_CLOSE_READY t=1790076010789 epoch=0 value=C9A4297FA8FE832CD9C4A7A6EBA945307105300686E4DDEDAF9695DA56BFB61E
EPOCH_CLOSE_ROUND t=1790076010790 epoch=0 round=0 leader=633D9D614858AB1710D5D8C3180E2A082DC97208BA8C26BA6C6D1A86C8E31CC0 leads=false
EPOCH_ADVANCED t=1790076010790 epoch=1 elections=1 active=0
EPOCH_CLOSED t=1790076010927 epoch=0 round=0 value=C9A4297FA8FE832CD9C4A7A6EBA945307105300686E4DDEDAF9695DA56BFB61E own=true
EPOCH_COMMITTEE t=1790076010933 derived_by=0 members=6 accounts=7285 n=339653528416650443407846899853012183328 digest=9198EE7C7019E0D1B0E338894EAE1F2FD2C1F9F432ECD707A9B40BB65BB872B3 shares=["911999B2:18.3%", "A353E45E:17.6%", "735FE217:16.9%", "D315857C:16.0%", "65A90023:15.7%", "633D9D61:15.5%"]
EPOCH_AGREED t=1790076010933 epoch=0 value=C9A4297FA8FE832CD9C4A7A6EBA945307105300686E4DDEDAF9695DA56BFB61E
[2m2026-09-22T11:20:11.563666Z[0m [32m INFO[0m [2mnanospam::app[0m[2m:[0m Confirmed 20,011 blocks | 2,000 bps | 2,208 cps | avg conf time: 133 ms
[2m2026-09-22T11:20:12.564899Z[0m [32m INFO[0m [2mnanospam::app[0m[2m:[0m Confirmed 21,962 blocks | 2,000 bps | 1,948 cps | avg conf time: 92 ms
[2m2026-09-22T11:20:13.565706Z[0m [32m INFO[0m [2mnanospam::app[0m[2m:[0m Confirmed 23,936 blocks | 2,000 bps | 1,972 cps | avg conf time: 95 ms
[2m2026-09-22T11:20:14.566993Z[0m [32m INFO[0m [2mnanospam::app[0m[2m:[0m Confirmed 25,822 blocks | 2,000 bps | 1,884 cps | avg conf time: 97 ms
[2m2026-09-22T11:20:15.567730Z[0m [32m INFO[0m [2mnanospam::app[0m[2m:[0m Confirmed 27,832 blocks | 2,000 bps | 2,007 cps | avg conf time: 94 ms
[2m2026-09-22T11:20:16.568733Z[0m [32m INFO[0m [2mnanospam::app[0m[2m:[0m Confirmed 29,718 blocks | 2,000 bps | 1,884 cps | avg conf time: 97 ms
EPOCH_ENDED t=1790076017343 epoch=1 elections=147 active=146
EPOCH_ENDED t=1790076017343 epoch=1 elections=147 active=146
EPOCH_ENDED t=1790076017343 epoch=1 elections=147EPOCH_ENDED t=1790076017343 active=EPOCH_ENDED t=1790076017344 epoch=1 elections=148146
 epoch=1 elections=148 active=147
 active=147
EPOCH_ENDED t=1790076017344 epoch=1 elections=148 active=147
EPOCH_DRAIN_WAIT t=1790076017430 epoch=1 unterminated=1 previous_closed=true first=["14A0977D2BD9CBCD972CB4802737C3F4B2607F5BB91E53C91F82D768BBF69004:active:1:3"]
[2m2026-09-22T11:20:17.569675Z[0m [32m INFO[0m [2mnanospam::app[0m[2m:[0m Confirmed 31,455 blocks | 2,000 bps | 1,735 cps | avg conf time: 94 ms
EPOCH_CLOSE_READY t=1790076017767 epoch=1 value=C76E0892CEA632B5BDD2DBDF908AD95CAB9370AD56ADC3F30E78B1FF3359DE68
EPOCH_CLOSE_ROUND t=1790076017767 epoch=1 round=0 leader=65A90023F6C0D2181AAA63F005D81BBC0C04650505E21D5123F9AE1F9E992BFF leads=false
EPOCH_ADVANCED t=1790076017768 epoch=2 elections=2 active=0
EPOCH_CLOSE_READY t=1790076017773 epoch=1 value=C76E0892CEA632B5BDD2DBDF908AD95CAB9370AD56EPOCH_CLOSE_READY t=1790076017773 epoch=1 value=C76E0892CEA632B5BDD2DBDF908AD95CAB9370AD56ADC3F30E78B1FF3359DE68
EPOCH_CLOSE_ROUND t=1790076017773 epoch=1 round=0 leader=65A90023F6C0D2181AAA63F005D81BBC0C04650505E21D5123F9AE1F9E992BFF leads=false
EPOCH_ADVANCED t=1790076017773 epoch=2 elections=2 active=0
ADC3F30E78B1FF3359DE68
EPOCH_CLOSE_ROUND t=1790076017773 epoch=1 round=0 leader=65A90023F6C0D2181AAA63F005D81BBC0C04650505E21D5123F9AE1F9E992BFF leads=false
EPOCH_ADVANCED t=1790076017774 epoch=2 elections=2 active=0
EPOCH_CLOSE_READY t=1790076017955 epoch=1 value=C76E0892CEA632B5BDD2DBDF908AD95CAB9370AD56ADC3F30E78B1FF3359DE68
EPOCH_CLOSE_ROUND t=1790076017955 epoch=1 round=0 leader=65A90023F6C0D2181AAA63F005D81BBC0C04650505E21D5123F9AE1F9E992BFF leads=true
EPOCH_ADVANCED t=1790076017955 epoch=2 elections=2 active=0
EPOCH_CLOSE_READY t=1790076017986 epoch=1 value=C76E0892CEA632B5BDD2DBDF908AD95CAB9370AD56ADC3F30E78B1FF3359DE68
EPOCH_CLOSE_ROUND t=1790076017986 epoch=1 round=0 leader=65A90023F6C0D2181AAA63F005D81BBC0C04650505E21D5123F9AE1F9E992BFF leads=false
EPOCH_ADVANCED t=1790076017986 epoch=2 elections=2 active=0
EPOCH_CLOSED t=1790076018261 epoch=1 round=0 value=C76E0892CEA632B5BDD2DBDF908AD95CAB9370AD56ADC3F30E78B1FF3359DE68 own=true
EPOCH_CLOSED t=1790076018261 epoch=1 round=0 value=C76E0892CEA632B5BDD2DBDF908AD95CAB9370AD56ADC3F30E78B1FF3359DE68 own=true
EPOCH_CLOSED t=1790076018261 epoch=1 round=0 value=C76E0892CEA632B5BDD2DBDF908AD95CAB9370AD56ADC3F30E78B1FF3359DE68 own=true
EPOCH_CLOSED t=1790076018261 epoch=1 round=0 value=C76E0892CEA632B5BDD2DBDF908AD95CAB9370AD56ADC3F30E78B1FF3359DE68 own=true
EPOCH_CLOSED t=1790076018262 epoch=1 round=0 value=C76E0892CEA632B5BDD2DBDF908AD95CAB9370AD56ADC3F30E78B1FF3359DE68 own=true
EPOCH_COMMITTEE t=1790076018267 derived_by=1 members=6 accounts=13239 n=340080465046593741707382745698105351481 digest=7482887017D73D591782ECF8DB1999C07BCC49B2855DF6B7C1AE1BCA6AF6BB12 shares=["911999B2:17.9%", "A353E45E:17.5%", "735FE217:16.4%", "633D9D61:16.3%", "D315857C:16.2%", "65A90023:15.7%"]
EPOCH_AGREED t=1790076018267 epoch=1 value=C76E0892CEA632B5BDD2DBDF908AD95CAB9370AD56ADC3F30E78B1FF3359DE68
EPOCH_COMMITTEE t=1790076018268 derived_by=1 members=6 accounts=13239 n=340080465046593741707382745698105351481 digest=7482887017D73D5917EPOCH_COMMITTEE t=821790076018268 derived_by=1 members=6 accounts=13239 n=340080465046593741707382745698105351481 digest=74828870ECF8DB1999C07BCC4917B2855DF6B7C1AE1BCA6AF6BB12D73D591782ECF8DB1999C07BCC49B2855DF6B7C1AE1BCA6AF6BB12 shares= shares=["911999B2:17.9%", "A353E45E:17.5%EPOCH_COMMITTEE t="1790076018269[ derived_by=1 members=6"911999B2:17.9% accounts=13239 n=340080465046593741707382745698105351481", " digest=74828870A353E45E:17.5%17, "D73D591782ECF8DB1999C07BCC49B2855DF6B7C1AE1BCA"735FE217:16.4%", "633D9D61:16.3%", "D315857C:16.2%", "65A90023:15.7%"]
6AF6BB12 shares=[", "EPOCH_AGREED t=1790076018269 epoch=1 value=C76E0892911999B2:17.9%"735FE217:16.4%, CE""A632B5BDD2DBDF908AD95CAB9370AD56ADC3F30E78B1FF, A353E45E:17.5%", "735FE217:16.4%", "633D9D61:16.3%", "D315857C:16.2%", "65A90023:15.7%"]3359DE68

"633D9D61:16.3%", "D315857C:16.2%"EPOCH_AGREED t=1790076018270 epoch=1 value=C76E0892CEA632B5BDD2DBDF908AD95C, "65A90023:15.7%"]
AB9370AD56ADEPOCH_AGREED t=1790076018270 epoch=1 value=C3F3C76E00E78B1FF3359DE68
892CEA632B5BDD2DBDF908AD95CAB9370AD56ADC3F30E78B1FF3359DE68
EPOCH_COMMITTEE t=1790076018270 derived_by=1 members=6 accounts=13239 n=340080465046593741707382745698105351481 digest=7482887017D73D591782ECF8DB1999C07BCC49B2855DF6B7C1AE1BCA6AF6BB12 shares=["911999B2:17.9%", "A353E45E:17.5%", "735FE217:16.4%", "633D9D61:16.3%", "D315857C:16.2%", "65A90023:15.7%"]
EPOCH_AGREED t=1790076018270 epoch=1 value=C76E0892CEA632B5BDD2DBDF908AD95CAB9370AD56ADC3F30E78B1FF3359DE68
EPOCH_CLOSE_READY t=1790076018532 epoch=1 value=C76E0892CEA632B5BDD2DBDF908AD95CAB9370AD56ADC3F30E78B1FF3359DE68
EPOCH_CLOSE_ROUND t=1790076018532 epoch=1 round=0 leader=65A90023F6C0D2181AAA63F005D81BBC0C04650505E21D5123F9AE1F9E992BFF leads=false
EPOCH_ADVANCED t=1790076018532 epoch=2 elections=2 active=0
[2m2026-09-22T11:20:18.570370Z[0m [32m INFO[0m [2mnanospam::app[0m[2m:[0m Confirmed 31,455 blocks | 2,000 bps | 0 cps | avg conf time: 0 ms
EPOCH_CLOSED t=1790076018720 epoch=1 round=0 value=C76E0892CEA632B5BDD2DBDF908AD95CAB9370AD56ADC3F30E78B1FF3359DE68 own=true
EPOCH_COMMITTEE t=1790076018749 derived_by=1 members=6 accounts=13239 n=340080465046593741707382745698105351481 digest=7482887017D73D591782ECF8DB1999C07BCC49B2855DF6B7C1AE1BCA6AF6BB12 shares=["911999B2:17.9%", "A353E45E:17.5%", "735FE217:16.4%", "633D9D61:16.3%", "D315857C:16.2%", "65A90023:15.7%"]
EPOCH_AGREED t=1790076018749 epoch=1 value=C76E0892CEA632B5BDD2DBDF908AD95CAB9370AD56ADC3F30E78B1FF3359DE68
[2m2026-09-22T11:20:19.571503Z[0m [32m INFO[0m [2mnanospam::app[0m[2m:[0m Confirmed 35,509 blocks | 2,000 bps | 4,049 cps | avg conf time: 473 ms
[2m2026-09-22T11:20:20.572509Z[0m [32m INFO[0m [2mnanospam::app[0m[2m:[0m Confirmed 37,455 blocks | 2,000 bps | 1,943 cps | avg conf time: 99 ms
[2m2026-09-22T11:20:21.573616Z[0m [32m INFO[0m [2mnanospam::app[0m[2m:[0m Confirmed 39,275 blocks | 2,000 bps | 1,818 cps | avg conf time: 102 ms
[2m2026-09-22T11:20:22.574396Z[0m [32m INFO[0m [2mnanospam::app[0m[2m:[0m Confirmed 41,356 blocks | 2,000 bps | 2,078 cps | avg conf time: 91 ms
[2m2026-09-22T11:20:23.575480Z[0m [32m INFO[0m [2mnanospam::app[0m[2m:[0m Confirmed 43,203 blocks | 2,000 bps | 1,844 cps | avg conf time: 95 ms
[2m2026-09-22T11:20:24.578112Z[0m [32m INFO[0m [2mnanospam::app[0m[2m:[0m Confirmed 44,998 blocks | 2,000 bps | 1,790 cps | avg conf time: 94 ms
EPOCH_ENDED t=1790076025354 epoch=2 elections=2 active=0
EPOCH_ENDED t=1790076025452 epoch=2 elections=2 active=0
EPOCH_ENDED t=1790076025491 epoch=2 elections=2 active=0
EPOCH_ENDED t=1790076025500 epoch=2 elections=2 active=0
EPOCH_CLOSE_READY t=1790076025537 epoch=2 value=32E95C0DED29282EBF9645C35DB13A02D92473FD78C63500FFAC8E6BC4BA7ED3
EPOCH_CLOSE_ROUND t=1790076025537 epoch=2 round=0 leader=735FE217D91E88EA82324C5883296385FA0041C2FAC85C827BAA46DA1E14B83F leads=true
EPOCH_ADVANCED t=1790076025537 epoch=3 elections=2 active=0
EPOCH_ENDED t=1790076025562 epoch=2 elections=2 active=0
[2m2026-09-22T11:20:25.579943Z[0m [32m INFO[0m [2mnanospam::app[0m[2m:[0m Confirmed 44,998 blocks | 2,000 bps | 0 cps | avg conf time: 0 ms
EPOCH_CLOSE_READY t=1790076025597 epoch=2 value=32E95C0DED29282EBF9645C35DB13A02D92473FD78C63500FFAC8E6BC4BA7ED3
EPOCH_CLOSE_ROUND t=1790076025597 epoch=2 round=0 leader=735FE217D91E88EA82324C5883296385FA0041C2FAC85C827BAA46DA1E14B83F leads=false
EPOCH_ADVANCED t=1790076025597 epoch=3 elections=2 active=0
EPOCH_ENDED t=1790076025619 epoch=2 elections=2 active=0
EPOCH_CLOSE_READY t=1790076025638 epoch=2 value=32E95C0DED29282EBF9645C35DB13A02D92473FD78C63500FFAC8E6BC4BA7ED3
EPOCH_CLOSE_ROUND t=1790076025639 epoch=2 round=0 leader=735FE217D91E88EA82324C5883296385FA0041C2FAC85C827BAA46DA1E14B83F leads=false
EPOCH_ADVANCED t=1790076025639 epoch=3 elections=2 active=0
EPOCH_CLOSE_READY t=1790076025647 epoch=2 value=32E95C0DED29282EBF9645C35DB13A02D92473FD78C63500FFAC8E6BC4BA7ED3
EPOCH_CLOSE_ROUND t=1790076025648 epoch=2 round=0 leader=735FE217D91E88EA82324C5883296385FA0041C2FAC85C827BAA46DA1E14B83F leads=false
EPOCH_ADVANCED t=1790076025648 epoch=3 elections=2 active=0
EPOCH_CLOSE_READY t=1790076025707 epoch=2 value=32E95C0DED29282EBF9645C35DB13A02D92473FD78C63500FFAC8E6BC4BA7ED3
EPOCH_CLOSE_ROUND t=1790076025707 epoch=2 round=0 leader=735FE217D91E88EA82324C5883296385FA0041C2FAC85C827BAA46DA1E14B83F leads=false
EPOCH_ADVANCED t=1790076025707 epoch=3 elections=2 active=0
EPOCH_CLOSED t=1790076025733 epoch=2 round=0 value=32E95C0DED29282EBF9645C35DB13A02D92473FD78EPOCH_CLOSED t=1790076025733 epoch=2 round=0 value=32E95C0DED29EPOCH_CLOSED t=C6EPOCH_CLOSED t=179007602573335280EPOCH_CLOSED t=1790076025733 epoch=2 round=002E epoch=FFAC value=179007602573332E928E6B epoch=BF5C0DED296 round=0C4BA round=0 value=7ED3 value=32 own=E95C32E9true5C00DDED29
ED4528C3295D2EBF2996B145283AC302D95D242E73FD78C6B1BF289645C35DB12EBF3500FFAC3A08E6BC49645C35DB12D924BA7E3AD3 own=true
7302D924733AFD078FD2D92473FD78C63500FFAC8E6BC4BA7ED378 own=C6true35
00FFAC8E6BC4BA7ED3 own=true
C63500FFAC8E6BC4BA7ED3 own=true
EPOCH_COMMITTEE t=1790076025738 derived_by=2 members=6 accounts=17712 n=339862815105736222335833629661644010662 digest=CE2C35B9128D04110769C301F2638D3EFB04C6029BDD2A1E9912EDE4E17101BB shares=["911999B2:17.5%", "633D9D61:16.8%", "A353E45E:16.6%", "D315857C:16.6%", "65A90023:16.3%", "735FE217:16.3%"]
EPOCH_AGREED t=1790076025739 epoch=2 value=32E95C0DED29282EBF9645C35DB13A02D92473FD78C63500FFAC8E6BC4BA7ED3
EPOCH_COMMITTEE t=1790076025739 derived_by=2 members=6 accounts=17712 n=339862815105736222335833629661644010662 digest=CE2C35B9128DEPOCH_COMMITTEE t=1790076025739 derived_by=041107692 members=6 accounts=17712 n=339862815105736222335833629661644010662 digest=CE2C35C3B9128D040110769C301F2638D3EFB04C6029BDD2A1E9912EDE4E17101BB shares=["1F2638D3EFB04C6029BDD2A1E9912EDE4E17101911999B2:17.5%BB shares=[""911999B2:17.5%", "633D9D61:16.8%", "A353E45E:16.6%", "D315857C:16.6%", "65A90023:16.3%", "735FE217:16.3%"]
, EPOCH_AGREED t=1790076025739 epoch=2 value=32E95C0DED29282EBF9645C35DB13A02D92473FD78C63500"FF633D9D61:16.8%AC", "A353E45E:16.6%", "8ED315857C:16.6%", "65A90023:16.3%", "735FE217:16.3%"]
6BEPOCH_AGREED t=C4BA7ED3
1790076025740 epoch=2 value=32E95C0DED29282EBF9645C35DB13A02D92473FD78C63500FFAC8E6BC4BA7ED3
EPOCH_COMMITTEE t=1790076025742 derived_by=2 members=6 accounts=17712 n=339862815105736222335833629661644010662 digest=CE2C35B9128DEPOCH_COMMITTEE t=1790076025742 derived_by=2 members=6 accounts=17712 n=339862815105736222335833629661644010662 digest=CE2C35B9128D04110769C301F2638D3EFB04C6029BDD2A1E9912EDE4E17101BB shares=["911999B2:17.5%", "633D9D61:16.8%", "A353E45E:16.6%", "D315857C:16.6%", "65A90023:16.3%", "735FE217:16.3%"]
04110769C301F2638D3EFB04C6029BDD2A1E9912EDE4E17101BB shares=["911999B2:17.5%", "633D9D61:16.8%", "A353E45E:16.6%", "D315857C:16.6%", "65A90023:16.3%", "735FE217:16.3%"]
EPOCH_AGREED t=1790076025742 epoch=2 value=32E95C0DED29282EBF9645C35DB13A02D92473FD78C63500FFEPOCH_AGREED t=1790076025743 epoch=2 value=32AC8E6BC4E9BA5C0DED29282EBF9645C35DB13A02D92473FD78C63500FFAC8E6BC4BA7ED3
7ED3
EPOCH_CLOSE_READY t=1790076025761 epoch=2 value=32E95C0DED29282EBF9645C35DB13A02D92473FD78C63500FFAC8E6BC4BA7ED3
EPOCH_CLOSE_ROUND t=1790076025761 epoch=2 round=0 leader=735FE217D91E88EA82324C5883296385FA0041C2FAC85C827BAA46DA1E14B83F leads=false
EPOCH_ADVANCED t=1790076025761 epoch=3 elections=2 active=0
EPOCH_CLOSED t=1790076025761 epoch=2 round=0 value=32E95C0DED29282EBF9645C35DB13A02D92473FD78C63500FFAC8E6BC4BA7ED3 own=true
EPOCH_COMMITTEE t=1790076025765 derived_by=2 members=6 accounts=17712 n=339862815105736222335833629661644010662 digest=CE2C35B9128D04110769C301F2638D3EFB04C6029BDD2A1E9912EDE4E17101BB shares=["911999B2:17.5%", "633D9D61:16.8%", "A353E45E:16.6%", "D315857C:16.6%", "65A90023:16.3%", "735FE217:16.3%"]
EPOCH_AGREED t=1790076025765 epoch=2 value=32E95C0DED29282EBF9645C35DB13A02D92473FD78C63500FFAC8E6BC4BA7ED3
[2m2026-09-22T11:20:26.582252Z[0m [32m INFO[0m [2mnanospam::app[0m[2m:[0m Confirmed 44,998 blocks | 2,000 bps | 0 cps | avg conf time: 0 ms
[2m2026-09-22T11:20:27.585375Z[0m [32m INFO[0m [2mnanospam::app[0m[2m:[0m Confirmed 44,998 blocks | 2,000 bps | 0 cps | avg conf time: 0 ms
[2m2026-09-22T11:20:28.588364Z[0m [32m INFO[0m [2mnanospam::app[0m[2m:[0m Confirmed 44,998 blocks | 2,000 bps | 0 cps | avg conf time: 0 ms
[2m2026-09-22T11:20:29.591115Z[0m [32m INFO[0m [2mnanospam::app[0m[2m:[0m Confirmed 44,998 blocks | 2,000 bps | 0 cps | avg conf time: 0 ms
[2m2026-09-22T11:20:30.595001Z[0m [32m INFO[0m [2mnanospam::app[0m[2m:[0m Confirmed 44,998 blocks | 2,000 bps | 0 cps | avg conf time: 0 ms
[2m2026-09-22T11:20:31.598489Z[0m [32m INFO[0m [2mnanospam::app[0m[2m:[0m Confirmed 44,998 blocks | 2,000 bps | 0 cps | avg conf time: 0 ms
[2m2026-09-22T11:20:32.601583Z[0m [32m INFO[0m [2mnanospam::app[0m[2m:[0m Confirmed 44,998 blocks | 2,000 bps | 0 cps | avg conf time: 0 ms
[2m2026-09-22T11:20:33.602387Z[0m [32m INFO[0m [2mnanospam::app[0m[2m:[0m Confirmed 44,998 blocks | 2,000 bps | 0 cps | avg conf time: 0 ms
[2m2026-09-22T11:20:34.604921Z[0m [32m INFO[0m [2mnanospam::app[0m[2m:[0m Confirmed 44,998 blocks | 2,000 bps | 0 cps | avg conf time: 0 ms
[2m2026-09-22T11:20:35.608768Z[0m [32m INFO[0m [2mnanospam::app[0m[2m:[0m Confirmed 44,998 blocks | 2,000 bps | 0 cps | avg conf time: 0 ms
[2m2026-09-22T11:20:36.612654Z[0m [32m INFO[0m [2mnanospam::app[0m[2m:[0m Confirmed 44,998 blocks | 2,000 bps | 0 cps | avg conf time: 0 ms
[2m2026-09-22T11:20:37.615676Z[0m [32m INFO[0m [2mnanospam::app[0m[2m:[0m Confirmed 44,998 blocks | 2,000 bps | 0 cps | avg conf time: 0 ms
[2m2026-09-22T11:20:38.619203Z[0m [32m INFO[0m [2mnanospam::app[0m[2m:[0m Confirmed 44,998 blocks | 2,000 bps | 0 cps | avg conf time: 0 ms
[2m2026-09-22T11:20:39.620868Z[0m [32m INFO[0m [2mnanospam::app[0m[2m:[0m Confirmed 44,998 blocks | 2,000 bps | 0 cps | avg conf time: 0 ms
[2m2026-09-22T11:20:40.623268Z[0m [32m INFO[0m [2mnanospam::app[0m[2m:[0m Confirmed 44,998 blocks | 2,000 bps | 0 cps | avg conf time: 0 ms
[2m2026-09-22T11:20:41.626598Z[0m [32m INFO[0m [2mnanospam::app[0m[2m:[0m Confirmed 44,998 blocks | 2,000 bps | 0 cps | avg conf time: 0 ms
cleanup done
