2026-09-09T14:28:24.665919Z  INFO nanospam::setup::account_map_factory: Creating account keys file with 15000 keys: "/Users/ruimorais/rsnano-node/workload-results/rai-latency/delay20/data/account_keys.txt"
2026-09-09T14:28:24.938722Z  INFO nanospam::setup::node_config_factory: RAI_COMMITTEE {"fixed":true,"representatives":["D315857CE70C54DE713F6E82E5613BB3A1266C15E28AD2F4338C7BBEC456F532","A353E45E6D0016CAEED0DFA4EC5B0640E2AA22A793F9F2375E77F1AB92977C04","911999B2AEFA7ACC66EBD802B3301FF6CE431405107749D940277955CB7FDD07","65A90023F6C0D2181AAA63F005D81BBC0C04650505E21D5123F9AE1F9E992BFF","633D9D614858AB1710D5D8C3180E2A082DC97208BA8C26BA6C6D1A86C8E31CC0","735FE217D91E88EA82324C5883296385FA0041C2FAC85C827BAA46DA1E14B83F"],"weight_per_pr":"56713727820156410577229101238628035242","total_weight":"340282366920938463463374607431768211452"}
2026-09-09T14:28:24.938782Z  INFO nanospam::setup::node_config_factory: ********************************************************************************
2026-09-09T14:28:24.938787Z  INFO nanospam::setup::node_config_factory: Setting up node PR0...
2026-09-09T14:28:24.938791Z  INFO nanospam::setup::node_config_factory: Creating directory "/Users/ruimorais/rsnano-node/workload-results/rai-latency/delay20/data/pr0"
2026-09-09T14:28:24.938875Z  INFO nanospam::setup::node_config_factory: Creating node config file: "/Users/ruimorais/rsnano-node/workload-results/rai-latency/delay20/data/pr0/config-node.toml"
2026-09-09T14:28:24.938971Z  INFO nanospam::setup::node_config_factory: Creating rpc config file: "/Users/ruimorais/rsnano-node/workload-results/rai-latency/delay20/data/pr0/config-rpc.toml"
2026-09-09T14:28:24.939041Z  INFO nanospam::setup::node_config_factory: ********************************************************************************
2026-09-09T14:28:24.939045Z  INFO nanospam::setup::node_config_factory: Setting up node PR1...
2026-09-09T14:28:24.939048Z  INFO nanospam::setup::node_config_factory: Creating directory "/Users/ruimorais/rsnano-node/workload-results/rai-latency/delay20/data/pr1"
2026-09-09T14:28:24.939098Z  INFO nanospam::setup::node_config_factory: Creating node config file: "/Users/ruimorais/rsnano-node/workload-results/rai-latency/delay20/data/pr1/config-node.toml"
2026-09-09T14:28:24.939173Z  INFO nanospam::setup::node_config_factory: Creating rpc config file: "/Users/ruimorais/rsnano-node/workload-results/rai-latency/delay20/data/pr1/config-rpc.toml"
2026-09-09T14:28:24.939240Z  INFO nanospam::setup::node_config_factory: ********************************************************************************
2026-09-09T14:28:24.939244Z  INFO nanospam::setup::node_config_factory: Setting up node PR2...
2026-09-09T14:28:24.939247Z  INFO nanospam::setup::node_config_factory: Creating directory "/Users/ruimorais/rsnano-node/workload-results/rai-latency/delay20/data/pr2"
2026-09-09T14:28:24.939292Z  INFO nanospam::setup::node_config_factory: Creating node config file: "/Users/ruimorais/rsnano-node/workload-results/rai-latency/delay20/data/pr2/config-node.toml"
2026-09-09T14:28:24.939357Z  INFO nanospam::setup::node_config_factory: Creating rpc config file: "/Users/ruimorais/rsnano-node/workload-results/rai-latency/delay20/data/pr2/config-rpc.toml"
2026-09-09T14:28:24.939416Z  INFO nanospam::setup::node_config_factory: ********************************************************************************
2026-09-09T14:28:24.939419Z  INFO nanospam::setup::node_config_factory: Setting up node PR3...
2026-09-09T14:28:24.939423Z  INFO nanospam::setup::node_config_factory: Creating directory "/Users/ruimorais/rsnano-node/workload-results/rai-latency/delay20/data/pr3"
2026-09-09T14:28:24.939462Z  INFO nanospam::setup::node_config_factory: Creating node config file: "/Users/ruimorais/rsnano-node/workload-results/rai-latency/delay20/data/pr3/config-node.toml"
2026-09-09T14:28:24.939532Z  INFO nanospam::setup::node_config_factory: Creating rpc config file: "/Users/ruimorais/rsnano-node/workload-results/rai-latency/delay20/data/pr3/config-rpc.toml"
2026-09-09T14:28:24.939599Z  INFO nanospam::setup::node_config_factory: ********************************************************************************
2026-09-09T14:28:24.939611Z  INFO nanospam::setup::node_config_factory: Setting up node PR4...
2026-09-09T14:28:24.939613Z  INFO nanospam::setup::node_config_factory: Creating directory "/Users/ruimorais/rsnano-node/workload-results/rai-latency/delay20/data/pr4"
2026-09-09T14:28:24.939669Z  INFO nanospam::setup::node_config_factory: Creating node config file: "/Users/ruimorais/rsnano-node/workload-results/rai-latency/delay20/data/pr4/config-node.toml"
2026-09-09T14:28:24.939738Z  INFO nanospam::setup::node_config_factory: Creating rpc config file: "/Users/ruimorais/rsnano-node/workload-results/rai-latency/delay20/data/pr4/config-rpc.toml"
2026-09-09T14:28:24.939795Z  INFO nanospam::setup::node_config_factory: ********************************************************************************
2026-09-09T14:28:24.939798Z  INFO nanospam::setup::node_config_factory: Setting up node PR5...
2026-09-09T14:28:24.939800Z  INFO nanospam::setup::node_config_factory: Creating directory "/Users/ruimorais/rsnano-node/workload-results/rai-latency/delay20/data/pr5"
2026-09-09T14:28:24.939838Z  INFO nanospam::setup::node_config_factory: Creating node config file: "/Users/ruimorais/rsnano-node/workload-results/rai-latency/delay20/data/pr5/config-node.toml"
2026-09-09T14:28:24.939900Z  INFO nanospam::setup::node_config_factory: Creating rpc config file: "/Users/ruimorais/rsnano-node/workload-results/rai-latency/delay20/data/pr5/config-rpc.toml"
2026-09-09T14:28:24.940158Z  INFO nanospam::setup::node_launcher: Starting node: NANOSPAM_RAI_COMMITTEE="[\"D315857CE70C54DE713F6E82E5613BB3A1266C15E28AD2F4338C7BBEC456F532\",\"A353E45E6D0016CAEED0DFA4EC5B0640E2AA22A793F9F2375E77F1AB92977C04\",\"911999B2AEFA7ACC66EBD802B3301FF6CE431405107749D940277955CB7FDD07\",\"65A90023F6C0D2181AAA63F005D81BBC0C04650505E21D5123F9AE1F9E992BFF\",\"633D9D614858AB1710D5D8C3180E2A082DC97208BA8C26BA6C6D1A86C8E31CC0\",\"735FE217D91E88EA82324C5883296385FA0041C2FAC85C827BAA46DA1E14B83F\"]" NANOSPAM_TERMINATION_AUDIT="1" NANO_TEST_GENESIS_BLOCK="{\n    \"type\": \"open\",\n    \"account\": \"nano_3nroioygg54nusrmyun4woimqex36sp3drnctdt5955uqu47fxbkrxk7n7ne\",\n    \"source\": \"D315857CE70C54DE713F6E82E5613BB3A1266C15E28AD2F4338C7BBEC456F532\",\n    \"representative\": \"nano_3nroioygg54nusrmyun4woimqex36sp3drnctdt5955uqu47fxbkrxk7n7ne\",\n    \"signature\": \"3F6792C2DC623DF2E8643777160AB983B66B337E2478E13D2C3448126A8F4CD8DCCD19803C158A057FA44060AE0EFC09B1C311CB4FBF42F8D240610B38F56E08\",\n    \"work\": \"70FEF01F7EC45DEC\"\n    }" NANO_TEST_GENESIS_PRV ="49643F9B10CA1AA34F9AF8ED4AABD29F436104CCC375974B108534A48EAE3FE1" "rsnano" "--network" "test" "--data-path" "/Users/ruimorais/rsnano-node/workload-results/rai-latency/delay20/data/pr0" "node" "run"
2026-09-09T14:28:24.940720Z  INFO nanospam::setup::node_launcher: Waiting for RPC...
2026-09-09T14:28:25.044155Z  INFO nanospam::setup::node_launcher: Starting node: NANOSPAM_RAI_COMMITTEE="[\"D315857CE70C54DE713F6E82E5613BB3A1266C15E28AD2F4338C7BBEC456F532\",\"A353E45E6D0016CAEED0DFA4EC5B0640E2AA22A793F9F2375E77F1AB92977C04\",\"911999B2AEFA7ACC66EBD802B3301FF6CE431405107749D940277955CB7FDD07\",\"65A90023F6C0D2181AAA63F005D81BBC0C04650505E21D5123F9AE1F9E992BFF\",\"633D9D614858AB1710D5D8C3180E2A082DC97208BA8C26BA6C6D1A86C8E31CC0\",\"735FE217D91E88EA82324C5883296385FA0041C2FAC85C827BAA46DA1E14B83F\"]" NANOSPAM_TERMINATION_AUDIT="1" NANO_TEST_GENESIS_BLOCK="{\n    \"type\": \"open\",\n    \"account\": \"nano_3nroioygg54nusrmyun4woimqex36sp3drnctdt5955uqu47fxbkrxk7n7ne\",\n    \"source\": \"D315857CE70C54DE713F6E82E5613BB3A1266C15E28AD2F4338C7BBEC456F532\",\n    \"representative\": \"nano_3nroioygg54nusrmyun4woimqex36sp3drnctdt5955uqu47fxbkrxk7n7ne\",\n    \"signature\": \"3F6792C2DC623DF2E8643777160AB983B66B337E2478E13D2C3448126A8F4CD8DCCD19803C158A057FA44060AE0EFC09B1C311CB4FBF42F8D240610B38F56E08\",\n    \"work\": \"70FEF01F7EC45DEC\"\n    }" NANO_TEST_GENESIS_PRV ="49643F9B10CA1AA34F9AF8ED4AABD29F436104CCC375974B108534A48EAE3FE1" "rsnano" "--network" "test" "--data-path" "/Users/ruimorais/rsnano-node/workload-results/rai-latency/delay20/data/pr1" "node" "run"
2026-09-09T14:28:25.044640Z  INFO nanospam::setup::node_launcher: Waiting for RPC...
2026-09-09T14:28:25.147749Z  INFO nanospam::setup::node_launcher: Starting node: NANOSPAM_RAI_COMMITTEE="[\"D315857CE70C54DE713F6E82E5613BB3A1266C15E28AD2F4338C7BBEC456F532\",\"A353E45E6D0016CAEED0DFA4EC5B0640E2AA22A793F9F2375E77F1AB92977C04\",\"911999B2AEFA7ACC66EBD802B3301FF6CE431405107749D940277955CB7FDD07\",\"65A90023F6C0D2181AAA63F005D81BBC0C04650505E21D5123F9AE1F9E992BFF\",\"633D9D614858AB1710D5D8C3180E2A082DC97208BA8C26BA6C6D1A86C8E31CC0\",\"735FE217D91E88EA82324C5883296385FA0041C2FAC85C827BAA46DA1E14B83F\"]" NANOSPAM_TERMINATION_AUDIT="1" NANO_TEST_GENESIS_BLOCK="{\n    \"type\": \"open\",\n    \"account\": \"nano_3nroioygg54nusrmyun4woimqex36sp3drnctdt5955uqu47fxbkrxk7n7ne\",\n    \"source\": \"D315857CE70C54DE713F6E82E5613BB3A1266C15E28AD2F4338C7BBEC456F532\",\n    \"representative\": \"nano_3nroioygg54nusrmyun4woimqex36sp3drnctdt5955uqu47fxbkrxk7n7ne\",\n    \"signature\": \"3F6792C2DC623DF2E8643777160AB983B66B337E2478E13D2C3448126A8F4CD8DCCD19803C158A057FA44060AE0EFC09B1C311CB4FBF42F8D240610B38F56E08\",\n    \"work\": \"70FEF01F7EC45DEC\"\n    }" NANO_TEST_GENESIS_PRV ="49643F9B10CA1AA34F9AF8ED4AABD29F436104CCC375974B108534A48EAE3FE1" "rsnano" "--network" "test" "--data-path" "/Users/ruimorais/rsnano-node/workload-results/rai-latency/delay20/data/pr2" "node" "run"
2026-09-09T14:28:25.148277Z  INFO nanospam::setup::node_launcher: Waiting for RPC...
2026-09-09T14:28:25.250750Z  INFO nanospam::setup::node_launcher: Starting node: NANOSPAM_RAI_COMMITTEE="[\"D315857CE70C54DE713F6E82E5613BB3A1266C15E28AD2F4338C7BBEC456F532\",\"A353E45E6D0016CAEED0DFA4EC5B0640E2AA22A793F9F2375E77F1AB92977C04\",\"911999B2AEFA7ACC66EBD802B3301FF6CE431405107749D940277955CB7FDD07\",\"65A90023F6C0D2181AAA63F005D81BBC0C04650505E21D5123F9AE1F9E992BFF\",\"633D9D614858AB1710D5D8C3180E2A082DC97208BA8C26BA6C6D1A86C8E31CC0\",\"735FE217D91E88EA82324C5883296385FA0041C2FAC85C827BAA46DA1E14B83F\"]" NANOSPAM_TERMINATION_AUDIT="1" NANO_TEST_GENESIS_BLOCK="{\n    \"type\": \"open\",\n    \"account\": \"nano_3nroioygg54nusrmyun4woimqex36sp3drnctdt5955uqu47fxbkrxk7n7ne\",\n    \"source\": \"D315857CE70C54DE713F6E82E5613BB3A1266C15E28AD2F4338C7BBEC456F532\",\n    \"representative\": \"nano_3nroioygg54nusrmyun4woimqex36sp3drnctdt5955uqu47fxbkrxk7n7ne\",\n    \"signature\": \"3F6792C2DC623DF2E8643777160AB983B66B337E2478E13D2C3448126A8F4CD8DCCD19803C158A057FA44060AE0EFC09B1C311CB4FBF42F8D240610B38F56E08\",\n    \"work\": \"70FEF01F7EC45DEC\"\n    }" NANO_TEST_GENESIS_PRV ="49643F9B10CA1AA34F9AF8ED4AABD29F436104CCC375974B108534A48EAE3FE1" "rsnano" "--network" "test" "--data-path" "/Users/ruimorais/rsnano-node/workload-results/rai-latency/delay20/data/pr3" "node" "run"
2026-09-09T14:28:25.251368Z  INFO nanospam::setup::node_launcher: Waiting for RPC...
2026-09-09T14:28:25.354661Z  INFO nanospam::setup::node_launcher: Starting node: NANOSPAM_RAI_COMMITTEE="[\"D315857CE70C54DE713F6E82E5613BB3A1266C15E28AD2F4338C7BBEC456F532\",\"A353E45E6D0016CAEED0DFA4EC5B0640E2AA22A793F9F2375E77F1AB92977C04\",\"911999B2AEFA7ACC66EBD802B3301FF6CE431405107749D940277955CB7FDD07\",\"65A90023F6C0D2181AAA63F005D81BBC0C04650505E21D5123F9AE1F9E992BFF\",\"633D9D614858AB1710D5D8C3180E2A082DC97208BA8C26BA6C6D1A86C8E31CC0\",\"735FE217D91E88EA82324C5883296385FA0041C2FAC85C827BAA46DA1E14B83F\"]" NANOSPAM_TERMINATION_AUDIT="1" NANO_TEST_GENESIS_BLOCK="{\n    \"type\": \"open\",\n    \"account\": \"nano_3nroioygg54nusrmyun4woimqex36sp3drnctdt5955uqu47fxbkrxk7n7ne\",\n    \"source\": \"D315857CE70C54DE713F6E82E5613BB3A1266C15E28AD2F4338C7BBEC456F532\",\n    \"representative\": \"nano_3nroioygg54nusrmyun4woimqex36sp3drnctdt5955uqu47fxbkrxk7n7ne\",\n    \"signature\": \"3F6792C2DC623DF2E8643777160AB983B66B337E2478E13D2C3448126A8F4CD8DCCD19803C158A057FA44060AE0EFC09B1C311CB4FBF42F8D240610B38F56E08\",\n    \"work\": \"70FEF01F7EC45DEC\"\n    }" NANO_TEST_GENESIS_PRV ="49643F9B10CA1AA34F9AF8ED4AABD29F436104CCC375974B108534A48EAE3FE1" "rsnano" "--network" "test" "--data-path" "/Users/ruimorais/rsnano-node/workload-results/rai-latency/delay20/data/pr4" "node" "run"
2026-09-09T14:28:25.355387Z  INFO nanospam::setup::node_launcher: Waiting for RPC...
2026-09-09T14:28:25.458827Z  INFO nanospam::setup::node_launcher: Starting node: NANOSPAM_RAI_COMMITTEE="[\"D315857CE70C54DE713F6E82E5613BB3A1266C15E28AD2F4338C7BBEC456F532\",\"A353E45E6D0016CAEED0DFA4EC5B0640E2AA22A793F9F2375E77F1AB92977C04\",\"911999B2AEFA7ACC66EBD802B3301FF6CE431405107749D940277955CB7FDD07\",\"65A90023F6C0D2181AAA63F005D81BBC0C04650505E21D5123F9AE1F9E992BFF\",\"633D9D614858AB1710D5D8C3180E2A082DC97208BA8C26BA6C6D1A86C8E31CC0\",\"735FE217D91E88EA82324C5883296385FA0041C2FAC85C827BAA46DA1E14B83F\"]" NANOSPAM_TERMINATION_AUDIT="1" NANO_TEST_GENESIS_BLOCK="{\n    \"type\": \"open\",\n    \"account\": \"nano_3nroioygg54nusrmyun4woimqex36sp3drnctdt5955uqu47fxbkrxk7n7ne\",\n    \"source\": \"D315857CE70C54DE713F6E82E5613BB3A1266C15E28AD2F4338C7BBEC456F532\",\n    \"representative\": \"nano_3nroioygg54nusrmyun4woimqex36sp3drnctdt5955uqu47fxbkrxk7n7ne\",\n    \"signature\": \"3F6792C2DC623DF2E8643777160AB983B66B337E2478E13D2C3448126A8F4CD8DCCD19803C158A057FA44060AE0EFC09B1C311CB4FBF42F8D240610B38F56E08\",\n    \"work\": \"70FEF01F7EC45DEC\"\n    }" NANO_TEST_GENESIS_PRV ="49643F9B10CA1AA34F9AF8ED4AABD29F436104CCC375974B108534A48EAE3FE1" "rsnano" "--network" "test" "--data-path" "/Users/ruimorais/rsnano-node/workload-results/rai-latency/delay20/data/pr5" "node" "run"
2026-09-09T14:28:25.459420Z  INFO nanospam::setup::node_launcher: Waiting for RPC...
2026-09-09T14:28:25.562124Z  INFO nanospam::app: RAI_QUORUM_SNAPSHOT {"phase":"startup","pr":0,"quorum":{"quorum_delta":"227989185837028770520460986979284701672","online_weight_quorum_percent":"67","online_weight_minimum":"340282366920938463463374607431768211452","online_stake_total":"0","peers_stake_total":"0","trended_stake_total":"340282366920938463463374607431768211452","peers":[]}}
2026-09-09T14:28:25.562332Z  INFO nanospam::app: RAI_QUORUM_SNAPSHOT {"phase":"startup","pr":1,"quorum":{"quorum_delta":"227989185837028770520460986979284701672","online_weight_quorum_percent":"67","online_weight_minimum":"340282366920938463463374607431768211452","online_stake_total":"0","peers_stake_total":"0","trended_stake_total":"340282366920938463463374607431768211452","peers":[]}}
2026-09-09T14:28:25.562539Z  INFO nanospam::app: RAI_QUORUM_SNAPSHOT {"phase":"startup","pr":2,"quorum":{"quorum_delta":"227989185837028770520460986979284701672","online_weight_quorum_percent":"67","online_weight_minimum":"340282366920938463463374607431768211452","online_stake_total":"0","peers_stake_total":"0","trended_stake_total":"340282366920938463463374607431768211452","peers":[]}}
2026-09-09T14:28:25.562730Z  INFO nanospam::app: RAI_QUORUM_SNAPSHOT {"phase":"startup","pr":3,"quorum":{"quorum_delta":"227989185837028770520460986979284701672","online_weight_quorum_percent":"67","online_weight_minimum":"340282366920938463463374607431768211452","online_stake_total":"0","peers_stake_total":"0","trended_stake_total":"340282366920938463463374607431768211452","peers":[]}}
2026-09-09T14:28:25.562962Z  INFO nanospam::app: RAI_QUORUM_SNAPSHOT {"phase":"startup","pr":4,"quorum":{"quorum_delta":"227989185837028770520460986979284701672","online_weight_quorum_percent":"67","online_weight_minimum":"340282366920938463463374607431768211452","online_stake_total":"0","peers_stake_total":"0","trended_stake_total":"340282366920938463463374607431768211452","peers":[]}}
2026-09-09T14:28:25.563137Z  INFO nanospam::app: RAI_QUORUM_SNAPSHOT {"phase":"startup","pr":5,"quorum":{"quorum_delta":"227989185837028770520460986979284701672","online_weight_quorum_percent":"67","online_weight_minimum":"340282366920938463463374607431768211452","online_stake_total":"0","peers_stake_total":"0","trended_stake_total":"340282366920938463463374607431768211452","peers":[]}}
2026-09-09T14:28:25.563193Z  INFO nanospam::wallets_factory: Creating wallet...
2026-09-09T14:28:25.612029Z  INFO nanospam::wallets_factory: Setting default representative...
2026-09-09T14:28:25.612345Z  INFO nanospam::wallets_factory: Creating wallet...
2026-09-09T14:28:25.656398Z  INFO nanospam::wallets_factory: Setting default representative...
2026-09-09T14:28:25.656623Z  INFO nanospam::wallets_factory: Creating wallet...
2026-09-09T14:28:25.700217Z  INFO nanospam::wallets_factory: Setting default representative...
2026-09-09T14:28:25.700473Z  INFO nanospam::wallets_factory: Creating wallet...
2026-09-09T14:28:25.746496Z  INFO nanospam::wallets_factory: Setting default representative...
2026-09-09T14:28:25.746724Z  INFO nanospam::wallets_factory: Creating wallet...
2026-09-09T14:28:25.790669Z  INFO nanospam::wallets_factory: Setting default representative...
2026-09-09T14:28:25.790914Z  INFO nanospam::wallets_factory: Creating wallet...
2026-09-09T14:28:25.835001Z  INFO nanospam::wallets_factory: Setting default representative...
2026-09-09T14:28:25.835266Z  INFO nanospam::wallets_factory: Sending Ӿ40,047,061 to PR1 wallet nano_3atmwjh8t11psdqf3qx6xjfiei94oajch6zsyauowxzjogbbgz168g5mp8f1 ...
2026-09-09T14:28:25.835650Z  INFO nanospam::wallets_factory: Waiting for confirmation for B19EAD8221E07E52EEB7CA7EE50577B662C489ADBA15C0727DB6F8AEDAD50081
2026-09-09T14:28:37.630929Z  INFO nanospam::wallets_factory: Receiving...
2026-09-09T14:28:37.632498Z  INFO nanospam::wallets_factory: Waiting for confirmation for CBAA8D9FE2AA2CFEB77B87886D76922E22E4C51C0C091A54179A7E5CF79FC967
2026-09-09T14:28:37.735775Z  INFO nanospam::wallets_factory: DONE
2026-09-09T14:28:37.735849Z  INFO nanospam::wallets_factory: ********************************************************************************
2026-09-09T14:28:37.735913Z  INFO nanospam::wallets_factory: Sending Ӿ40,047,061 to PR2 wallet nano_36asm8scxymtsjmgqp14per3zxpgaec1c65qb9en1buscq7qzqa93tfyyzs3 ...
2026-09-09T14:28:37.737242Z  INFO nanospam::wallets_factory: Waiting for confirmation for CAFB013DCCB20BBF4CC103A0FDD2BF25C8F109B9E984B96D0666840E4B0F89BA
2026-09-09T14:28:37.841562Z  INFO nanospam::wallets_factory: Receiving...
2026-09-09T14:28:37.843039Z  INFO nanospam::wallets_factory: Waiting for confirmation for 7189E44F408196E8FD1F393F06CDAD4F7C5A415B2A2DDFA8ABEABEE83DA60182
2026-09-09T14:28:37.946267Z  INFO nanospam::wallets_factory: DONE
2026-09-09T14:28:37.946324Z  INFO nanospam::wallets_factory: ********************************************************************************
2026-09-09T14:28:37.946375Z  INFO nanospam::wallets_factory: Sending Ӿ40,047,061 to PR3 wallet nano_1sfb11jzfi8k51fcnrzi1qe3qh1e1jkic3h45oak9yfg5yhbkczzxfwtat7m ...
2026-09-09T14:28:37.947186Z  INFO nanospam::wallets_factory: Waiting for confirmation for E2CEA882BAF6FE5BE932C387FEB7740D791CAF9E5BECC7CEE8176C7DDEE6378A
2026-09-09T14:28:38.050475Z  INFO nanospam::wallets_factory: Receiving...
2026-09-09T14:28:38.052029Z  INFO nanospam::wallets_factory: Waiting for confirmation for EA5EC3EAA2535557DB68742DBFA22A64B7B314876EE136F919471550E89D65D4
2026-09-09T14:28:38.155513Z  INFO nanospam::wallets_factory: DONE
2026-09-09T14:28:38.155568Z  INFO nanospam::wallets_factory: ********************************************************************************
2026-09-09T14:28:38.155633Z  INFO nanospam::wallets_factory: Sending Ӿ40,047,061 to PR4 wallet nano_1rsxmoinip7d4wafdp855194n43fs7s1jgne6tx8ruatiu6g89815pddzijp ...
2026-09-09T14:28:38.156823Z  INFO nanospam::wallets_factory: Waiting for confirmation for 22677C7E74B964C1E24887306A66EAC48330280DFA5744E0E21166EC47B5438A
2026-09-09T14:28:38.259886Z  INFO nanospam::wallets_factory: Receiving...
2026-09-09T14:28:38.260862Z  INFO nanospam::wallets_factory: Waiting for confirmation for 686B8354F9897585048EDBC473B612A3E2823DE919A66201E69841219A6B5651
2026-09-09T14:28:38.363179Z  INFO nanospam::wallets_factory: DONE
2026-09-09T14:28:38.363210Z  INFO nanospam::wallets_factory: ********************************************************************************
2026-09-09T14:28:38.363234Z  INFO nanospam::wallets_factory: Sending Ӿ40,047,061 to PR5 wallet nano_1wtzwadxk9naxc356m4rienp93ht131w7ypadk39qck8uah3bg3zohsmj9th ...
2026-09-09T14:28:38.363684Z  INFO nanospam::wallets_factory: Waiting for confirmation for 86B6E149E407121861E950D6B66B56BA39E500C199E580ED6065515C3C25094F
2026-09-09T14:28:38.466487Z  INFO nanospam::wallets_factory: Receiving...
2026-09-09T14:28:38.467322Z  INFO nanospam::wallets_factory: Waiting for confirmation for 417F8AEA0F6FDD9A5EE6F5896819E98A81FC15AA2CF56207A5BCFB27193E37A9
2026-09-09T14:28:38.569303Z  INFO nanospam::wallets_factory: DONE
2026-09-09T14:28:38.569342Z  INFO nanospam::wallets_factory: ********************************************************************************
2026-09-09T14:28:38.569352Z  INFO nanospam::wallets_factory: Sending initial spam amount...
2026-09-09T14:28:38.570084Z  INFO nanospam::wallets_factory: Waiting for confirmation for 99E11B0F7FD31D3F59FCDA20CB9995C759D3DDDFC38F88A3B930F5D88205D784
2026-09-09T14:28:38.673689Z  INFO nanospam::wallets_factory: Receiving initial spam amount...
2026-09-09T14:28:38.675092Z  INFO nanospam::wallets_factory: Waiting for confirmation for B101E4F7656B85DF3E990AD5FE9D6D388CC395383A17962CB5C333906718A523
2026-09-09T14:28:38.779486Z  INFO nanospam::high_prio_check: Creating high priority accounts...
2026-09-09T14:28:38.808456Z  INFO nanospam::high_prio_check: Waiting for confirmations...
2026-09-09T14:28:39.413869Z  INFO nanospam::app: RAI_QUORUM_SNAPSHOT {"phase":"workload_start","pr":0,"quorum":{"quorum_delta":"227989185837028770520460986979284701672","online_weight_quorum_percent":"67","online_weight_minimum":"340282366920938463463374607431768211452","online_stake_total":"340282366920938463463374607431768211452","peers_stake_total":"283568639100782052886145506193140176210","trended_stake_total":"340282366920938463463374607431768211452","peers":[{"account":"nano_1wtzwadxk9naxc356m4rienp93ht131w7ypadk39qck8uah3bg3zohsmj9th","ip":"[::1]:56891","weight":"56713727820156410577229101238628035242"},{"account":"nano_1sfb11jzfi8k51fcnrzi1qe3qh1e1jkic3h45oak9yfg5yhbkczzxfwtat7m","ip":"[::1]:56854","weight":"56713727820156410577229101238628035242"},{"account":"nano_3nroioygg54nusrmyun4woimqex36sp3drnctdt5955uqu47fxbkrxk7n7ne","ip":"[::1]:0","weight":"56713727820156410577229101238628035242"},{"account":"nano_36asm8scxymtsjmgqp14per3zxpgaec1c65qb9en1buscq7qzqa93tfyyzs3","ip":"[::1]:56822","weight":"56713727820156410577229101238628035242"},{"account":"nano_3atmwjh8t11psdqf3qx6xjfiei94oajch6zsyauowxzjogbbgz168g5mp8f1","ip":"[::1]:56800","weight":"56713727820156410577229101238628035242"}]}}
2026-09-09T14:28:39.414451Z  INFO nanospam::app: RAI_QUORUM_SNAPSHOT {"phase":"workload_start","pr":1,"quorum":{"quorum_delta":"227989185837028770520460986979284701672","online_weight_quorum_percent":"67","online_weight_minimum":"340282366920938463463374607431768211452","online_stake_total":"340282366920938463463374607431768211452","peers_stake_total":"283568639100782052886145506193140176210","trended_stake_total":"340282366920938463463374607431768211452","peers":[{"account":"nano_1wtzwadxk9naxc356m4rienp93ht131w7ypadk39qck8uah3bg3zohsmj9th","ip":"[::1]:56892","weight":"56713727820156410577229101238628035242"},{"account":"nano_1sfb11jzfi8k51fcnrzi1qe3qh1e1jkic3h45oak9yfg5yhbkczzxfwtat7m","ip":"[::1]:56849","weight":"56713727820156410577229101238628035242"},{"account":"nano_36asm8scxymtsjmgqp14per3zxpgaec1c65qb9en1buscq7qzqa93tfyyzs3","ip":"[::1]:56820","weight":"56713727820156410577229101238628035242"},{"account":"nano_1rsxmoinip7d4wafdp855194n43fs7s1jgne6tx8ruatiu6g89815pddzijp","ip":"[::1]:56877","weight":"56713727820156410577229101238628035242"},{"account":"nano_3atmwjh8t11psdqf3qx6xjfiei94oajch6zsyauowxzjogbbgz168g5mp8f1","ip":"[::1]:0","weight":"56713727820156410577229101238628035242"}]}}
2026-09-09T14:28:39.415084Z  INFO nanospam::app: RAI_QUORUM_SNAPSHOT {"phase":"workload_start","pr":2,"quorum":{"quorum_delta":"227989185837028770520460986979284701672","online_weight_quorum_percent":"67","online_weight_minimum":"340282366920938463463374607431768211452","online_stake_total":"340282366920938463463374607431768211452","peers_stake_total":"226854911280625642308916404954512140968","trended_stake_total":"340282366920938463463374607431768211452","peers":[{"account":"nano_1wtzwadxk9naxc356m4rienp93ht131w7ypadk39qck8uah3bg3zohsmj9th","ip":"[::1]:56894","weight":"56713727820156410577229101238628035242"},{"account":"nano_1sfb11jzfi8k51fcnrzi1qe3qh1e1jkic3h45oak9yfg5yhbkczzxfwtat7m","ip":"[::1]:56846","weight":"56713727820156410577229101238628035242"},{"account":"nano_36asm8scxymtsjmgqp14per3zxpgaec1c65qb9en1buscq7qzqa93tfyyzs3","ip":"[::1]:0","weight":"56713727820156410577229101238628035242"},{"account":"nano_3atmwjh8t11psdqf3qx6xjfiei94oajch6zsyauowxzjogbbgz168g5mp8f1","ip":"[::1]:17085","weight":"56713727820156410577229101238628035242"}]}}
2026-09-09T14:28:39.415511Z  INFO nanospam::app: RAI_QUORUM_SNAPSHOT {"phase":"workload_start","pr":3,"quorum":{"quorum_delta":"227989185837028770520460986979284701672","online_weight_quorum_percent":"67","online_weight_minimum":"340282366920938463463374607431768211452","online_stake_total":"340282366920938463463374607431768211452","peers_stake_total":"56713727820156410577229101238628035242","trended_stake_total":"340282366920938463463374607431768211452","peers":[{"account":"nano_1wtzwadxk9naxc356m4rienp93ht131w7ypadk39qck8uah3bg3zohsmj9th","ip":"[::1]:56901","weight":"56713727820156410577229101238628035242"}]}}
2026-09-09T14:28:39.415964Z  INFO nanospam::app: RAI_QUORUM_SNAPSHOT {"phase":"workload_start","pr":4,"quorum":{"quorum_delta":"227989185837028770520460986979284701672","online_weight_quorum_percent":"67","online_weight_minimum":"340282366920938463463374607431768211452","online_stake_total":"340282366920938463463374607431768211452","peers_stake_total":"340282366920938463463374607431768211452","trended_stake_total":"340282366920938463463374607431768211452","peers":[{"account":"nano_1wtzwadxk9naxc356m4rienp93ht131w7ypadk39qck8uah3bg3zohsmj9th","ip":"[::1]:56893","weight":"56713727820156410577229101238628035242"},{"account":"nano_1sfb11jzfi8k51fcnrzi1qe3qh1e1jkic3h45oak9yfg5yhbkczzxfwtat7m","ip":"[::1]:17105","weight":"56713727820156410577229101238628035242"},{"account":"nano_3nroioygg54nusrmyun4woimqex36sp3drnctdt5955uqu47fxbkrxk7n7ne","ip":"[::1]:17075","weight":"56713727820156410577229101238628035242"},{"account":"nano_36asm8scxymtsjmgqp14per3zxpgaec1c65qb9en1buscq7qzqa93tfyyzs3","ip":"[::1]:17095","weight":"56713727820156410577229101238628035242"},{"account":"nano_1rsxmoinip7d4wafdp855194n43fs7s1jgne6tx8ruatiu6g89815pddzijp","ip":"[::1]:0","weight":"56713727820156410577229101238628035242"},{"account":"nano_3atmwjh8t11psdqf3qx6xjfiei94oajch6zsyauowxzjogbbgz168g5mp8f1","ip":"[::1]:17085","weight":"56713727820156410577229101238628035242"}]}}
2026-09-09T14:28:39.416279Z  INFO nanospam::app: RAI_QUORUM_SNAPSHOT {"phase":"workload_start","pr":5,"quorum":{"quorum_delta":"227989185837028770520460986979284701672","online_weight_quorum_percent":"67","online_weight_minimum":"340282366920938463463374607431768211452","online_stake_total":"340282366920938463463374607431768211452","peers_stake_total":"56713727820156410577229101238628035242","trended_stake_total":"340282366920938463463374607431768211452","peers":[{"account":"nano_1sfb11jzfi8k51fcnrzi1qe3qh1e1jkic3h45oak9yfg5yhbkczzxfwtat7m","ip":"[::1]:17105","weight":"56713727820156410577229101238628035242"}]}}
2026-09-09T14:28:39.416343Z  INFO nanospam::app: Connecting to node PR0... peer_addr=[::1]:17075
2026-09-09T14:28:39.416685Z  INFO nanospam::app: Performing handshake...
2026-09-09T14:28:39.417301Z  INFO nanospam::app: Performing handshake...
2026-09-09T14:28:39.428542Z  INFO nanospam::app: Performing handshake...
2026-09-09T14:28:39.439454Z  INFO nanospam::app: Performing handshake...
2026-09-09T14:28:39.450426Z  INFO nanospam::app: Connecting to node PR1... peer_addr=[::1]:17085
2026-09-09T14:28:39.450790Z  INFO nanospam::app: Performing handshake...
2026-09-09T14:28:39.451344Z  INFO nanospam::app: Performing handshake...
2026-09-09T14:28:39.462552Z  INFO nanospam::app: Performing handshake...
2026-09-09T14:28:39.473581Z  INFO nanospam::app: Performing handshake...
2026-09-09T14:28:39.484365Z  INFO nanospam::app: Connecting to node PR2... peer_addr=[::1]:17095
2026-09-09T14:28:39.484711Z  INFO nanospam::app: Performing handshake...
2026-09-09T14:28:39.485363Z  INFO nanospam::app: Performing handshake...
2026-09-09T14:28:39.496693Z  INFO nanospam::app: Performing handshake...
2026-09-09T14:28:39.507981Z  INFO nanospam::app: Performing handshake...
2026-09-09T14:28:39.518472Z  INFO nanospam::app: Connecting to node PR3... peer_addr=[::1]:17105
2026-09-09T14:28:39.518817Z  INFO nanospam::app: Performing handshake...
2026-09-09T14:28:39.519392Z  INFO nanospam::app: Performing handshake...
2026-09-09T14:28:39.530501Z  INFO nanospam::app: Performing handshake...
2026-09-09T14:28:39.541420Z  INFO nanospam::app: Performing handshake...
2026-09-09T14:28:39.552065Z  INFO nanospam::app: Connecting to node PR4... peer_addr=[::1]:17115
2026-09-09T14:28:39.552368Z  INFO nanospam::app: Performing handshake...
2026-09-09T14:28:39.552914Z  INFO nanospam::app: Performing handshake...
2026-09-09T14:28:39.563509Z  INFO nanospam::app: Performing handshake...
2026-09-09T14:28:39.574794Z  INFO nanospam::app: Performing handshake...
2026-09-09T14:28:39.585375Z  INFO nanospam::app: Connecting to node PR5... peer_addr=[::1]:17125
2026-09-09T14:28:39.585678Z  INFO nanospam::app: Performing handshake...
2026-09-09T14:28:39.586148Z  INFO nanospam::app: Performing handshake...
2026-09-09T14:28:39.597075Z  INFO nanospam::app: Performing handshake...
2026-09-09T14:28:39.608211Z  INFO nanospam::app: Performing handshake...
2026-09-09T14:28:39.619612Z  INFO nanospam::app: Connecting to websocket...
2026-09-09T14:28:39.620261Z  INFO nanospam::app: Starting with 1500 BPS
2026-09-09T14:28:40.620720Z  INFO nanospam::app: Confirmed 1,234 blocks | 1,500 bps | 1,271 cps | avg conf time: 67 ms
2026-09-09T14:28:41.621951Z  INFO nanospam::app: Confirmed 2,794 blocks | 1,500 bps | 1,558 cps | avg conf time: 246 ms
2026-09-09T14:28:42.622642Z  INFO nanospam::app: Confirmed 4,088 blocks | 1,500 bps | 1,293 cps | avg conf time: 553 ms
2026-09-09T14:28:43.640030Z  INFO nanospam::app: Confirmed 5,973 blocks | 1,500 bps | 1,883 cps | avg conf time: 495 ms
2026-09-09T14:28:44.641161Z  INFO nanospam::app: Confirmed 7,383 blocks | 1,500 bps | 1,385 cps | avg conf time: 384 ms
2026-09-09T14:28:45.641574Z  INFO nanospam::app: Confirmed 7,973 blocks | 1,500 bps | 589 cps | avg conf time: 510 ms
2026-09-09T14:28:46.642612Z  INFO nanospam::app: Confirmed 9,060 blocks | 1,500 bps | 1,085 cps | avg conf time: 1044 ms
2026-09-09T14:28:47.644477Z  INFO nanospam::app: Confirmed 9,927 blocks | 1,500 bps | 865 cps | avg conf time: 1126 ms
2026-09-09T14:28:48.645580Z  INFO nanospam::app: Confirmed 10,761 blocks | 1,500 bps | 833 cps | avg conf time: 1494 ms
2026-09-09T14:28:49.646459Z  INFO nanospam::app: Confirmed 11,601 blocks | 1,500 bps | 839 cps | avg conf time: 1809 ms
2026-09-09T14:28:50.648572Z  INFO nanospam::app: Confirmed 13,110 blocks | 1,500 bps | 1,505 cps | avg conf time: 1697 ms
2026-09-09T14:28:51.650177Z  INFO nanospam::app: Confirmed 14,189 blocks | 1,500 bps | 1,077 cps | avg conf time: 1862 ms
2026-09-09T14:28:52.651443Z  INFO nanospam::app: Confirmed 14,189 blocks | 1,500 bps | 0 cps | avg conf time: 0 ms
2026-09-09T14:28:53.654188Z  INFO nanospam::app: Confirmed 14,189 blocks | 1,500 bps | 0 cps | avg conf time: 0 ms
2026-09-09T14:28:54.654912Z  INFO nanospam::app: Confirmed 14,189 blocks | 1,500 bps | 0 cps | avg conf time: 0 ms
2026-09-09T14:28:55.655869Z  INFO nanospam::app: Confirmed 14,189 blocks | 1,500 bps | 0 cps | avg conf time: 0 ms
2026-09-09T14:28:56.657304Z  INFO nanospam::app: Confirmed 14,189 blocks | 1,500 bps | 0 cps | avg conf time: 0 ms
2026-09-09T14:28:57.674261Z  INFO nanospam::app: Confirmed 14,189 blocks | 1,500 bps | 0 cps | avg conf time: 0 ms
2026-09-09T14:28:58.676356Z  INFO nanospam::app: Confirmed 14,189 blocks | 1,500 bps | 0 cps | avg conf time: 0 ms
2026-09-09T14:28:59.678585Z  INFO nanospam::app: Confirmed 14,189 blocks | 1,500 bps | 0 cps | avg conf time: 0 ms
2026-09-09T14:29:00.680910Z  INFO nanospam::app: Confirmed 14,189 blocks | 1,500 bps | 0 cps | avg conf time: 0 ms
2026-09-09T14:29:01.682190Z  INFO nanospam::app: Confirmed 14,189 blocks | 1,500 bps | 0 cps | avg conf time: 0 ms
2026-09-09T14:29:02.684253Z  INFO nanospam::app: Confirmed 14,189 blocks | 1,500 bps | 0 cps | avg conf time: 0 ms
2026-09-09T14:29:03.685999Z  INFO nanospam::app: Confirmed 14,189 blocks | 1,500 bps | 0 cps | avg conf time: 0 ms
2026-09-09T14:29:04.687128Z  INFO nanospam::app: Confirmed 14,189 blocks | 1,500 bps | 0 cps | avg conf time: 0 ms
2026-09-09T14:29:05.688495Z  INFO nanospam::app: Confirmed 14,189 blocks | 1,500 bps | 0 cps | avg conf time: 0 ms
2026-09-09T14:29:06.689950Z  INFO nanospam::app: Confirmed 14,189 blocks | 1,500 bps | 0 cps | avg conf time: 0 ms
2026-09-09T14:29:07.692909Z  INFO nanospam::app: Confirmed 14,189 blocks | 1,500 bps | 0 cps | avg conf time: 0 ms
2026-09-09T14:29:08.694670Z  INFO nanospam::app: Confirmed 14,189 blocks | 1,500 bps | 0 cps | avg conf time: 0 ms
2026-09-09T14:29:09.695559Z  INFO nanospam::app: Confirmed 14,189 blocks | 1,500 bps | 0 cps | avg conf time: 0 ms
2026-09-09T14:29:10.697084Z  INFO nanospam::app: Confirmed 14,189 blocks | 1,500 bps | 0 cps | avg conf time: 0 ms
2026-09-09T14:29:11.699237Z  INFO nanospam::app: Confirmed 14,189 blocks | 1,500 bps | 0 cps | avg conf time: 0 ms
2026-09-09T14:29:12.700761Z  INFO nanospam::app: Confirmed 14,189 blocks | 1,500 bps | 0 cps | avg conf time: 0 ms
2026-09-09T14:29:13.703555Z  INFO nanospam::app: Confirmed 14,189 blocks | 1,500 bps | 0 cps | avg conf time: 0 ms
2026-09-09T14:29:14.705144Z  INFO nanospam::app: Confirmed 14,189 blocks | 1,500 bps | 0 cps | avg conf time: 0 ms
2026-09-09T14:29:15.705981Z  INFO nanospam::app: Confirmed 14,189 blocks | 1,500 bps | 0 cps | avg conf time: 0 ms
2026-09-09T14:29:16.707160Z  INFO nanospam::app: Confirmed 14,189 blocks | 1,500 bps | 0 cps | avg conf time: 0 ms
2026-09-09T14:29:17.709115Z  INFO nanospam::app: Confirmed 14,189 blocks | 1,500 bps | 0 cps | avg conf time: 0 ms
2026-09-09T14:29:18.710625Z  INFO nanospam::app: Confirmed 14,189 blocks | 1,500 bps | 0 cps | avg conf time: 0 ms
2026-09-09T14:29:19.712307Z  INFO nanospam::app: Confirmed 14,189 blocks | 1,500 bps | 0 cps | avg conf time: 0 ms
2026-09-09T14:29:20.713388Z  INFO nanospam::app: Confirmed 14,189 blocks | 1,500 bps | 0 cps | avg conf time: 0 ms
2026-09-09T14:29:21.715320Z  INFO nanospam::app: Confirmed 14,189 blocks | 1,500 bps | 0 cps | avg conf time: 0 ms
2026-09-09T14:29:22.716249Z  INFO nanospam::app: Confirmed 14,189 blocks | 1,500 bps | 0 cps | avg conf time: 0 ms
2026-09-09T14:29:23.716443Z  INFO nanospam::app: Confirmed 14,189 blocks | 1,500 bps | 0 cps | avg conf time: 0 ms
2026-09-09T14:29:24.717275Z  INFO nanospam::app: Confirmed 14,189 blocks | 1,500 bps | 0 cps | avg conf time: 0 ms
2026-09-09T14:29:25.716900Z  INFO nanospam::app: Confirmed 14,189 blocks | 1,500 bps | 0 cps | avg conf time: 0 ms
2026-09-09T14:29:26.717529Z  INFO nanospam::app: Confirmed 14,189 blocks | 1,500 bps | 0 cps | avg conf time: 0 ms
2026-09-09T14:29:27.718082Z  INFO nanospam::app: Confirmed 14,189 blocks | 1,500 bps | 0 cps | avg conf time: 0 ms
2026-09-09T14:29:28.718551Z  INFO nanospam::app: Confirmed 14,189 blocks | 1,500 bps | 0 cps | avg conf time: 0 ms
2026-09-09T14:29:29.718973Z  INFO nanospam::app: Confirmed 14,189 blocks | 1,500 bps | 0 cps | avg conf time: 0 ms
2026-09-09T14:29:30.720145Z  INFO nanospam::app: Confirmed 14,189 blocks | 1,500 bps | 0 cps | avg conf time: 0 ms
2026-09-09T14:29:31.720995Z  INFO nanospam::app: Confirmed 14,189 blocks | 1,500 bps | 0 cps | avg conf time: 0 ms
2026-09-09T14:29:32.722908Z  INFO nanospam::app: Confirmed 14,189 blocks | 1,500 bps | 0 cps | avg conf time: 0 ms
2026-09-09T14:29:33.723236Z  INFO nanospam::app: Confirmed 14,189 blocks | 1,500 bps | 0 cps | avg conf time: 0 ms
2026-09-09T14:29:34.723426Z  INFO nanospam::app: Confirmed 14,189 blocks | 1,500 bps | 0 cps | avg conf time: 0 ms
2026-09-09T14:29:35.725184Z  INFO nanospam::app: Confirmed 14,189 blocks | 1,500 bps | 0 cps | avg conf time: 0 ms
2026-09-09T14:29:36.726136Z  INFO nanospam::app: Confirmed 14,189 blocks | 1,500 bps | 0 cps | avg conf time: 0 ms
2026-09-09T14:29:37.728063Z  INFO nanospam::app: Confirmed 14,189 blocks | 1,500 bps | 0 cps | avg conf time: 0 ms
2026-09-09T14:29:38.729519Z  INFO nanospam::app: Confirmed 14,189 blocks | 1,500 bps | 0 cps | avg conf time: 0 ms
2026-09-09T14:29:39.694087Z  INFO nanospam::app: Confirming 15000 blocks took 60.09s
2026-09-09T14:29:39.694173Z  INFO nanospam::app: Confirmation rate: 236.14122390050633 cps
2026-09-09T14:29:39.694198Z  INFO nanospam::app: Average conf time: 874.7114782950879 ms
2026-09-09T14:29:39.694969Z  INFO nanospam::app: BENCHMARK_RESULT {"confirmed_forks":0,"confirmed_nonforks":14189,"average_fork_confirmation_ms":null,"average_nonfork_confirmation_ms":874.7114782950879,"rai_protocol":true,"epoch_length":7500,"prs":6,"accounts":15000,"created_blocks":15000,"published_blocks":15000,"confirmed_blocks":14189,"duration_seconds":60.086924958,"confirmation_rate_cps":236.14122390050633,"average_confirmation_ms":874.7114782950879}
2026-09-09T14:29:40.895274Z  INFO nanospam::app: PERFORMANCE_WINDOW_TERMINATION_RESULT {"success":false,"workload_roots":15000,"pending_roots":0,"timeout_roots":3,"all_workload_terminated":true,"failed_roots":150,"conflicting_finalization_roots":0,"conflicting_timeout_finalization_roots":0,"examples":[{"root":"B16B21915BED99A2511A5284D06E53118BC8616B499CC4BCF30578E6982EEA8B0000000000000000000000000000000000000000000000000000000000000000","canonical_epoch":1,"missing_or_different_prs":[3,5],"conflicting_finalizations":false,"conflicting_timeout_and_finalization":false},{"root":"769F74109A0C73AF1122A7F299E0F0610773491993E9FB616B0583D83665B430769F74109A0C73AF1122A7F299E0F0610773491993E9FB616B0583D83665B430","canonical_epoch":1,"missing_or_different_prs":[3,5],"conflicting_finalizations":false,"conflicting_timeout_and_finalization":false},{"root":"0395FF5C879A4B35FBDD00F271AB80A14E09AD1E07C6BA1200FE4B172237F5D60000000000000000000000000000000000000000000000000000000000000000","canonical_epoch":0,"missing_or_different_prs":[3,5],"conflicting_finalizations":false,"conflicting_timeout_and_finalization":false},{"root":"C393AB570F68BA1886B4A2C22005BD308BEDA31C8675D8F311BC0F934E7A8995C393AB570F68BA1886B4A2C22005BD308BEDA31C8675D8F311BC0F934E7A8995","canonical_epoch":1,"missing_or_different_prs":[3,5],"conflicting_finalizations":false,"conflicting_timeout_and_finalization":false},{"root":"D82187C31FF1D1EBE869A96F83969DD92AEF7657F31DB80B33659ECB27AD2AFDD82187C31FF1D1EBE869A96F83969DD92AEF7657F31DB80B33659ECB27AD2AFD","canonical_epoch":1,"missing_or_different_prs":[3,5],"conflicting_finalizations":false,"conflicting_timeout_and_finalization":false},{"root":"863DB65C0DBC611E1C3F60ABA46519CA44D46526647D4F36564B1F6FF5F1FF9B863DB65C0DBC611E1C3F60ABA46519CA44D46526647D4F36564B1F6FF5F1FF9B","canonical_epoch":1,"missing_or_different_prs":[3,5],"conflicting_finalizations":false,"conflicting_timeout_and_finalization":false},{"root":"9A4D70C67EC478A1A1F7552BB6AA6BF3026C7752A18AF0130CACEB066158AE199A4D70C67EC478A1A1F7552BB6AA6BF3026C7752A18AF0130CACEB066158AE19","canonical_epoch":1,"missing_or_different_prs":[3,5],"conflicting_finalizations":false,"conflicting_timeout_and_finalization":false},{"root":"E741290A135DC45A94B4821682249BDECAB92B0D31E8BAFB70284E6115245F5AE741290A135DC45A94B4821682249BDECAB92B0D31E8BAFB70284E6115245F5A","canonical_epoch":0,"missing_or_different_prs":[3,5],"conflicting_finalizations":false,"conflicting_timeout_and_finalization":false},{"root":"763B5D4B83A2B79E0687AE2F8D4ADBC35D18A57BCF1DB21B02F18C2D4FF715B3763B5D4B83A2B79E0687AE2F8D4ADBC35D18A57BCF1DB21B02F18C2D4FF715B3","canonical_epoch":1,"missing_or_different_prs":[3,5],"conflicting_finalizations":false,"conflicting_timeout_and_finalization":false},{"root":"98DEC6ACFE02D6E7AB31614D068F53875B11D7773D1A93D79CEB608D80762BC40000000000000000000000000000000000000000000000000000000000000000","canonical_epoch":1,"missing_or_different_prs":[3,5],"conflicting_finalizations":false,"conflicting_timeout_and_finalization":false},{"root":"A5766C9957346F3C46FE35BB296BB59928A503362E3FFF68622E509F2ECC555E0000000000000000000000000000000000000000000000000000000000000000","canonical_epoch":1,"missing_or_different_prs":[3,5],"conflicting_finalizations":false,"conflicting_timeout_and_finalization":false},{"root":"0628DB1C4050A7F4E74CD98D7ADF53591FDE766A979998A771918DA502165BD50628DB1C4050A7F4E74CD98D7ADF53591FDE766A979998A771918DA502165BD5","canonical_epoch":1,"missing_or_different_prs":[3,5],"conflicting_finalizations":false,"conflicting_timeout_and_finalization":false},{"root":"7DE7CF0EC5A6DD27AC59554B21071B0042A368A60D28DBE6FF8B68B427516DB97DE7CF0EC5A6DD27AC59554B21071B0042A368A60D28DBE6FF8B68B427516DB9","canonical_epoch":1,"missing_or_different_prs":[3,5],"conflicting_finalizations":false,"conflicting_timeout_and_finalization":false},{"root":"2958B37BFA6159C5CAECA1AFF73D5D545F1840615CC20F6D4C4BD828E7984CBA0000000000000000000000000000000000000000000000000000000000000000","canonical_epoch":0,"missing_or_different_prs":[3,5],"conflicting_finalizations":false,"conflicting_timeout_and_finalization":false},{"root":"B5FDE1B2CDEFF81CD10FD80D655C3B064601B6FC7D213EBE1A2B757BE5348DFAB5FDE1B2CDEFF81CD10FD80D655C3B064601B6FC7D213EBE1A2B757BE5348DFA","canonical_epoch":1,"missing_or_different_prs":[3,5],"conflicting_finalizations":false,"conflicting_timeout_and_finalization":false},{"root":"38DE0B2F6EABFE5CA9CDE8FD1423C2951064EFA625A175DD8ABE58C4F614A01238DE0B2F6EABFE5CA9CDE8FD1423C2951064EFA625A175DD8ABE58C4F614A012","canonical_epoch":1,"missing_or_different_prs":[3,5],"conflicting_finalizations":false,"conflicting_timeout_and_finalization":false},{"root":"B56D80C136EE39F95D7430C4B6BB545A3EE16A07CA2A80FB9C9F36112F5761E2B56D80C136EE39F95D7430C4B6BB545A3EE16A07CA2A80FB9C9F36112F5761E2","canonical_epoch":1,"missing_or_different_prs":[3,5],"conflicting_finalizations":false,"conflicting_timeout_and_finalization":false},{"root":"9F0365827868130B07C48990415834D4BE7C6C43D874385DD457B85098C2FA899F0365827868130B07C48990415834D4BE7C6C43D874385DD457B85098C2FA89","canonical_epoch":0,"missing_or_different_prs":[3,5],"conflicting_finalizations":false,"conflicting_timeout_and_finalization":false},{"root":"C25288975A234E0432E7EFF847D31509CC4A9CCA87761C365D30C977DA47F1C2C25288975A234E0432E7EFF847D31509CC4A9CCA87761C365D30C977DA47F1C2","canonical_epoch":1,"missing_or_different_prs":[3,5],"conflicting_finalizations":false,"conflicting_timeout_and_finalization":false},{"root":"97F85C9F0BEE3A691D623208EC80A3403E5F7C0EE53F12761E66CC9AFD89DE3697F85C9F0BEE3A691D623208EC80A3403E5F7C0EE53F12761E66CC9AFD89DE36","canonical_epoch":1,"missing_or_different_prs":[3,5],"conflicting_finalizations":false,"conflicting_timeout_and_finalization":false}]}
2026-09-09T14:29:42.047894Z  INFO nanospam::app: Canonical recovery: 150 unmatched roots, 0 pending everywhere
2026-09-09T14:29:43.245035Z  INFO nanospam::app: Canonical recovery: 145 unmatched roots, 0 pending everywhere
2026-09-09T14:29:44.397867Z  INFO nanospam::app: Canonical recovery: 97 unmatched roots, 0 pending everywhere
2026-09-09T14:29:45.547257Z  INFO nanospam::app: Canonical recovery: 70 unmatched roots, 0 pending everywhere
2026-09-09T14:29:46.715059Z  INFO nanospam::app: Canonical recovery: 41 unmatched roots, 0 pending everywhere
2026-09-09T14:29:47.877041Z  INFO nanospam::app: Canonical recovery: 23 unmatched roots, 0 pending everywhere
2026-09-09T14:29:49.029421Z  INFO nanospam::app: Canonical recovery: 6 unmatched roots, 0 pending everywhere
2026-09-09T14:29:50.186163Z  INFO nanospam::app: Canonical recovery: 6 unmatched roots, 0 pending everywhere
2026-09-09T14:29:51.334502Z  INFO nanospam::app: Canonical recovery: 5 unmatched roots, 0 pending everywhere
2026-09-09T14:29:52.509313Z  INFO nanospam::app: Canonical recovery: 3 unmatched roots, 0 pending everywhere
2026-09-09T14:29:53.667181Z  INFO nanospam::app: Canonical recovery: 0 unmatched roots, 0 pending everywhere
2026-09-09T14:29:54.816387Z  INFO nanospam::app: Canonical recovery: 0 unmatched roots, 0 pending everywhere
2026-09-09T14:29:55.969826Z  INFO nanospam::app: Canonical recovery: 0 unmatched roots, 0 pending everywhere
2026-09-09T14:29:55.969898Z  INFO nanospam::app: CANONICAL_AGREEMENT_RESULT {"success":true,"additional_observation_seconds":16.124055,"performance_cutoff":1788964179694082000,"agreement_cutoff":1788964195818137000}
2026-09-09T14:29:55.970299Z  INFO nanospam::app: RAI_QUORUM_SNAPSHOT {"phase":"end","pr":0,"quorum":{"quorum_delta":"227989185837028770520460986979284701672","online_weight_quorum_percent":"67","online_weight_minimum":"340282366920938463463374607431768211452","online_stake_total":"340282366920938463463374607431768211452","peers_stake_total":"283568639100782052886145506193140176210","trended_stake_total":"340282366920938463463374607431768211452","peers":[{"account":"nano_1wtzwadxk9naxc356m4rienp93ht131w7ypadk39qck8uah3bg3zohsmj9th","ip":"[::1]:56891","weight":"56713727820156410577229101238628035242"},{"account":"nano_1sfb11jzfi8k51fcnrzi1qe3qh1e1jkic3h45oak9yfg5yhbkczzxfwtat7m","ip":"[::1]:56854","weight":"56713727820156410577229101238628035242"},{"account":"nano_3nroioygg54nusrmyun4woimqex36sp3drnctdt5955uqu47fxbkrxk7n7ne","ip":"[::1]:0","weight":"56713727820156410577229101238628035242"},{"account":"nano_36asm8scxymtsjmgqp14per3zxpgaec1c65qb9en1buscq7qzqa93tfyyzs3","ip":"[::1]:56822","weight":"56713727820156410577229101238628035242"},{"account":"nano_3atmwjh8t11psdqf3qx6xjfiei94oajch6zsyauowxzjogbbgz168g5mp8f1","ip":"[::1]:56800","weight":"56713727820156410577229101238628035242"}]}}
2026-09-09T14:29:55.970636Z  INFO nanospam::app: RAI_QUORUM_SNAPSHOT {"phase":"end","pr":1,"quorum":{"quorum_delta":"227989185837028770520460986979284701672","online_weight_quorum_percent":"67","online_weight_minimum":"340282366920938463463374607431768211452","online_stake_total":"340282366920938463463374607431768211452","peers_stake_total":"283568639100782052886145506193140176210","trended_stake_total":"340282366920938463463374607431768211452","peers":[{"account":"nano_1wtzwadxk9naxc356m4rienp93ht131w7ypadk39qck8uah3bg3zohsmj9th","ip":"[::1]:56892","weight":"56713727820156410577229101238628035242"},{"account":"nano_1sfb11jzfi8k51fcnrzi1qe3qh1e1jkic3h45oak9yfg5yhbkczzxfwtat7m","ip":"[::1]:56849","weight":"56713727820156410577229101238628035242"},{"account":"nano_36asm8scxymtsjmgqp14per3zxpgaec1c65qb9en1buscq7qzqa93tfyyzs3","ip":"[::1]:56820","weight":"56713727820156410577229101238628035242"},{"account":"nano_1rsxmoinip7d4wafdp855194n43fs7s1jgne6tx8ruatiu6g89815pddzijp","ip":"[::1]:56877","weight":"56713727820156410577229101238628035242"},{"account":"nano_3atmwjh8t11psdqf3qx6xjfiei94oajch6zsyauowxzjogbbgz168g5mp8f1","ip":"[::1]:0","weight":"56713727820156410577229101238628035242"}]}}
2026-09-09T14:29:55.970945Z  INFO nanospam::app: RAI_QUORUM_SNAPSHOT {"phase":"end","pr":2,"quorum":{"quorum_delta":"227989185837028770520460986979284701672","online_weight_quorum_percent":"67","online_weight_minimum":"340282366920938463463374607431768211452","online_stake_total":"340282366920938463463374607431768211452","peers_stake_total":"340282366920938463463374607431768211452","trended_stake_total":"340282366920938463463374607431768211452","peers":[{"account":"nano_1wtzwadxk9naxc356m4rienp93ht131w7ypadk39qck8uah3bg3zohsmj9th","ip":"[::1]:56894","weight":"56713727820156410577229101238628035242"},{"account":"nano_1sfb11jzfi8k51fcnrzi1qe3qh1e1jkic3h45oak9yfg5yhbkczzxfwtat7m","ip":"[::1]:56846","weight":"56713727820156410577229101238628035242"},{"account":"nano_3nroioygg54nusrmyun4woimqex36sp3drnctdt5955uqu47fxbkrxk7n7ne","ip":"[::1]:17075","weight":"56713727820156410577229101238628035242"},{"account":"nano_36asm8scxymtsjmgqp14per3zxpgaec1c65qb9en1buscq7qzqa93tfyyzs3","ip":"[::1]:0","weight":"56713727820156410577229101238628035242"},{"account":"nano_1rsxmoinip7d4wafdp855194n43fs7s1jgne6tx8ruatiu6g89815pddzijp","ip":"[::1]:56869","weight":"56713727820156410577229101238628035242"},{"account":"nano_3atmwjh8t11psdqf3qx6xjfiei94oajch6zsyauowxzjogbbgz168g5mp8f1","ip":"[::1]:17085","weight":"56713727820156410577229101238628035242"}]}}
2026-09-09T14:29:55.971213Z  INFO nanospam::app: RAI_QUORUM_SNAPSHOT {"phase":"end","pr":3,"quorum":{"quorum_delta":"227989185837028770520460986979284701672","online_weight_quorum_percent":"67","online_weight_minimum":"340282366920938463463374607431768211452","online_stake_total":"340282366920938463463374607431768211452","peers_stake_total":"340282366920938463463374607431768211452","trended_stake_total":"340282366920938463463374607431768211452","peers":[{"account":"nano_1wtzwadxk9naxc356m4rienp93ht131w7ypadk39qck8uah3bg3zohsmj9th","ip":"[::1]:56901","weight":"56713727820156410577229101238628035242"},{"account":"nano_1sfb11jzfi8k51fcnrzi1qe3qh1e1jkic3h45oak9yfg5yhbkczzxfwtat7m","ip":"[::1]:0","weight":"56713727820156410577229101238628035242"},{"account":"nano_3nroioygg54nusrmyun4woimqex36sp3drnctdt5955uqu47fxbkrxk7n7ne","ip":"[::1]:17075","weight":"56713727820156410577229101238628035242"},{"account":"nano_36asm8scxymtsjmgqp14per3zxpgaec1c65qb9en1buscq7qzqa93tfyyzs3","ip":"[::1]:17095","weight":"56713727820156410577229101238628035242"},{"account":"nano_1rsxmoinip7d4wafdp855194n43fs7s1jgne6tx8ruatiu6g89815pddzijp","ip":"[::1]:56876","weight":"56713727820156410577229101238628035242"},{"account":"nano_3atmwjh8t11psdqf3qx6xjfiei94oajch6zsyauowxzjogbbgz168g5mp8f1","ip":"[::1]:17085","weight":"56713727820156410577229101238628035242"}]}}
2026-09-09T14:29:55.971501Z  INFO nanospam::app: RAI_QUORUM_SNAPSHOT {"phase":"end","pr":4,"quorum":{"quorum_delta":"227989185837028770520460986979284701672","online_weight_quorum_percent":"67","online_weight_minimum":"340282366920938463463374607431768211452","online_stake_total":"340282366920938463463374607431768211452","peers_stake_total":"340282366920938463463374607431768211452","trended_stake_total":"340282366920938463463374607431768211452","peers":[{"account":"nano_1wtzwadxk9naxc356m4rienp93ht131w7ypadk39qck8uah3bg3zohsmj9th","ip":"[::1]:56893","weight":"56713727820156410577229101238628035242"},{"account":"nano_1sfb11jzfi8k51fcnrzi1qe3qh1e1jkic3h45oak9yfg5yhbkczzxfwtat7m","ip":"[::1]:17105","weight":"56713727820156410577229101238628035242"},{"account":"nano_3nroioygg54nusrmyun4woimqex36sp3drnctdt5955uqu47fxbkrxk7n7ne","ip":"[::1]:17075","weight":"56713727820156410577229101238628035242"},{"account":"nano_36asm8scxymtsjmgqp14per3zxpgaec1c65qb9en1buscq7qzqa93tfyyzs3","ip":"[::1]:17095","weight":"56713727820156410577229101238628035242"},{"account":"nano_1rsxmoinip7d4wafdp855194n43fs7s1jgne6tx8ruatiu6g89815pddzijp","ip":"[::1]:0","weight":"56713727820156410577229101238628035242"},{"account":"nano_3atmwjh8t11psdqf3qx6xjfiei94oajch6zsyauowxzjogbbgz168g5mp8f1","ip":"[::1]:17085","weight":"56713727820156410577229101238628035242"}]}}
2026-09-09T14:29:55.971836Z  INFO nanospam::app: RAI_QUORUM_SNAPSHOT {"phase":"end","pr":5,"quorum":{"quorum_delta":"227989185837028770520460986979284701672","online_weight_quorum_percent":"67","online_weight_minimum":"340282366920938463463374607431768211452","online_stake_total":"340282366920938463463374607431768211452","peers_stake_total":"340282366920938463463374607431768211452","trended_stake_total":"340282366920938463463374607431768211452","peers":[{"account":"nano_1wtzwadxk9naxc356m4rienp93ht131w7ypadk39qck8uah3bg3zohsmj9th","ip":"[::1]:0","weight":"56713727820156410577229101238628035242"},{"account":"nano_1sfb11jzfi8k51fcnrzi1qe3qh1e1jkic3h45oak9yfg5yhbkczzxfwtat7m","ip":"[::1]:17105","weight":"56713727820156410577229101238628035242"},{"account":"nano_3nroioygg54nusrmyun4woimqex36sp3drnctdt5955uqu47fxbkrxk7n7ne","ip":"[::1]:17075","weight":"56713727820156410577229101238628035242"},{"account":"nano_36asm8scxymtsjmgqp14per3zxpgaec1c65qb9en1buscq7qzqa93tfyyzs3","ip":"[::1]:17095","weight":"56713727820156410577229101238628035242"},{"account":"nano_1rsxmoinip7d4wafdp855194n43fs7s1jgne6tx8ruatiu6g89815pddzijp","ip":"[::1]:17115","weight":"56713727820156410577229101238628035242"},{"account":"nano_3atmwjh8t11psdqf3qx6xjfiei94oajch6zsyauowxzjogbbgz168g5mp8f1","ip":"[::1]:17085","weight":"56713727820156410577229101238628035242"}]}}
2026-09-09T14:29:57.484842Z  INFO nanospam::app: TERMINATION_RESULT {"success":true,"workload_roots":15000,"pending_roots":0,"timeout_roots":3,"all_workload_terminated":true,"failed_roots":0,"conflicting_finalization_roots":0,"conflicting_timeout_finalization_roots":0,"examples":[]}
2026-09-09T14:29:57.529887Z  INFO nanospam::app: ELECTION_RESULT {"pr":0,"terminated":15928,"timeout_notarized":1009,"notarized":15045,"notarized_not_finalized":856,"finalized":14189,"fast":13276,"nonfast_explicit":913,"implicit":0}
2026-09-09T14:29:57.574564Z  INFO nanospam::app: ELECTION_RESULT {"pr":1,"terminated":15961,"timeout_notarized":1042,"notarized":15045,"notarized_not_finalized":856,"finalized":14189,"fast":12538,"nonfast_explicit":1650,"implicit":1}
2026-09-09T14:29:57.623871Z  INFO nanospam::app: ELECTION_RESULT {"pr":2,"terminated":15987,"timeout_notarized":1068,"notarized":15045,"notarized_not_finalized":856,"finalized":14189,"fast":13546,"nonfast_explicit":643,"implicit":0}
2026-09-09T14:29:57.669626Z  INFO nanospam::app: ELECTION_RESULT {"pr":3,"terminated":15934,"timeout_notarized":1015,"notarized":15045,"notarized_not_finalized":856,"finalized":14189,"fast":13031,"nonfast_explicit":1157,"implicit":1}
2026-09-09T14:29:57.714153Z  INFO nanospam::app: ELECTION_RESULT {"pr":4,"terminated":15892,"timeout_notarized":973,"notarized":15045,"notarized_not_finalized":856,"finalized":14189,"fast":12920,"nonfast_explicit":1269,"implicit":0}
2026-09-09T14:29:57.763884Z  INFO nanospam::app: ELECTION_RESULT {"pr":5,"terminated":15958,"timeout_notarized":1039,"notarized":15045,"notarized_not_finalized":856,"finalized":14189,"fast":12585,"nonfast_explicit":1587,"implicit":22}
2026-09-09T14:29:57.765640Z  INFO nanospam::app: PR0 ledger: {"current_epoch":"1","confirmation_epochs":{"0":{"count":"7920","digest":"8F7468B9D50826A01413DE3885467CFE40DB14CDC91C626A468E56475F99D129"},"1":{"count":"6322","digest":"2D9D5B2636B4F3D2DEEF249298FA983B9635DAF69FD4EA8F769D40104A8B27C0"}},"count":"15053","unchecked":"0","cemented":"14242"}
2026-09-09T14:29:57.767236Z  INFO nanospam::app: PR1 ledger: {"current_epoch":"1","confirmation_epochs":{"0":{"count":"7920","digest":"8F7468B9D50826A01413DE3885467CFE40DB14CDC91C626A468E56475F99D129"},"1":{"count":"6322","digest":"2D9D5B2636B4F3D2DEEF249298FA983B9635DAF69FD4EA8F769D40104A8B27C0"}},"count":"15053","unchecked":"0","cemented":"14242"}
2026-09-09T14:29:57.768858Z  INFO nanospam::app: PR2 ledger: {"current_epoch":"1","confirmation_epochs":{"0":{"count":"7920","digest":"8F7468B9D50826A01413DE3885467CFE40DB14CDC91C626A468E56475F99D129"},"1":{"count":"6322","digest":"2D9D5B2636B4F3D2DEEF249298FA983B9635DAF69FD4EA8F769D40104A8B27C0"}},"count":"15053","unchecked":"0","cemented":"14242"}
2026-09-09T14:29:57.770491Z  INFO nanospam::app: PR3 ledger: {"current_epoch":"1","confirmation_epochs":{"0":{"count":"7920","digest":"8F7468B9D50826A01413DE3885467CFE40DB14CDC91C626A468E56475F99D129"},"1":{"count":"6322","digest":"2D9D5B2636B4F3D2DEEF249298FA983B9635DAF69FD4EA8F769D40104A8B27C0"}},"count":"15053","unchecked":"0","cemented":"14242"}
2026-09-09T14:29:57.772152Z  INFO nanospam::app: PR4 ledger: {"current_epoch":"1","confirmation_epochs":{"0":{"count":"7920","digest":"8F7468B9D50826A01413DE3885467CFE40DB14CDC91C626A468E56475F99D129"},"1":{"count":"6322","digest":"2D9D5B2636B4F3D2DEEF249298FA983B9635DAF69FD4EA8F769D40104A8B27C0"}},"count":"15053","unchecked":"0","cemented":"14242"}
2026-09-09T14:29:57.773646Z  INFO nanospam::app: PR5 ledger: {"current_epoch":"1","confirmation_epochs":{"0":{"count":"7920","digest":"8F7468B9D50826A01413DE3885467CFE40DB14CDC91C626A468E56475F99D129"},"1":{"count":"6322","digest":"2D9D5B2636B4F3D2DEEF249298FA983B9635DAF69FD4EA8F769D40104A8B27C0"}},"count":"15053","unchecked":"0","cemented":"14242"}
