[2m2026-09-22T12:49:56.339122Z[0m [32m INFO[0m [2mnanospam::setup::account_map_factory[0m[2m:[0m Creating account keys file with 45000 keys: "/Users/ruimorais/NanoSpam/account_keys.txt"
[2m2026-09-22T12:49:57.064216Z[0m [32m INFO[0m [2mnanospam::setup::node_config_factory[0m[2m:[0m ********************************************************************************
[2m2026-09-22T12:49:57.064229Z[0m [32m INFO[0m [2mnanospam::setup::node_config_factory[0m[2m:[0m Setting up node PR0...
[2m2026-09-22T12:49:57.064233Z[0m [32m INFO[0m [2mnanospam::setup::node_config_factory[0m[2m:[0m Creating directory "/Users/ruimorais/NanoSpam/pr0"
[2m2026-09-22T12:49:57.064313Z[0m [32m INFO[0m [2mnanospam::setup::node_config_factory[0m[2m:[0m Creating node config file: "/Users/ruimorais/NanoSpam/pr0/config-node.toml"
[2m2026-09-22T12:49:57.064417Z[0m [32m INFO[0m [2mnanospam::setup::node_config_factory[0m[2m:[0m Creating rpc config file: "/Users/ruimorais/NanoSpam/pr0/config-rpc.toml"
[2m2026-09-22T12:49:57.064481Z[0m [32m INFO[0m [2mnanospam::setup::node_config_factory[0m[2m:[0m ********************************************************************************
[2m2026-09-22T12:49:57.064486Z[0m [32m INFO[0m [2mnanospam::setup::node_config_factory[0m[2m:[0m Setting up node PR1...
[2m2026-09-22T12:49:57.064489Z[0m [32m INFO[0m [2mnanospam::setup::node_config_factory[0m[2m:[0m Creating directory "/Users/ruimorais/NanoSpam/pr1"
[2m2026-09-22T12:49:57.064528Z[0m [32m INFO[0m [2mnanospam::setup::node_config_factory[0m[2m:[0m Creating node config file: "/Users/ruimorais/NanoSpam/pr1/config-node.toml"
[2m2026-09-22T12:49:57.064597Z[0m [32m INFO[0m [2mnanospam::setup::node_config_factory[0m[2m:[0m Creating rpc config file: "/Users/ruimorais/NanoSpam/pr1/config-rpc.toml"
[2m2026-09-22T12:49:57.064656Z[0m [32m INFO[0m [2mnanospam::setup::node_config_factory[0m[2m:[0m ********************************************************************************
[2m2026-09-22T12:49:57.064660Z[0m [32m INFO[0m [2mnanospam::setup::node_config_factory[0m[2m:[0m Setting up node PR2...
[2m2026-09-22T12:49:57.064664Z[0m [32m INFO[0m [2mnanospam::setup::node_config_factory[0m[2m:[0m Creating directory "/Users/ruimorais/NanoSpam/pr2"
[2m2026-09-22T12:49:57.064705Z[0m [32m INFO[0m [2mnanospam::setup::node_config_factory[0m[2m:[0m Creating node config file: "/Users/ruimorais/NanoSpam/pr2/config-node.toml"
[2m2026-09-22T12:49:57.064775Z[0m [32m INFO[0m [2mnanospam::setup::node_config_factory[0m[2m:[0m Creating rpc config file: "/Users/ruimorais/NanoSpam/pr2/config-rpc.toml"
[2m2026-09-22T12:49:57.064834Z[0m [32m INFO[0m [2mnanospam::setup::node_config_factory[0m[2m:[0m ********************************************************************************
[2m2026-09-22T12:49:57.064838Z[0m [32m INFO[0m [2mnanospam::setup::node_config_factory[0m[2m:[0m Setting up node PR3...
[2m2026-09-22T12:49:57.064842Z[0m [32m INFO[0m [2mnanospam::setup::node_config_factory[0m[2m:[0m Creating directory "/Users/ruimorais/NanoSpam/pr3"
[2m2026-09-22T12:49:57.064880Z[0m [32m INFO[0m [2mnanospam::setup::node_config_factory[0m[2m:[0m Creating node config file: "/Users/ruimorais/NanoSpam/pr3/config-node.toml"
[2m2026-09-22T12:49:57.064949Z[0m [32m INFO[0m [2mnanospam::setup::node_config_factory[0m[2m:[0m Creating rpc config file: "/Users/ruimorais/NanoSpam/pr3/config-rpc.toml"
[2m2026-09-22T12:49:57.065006Z[0m [32m INFO[0m [2mnanospam::setup::node_config_factory[0m[2m:[0m ********************************************************************************
[2m2026-09-22T12:49:57.065010Z[0m [32m INFO[0m [2mnanospam::setup::node_config_factory[0m[2m:[0m Setting up node PR4...
[2m2026-09-22T12:49:57.065015Z[0m [32m INFO[0m [2mnanospam::setup::node_config_factory[0m[2m:[0m Creating directory "/Users/ruimorais/NanoSpam/pr4"
[2m2026-09-22T12:49:57.065056Z[0m [32m INFO[0m [2mnanospam::setup::node_config_factory[0m[2m:[0m Creating node config file: "/Users/ruimorais/NanoSpam/pr4/config-node.toml"
[2m2026-09-22T12:49:57.065153Z[0m [32m INFO[0m [2mnanospam::setup::node_config_factory[0m[2m:[0m Creating rpc config file: "/Users/ruimorais/NanoSpam/pr4/config-rpc.toml"
[2m2026-09-22T12:49:57.065253Z[0m [32m INFO[0m [2mnanospam::setup::node_launcher[0m[2m:[0m Starting node: NANO_TEST_GENESIS_BLOCK="{\n    \"type\": \"open\",\n    \"account\": \"nano_3nroioygg54nusrmyun4woimqex36sp3drnctdt5955uqu47fxbkrxk7n7ne\",\n    \"source\": \"D315857CE70C54DE713F6E82E5613BB3A1266C15E28AD2F4338C7BBEC456F532\",\n    \"representative\": \"nano_3nroioygg54nusrmyun4woimqex36sp3drnctdt5955uqu47fxbkrxk7n7ne\",\n    \"signature\": \"3F6792C2DC623DF2E8643777160AB983B66B337E2478E13D2C3448126A8F4CD8DCCD19803C158A057FA44060AE0EFC09B1C311CB4FBF42F8D240610B38F56E08\",\n    \"work\": \"70FEF01F7EC45DEC\"\n    }" NANO_TEST_GENESIS_PRV ="49643F9B10CA1AA34F9AF8ED4AABD29F436104CCC375974B108534A48EAE3FE1" "rsnano" "--network" "test" "--data-path" "/Users/ruimorais/NanoSpam/pr0" "node" "run"
[2m2026-09-22T12:49:57.065733Z[0m [32m INFO[0m [2mnanospam::setup::node_launcher[0m[2m:[0m Waiting for RPC...
[2m2026-09-22T12:49:57.169962Z[0m [32m INFO[0m [2mnanospam::setup::node_launcher[0m[2m:[0m Starting node: NANO_TEST_GENESIS_BLOCK="{\n    \"type\": \"open\",\n    \"account\": \"nano_3nroioygg54nusrmyun4woimqex36sp3drnctdt5955uqu47fxbkrxk7n7ne\",\n    \"source\": \"D315857CE70C54DE713F6E82E5613BB3A1266C15E28AD2F4338C7BBEC456F532\",\n    \"representative\": \"nano_3nroioygg54nusrmyun4woimqex36sp3drnctdt5955uqu47fxbkrxk7n7ne\",\n    \"signature\": \"3F6792C2DC623DF2E8643777160AB983B66B337E2478E13D2C3448126A8F4CD8DCCD19803C158A057FA44060AE0EFC09B1C311CB4FBF42F8D240610B38F56E08\",\n    \"work\": \"70FEF01F7EC45DEC\"\n    }" NANO_TEST_GENESIS_PRV ="49643F9B10CA1AA34F9AF8ED4AABD29F436104CCC375974B108534A48EAE3FE1" "rsnano" "--network" "test" "--data-path" "/Users/ruimorais/NanoSpam/pr1" "node" "run"
[2m2026-09-22T12:49:57.170385Z[0m [32m INFO[0m [2mnanospam::setup::node_launcher[0m[2m:[0m Waiting for RPC...
[2m2026-09-22T12:49:57.274901Z[0m [32m INFO[0m [2mnanospam::setup::node_launcher[0m[2m:[0m Starting node: NANO_TEST_GENESIS_BLOCK="{\n    \"type\": \"open\",\n    \"account\": \"nano_3nroioygg54nusrmyun4woimqex36sp3drnctdt5955uqu47fxbkrxk7n7ne\",\n    \"source\": \"D315857CE70C54DE713F6E82E5613BB3A1266C15E28AD2F4338C7BBEC456F532\",\n    \"representative\": \"nano_3nroioygg54nusrmyun4woimqex36sp3drnctdt5955uqu47fxbkrxk7n7ne\",\n    \"signature\": \"3F6792C2DC623DF2E8643777160AB983B66B337E2478E13D2C3448126A8F4CD8DCCD19803C158A057FA44060AE0EFC09B1C311CB4FBF42F8D240610B38F56E08\",\n    \"work\": \"70FEF01F7EC45DEC\"\n    }" NANO_TEST_GENESIS_PRV ="49643F9B10CA1AA34F9AF8ED4AABD29F436104CCC375974B108534A48EAE3FE1" "rsnano" "--network" "test" "--data-path" "/Users/ruimorais/NanoSpam/pr2" "node" "run"
[2m2026-09-22T12:49:57.275441Z[0m [32m INFO[0m [2mnanospam::setup::node_launcher[0m[2m:[0m Waiting for RPC...
[2m2026-09-22T12:49:57.379801Z[0m [32m INFO[0m [2mnanospam::setup::node_launcher[0m[2m:[0m Starting node: NANO_TEST_GENESIS_BLOCK="{\n    \"type\": \"open\",\n    \"account\": \"nano_3nroioygg54nusrmyun4woimqex36sp3drnctdt5955uqu47fxbkrxk7n7ne\",\n    \"source\": \"D315857CE70C54DE713F6E82E5613BB3A1266C15E28AD2F4338C7BBEC456F532\",\n    \"representative\": \"nano_3nroioygg54nusrmyun4woimqex36sp3drnctdt5955uqu47fxbkrxk7n7ne\",\n    \"signature\": \"3F6792C2DC623DF2E8643777160AB983B66B337E2478E13D2C3448126A8F4CD8DCCD19803C158A057FA44060AE0EFC09B1C311CB4FBF42F8D240610B38F56E08\",\n    \"work\": \"70FEF01F7EC45DEC\"\n    }" NANO_TEST_GENESIS_PRV ="49643F9B10CA1AA34F9AF8ED4AABD29F436104CCC375974B108534A48EAE3FE1" "rsnano" "--network" "test" "--data-path" "/Users/ruimorais/NanoSpam/pr3" "node" "run"
[2m2026-09-22T12:49:57.380389Z[0m [32m INFO[0m [2mnanospam::setup::node_launcher[0m[2m:[0m Waiting for RPC...
[2m2026-09-22T12:49:57.483522Z[0m [32m INFO[0m [2mnanospam::setup::node_launcher[0m[2m:[0m Starting node: NANO_TEST_GENESIS_BLOCK="{\n    \"type\": \"open\",\n    \"account\": \"nano_3nroioygg54nusrmyun4woimqex36sp3drnctdt5955uqu47fxbkrxk7n7ne\",\n    \"source\": \"D315857CE70C54DE713F6E82E5613BB3A1266C15E28AD2F4338C7BBEC456F532\",\n    \"representative\": \"nano_3nroioygg54nusrmyun4woimqex36sp3drnctdt5955uqu47fxbkrxk7n7ne\",\n    \"signature\": \"3F6792C2DC623DF2E8643777160AB983B66B337E2478E13D2C3448126A8F4CD8DCCD19803C158A057FA44060AE0EFC09B1C311CB4FBF42F8D240610B38F56E08\",\n    \"work\": \"70FEF01F7EC45DEC\"\n    }" NANO_TEST_GENESIS_PRV ="49643F9B10CA1AA34F9AF8ED4AABD29F436104CCC375974B108534A48EAE3FE1" "rsnano" "--network" "test" "--data-path" "/Users/ruimorais/NanoSpam/pr4" "node" "run"
[2m2026-09-22T12:49:57.483859Z[0m [32m INFO[0m [2mnanospam::setup::node_launcher[0m[2m:[0m Waiting for RPC...
[2m2026-09-22T12:49:57.587358Z[0m [32m INFO[0m [2mnanospam::wallets_factory[0m[2m:[0m Creating wallet...
[2m2026-09-22T12:49:57.644936Z[0m [32m INFO[0m [2mnanospam::wallets_factory[0m[2m:[0m Setting default representative...
[2m2026-09-22T12:49:57.645244Z[0m [32m INFO[0m [2mnanospam::wallets_factory[0m[2m:[0m Creating wallet...
[2m2026-09-22T12:49:57.688773Z[0m [32m INFO[0m [2mnanospam::wallets_factory[0m[2m:[0m Setting default representative...
[2m2026-09-22T12:49:57.689048Z[0m [32m INFO[0m [2mnanospam::wallets_factory[0m[2m:[0m Sending Ӿ40,047,061 to PR1 wallet nano_3atmwjh8t11psdqf3qx6xjfiei94oajch6zsyauowxzjogbbgz168g5mp8f1 ...
[2m2026-09-22T12:49:57.689475Z[0m [32m INFO[0m [2mnanospam::wallets_factory[0m[2m:[0m Waiting for confirmation for B19EAD8221E07E52EEB7CA7EE50577B662C489ADBA15C0727DB6F8AEDAD50081
[2m2026-09-22T12:50:12.856853Z[0m [32m INFO[0m [2mnanospam::wallets_factory[0m[2m:[0m Receiving...
[2m2026-09-22T12:50:12.858786Z[0m [32m INFO[0m [2mnanospam::wallets_factory[0m[2m:[0m Waiting for confirmation for CBAA8D9FE2AA2CFEB77B87886D76922E22E4C51C0C091A54179A7E5CF79FC967
[2m2026-09-22T12:50:12.962458Z[0m [32m INFO[0m [2mnanospam::wallets_factory[0m[2m:[0m DONE
[2m2026-09-22T12:50:12.962586Z[0m [32m INFO[0m [2mnanospam::wallets_factory[0m[2m:[0m ********************************************************************************
[2m2026-09-22T12:50:12.962601Z[0m [32m INFO[0m [2mnanospam::wallets_factory[0m[2m:[0m Creating wallet...
[2m2026-09-22T12:50:13.041634Z[0m [32m INFO[0m [2mnanospam::wallets_factory[0m[2m:[0m Setting default representative...
[2m2026-09-22T12:50:13.041972Z[0m [32m INFO[0m [2mnanospam::wallets_factory[0m[2m:[0m Sending Ӿ40,047,061 to PR2 wallet nano_36asm8scxymtsjmgqp14per3zxpgaec1c65qb9en1buscq7qzqa93tfyyzs3 ...
[2m2026-09-22T12:50:13.042485Z[0m [32m INFO[0m [2mnanospam::wallets_factory[0m[2m:[0m Waiting for confirmation for CAFB013DCCB20BBF4CC103A0FDD2BF25C8F109B9E984B96D0666840E4B0F89BA
[2m2026-09-22T12:50:13.146001Z[0m [32m INFO[0m [2mnanospam::wallets_factory[0m[2m:[0m Receiving...
[2m2026-09-22T12:50:13.146958Z[0m [32m INFO[0m [2mnanospam::wallets_factory[0m[2m:[0m Waiting for confirmation for 7189E44F408196E8FD1F393F06CDAD4F7C5A415B2A2DDFA8ABEABEE83DA60182
[2m2026-09-22T12:50:13.250073Z[0m [32m INFO[0m [2mnanospam::wallets_factory[0m[2m:[0m DONE
[2m2026-09-22T12:50:13.250137Z[0m [32m INFO[0m [2mnanospam::wallets_factory[0m[2m:[0m ********************************************************************************
[2m2026-09-22T12:50:13.250151Z[0m [32m INFO[0m [2mnanospam::wallets_factory[0m[2m:[0m Creating wallet...
[2m2026-09-22T12:50:13.326854Z[0m [32m INFO[0m [2mnanospam::wallets_factory[0m[2m:[0m Setting default representative...
[2m2026-09-22T12:50:13.327226Z[0m [32m INFO[0m [2mnanospam::wallets_factory[0m[2m:[0m Sending Ӿ40,047,061 to PR3 wallet nano_1sfb11jzfi8k51fcnrzi1qe3qh1e1jkic3h45oak9yfg5yhbkczzxfwtat7m ...
[2m2026-09-22T12:50:13.327618Z[0m [32m INFO[0m [2mnanospam::wallets_factory[0m[2m:[0m Waiting for confirmation for E2CEA882BAF6FE5BE932C387FEB7740D791CAF9E5BECC7CEE8176C7DDEE6378A
[2m2026-09-22T12:50:16.648728Z[0m [32m INFO[0m [2mnanospam::wallets_factory[0m[2m:[0m Receiving...
[2m2026-09-22T12:50:16.649897Z[0m [32m INFO[0m [2mnanospam::wallets_factory[0m[2m:[0m Waiting for confirmation for EA5EC3EAA2535557DB68742DBFA22A64B7B314876EE136F919471550E89D65D4
[2m2026-09-22T12:50:16.752894Z[0m [32m INFO[0m [2mnanospam::wallets_factory[0m[2m:[0m DONE
[2m2026-09-22T12:50:16.752971Z[0m [32m INFO[0m [2mnanospam::wallets_factory[0m[2m:[0m ********************************************************************************
[2m2026-09-22T12:50:16.752984Z[0m [32m INFO[0m [2mnanospam::wallets_factory[0m[2m:[0m Creating wallet...
[2m2026-09-22T12:50:16.832172Z[0m [32m INFO[0m [2mnanospam::wallets_factory[0m[2m:[0m Setting default representative...
[2m2026-09-22T12:50:16.832493Z[0m [32m INFO[0m [2mnanospam::wallets_factory[0m[2m:[0m Sending Ӿ40,047,061 to PR4 wallet nano_1rsxmoinip7d4wafdp855194n43fs7s1jgne6tx8ruatiu6g89815pddzijp ...
[2m2026-09-22T12:50:16.832900Z[0m [32m INFO[0m [2mnanospam::wallets_factory[0m[2m:[0m Waiting for confirmation for 22677C7E74B964C1E24887306A66EAC48330280DFA5744E0E21166EC47B5438A
[2m2026-09-22T12:50:17.037263Z[0m [32m INFO[0m [2mnanospam::wallets_factory[0m[2m:[0m Receiving...
[2m2026-09-22T12:50:17.038630Z[0m [32m INFO[0m [2mnanospam::wallets_factory[0m[2m:[0m Waiting for confirmation for 686B8354F9897585048EDBC473B612A3E2823DE919A66201E69841219A6B5651
[2m2026-09-22T12:50:17.243184Z[0m [32m INFO[0m [2mnanospam::wallets_factory[0m[2m:[0m DONE
[2m2026-09-22T12:50:17.243285Z[0m [32m INFO[0m [2mnanospam::wallets_factory[0m[2m:[0m ********************************************************************************
[2m2026-09-22T12:50:17.243363Z[0m [32m INFO[0m [2mnanospam::wallets_factory[0m[2m:[0m Sending Ӿ40,047,061 to PR5 (no node) nano_1wtzwadxk9naxc356m4rienp93ht131w7ypadk39qck8uah3bg3zohsmj9th ...
[2m2026-09-22T12:50:17.244444Z[0m [32m INFO[0m [2mnanospam::wallets_factory[0m[2m:[0m Waiting for confirmation for 86B6E149E407121861E950D6B66B56BA39E500C199E580ED6065515C3C25094F
[2m2026-09-22T12:50:17.821676Z[0m [32m INFO[0m [2mnanospam::wallets_factory[0m[2m:[0m Waiting for confirmation for 417F8AEA0F6FDD9A5EE6F5896819E98A81FC15AA2CF56207A5BCFB27193E37A9
[2m2026-09-22T12:50:18.026164Z[0m [32m INFO[0m [2mnanospam::wallets_factory[0m[2m:[0m DONE
[2m2026-09-22T12:50:18.026225Z[0m [32m INFO[0m [2mnanospam::wallets_factory[0m[2m:[0m Sending initial spam amount...
[2m2026-09-22T12:50:18.027073Z[0m [32m INFO[0m [2mnanospam::wallets_factory[0m[2m:[0m Waiting for confirmation for F2FB759DF8751E973C83CE82D56FF2392F4C7704B63C7B321882860FE746C238
[2m2026-09-22T12:50:18.334886Z[0m [32m INFO[0m [2mnanospam::wallets_factory[0m[2m:[0m Receiving initial spam amount...
[2m2026-09-22T12:50:18.335844Z[0m [32m INFO[0m [2mnanospam::wallets_factory[0m[2m:[0m Waiting for confirmation for 7C72AED14654AF34FA7AE6D5EB2E6D4CB1F8E4EA27429CF5C7DCA27A2EBE8608
[2m2026-09-22T12:50:18.541052Z[0m [32m INFO[0m [2mnanospam::wallets_factory[0m[2m:[0m Seeding Ӿ14,285,714 to nano_1do9ez38ukz486bip8qept1od9j7uiu8z6ftu1fzj3sxtpossqiinjox59ow for representative D315857CE70C54DE713F6E82E5613BB3A1266C15E28AD2F4338C7BBEC456F532
[2m2026-09-22T12:50:18.541907Z[0m [32m INFO[0m [2mnanospam::wallets_factory[0m[2m:[0m Waiting for confirmation for 853783AB76807E0231021869001000ED827C0FA9AFAA30BC9FC750064A0FC0AF
[2m2026-09-22T12:50:19.004684Z[0m [32m INFO[0m [2mnanospam::wallets_factory[0m[2m:[0m Waiting for confirmation for B072C07A159E96A34A8F32D8E40FB4710AF02C1DBC873BC523647DC204470193
[2m2026-09-22T12:50:19.416217Z[0m [32m INFO[0m [2mnanospam::wallets_factory[0m[2m:[0m Seeding Ӿ14,285,714 to nano_3cu3o918491ox9hxp4a9g31zq536a93zse7mkihwj63yy7dx618xxwmmxsge for representative A353E45E6D0016CAEED0DFA4EC5B0640E2AA22A793F9F2375E77F1AB92977C04
[2m2026-09-22T12:50:19.417196Z[0m [32m INFO[0m [2mnanospam::wallets_factory[0m[2m:[0m Waiting for confirmation for 1036E1772DEF02543639A643F852F06FAFC31E101F6EC5FA0A5FCC501450238F
[2m2026-09-22T12:50:22.186330Z[0m [32m INFO[0m [2mnanospam::wallets_factory[0m[2m:[0m Waiting for confirmation for E292228BE7DAA85CCFF645DF7AE9F80B428100B72B6E011FC1327872F087A460
[2m2026-09-22T12:50:22.699523Z[0m [32m INFO[0m [2mnanospam::wallets_factory[0m[2m:[0m Seeding Ӿ14,285,714 to nano_3c7cafy9gn3f33c9pd3uyr53qz4ihjmbs11986smmzt44q3o1357mq1a5qyx for representative 911999B2AEFA7ACC66EBD802B3301FF6CE431405107749D940277955CB7FDD07
[2m2026-09-22T12:50:22.700546Z[0m [32m INFO[0m [2mnanospam::wallets_factory[0m[2m:[0m Waiting for confirmation for 20487CEEEBDDBCA2AE9020CCC064546E6CA0AECCF36FA61D66CB79000210A373
[2m2026-09-22T12:50:25.972866Z[0m [32m INFO[0m [2mnanospam::wallets_factory[0m[2m:[0m Waiting for confirmation for 697A9C1FA63BB37A260671F0C89DCFD85F5E9A304A4B74D72C245BBF1811C07E
[2m2026-09-22T12:50:26.279725Z[0m [32m INFO[0m [2mnanospam::wallets_factory[0m[2m:[0m Seeding Ӿ14,285,714 to nano_1nd5sn55o9gamf8c5zeug97e7mwwbyh1peft5ta6wmajt7kkz7c3sfejr8bm for representative 65A90023F6C0D2181AAA63F005D81BBC0C04650505E21D5123F9AE1F9E992BFF
[2m2026-09-22T12:50:26.280454Z[0m [32m INFO[0m [2mnanospam::wallets_factory[0m[2m:[0m Waiting for confirmation for 255EC163891D707135814014E6903B4644172EC0EA74662A3E2DA828CBD8986D
[2m2026-09-22T12:50:26.793887Z[0m [32m INFO[0m [2mnanospam::wallets_factory[0m[2m:[0m Waiting for confirmation for 121B5E52D9F29D9737EB0BAA1C961ADC719046DE1384D51CED43B55D9A9A09E9
[2m2026-09-22T12:50:26.997453Z[0m [32m INFO[0m [2mnanospam::wallets_factory[0m[2m:[0m Seeding Ӿ14,285,714 to nano_3b1455qecjjo5h6rto6rbd8qa9fmu8u4o6x4m4rcfmzax3y9ayk3kufsuygm for representative 633D9D614858AB1710D5D8C3180E2A082DC97208BA8C26BA6C6D1A86C8E31CC0
[2m2026-09-22T12:50:26.998550Z[0m [32m INFO[0m [2mnanospam::wallets_factory[0m[2m:[0m Waiting for confirmation for 6FCF9693D8AFFC75BEF3C477C697A32738C163EED863BA1482D4E9463A51EFFD
[2m2026-09-22T12:50:27.307363Z[0m [32m INFO[0m [2mnanospam::wallets_factory[0m[2m:[0m Waiting for confirmation for 169E5FB5A8E491756A859B96BCACD8C9074CF459B2D30CD30FAB7917FDCF169B
[2m2026-09-22T12:50:27.512545Z[0m [32m INFO[0m [2mnanospam::wallets_factory[0m[2m:[0m Seeding Ӿ14,285,714 to nano_17c6onn6gadid34q9mia4g55qf1n9rqeadqxnf5upk6dxjjtj8i3sdrq1368 for representative 735FE217D91E88EA82324C5883296385FA0041C2FAC85C827BAA46DA1E14B83F
[2m2026-09-22T12:50:27.513271Z[0m [32m INFO[0m [2mnanospam::wallets_factory[0m[2m:[0m Waiting for confirmation for 3DDEBE8EEF5F6656D87D0A83B463C310FA090DBDB12C79F48406105A210493EA
[2m2026-09-22T12:50:27.719354Z[0m [32m INFO[0m [2mnanospam::wallets_factory[0m[2m:[0m Waiting for confirmation for FCA38C4C32EB250C8C1E027CDD8077EF79E6E9557306DB17441EEEC3C5BF6C02
[2m2026-09-22T12:50:28.028473Z[0m [32m INFO[0m [2mnanospam::high_prio_check[0m[2m:[0m Creating high priority accounts...
[2m2026-09-22T12:50:28.052468Z[0m [32m INFO[0m [2mnanospam::high_prio_check[0m[2m:[0m Waiting for confirmations...
[2m2026-09-22T12:50:30.226526Z[0m [32m INFO[0m [2mnanospam::app[0m[2m:[0m Waiting for all PRs to see the full quorum...
[2m2026-09-22T12:50:37.365667Z[0m [32m INFO[0m [2mnanospam::app[0m[2m:[0m All PRs see the full quorum after 7.139217958s
[2m2026-09-22T12:50:37.365862Z[0m [32m INFO[0m [2mnanospam::app[0m[2m:[0m Waiting for all PRs to hold the same cemented ledger...
[2m2026-09-22T12:50:37.367271Z[0m [32m INFO[0m [2mnanospam::app[0m[2m:[0m All PRs hold the same ledger of 65 blocks after 1.386ms
EPOCH_COMMITTEE t=1790081437367 derived_by=genesis members=6 accounts=33 n=340282366920938463463374607431768211455 digest=6BA9264170B331470BE87218817AE67B16A25EDC1C9BE866C5DE08F9B5D44556 shares=["65A90023:20.2%", "A353E45E:16.0%", "735FE217:16.0%", "633D9D61:16.0%", "911999B2:16.0%", "D315857C:16.0%"]
EPOCH_START t=1790081437368 epoch=0 elections=0
EPOCH_COMMITTEE t=1790081437368 derived_by=genesis members=6 accounts=33 n=340282366920938463463374607431768211455 digest=6BA9264170B331470BE87218817AE67B16A25EDC1C9BE866C5DE08F9B5D44556 shares=["65A90023:20.2%", "A353E45E:16.0%", "735FE217:16.0%", "633D9D61:16.0%", "911999B2:16.0%", "D315857C:16.0%"]
EPOCH_START t=1790081437369 epoch=0 elections=0
EPOCH_COMMITTEE t=1790081437369 derived_by=genesis members=6 accounts=33 n=340282366920938463463374607431768211455 digest=6BA9264170B331470BE87218817AE67B16A25EDC1C9BE866C5DE08F9B5D44556 shares=["65A90023:20.2%", "A353E45E:16.0%", "735FE217:16.0%", "633D9D61:16.0%", "911999B2:16.0%", "D315857C:16.0%"]
EPOCH_START t=1790081437369 epoch=0 elections=0
EPOCH_COMMITTEE t=1790081437370 derived_by=genesis members=6 accounts=33 n=340282366920938463463374607431768211455 digest=6BA9264170B331470BE87218817AE67B16A25EDC1C9BE866C5DE08F9B5D44556 shares=["65A90023:20.2%", "A353E45E:16.0%", "735FE217:16.0%", "633D9D61:16.0%", "911999B2:16.0%", "D315857C:16.0%"]
EPOCH_START t=1790081437370 epoch=0 elections=0
EPOCH_COMMITTEE t=1790081437370 derived_by=genesis members=6 accounts=33 n=340282366920938463463374607431768211455 digest=6BA9264170B331470BE87218817AE67B16A25EDC1C9BE866C5DE08F9B5D44556 shares=["65A90023:20.2%", "A353E45E:16.0%", "735FE217:16.0%", "633D9D61:16.0%", "911999B2:16.0%", "D315857C:16.0%"]
EPOCH_START t=1790081437370 epoch=0 elections=0
[2m2026-09-22T12:50:37.371051Z[0m [32m INFO[0m [2mnanospam::app[0m[2m:[0m Started the epochs on every PR
[2m2026-09-22T12:50:37.371066Z[0m [32m INFO[0m [2mnanospam::app[0m[2m:[0m Connecting to node PR0... [3mpeer_addr[0m[2m=[0m[::1]:17075
[2m2026-09-22T12:50:37.371626Z[0m [32m INFO[0m [2mnanospam::app[0m[2m:[0m Performing handshake...
[2m2026-09-22T12:50:37.372572Z[0m [32m INFO[0m [2mnanospam::app[0m[2m:[0m Performing handshake...
[2m2026-09-22T12:50:37.384745Z[0m [32m INFO[0m [2mnanospam::app[0m[2m:[0m Performing handshake...
[2m2026-09-22T12:50:37.395859Z[0m [32m INFO[0m [2mnanospam::app[0m[2m:[0m Performing handshake...
[2m2026-09-22T12:50:37.406577Z[0m [32m INFO[0m [2mnanospam::app[0m[2m:[0m Connecting to node PR1... [3mpeer_addr[0m[2m=[0m[::1]:17085
[2m2026-09-22T12:50:37.406831Z[0m [32m INFO[0m [2mnanospam::app[0m[2m:[0m Performing handshake...
[2m2026-09-22T12:50:37.407533Z[0m [32m INFO[0m [2mnanospam::app[0m[2m:[0m Performing handshake...
[2m2026-09-22T12:50:37.419332Z[0m [32m INFO[0m [2mnanospam::app[0m[2m:[0m Performing handshake...
[2m2026-09-22T12:50:37.430735Z[0m [32m INFO[0m [2mnanospam::app[0m[2m:[0m Performing handshake...
[2m2026-09-22T12:50:37.441987Z[0m [32m INFO[0m [2mnanospam::app[0m[2m:[0m Connecting to node PR2... [3mpeer_addr[0m[2m=[0m[::1]:17095
[2m2026-09-22T12:50:37.442346Z[0m [32m INFO[0m [2mnanospam::app[0m[2m:[0m Performing handshake...
[2m2026-09-22T12:50:37.443516Z[0m [32m INFO[0m [2mnanospam::app[0m[2m:[0m Performing handshake...
[2m2026-09-22T12:50:37.455127Z[0m [32m INFO[0m [2mnanospam::app[0m[2m:[0m Performing handshake...
[2m2026-09-22T12:50:37.465460Z[0m [32m INFO[0m [2mnanospam::app[0m[2m:[0m Performing handshake...
[2m2026-09-22T12:50:37.476640Z[0m [32m INFO[0m [2mnanospam::app[0m[2m:[0m Connecting to node PR3... [3mpeer_addr[0m[2m=[0m[::1]:17105
[2m2026-09-22T12:50:37.476937Z[0m [32m INFO[0m [2mnanospam::app[0m[2m:[0m Performing handshake...
[2m2026-09-22T12:50:37.477900Z[0m [32m INFO[0m [2mnanospam::app[0m[2m:[0m Performing handshake...
[2m2026-09-22T12:50:37.489535Z[0m [32m INFO[0m [2mnanospam::app[0m[2m:[0m Performing handshake...
[2m2026-09-22T12:50:37.501571Z[0m [32m INFO[0m [2mnanospam::app[0m[2m:[0m Performing handshake...
[2m2026-09-22T12:50:37.512538Z[0m [32m INFO[0m [2mnanospam::app[0m[2m:[0m Connecting to node PR4... [3mpeer_addr[0m[2m=[0m[::1]:17115
[2m2026-09-22T12:50:37.512859Z[0m [32m INFO[0m [2mnanospam::app[0m[2m:[0m Performing handshake...
[2m2026-09-22T12:50:37.513620Z[0m [32m INFO[0m [2mnanospam::app[0m[2m:[0m Performing handshake...
[2m2026-09-22T12:50:37.525006Z[0m [32m INFO[0m [2mnanospam::app[0m[2m:[0m Performing handshake...
[2m2026-09-22T12:50:37.536945Z[0m [32m INFO[0m [2mnanospam::app[0m[2m:[0m Performing handshake...
[2m2026-09-22T12:50:37.548062Z[0m [32m INFO[0m [2mnanospam::app[0m[2m:[0m Connecting to websocket...
[2m2026-09-22T12:50:37.549076Z[0m [32m INFO[0m [2mnanospam::app[0m[2m:[0m Starting with 2000 BPS
[2m2026-09-22T12:50:38.550102Z[0m [32m INFO[0m [2mnanospam::app[0m[2m:[0m Confirmed 696 blocks | 2,000 bps | 767 cps | avg conf time: 94 ms
[2m2026-09-22T12:50:39.551348Z[0m [32m INFO[0m [2mnanospam::app[0m[2m:[0m Confirmed 4,218 blocks | 2,000 bps | 3,517 cps | avg conf time: 92 ms
[2m2026-09-22T12:50:40.552373Z[0m [32m INFO[0m [2mnanospam::app[0m[2m:[0m Confirmed 6,140 blocks | 2,000 bps | 1,919 cps | avg conf time: 99 ms
[2m2026-09-22T12:50:41.553245Z[0m [32m INFO[0m [2mnanospam::app[0m[2m:[0m Confirmed 7,997 blocks | 2,000 bps | 1,855 cps | avg conf time: 101 ms
[2m2026-09-22T12:50:42.554089Z[0m [32m INFO[0m [2mnanospam::app[0m[2m:[0m Confirmed 9,919 blocks | 2,000 bps | 1,920 cps | avg conf time: 102 ms
[2m2026-09-22T12:50:43.555136Z[0m [32m INFO[0m [2mnanospam::app[0m[2m:[0m Confirmed 11,823 blocks | 2,000 bps | 1,901 cps | avg conf time: 100 ms
[2m2026-09-22T12:50:44.556089Z[0m [32m INFO[0m [2mnanospam::app[0m[2m:[0m Confirmed 13,633 blocks | 2,000 bps | 1,808 cps | avg conf time: 102 ms
EPOCH_ENDED t=1790081445368 epoch=0 elections=1002 active=161
EPOCH_ENDED t=1790081445371 epoch=0 elections=940 active=90
EPOCH_ENDED t=1790081445372 epoch=0 elections=939 active=89
EPOCH_ENDED t=1790081445372 epoch=0 elections=940 active=90
EPOCH_ENDED t=1790081445372 epoch=0 elections=940 active=90
EPOCH_DRAIN_WAIT t=1790081445408 epoch=0 unterminated=57 previous_closed=true first=["0081E7A763467D70F83A7436DCD6198AF8245406A83C2656BE6734A88E56AC15:active:1:3", "D2AE7F70D0AF100AF3396B7D5A0A4003A94FA457137FF468EECC6BA76C266765:active:1:3", "42E1DC7CB9725E723BE85B66A3048CE6124F113AAD5F0880F34C1984EFC90F39:active:1:1"]
EPOCH_DRAIN_WAIT t=1790081445474 epoch=0 unterminated=7 previous_closed=true first=["4D155B7829C83CB8D47F6F1567160A4D706D05FA0CCBB118534C46795451EA7B:active:1:3", "08D94B656CC20EF5E9620D0D5ECBCE75911AECCA495259DB56E0C7E40A9836FD:active:1:3", "DCDBEBE956841ECDE042DC9BD260F36CB8FF0EC99BFEA65A260F63D9857370EA:active:1:3"]
EPOCH_DRAIN_WAIT t=1790081445518 epoch=0 unterminated=1 previous_closed=true first=["B8E18DCA208FF2DCA5E9C4D9C4260E47F2C2A73B2CA95506565F89DA70669156:active:1:5"]
[2m2026-09-22T12:50:45.557371Z[0m [32m INFO[0m [2mnanospam::app[0m[2m:[0m Confirmed 15,342 blocks | 2,000 bps | 1,706 cps | avg conf time: 102 ms
EPOCH_CLOSE_READY t=1790081445825 epoch=0 value=0D4DF60E4AAA739001D3F599B7306616045CD2426BB2270568AC3F9E17BF08F8
EPOCH_CLOSE_ROUND t=1790081445825 epoch=0 round=0 leader=633D9D614858AB1710D5D8C3180E2A082DC97208BA8C26BA6C6D1A86C8E31CC0 leads=false
EPOCH_ADVANCED t=1790081445825 epoch=1 elections=793 active=0
EPOCH_CLOSE_READY t=1790081445852 epoch=0 value=0D4DF60E4AAA739001D3F599B7306616045CD2426BB2270568AC3F9E17BF08F8
EPOCH_CLOSE_ROUND t=1790081445852 epoch=0 round=0 leader=633D9D614858AB1710D5D8C3180E2A082DC97208BA8C26BA6C6D1A86C8E31CC0 leads=false
EPOCH_ADVANCED t=1790081445852 epoch=1 elections=793 active=0
EPOCH_REPORT epoch=0 entries=32392 root=E97FEB8C2FFB9A42A9C5A289DAB4FBEFBD3CDDB6BF191854033DAA9200341D35 committee=6BA9264170B331470BE87218817AE67B16A25EDC1C9BE866C5DE08F9B5D44556 reports=1 t=1790081445860
EPOCH_REPORT epoch=0 entries=31535 root=D174BDC647BE9AB5EC9D518000AA05C1395A2A00F3CA87FBC782AF5D82B7A37C committee=6BA9264170B331470BE87218817AE67B16A25EDC1C9BE866C5DE08F9B5D44556 reports=1 t=1790081445884
EPOCH_CLOSE_READY t=1790081446032 epoch=0 value=0D4DF60E4AAA739001D3F599B7306616045CD2426BB2270568AC3F9E17BF08F8
EPOCH_CLOSE_ROUND t=1790081446032 epoch=0 round=0 leader=633D9D614858AB1710D5D8C3180E2A082DC97208BA8C26BA6C6D1A86C8E31CC0 leads=false
EPOCH_ADVANCED t=1790081446032 epoch=1 elections=793 active=0
EPOCH_REPORT epoch=0 entries=31528 root=582EC1FA5038FBE20488D9B18650974B7E43BA6279AB387FD10E127115EA6BA7 committee=6BA9264170B331470BE87218817AE67B16A25EDC1C9BE866C5DE08F9B5D44556 reports=1 t=1790081446064
EPOCH_CLOSE_READY t=1790081446117 epoch=0 value=0D4DF60E4AAA739001D3F599B7306616045CD2426BB2270568AC3F9E17BF08F8
EPOCH_CLOSE_ROUND t=1790081446117 epoch=0 round=0 leader=633D9D614858AB1710D5D8C3180E2A082DC97208BA8C26BA6C6D1A86C8E31CC0 leads=true
EPOCH_ADVANCED t=1790081446117 epoch=1 elections=793 active=0
EPOCH_CLOSE_READY t=1790081446146 epoch=0 value=0D4DF60E4AAA739001D3F599B7306616045CD2426BB2270568AC3F9E17BF08F8
EPOCH_CLOSE_ROUND t=1790081446146 epoch=0 round=0 leader=633D9D614858AB1710D5D8C3180E2A082DC97208BA8C26BA6C6D1A86C8E31CC0 leads=false
EPOCH_ADVANCED t=1790081446146 epoch=1 elections=793 active=0
EPOCH_REPORT epoch=0 entries=32311 root=2557814A9705DF69281109E310CBDD41A4DE757DC14520515A3C435F51F3A021 committee=6BA9264170B331470BE87218817AE67B16A25EDC1C9BE866C5DE08F9B5D44556 reports=1 t=1790081446161
EPOCH_REPORT epoch=0 entries=32379 root=4D49B6D438873A64D7EED92D00A913847BCC82BC89A4776FD4C08D537D40F9C3 committee=6BA9264170B331470BE87218817AE67B16A25EDC1C9BE866C5DE08F9B5D44556 reports=1 t=1790081446192
[2m2026-09-22T12:50:46.558037Z[0m [32m INFO[0m [2mnanospam::app[0m[2m:[0m Confirmed 17,263 blocks | 2,000 bps | 1,919 cps | avg conf time: 522 ms
EPOCH_CLOSED t=1790081446821 epoch=0 round=0 value=0D4DF60E4AAA739001D3F599B7306616045CD2426BB2270568AC3F9E17BF08F8 own=true
EPOCH_CLOSED t=1790081446822 epoch=0 round=0 value=0D4DF60E4AAA739001D3F599B7306616045CD2426BB2270568ACEPOCH_CLOSED t=17900814468223F epoch=EPOCH_CLOSED t=0 round=0 value=EPOCH_CLOSED t=1790081446822 epoch=01790081446822 epoch=0 round= round=0 value=9E1700DBF04DF60 value=08E0D4DF60ED4DF60E4AAA739001D3F599F84AAA739001D3F599B74AB7306616045CD2426BB2270568AC3F9E17BF08F8 own=true
306616045CD2426BB2270568AC3F9E17BF08F8 own=true
 own=true
AA739001D3F599B7306616045CD2426BB2270568AC3F9E17BF08F8 own=true
EPOCH_COMMITTEE t=1790081446827 derived_by=0 members=6 accounts=7207 n=321924511568360038477162707116860007862 digest=0B18AC410FD30BEAB0FE27D7F6C37BFB17E1C1886B9FAACEB94168B395DD77B7 shares=["633D9D61:19.9%", "735FE217:16.7%", "911999B2:16.3%", "65A90023:15.8%", "D315857C:15.8%", "A353E45E:15.5%"]
EPOCH_AGREED t=1790081446827 epoch=0 value=0D4DF60E4AAA739001D3F599B7306616045CD2426BB2270568AC3F9E17BF08F8
EPOCH_COMMITTEE t=1790081446827 derived_by=0 members=6 accounts=7207 n=321924511568360038477162707116860007862 digest=0B18AC410FD30BEAB0FE27D7F6C37BFB17E1C1886B9FAACEB94168B395DD77B7 shares=["633D9D61:19.9%", "735FE217:16.7%", "911999B2:16.3%", "65A90023:15.8%", "D315857C:15.8%", "A353E45E:15.5%"]
EPOCH_AGREED t=1790081446828 epoch=0 value=0D4DF60E4AAA739001D3F599B7306616045CD242EPOCH_COMMITTEE t=1790081446828 derived_by=0 members=6BB2270568AC3F9E17BF08F8
6 accounts=7207 n=321924511568360038477162707116860007862 digest=0B18AC410FD30BEAB0FE27D7F6C37BFB17E1C1EPOCH_COMMITTEE t=1790081446828 derived_by=0 members=6 accounts=7207 n=321924511568360038477162707116860007862 digest=0B18AC410FD30BEAB0FE27D7F6C37BFB17E1C1886B9FAACEB94168B395DD77B7 shares=["633D9D61:19.9%", "735FE217:16.7%", "911999B2:16.3%", "65A90023:15.8%", "D315857C:15.8%", "A353E45E:15.5%"]
EPOCH_AGREED t=1790081446828 epoch=0 value=0D4DF60E4AAA739001D3F599B73066886B9FAACEB94168B395DD77B7 shares=["633D9D61:19.9%", "735FE217:16.7%", "911999B2:16.3%", "65A90023:15.8%16045CD2426BB22705", "D315857C:15.8%", "A353E45E:15.5%"]
68AC3F9E17BF08F8
EPOCH_AGREED t=1790081446829 epoch=0 value=0D4DF60E4AAA739001D3F599B7306616045CD2426BB2270568AC3F9E17BF08F8
EPOCH_COMMITTEE t=1790081446831 derived_by=0 members=6 accounts=7207 n=321924511568360038477162707116860007862 digest=0B18AC410FD30BEAB0FE27D7F6C37BFB17E1C1886B9FAACEB94168B395DD77B7 shares=["633D9D61:19.9%", "735FE217:16.7%", "911999B2:16.3%", "65A90023:15.8%", "D315857C:15.8%", "A353E45E:15.5%"]
EPOCH_AGREED t=1790081446832 epoch=0 value=0D4DF60E4AAA739001D3F599B7306616045CD2426BB2270568AC3F9E17BF08F8
[2m2026-09-22T12:50:47.558959Z[0m [32m INFO[0m [2mnanospam::app[0m[2m:[0m Confirmed 19,144 blocks | 2,000 bps | 1,879 cps | avg conf time: 104 ms
[2m2026-09-22T12:50:48.560241Z[0m [32m INFO[0m [2mnanospam::app[0m[2m:[0m Confirmed 21,032 blocks | 2,000 bps | 1,885 cps | avg conf time: 101 ms
[2m2026-09-22T12:50:49.561259Z[0m [32m INFO[0m [2mnanospam::app[0m[2m:[0m Confirmed 22,926 blocks | 2,000 bps | 1,892 cps | avg conf time: 102 ms
[2m2026-09-22T12:50:50.561919Z[0m [32m INFO[0m [2mnanospam::app[0m[2m:[0m Confirmed 24,657 blocks | 2,000 bps | 1,729 cps | avg conf time: 107 ms
[2m2026-09-22T12:50:51.562952Z[0m [32m INFO[0m [2mnanospam::app[0m[2m:[0m Confirmed 26,625 blocks | 2,000 bps | 1,965 cps | avg conf time: 93 ms
[2m2026-09-22T12:50:52.564023Z[0m [32m INFO[0m [2mnanospam::app[0m[2m:[0m Confirmed 28,523 blocks | 2,000 bps | 1,895 cps | avg conf time: 95 ms
EPOCH_ENDED t=1790081453371 epoch=1 elections=1606 active=77
EPOCH_ENDED t=1790081453373 epoch=1 elections=1645 active=116
EPOCH_ENDED t=1790081453374 epoch=1 elections=1611 active=82
EPOCH_ENDED t=1790081453378 epoch=1 elections=1613 active=84
EPOCH_ENDED t=1790081453379 epoch=1 elections=1656 active=127
EPOCH_DRAIN_WAIT t=1790081453451 epoch=1 unterminated=66 previous_closed=true first=["3CCD849261CDEF3DAFF534F6F87349016E2423D006F2130A3274C3CBA849A6F7:active:2:4", "7E313E30ACC74BE97E08BBBD4C25E00CB96EF34152DFD482124EF7116CAA7DA9:active:1:1", "42CA0AAAFBC6987AFDFB6B2EE58973955CCCCA544B75E0518FEBF6B51C1FFB43:active:1:1"]
EPOCH_DRAIN_WAIT t=1790081453507 epoch=1 unterminated=43 previous_closed=true first=["7E313E30ACC74BE97E08BBBD4C25E00CB96EF34152DFD482124EF7116CAA7DA9:active:1:2", "42CA0AAAFBC6987AFDFB6B2EE58973955CCCCA544B75E0518FEBF6B51C1FFB43:active:1:2", "8259BDC220B119F6700AA514594A85DCFBB6217BD29FE38509131E3DF60611F6:active:1:2"]
EPOCH_DRAIN_WAIT t=1790081453511 epoch=1 unterminated=43 previous_closed=true first=["7E313E30ACC74BE97E08BBBD4C25E00CB96EF34152DFD482124EF7116CAA7DA9:active:1:2", "42CA0AAAFBC6987AFDFB6B2EE58973955CCCCA544B75E0518FEBF6B51C1FFB43:active:1:2", "8259BDC220B119F6700AA514594A85DCFBB6217BD29FE38509131E3DF60611F6:active:1:2"]
[2m2026-09-22T12:50:53.565022Z[0m [32m INFO[0m [2mnanospam::app[0m[2m:[0m Confirmed 30,129 blocks | 2,000 bps | 1,604 cps | avg conf time: 98 ms
EPOCH_CLOSE_READY t=1790081453850 epoch=1 value=EEEAB5AA2CFD41B3514B8A66517707B2521DF08CC73481CBC25AAB9FD76ACE82
EPOCH_CLOSE_ROUND t=1790081453850 epoch=1 round=0 leader=65A90023F6C0D2181AAA63F005D81BBC0C04650505E21D5123F9AE1F9E992BFF leads=false
EPOCH_ADVANCED t=1790081453851 epoch=2 elections=1574 active=0
EPOCH_CLOSE_READY t=1790081453870 epoch=1 value=EEEAB5AA2CFD41B3514B8A66517707B2521DF08CC73481CBC25AAB9FD76ACE82
EPOCH_CLOSE_ROUND t=1790081453870 epoch=1 round=0 leader=65A90023F6C0D2181AAA63F005D81BBC0C04650505E21D5123F9AE1F9E992BFF leads=false
EPOCH_ADVANCED t=1790081453871 epoch=2 elections=1574 active=0
EPOCH_REPORT epoch=1 entries=30355 root=1C5A3D2EF9193D64A095D40BE52D0DB93B04D29D0B9AB137A06AE2BEE994377C committee=6BA9264170B331470BE87218817AE67B16A25EDC1C9BE866C5DE08F9B5D44556 reports=1 t=1790081453893
EPOCH_REPORT epoch=1 entries=30958 root=8740189AC7B5D3F85954FD5A34F3B23330804A6BA076D456E9C7A6BBD124119A committee=6BA9264170B331470BE87218817AE67B16A25EDC1C9BE866C5DE08F9B5D44556 reports=1 t=1790081453909
EPOCH_CLOSE_READY t=1790081453959 epoch=1 value=EEEAB5AA2CFD41B3514B8A66517707B2521DF08CC73481CBC25AAB9FD76ACE82
EPOCH_CLOSE_ROUND t=1790081453959 epoch=1 round=0 leader=65A90023F6C0D2181AAA63F005D81BBC0C04650505E21D5123F9AE1F9E992BFF leads=false
EPOCH_ADVANCED t=1790081453960 epoch=2 elections=1574 active=0
EPOCH_REPORT epoch=1 entries=31080 root=9781BAA9D4741917DC06C6B4186AFEF312A5C1C47089B296075389620527EDA4 committee=6BA9264170B331470BE87218817AE67B16A25EDC1C9BE866C5DE08F9B5D44556 reports=1 t=1790081454031
EPOCH_CLOSE_READY t=1790081454148 epoch=1 value=EEEAB5AA2CFD41B3514B8A66517707B2521DF08CC73481CBC25AAB9FD76ACE82
EPOCH_CLOSE_ROUND t=1790081454148 epoch=1 round=0 leader=65A90023F6C0D2181AAA63F005D81BBC0C04650505E21D5123F9AE1F9E992BFF leads=true
EPOCH_CLOSE_READY t=1790081454148 epoch=1 value=EEEAB5AA2CFD41B3514B8A66517707B2521DF08CC73481CBC25AAB9FD76ACE82
EPOCH_CLOSE_ROUND t=1790081454148 epoch=1 round=0 leader=65A90023F6C0D2181AAA63F005D81BBC0C04650505E21D5123F9AE1F9E992BFF leads=false
EPOCH_ADVANCED t=1790081454148 epoch=2 elections=1574 active=0
EPOCH_ADVANCED t=1790081454149 epoch=2 elections=1574 active=0
EPOCH_REPORT epoch=1 entries=31091 root=C37ADAC4D4A97646D6A8EBF36B638840B10224E19FD955B869393E0E8F7BE48D committee=6BA9264170B331470BE87218817AE67B16A25EDC1C9BE866C5DE08F9B5D44556 reports=1 t=1790081454190
EPOCH_REPORT epoch=1 entries=30348 root=439335479AAB6DB172A6E2883525D00697CEEB14AD3A31C2BC46C541C4B7DB37 committee=6BA9264170B331470BE87218817AE67B16A25EDC1C9BE866C5DE08F9B5D44556 reports=1 t=1790081454192
[2m2026-09-22T12:50:54.565788Z[0m [32m INFO[0m [2mnanospam::app[0m[2m:[0m Confirmed 31,148 blocks | 2,000 bps | 1,018 cps | avg conf time: 902 ms
EPOCH_CLOSED t=1790081455211 epoch=1 round=0 value=EEEAB5AA2CFD41B3514B8A66517707B2521DF08CC73481CBC25AAB9FD76ACE82 own=true
EPOCH_CLOSED t=1790081455212 epoch=1 round=0 value=EEEAB5AA2CFD41B3514B8A66517707B2521DF08CC73481CBC25AAB9FD76ACE82 own=true
EPOCH_CLOSED t=1790081455212 epoch=1 round=0 value=EEEAB5AA2CFD41B3514B8A66517707B2521DF08CC73481CBC25AAB9FD76ACE82 own=true
EPOCH_CLOSED t=1790081455212 epoch=1 round=0 value=EEEAB5AA2CFD41B3514B8A66517707B2521DF08CC73481CBC25AAB9FD76ACE82 own=true
EPOCH_CLOSED t=1790081455212 epoch=1 round=0 value=EEEAB5AA2CFD41B3514B8A66517707B2521DF08CC73481CBC25AAB9FD76ACE82 own=true
EPOCH_COMMITTEE t=1790081455218 derived_by=1 members=6 accounts=12152 n=315407084759992068196764053898626147720 digest=5418F94A171D6DB8FA498856CF21A569BF10F72D042456CC1D62163ED0B32254 shares=["633D9D61:20.2%", "911999B2:16.2%", "65A90023:16.2%", "735FE217:16.2%", "D315857C:15.8%", "A353E45E:15.3%"]
EPOCH_AGREED t=1790081455218 epoch=1 value=EEEAB5AA2CFD41B3514B8A66517707B2521DF08CC73481CBC25AAB9FD76ACE82
EPOCH_COMMITTEE t=1790081455218 derived_by=1 members=6 accounts=12152 n=315407084759992068196764053898626147720 digest=5418F94A171D6DB8FA498856CF21A569BF10F72D042456CC1D62163ED0B32254 shares=["633D9D61:20.2%", "911999B2:16.2%", "65A90023:16.2%", "735FE217:16.2%", "D315857C:15.8%", "A353E45E:15.3%"]
EPOCH_AGREED t=1790081455218 epoch=1 value=EEEAB5AA2CFD41B3514B8A66517707B2521DF08CC73481CBC25AAB9FD76ACE82
EPOCH_COMMITTEE t=1790081455219 derived_by=1 members=6 accounts=12152 n=315407084759992068196764053898626147720 digest=5418F94A171D6DB8FA498856CF21A569BF10F72D042456CC1D62163ED0B32254 shares=["633D9D61:20.2%", "911999B2:16.2%", "65A90023:16.2%", "735FE217:16.2%", "D315857C:15.8%", "A353E45E:15.3%"]
EPOCH_AGREED t=1790081455219 epoch=1 value=EEEAB5AA2CFD41B3514B8A66517707B2521DF08CC73481EPOCH_COMMITTEE t=1790081455220 derived_by=1 members=6 accounts=12152 n=315407084759992068196764053898626147720 digest=5418F94A171D6DB8FA498856CFCBC25AAB9FD76ACE82
21A569BF10F72D042456CC1D62163ED0B32254 shares=["633D9D61:20.2%", "911999B2:16.2%", "65A90023:16.2%", "735FE217:16.2%", "D315857C:15.8%", "A353E45E:15.3%"]
EPOCH_AGREED t=1790081455220 epoch=1 value=EEEAB5AA2CFD41B3514B8A66517707B2521DF08CC73481CBC25AAB9FD76ACE82
EPOCH_COMMITTEE t=1790081455221 derived_by=1 members=6 accounts=12152 n=315407084759992068196764053898626147720 digest=5418F94A171D6DB8FA498856CF21A569BF10F72D042456CC1D62163ED0B32254 shares=["633D9D61:20.2%", "911999B2:16.2%", "65A90023:16.2%", "735FE217:16.2%", "D315857C:15.8%", "A353E45E:15.3%"]
EPOCH_AGREED t=1790081455221 epoch=1 value=EEEAB5AA2CFD41B3514B8A66517707B2521DF08CC73481CBC25AAB9FD76ACE82
[2m2026-09-22T12:50:55.566891Z[0m [32m INFO[0m [2mnanospam::app[0m[2m:[0m Confirmed 33,932 blocks | 2,000 bps | 2,780 cps | avg conf time: 201 ms
[2m2026-09-22T12:50:56.567786Z[0m [32m INFO[0m [2mnanospam::app[0m[2m:[0m Confirmed 35,729 blocks | 2,000 bps | 1,795 cps | avg conf time: 116 ms
[2m2026-09-22T12:50:57.568795Z[0m [32m INFO[0m [2mnanospam::app[0m[2m:[0m Confirmed 37,568 blocks | 2,000 bps | 1,837 cps | avg conf time: 109 ms
[2m2026-09-22T12:50:58.569792Z[0m [32m INFO[0m [2mnanospam::app[0m[2m:[0m Confirmed 39,443 blocks | 2,000 bps | 1,873 cps | avg conf time: 109 ms
[2m2026-09-22T12:50:59.570721Z[0m [32m INFO[0m [2mnanospam::app[0m[2m:[0m Confirmed 41,309 blocks | 2,000 bps | 1,864 cps | avg conf time: 108 ms
[2m2026-09-22T12:51:00.573421Z[0m [32m INFO[0m [2mnanospam::app[0m[2m:[0m Confirmed 42,804 blocks | 2,000 bps | 1,490 cps | avg conf time: 110 ms
EPOCH_ENDED t=1790081461463 epoch=2 elections=2196 active=0
EPOCH_ENDED t=1790081461496 epoch=2 elections=2196 active=0
EPOCH_ENDED t=1790081461531 epoch=2 elections=2196 active=0
EPOCH_ENDED t=1790081461540 epoch=2 elections=2196 active=0
[2m2026-09-22T12:51:01.574191Z[0m [32m INFO[0m [2mnanospam::app[0m[2m:[0m Confirmed 42,804 blocks | 2,000 bps | 0 cps | avg conf time: 0 ms
EPOCH_CLOSE_READY t=1790081461609 epoch=2 value=0469AAEF69A5648EAFFB2EBA89BCA12358B6F74CCA05F557C4D6426DDBFA33A5
EPOCH_CLOSE_ROUND t=1790081461609 epoch=2 round=0 leader=911999B2AEFA7ACC66EBD802B3301FF6CE431405107749D940277955CB7FDD07 leads=false
EPOCH_ADVANCED t=1790081461610 epoch=3 elections=2196 active=0
EPOCH_CLOSE_READY t=1790081461628 epoch=2 value=0469AAEF69A5648EAFFB2EBA89BCA12358B6F74CCA05F557C4D6426DDBFA33A5
EPOCH_CLOSE_ROUND t=1790081461628 epoch=2 round=0 leader=911999B2AEFA7ACC66EBD802B3301FF6CE431405107749D940277955CB7FDD07 leads=false
EPOCH_ADVANCED t=1790081461629 epoch=3 elections=2196 active=0
EPOCH_ENDED t=1790081461630 epoch=2 elections=2196 active=0
EPOCH_REPORT epoch=2 entries=26594 root=ED231FE93748647168579CAC9F3BA96634C815F62405146C7BC4A9E0CB00B149 committee=0B18AC410FD30BEAB0FE27D7F6C37BFB17E1C1886B9FAACEB94168B395DD77B7 reports=1 t=1790081461644
EPOCH_REPORT epoch=2 entries=25972 root=0B54D0942AFD906BED3A3672CD3BCFC02967CEED8B5449A5808D037210DE1CEC committee=0B18AC410FD30BEAB0FE27D7F6C37BFB17E1C1886B9FAACEB94168B395DD77B7 reports=1 t=1790081461661
EPOCH_CLOSE_READY t=1790081461668 epoch=2 value=0469AAEF69A5648EAFFB2EBA89BCA12358B6F74CCA05F557C4D6426DDBFA33A5
EPOCH_CLOSE_ROUND t=1790081461668 epoch=2 round=0 leader=911999B2AEFA7ACC66EBD802B3301FF6CE431405107749D940277955CB7FDD07 leads=false
EPOCH_ADVANCED t=1790081461669 epoch=3 elections=2196 active=0
EPOCH_CLOSE_READY t=1790081461671 epoch=2 value=0469AAEF69A5648EAFFB2EBA89BCA12358B6F74CCA05F557C4D6426DDBFA33A5
EPOCH_CLOSE_ROUND t=1790081461671 epoch=2 round=0 leader=911999B2AEFA7ACC66EBD802B3301FF6CE431405107749D940277955CB7FDD07 leads=true
EPOCH_ADVANCED t=1790081461672 epoch=3 elections=2196 active=0
EPOCH_REPORT epoch=2 entries=25972 root=0B54D0942AFD906BED3A3672CD3BCFC02967CEED8B5449A5808D037210DE1CEC committee=0B18AC410FD30BEAB0FE27D7F6C37BFB17E1C1886B9FAACEB94168B395DD77B7 reports=1 t=1790081461701
EPOCH_REPORT epoch=2 entries=26594 root=ED231FE93748647168579CAC9F3BA96634C815F62405146C7BC4A9E0CB00B149 committee=0B18AC410FD30BEAB0FE27D7F6C37BFB17E1C1886B9FAACEB94168B395DD77B7 reports=1 t=1790081461704
EPOCH_CLOSE_READY t=1790081461756 epoch=2 value=0469AAEF69A5648EAFFB2EBA89BCA12358B6F74CCA05F557C4D6426DDBFA33A5
EPOCH_CLOSE_ROUND t=1790081461756 epoch=2 round=0 leader=911999B2AEFA7ACC66EBD802B3301FF6CE431405107749D940277955CB7FDD07 leads=false
EPOCH_ADVANCED t=1790081461757 epoch=3 elections=2196 active=0
EPOCH_REPORT epoch=2 entries=26594 root=ED231FE93748647168579CAC9F3BA96634C815F62405146C7BC4A9E0CB00B149 committee=0B18AC410FD30BEAB0FE27D7F6C37BFB17E1C1886B9FAACEB94168B395DD77B7 reports=1 t=1790081461788
EPOCH_CLOSED t=1790081461793 epoch=2 round=0 value=0469AAEF69A5648EAFFB2EBA89BCA12358B6F74CCA05F557C4D6426DDBFA33A5 own=true
EPOCH_COMMITTEE t=1790081461798 derived_by=2 members=6 accounts=14943 n=310546695585537586522653948601305552512 digest=FDC92624A88E311279887DB91B7B193B3B495D2726C85BAAD08988101E2B56F4 shares=["633D9D61:20.0%", "911999B2:16.3%", "735FE217:16.2%", "65A90023:16.2%", "D315857C:15.8%", "A353E45E:15.4%"]
EPOCH_AGREED t=1790081461798 epoch=2 value=0469AAEF69A5648EAFFB2EBA89BCA12358B6F74CCA05F557C4D6426DDBFA33A5
EPOCH_CLOSED t=1790081461818 epoch=2 round=0 value=0469AAEF69A5648EAFFB2EBA89BCA12358B6F74CCA05F557C4D6426DDBFA33A5 own=true
EPOCH_CLOSED t=1790081461819 epoch=2 round=0 value=0469AAEF69A5648EEPOCH_CLOSED t=1790081461819 epoch=2 round=0AFFB2EBA89BCA12358B6F74CCAEPOCH_CLOSED t=1790081461819 epoch=2 round=0 value=0 value=0469469AA05AAEF69EF69A5648EF557C4D6426DDBFA33A5 own=true
AFFB2EBA89BCA12358A5648EAFFBB6F74CCA05F557C4D6422E6DDBFA33A5BA89BCA12358B6 own=true
F74CCA05F557C4D6426DDBFA33A5 own=true
EPOCH_COMMITTEE t=1790081461824 derived_by=2 members=EPOCH_COMMITTEE t=1790081461824 derived_by=2 members=6 accounts=149436 accounts=14943 n=310546695585537586522653948601305552512 digest=FDC92624A88E311279887DB91B7B193B3B495D2726C85BAAD08988101E2B56F4 shares=["633D9D61:20.0%", "911999B2:16.3%", "735FE217:16.2%", "65A90023:16.2%", "D315857C:15.8%", "A353E45E:15.4%"]
 n=310546695585537586522653948601305552512 digest=FDC92624A88E311279887DB91B7B193B3B495D2726C85BAAD08988101E2B56F4 shares=EPOCH_AGREED t=1790081461824 epoch=2 value=0469AAEF69A5648EAFFB2EBA89BCA12358B6F74CCA05F557C4D6426DDBFA33A5
["633D9D61:20.0%", "911999B2:16.3%", "735FE217:16.2%", "65A90023:16.2%", "D315857C:15.8%", "A353E45E:15.4%"]
EPOCH_COMMITTEE t=1790081461825 derived_by=2 members=6 accounts=EPOCH_AGREED t=1790081461825 epoch=EPOCH_COMMITTEE t=179008146182514943 n=3105466955855375865226539486013055525122 value= derived_by=2 members=6 accounts=0469AAEF14943 n= digest=310546695585537586522653948601305552512 digest=FDFDC92669A564C924A88E311279887DB91B7B193B3B495D278EAFFB2EBA89BCA12358B6F74CCA26C85BAAD08988101E2B56F4 shares=["633D9D61:20.0%2624A88E31", "05911999B2:16.3%", "735FE217:16.2%", "65A90023:16.2%", "D315857C:15.8%", "A353E45E:15.4%"F557C4D642]
1279887DB91B7B193B3B495D2726C85BAAD08988101E2B56F4 shares=["633D9D61:20.0%", "911999B2:16.3%", "735FE217:16.2%", "65A90023:16.2%", "D315857C:15.8%", "A353E45E:15.4%"6DDBFAEPOCH_AGREED t=1790081461825 epoch=]
33A5
2 value=0469AAEF69A5648EAFFB2EBA89BCA12358B6F74CCAEPOCH_AGREED t=1790081461825 epoch=2 value=005F557C4D6426DDBFA33A5
469AAEF69A5648EAFFB2EBA89BCA12358B6F74CCA05F557C4D6426DDBFA33A5
[2m2026-09-22T12:51:02.576470Z[0m [32m INFO[0m [2mnanospam::app[0m[2m:[0m Confirmed 42,804 blocks | 2,000 bps | 0 cps | avg conf time: 0 ms
[2m2026-09-22T12:51:03.578046Z[0m [32m INFO[0m [2mnanospam::app[0m[2m:[0m Confirmed 42,804 blocks | 2,000 bps | 0 cps | avg conf time: 0 ms
[2m2026-09-22T12:51:04.580096Z[0m [32m INFO[0m [2mnanospam::app[0m[2m:[0m Confirmed 42,804 blocks | 2,000 bps | 0 cps | avg conf time: 0 ms
[2m2026-09-22T12:51:05.581722Z[0m [32m INFO[0m [2mnanospam::app[0m[2m:[0m Confirmed 42,804 blocks | 2,000 bps | 0 cps | avg conf time: 0 ms
[2m2026-09-22T12:51:06.583605Z[0m [32m INFO[0m [2mnanospam::app[0m[2m:[0m Confirmed 42,804 blocks | 2,000 bps | 0 cps | avg conf time: 0 ms
[2m2026-09-22T12:51:07.585859Z[0m [32m INFO[0m [2mnanospam::app[0m[2m:[0m Confirmed 42,804 blocks | 2,000 bps | 0 cps | avg conf time: 0 ms
[2m2026-09-22T12:51:08.588054Z[0m [32m INFO[0m [2mnanospam::app[0m[2m:[0m Confirmed 42,804 blocks | 2,000 bps | 0 cps | avg conf time: 0 ms
[2m2026-09-22T12:51:09.588620Z[0m [32m INFO[0m [2mnanospam::app[0m[2m:[0m Confirmed 42,804 blocks | 2,000 bps | 0 cps | avg conf time: 0 ms
[2m2026-09-22T12:51:10.590871Z[0m [32m INFO[0m [2mnanospam::app[0m[2m:[0m Confirmed 42,804 blocks | 2,000 bps | 0 cps | avg conf time: 0 ms
[2m2026-09-22T12:51:11.592533Z[0m [32m INFO[0m [2mnanospam::app[0m[2m:[0m Confirmed 42,804 blocks | 2,000 bps | 0 cps | avg conf time: 0 ms
[2m2026-09-22T12:51:12.594789Z[0m [32m INFO[0m [2mnanospam::app[0m[2m:[0m Confirmed 42,804 blocks | 2,000 bps | 0 cps | avg conf time: 0 ms
[2m2026-09-22T12:51:13.597103Z[0m [32m INFO[0m [2mnanospam::app[0m[2m:[0m Confirmed 42,804 blocks | 2,000 bps | 0 cps | avg conf time: 0 ms
[2m2026-09-22T12:51:14.598504Z[0m [32m INFO[0m [2mnanospam::app[0m[2m:[0m Confirmed 42,804 blocks | 2,000 bps | 0 cps | avg conf time: 0 ms
[2m2026-09-22T12:51:15.599765Z[0m [32m INFO[0m [2mnanospam::app[0m[2m:[0m Confirmed 42,804 blocks | 2,000 bps | 0 cps | avg conf time: 0 ms
[2m2026-09-22T12:51:16.601999Z[0m [32m INFO[0m [2mnanospam::app[0m[2m:[0m Confirmed 42,804 blocks | 2,000 bps | 0 cps | avg conf time: 0 ms
[2m2026-09-22T12:51:17.603469Z[0m [32m INFO[0m [2mnanospam::app[0m[2m:[0m Confirmed 42,804 blocks | 2,000 bps | 0 cps | avg conf time: 0 ms
[2m2026-09-22T12:51:18.606338Z[0m [32m INFO[0m [2mnanospam::app[0m[2m:[0m Confirmed 42,804 blocks | 2,000 bps | 0 cps | avg conf time: 0 ms
[2m2026-09-22T12:51:19.608122Z[0m [32m INFO[0m [2mnanospam::app[0m[2m:[0m Confirmed 42,804 blocks | 2,000 bps | 0 cps | avg conf time: 0 ms
[2m2026-09-22T12:51:20.609679Z[0m [32m INFO[0m [2mnanospam::app[0m[2m:[0m Confirmed 42,804 blocks | 2,000 bps | 0 cps | avg conf time: 0 ms
[2m2026-09-22T12:51:21.611894Z[0m [32m INFO[0m [2mnanospam::app[0m[2m:[0m Confirmed 42,804 blocks | 2,000 bps | 0 cps | avg conf time: 0 ms
[2m2026-09-22T12:51:22.613079Z[0m [32m INFO[0m [2mnanospam::app[0m[2m:[0m Confirmed 42,804 blocks | 2,000 bps | 0 cps | avg conf time: 0 ms
[2m2026-09-22T12:51:23.614531Z[0m [32m INFO[0m [2mnanospam::app[0m[2m:[0m Confirmed 42,804 blocks | 2,000 bps | 0 cps | avg conf time: 0 ms
[2m2026-09-22T12:51:24.617001Z[0m [32m INFO[0m [2mnanospam::app[0m[2m:[0m Confirmed 42,804 blocks | 2,000 bps | 0 cps | avg conf time: 0 ms
[2m2026-09-22T12:51:25.618602Z[0m [32m INFO[0m [2mnanospam::app[0m[2m:[0m Confirmed 42,804 blocks | 2,000 bps | 0 cps | avg conf time: 0 ms
[2m2026-09-22T12:51:26.620363Z[0m [32m INFO[0m [2mnanospam::app[0m[2m:[0m Confirmed 42,804 blocks | 2,000 bps | 0 cps | avg conf time: 0 ms
[2m2026-09-22T12:51:27.622417Z[0m [32m INFO[0m [2mnanospam::app[0m[2m:[0m Confirmed 42,804 blocks | 2,000 bps | 0 cps | avg conf time: 0 ms
[2m2026-09-22T12:51:28.624164Z[0m [32m INFO[0m [2mnanospam::app[0m[2m:[0m Confirmed 42,804 blocks | 2,000 bps | 0 cps | avg conf time: 0 ms
[2m2026-09-22T12:51:29.626958Z[0m [32m INFO[0m [2mnanospam::app[0m[2m:[0m Confirmed 42,804 blocks | 2,000 bps | 0 cps | avg conf time: 0 ms
[2m2026-09-22T12:51:30.628219Z[0m [32m INFO[0m [2mnanospam::app[0m[2m:[0m Confirmed 42,804 blocks | 2,000 bps | 0 cps | avg conf time: 0 ms
[2m2026-09-22T12:51:31.630447Z[0m [32m INFO[0m [2mnanospam::app[0m[2m:[0m Confirmed 42,804 blocks | 2,000 bps | 0 cps | avg conf time: 0 ms
cleanup done
