2026-10-08T09:20:05.340658Z  INFO nanospam::setup::account_map_factory: Creating account keys file with 45000 keys: "/var/folders/1y/px089b2s6f9d893xp1p4c7wh0000gn/T/rai-gate-b-uuv7zrvc/account_keys.txt"
2026-10-08T09:20:06.125520Z  INFO nanospam::setup::node_config_factory: ********************************************************************************
2026-10-08T09:20:06.125534Z  INFO nanospam::setup::node_config_factory: Setting up node PR0...
2026-10-08T09:20:06.125538Z  INFO nanospam::setup::node_config_factory: Creating directory "/var/folders/1y/px089b2s6f9d893xp1p4c7wh0000gn/T/rai-gate-b-uuv7zrvc/pr0"
2026-10-08T09:20:06.125616Z  INFO nanospam::setup::node_config_factory: Creating node config file: "/var/folders/1y/px089b2s6f9d893xp1p4c7wh0000gn/T/rai-gate-b-uuv7zrvc/pr0/config-node.toml"
2026-10-08T09:20:06.125789Z  INFO nanospam::setup::node_config_factory: Creating rpc config file: "/var/folders/1y/px089b2s6f9d893xp1p4c7wh0000gn/T/rai-gate-b-uuv7zrvc/pr0/config-rpc.toml"
2026-10-08T09:20:06.125865Z  INFO nanospam::setup::node_config_factory: ********************************************************************************
2026-10-08T09:20:06.125869Z  INFO nanospam::setup::node_config_factory: Setting up node PR1...
2026-10-08T09:20:06.125872Z  INFO nanospam::setup::node_config_factory: Creating directory "/var/folders/1y/px089b2s6f9d893xp1p4c7wh0000gn/T/rai-gate-b-uuv7zrvc/pr1"
2026-10-08T09:20:06.125922Z  INFO nanospam::setup::node_config_factory: Creating node config file: "/var/folders/1y/px089b2s6f9d893xp1p4c7wh0000gn/T/rai-gate-b-uuv7zrvc/pr1/config-node.toml"
2026-10-08T09:20:06.126004Z  INFO nanospam::setup::node_config_factory: Creating rpc config file: "/var/folders/1y/px089b2s6f9d893xp1p4c7wh0000gn/T/rai-gate-b-uuv7zrvc/pr1/config-rpc.toml"
2026-10-08T09:20:06.126068Z  INFO nanospam::setup::node_config_factory: ********************************************************************************
2026-10-08T09:20:06.126072Z  INFO nanospam::setup::node_config_factory: Setting up node PR2...
2026-10-08T09:20:06.126075Z  INFO nanospam::setup::node_config_factory: Creating directory "/var/folders/1y/px089b2s6f9d893xp1p4c7wh0000gn/T/rai-gate-b-uuv7zrvc/pr2"
2026-10-08T09:20:06.126117Z  INFO nanospam::setup::node_config_factory: Creating node config file: "/var/folders/1y/px089b2s6f9d893xp1p4c7wh0000gn/T/rai-gate-b-uuv7zrvc/pr2/config-node.toml"
2026-10-08T09:20:06.126192Z  INFO nanospam::setup::node_config_factory: Creating rpc config file: "/var/folders/1y/px089b2s6f9d893xp1p4c7wh0000gn/T/rai-gate-b-uuv7zrvc/pr2/config-rpc.toml"
2026-10-08T09:20:06.126253Z  INFO nanospam::setup::node_config_factory: ********************************************************************************
2026-10-08T09:20:06.126256Z  INFO nanospam::setup::node_config_factory: Setting up node PR3...
2026-10-08T09:20:06.126259Z  INFO nanospam::setup::node_config_factory: Creating directory "/var/folders/1y/px089b2s6f9d893xp1p4c7wh0000gn/T/rai-gate-b-uuv7zrvc/pr3"
2026-10-08T09:20:06.126297Z  INFO nanospam::setup::node_config_factory: Creating node config file: "/var/folders/1y/px089b2s6f9d893xp1p4c7wh0000gn/T/rai-gate-b-uuv7zrvc/pr3/config-node.toml"
2026-10-08T09:20:06.126363Z  INFO nanospam::setup::node_config_factory: Creating rpc config file: "/var/folders/1y/px089b2s6f9d893xp1p4c7wh0000gn/T/rai-gate-b-uuv7zrvc/pr3/config-rpc.toml"
2026-10-08T09:20:06.126430Z  INFO nanospam::setup::node_config_factory: ********************************************************************************
2026-10-08T09:20:06.126435Z  INFO nanospam::setup::node_config_factory: Setting up node PR4...
2026-10-08T09:20:06.126438Z  INFO nanospam::setup::node_config_factory: Creating directory "/var/folders/1y/px089b2s6f9d893xp1p4c7wh0000gn/T/rai-gate-b-uuv7zrvc/pr4"
2026-10-08T09:20:06.126479Z  INFO nanospam::setup::node_config_factory: Creating node config file: "/var/folders/1y/px089b2s6f9d893xp1p4c7wh0000gn/T/rai-gate-b-uuv7zrvc/pr4/config-node.toml"
2026-10-08T09:20:06.126556Z  INFO nanospam::setup::node_config_factory: Creating rpc config file: "/var/folders/1y/px089b2s6f9d893xp1p4c7wh0000gn/T/rai-gate-b-uuv7zrvc/pr4/config-rpc.toml"
2026-10-08T09:20:06.126625Z  INFO nanospam::setup::node_config_factory: ********************************************************************************
2026-10-08T09:20:06.126627Z  INFO nanospam::setup::node_config_factory: Setting up node PR5...
2026-10-08T09:20:06.126629Z  INFO nanospam::setup::node_config_factory: Creating directory "/var/folders/1y/px089b2s6f9d893xp1p4c7wh0000gn/T/rai-gate-b-uuv7zrvc/pr5"
2026-10-08T09:20:06.126667Z  INFO nanospam::setup::node_config_factory: Creating node config file: "/var/folders/1y/px089b2s6f9d893xp1p4c7wh0000gn/T/rai-gate-b-uuv7zrvc/pr5/config-node.toml"
2026-10-08T09:20:06.126735Z  INFO nanospam::setup::node_config_factory: Creating rpc config file: "/var/folders/1y/px089b2s6f9d893xp1p4c7wh0000gn/T/rai-gate-b-uuv7zrvc/pr5/config-rpc.toml"
2026-10-08T09:20:06.126902Z  INFO nanospam::setup::node_launcher: Starting node: NANO_TEST_GENESIS_BLOCK="{\n    \"type\": \"open\",\n    \"account\": \"nano_3nroioygg54nusrmyun4woimqex36sp3drnctdt5955uqu47fxbkrxk7n7ne\",\n    \"source\": \"D315857CE70C54DE713F6E82E5613BB3A1266C15E28AD2F4338C7BBEC456F532\",\n    \"representative\": \"nano_3nroioygg54nusrmyun4woimqex36sp3drnctdt5955uqu47fxbkrxk7n7ne\",\n    \"signature\": \"3F6792C2DC623DF2E8643777160AB983B66B337E2478E13D2C3448126A8F4CD8DCCD19803C158A057FA44060AE0EFC09B1C311CB4FBF42F8D240610B38F56E08\",\n    \"work\": \"70FEF01F7EC45DEC\"\n    }" NANO_TEST_GENESIS_PRV ="49643F9B10CA1AA34F9AF8ED4AABD29F436104CCC375974B108534A48EAE3FE1" "rsnano" "--network" "test" "--data-path" "/var/folders/1y/px089b2s6f9d893xp1p4c7wh0000gn/T/rai-gate-b-uuv7zrvc/pr0" "node" "run"
2026-10-08T09:20:06.127608Z  INFO nanospam::setup::node_launcher: Waiting for RPC...
2026-10-08T09:20:06.436016Z  INFO nanospam::setup::node_launcher: Starting node: NANO_TEST_GENESIS_BLOCK="{\n    \"type\": \"open\",\n    \"account\": \"nano_3nroioygg54nusrmyun4woimqex36sp3drnctdt5955uqu47fxbkrxk7n7ne\",\n    \"source\": \"D315857CE70C54DE713F6E82E5613BB3A1266C15E28AD2F4338C7BBEC456F532\",\n    \"representative\": \"nano_3nroioygg54nusrmyun4woimqex36sp3drnctdt5955uqu47fxbkrxk7n7ne\",\n    \"signature\": \"3F6792C2DC623DF2E8643777160AB983B66B337E2478E13D2C3448126A8F4CD8DCCD19803C158A057FA44060AE0EFC09B1C311CB4FBF42F8D240610B38F56E08\",\n    \"work\": \"70FEF01F7EC45DEC\"\n    }" NANO_TEST_GENESIS_PRV ="49643F9B10CA1AA34F9AF8ED4AABD29F436104CCC375974B108534A48EAE3FE1" "rsnano" "--network" "test" "--data-path" "/var/folders/1y/px089b2s6f9d893xp1p4c7wh0000gn/T/rai-gate-b-uuv7zrvc/pr1" "node" "run"
2026-10-08T09:20:06.436689Z  INFO nanospam::setup::node_launcher: Waiting for RPC...
2026-10-08T09:20:06.539902Z  INFO nanospam::setup::node_launcher: Starting node: NANO_TEST_GENESIS_BLOCK="{\n    \"type\": \"open\",\n    \"account\": \"nano_3nroioygg54nusrmyun4woimqex36sp3drnctdt5955uqu47fxbkrxk7n7ne\",\n    \"source\": \"D315857CE70C54DE713F6E82E5613BB3A1266C15E28AD2F4338C7BBEC456F532\",\n    \"representative\": \"nano_3nroioygg54nusrmyun4woimqex36sp3drnctdt5955uqu47fxbkrxk7n7ne\",\n    \"signature\": \"3F6792C2DC623DF2E8643777160AB983B66B337E2478E13D2C3448126A8F4CD8DCCD19803C158A057FA44060AE0EFC09B1C311CB4FBF42F8D240610B38F56E08\",\n    \"work\": \"70FEF01F7EC45DEC\"\n    }" NANO_TEST_GENESIS_PRV ="49643F9B10CA1AA34F9AF8ED4AABD29F436104CCC375974B108534A48EAE3FE1" "rsnano" "--network" "test" "--data-path" "/var/folders/1y/px089b2s6f9d893xp1p4c7wh0000gn/T/rai-gate-b-uuv7zrvc/pr2" "node" "run"
2026-10-08T09:20:06.540763Z  INFO nanospam::setup::node_launcher: Waiting for RPC...
2026-10-08T09:20:06.644104Z  INFO nanospam::setup::node_launcher: Starting node: NANO_TEST_GENESIS_BLOCK="{\n    \"type\": \"open\",\n    \"account\": \"nano_3nroioygg54nusrmyun4woimqex36sp3drnctdt5955uqu47fxbkrxk7n7ne\",\n    \"source\": \"D315857CE70C54DE713F6E82E5613BB3A1266C15E28AD2F4338C7BBEC456F532\",\n    \"representative\": \"nano_3nroioygg54nusrmyun4woimqex36sp3drnctdt5955uqu47fxbkrxk7n7ne\",\n    \"signature\": \"3F6792C2DC623DF2E8643777160AB983B66B337E2478E13D2C3448126A8F4CD8DCCD19803C158A057FA44060AE0EFC09B1C311CB4FBF42F8D240610B38F56E08\",\n    \"work\": \"70FEF01F7EC45DEC\"\n    }" NANO_TEST_GENESIS_PRV ="49643F9B10CA1AA34F9AF8ED4AABD29F436104CCC375974B108534A48EAE3FE1" "rsnano" "--network" "test" "--data-path" "/var/folders/1y/px089b2s6f9d893xp1p4c7wh0000gn/T/rai-gate-b-uuv7zrvc/pr3" "node" "run"
2026-10-08T09:20:06.645024Z  INFO nanospam::setup::node_launcher: Waiting for RPC...
2026-10-08T09:20:06.748325Z  INFO nanospam::setup::node_launcher: Starting node: NANO_TEST_GENESIS_BLOCK="{\n    \"type\": \"open\",\n    \"account\": \"nano_3nroioygg54nusrmyun4woimqex36sp3drnctdt5955uqu47fxbkrxk7n7ne\",\n    \"source\": \"D315857CE70C54DE713F6E82E5613BB3A1266C15E28AD2F4338C7BBEC456F532\",\n    \"representative\": \"nano_3nroioygg54nusrmyun4woimqex36sp3drnctdt5955uqu47fxbkrxk7n7ne\",\n    \"signature\": \"3F6792C2DC623DF2E8643777160AB983B66B337E2478E13D2C3448126A8F4CD8DCCD19803C158A057FA44060AE0EFC09B1C311CB4FBF42F8D240610B38F56E08\",\n    \"work\": \"70FEF01F7EC45DEC\"\n    }" NANO_TEST_GENESIS_PRV ="49643F9B10CA1AA34F9AF8ED4AABD29F436104CCC375974B108534A48EAE3FE1" "rsnano" "--network" "test" "--data-path" "/var/folders/1y/px089b2s6f9d893xp1p4c7wh0000gn/T/rai-gate-b-uuv7zrvc/pr4" "node" "run"
2026-10-08T09:20:06.749226Z  INFO nanospam::setup::node_launcher: Waiting for RPC...
2026-10-08T09:20:06.852085Z  INFO nanospam::setup::node_launcher: Starting node: NANO_TEST_GENESIS_BLOCK="{\n    \"type\": \"open\",\n    \"account\": \"nano_3nroioygg54nusrmyun4woimqex36sp3drnctdt5955uqu47fxbkrxk7n7ne\",\n    \"source\": \"D315857CE70C54DE713F6E82E5613BB3A1266C15E28AD2F4338C7BBEC456F532\",\n    \"representative\": \"nano_3nroioygg54nusrmyun4woimqex36sp3drnctdt5955uqu47fxbkrxk7n7ne\",\n    \"signature\": \"3F6792C2DC623DF2E8643777160AB983B66B337E2478E13D2C3448126A8F4CD8DCCD19803C158A057FA44060AE0EFC09B1C311CB4FBF42F8D240610B38F56E08\",\n    \"work\": \"70FEF01F7EC45DEC\"\n    }" NANO_TEST_GENESIS_PRV ="49643F9B10CA1AA34F9AF8ED4AABD29F436104CCC375974B108534A48EAE3FE1" "rsnano" "--network" "test" "--data-path" "/var/folders/1y/px089b2s6f9d893xp1p4c7wh0000gn/T/rai-gate-b-uuv7zrvc/pr5" "node" "run"
2026-10-08T09:20:06.853544Z  INFO nanospam::setup::node_launcher: Waiting for RPC...
2026-10-08T09:20:06.957636Z  INFO nanospam::wallets_factory: Creating wallet...
2026-10-08T09:20:07.021914Z  INFO nanospam::wallets_factory: Setting default representative...
2026-10-08T09:20:07.022282Z  INFO nanospam::wallets_factory: Creating wallet...
2026-10-08T09:20:07.065143Z  INFO nanospam::wallets_factory: Setting default representative...
2026-10-08T09:20:07.065398Z  INFO nanospam::wallets_factory: Sending Ӿ56,547,061 to PR1 wallet nano_3atmwjh8t11psdqf3qx6xjfiei94oajch6zsyauowxzjogbbgz168g5mp8f1 ...
2026-10-08T09:20:07.065873Z  INFO nanospam::wallets_factory: Waiting for confirmation for 70B574FB519B8DEA27D8F4952C2E7B0378B009608D6FC967984D3C83440C9C3D
2026-10-08T09:20:22.252881Z  INFO nanospam::wallets_factory: Receiving...
2026-10-08T09:20:22.254864Z  INFO nanospam::wallets_factory: Waiting for confirmation for 011C6AC2721054F46B03A50885AF48083A4A685154A55D85116DBCE413673F86
2026-10-08T09:20:22.460968Z  INFO nanospam::wallets_factory: DONE
2026-10-08T09:20:22.461094Z  INFO nanospam::wallets_factory: ********************************************************************************
2026-10-08T09:20:22.461116Z  INFO nanospam::wallets_factory: Creating wallet...
2026-10-08T09:20:22.540883Z  INFO nanospam::wallets_factory: Setting default representative...
2026-10-08T09:20:22.541288Z  INFO nanospam::wallets_factory: Sending Ӿ56,547,061 to PR2 wallet nano_36asm8scxymtsjmgqp14per3zxpgaec1c65qb9en1buscq7qzqa93tfyyzs3 ...
2026-10-08T09:20:22.541801Z  INFO nanospam::wallets_factory: Waiting for confirmation for 76B3937072C015B69E45D5458B47CF52A54A38F8ED441B0E21561A3048243E90
2026-10-08T09:20:22.747284Z  INFO nanospam::wallets_factory: Receiving...
2026-10-08T09:20:22.749142Z  INFO nanospam::wallets_factory: Waiting for confirmation for 402DCF4725254BECF5C5CB5F707C169725EE114819D289F8A5477C2FFF19BDC0
2026-10-08T09:20:22.955411Z  INFO nanospam::wallets_factory: DONE
2026-10-08T09:20:22.955551Z  INFO nanospam::wallets_factory: ********************************************************************************
2026-10-08T09:20:22.955571Z  INFO nanospam::wallets_factory: Creating wallet...
2026-10-08T09:20:23.035965Z  INFO nanospam::wallets_factory: Setting default representative...
2026-10-08T09:20:23.036340Z  INFO nanospam::wallets_factory: Sending Ӿ56,547,061 to PR3 wallet nano_1sfb11jzfi8k51fcnrzi1qe3qh1e1jkic3h45oak9yfg5yhbkczzxfwtat7m ...
2026-10-08T09:20:23.036754Z  INFO nanospam::wallets_factory: Waiting for confirmation for FF4589BE1759B38CC94ABA0AE4FE6644845FE957C02EA9CEA669A28C8D1ADE97
2026-10-08T09:20:38.330744Z  INFO nanospam::wallets_factory: Receiving...
2026-10-08T09:20:38.333378Z  INFO nanospam::wallets_factory: Waiting for confirmation for 1210B877FF188F4FF352C0EDE856AA702A1D6763EFA96EA84BB10519898BE6D0
2026-10-08T09:20:38.436739Z  INFO nanospam::wallets_factory: DONE
2026-10-08T09:20:38.436877Z  INFO nanospam::wallets_factory: ********************************************************************************
2026-10-08T09:20:38.436905Z  INFO nanospam::wallets_factory: Creating wallet...
2026-10-08T09:20:38.518241Z  INFO nanospam::wallets_factory: Setting default representative...
2026-10-08T09:20:38.518501Z  INFO nanospam::wallets_factory: Sending Ӿ56,547,061 to PR4 wallet nano_1rsxmoinip7d4wafdp855194n43fs7s1jgne6tx8ruatiu6g89815pddzijp ...
2026-10-08T09:20:38.518964Z  INFO nanospam::wallets_factory: Waiting for confirmation for 23D89F3531AC5EE2378D3606C70B24D2A7B9016B8ADB1A970E6B1D9E7576186D
2026-10-08T09:20:38.723515Z  INFO nanospam::wallets_factory: Receiving...
2026-10-08T09:20:38.725777Z  INFO nanospam::wallets_factory: Waiting for confirmation for 8D401F6072C9B3A9EFBA68DA33CC97FF1D15EEB9F09CE4731C1A7614578C3E56
2026-10-08T09:20:38.931177Z  INFO nanospam::wallets_factory: DONE
2026-10-08T09:20:38.931301Z  INFO nanospam::wallets_factory: ********************************************************************************
2026-10-08T09:20:38.931326Z  INFO nanospam::wallets_factory: Creating wallet...
2026-10-08T09:20:39.010640Z  INFO nanospam::wallets_factory: Setting default representative...
2026-10-08T09:20:39.010993Z  INFO nanospam::wallets_factory: Sending Ӿ56,547,061 to PR5 wallet nano_1wtzwadxk9naxc356m4rienp93ht131w7ypadk39qck8uah3bg3zohsmj9th ...
2026-10-08T09:20:39.011434Z  INFO nanospam::wallets_factory: Waiting for confirmation for A5666BC59C8DD98A7E52D6F61006629E4EDB37063C12A73BFB41D35538B371CA
2026-10-08T09:20:54.206880Z  INFO nanospam::wallets_factory: Receiving...
2026-10-08T09:20:54.209658Z  INFO nanospam::wallets_factory: Waiting for confirmation for 49EEF9EFFD843E7FE6FB8D0DE0A19E8B88DBE91F26F5FDDB0E8862DEF7553864
2026-10-08T09:20:54.311944Z  INFO nanospam::wallets_factory: DONE
2026-10-08T09:20:54.312045Z  INFO nanospam::wallets_factory: ********************************************************************************
2026-10-08T09:20:54.312076Z  INFO nanospam::wallets_factory: Sending initial spam amount...
2026-10-08T09:20:54.314074Z  INFO nanospam::wallets_factory: Waiting for confirmation for 8AA63D42B6E1834179073EC01E5B35B94A2B6C0CA789312F9962D5E7F91DBBD4
2026-10-08T09:20:54.520031Z  INFO nanospam::wallets_factory: Receiving initial spam amount...
2026-10-08T09:20:54.521764Z  INFO nanospam::wallets_factory: Waiting for confirmation for 61D8909A150F28092B39DBAD011A9AD3BEB7DE8EA8EF111DF4752DA85AB4089D
2026-10-08T09:20:54.625254Z  INFO nanospam::wallets_factory: Seeding Ӿ142,857 to nano_14ksr6bp6fdzx7hgzoid7mk3qk19jhmyjt7q3xtuuweb9if7kyz8fc7p3ge7 for representative D315857CE70C54DE713F6E82E5613BB3A1266C15E28AD2F4338C7BBEC456F532
2026-10-08T09:20:54.626566Z  INFO nanospam::wallets_factory: Waiting for confirmation for 27B6BE38668D5BF06C59A9085A891292E0FA26512C37C0DC944722B25C66C901
2026-10-08T09:20:54.835072Z  INFO nanospam::wallets_factory: Waiting for confirmation for FFCCF4847A37151BA4E7A40760C5C949592152D004352D109CFA03696C664442
2026-10-08T09:20:54.938911Z  INFO nanospam::wallets_factory: Seeding Ӿ142,857 to nano_1ha13ktawh4ppukma3qajfduemjgf6shmrz9ngnodfij6x6kijtd1ue6gnc3 for representative A353E45E6D0016CAEED0DFA4EC5B0640E2AA22A793F9F2375E77F1AB92977C04
2026-10-08T09:20:54.940067Z  INFO nanospam::wallets_factory: Waiting for confirmation for 0A642A727C59A857D87305C3CFD03BCE582B5D429A5884B8263EB4B2ED4AEEA7
2026-10-08T09:20:55.147659Z  INFO nanospam::wallets_factory: Waiting for confirmation for EED2274B667261ED3DA7EAA95A07C50C7FB46C798F01FF05701CECD3FD79EB0D
2026-10-08T09:20:55.251115Z  INFO nanospam::wallets_factory: Seeding Ӿ142,857 to nano_3e4n3dn4h3dcehuoieco3ki6qnc1yuocstoyidapmkrwhgm5jjy4a8o4h8z8 for representative 911999B2AEFA7ACC66EBD802B3301FF6CE431405107749D940277955CB7FDD07
2026-10-08T09:20:55.252413Z  INFO nanospam::wallets_factory: Waiting for confirmation for ED2F78983F8812C637FBE87BF8A542BAB547F0C259D5CA71CE9F39F2EAE9325C
2026-10-08T09:20:55.459535Z  INFO nanospam::wallets_factory: Waiting for confirmation for FFAB408096C3AF6B1FEC34D12D32B70922509D8BA46AC5EB8D14DB5002B59722
2026-10-08T09:20:55.665854Z  INFO nanospam::wallets_factory: Seeding Ӿ142,857 to nano_14emuj3dye4frq5d6gk31wy79k7y576y5opmtwq6bk7stbxcw1m5oeyno4uy for representative 65A90023F6C0D2181AAA63F005D81BBC0C04650505E21D5123F9AE1F9E992BFF
2026-10-08T09:20:55.667179Z  INFO nanospam::wallets_factory: Waiting for confirmation for 1129C2427D8AFFEA84CCD711016253FA18C0516335A64564C9DEB1AB66404013
2026-10-08T09:20:55.874399Z  INFO nanospam::wallets_factory: Waiting for confirmation for 26851CDB66D5EE2A9BEE57F461CF38692C63F175A3AC8ACFE9C4A4D7E187B553
2026-10-08T09:20:56.081302Z  INFO nanospam::wallets_factory: Seeding Ӿ142,857 to nano_3kk7nj5p7guabjsi7rhcoi6atyqeexmrud659hrb4wx98zpscg6arxreio9g for representative 633D9D614858AB1710D5D8C3180E2A082DC97208BA8C26BA6C6D1A86C8E31CC0
2026-10-08T09:20:56.082417Z  INFO nanospam::wallets_factory: Waiting for confirmation for 9D23AF470663014E5CE145C301C8E1B5B2EF7507C1DE0CAFF1E7A17E6C8DD61E
2026-10-08T09:20:56.186579Z  INFO nanospam::wallets_factory: Waiting for confirmation for 75ADFF1CA290FB7524EA08C3B468852215089A871B270CDF794A85D5FFD1096E
2026-10-08T09:20:56.392629Z  INFO nanospam::wallets_factory: Seeding Ӿ142,857 to nano_38bk8tagmik8kojgetonrowreyu7jritk9n8twkn1bmenutb1if68sm54gw3 for representative 735FE217D91E88EA82324C5883296385FA0041C2FAC85C827BAA46DA1E14B83F
2026-10-08T09:20:56.393916Z  INFO nanospam::wallets_factory: Waiting for confirmation for 4E21B53EB49948A97395511E57D8A3D5732E017ECF5F59ADCD95456E670A0912
2026-10-08T09:20:56.499122Z  INFO nanospam::wallets_factory: Waiting for confirmation for E38DD036D23E18F31AC0A7AFD66746B7CFCC14E29E705C301338AEE07C96FE4C
2026-10-08T09:20:56.708287Z  INFO nanospam::high_prio_check: Creating high priority accounts...
2026-10-08T09:20:56.736716Z  INFO nanospam::high_prio_check: Waiting for confirmations...
2026-10-08T09:20:58.849597Z  INFO nanospam::app: Waiting for all PRs to see the full quorum...
2026-10-08T09:21:09.024385Z  INFO nanospam::app: Republished the genesis chain to all PRs
2026-10-08T09:21:13.925305Z  INFO nanospam::app: Republished the genesis chain to all PRs
2026-10-08T09:21:19.032477Z  INFO nanospam::app: Republished the genesis chain to all PRs
2026-10-08T09:21:23.933256Z  INFO nanospam::app: Republished the genesis chain to all PRs
2026-10-08T09:21:24.745339Z  INFO nanospam::app: All PRs see the full quorum after 25.896353541s
2026-10-08T09:21:24.745429Z  INFO nanospam::app: Waiting for all PRs to hold the same cemented ledger...
2026-10-08T09:21:24.746894Z  INFO nanospam::app: All PRs hold the same ledger of 65 blocks after 1.443375ms
EPOCH_COMMITTEE derived_by=genesis members=6 accounts=33 n=6 digest=95D409445152DD075E6A4799205DFA5689496EB8EE1A22AC2A200B9DBC2DCF27 shares=["A353E45E:16.7%", "65A90023:16.7%", "D315857C:16.7%", "911999B2:16.7%", "633D9D61:16.7%", "735FE217:16.7%"] t=1791451284747
EPOCH_START epoch=0 elections=0 t=1791451284747
EPOCH_COMMITTEE derived_by=genesis members=6 accounts=33 n=6 digest=95D409445152DD075E6A4799205DFA5689496EB8EE1A22AC2A200B9DBC2DCF27 shares=["A353E45E:16.7%", "65A90023:16.7%", "D315857C:16.7%", "911999B2:16.7%", "633D9D61:16.7%", "735FE217:16.7%"] t=1791451284748
EPOCH_START epoch=0 elections=0 t=1791451284748
EPOCH_COMMITTEE derived_by=genesis members=6 accounts=33 n=6 digest=95D409445152DD075E6A4799205DFA5689496EB8EE1A22AC2A200B9DBC2DCF27 shares=["A353E45E:16.7%", "65A90023:16.7%", "D315857C:16.7%", "911999B2:16.7%", "633D9D61:16.7%", "735FE217:16.7%"] t=1791451284748
EPOCH_START epoch=0 elections=0 t=1791451284748
EPOCH_COMMITTEE derived_by=genesis members=6 accounts=33 n=6 digest=95D409445152DD075E6A4799205DFA5689496EB8EE1A22AC2A200B9DBC2DCF27 shares=["A353E45E:16.7%", "65A90023:16.7%", "D315857C:16.7%", "911999B2:16.7%", "633D9D61:16.7%", "735FE217:16.7%"] t=1791451284749
EPOCH_START epoch=0 elections=0 t=1791451284749
EPOCH_COMMITTEE derived_by=genesis members=6 accounts=33 n=6 digest=95D409445152DD075E6A4799205DFA5689496EB8EE1A22AC2A200B9DBC2DCF27 shares=["A353E45E:16.7%", "65A90023:16.7%", "D315857C:16.7%", "911999B2:16.7%", "633D9D61:16.7%", "735FE217:16.7%"] t=1791451284749
EPOCH_START epoch=0 elections=0 t=1791451284749
EPOCH_COMMITTEE derived_by=genesis members=6 accounts=33 n=6 digest=95D409445152DD075E6A4799205DFA5689496EB8EE1A22AC2A200B9DBC2DCF27 shares=["A353E45E:16.7%", "65A90023:16.7%", "D315857C:16.7%", "911999B2:16.7%", "633D9D61:16.7%", "735FE217:16.7%"] t=1791451284750
EPOCH_START epoch=0 elections=0 t=1791451284750
2026-10-08T09:21:24.750295Z  INFO nanospam::app: Started the epochs on every PR
2026-10-08T09:21:24.750328Z  INFO nanospam::app: Connecting to node PR0... peer_addr=[::1]:17075
2026-10-08T09:21:24.750814Z  INFO nanospam::app: Performing handshake...
2026-10-08T09:21:24.751840Z  INFO nanospam::app: Performing handshake...
2026-10-08T09:21:24.762790Z  INFO nanospam::app: Performing handshake...
2026-10-08T09:21:24.774310Z  INFO nanospam::app: Performing handshake...
2026-10-08T09:21:24.785825Z  INFO nanospam::app: Connecting to node PR1... peer_addr=[::1]:17085
2026-10-08T09:21:24.786029Z  INFO nanospam::app: Performing handshake...
2026-10-08T09:21:24.786761Z  INFO nanospam::app: Performing handshake...
2026-10-08T09:21:24.798204Z  INFO nanospam::app: Performing handshake...
2026-10-08T09:21:24.809469Z  INFO nanospam::app: Performing handshake...
2026-10-08T09:21:24.820671Z  INFO nanospam::app: Connecting to node PR2... peer_addr=[::1]:17095
2026-10-08T09:21:24.820942Z  INFO nanospam::app: Performing handshake...
2026-10-08T09:21:24.821957Z  INFO nanospam::app: Performing handshake...
2026-10-08T09:21:24.833104Z  INFO nanospam::app: Performing handshake...
2026-10-08T09:21:24.844502Z  INFO nanospam::app: Performing handshake...
2026-10-08T09:21:24.855528Z  INFO nanospam::app: Connecting to node PR3... peer_addr=[::1]:17105
2026-10-08T09:21:24.855784Z  INFO nanospam::app: Performing handshake...
2026-10-08T09:21:24.856717Z  INFO nanospam::app: Performing handshake...
2026-10-08T09:21:24.867979Z  INFO nanospam::app: Performing handshake...
2026-10-08T09:21:24.879448Z  INFO nanospam::app: Performing handshake...
2026-10-08T09:21:24.891069Z  INFO nanospam::app: Connecting to node PR4... peer_addr=[::1]:17115
2026-10-08T09:21:24.891313Z  INFO nanospam::app: Performing handshake...
2026-10-08T09:21:24.892237Z  INFO nanospam::app: Performing handshake...
2026-10-08T09:21:24.903451Z  INFO nanospam::app: Performing handshake...
2026-10-08T09:21:24.914786Z  INFO nanospam::app: Performing handshake...
2026-10-08T09:21:24.925680Z  INFO nanospam::app: Connecting to node PR5... peer_addr=[::1]:17125
2026-10-08T09:21:24.925939Z  INFO nanospam::app: Performing handshake...
2026-10-08T09:21:24.926816Z  INFO nanospam::app: Performing handshake...
2026-10-08T09:21:24.937209Z  INFO nanospam::app: Performing handshake...
2026-10-08T09:21:24.948629Z  INFO nanospam::app: Performing handshake...
2026-10-08T09:21:24.959798Z  INFO nanospam::app: Connecting to websocket...
2026-10-08T09:21:24.961051Z  INFO nanospam::app: Starting with 2000 BPS
2026-10-08T09:21:25.961318Z  INFO nanospam::app: Confirmed 1,090 blocks | 2,000 bps | 1,152 cps | avg conf time: 84 ms
2026-10-08T09:21:26.962306Z  INFO nanospam::app: Confirmed 4,317 blocks | 2,000 bps | 3,223 cps | avg conf time: 178 ms
2026-10-08T09:21:27.963255Z  INFO nanospam::app: Confirmed 6,632 blocks | 2,000 bps | 2,312 cps | avg conf time: 111 ms
2026-10-08T09:21:28.964266Z  INFO nanospam::app: Confirmed 8,595 blocks | 2,000 bps | 1,960 cps | avg conf time: 97 ms
2026-10-08T09:21:29.965561Z  INFO nanospam::app: Confirmed 10,557 blocks | 2,000 bps | 1,959 cps | avg conf time: 94 ms
2026-10-08T09:21:30.966210Z  INFO nanospam::app: Confirmed 12,558 blocks | 2,000 bps | 1,999 cps | avg conf time: 96 ms
2026-10-08T09:21:31.967284Z  INFO nanospam::app: Confirmed 14,452 blocks | 2,000 bps | 1,891 cps | avg conf time: 98 ms
EPOCH_ENDED epoch=0 elections=218 active=202 t=1791451292751
EPOCH_ENDED epoch=0 elections=218 active=202 t=1791451292751
EPOCH_ENDED epoch=0 elections=218 active=202 t=1791451292751
EPOCH_ENDED epoch=0 elections=218 active=202 t=1791451292751
EPOCH_ENDED epoch=0 elections=218 active=202 t=1791451292751
EPOCH_ENDED epoch=0 elections=218 active=202 t=1791451292751
EPOCH_CARRIED epoch=0 instances=218 split=0 t=1791451292778
EPOCH_ADVANCED epoch=1 elections=436 active=420 vote_records=187980 t=1791451292778
EPOCH_CARRIED epoch=0 instances=218 split=0 t=1791451292778
EPOCH_ADVANCED epoch=1 elections=436 active=420 vote_records=187980 t=1791451292778
EPOCH_CARRIED epoch=0 instances=218 split=0 t=1791451292779
EPOCH_ADVANCED epoch=1 elections=436 active=420 vote_records=187980 t=1791451292779
EPOCH_CARRIED epoch=0 instances=218 split=0 t=1791451292784
EPOCH_ADVANCED epoch=1 elections=436 active=420 vote_records=187980 t=1791451292784
EPOCH_CLOSE_UNREADY epoch=0 short_of=reports usable=0 weight=0 required=5 held=0 theirs=[] t=1791451292789
EPOCH_CARRIED epoch=0 instances=218 split=0 t=1791451292805
EPOCH_ADVANCED epoch=1 elections=436 active=420 vote_records=187984 t=1791451292805
EPOCH_CLOSE_UNREADY epoch=0 short_of=reports usable=0 weight=0 required=5 held=0 theirs=[] t=1791451292819
EPOCH_REPORT epoch=0 certified=16035 residual=196 root=C117F950F5999BFAE0E262D8D8D489F3B74226E8C36CC75E2103B8B31B37A021 reports=1 t=1791451292838
EPOCH_REPORT epoch=0 certified=16035 residual=169 root=C117F950F5999BFAE0E262D8D8D489F3B74226E8C36CC75E2103B8B31B37A021 reports=1 t=1791451292861
EPOCH_CARRIED epoch=0 instances=218 split=0 t=1791451292879
EPOCH_ADVANCED epoch=1 elections=436 active=420 vote_records=187980 t=1791451292879
EPOCH_REPORT epoch=0 certified=16035 residual=201 root=C117F950F5999BFAE0E262D8D8D489F3B74226E8C36CC75E2103B8B31B37A021 reports=1 t=1791451292880
EPOCH_REPORT epoch=0 certified=16035 residual=187 root=C117F950F5999BFAE0E262D8D8D489F3B74226E8C36CC75E2103B8B31B37A021 reports=1 t=1791451292892
EPOCH_REPORT epoch=0 certified=16035 residual=196 root=C117F950F5999BFAE0E262D8D8D489F3B74226E8C36CC75E2103B8B31B37A021 reports=1 t=1791451292904
EPOCH_RECONCILED epoch=0 reporter=A353E45E6D0016CAEED0DFA4EC5B0640E2AA22A793F9F2375E77F1AB92977C04 complete=false entries=0 total=16035 symbols=0 dropped=false t=1791451292904
EPOCH_RECONCILED epoch=0 reporter=A353E45E6D0016CAEED0DFA4EC5B0640E2AA22A793F9F2375E77F1AB92977C04 complete=true entries=169 total=169 symbols=0 dropped=false t=1791451292907
EPOCH_RECONCILED epoch=0 reporter=D315857CE70C54DE713F6E82E5613BB3A1266C15E28AD2F4338C7BBEC456F532 complete=false entries=0 total=16035 symbols=0 dropped=false t=1791451292908
EPOCH_RECONCILED epoch=0 reporter=D315857CE70C54DE713F6E82E5613BB3A1266C15E28AD2F4338C7BBEC456F532 complete=true entries=196 total=196 symbols=0 dropped=false t=1791451292913
EPOCH_RECONCILED epoch=0 reporter=911999B2AEFA7ACC66EBD802B3301FF6CE431405107749D940277955CB7FDD07 complete=false entries=0 total=16035 symbols=0 dropped=false t=1791451292914
EPOCH_RECONCILED epoch=0 reporter=911999B2AEFA7ACC66EBD802B3301FF6CE431405107749D940277955CB7FDD07 complete=true entries=201 total=201 symbols=0 dropped=false t=1791451292917
EPOCH_REPORT epoch=0 certified=16035 residual=184 root=C117F950F5999BFAE0E262D8D8D489F3B74226E8C36CC75E2103B8B31B37A021 reports=1 t=1791451292941
EPOCH_RECONCILED epoch=0 reporter=A353E45E6D0016CAEED0DFA4EC5B0640E2AA22A793F9F2375E77F1AB92977C04 complete=false entries=0 total=16035 symbols=0 dropped=false t=1791451292960
EPOCH_RECONCILED epoch=0 reporter=A353E45E6D0016CAEED0DFA4EC5B0640E2AA22A793F9F2375E77F1AB92977C04 complete=true entries=169 total=169 symbols=0 dropped=false t=1791451292964
2026-10-08T09:21:32.968274Z  INFO nanospam::app: Confirmed 16,194 blocks | 2,000 bps | 1,740 cps | avg conf time: 106 ms
EPOCH_RECONCILED epoch=0 reporter=65A90023F6C0D2181AAA63F005D81BBC0C04650505E21D5123F9AE1F9E992BFF complete=false entries=0 total=16035 symbols=0 dropped=false t=1791451292968
EPOCH_RECONCILED epoch=0 reporter=633D9D614858AB1710D5D8C3180E2A082DC97208BA8C26BA6C6D1A86C8E31CC0 complete=false entries=0 total=16035 symbols=0 dropped=false t=1791451292972
EPOCH_RECONCILED epoch=0 reporter=633D9D614858AB1710D5D8C3180E2A082DC97208BA8C26BA6C6D1A86C8E31CC0 complete=true entries=184 total=184 symbols=0 dropped=false t=1791451292977
EPOCH_RECONCILED epoch=0 reporter=65A90023F6C0D2181AAA63F005D81BBC0C04650505E21D5123F9AE1F9E992BFF complete=false entries=0 total=16035 symbols=0 dropped=false t=1791451292977
EPOCH_RECONCILED epoch=0 reporter=65A90023F6C0D2181AAA63F005D81BBC0C04650505E21D5123F9AE1F9E992BFF complete=true entries=187 total=187 symbols=0 dropped=false t=1791451292981
EPOCH_RECONCILED epoch=0 reporter=735FE217D91E88EA82324C5883296385FA0041C2FAC85C827BAA46DA1E14B83F complete=false entries=0 total=16035 symbols=0 dropped=false t=1791451292982
EPOCH_RECONCILED epoch=0 reporter=65A90023F6C0D2181AAA63F005D81BBC0C04650505E21D5123F9AE1F9E992BFF complete=false entries=46 total=46 symbols=0 dropped=false t=1791451292985
EPOCH_RECONCILED epoch=0 reporter=735FE217D91E88EA82324C5883296385FA0041C2FAC85C827BAA46DA1E14B83F complete=false entries=0 total=16035 symbols=0 dropped=false t=1791451292986
EPOCH_RECONCILED epoch=0 reporter=735FE217D91E88EA82324C5883296385FA0041C2FAC85C827BAA46DA1E14B83F complete=false entries=141 total=141 symbols=0 dropped=false t=1791451292994
EPOCH_RECONCILED epoch=0 reporter=D315857CE70C54DE713F6E82E5613BB3A1266C15E28AD2F4338C7BBEC456F532 complete=false entries=0 total=16035 symbols=0 dropped=false t=1791451292995
EPOCH_RECONCILED epoch=0 reporter=633D9D614858AB1710D5D8C3180E2A082DC97208BA8C26BA6C6D1A86C8E31CC0 complete=false entries=0 total=16035 symbols=0 dropped=false t=1791451292995
EPOCH_RECONCILED epoch=0 reporter=633D9D614858AB1710D5D8C3180E2A082DC97208BA8C26BA6C6D1A86C8E31CC0 complete=true entries=184 total=184 symbols=0 dropped=false t=1791451293000
EPOCH_RECONCILED epoch=0 reporter=911999B2AEFA7ACC66EBD802B3301FF6CE431405107749D940277955CB7FDD07 complete=false entries=0 total=16035 symbols=0 dropped=false t=1791451293001
EPOCH_RECONCILED epoch=0 reporter=911999B2AEFA7ACC66EBD802B3301FF6CE431405107749D940277955CB7FDD07 complete=true entries=201 total=201 symbols=0 dropped=false t=1791451293011
EPOCH_RECONCILED epoch=0 reporter=A353E45E6D0016CAEED0DFA4EC5B0640E2AA22A793F9F2375E77F1AB92977C04 complete=false entries=0 total=16035 symbols=0 dropped=false t=1791451293014
EPOCH_RECONCILED epoch=0 reporter=735FE217D91E88EA82324C5883296385FA0041C2FAC85C827BAA46DA1E14B83F complete=true entries=196 total=196 symbols=0 dropped=false t=1791451293017
EPOCH_RECONCILED epoch=0 reporter=911999B2AEFA7ACC66EBD802B3301FF6CE431405107749D940277955CB7FDD07 complete=false entries=0 total=16035 symbols=0 dropped=false t=1791451293019
EPOCH_RECONCILED epoch=0 reporter=A353E45E6D0016CAEED0DFA4EC5B0640E2AA22A793F9F2375E77F1AB92977C04 complete=true entries=169 total=169 symbols=0 dropped=false t=1791451293027
EPOCH_RECONCILED epoch=0 reporter=735FE217D91E88EA82324C5883296385FA0041C2FAC85C827BAA46DA1E14B83F complete=false entries=0 total=16035 symbols=0 dropped=false t=1791451293031
EPOCH_RECONCILED epoch=0 reporter=911999B2AEFA7ACC66EBD802B3301FF6CE431405107749D940277955CB7FDD07 complete=true entries=201 total=201 symbols=0 dropped=false t=1791451293033
EPOCH_RECONCILED epoch=0 reporter=D315857CE70C54DE713F6E82E5613BB3A1266C15E28AD2F4338C7BBEC456F532 complete=false entries=0 total=16035 symbols=0 dropped=false t=1791451293036
EPOCH_RECONCILED epoch=0 reporter=D315857CE70C54DE713F6E82E5613BB3A1266C15E28AD2F4338C7BBEC456F532 complete=true entries=196 total=196 symbols=0 dropped=false t=1791451293041
EPOCH_RECONCILED epoch=0 reporter=735FE217D91E88EA82324C5883296385FA0041C2FAC85C827BAA46DA1E14B83F complete=true entries=196 total=196 symbols=0 dropped=false t=1791451293042
EPOCH_RECONCILED epoch=0 reporter=911999B2AEFA7ACC66EBD802B3301FF6CE431405107749D940277955CB7FDD07 complete=false entries=0 total=16035 symbols=0 dropped=false t=1791451293042
EPOCH_RECONCILED epoch=0 reporter=65A90023F6C0D2181AAA63F005D81BBC0C04650505E21D5123F9AE1F9E992BFF complete=false entries=0 total=16035 symbols=0 dropped=false t=1791451293043
EPOCH_RECONCILED epoch=0 reporter=D315857CE70C54DE713F6E82E5613BB3A1266C15E28AD2F4338C7BBEC456F532 complete=true entries=196 total=196 symbols=0 dropped=false t=1791451293046
EPOCH_RECONCILED epoch=0 reporter=65A90023F6C0D2181AAA63F005D81BBC0C04650505E21D5123F9AE1F9E992BFF complete=true entries=187 total=187 symbols=0 dropped=false t=1791451293057
EPOCH_RECONCILED epoch=0 reporter=911999B2AEFA7ACC66EBD802B3301FF6CE431405107749D940277955CB7FDD07 complete=true entries=201 total=201 symbols=0 dropped=false t=1791451293061
EPOCH_CLOSE_UNREADY epoch=0 short_of=reports usable=4 weight=4 required=5 held=5 theirs=["633D9D61:C117F950:B4723676", "735FE217:C117F950:91F3EB04", "A353E45E:C117F950:B4CBFAC2", "D315857C:C117F950:91F3EB04", "911999B2:C117F950:6FA96409"] t=1791451293091
EPOCH_RECONCILED epoch=0 reporter=D315857CE70C54DE713F6E82E5613BB3A1266C15E28AD2F4338C7BBEC456F532 complete=false entries=0 total=16035 symbols=0 dropped=false t=1791451293105
EPOCH_RECONCILED epoch=0 reporter=D315857CE70C54DE713F6E82E5613BB3A1266C15E28AD2F4338C7BBEC456F532 complete=true entries=196 total=196 symbols=0 dropped=false t=1791451293115
EPOCH_RECONCILED epoch=0 reporter=735FE217D91E88EA82324C5883296385FA0041C2FAC85C827BAA46DA1E14B83F complete=false entries=0 total=16035 symbols=0 dropped=false t=1791451293116
EPOCH_RECONCILED epoch=0 reporter=65A90023F6C0D2181AAA63F005D81BBC0C04650505E21D5123F9AE1F9E992BFF complete=false entries=0 total=16035 symbols=0 dropped=false t=1791451293149
EPOCH_RECONCILED epoch=0 reporter=735FE217D91E88EA82324C5883296385FA0041C2FAC85C827BAA46DA1E14B83F complete=true entries=196 total=196 symbols=0 dropped=false t=1791451293159
EPOCH_RECONCILED epoch=0 reporter=A353E45E6D0016CAEED0DFA4EC5B0640E2AA22A793F9F2375E77F1AB92977C04 complete=false entries=0 total=16035 symbols=0 dropped=false t=1791451293162
EPOCH_RECONCILED epoch=0 reporter=65A90023F6C0D2181AAA63F005D81BBC0C04650505E21D5123F9AE1F9E992BFF complete=true entries=187 total=187 symbols=0 dropped=false t=1791451293163
EPOCH_RECONCILED epoch=0 reporter=633D9D614858AB1710D5D8C3180E2A082DC97208BA8C26BA6C6D1A86C8E31CC0 complete=false entries=0 total=16035 symbols=0 dropped=false t=1791451293170
EPOCH_RECONCILED epoch=0 reporter=A353E45E6D0016CAEED0DFA4EC5B0640E2AA22A793F9F2375E77F1AB92977C04 complete=true entries=169 total=169 symbols=0 dropped=false t=1791451293175
EPOCH_RECONCILED epoch=0 reporter=65A90023F6C0D2181AAA63F005D81BBC0C04650505E21D5123F9AE1F9E992BFF complete=false entries=0 total=16035 symbols=0 dropped=false t=1791451293178
EPOCH_RECONCILED epoch=0 reporter=633D9D614858AB1710D5D8C3180E2A082DC97208BA8C26BA6C6D1A86C8E31CC0 complete=true entries=184 total=184 symbols=0 dropped=false t=1791451293194
EPOCH_RECONCILED epoch=0 reporter=A353E45E6D0016CAEED0DFA4EC5B0640E2AA22A793F9F2375E77F1AB92977C04 complete=false entries=0 total=16035 symbols=0 dropped=false t=1791451293197
EPOCH_RECONCILED epoch=0 reporter=65A90023F6C0D2181AAA63F005D81BBC0C04650505E21D5123F9AE1F9E992BFF complete=true entries=187 total=187 symbols=0 dropped=false t=1791451293197
EPOCH_RECONCILED epoch=0 reporter=633D9D614858AB1710D5D8C3180E2A082DC97208BA8C26BA6C6D1A86C8E31CC0 complete=false entries=0 total=16035 symbols=0 dropped=false t=1791451293198
EPOCH_RECONCILED epoch=0 reporter=633D9D614858AB1710D5D8C3180E2A082DC97208BA8C26BA6C6D1A86C8E31CC0 complete=true entries=184 total=184 symbols=0 dropped=false t=1791451293202
EPOCH_RECONCILED epoch=0 reporter=A353E45E6D0016CAEED0DFA4EC5B0640E2AA22A793F9F2375E77F1AB92977C04 complete=true entries=169 total=169 symbols=0 dropped=false t=1791451293228
EPOCH_RECONCILED epoch=0 reporter=D315857CE70C54DE713F6E82E5613BB3A1266C15E28AD2F4338C7BBEC456F532 complete=false entries=0 total=16035 symbols=0 dropped=false t=1791451293230
EPOCH_RECONCILED epoch=0 reporter=633D9D614858AB1710D5D8C3180E2A082DC97208BA8C26BA6C6D1A86C8E31CC0 complete=false entries=0 total=16035 symbols=0 dropped=false t=1791451293242
EPOCH_RECONCILED epoch=0 reporter=D315857CE70C54DE713F6E82E5613BB3A1266C15E28AD2F4338C7BBEC456F532 complete=true entries=196 total=196 symbols=0 dropped=false t=1791451293247
EPOCH_RECONCILED epoch=0 reporter=735FE217D91E88EA82324C5883296385FA0041C2FAC85C827BAA46DA1E14B83F complete=true entries=55 total=196 symbols=108 dropped=false t=1791451293254
EPOCH_RECONCILED epoch=0 reporter=65A90023F6C0D2181AAA63F005D81BBC0C04650505E21D5123F9AE1F9E992BFF complete=true entries=141 total=187 symbols=243 dropped=false t=1791451293254
EPOCH_RECONCILED epoch=0 reporter=911999B2AEFA7ACC66EBD802B3301FF6CE431405107749D940277955CB7FDD07 complete=false entries=0 total=16035 symbols=0 dropped=false t=1791451293252
EPOCH_CLOSE_UNREADY epoch=0 short_of=reports usable=4 weight=4 required=5 held=5 theirs=["A353E45E:C117F950:B4CBFAC2", "65A90023:C117F950:2D68364C", "735FE217:C117F950:91F3EB04", "D315857C:C117F950:91F3EB04", "911999B2:C117F950:6FA96409"] t=1791451293257
EPOCH_RECONCILED epoch=0 reporter=633D9D614858AB1710D5D8C3180E2A082DC97208BA8C26BA6C6D1A86C8E31CC0 complete=true entries=184 total=184 symbols=0 dropped=false t=1791451293261
EPOCH_RECONCILED epoch=0 reporter=911999B2AEFA7ACC66EBD802B3301FF6CE431405107749D940277955CB7FDD07 complete=true entries=201 total=201 symbols=0 dropped=false t=1791451293267
EPOCH_RECONCILED epoch=0 reporter=735FE217D91E88EA82324C5883296385FA0041C2FAC85C827BAA46DA1E14B83F complete=false entries=0 total=16035 symbols=0 dropped=false t=1791451293267
EPOCH_RECONCILED epoch=0 reporter=735FE217D91E88EA82324C5883296385FA0041C2FAC85C827BAA46DA1E14B83F complete=true entries=196 total=196 symbols=0 dropped=false t=1791451293271
EPOCH_CLOSE_READY epoch=0 t=1791451293329
EPOCH_CLOSE_ROUND epoch=0 round=0 leader=633D9D614858AB1710D5D8C3180E2A082DC97208BA8C26BA6C6D1A86C8E31CC0 leads=false t=1791451293333
EPOCH_CLOSE_READY epoch=0 t=1791451293354
EPOCH_CLOSE_READY epoch=0 t=1791451293372
EPOCH_CLOSE_ROUND epoch=0 round=0 leader=633D9D614858AB1710D5D8C3180E2A082DC97208BA8C26BA6C6D1A86C8E31CC0 leads=false t=1791451293373
EPOCH_CLOSE_READY epoch=0 t=1791451293415
EPOCH_CLOSE_ROUND epoch=0 round=0 leader=633D9D614858AB1710D5D8C3180E2A082DC97208BA8C26BA6C6D1A86C8E31CC0 leads=false t=1791451293418
EPOCH_CLOSE_READY epoch=0 t=1791451293429
EPOCH_CLOSE_ROUND epoch=0 round=0 leader=633D9D614858AB1710D5D8C3180E2A082DC97208BA8C26BA6C6D1A86C8E31CC0 leads=false t=1791451293446
EPOCH_CLOSE_READY epoch=0 t=1791451293503
EPOCH_CLOSE_ROUND epoch=0 round=0 leader=633D9D614858AB1710D5D8C3180E2A082DC97208BA8C26BA6C6D1A86C8E31CC0 leads=false t=1791451293525
EPOCH_PROPOSED epoch=0 round=0 value=E05C6B22561DB28645A67C90CF7F3E2C963CBA755E783B594F53A0909CAD6E0F state=92B9CCDAD1A7EB9245AAE11FC1AAB5DFB010DF96BF2B8ADA43E912594F245F58 reports=5 t=1791451293785
EPOCH_VALUE epoch=0 value=E05C6B22561DB28645A67C90CF7F3E2C963CBA755E783B594F53A0909CAD6E0F state=92B9CCDAD1A7EB9245AAE11FC1AAB5DFB010DF96BF2B8ADA43E912594F245F58 t=1791451293785
EPOCH_CLOSE_ROUND epoch=0 round=0 leader=633D9D614858AB1710D5D8C3180E2A082DC97208BA8C26BA6C6D1A86C8E31CC0 leads=true t=1791451293795
EPOCH_VALUE epoch=0 value=E05C6B22561DB28645A67C90CF7F3E2C963CBA755E783B594F53A0909CAD6E0F state=92B9CCDAD1A7EB9245AAE11FC1AAB5DFB010DF96BF2B8ADA43E912594F245F58 t=1791451293943
2026-10-08T09:21:33.983116Z  INFO nanospam::app: Confirmed 18,103 blocks | 2,000 bps | 1,905 cps | avg conf time: 154 ms
EPOCH_VALUE epoch=0 value=E05C6B22561DB28645A67C90CF7F3E2C963CBA755E783B594F53A0909CAD6E0F state=92B9CCDAD1A7EB9245AAE11FC1AAB5DFB010DF96BF2B8ADA43E912594F245F58 t=1791451294002
EPOCH_VALUE epoch=0 value=E05C6B22561DB28645A67C90CF7F3E2C963CBA755E783B594F53A0909CAD6E0F state=92B9CCDAD1A7EB9245AAE11FC1AAB5DFB010DF96BF2B8ADA43E912594F245F58 t=1791451294025
EPOCH_VALUE epoch=0 value=E05C6B22561DB28645A67C90CF7F3E2C963CBA755E783B594F53A0909CAD6E0F state=92B9CCDAD1A7EB9245AAE11FC1AAB5DFB010DF96BF2B8ADA43E912594F245F58 t=1791451294086
EPOCH_VALUE epoch=0 value=E05C6B22561DB28645A67C90CF7F3E2C963CBA755E783B594F53A0909CAD6E0F state=92B9CCDAD1A7EB9245AAE11FC1AAB5DFB010DF96BF2B8ADA43E912594F245F58 t=1791451294216
EPOCH_INSTALL epoch=0 finalized=15970 instances_confirmed=0 t=1791451294288
EPOCH_INSTALL epoch=0 finalized=15970 instances_confirmed=0 t=1791451294288
EPOCH_LATE_NOTAR epoch=0 blocks=2817 notarized=2769 cast=2824 t=1791451294289
EPOCH_LATE_NOTAR epoch=0 blocks=2817 notarized=2769 cast=2692 t=1791451294289
EPOCH_INSTALL epoch=0 finalized=15970 instances_confirmed=0 t=1791451294289
EPOCH_GATE epoch=1 released=222 finalized=0 t=1791451294290
EPOCH_GATE epoch=1 released=222 finalized=0 t=1791451294290
EPOCH_INSTALL epoch=0 finalized=15970 instances_confirmed=0 t=1791451294292
EPOCH_LATE_NOTAR epoch=0 blocks=2817 notarized=2769 cast=2640 t=1791451294292
EPOCH_INSTALL epoch=0 finalized=15970 instances_confirmed=0 t=1791451294293
EPOCH_LATE_NOTAR epoch=0 blocks=2817 notarized=2769 cast=2830 t=1791451294293
EPOCH_GATE epoch=1 released=201 finalized=0 t=1791451294293
EPOCH_GATE epoch=1 released=179 finalized=0 t=1791451294293
EPOCH_LATE_NOTAR epoch=0 blocks=2817 notarized=2769 cast=2626 t=1791451294293
EPOCH_GATE epoch=1 released=220 finalized=0 t=1791451294294
EPOCH_INSTALL epoch=0 finalized=15970 instances_confirmed=0 t=1791451294296
EPOCH_LATE_NOTAR epoch=0 blocks=2817 notarized=2746 cast=2766 t=1791451294297
EPOCH_GATE epoch=1 released=214 finalized=0 t=1791451294297
EPOCH_COMMITTEE derived_by=0 members=6 accounts=7295 n=6 digest=95D409445152DD075E6A4799205DFA5689496EB8EE1A22AC2A200B9DBC2DCF27 shares=["735FE217:16.7%", "A353E45E:16.7%", "D315857C:16.7%", "911999B2:16.7%", "633D9D61:16.7%", "65A90023:16.7%"] t=1791451294313
EPOCH_LOCKS epoch=0 continued=0 kinds={"locks=1 kind=Some(Recovery) nc_here=true saved=true": 3} t=1791451294313
EPOCH_OMITTED epoch=0 instances=15 retained=3 t=1791451294313
EPOCH_CLOSED epoch=0 round=0 value=E05C6B22561DB28645A67C90CF7F3E2C963CBA755E783B594F53A0909CAD6E0F state=92B9CCDAD1A7EB9245AAE11FC1AAB5DFB010DF96BF2B8ADA43E912594F245F58 t=1791451294313
EPOCH_COMMITTEE derived_by=0 members=6 accounts=7295 n=6 digest=95D409445152DD075E6A4799205DFA5689496EB8EE1A22AC2A200B9DBC2DCF27 shares=["735FE217:16.7%", "A353E45E:16.7%", "D315857C:16.7%", "911999B2:16.7%", "633D9D61:16.7%", "65A90023:16.7%"] t=1791451294319
EPOCH_LOCKS epoch=0 continued=0 kinds={"locks=1 kind=Some(Recovery) nc_here=true saved=true": 3} t=1791451294319
EPOCH_OMITTED epoch=0 instances=15 retained=3 t=1791451294319
EPOCH_CLOSED epoch=0 round=0 value=E05C6B22561DB28645A67C90CF7F3E2C963CBA755E783B594F53A0909CAD6E0F state=92B9CCDAD1A7EB9245AAE11FC1AAB5DFB010DF96BF2B8ADA43E912594F245F58 t=1791451294319
EPOCH_COMMITTEE derived_by=0 members=6 accounts=7295 n=6 digest=95D409445152DD075E6A4799205DFA5689496EB8EE1A22AC2A200B9DBC2DCF27 shares=["735FE217:16.7%", "A353E45E:16.7%", "D315857C:16.7%", "911999B2:16.7%", "633D9D61:16.7%", "65A90023:16.7%"] t=1791451294321
EPOCH_LOCKS epoch=0 continued=0 kinds={"locks=1 kind=Some(Recovery) nc_here=true saved=true": 3} t=1791451294321
EPOCH_OMITTED epoch=0 instances=15 retained=3 t=1791451294321
EPOCH_CLOSED epoch=0 round=0 value=E05C6B22561DB28645A67C90CF7F3E2C963CBA755E783B594F53A0909CAD6E0F state=92B9CCDAD1A7EB9245AAE11FC1AAB5DFB010DF96BF2B8ADA43E912594F245F58 t=1791451294321
EPOCH_COMMITTEE derived_by=0 members=6 accounts=7295 n=6 digest=95D409445152DD075E6A4799205DFA5689496EB8EE1A22AC2A200B9DBC2DCF27 shares=["735FE217:16.7%", "A353E45E:16.7%", "D315857C:16.7%", "911999B2:16.7%", "633D9D61:16.7%", "65A90023:16.7%"] t=1791451294338
EPOCH_LOCKS epoch=0 continued=0 kinds={"locks=1 kind=Some(Recovery) nc_here=true saved=true": 3} t=1791451294338
EPOCH_OMITTED epoch=0 instances=15 retained=3 t=1791451294338
EPOCH_CLOSED epoch=0 round=0 value=E05C6B22561DB28645A67C90CF7F3E2C963CBA755E783B594F53A0909CAD6E0F state=92B9CCDAD1A7EB9245AAE11FC1AAB5DFB010DF96BF2B8ADA43E912594F245F58 t=1791451294338
EPOCH_COMMITTEE derived_by=0 members=6 accounts=7295 n=6 digest=95D409445152DD075E6A4799205DFA5689496EB8EE1A22AC2A200B9DBC2DCF27 shares=["735FE217:16.7%", "A353E45E:16.7%", "D315857C:16.7%", "911999B2:16.7%", "633D9D61:16.7%", "65A90023:16.7%"] t=1791451294356
EPOCH_LOCKS epoch=0 continued=0 kinds={"locks=1 kind=Some(Recovery) nc_here=true saved=true": 3} t=1791451294357
EPOCH_OMITTED epoch=0 instances=15 retained=3 t=1791451294357
EPOCH_CLOSED epoch=0 round=0 value=E05C6B22561DB28645A67C90CF7F3E2C963CBA755E783B594F53A0909CAD6E0F state=92B9CCDAD1A7EB9245AAE11FC1AAB5DFB010DF96BF2B8ADA43E912594F245F58 t=1791451294357
EPOCH_INSTALLED epoch=0 finalized=15970 cemented=15970 queued=0 missing=0 t=1791451294365
EPOCH_RETAINED epoch=0 retained=187 held=187 missing=0 t=1791451294365
EPOCH_COMMITTEE derived_by=0 members=6 accounts=7295 n=6 digest=95D409445152DD075E6A4799205DFA5689496EB8EE1A22AC2A200B9DBC2DCF27 shares=["735FE217:16.7%", "A353E45E:16.7%", "D315857C:16.7%", "911999B2:16.7%", "633D9D61:16.7%", "65A90023:16.7%"] t=1791451294381
EPOCH_LOCKS epoch=0 continued=0 kinds={"locks=1 kind=Some(Recovery) nc_here=true saved=true": 3} t=1791451294381
EPOCH_OMITTED epoch=0 instances=15 retained=3 t=1791451294381
EPOCH_CLOSED epoch=0 round=0 value=E05C6B22561DB28645A67C90CF7F3E2C963CBA755E783B594F53A0909CAD6E0F state=92B9CCDAD1A7EB9245AAE11FC1AAB5DFB010DF96BF2B8ADA43E912594F245F58 t=1791451294381
EPOCH_INSTALLED epoch=0 finalized=15970 cemented=15970 queued=0 missing=0 t=1791451294384
EPOCH_INSTALLED epoch=0 finalized=15970 cemented=15970 queued=0 missing=0 t=1791451294384
EPOCH_RETAINED epoch=0 retained=187 held=187 missing=0 t=1791451294384
EPOCH_RETAINED epoch=0 retained=187 held=187 missing=0 t=1791451294384
EPOCH_INSTALLED epoch=0 finalized=15970 cemented=15970 queued=0 missing=0 t=1791451294389
EPOCH_RETAINED epoch=0 retained=187 held=187 missing=0 t=1791451294389
EPOCH_EVIDENCE_RELEASED epoch=0 t=1791451294398
EPOCH_EVIDENCE_RELEASED epoch=0 t=1791451294398
EPOCH_EVIDENCE_RELEASED epoch=0 t=1791451294400
EPOCH_EVIDENCE_RELEASED epoch=0 t=1791451294407
EPOCH_EVIDENCE_RELEASED epoch=0 t=1791451294408
EPOCH_INSTALLED epoch=0 finalized=15970 cemented=15970 queued=0 missing=0 t=1791451294486
EPOCH_RETAINED epoch=0 retained=187 held=187 missing=0 t=1791451294487
EPOCH_INSTALLED epoch=0 finalized=15970 cemented=15970 queued=0 missing=0 t=1791451294538
EPOCH_RETAINED epoch=0 retained=187 held=187 missing=0 t=1791451294538
EPOCH_EVIDENCE_RELEASED epoch=0 t=1791451294827
2026-10-08T09:21:34.984477Z  INFO nanospam::app: Confirmed 20,170 blocks | 2,000 bps | 2,037 cps | avg conf time: 124 ms
2026-10-08T09:21:35.985137Z  INFO nanospam::app: Confirmed 22,072 blocks | 2,000 bps | 1,900 cps | avg conf time: 98 ms
2026-10-08T09:21:36.986265Z  INFO nanospam::app: Confirmed 23,990 blocks | 2,000 bps | 1,915 cps | avg conf time: 96 ms
2026-10-08T09:21:37.986993Z  INFO nanospam::app: Confirmed 25,970 blocks | 2,000 bps | 1,978 cps | avg conf time: 93 ms
2026-10-08T09:21:38.988107Z  INFO nanospam::app: Confirmed 27,904 blocks | 2,000 bps | 1,931 cps | avg conf time: 94 ms
2026-10-08T09:21:39.989489Z  INFO nanospam::app: Confirmed 29,793 blocks | 2,000 bps | 1,887 cps | avg conf time: 96 ms
EPOCH_ENDED epoch=1 elections=209 active=182 t=1791451300761
EPOCH_ENDED epoch=1 elections=210 active=183 t=1791451300761
EPOCH_ENDED epoch=1 elections=210 active=183 t=1791451300761
EPOCH_ENDED epoch=1 elections=209 active=182 t=1791451300761
EPOCH_ENDED epoch=1 elections=210 active=183 t=1791451300762
EPOCH_ENDED epoch=1 elections=209 active=182 t=1791451300761
EPOCH_CARRIED epoch=1 instances=206 split=0 t=1791451300805
EPOCH_ADVANCED epoch=2 elections=415 active=388 vote_records=370377 t=1791451300805
EPOCH_CARRIED epoch=1 instances=207 split=0 t=1791451300813
EPOCH_ADVANCED epoch=2 elections=417 active=390 vote_records=370377 t=1791451300813
EPOCH_CARRIED epoch=1 instances=207 split=0 t=1791451300815
EPOCH_ADVANCED epoch=2 elections=417 active=390 vote_records=370377 t=1791451300815
EPOCH_CARRIED epoch=1 instances=207 split=0 t=1791451300817
EPOCH_ADVANCED epoch=2 elections=417 active=390 vote_records=370377 t=1791451300817
EPOCH_CARRIED epoch=1 instances=206 split=0 t=1791451300818
EPOCH_ADVANCED epoch=2 elections=415 active=388 vote_records=370381 t=1791451300818
EPOCH_CARRIED epoch=1 instances=206 split=0 t=1791451300818
EPOCH_ADVANCED epoch=2 elections=415 active=388 vote_records=370377 t=1791451300818
EPOCH_REPORT epoch=1 certified=31317 residual=172 root=9B5AB085866952661B5FB08926CBFFC257A8F20F9562D71342F9D600FF8CBC3A reports=1 t=1791451300898
EPOCH_REPORT epoch=1 certified=31317 residual=143 root=9B5AB085866952661B5FB08926CBFFC257A8F20F9562D71342F9D600FF8CBC3A reports=1 t=1791451300929
EPOCH_REPORT epoch=1 certified=31317 residual=153 root=9B5AB085866952661B5FB08926CBFFC257A8F20F9562D71342F9D600FF8CBC3A reports=1 t=1791451300976
EPOCH_REPORT epoch=1 certified=31317 residual=160 root=9B5AB085866952661B5FB08926CBFFC257A8F20F9562D71342F9D600FF8CBC3A reports=1 t=1791451300983
2026-10-08T09:21:40.990201Z  INFO nanospam::app: Confirmed 31,228 blocks | 2,000 bps | 1,433 cps | avg conf time: 93 ms
EPOCH_REPORT epoch=1 certified=31317 residual=157 root=9B5AB085866952661B5FB08926CBFFC257A8F20F9562D71342F9D600FF8CBC3A reports=1 t=1791451300996
EPOCH_REPORT epoch=1 certified=31317 residual=147 root=9B5AB085866952661B5FB08926CBFFC257A8F20F9562D71342F9D600FF8CBC3A reports=1 t=1791451301009
EPOCH_RECONCILED epoch=1 reporter=A353E45E6D0016CAEED0DFA4EC5B0640E2AA22A793F9F2375E77F1AB92977C04 complete=false entries=0 total=31317 symbols=0 dropped=false t=1791451301039
EPOCH_RECONCILED epoch=1 reporter=633D9D614858AB1710D5D8C3180E2A082DC97208BA8C26BA6C6D1A86C8E31CC0 complete=false entries=0 total=31317 symbols=0 dropped=false t=1791451301051
EPOCH_RECONCILED epoch=1 reporter=A353E45E6D0016CAEED0DFA4EC5B0640E2AA22A793F9F2375E77F1AB92977C04 complete=true entries=153 total=153 symbols=0 dropped=false t=1791451301059
EPOCH_RECONCILED epoch=1 reporter=D315857CE70C54DE713F6E82E5613BB3A1266C15E28AD2F4338C7BBEC456F532 complete=false entries=0 total=31317 symbols=0 dropped=false t=1791451301066
EPOCH_RECONCILED epoch=1 reporter=D315857CE70C54DE713F6E82E5613BB3A1266C15E28AD2F4338C7BBEC456F532 complete=true entries=143 total=143 symbols=0 dropped=false t=1791451301075
EPOCH_RECONCILED epoch=1 reporter=633D9D614858AB1710D5D8C3180E2A082DC97208BA8C26BA6C6D1A86C8E31CC0 complete=false entries=0 total=31317 symbols=0 dropped=false t=1791451301078
EPOCH_RECONCILED epoch=1 reporter=633D9D614858AB1710D5D8C3180E2A082DC97208BA8C26BA6C6D1A86C8E31CC0 complete=true entries=172 total=172 symbols=0 dropped=false t=1791451301084
EPOCH_RECONCILED epoch=1 reporter=911999B2AEFA7ACC66EBD802B3301FF6CE431405107749D940277955CB7FDD07 complete=false entries=0 total=31317 symbols=0 dropped=false t=1791451301084
EPOCH_RECONCILED epoch=1 reporter=911999B2AEFA7ACC66EBD802B3301FF6CE431405107749D940277955CB7FDD07 complete=false entries=0 total=31317 symbols=0 dropped=false t=1791451301085
EPOCH_RECONCILED epoch=1 reporter=D315857CE70C54DE713F6E82E5613BB3A1266C15E28AD2F4338C7BBEC456F532 complete=false entries=0 total=31317 symbols=0 dropped=false t=1791451301086
EPOCH_RECONCILED epoch=1 reporter=633D9D614858AB1710D5D8C3180E2A082DC97208BA8C26BA6C6D1A86C8E31CC0 complete=false entries=0 total=31317 symbols=0 dropped=false t=1791451301087
EPOCH_RECONCILED epoch=1 reporter=911999B2AEFA7ACC66EBD802B3301FF6CE431405107749D940277955CB7FDD07 complete=false entries=0 total=31317 symbols=0 dropped=false t=1791451301090
EPOCH_RECONCILED epoch=1 reporter=633D9D614858AB1710D5D8C3180E2A082DC97208BA8C26BA6C6D1A86C8E31CC0 complete=true entries=172 total=172 symbols=0 dropped=false t=1791451301091
EPOCH_RECONCILED epoch=1 reporter=633D9D614858AB1710D5D8C3180E2A082DC97208BA8C26BA6C6D1A86C8E31CC0 complete=true entries=172 total=172 symbols=0 dropped=false t=1791451301091
EPOCH_RECONCILED epoch=1 reporter=D315857CE70C54DE713F6E82E5613BB3A1266C15E28AD2F4338C7BBEC456F532 complete=false entries=0 total=31317 symbols=0 dropped=false t=1791451301093
EPOCH_RECONCILED epoch=1 reporter=D315857CE70C54DE713F6E82E5613BB3A1266C15E28AD2F4338C7BBEC456F532 complete=true entries=143 total=143 symbols=0 dropped=false t=1791451301094
EPOCH_RECONCILED epoch=1 reporter=911999B2AEFA7ACC66EBD802B3301FF6CE431405107749D940277955CB7FDD07 complete=true entries=160 total=160 symbols=0 dropped=false t=1791451301099
EPOCH_RECONCILED epoch=1 reporter=A353E45E6D0016CAEED0DFA4EC5B0640E2AA22A793F9F2375E77F1AB92977C04 complete=false entries=0 total=31317 symbols=0 dropped=false t=1791451301100
EPOCH_RECONCILED epoch=1 reporter=A353E45E6D0016CAEED0DFA4EC5B0640E2AA22A793F9F2375E77F1AB92977C04 complete=true entries=153 total=153 symbols=0 dropped=false t=1791451301104
EPOCH_RECONCILED epoch=1 reporter=735FE217D91E88EA82324C5883296385FA0041C2FAC85C827BAA46DA1E14B83F complete=false entries=0 total=31317 symbols=0 dropped=false t=1791451301106
EPOCH_RECONCILED epoch=1 reporter=911999B2AEFA7ACC66EBD802B3301FF6CE431405107749D940277955CB7FDD07 complete=true entries=160 total=160 symbols=0 dropped=false t=1791451301109
EPOCH_RECONCILED epoch=1 reporter=735FE217D91E88EA82324C5883296385FA0041C2FAC85C827BAA46DA1E14B83F complete=true entries=147 total=147 symbols=0 dropped=false t=1791451301109
EPOCH_RECONCILED epoch=1 reporter=735FE217D91E88EA82324C5883296385FA0041C2FAC85C827BAA46DA1E14B83F complete=false entries=0 total=31317 symbols=0 dropped=false t=1791451301113
EPOCH_RECONCILED epoch=1 reporter=735FE217D91E88EA82324C5883296385FA0041C2FAC85C827BAA46DA1E14B83F complete=true entries=147 total=147 symbols=0 dropped=false t=1791451301117
EPOCH_RECONCILED epoch=1 reporter=65A90023F6C0D2181AAA63F005D81BBC0C04650505E21D5123F9AE1F9E992BFF complete=false entries=0 total=31317 symbols=0 dropped=false t=1791451301121
EPOCH_RECONCILED epoch=1 reporter=65A90023F6C0D2181AAA63F005D81BBC0C04650505E21D5123F9AE1F9E992BFF complete=true entries=157 total=157 symbols=0 dropped=false t=1791451301125
EPOCH_RECONCILED epoch=1 reporter=A353E45E6D0016CAEED0DFA4EC5B0640E2AA22A793F9F2375E77F1AB92977C04 complete=false entries=0 total=31317 symbols=0 dropped=false t=1791451301136
EPOCH_RECONCILED epoch=1 reporter=A353E45E6D0016CAEED0DFA4EC5B0640E2AA22A793F9F2375E77F1AB92977C04 complete=false entries=0 total=31317 symbols=0 dropped=false t=1791451301136
EPOCH_RECONCILED epoch=1 reporter=D315857CE70C54DE713F6E82E5613BB3A1266C15E28AD2F4338C7BBEC456F532 complete=false entries=0 total=31317 symbols=0 dropped=false t=1791451301156
EPOCH_RECONCILED epoch=1 reporter=D315857CE70C54DE713F6E82E5613BB3A1266C15E28AD2F4338C7BBEC456F532 complete=true entries=143 total=143 symbols=0 dropped=false t=1791451301159
EPOCH_RECONCILED epoch=1 reporter=A353E45E6D0016CAEED0DFA4EC5B0640E2AA22A793F9F2375E77F1AB92977C04 complete=true entries=153 total=153 symbols=0 dropped=false t=1791451301171
EPOCH_RECONCILED epoch=1 reporter=633D9D614858AB1710D5D8C3180E2A082DC97208BA8C26BA6C6D1A86C8E31CC0 complete=false entries=0 total=31317 symbols=0 dropped=false t=1791451301239
EPOCH_RECONCILED epoch=1 reporter=911999B2AEFA7ACC66EBD802B3301FF6CE431405107749D940277955CB7FDD07 complete=true entries=160 total=160 symbols=0 dropped=false t=1791451301258
EPOCH_RECONCILED epoch=1 reporter=D315857CE70C54DE713F6E82E5613BB3A1266C15E28AD2F4338C7BBEC456F532 complete=true entries=143 total=143 symbols=0 dropped=false t=1791451301275
EPOCH_RECONCILED epoch=1 reporter=633D9D614858AB1710D5D8C3180E2A082DC97208BA8C26BA6C6D1A86C8E31CC0 complete=false entries=0 total=31317 symbols=0 dropped=false t=1791451301278
EPOCH_RECONCILED epoch=1 reporter=633D9D614858AB1710D5D8C3180E2A082DC97208BA8C26BA6C6D1A86C8E31CC0 complete=true entries=172 total=172 symbols=0 dropped=false t=1791451301297
EPOCH_RECONCILED epoch=1 reporter=A353E45E6D0016CAEED0DFA4EC5B0640E2AA22A793F9F2375E77F1AB92977C04 complete=true entries=153 total=153 symbols=0 dropped=false t=1791451301297
EPOCH_RECONCILED epoch=1 reporter=D315857CE70C54DE713F6E82E5613BB3A1266C15E28AD2F4338C7BBEC456F532 complete=false entries=0 total=31317 symbols=0 dropped=false t=1791451301299
EPOCH_RECONCILED epoch=1 reporter=633D9D614858AB1710D5D8C3180E2A082DC97208BA8C26BA6C6D1A86C8E31CC0 complete=true entries=172 total=172 symbols=0 dropped=false t=1791451301304
EPOCH_RECONCILED epoch=1 reporter=D315857CE70C54DE713F6E82E5613BB3A1266C15E28AD2F4338C7BBEC456F532 complete=true entries=143 total=143 symbols=0 dropped=false t=1791451301342
EPOCH_CLOSE_UNREADY epoch=1 short_of=reports usable=2 weight=2 required=5 held=5 theirs=["735FE217:9B5AB085:A06EF876", "65A90023:9B5AB085:F995EF0A", "633D9D61:9B5AB085:277A5E51", "A353E45E:9B5AB085:A978FBD9", "911999B2:9B5AB085:9E2FAAD7"] t=1791451301357
EPOCH_CLOSE_UNREADY epoch=1 short_of=reports usable=3 weight=3 required=5 held=5 theirs=["633D9D61:9B5AB085:277A5E51", "D315857C:9B5AB085:DE906040", "735FE217:9B5AB085:A06EF876", "911999B2:9B5AB085:9E2FAAD7", "65A90023:9B5AB085:F995EF0A"] t=1791451301441
EPOCH_RECONCILED epoch=1 reporter=735FE217D91E88EA82324C5883296385FA0041C2FAC85C827BAA46DA1E14B83F complete=false entries=0 total=31317 symbols=0 dropped=false t=1791451301515
EPOCH_RECONCILED epoch=1 reporter=735FE217D91E88EA82324C5883296385FA0041C2FAC85C827BAA46DA1E14B83F complete=true entries=147 total=147 symbols=0 dropped=false t=1791451301547
EPOCH_RECONCILED epoch=1 reporter=65A90023F6C0D2181AAA63F005D81BBC0C04650505E21D5123F9AE1F9E992BFF complete=false entries=0 total=31317 symbols=0 dropped=false t=1791451301550
EPOCH_CLOSE_UNREADY epoch=1 short_of=reports usable=4 weight=4 required=5 held=5 theirs=["D315857C:9B5AB085:DE906040", "A353E45E:9B5AB085:A978FBD9", "633D9D61:9B5AB085:277A5E51", "735FE217:9B5AB085:A06EF876", "65A90023:9B5AB085:F995EF0A"] t=1791451301609
EPOCH_RECONCILED epoch=1 reporter=65A90023F6C0D2181AAA63F005D81BBC0C04650505E21D5123F9AE1F9E992BFF complete=true entries=157 total=157 symbols=0 dropped=false t=1791451301610
EPOCH_RECONCILED epoch=1 reporter=A353E45E6D0016CAEED0DFA4EC5B0640E2AA22A793F9F2375E77F1AB92977C04 complete=false entries=0 total=31317 symbols=0 dropped=false t=1791451301616
EPOCH_RECONCILED epoch=1 reporter=A353E45E6D0016CAEED0DFA4EC5B0640E2AA22A793F9F2375E77F1AB92977C04 complete=true entries=153 total=153 symbols=0 dropped=false t=1791451301645
EPOCH_RECONCILED epoch=1 reporter=911999B2AEFA7ACC66EBD802B3301FF6CE431405107749D940277955CB7FDD07 complete=false entries=0 total=31317 symbols=0 dropped=false t=1791451301648
EPOCH_RECONCILED epoch=1 reporter=911999B2AEFA7ACC66EBD802B3301FF6CE431405107749D940277955CB7FDD07 complete=true entries=160 total=160 symbols=0 dropped=false t=1791451301675
EPOCH_RECONCILED epoch=1 reporter=735FE217D91E88EA82324C5883296385FA0041C2FAC85C827BAA46DA1E14B83F complete=false entries=0 total=31317 symbols=0 dropped=false t=1791451301686
EPOCH_CLOSE_READY epoch=1 t=1791451301688
EPOCH_CLOSE_ROUND epoch=1 round=0 leader=65A90023F6C0D2181AAA63F005D81BBC0C04650505E21D5123F9AE1F9E992BFF leads=false t=1791451301688
EPOCH_RECONCILED epoch=1 reporter=735FE217D91E88EA82324C5883296385FA0041C2FAC85C827BAA46DA1E14B83F complete=true entries=147 total=147 symbols=0 dropped=false t=1791451301713
EPOCH_RECONCILED epoch=1 reporter=911999B2AEFA7ACC66EBD802B3301FF6CE431405107749D940277955CB7FDD07 complete=false entries=0 total=31317 symbols=0 dropped=false t=1791451301732
EPOCH_RECONCILED epoch=1 reporter=911999B2AEFA7ACC66EBD802B3301FF6CE431405107749D940277955CB7FDD07 complete=true entries=160 total=160 symbols=0 dropped=false t=1791451301754
EPOCH_RECONCILED epoch=1 reporter=65A90023F6C0D2181AAA63F005D81BBC0C04650505E21D5123F9AE1F9E992BFF complete=false entries=0 total=31317 symbols=0 dropped=false t=1791451301758
EPOCH_RECONCILED epoch=1 reporter=65A90023F6C0D2181AAA63F005D81BBC0C04650505E21D5123F9AE1F9E992BFF complete=true entries=157 total=157 symbols=0 dropped=false t=1791451301814
EPOCH_CLOSE_READY epoch=1 t=1791451301821
EPOCH_RECONCILED epoch=1 reporter=735FE217D91E88EA82324C5883296385FA0041C2FAC85C827BAA46DA1E14B83F complete=false entries=0 total=31317 symbols=0 dropped=false t=1791451301875
EPOCH_CLOSE_READY epoch=1 t=1791451301925
EPOCH_CLOSE_ROUND epoch=1 round=0 leader=65A90023F6C0D2181AAA63F005D81BBC0C04650505E21D5123F9AE1F9E992BFF leads=false t=1791451301926
EPOCH_RECONCILED epoch=1 reporter=735FE217D91E88EA82324C5883296385FA0041C2FAC85C827BAA46DA1E14B83F complete=true entries=147 total=147 symbols=0 dropped=false t=1791451301951
EPOCH_RECONCILED epoch=1 reporter=65A90023F6C0D2181AAA63F005D81BBC0C04650505E21D5123F9AE1F9E992BFF complete=false entries=0 total=31317 symbols=0 dropped=false t=1791451301954
2026-10-08T09:21:41.991094Z  INFO nanospam::app: Confirmed 33,093 blocks | 2,000 bps | 1,863 cps | avg conf time: 281 ms
EPOCH_RECONCILED epoch=1 reporter=65A90023F6C0D2181AAA63F005D81BBC0C04650505E21D5123F9AE1F9E992BFF complete=true entries=157 total=157 symbols=0 dropped=false t=1791451302034
EPOCH_RECONCILED epoch=1 reporter=65A90023F6C0D2181AAA63F005D81BBC0C04650505E21D5123F9AE1F9E992BFF complete=false entries=0 total=31317 symbols=0 dropped=false t=1791451302037
EPOCH_RECONCILED epoch=1 reporter=65A90023F6C0D2181AAA63F005D81BBC0C04650505E21D5123F9AE1F9E992BFF complete=true entries=157 total=157 symbols=0 dropped=false t=1791451302076
EPOCH_CLOSE_READY epoch=1 t=1791451302137
EPOCH_CLOSE_ROUND epoch=1 round=0 leader=65A90023F6C0D2181AAA63F005D81BBC0C04650505E21D5123F9AE1F9E992BFF leads=false t=1791451302137
EPOCH_CLOSE_READY epoch=1 t=1791451302242
EPOCH_CLOSE_ROUND epoch=1 round=0 leader=65A90023F6C0D2181AAA63F005D81BBC0C04650505E21D5123F9AE1F9E992BFF leads=false t=1791451302242
EPOCH_CLOSE_READY epoch=1 t=1791451302246
EPOCH_CLOSE_ROUND epoch=1 round=0 leader=65A90023F6C0D2181AAA63F005D81BBC0C04650505E21D5123F9AE1F9E992BFF leads=false t=1791451302246
EPOCH_PROPOSED epoch=1 round=0 value=724BB16C326C962475A54AAACECE35B685E09C03CC83FF7590E002264F37E8AD state=927DC18A281C09C5BE04978DA79F4DE6623BFB1BD963C43ED885F003B005CE01 reports=5 t=1791451302455
EPOCH_VALUE epoch=1 value=724BB16C326C962475A54AAACECE35B685E09C03CC83FF7590E002264F37E8AD state=927DC18A281C09C5BE04978DA79F4DE6623BFB1BD963C43ED885F003B005CE01 t=1791451302456
EPOCH_CLOSE_ROUND epoch=1 round=0 leader=65A90023F6C0D2181AAA63F005D81BBC0C04650505E21D5123F9AE1F9E992BFF leads=true t=1791451302456
EPOCH_VALUE epoch=1 value=724BB16C326C962475A54AAACECE35B685E09C03CC83FF7590E002264F37E8AD state=927DC18A281C09C5BE04978DA79F4DE6623BFB1BD963C43ED885F003B005CE01 t=1791451302897
EPOCH_VALUE epoch=1 value=724BB16C326C962475A54AAACECE35B685E09C03CC83FF7590E002264F37E8AD state=927DC18A281C09C5BE04978DA79F4DE6623BFB1BD963C43ED885F003B005CE01 t=1791451302912
EPOCH_VALUE epoch=1 value=724BB16C326C962475A54AAACECE35B685E09C03CC83FF7590E002264F37E8AD state=927DC18A281C09C5BE04978DA79F4DE6623BFB1BD963C43ED885F003B005CE01 t=1791451302925
2026-10-08T09:21:42.991906Z  INFO nanospam::app: Confirmed 35,404 blocks | 2,000 bps | 2,309 cps | avg conf time: 158 ms
EPOCH_VALUE epoch=1 value=724BB16C326C962475A54AAACECE35B685E09C03CC83FF7590E002264F37E8AD state=927DC18A281C09C5BE04978DA79F4DE6623BFB1BD963C43ED885F003B005CE01 t=1791451303005
EPOCH_VALUE epoch=1 value=724BB16C326C962475A54AAACECE35B685E09C03CC83FF7590E002264F37E8AD state=927DC18A281C09C5BE04978DA79F4DE6623BFB1BD963C43ED885F003B005CE01 t=1791451303224
EPOCH_INSTALL epoch=1 finalized=15282 instances_confirmed=3 t=1791451303256
EPOCH_LATE_NOTAR epoch=1 blocks=4585 notarized=4469 cast=7259 t=1791451303257
EPOCH_GATE epoch=2 released=202 finalized=0 t=1791451303257
EPOCH_INSTALL epoch=1 finalized=15282 instances_confirmed=3 t=1791451303265
EPOCH_LATE_NOTAR epoch=1 blocks=4585 notarized=4469 cast=7304 t=1791451303266
EPOCH_GATE epoch=2 released=201 finalized=0 t=1791451303267
EPOCH_INSTALL epoch=1 finalized=15282 instances_confirmed=3 t=1791451303268
EPOCH_INSTALL epoch=1 finalized=15282 instances_confirmed=3 t=1791451303268
EPOCH_LATE_NOTAR epoch=1 blocks=4585 notarized=4469 cast=6955 t=1791451303269
EPOCH_LATE_NOTAR epoch=1 blocks=4585 notarized=4469 cast=7352 t=1791451303269
EPOCH_GATE epoch=2 released=201 finalized=0 t=1791451303269
EPOCH_GATE epoch=2 released=203 finalized=0 t=1791451303270
EPOCH_INSTALL epoch=1 finalized=15282 instances_confirmed=3 t=1791451303279
EPOCH_LATE_NOTAR epoch=1 blocks=4585 notarized=4448 cast=7037 t=1791451303280
EPOCH_GATE epoch=2 released=176 finalized=0 t=1791451303280
EPOCH_INSTALL epoch=1 finalized=15282 instances_confirmed=3 t=1791451303282
EPOCH_LATE_NOTAR epoch=1 blocks=4621 notarized=4567 cast=7013 t=1791451303285
EPOCH_GATE epoch=2 released=182 finalized=0 t=1791451303286
EPOCH_COMMITTEE derived_by=1 members=6 accounts=13220 n=6 digest=95D409445152DD075E6A4799205DFA5689496EB8EE1A22AC2A200B9DBC2DCF27 shares=["735FE217:16.7%", "A353E45E:16.7%", "D315857C:16.7%", "911999B2:16.7%", "633D9D61:16.7%", "65A90023:16.7%"] t=1791451303305
EPOCH_LOCKS epoch=1 continued=0 kinds={"locks=1 kind=Some(Recovery) nc_here=false saved=true": 4, "locks=1 kind=Some(Recovery) nc_here=true saved=true": 6} t=1791451303305
EPOCH_OMITTED epoch=1 instances=26 retained=10 t=1791451303305
EPOCH_CLOSED epoch=1 round=0 value=724BB16C326C962475A54AAACECE35B685E09C03CC83FF7590E002264F37E8AD state=927DC18A281C09C5BE04978DA79F4DE6623BFB1BD963C43ED885F003B005CE01 t=1791451303305
EPOCH_COMMITTEE derived_by=1 members=6 accounts=13220 n=6 digest=95D409445152DD075E6A4799205DFA5689496EB8EE1A22AC2A200B9DBC2DCF27 shares=["735FE217:16.7%", "A353E45E:16.7%", "D315857C:16.7%", "911999B2:16.7%", "633D9D61:16.7%", "65A90023:16.7%"] t=1791451303308
EPOCH_LOCKS epoch=1 continued=0 kinds={"locks=1 kind=Some(Recovery) nc_here=false saved=true": 4, "locks=1 kind=Some(Recovery) nc_here=true saved=true": 6} t=1791451303308
EPOCH_OMITTED epoch=1 instances=26 retained=10 t=1791451303308
EPOCH_CLOSED epoch=1 round=0 value=724BB16C326C962475A54AAACECE35B685E09C03CC83FF7590E002264F37E8AD state=927DC18A281C09C5BE04978DA79F4DE6623BFB1BD963C43ED885F003B005CE01 t=1791451303308
EPOCH_COMMITTEE derived_by=1 members=6 accounts=13220 n=6 digest=95D409445152DD075E6A4799205DFA5689496EB8EE1A22AC2A200B9DBC2DCF27 shares=["735FE217:16.7%", "A353E45E:16.7%", "D315857C:16.7%", "911999B2:16.7%", "633D9D61:16.7%", "65A90023:16.7%"] t=1791451303320
EPOCH_LOCKS epoch=1 continued=0 kinds={"locks=1 kind=Some(Recovery) nc_here=false saved=true": 4, "locks=1 kind=Some(Recovery) nc_here=true saved=true": 6} t=1791451303320
EPOCH_OMITTED epoch=1 instances=26 retained=10 t=1791451303320
EPOCH_CLOSED epoch=1 round=0 value=724BB16C326C962475A54AAACECE35B685E09C03CC83FF7590E002264F37E8AD state=927DC18A281C09C5BE04978DA79F4DE6623BFB1BD963C43ED885F003B005CE01 t=1791451303320
EPOCH_COMMITTEE derived_by=1 members=6 accounts=13220 n=6 digest=95D409445152DD075E6A4799205DFA5689496EB8EE1A22AC2A200B9DBC2DCF27 shares=["735FE217:16.7%", "A353E45E:16.7%", "D315857C:16.7%", "911999B2:16.7%", "633D9D61:16.7%", "65A90023:16.7%"] t=1791451303321
EPOCH_LOCKS epoch=1 continued=0 kinds={"locks=1 kind=Some(Recovery) nc_here=false saved=true": 4, "locks=1 kind=Some(Recovery) nc_here=true saved=true": 6} t=1791451303321
EPOCH_OMITTED epoch=1 instances=26 retained=10 t=1791451303321
EPOCH_CLOSED epoch=1 round=0 value=724BB16C326C962475A54AAACECE35B685E09C03CC83FF7590E002264F37E8AD state=927DC18A281C09C5BE04978DA79F4DE6623BFB1BD963C43ED885F003B005CE01 t=1791451303321
EPOCH_INSTALLED epoch=1 finalized=15282 cemented=15282 queued=0 missing=0 t=1791451303357
EPOCH_RETAINED epoch=1 retained=157 held=157 missing=0 t=1791451303358
EPOCH_INSTALLED epoch=1 finalized=15282 cemented=15282 queued=0 missing=0 t=1791451303368
EPOCH_RETAINED epoch=1 retained=157 held=157 missing=0 t=1791451303368
EPOCH_INSTALLED epoch=1 finalized=15282 cemented=15282 queued=0 missing=0 t=1791451303394
EPOCH_RETAINED epoch=1 retained=157 held=157 missing=0 t=1791451303394
EPOCH_COMMITTEE derived_by=1 members=6 accounts=13220 n=6 digest=95D409445152DD075E6A4799205DFA5689496EB8EE1A22AC2A200B9DBC2DCF27 shares=["735FE217:16.7%", "A353E45E:16.7%", "D315857C:16.7%", "911999B2:16.7%", "633D9D61:16.7%", "65A90023:16.7%"] t=1791451303412
EPOCH_LOCKS epoch=1 continued=0 kinds={"locks=1 kind=Some(Recovery) nc_here=false saved=true": 4, "locks=1 kind=Some(Recovery) nc_here=true saved=true": 6} t=1791451303412
EPOCH_OMITTED epoch=1 instances=26 retained=10 t=1791451303412
EPOCH_CLOSED epoch=1 round=0 value=724BB16C326C962475A54AAACECE35B685E09C03CC83FF7590E002264F37E8AD state=927DC18A281C09C5BE04978DA79F4DE6623BFB1BD963C43ED885F003B005CE01 t=1791451303412
EPOCH_COMMITTEE derived_by=1 members=6 accounts=13220 n=6 digest=95D409445152DD075E6A4799205DFA5689496EB8EE1A22AC2A200B9DBC2DCF27 shares=["735FE217:16.7%", "A353E45E:16.7%", "D315857C:16.7%", "911999B2:16.7%", "633D9D61:16.7%", "65A90023:16.7%"] t=1791451303471
EPOCH_LOCKS epoch=1 continued=0 kinds={"locks=1 kind=Some(Recovery) nc_here=false saved=true": 4, "locks=1 kind=Some(Recovery) nc_here=true saved=true": 6} t=1791451303472
EPOCH_OMITTED epoch=1 instances=26 retained=10 t=1791451303472
EPOCH_CLOSED epoch=1 round=0 value=724BB16C326C962475A54AAACECE35B685E09C03CC83FF7590E002264F37E8AD state=927DC18A281C09C5BE04978DA79F4DE6623BFB1BD963C43ED885F003B005CE01 t=1791451303472
EPOCH_INSTALLED epoch=1 finalized=15282 cemented=15282 queued=0 missing=0 t=1791451303631
EPOCH_RETAINED epoch=1 retained=157 held=157 missing=0 t=1791451303631
EPOCH_EVIDENCE_RELEASED epoch=1 t=1791451303863
EPOCH_EVIDENCE_RELEASED epoch=1 t=1791451303880
EPOCH_INSTALLED epoch=1 finalized=15282 cemented=15282 queued=0 missing=0 t=1791451303902
EPOCH_RETAINED epoch=1 retained=157 held=157 missing=0 t=1791451303903
EPOCH_EVIDENCE_RELEASED epoch=1 t=1791451303907
2026-10-08T09:21:43.992831Z  INFO nanospam::app: Confirmed 36,723 blocks | 2,000 bps | 1,317 cps | avg conf time: 220 ms
EPOCH_EVIDENCE_RELEASED epoch=1 t=1791451304057
EPOCH_INSTALLED epoch=1 finalized=15282 cemented=15282 queued=0 missing=0 t=1791451304094
EPOCH_RETAINED epoch=1 retained=157 held=157 missing=0 t=1791451304098
EPOCH_EVIDENCE_RELEASED epoch=1 t=1791451304240
EPOCH_EVIDENCE_RELEASED epoch=1 t=1791451304416
2026-10-08T09:21:44.993797Z  INFO nanospam::app: Confirmed 39,122 blocks | 2,000 bps | 2,396 cps | avg conf time: 293 ms
2026-10-08T09:21:45.994810Z  INFO nanospam::app: Confirmed 41,113 blocks | 2,000 bps | 1,988 cps | avg conf time: 93 ms
2026-10-08T09:21:46.995817Z  INFO nanospam::app: Confirmed 43,056 blocks | 2,000 bps | 1,940 cps | avg conf time: 97 ms
2026-10-08T09:21:47.997339Z  INFO nanospam::app: Confirmed 44,897 blocks | 2,000 bps | 1,838 cps | avg conf time: 96 ms
2026-10-08T09:21:48.038932Z  INFO nanospam::app: Confirming 45000 blocks took 23.08s
2026-10-08T09:21:48.038994Z  INFO nanospam::app: Confirmation rate: 1949 cps
2026-10-08T09:21:48.039007Z  INFO nanospam::app: Average conf time: 131 ms
2026-10-08T09:21:48.039020Z  INFO nanospam::app: Non-fork confirmation rate: 1949 cps (45000 of 45000 non-fork blocks, 0 of 0 forks)
2026-10-08T09:21:48.039252Z  INFO nanospam::app: RAI_BENCH_METRICS {"created":45000,"confirmed":45000,"duration_secs":23.078480833,"confirmation_unit":"primary publication or its confirmed fork alternative","alternative_confirmed":0,"confirmation_histogram_ms":{"36":1,"43":2,"44":2,"45":2,"46":2,"47":3,"48":3,"49":12,"50":7,"51":15,"52":15,"53":13,"54":20,"55":30,"56":33,"57":46,"58":47,"59":53,"60":69,"61":83,"62":102,"63":129,"64":160,"65":166,"66":172,"67":216,"68":229,"69":282,"70":276,"71":348,"72":348,"73":406,"74":428,"75":396,"76":423,"77":417,"78":471,"79":472,"80":488,"81":463,"82":504,"83":509,"84":514,"85":530,"86":545,"87":545,"88":626,"89":609,"90":638,"91":711,"92":746,"93":716,"94":754,"95":803,"96":828,"97":846,"98":896,"99":940,"100":940,"101":908,"102":893,"103":882,"104":891,"105":877,"106":822,"107":782,"108":757,"109":722,"110":682,"111":698,"112":599,"113":560,"114":519,"115":465,"116":452,"117":398,"118":359,"119":327,"120":285,"121":281,"122":255,"123":197,"124":206,"125":165,"126":152,"127":158,"128":157,"129":143,"130":120,"131":123,"132":115,"133":104,"134":108,"135":107,"136":109,"137":92,"138":119,"139":117,"140":94,"141":118,"142":91,"143":97,"144":86,"145":86,"146":81,"147":72,"148":62,"149":76,"150":97,"151":96,"152":108,"153":74,"154":103,"155":77,"156":72,"157":64,"158":85,"159":63,"160":68,"161":66,"162":79,"163":76,"164":50,"165":70,"166":64,"167":47,"168":85,"169":77,"170":65,"171":64,"172":56,"173":71,"174":75,"175":71,"176":40,"177":39,"178":37,"179":37,"180":39,"181":36,"182":43,"183":29,"184":31,"185":37,"186":41,"187":53,"188":38,"189":30,"190":36,"191":47,"192":29,"193":40,"194":27,"195":29,"196":23,"197":40,"198":28,"199":20,"200":28,"201":35,"202":38,"203":26,"204":33,"205":35,"206":36,"207":44,"208":40,"209":49,"210":45,"211":36,"212":47,"213":57,"214":32,"215":32,"216":35,"217":28,"218":34,"219":35,"220":41,"221":47,"222":42,"223":28,"224":34,"225":39,"226":38,"227":28,"228":33,"229":40,"230":47,"231":48,"232":55,"233":53,"234":45,"235":31,"236":18,"237":36,"238":28,"239":46,"240":41,"241":43,"242":36,"243":27,"244":35,"245":31,"246":30,"247":24,"248":24,"249":44,"250":49,"251":34,"252":38,"253":19,"254":30,"255":28,"256":31,"257":24,"258":25,"259":28,"260":22,"261":12,"262":23,"263":17,"264":26,"265":25,"266":22,"267":26,"268":28,"269":33,"270":28,"271":15,"272":24,"273":16,"274":23,"275":35,"276":27,"277":20,"278":38,"279":42,"280":32,"281":20,"282":26,"283":25,"284":22,"285":39,"286":43,"287":36,"288":32,"289":15,"290":14,"291":11,"292":12,"293":16,"294":48,"295":21,"296":13,"297":24,"298":25,"299":15,"300":17,"301":10,"302":18,"303":26,"304":32,"305":24,"306":12,"307":11,"308":12,"309":21,"310":12,"311":14,"312":10,"313":25,"314":10,"315":16,"316":13,"317":19,"318":30,"319":11,"320":12,"321":5,"322":21,"323":22,"324":15,"325":27,"326":18,"327":22,"328":43,"329":16,"330":39,"331":42,"332":18,"333":9,"334":18,"335":14,"336":49,"337":18,"338":15,"339":4,"340":7,"341":5,"342":6,"343":8,"344":14,"345":13,"346":7,"347":12,"348":7,"349":8,"350":6,"351":12,"352":11,"353":9,"354":8,"355":10,"356":9,"357":9,"358":12,"359":13,"360":8,"361":10,"362":9,"363":9,"364":10,"365":6,"366":9,"367":16,"368":16,"369":10,"370":11,"371":9,"372":8,"373":8,"374":13,"375":9,"376":7,"377":10,"378":10,"379":12,"380":9,"381":9,"382":10,"383":11,"384":12,"385":9,"386":12,"387":12,"388":9,"389":10,"390":24,"391":11,"392":10,"393":11,"394":7,"395":6,"396":12,"397":18,"398":10,"399":13,"400":8,"401":8,"402":4,"403":9,"404":7,"405":16,"406":12,"407":15,"408":24,"409":21,"410":19,"411":21,"412":25,"413":14,"414":17,"415":13,"416":9,"417":5,"418":6,"419":9,"420":7,"421":14,"422":2,"423":4,"424":2,"425":4,"426":7,"427":3,"428":9,"429":12,"430":11,"431":10,"432":8,"433":12,"434":8,"435":3,"436":4,"437":5,"438":8,"439":8,"440":5,"441":5,"442":6,"443":6,"444":5,"445":7,"446":10,"447":6,"448":10,"449":6,"450":1,"451":5,"452":14,"453":9,"454":6,"455":7,"456":3,"457":1,"458":3,"459":1,"460":3,"461":2,"462":1,"463":3,"464":1,"465":3,"466":1,"468":1,"469":3,"470":3,"471":3,"472":3,"473":3,"474":4,"475":3,"476":5,"477":2,"478":4,"479":4,"480":2,"481":1,"482":1,"483":3,"484":2,"485":2,"486":1,"487":1,"488":2,"489":1,"490":2,"491":2,"492":2,"493":8,"494":9,"495":4,"496":3,"497":1,"498":2,"499":2,"500":4,"501":7,"502":3,"503":6,"504":1,"505":4,"507":3,"508":3,"509":3,"510":7,"511":4,"512":9,"513":9,"514":5,"515":4,"516":5,"517":8,"518":6,"519":4,"520":3,"521":11,"522":2,"523":1,"524":6,"525":2,"526":6,"527":6,"528":1,"529":9,"530":10,"531":4,"532":5,"533":6,"534":8,"535":4,"536":4,"537":4,"538":3,"539":1,"540":5,"541":6,"542":5,"586":1,"588":1,"591":1,"594":1,"595":1,"598":1,"602":1,"603":1,"605":1,"607":1,"610":2,"611":1,"617":1,"618":1,"620":1,"622":1,"624":1,"628":1,"629":1,"633":1,"637":2,"640":1,"644":1,"645":1,"648":1,"650":1,"655":1,"658":1,"700":1,"727":1,"737":3,"738":6,"739":6,"740":6,"742":2,"743":2,"745":1,"747":2,"748":1,"749":1,"750":1,"751":1,"752":1,"753":1,"754":1,"755":1,"756":1,"758":1,"761":1,"763":1,"766":2,"768":1,"769":1,"772":3,"774":2,"778":2,"779":1,"781":1,"787":1,"788":1,"803":2,"812":1,"829":1,"847":1,"848":5,"849":2,"857":2,"858":3,"859":1,"860":2,"861":1,"862":4,"863":3,"864":3,"866":2,"867":2,"868":3,"869":3,"870":3,"871":4,"872":3,"873":3,"876":3,"877":4,"878":3,"879":2,"880":3,"881":4,"882":2,"883":1,"887":1,"893":1,"894":1,"896":2,"901":1,"908":1,"910":1,"1007":2,"1008":1,"1009":3,"1010":2,"1011":1,"1012":3,"1014":2,"1015":1,"1016":2,"1017":1,"1018":3,"1019":1,"1020":1,"1021":3,"1022":1,"1023":2,"1024":1,"1025":2,"1026":2,"1027":2,"1028":2,"1029":2,"1030":2,"1031":1,"1032":2,"1033":2,"1034":3,"1036":3,"1037":1,"1038":3,"1039":1,"1040":3,"1041":2,"1042":2,"1043":3,"1044":1,"1045":1,"1046":2,"1258":1,"1430":1},"nonfork_created":45000,"nonfork_confirmed":45000,"nonfork_histogram_ms":{"36":1,"43":2,"44":2,"45":2,"46":2,"47":3,"48":3,"49":12,"50":7,"51":15,"52":15,"53":13,"54":20,"55":30,"56":33,"57":46,"58":47,"59":53,"60":69,"61":83,"62":102,"63":129,"64":160,"65":166,"66":172,"67":216,"68":229,"69":282,"70":276,"71":348,"72":348,"73":406,"74":428,"75":396,"76":423,"77":417,"78":471,"79":472,"80":488,"81":463,"82":504,"83":509,"84":514,"85":530,"86":545,"87":545,"88":626,"89":609,"90":638,"91":711,"92":746,"93":716,"94":754,"95":803,"96":828,"97":846,"98":896,"99":940,"100":940,"101":908,"102":893,"103":882,"104":891,"105":877,"106":822,"107":782,"108":757,"109":722,"110":682,"111":698,"112":599,"113":560,"114":519,"115":465,"116":452,"117":398,"118":359,"119":327,"120":285,"121":281,"122":255,"123":197,"124":206,"125":165,"126":152,"127":158,"128":157,"129":143,"130":120,"131":123,"132":115,"133":104,"134":108,"135":107,"136":109,"137":92,"138":119,"139":117,"140":94,"141":118,"142":91,"143":97,"144":86,"145":86,"146":81,"147":72,"148":62,"149":76,"150":97,"151":96,"152":108,"153":74,"154":103,"155":77,"156":72,"157":64,"158":85,"159":63,"160":68,"161":66,"162":79,"163":76,"164":50,"165":70,"166":64,"167":47,"168":85,"169":77,"170":65,"171":64,"172":56,"173":71,"174":75,"175":71,"176":40,"177":39,"178":37,"179":37,"180":39,"181":36,"182":43,"183":29,"184":31,"185":37,"186":41,"187":53,"188":38,"189":30,"190":36,"191":47,"192":29,"193":40,"194":27,"195":29,"196":23,"197":40,"198":28,"199":20,"200":28,"201":35,"202":38,"203":26,"204":33,"205":35,"206":36,"207":44,"208":40,"209":49,"210":45,"211":36,"212":47,"213":57,"214":32,"215":32,"216":35,"217":28,"218":34,"219":35,"220":41,"221":47,"222":42,"223":28,"224":34,"225":39,"226":38,"227":28,"228":33,"229":40,"230":47,"231":48,"232":55,"233":53,"234":45,"235":31,"236":18,"237":36,"238":28,"239":46,"240":41,"241":43,"242":36,"243":27,"244":35,"245":31,"246":30,"247":24,"248":24,"249":44,"250":49,"251":34,"252":38,"253":19,"254":30,"255":28,"256":31,"257":24,"258":25,"259":28,"260":22,"261":12,"262":23,"263":17,"264":26,"265":25,"266":22,"267":26,"268":28,"269":33,"270":28,"271":15,"272":24,"273":16,"274":23,"275":35,"276":27,"277":20,"278":38,"279":42,"280":32,"281":20,"282":26,"283":25,"284":22,"285":39,"286":43,"287":36,"288":32,"289":15,"290":14,"291":11,"292":12,"293":16,"294":48,"295":21,"296":13,"297":24,"298":25,"299":15,"300":17,"301":10,"302":18,"303":26,"304":32,"305":24,"306":12,"307":11,"308":12,"309":21,"310":12,"311":14,"312":10,"313":25,"314":10,"315":16,"316":13,"317":19,"318":30,"319":11,"320":12,"321":5,"322":21,"323":22,"324":15,"325":27,"326":18,"327":22,"328":43,"329":16,"330":39,"331":42,"332":18,"333":9,"334":18,"335":14,"336":49,"337":18,"338":15,"339":4,"340":7,"341":5,"342":6,"343":8,"344":14,"345":13,"346":7,"347":12,"348":7,"349":8,"350":6,"351":12,"352":11,"353":9,"354":8,"355":10,"356":9,"357":9,"358":12,"359":13,"360":8,"361":10,"362":9,"363":9,"364":10,"365":6,"366":9,"367":16,"368":16,"369":10,"370":11,"371":9,"372":8,"373":8,"374":13,"375":9,"376":7,"377":10,"378":10,"379":12,"380":9,"381":9,"382":10,"383":11,"384":12,"385":9,"386":12,"387":12,"388":9,"389":10,"390":24,"391":11,"392":10,"393":11,"394":7,"395":6,"396":12,"397":18,"398":10,"399":13,"400":8,"401":8,"402":4,"403":9,"404":7,"405":16,"406":12,"407":15,"408":24,"409":21,"410":19,"411":21,"412":25,"413":14,"414":17,"415":13,"416":9,"417":5,"418":6,"419":9,"420":7,"421":14,"422":2,"423":4,"424":2,"425":4,"426":7,"427":3,"428":9,"429":12,"430":11,"431":10,"432":8,"433":12,"434":8,"435":3,"436":4,"437":5,"438":8,"439":8,"440":5,"441":5,"442":6,"443":6,"444":5,"445":7,"446":10,"447":6,"448":10,"449":6,"450":1,"451":5,"452":14,"453":9,"454":6,"455":7,"456":3,"457":1,"458":3,"459":1,"460":3,"461":2,"462":1,"463":3,"464":1,"465":3,"466":1,"468":1,"469":3,"470":3,"471":3,"472":3,"473":3,"474":4,"475":3,"476":5,"477":2,"478":4,"479":4,"480":2,"481":1,"482":1,"483":3,"484":2,"485":2,"486":1,"487":1,"488":2,"489":1,"490":2,"491":2,"492":2,"493":8,"494":9,"495":4,"496":3,"497":1,"498":2,"499":2,"500":4,"501":7,"502":3,"503":6,"504":1,"505":4,"507":3,"508":3,"509":3,"510":7,"511":4,"512":9,"513":9,"514":5,"515":4,"516":5,"517":8,"518":6,"519":4,"520":3,"521":11,"522":2,"523":1,"524":6,"525":2,"526":6,"527":6,"528":1,"529":9,"530":10,"531":4,"532":5,"533":6,"534":8,"535":4,"536":4,"537":4,"538":3,"539":1,"540":5,"541":6,"542":5,"586":1,"588":1,"591":1,"594":1,"595":1,"598":1,"602":1,"603":1,"605":1,"607":1,"610":2,"611":1,"617":1,"618":1,"620":1,"622":1,"624":1,"628":1,"629":1,"633":1,"637":2,"640":1,"644":1,"645":1,"648":1,"650":1,"655":1,"658":1,"700":1,"727":1,"737":3,"738":6,"739":6,"740":6,"742":2,"743":2,"745":1,"747":2,"748":1,"749":1,"750":1,"751":1,"752":1,"753":1,"754":1,"755":1,"756":1,"758":1,"761":1,"763":1,"766":2,"768":1,"769":1,"772":3,"774":2,"778":2,"779":1,"781":1,"787":1,"788":1,"803":2,"812":1,"829":1,"847":1,"848":5,"849":2,"857":2,"858":3,"859":1,"860":2,"861":1,"862":4,"863":3,"864":3,"866":2,"867":2,"868":3,"869":3,"870":3,"871":4,"872":3,"873":3,"876":3,"877":4,"878":3,"879":2,"880":3,"881":4,"882":2,"883":1,"887":1,"893":1,"894":1,"896":2,"901":1,"908":1,"910":1,"1007":2,"1008":1,"1009":3,"1010":2,"1011":1,"1012":3,"1014":2,"1015":1,"1016":2,"1017":1,"1018":3,"1019":1,"1020":1,"1021":3,"1022":1,"1023":2,"1024":1,"1025":2,"1026":2,"1027":2,"1028":2,"1029":2,"1030":2,"1031":1,"1032":2,"1033":2,"1034":3,"1036":3,"1037":1,"1038":3,"1039":1,"1040":3,"1041":2,"1042":2,"1043":3,"1044":1,"1045":1,"1046":2,"1258":1,"1430":1},"fork_created":0,"fork_confirmed":0,"fork_unresolved_at_end":0}
EPOCH_ENDED epoch=2 elections=10 active=4 t=1791451308793
EPOCH_ENDED epoch=2 elections=10 active=4 t=1791451308817
EPOCH_ENDED epoch=2 elections=10 active=4 t=1791451308826
EPOCH_ADVANCED epoch=3 elections=10 active=4 vote_records=532124 t=1791451308871
EPOCH_CLOSE_UNREADY epoch=2 short_of=reports usable=0 weight=0 required=5 held=0 theirs=[] t=1791451308877
EPOCH_ADVANCED epoch=3 elections=10 active=4 vote_records=532124 t=1791451308879
EPOCH_CLOSE_UNREADY epoch=2 short_of=reports usable=0 weight=0 required=5 held=0 theirs=[] t=1791451308885
EPOCH_ADVANCED epoch=3 elections=10 active=4 vote_records=532128 t=1791451308888
EPOCH_CLOSE_UNREADY epoch=2 short_of=reports usable=0 weight=0 required=5 held=0 theirs=[] t=1791451308893
EPOCH_ENDED epoch=2 elections=10 active=4 t=1791451308916
EPOCH_REPORT epoch=2 certified=45065 residual=0 root=81F72AEEE2FD969C4EF61AD02E29A3515351E37B2EA28CC2C2F680768EC9534F reports=1 t=1791451308953
EPOCH_ENDED epoch=2 elections=10 active=4 t=1791451308960
EPOCH_REPORT epoch=2 certified=45065 residual=0 root=81F72AEEE2FD969C4EF61AD02E29A3515351E37B2EA28CC2C2F680768EC9534F reports=1 t=1791451308962
EPOCH_ADVANCED epoch=3 elections=10 active=4 vote_records=532122 t=1791451308966
EPOCH_REPORT epoch=2 certified=45065 residual=0 root=81F72AEEE2FD969C4EF61AD02E29A3515351E37B2EA28CC2C2F680768EC9534F reports=1 t=1791451308971
EPOCH_ADVANCED epoch=3 elections=10 active=4 vote_records=532123 t=1791451309006
EPOCH_RECONCILED epoch=2 reporter=D315857CE70C54DE713F6E82E5613BB3A1266C15E28AD2F4338C7BBEC456F532 complete=true entries=0 total=45065 symbols=0 dropped=false t=1791451309027
EPOCH_RECONCILED epoch=2 reporter=65A90023F6C0D2181AAA63F005D81BBC0C04650505E21D5123F9AE1F9E992BFF complete=true entries=0 total=45065 symbols=0 dropped=false t=1791451309029
EPOCH_ENDED epoch=2 elections=10 active=4 t=1791451309034
EPOCH_REPORT epoch=2 certified=45065 residual=0 root=81F72AEEE2FD969C4EF61AD02E29A3515351E37B2EA28CC2C2F680768EC9534F reports=1 t=1791451309042
EPOCH_RECONCILED epoch=2 reporter=735FE217D91E88EA82324C5883296385FA0041C2FAC85C827BAA46DA1E14B83F complete=true entries=0 total=45065 symbols=0 dropped=false t=1791451309070
EPOCH_CLOSE_UNREADY epoch=2 short_of=reports usable=3 weight=3 required=5 held=3 theirs=["D315857C:81F72AEE:D7A011D4", "65A90023:81F72AEE:D7A011D4", "735FE217:81F72AEE:D7A011D4"] t=1791451309073
EPOCH_RECONCILED epoch=2 reporter=65A90023F6C0D2181AAA63F005D81BBC0C04650505E21D5123F9AE1F9E992BFF complete=true entries=0 total=45065 symbols=0 dropped=false t=1791451309081
EPOCH_REPORT epoch=2 certified=45065 residual=0 root=81F72AEEE2FD969C4EF61AD02E29A3515351E37B2EA28CC2C2F680768EC9534F reports=1 t=1791451309083
EPOCH_RECONCILED epoch=2 reporter=D315857CE70C54DE713F6E82E5613BB3A1266C15E28AD2F4338C7BBEC456F532 complete=true entries=0 total=45065 symbols=0 dropped=false t=1791451309084
EPOCH_ADVANCED epoch=3 elections=10 active=4 vote_records=532124 t=1791451309087
EPOCH_CLOSE_UNREADY epoch=2 short_of=reports usable=4 weight=4 required=5 held=4 theirs=["D315857C:81F72AEE:D7A011D4", "633D9D61:81F72AEE:D7A011D4", "65A90023:81F72AEE:D7A011D4", "735FE217:81F72AEE:D7A011D4"] t=1791451309135
EPOCH_RECONCILED epoch=2 reporter=911999B2AEFA7ACC66EBD802B3301FF6CE431405107749D940277955CB7FDD07 complete=true entries=0 total=45065 symbols=0 dropped=false t=1791451309146
EPOCH_RECONCILED epoch=2 reporter=65A90023F6C0D2181AAA63F005D81BBC0C04650505E21D5123F9AE1F9E992BFF complete=true entries=0 total=45065 symbols=0 dropped=false t=1791451309149
EPOCH_RECONCILED epoch=2 reporter=735FE217D91E88EA82324C5883296385FA0041C2FAC85C827BAA46DA1E14B83F complete=true entries=0 total=45065 symbols=0 dropped=false t=1791451309152
EPOCH_RECONCILED epoch=2 reporter=735FE217D91E88EA82324C5883296385FA0041C2FAC85C827BAA46DA1E14B83F complete=true entries=0 total=45065 symbols=0 dropped=false t=1791451309153
EPOCH_RECONCILED epoch=2 reporter=633D9D614858AB1710D5D8C3180E2A082DC97208BA8C26BA6C6D1A86C8E31CC0 complete=true entries=0 total=45065 symbols=0 dropped=false t=1791451309154
EPOCH_REPORT epoch=2 certified=45065 residual=0 root=81F72AEEE2FD969C4EF61AD02E29A3515351E37B2EA28CC2C2F680768EC9534F reports=1 t=1791451309167
EPOCH_RECONCILED epoch=2 reporter=911999B2AEFA7ACC66EBD802B3301FF6CE431405107749D940277955CB7FDD07 complete=true entries=0 total=45065 symbols=0 dropped=false t=1791451309168
EPOCH_RECONCILED epoch=2 reporter=633D9D614858AB1710D5D8C3180E2A082DC97208BA8C26BA6C6D1A86C8E31CC0 complete=true entries=0 total=45065 symbols=0 dropped=false t=1791451309171
EPOCH_RECONCILED epoch=2 reporter=D315857CE70C54DE713F6E82E5613BB3A1266C15E28AD2F4338C7BBEC456F532 complete=true entries=0 total=45065 symbols=0 dropped=false t=1791451309173
EPOCH_RECONCILED epoch=2 reporter=65A90023F6C0D2181AAA63F005D81BBC0C04650505E21D5123F9AE1F9E992BFF complete=true entries=0 total=45065 symbols=0 dropped=false t=1791451309176
EPOCH_RECONCILED epoch=2 reporter=D315857CE70C54DE713F6E82E5613BB3A1266C15E28AD2F4338C7BBEC456F532 complete=true entries=0 total=45065 symbols=0 dropped=false t=1791451309181
EPOCH_RECONCILED epoch=2 reporter=735FE217D91E88EA82324C5883296385FA0041C2FAC85C827BAA46DA1E14B83F complete=true entries=0 total=45065 symbols=0 dropped=false t=1791451309184
EPOCH_RECONCILED epoch=2 reporter=911999B2AEFA7ACC66EBD802B3301FF6CE431405107749D940277955CB7FDD07 complete=true entries=0 total=45065 symbols=0 dropped=false t=1791451309187
EPOCH_RECONCILED epoch=2 reporter=633D9D614858AB1710D5D8C3180E2A082DC97208BA8C26BA6C6D1A86C8E31CC0 complete=true entries=0 total=45065 symbols=0 dropped=false t=1791451309190
EPOCH_RECONCILED epoch=2 reporter=65A90023F6C0D2181AAA63F005D81BBC0C04650505E21D5123F9AE1F9E992BFF complete=true entries=0 total=45065 symbols=0 dropped=false t=1791451309191
EPOCH_RECONCILED epoch=2 reporter=633D9D614858AB1710D5D8C3180E2A082DC97208BA8C26BA6C6D1A86C8E31CC0 complete=true entries=0 total=45065 symbols=0 dropped=false t=1791451309194
EPOCH_RECONCILED epoch=2 reporter=911999B2AEFA7ACC66EBD802B3301FF6CE431405107749D940277955CB7FDD07 complete=true entries=0 total=45065 symbols=0 dropped=false t=1791451309196
EPOCH_RECONCILED epoch=2 reporter=D315857CE70C54DE713F6E82E5613BB3A1266C15E28AD2F4338C7BBEC456F532 complete=true entries=0 total=45065 symbols=0 dropped=false t=1791451309199
EPOCH_CLOSE_READY epoch=2 t=1791451309229
EPOCH_CLOSE_READY epoch=2 t=1791451309260
EPOCH_CLOSE_READY epoch=2 t=1791451309264
EPOCH_CLOSE_READY epoch=2 t=1791451309264
EPOCH_RECONCILED epoch=2 reporter=735FE217D91E88EA82324C5883296385FA0041C2FAC85C827BAA46DA1E14B83F complete=true entries=0 total=45065 symbols=0 dropped=false t=1791451309273
EPOCH_RECONCILED epoch=2 reporter=911999B2AEFA7ACC66EBD802B3301FF6CE431405107749D940277955CB7FDD07 complete=true entries=0 total=45065 symbols=0 dropped=false t=1791451309275
EPOCH_RECONCILED epoch=2 reporter=A353E45E6D0016CAEED0DFA4EC5B0640E2AA22A793F9F2375E77F1AB92977C04 complete=true entries=0 total=45065 symbols=0 dropped=false t=1791451309278
EPOCH_RECONCILED epoch=2 reporter=A353E45E6D0016CAEED0DFA4EC5B0640E2AA22A793F9F2375E77F1AB92977C04 complete=true entries=0 total=45065 symbols=0 dropped=false t=1791451309313
EPOCH_RECONCILED epoch=2 reporter=633D9D614858AB1710D5D8C3180E2A082DC97208BA8C26BA6C6D1A86C8E31CC0 complete=true entries=0 total=45065 symbols=0 dropped=false t=1791451309315
EPOCH_CLOSE_READY epoch=2 t=1791451309328
EPOCH_CLOSE_ROUND epoch=2 round=0 leader=735FE217D91E88EA82324C5883296385FA0041C2FAC85C827BAA46DA1E14B83F leads=false t=1791451309339
EPOCH_CLOSE_READY epoch=2 t=1791451309347
EPOCH_CLOSE_ROUND epoch=2 round=0 leader=735FE217D91E88EA82324C5883296385FA0041C2FAC85C827BAA46DA1E14B83F leads=false t=1791451309399
EPOCH_CLOSE_ROUND epoch=2 round=0 leader=735FE217D91E88EA82324C5883296385FA0041C2FAC85C827BAA46DA1E14B83F leads=false t=1791451309422
EPOCH_PROPOSED epoch=2 round=0 value=8AD8BD07E3A2FB54B786A5422550F419FA5413F537CA567B1B97EE07A1FB1C68 state=F02DDCE25BE31FF4F0BF3DC1FA3845F985EB2BF81C59B6AB8C3D1536AAA10767 reports=5 t=1791451309426
EPOCH_VALUE epoch=2 value=8AD8BD07E3A2FB54B786A5422550F419FA5413F537CA567B1B97EE07A1FB1C68 state=F02DDCE25BE31FF4F0BF3DC1FA3845F985EB2BF81C59B6AB8C3D1536AAA10767 t=1791451309426
EPOCH_CLOSE_ROUND epoch=2 round=0 leader=735FE217D91E88EA82324C5883296385FA0041C2FAC85C827BAA46DA1E14B83F leads=true t=1791451309427
EPOCH_RECONCILED epoch=2 reporter=A353E45E6D0016CAEED0DFA4EC5B0640E2AA22A793F9F2375E77F1AB92977C04 complete=true entries=0 total=45065 symbols=0 dropped=false t=1791451309446
EPOCH_RECONCILED epoch=2 reporter=A353E45E6D0016CAEED0DFA4EC5B0640E2AA22A793F9F2375E77F1AB92977C04 complete=true entries=0 total=45065 symbols=0 dropped=false t=1791451309488
EPOCH_CLOSE_ROUND epoch=2 round=0 leader=735FE217D91E88EA82324C5883296385FA0041C2FAC85C827BAA46DA1E14B83F leads=false t=1791451309526
EPOCH_CLOSE_ROUND epoch=2 round=0 leader=735FE217D91E88EA82324C5883296385FA0041C2FAC85C827BAA46DA1E14B83F leads=false t=1791451309570
EPOCH_VALUE epoch=2 value=8AD8BD07E3A2FB54B786A5422550F419FA5413F537CA567B1B97EE07A1FB1C68 state=F02DDCE25BE31FF4F0BF3DC1FA3845F985EB2BF81C59B6AB8C3D1536AAA10767 t=1791451309652
EPOCH_VALUE epoch=2 value=8AD8BD07E3A2FB54B786A5422550F419FA5413F537CA567B1B97EE07A1FB1C68 state=F02DDCE25BE31FF4F0BF3DC1FA3845F985EB2BF81C59B6AB8C3D1536AAA10767 t=1791451309656
EPOCH_VALUE epoch=2 value=8AD8BD07E3A2FB54B786A5422550F419FA5413F537CA567B1B97EE07A1FB1C68 state=F02DDCE25BE31FF4F0BF3DC1FA3845F985EB2BF81C59B6AB8C3D1536AAA10767 t=1791451309667
EPOCH_VALUE epoch=2 value=8AD8BD07E3A2FB54B786A5422550F419FA5413F537CA567B1B97EE07A1FB1C68 state=F02DDCE25BE31FF4F0BF3DC1FA3845F985EB2BF81C59B6AB8C3D1536AAA10767 t=1791451309679
EPOCH_VALUE epoch=2 value=8AD8BD07E3A2FB54B786A5422550F419FA5413F537CA567B1B97EE07A1FB1C68 state=F02DDCE25BE31FF4F0BF3DC1FA3845F985EB2BF81C59B6AB8C3D1536AAA10767 t=1791451309689
EPOCH_INSTALL epoch=2 finalized=13748 instances_confirmed=10 t=1791451309784
EPOCH_INSTALL epoch=2 finalized=13748 instances_confirmed=10 t=1791451309788
EPOCH_INSTALL epoch=2 finalized=13748 instances_confirmed=10 t=1791451309791
EPOCH_INSTALL epoch=2 finalized=13748 instances_confirmed=10 t=1791451309794
EPOCH_INSTALL epoch=2 finalized=13748 instances_confirmed=10 t=1791451309796
EPOCH_INSTALL epoch=2 finalized=13748 instances_confirmed=10 t=1791451309803
EPOCH_COMMITTEE derived_by=2 members=6 accounts=17723 n=6 digest=95D409445152DD075E6A4799205DFA5689496EB8EE1A22AC2A200B9DBC2DCF27 shares=["735FE217:16.7%", "A353E45E:16.7%", "D315857C:16.7%", "911999B2:16.7%", "633D9D61:16.7%", "65A90023:16.7%"] t=1791451309806
EPOCH_CLOSED epoch=2 round=0 value=8AD8BD07E3A2FB54B786A5422550F419FA5413F537CA567B1B97EE07A1FB1C68 state=F02DDCE25BE31FF4F0BF3DC1FA3845F985EB2BF81C59B6AB8C3D1536AAA10767 t=1791451309806
EPOCH_COMMITTEE derived_by=2 members=6 accounts=17723 n=6 digest=95D409445152DD075E6A4799205DFA5689496EB8EE1A22AC2A200B9DBC2DCF27 shares=["735FE217:16.7%", "A353E45E:16.7%", "D315857C:16.7%", "911999B2:16.7%", "633D9D61:16.7%", "65A90023:16.7%"] t=1791451309817
EPOCH_CLOSED epoch=2 round=0 value=8AD8BD07E3A2FB54B786A5422550F419FA5413F537CA567B1B97EE07A1FB1C68 state=F02DDCE25BE31FF4F0BF3DC1FA3845F985EB2BF81C59B6AB8C3D1536AAA10767 t=1791451309817
EPOCH_COMMITTEE derived_by=2 members=6 accounts=17723 n=6 digest=95D409445152DD075E6A4799205DFA5689496EB8EE1A22AC2A200B9DBC2DCF27 shares=["735FE217:16.7%", "A353E45E:16.7%", "D315857C:16.7%", "911999B2:16.7%", "633D9D61:16.7%", "65A90023:16.7%"] t=1791451309829
EPOCH_CLOSED epoch=2 round=0 value=8AD8BD07E3A2FB54B786A5422550F419FA5413F537CA567B1B97EE07A1FB1C68 state=F02DDCE25BE31FF4F0BF3DC1FA3845F985EB2BF81C59B6AB8C3D1536AAA10767 t=1791451309829
EPOCH_COMMITTEE derived_by=2 members=6 accounts=17723 n=6 digest=95D409445152DD075E6A4799205DFA5689496EB8EE1A22AC2A200B9DBC2DCF27 shares=["735FE217:16.7%", "A353E45E:16.7%", "D315857C:16.7%", "911999B2:16.7%", "633D9D61:16.7%", "65A90023:16.7%"] t=1791451309829
EPOCH_CLOSED epoch=2 round=0 value=8AD8BD07E3A2FB54B786A5422550F419FA5413F537CA567B1B97EE07A1FB1C68 state=F02DDCE25BE31FF4F0BF3DC1FA3845F985EB2BF81C59B6AB8C3D1536AAA10767 t=1791451309829
EPOCH_COMMITTEE derived_by=2 members=6 accounts=17723 n=6 digest=95D409445152DD075E6A4799205DFA5689496EB8EE1A22AC2A200B9DBC2DCF27 shares=["735FE217:16.7%", "A353E45E:16.7%", "D315857C:16.7%", "911999B2:16.7%", "633D9D61:16.7%", "65A90023:16.7%"] t=1791451309840
EPOCH_CLOSED epoch=2 round=0 value=8AD8BD07E3A2FB54B786A5422550F419FA5413F537CA567B1B97EE07A1FB1C68 state=F02DDCE25BE31FF4F0BF3DC1FA3845F985EB2BF81C59B6AB8C3D1536AAA10767 t=1791451309840
EPOCH_INSTALLED epoch=2 finalized=13748 cemented=13748 queued=0 missing=0 t=1791451309850
EPOCH_COMMITTEE derived_by=2 members=6 accounts=17723 n=6 digest=95D409445152DD075E6A4799205DFA5689496EB8EE1A22AC2A200B9DBC2DCF27 shares=["735FE217:16.7%", "A353E45E:16.7%", "D315857C:16.7%", "911999B2:16.7%", "633D9D61:16.7%", "65A90023:16.7%"] t=1791451309882
EPOCH_CLOSED epoch=2 round=0 value=8AD8BD07E3A2FB54B786A5422550F419FA5413F537CA567B1B97EE07A1FB1C68 state=F02DDCE25BE31FF4F0BF3DC1FA3845F985EB2BF81C59B6AB8C3D1536AAA10767 t=1791451309882
EPOCH_INSTALLED epoch=2 finalized=13748 cemented=13748 queued=0 missing=0 t=1791451309886
EPOCH_INSTALLED epoch=2 finalized=13748 cemented=13748 queued=0 missing=0 t=1791451309897
EPOCH_EVIDENCE_RELEASED epoch=2 t=1791451309914
EPOCH_INSTALLED epoch=2 finalized=13748 cemented=13748 queued=0 missing=0 t=1791451309915
EPOCH_EVIDENCE_RELEASED epoch=2 t=1791451309916
EPOCH_INSTALLED epoch=2 finalized=13748 cemented=13748 queued=0 missing=0 t=1791451309919
EPOCH_EVIDENCE_RELEASED epoch=2 t=1791451309943
EPOCH_INSTALLED epoch=2 finalized=13748 cemented=13748 queued=0 missing=0 t=1791451309969
EPOCH_RECONCILED epoch=2 reporter=A353E45E6D0016CAEED0DFA4EC5B0640E2AA22A793F9F2375E77F1AB92977C04 complete=true entries=0 total=45065 symbols=0 dropped=false t=1791451309981
EPOCH_EVIDENCE_RELEASED epoch=2 t=1791451309988
EPOCH_EVIDENCE_RELEASED epoch=2 t=1791451309993
EPOCH_EVIDENCE_RELEASED epoch=2 t=1791451310002
