2026-10-04T11:55:40.258096Z  INFO nanospam::setup::account_map_factory: Creating account keys file with 45000 keys: "/var/folders/1y/px089b2s6f9d893xp1p4c7wh0000gn/T/rai-phase0-w11r5mbp/account_keys.txt"
2026-10-04T11:55:40.974102Z  INFO nanospam::setup::node_config_factory: ********************************************************************************
2026-10-04T11:55:40.974113Z  INFO nanospam::setup::node_config_factory: Setting up node PR0...
2026-10-04T11:55:40.974116Z  INFO nanospam::setup::node_config_factory: Creating directory "/var/folders/1y/px089b2s6f9d893xp1p4c7wh0000gn/T/rai-phase0-w11r5mbp/pr0"
2026-10-04T11:55:40.974208Z  INFO nanospam::setup::node_config_factory: Creating node config file: "/var/folders/1y/px089b2s6f9d893xp1p4c7wh0000gn/T/rai-phase0-w11r5mbp/pr0/config-node.toml"
2026-10-04T11:55:40.974309Z  INFO nanospam::setup::node_config_factory: Creating rpc config file: "/var/folders/1y/px089b2s6f9d893xp1p4c7wh0000gn/T/rai-phase0-w11r5mbp/pr0/config-rpc.toml"
2026-10-04T11:55:40.974377Z  INFO nanospam::setup::node_config_factory: ********************************************************************************
2026-10-04T11:55:40.974381Z  INFO nanospam::setup::node_config_factory: Setting up node PR1...
2026-10-04T11:55:40.974384Z  INFO nanospam::setup::node_config_factory: Creating directory "/var/folders/1y/px089b2s6f9d893xp1p4c7wh0000gn/T/rai-phase0-w11r5mbp/pr1"
2026-10-04T11:55:40.974423Z  INFO nanospam::setup::node_config_factory: Creating node config file: "/var/folders/1y/px089b2s6f9d893xp1p4c7wh0000gn/T/rai-phase0-w11r5mbp/pr1/config-node.toml"
2026-10-04T11:55:40.974496Z  INFO nanospam::setup::node_config_factory: Creating rpc config file: "/var/folders/1y/px089b2s6f9d893xp1p4c7wh0000gn/T/rai-phase0-w11r5mbp/pr1/config-rpc.toml"
2026-10-04T11:55:40.974567Z  INFO nanospam::setup::node_config_factory: ********************************************************************************
2026-10-04T11:55:40.974570Z  INFO nanospam::setup::node_config_factory: Setting up node PR2...
2026-10-04T11:55:40.974573Z  INFO nanospam::setup::node_config_factory: Creating directory "/var/folders/1y/px089b2s6f9d893xp1p4c7wh0000gn/T/rai-phase0-w11r5mbp/pr2"
2026-10-04T11:55:40.974623Z  INFO nanospam::setup::node_config_factory: Creating node config file: "/var/folders/1y/px089b2s6f9d893xp1p4c7wh0000gn/T/rai-phase0-w11r5mbp/pr2/config-node.toml"
2026-10-04T11:55:40.974694Z  INFO nanospam::setup::node_config_factory: Creating rpc config file: "/var/folders/1y/px089b2s6f9d893xp1p4c7wh0000gn/T/rai-phase0-w11r5mbp/pr2/config-rpc.toml"
2026-10-04T11:55:40.974757Z  INFO nanospam::setup::node_config_factory: ********************************************************************************
2026-10-04T11:55:40.974761Z  INFO nanospam::setup::node_config_factory: Setting up node PR3...
2026-10-04T11:55:40.974764Z  INFO nanospam::setup::node_config_factory: Creating directory "/var/folders/1y/px089b2s6f9d893xp1p4c7wh0000gn/T/rai-phase0-w11r5mbp/pr3"
2026-10-04T11:55:40.974806Z  INFO nanospam::setup::node_config_factory: Creating node config file: "/var/folders/1y/px089b2s6f9d893xp1p4c7wh0000gn/T/rai-phase0-w11r5mbp/pr3/config-node.toml"
2026-10-04T11:55:40.974871Z  INFO nanospam::setup::node_config_factory: Creating rpc config file: "/var/folders/1y/px089b2s6f9d893xp1p4c7wh0000gn/T/rai-phase0-w11r5mbp/pr3/config-rpc.toml"
2026-10-04T11:55:40.974930Z  INFO nanospam::setup::node_config_factory: ********************************************************************************
2026-10-04T11:55:40.974934Z  INFO nanospam::setup::node_config_factory: Setting up node PR4...
2026-10-04T11:55:40.974937Z  INFO nanospam::setup::node_config_factory: Creating directory "/var/folders/1y/px089b2s6f9d893xp1p4c7wh0000gn/T/rai-phase0-w11r5mbp/pr4"
2026-10-04T11:55:40.974977Z  INFO nanospam::setup::node_config_factory: Creating node config file: "/var/folders/1y/px089b2s6f9d893xp1p4c7wh0000gn/T/rai-phase0-w11r5mbp/pr4/config-node.toml"
2026-10-04T11:55:40.975051Z  INFO nanospam::setup::node_config_factory: Creating rpc config file: "/var/folders/1y/px089b2s6f9d893xp1p4c7wh0000gn/T/rai-phase0-w11r5mbp/pr4/config-rpc.toml"
2026-10-04T11:55:40.975117Z  INFO nanospam::setup::node_config_factory: ********************************************************************************
2026-10-04T11:55:40.975119Z  INFO nanospam::setup::node_config_factory: Setting up node PR5...
2026-10-04T11:55:40.975122Z  INFO nanospam::setup::node_config_factory: Creating directory "/var/folders/1y/px089b2s6f9d893xp1p4c7wh0000gn/T/rai-phase0-w11r5mbp/pr5"
2026-10-04T11:55:40.975157Z  INFO nanospam::setup::node_config_factory: Creating node config file: "/var/folders/1y/px089b2s6f9d893xp1p4c7wh0000gn/T/rai-phase0-w11r5mbp/pr5/config-node.toml"
2026-10-04T11:55:40.975220Z  INFO nanospam::setup::node_config_factory: Creating rpc config file: "/var/folders/1y/px089b2s6f9d893xp1p4c7wh0000gn/T/rai-phase0-w11r5mbp/pr5/config-rpc.toml"
2026-10-04T11:55:40.975404Z  INFO nanospam::setup::node_launcher: Starting node: NANO_TEST_GENESIS_BLOCK="{\n    \"type\": \"open\",\n    \"account\": \"nano_3nroioygg54nusrmyun4woimqex36sp3drnctdt5955uqu47fxbkrxk7n7ne\",\n    \"source\": \"D315857CE70C54DE713F6E82E5613BB3A1266C15E28AD2F4338C7BBEC456F532\",\n    \"representative\": \"nano_3nroioygg54nusrmyun4woimqex36sp3drnctdt5955uqu47fxbkrxk7n7ne\",\n    \"signature\": \"3F6792C2DC623DF2E8643777160AB983B66B337E2478E13D2C3448126A8F4CD8DCCD19803C158A057FA44060AE0EFC09B1C311CB4FBF42F8D240610B38F56E08\",\n    \"work\": \"70FEF01F7EC45DEC\"\n    }" NANO_TEST_GENESIS_PRV ="49643F9B10CA1AA34F9AF8ED4AABD29F436104CCC375974B108534A48EAE3FE1" "rsnano" "--network" "test" "--data-path" "/var/folders/1y/px089b2s6f9d893xp1p4c7wh0000gn/T/rai-phase0-w11r5mbp/pr0" "node" "run"
2026-10-04T11:55:40.976017Z  INFO nanospam::setup::node_launcher: Waiting for RPC...
2026-10-04T11:55:41.079912Z  INFO nanospam::setup::node_launcher: Starting node: NANO_TEST_GENESIS_BLOCK="{\n    \"type\": \"open\",\n    \"account\": \"nano_3nroioygg54nusrmyun4woimqex36sp3drnctdt5955uqu47fxbkrxk7n7ne\",\n    \"source\": \"D315857CE70C54DE713F6E82E5613BB3A1266C15E28AD2F4338C7BBEC456F532\",\n    \"representative\": \"nano_3nroioygg54nusrmyun4woimqex36sp3drnctdt5955uqu47fxbkrxk7n7ne\",\n    \"signature\": \"3F6792C2DC623DF2E8643777160AB983B66B337E2478E13D2C3448126A8F4CD8DCCD19803C158A057FA44060AE0EFC09B1C311CB4FBF42F8D240610B38F56E08\",\n    \"work\": \"70FEF01F7EC45DEC\"\n    }" NANO_TEST_GENESIS_PRV ="49643F9B10CA1AA34F9AF8ED4AABD29F436104CCC375974B108534A48EAE3FE1" "rsnano" "--network" "test" "--data-path" "/var/folders/1y/px089b2s6f9d893xp1p4c7wh0000gn/T/rai-phase0-w11r5mbp/pr1" "node" "run"
2026-10-04T11:55:41.080588Z  INFO nanospam::setup::node_launcher: Waiting for RPC...
2026-10-04T11:55:41.183920Z  INFO nanospam::setup::node_launcher: Starting node: NANO_TEST_GENESIS_BLOCK="{\n    \"type\": \"open\",\n    \"account\": \"nano_3nroioygg54nusrmyun4woimqex36sp3drnctdt5955uqu47fxbkrxk7n7ne\",\n    \"source\": \"D315857CE70C54DE713F6E82E5613BB3A1266C15E28AD2F4338C7BBEC456F532\",\n    \"representative\": \"nano_3nroioygg54nusrmyun4woimqex36sp3drnctdt5955uqu47fxbkrxk7n7ne\",\n    \"signature\": \"3F6792C2DC623DF2E8643777160AB983B66B337E2478E13D2C3448126A8F4CD8DCCD19803C158A057FA44060AE0EFC09B1C311CB4FBF42F8D240610B38F56E08\",\n    \"work\": \"70FEF01F7EC45DEC\"\n    }" NANO_TEST_GENESIS_PRV ="49643F9B10CA1AA34F9AF8ED4AABD29F436104CCC375974B108534A48EAE3FE1" "rsnano" "--network" "test" "--data-path" "/var/folders/1y/px089b2s6f9d893xp1p4c7wh0000gn/T/rai-phase0-w11r5mbp/pr2" "node" "run"
2026-10-04T11:55:41.184961Z  INFO nanospam::setup::node_launcher: Waiting for RPC...
2026-10-04T11:55:41.287903Z  INFO nanospam::setup::node_launcher: Starting node: NANO_TEST_GENESIS_BLOCK="{\n    \"type\": \"open\",\n    \"account\": \"nano_3nroioygg54nusrmyun4woimqex36sp3drnctdt5955uqu47fxbkrxk7n7ne\",\n    \"source\": \"D315857CE70C54DE713F6E82E5613BB3A1266C15E28AD2F4338C7BBEC456F532\",\n    \"representative\": \"nano_3nroioygg54nusrmyun4woimqex36sp3drnctdt5955uqu47fxbkrxk7n7ne\",\n    \"signature\": \"3F6792C2DC623DF2E8643777160AB983B66B337E2478E13D2C3448126A8F4CD8DCCD19803C158A057FA44060AE0EFC09B1C311CB4FBF42F8D240610B38F56E08\",\n    \"work\": \"70FEF01F7EC45DEC\"\n    }" NANO_TEST_GENESIS_PRV ="49643F9B10CA1AA34F9AF8ED4AABD29F436104CCC375974B108534A48EAE3FE1" "rsnano" "--network" "test" "--data-path" "/var/folders/1y/px089b2s6f9d893xp1p4c7wh0000gn/T/rai-phase0-w11r5mbp/pr3" "node" "run"
2026-10-04T11:55:41.288919Z  INFO nanospam::setup::node_launcher: Waiting for RPC...
2026-10-04T11:55:41.392360Z  INFO nanospam::setup::node_launcher: Starting node: NANO_TEST_GENESIS_BLOCK="{\n    \"type\": \"open\",\n    \"account\": \"nano_3nroioygg54nusrmyun4woimqex36sp3drnctdt5955uqu47fxbkrxk7n7ne\",\n    \"source\": \"D315857CE70C54DE713F6E82E5613BB3A1266C15E28AD2F4338C7BBEC456F532\",\n    \"representative\": \"nano_3nroioygg54nusrmyun4woimqex36sp3drnctdt5955uqu47fxbkrxk7n7ne\",\n    \"signature\": \"3F6792C2DC623DF2E8643777160AB983B66B337E2478E13D2C3448126A8F4CD8DCCD19803C158A057FA44060AE0EFC09B1C311CB4FBF42F8D240610B38F56E08\",\n    \"work\": \"70FEF01F7EC45DEC\"\n    }" NANO_TEST_GENESIS_PRV ="49643F9B10CA1AA34F9AF8ED4AABD29F436104CCC375974B108534A48EAE3FE1" "rsnano" "--network" "test" "--data-path" "/var/folders/1y/px089b2s6f9d893xp1p4c7wh0000gn/T/rai-phase0-w11r5mbp/pr4" "node" "run"
2026-10-04T11:55:41.393376Z  INFO nanospam::setup::node_launcher: Waiting for RPC...
2026-10-04T11:55:41.496358Z  INFO nanospam::setup::node_launcher: Starting node: NANO_TEST_GENESIS_BLOCK="{\n    \"type\": \"open\",\n    \"account\": \"nano_3nroioygg54nusrmyun4woimqex36sp3drnctdt5955uqu47fxbkrxk7n7ne\",\n    \"source\": \"D315857CE70C54DE713F6E82E5613BB3A1266C15E28AD2F4338C7BBEC456F532\",\n    \"representative\": \"nano_3nroioygg54nusrmyun4woimqex36sp3drnctdt5955uqu47fxbkrxk7n7ne\",\n    \"signature\": \"3F6792C2DC623DF2E8643777160AB983B66B337E2478E13D2C3448126A8F4CD8DCCD19803C158A057FA44060AE0EFC09B1C311CB4FBF42F8D240610B38F56E08\",\n    \"work\": \"70FEF01F7EC45DEC\"\n    }" NANO_TEST_GENESIS_PRV ="49643F9B10CA1AA34F9AF8ED4AABD29F436104CCC375974B108534A48EAE3FE1" "rsnano" "--network" "test" "--data-path" "/var/folders/1y/px089b2s6f9d893xp1p4c7wh0000gn/T/rai-phase0-w11r5mbp/pr5" "node" "run"
2026-10-04T11:55:41.497235Z  INFO nanospam::setup::node_launcher: Waiting for RPC...
2026-10-04T11:55:41.601691Z  INFO nanospam::wallets_factory: Creating wallet...
2026-10-04T11:55:41.677039Z  INFO nanospam::wallets_factory: Setting default representative...
2026-10-04T11:55:41.677299Z  INFO nanospam::wallets_factory: Creating wallet...
2026-10-04T11:55:41.721417Z  INFO nanospam::wallets_factory: Setting default representative...
2026-10-04T11:55:41.721708Z  INFO nanospam::wallets_factory: Sending Ӿ56,547,061 to PR1 wallet nano_3atmwjh8t11psdqf3qx6xjfiei94oajch6zsyauowxzjogbbgz168g5mp8f1 ...
2026-10-04T11:55:41.722142Z  INFO nanospam::wallets_factory: Waiting for confirmation for 70B574FB519B8DEA27D8F4952C2E7B0378B009608D6FC967984D3C83440C9C3D
2026-10-04T11:55:56.822781Z  INFO nanospam::wallets_factory: Receiving...
2026-10-04T11:55:56.823780Z  INFO nanospam::wallets_factory: Waiting for confirmation for 011C6AC2721054F46B03A50885AF48083A4A685154A55D85116DBCE413673F86
2026-10-04T11:55:57.028042Z  INFO nanospam::wallets_factory: DONE
2026-10-04T11:55:57.028165Z  INFO nanospam::wallets_factory: ********************************************************************************
2026-10-04T11:55:57.028178Z  INFO nanospam::wallets_factory: Creating wallet...
2026-10-04T11:55:57.106633Z  INFO nanospam::wallets_factory: Setting default representative...
2026-10-04T11:55:57.106845Z  INFO nanospam::wallets_factory: Sending Ӿ56,547,061 to PR2 wallet nano_36asm8scxymtsjmgqp14per3zxpgaec1c65qb9en1buscq7qzqa93tfyyzs3 ...
2026-10-04T11:55:57.107263Z  INFO nanospam::wallets_factory: Waiting for confirmation for 76B3937072C015B69E45D5458B47CF52A54A38F8ED441B0E21561A3048243E90
2026-10-04T11:56:00.904812Z  INFO nanospam::wallets_factory: Receiving...
2026-10-04T11:56:00.906137Z  INFO nanospam::wallets_factory: Waiting for confirmation for 402DCF4725254BECF5C5CB5F707C169725EE114819D289F8A5477C2FFF19BDC0
2026-10-04T11:56:01.009415Z  INFO nanospam::wallets_factory: DONE
2026-10-04T11:56:01.009521Z  INFO nanospam::wallets_factory: ********************************************************************************
2026-10-04T11:56:01.009532Z  INFO nanospam::wallets_factory: Creating wallet...
2026-10-04T11:56:01.086446Z  INFO nanospam::wallets_factory: Setting default representative...
2026-10-04T11:56:01.086685Z  INFO nanospam::wallets_factory: Sending Ӿ56,547,061 to PR3 wallet nano_1sfb11jzfi8k51fcnrzi1qe3qh1e1jkic3h45oak9yfg5yhbkczzxfwtat7m ...
2026-10-04T11:56:01.087057Z  INFO nanospam::wallets_factory: Waiting for confirmation for FF4589BE1759B38CC94ABA0AE4FE6644845FE957C02EA9CEA669A28C8D1ADE97
2026-10-04T11:56:01.291662Z  INFO nanospam::wallets_factory: Receiving...
2026-10-04T11:56:01.292839Z  INFO nanospam::wallets_factory: Waiting for confirmation for 1210B877FF188F4FF352C0EDE856AA702A1D6763EFA96EA84BB10519898BE6D0
2026-10-04T11:56:01.395458Z  INFO nanospam::wallets_factory: DONE
2026-10-04T11:56:01.395504Z  INFO nanospam::wallets_factory: ********************************************************************************
2026-10-04T11:56:01.395514Z  INFO nanospam::wallets_factory: Creating wallet...
2026-10-04T11:56:01.472776Z  INFO nanospam::wallets_factory: Setting default representative...
2026-10-04T11:56:01.473172Z  INFO nanospam::wallets_factory: Sending Ӿ56,547,061 to PR4 wallet nano_1rsxmoinip7d4wafdp855194n43fs7s1jgne6tx8ruatiu6g89815pddzijp ...
2026-10-04T11:56:01.473593Z  INFO nanospam::wallets_factory: Waiting for confirmation for 23D89F3531AC5EE2378D3606C70B24D2A7B9016B8ADB1A970E6B1D9E7576186D
2026-10-04T11:56:01.781312Z  INFO nanospam::wallets_factory: Receiving...
2026-10-04T11:56:01.782502Z  INFO nanospam::wallets_factory: Waiting for confirmation for 8D401F6072C9B3A9EFBA68DA33CC97FF1D15EEB9F09CE4731C1A7614578C3E56
2026-10-04T11:56:02.090573Z  INFO nanospam::wallets_factory: DONE
2026-10-04T11:56:02.090709Z  INFO nanospam::wallets_factory: ********************************************************************************
2026-10-04T11:56:02.090727Z  INFO nanospam::wallets_factory: Creating wallet...
2026-10-04T11:56:02.171120Z  INFO nanospam::wallets_factory: Setting default representative...
2026-10-04T11:56:02.171530Z  INFO nanospam::wallets_factory: Sending Ӿ56,547,061 to PR5 wallet nano_1wtzwadxk9naxc356m4rienp93ht131w7ypadk39qck8uah3bg3zohsmj9th ...
2026-10-04T11:56:02.171944Z  INFO nanospam::wallets_factory: Waiting for confirmation for A5666BC59C8DD98A7E52D6F61006629E4EDB37063C12A73BFB41D35538B371CA
2026-10-04T11:56:07.311504Z  INFO nanospam::wallets_factory: Receiving...
2026-10-04T11:56:07.313842Z  INFO nanospam::wallets_factory: Waiting for confirmation for 49EEF9EFFD843E7FE6FB8D0DE0A19E8B88DBE91F26F5FDDB0E8862DEF7553864
2026-10-04T11:56:07.520186Z  INFO nanospam::wallets_factory: DONE
2026-10-04T11:56:07.520268Z  INFO nanospam::wallets_factory: ********************************************************************************
2026-10-04T11:56:07.520288Z  INFO nanospam::wallets_factory: Sending initial spam amount...
2026-10-04T11:56:07.521372Z  INFO nanospam::wallets_factory: Waiting for confirmation for A90650356BD89C58B2B338609E90FF24627E8FBFFA7191F05991C660EBAABD41
2026-10-04T11:56:07.727473Z  INFO nanospam::wallets_factory: Receiving initial spam amount...
2026-10-04T11:56:07.728100Z  INFO nanospam::wallets_factory: Waiting for confirmation for 6CEC4251EAF8D56771C2F26FC72CF2E7A1EF9CBE7848BF39C33FCCF0E43573DA
2026-10-04T11:56:07.934236Z  INFO nanospam::wallets_factory: Seeding Ӿ142,857 to nano_3h9amuhf6twiy9j8pxas7jessf18pazeyt7ckwtmaftj4s4iu8d4d9ackp4j for representative D315857CE70C54DE713F6E82E5613BB3A1266C15E28AD2F4338C7BBEC456F532
2026-10-04T11:56:07.935271Z  INFO nanospam::wallets_factory: Waiting for confirmation for 55661DD94D4BD0580CBA2D886810F3ACC9F38E3FE3BE6EC0376DFB2BF646C6F6
2026-10-04T11:56:08.142369Z  INFO nanospam::wallets_factory: Waiting for confirmation for 29CC749B077BB5A3021AE97335CAD3C62BEEFB220D53BFD99B041F7676FB79FD
2026-10-04T11:56:08.349690Z  INFO nanospam::wallets_factory: Seeding Ӿ142,857 to nano_1ffp4hrqofit48fwnms7j4ydkt1yobkfycdzh88fqwpykacpnkxz7u3ij6on for representative A353E45E6D0016CAEED0DFA4EC5B0640E2AA22A793F9F2375E77F1AB92977C04
2026-10-04T11:56:08.350749Z  INFO nanospam::wallets_factory: Waiting for confirmation for E178466A40AF7BCDE36B4B3B56E7E577AFB141DA210A87260AFCB46FDDC8FD45
2026-10-04T11:56:08.662846Z  INFO nanospam::wallets_factory: Waiting for confirmation for 51353AA78AE57B51996EAA2CFFB423BF131842D7C5DFB4F4B9A762974AB05FE1
2026-10-04T11:56:08.972597Z  INFO nanospam::wallets_factory: Seeding Ӿ142,857 to nano_3qnuehwzi3fth1st59s1fj9ws9pt3t6f1jk9jdii37x8msp6gm9j94ssi4p4 for representative 911999B2AEFA7ACC66EBD802B3301FF6CE431405107749D940277955CB7FDD07
2026-10-04T11:56:08.974104Z  INFO nanospam::wallets_factory: Waiting for confirmation for D6D9ECADDB307B65A24947C5C4863CCE93E0066758DDB999C29F1C8493C712B8
2026-10-04T11:56:09.284467Z  INFO nanospam::wallets_factory: Waiting for confirmation for BDBE6BE77985EAB261F1C4DC3663BF2C9B20C3F7FF6BCA5D187F59CD65345D82
2026-10-04T11:56:09.593798Z  INFO nanospam::wallets_factory: Seeding Ӿ142,857 to nano_17yf6c4hb5fiu7n6ge4ry7b6p9qe7rjxtpjfw7rddkrfnaf15yq8ksb7aakf for representative 65A90023F6C0D2181AAA63F005D81BBC0C04650505E21D5123F9AE1F9E992BFF
2026-10-04T11:56:09.594944Z  INFO nanospam::wallets_factory: Waiting for confirmation for A521ED58581676971DC24259A4EEB9E426E31C3594DA24DFFAB1A0C9DD1C91A9
2026-10-04T11:56:09.802032Z  INFO nanospam::wallets_factory: Waiting for confirmation for EFB08427B60CF65010491EB9C96147CEE8180E5856611BBA300FD733DE018A09
2026-10-04T11:56:10.113105Z  INFO nanospam::wallets_factory: Seeding Ӿ142,857 to nano_3rihnzsuhxjmg3fxnf17bc8bq8optt5ifnm1u3z4hx5cq8t8yw6y5jpqnmbb for representative 633D9D614858AB1710D5D8C3180E2A082DC97208BA8C26BA6C6D1A86C8E31CC0
2026-10-04T11:56:10.114640Z  INFO nanospam::wallets_factory: Waiting for confirmation for D05AABB73D75F5381A93D925E4F68929E675476326C3E678BB067B5AEBAC9C22
2026-10-04T11:56:10.322655Z  INFO nanospam::wallets_factory: Waiting for confirmation for 604831F50A7FE4FE4D2705B1643703B7851C1DEB45734EEB8436FE8A7F837D7F
2026-10-04T11:56:10.529842Z  INFO nanospam::wallets_factory: Seeding Ӿ142,857 to nano_14c3kn5uwqx6bhjcybd875su6qrbhqf87qkmhej6zso1u5ru3wf1n83xf3p3 for representative 735FE217D91E88EA82324C5883296385FA0041C2FAC85C827BAA46DA1E14B83F
2026-10-04T11:56:10.530783Z  INFO nanospam::wallets_factory: Waiting for confirmation for EDAE302D2760F427FB3AA9C8F0DE69190CD58D78BCDD3BC0539E9416E9B2B27E
2026-10-04T11:56:10.739178Z  INFO nanospam::wallets_factory: Waiting for confirmation for 1805B2C614CB10DA9325057D2F6627989F544F7EB0C1F5438F0D5873D7E2B502
2026-10-04T11:56:10.947951Z  INFO nanospam::high_prio_check: Creating high priority accounts...
2026-10-04T11:56:10.976853Z  INFO nanospam::high_prio_check: Waiting for confirmations...
2026-10-04T11:56:13.418477Z  INFO nanospam::app: Waiting for all PRs to see the full quorum...
2026-10-04T11:56:23.594194Z  INFO nanospam::app: Republished the genesis chain to all PRs
2026-10-04T11:56:28.503787Z  INFO nanospam::app: Republished the genesis chain to all PRs
2026-10-04T11:56:33.611289Z  INFO nanospam::app: Republished the genesis chain to all PRs
2026-10-04T11:56:38.514483Z  INFO nanospam::app: Republished the genesis chain to all PRs
2026-10-04T11:56:43.622176Z  INFO nanospam::app: Republished the genesis chain to all PRs
2026-10-04T11:56:48.560954Z  INFO nanospam::app: Republished the genesis chain to all PRs
2026-10-04T11:56:53.499999Z  INFO nanospam::app: Republished the genesis chain to all PRs
2026-10-04T11:56:55.133833Z  INFO nanospam::app: All PRs see the full quorum after 41.717260916s
2026-10-04T11:56:55.134021Z  INFO nanospam::app: Waiting for all PRs to hold the same cemented ledger...
2026-10-04T11:56:55.135311Z  INFO nanospam::app: All PRs hold the same ledger of 65 blocks after 1.269458ms
EPOCH_COMMITTEE derived_by=genesis members=7 accounts=33 n=340282366920938463463374607431768211455 digest=8731BB916BEEF5CFC131275462AB6C780B56971FBDFCFF768F0D52D143559FC7 shares=["735FE217:16.7%", "A353E45E:16.7%", "633D9D61:16.7%", "65A90023:16.7%", "911999B2:16.7%", "D315857C:16.7%", "857F6F55:0.0%"] t=1791115015135
EPOCH_START epoch=0 elections=0 t=1791115015135
EPOCH_COMMITTEE derived_by=genesis members=7 accounts=33 n=340282366920938463463374607431768211455 digest=8731BB916BEEF5CFC131275462AB6C780B56971FBDFCFF768F0D52D143559FC7 shares=["735FE217:16.7%", "A353E45E:16.7%", "633D9D61:16.7%", "65A90023:16.7%", "911999B2:16.7%", "D315857C:16.7%", "857F6F55:0.0%"] t=1791115015136
EPOCH_START epoch=0 elections=0 t=1791115015136
EPOCH_COMMITTEE derived_by=genesis members=7 accounts=33 n=340282366920938463463374607431768211455 digest=8731BB916BEEF5CFC131275462AB6C780B56971FBDFCFF768F0D52D143559FC7 shares=["735FE217:16.7%", "A353E45E:16.7%", "633D9D61:16.7%", "65A90023:16.7%", "911999B2:16.7%", "D315857C:16.7%", "857F6F55:0.0%"] t=1791115015136
EPOCH_START epoch=0 elections=0 t=1791115015136
EPOCH_COMMITTEE derived_by=genesis members=7 accounts=33 n=340282366920938463463374607431768211455 digest=8731BB916BEEF5CFC131275462AB6C780B56971FBDFCFF768F0D52D143559FC7 shares=["735FE217:16.7%", "A353E45E:16.7%", "633D9D61:16.7%", "65A90023:16.7%", "911999B2:16.7%", "D315857C:16.7%", "857F6F55:0.0%"] t=1791115015137
EPOCH_START epoch=0 elections=0 t=1791115015137
EPOCH_COMMITTEE derived_by=genesis members=7 accounts=33 n=340282366920938463463374607431768211455 digest=8731BB916BEEF5CFC131275462AB6C780B56971FBDFCFF768F0D52D143559FC7 shares=["735FE217:16.7%", "A353E45E:16.7%", "633D9D61:16.7%", "65A90023:16.7%", "911999B2:16.7%", "D315857C:16.7%", "857F6F55:0.0%"] t=1791115015137
EPOCH_START epoch=0 elections=0 t=1791115015137
EPOCH_COMMITTEE derived_by=genesis members=7 accounts=33 n=340282366920938463463374607431768211455 digest=8731BB916BEEF5CFC131275462AB6C780B56971FBDFCFF768F0D52D143559FC7 shares=["735FE217:16.7%", "A353E45E:16.7%", "633D9D61:16.7%", "65A90023:16.7%", "911999B2:16.7%", "D315857C:16.7%", "857F6F55:0.0%"] t=1791115015138
EPOCH_START epoch=0 elections=0 t=1791115015138
2026-10-04T11:56:55.138279Z  INFO nanospam::app: Started the epochs on every PR
2026-10-04T11:56:55.138311Z  INFO nanospam::app: Connecting to node PR0... peer_addr=[::1]:17075
2026-10-04T11:56:55.138757Z  INFO nanospam::app: Performing handshake...
2026-10-04T11:56:55.139582Z  INFO nanospam::app: Performing handshake...
2026-10-04T11:56:55.150828Z  INFO nanospam::app: Performing handshake...
2026-10-04T11:56:55.161913Z  INFO nanospam::app: Performing handshake...
2026-10-04T11:56:55.173841Z  INFO nanospam::app: Connecting to node PR1... peer_addr=[::1]:17085
2026-10-04T11:56:55.174063Z  INFO nanospam::app: Performing handshake...
2026-10-04T11:56:55.174586Z  INFO nanospam::app: Performing handshake...
2026-10-04T11:56:55.186880Z  INFO nanospam::app: Performing handshake...
2026-10-04T11:56:55.198194Z  INFO nanospam::app: Performing handshake...
2026-10-04T11:56:55.208938Z  INFO nanospam::app: Connecting to node PR2... peer_addr=[::1]:17095
2026-10-04T11:56:55.209118Z  INFO nanospam::app: Performing handshake...
2026-10-04T11:56:55.209712Z  INFO nanospam::app: Performing handshake...
2026-10-04T11:56:55.221570Z  INFO nanospam::app: Performing handshake...
2026-10-04T11:56:55.233891Z  INFO nanospam::app: Performing handshake...
2026-10-04T11:56:55.244701Z  INFO nanospam::app: Connecting to node PR3... peer_addr=[::1]:17105
2026-10-04T11:56:55.245006Z  INFO nanospam::app: Performing handshake...
2026-10-04T11:56:55.245726Z  INFO nanospam::app: Performing handshake...
2026-10-04T11:56:55.257234Z  INFO nanospam::app: Performing handshake...
2026-10-04T11:56:55.268529Z  INFO nanospam::app: Performing handshake...
2026-10-04T11:56:55.279685Z  INFO nanospam::app: Connecting to node PR4... peer_addr=[::1]:17115
2026-10-04T11:56:55.280033Z  INFO nanospam::app: Performing handshake...
2026-10-04T11:56:55.281040Z  INFO nanospam::app: Performing handshake...
2026-10-04T11:56:55.291340Z  INFO nanospam::app: Performing handshake...
2026-10-04T11:56:55.303713Z  INFO nanospam::app: Performing handshake...
2026-10-04T11:56:55.314462Z  INFO nanospam::app: Connecting to node PR5... peer_addr=[::1]:17125
2026-10-04T11:56:55.314654Z  INFO nanospam::app: Performing handshake...
2026-10-04T11:56:55.315322Z  INFO nanospam::app: Performing handshake...
2026-10-04T11:56:55.326494Z  INFO nanospam::app: Performing handshake...
2026-10-04T11:56:55.337534Z  INFO nanospam::app: Performing handshake...
2026-10-04T11:56:55.348508Z  INFO nanospam::app: Connecting to websocket...
2026-10-04T11:56:55.349802Z  INFO nanospam::app: Starting with 2000 BPS
2026-10-04T11:56:56.354117Z  INFO nanospam::app: Confirmed 920 blocks | 2,000 bps | 1,010 cps | avg conf time: 89 ms
2026-10-04T11:56:57.354270Z  INFO nanospam::app: Confirmed 4,308 blocks | 2,000 bps | 3,378 cps | avg conf time: 178 ms
2026-10-04T11:56:58.355334Z  INFO nanospam::app: Confirmed 6,657 blocks | 2,000 bps | 2,346 cps | avg conf time: 103 ms
2026-10-04T11:56:59.356286Z  INFO nanospam::app: Confirmed 8,544 blocks | 2,000 bps | 1,885 cps | avg conf time: 94 ms
2026-10-04T11:57:00.357186Z  INFO nanospam::app: Confirmed 10,523 blocks | 2,000 bps | 1,977 cps | avg conf time: 94 ms
2026-10-04T11:57:01.358164Z  INFO nanospam::app: Confirmed 12,521 blocks | 2,000 bps | 1,995 cps | avg conf time: 94 ms
2026-10-04T11:57:02.359018Z  INFO nanospam::app: Confirmed 14,401 blocks | 2,000 bps | 1,878 cps | avg conf time: 95 ms
2026-10-04T11:57:03.359978Z  INFO nanospam::app: Confirmed 16,300 blocks | 2,000 bps | 1,897 cps | avg conf time: 92 ms
2026-10-04T11:57:04.360968Z  INFO nanospam::app: Confirmed 18,336 blocks | 2,000 bps | 2,033 cps | avg conf time: 94 ms
2026-10-04T11:57:05.362029Z  INFO nanospam::app: Confirmed 20,237 blocks | 2,000 bps | 1,898 cps | avg conf time: 95 ms
2026-10-04T11:57:06.362831Z  INFO nanospam::app: Confirmed 22,152 blocks | 2,000 bps | 1,913 cps | avg conf time: 94 ms
2026-10-04T11:57:07.364300Z  INFO nanospam::app: Confirmed 24,119 blocks | 2,000 bps | 1,964 cps | avg conf time: 95 ms
2026-10-04T11:57:08.364804Z  INFO nanospam::app: Confirmed 26,080 blocks | 2,000 bps | 1,959 cps | avg conf time: 94 ms
2026-10-04T11:57:09.365986Z  INFO nanospam::app: Confirmed 28,077 blocks | 2,000 bps | 1,994 cps | avg conf time: 94 ms
2026-10-04T11:57:10.366676Z  INFO nanospam::app: Confirmed 30,002 blocks | 2,000 bps | 1,923 cps | avg conf time: 95 ms
2026-10-04T11:57:11.367866Z  INFO nanospam::app: Confirmed 31,943 blocks | 2,000 bps | 1,938 cps | avg conf time: 96 ms
2026-10-04T11:57:12.368611Z  INFO nanospam::app: Confirmed 33,891 blocks | 2,000 bps | 1,946 cps | avg conf time: 95 ms
2026-10-04T11:57:13.369495Z  INFO nanospam::app: Confirmed 35,840 blocks | 2,000 bps | 1,947 cps | avg conf time: 93 ms
2026-10-04T11:57:14.376127Z  INFO nanospam::app: Confirmed 37,730 blocks | 2,000 bps | 1,887 cps | avg conf time: 95 ms
2026-10-04T11:57:15.376389Z  INFO nanospam::app: Confirmed 39,686 blocks | 2,000 bps | 1,944 cps | avg conf time: 93 ms
2026-10-04T11:57:16.377520Z  INFO nanospam::app: Confirmed 41,610 blocks | 2,000 bps | 1,921 cps | avg conf time: 95 ms
2026-10-04T11:57:17.378299Z  INFO nanospam::app: Confirmed 43,521 blocks | 2,000 bps | 1,909 cps | avg conf time: 95 ms
2026-10-04T11:57:18.152821Z  INFO nanospam::app: Confirming 45000 blocks took 22.80s
2026-10-04T11:57:18.153021Z  INFO nanospam::app: Confirmation rate: 1973 cps
2026-10-04T11:57:18.153073Z  INFO nanospam::app: Average conf time: 101 ms
