[2m2026-09-23T07:41:27.515203Z[0m [32m INFO[0m [2mnanospam::setup::account_map_factory[0m[2m:[0m Creating account keys file with 45000 keys: "/Users/ruimorais/NanoSpam/account_keys.txt"
[2m2026-09-23T07:41:28.261451Z[0m [32m INFO[0m [2mnanospam::setup::node_config_factory[0m[2m:[0m ********************************************************************************
[2m2026-09-23T07:41:28.261466Z[0m [32m INFO[0m [2mnanospam::setup::node_config_factory[0m[2m:[0m Setting up node PR0...
[2m2026-09-23T07:41:28.261470Z[0m [32m INFO[0m [2mnanospam::setup::node_config_factory[0m[2m:[0m Creating directory "/Users/ruimorais/NanoSpam/pr0"
[2m2026-09-23T07:41:28.261557Z[0m [32m INFO[0m [2mnanospam::setup::node_config_factory[0m[2m:[0m Creating node config file: "/Users/ruimorais/NanoSpam/pr0/config-node.toml"
[2m2026-09-23T07:41:28.261672Z[0m [32m INFO[0m [2mnanospam::setup::node_config_factory[0m[2m:[0m Creating rpc config file: "/Users/ruimorais/NanoSpam/pr0/config-rpc.toml"
[2m2026-09-23T07:41:28.261731Z[0m [32m INFO[0m [2mnanospam::setup::node_config_factory[0m[2m:[0m ********************************************************************************
[2m2026-09-23T07:41:28.261735Z[0m [32m INFO[0m [2mnanospam::setup::node_config_factory[0m[2m:[0m Setting up node PR1...
[2m2026-09-23T07:41:28.261739Z[0m [32m INFO[0m [2mnanospam::setup::node_config_factory[0m[2m:[0m Creating directory "/Users/ruimorais/NanoSpam/pr1"
[2m2026-09-23T07:41:28.261786Z[0m [32m INFO[0m [2mnanospam::setup::node_config_factory[0m[2m:[0m Creating node config file: "/Users/ruimorais/NanoSpam/pr1/config-node.toml"
[2m2026-09-23T07:41:28.261851Z[0m [32m INFO[0m [2mnanospam::setup::node_config_factory[0m[2m:[0m Creating rpc config file: "/Users/ruimorais/NanoSpam/pr1/config-rpc.toml"
[2m2026-09-23T07:41:28.261917Z[0m [32m INFO[0m [2mnanospam::setup::node_config_factory[0m[2m:[0m ********************************************************************************
[2m2026-09-23T07:41:28.261921Z[0m [32m INFO[0m [2mnanospam::setup::node_config_factory[0m[2m:[0m Setting up node PR2...
[2m2026-09-23T07:41:28.261925Z[0m [32m INFO[0m [2mnanospam::setup::node_config_factory[0m[2m:[0m Creating directory "/Users/ruimorais/NanoSpam/pr2"
[2m2026-09-23T07:41:28.261965Z[0m [32m INFO[0m [2mnanospam::setup::node_config_factory[0m[2m:[0m Creating node config file: "/Users/ruimorais/NanoSpam/pr2/config-node.toml"
[2m2026-09-23T07:41:28.262030Z[0m [32m INFO[0m [2mnanospam::setup::node_config_factory[0m[2m:[0m Creating rpc config file: "/Users/ruimorais/NanoSpam/pr2/config-rpc.toml"
[2m2026-09-23T07:41:28.262083Z[0m [32m INFO[0m [2mnanospam::setup::node_config_factory[0m[2m:[0m ********************************************************************************
[2m2026-09-23T07:41:28.262087Z[0m [32m INFO[0m [2mnanospam::setup::node_config_factory[0m[2m:[0m Setting up node PR3...
[2m2026-09-23T07:41:28.262091Z[0m [32m INFO[0m [2mnanospam::setup::node_config_factory[0m[2m:[0m Creating directory "/Users/ruimorais/NanoSpam/pr3"
[2m2026-09-23T07:41:28.262127Z[0m [32m INFO[0m [2mnanospam::setup::node_config_factory[0m[2m:[0m Creating node config file: "/Users/ruimorais/NanoSpam/pr3/config-node.toml"
[2m2026-09-23T07:41:28.262349Z[0m [32m INFO[0m [2mnanospam::setup::node_config_factory[0m[2m:[0m Creating rpc config file: "/Users/ruimorais/NanoSpam/pr3/config-rpc.toml"
[2m2026-09-23T07:41:28.262451Z[0m [32m INFO[0m [2mnanospam::setup::node_config_factory[0m[2m:[0m ********************************************************************************
[2m2026-09-23T07:41:28.262456Z[0m [32m INFO[0m [2mnanospam::setup::node_config_factory[0m[2m:[0m Setting up node PR4...
[2m2026-09-23T07:41:28.262460Z[0m [32m INFO[0m [2mnanospam::setup::node_config_factory[0m[2m:[0m Creating directory "/Users/ruimorais/NanoSpam/pr4"
[2m2026-09-23T07:41:28.262508Z[0m [32m INFO[0m [2mnanospam::setup::node_config_factory[0m[2m:[0m Creating node config file: "/Users/ruimorais/NanoSpam/pr4/config-node.toml"
[2m2026-09-23T07:41:28.262584Z[0m [32m INFO[0m [2mnanospam::setup::node_config_factory[0m[2m:[0m Creating rpc config file: "/Users/ruimorais/NanoSpam/pr4/config-rpc.toml"
[2m2026-09-23T07:41:28.262679Z[0m [32m INFO[0m [2mnanospam::setup::node_config_factory[0m[2m:[0m ********************************************************************************
[2m2026-09-23T07:41:28.262685Z[0m [32m INFO[0m [2mnanospam::setup::node_config_factory[0m[2m:[0m Setting up node PR5...
[2m2026-09-23T07:41:28.262689Z[0m [32m INFO[0m [2mnanospam::setup::node_config_factory[0m[2m:[0m Creating directory "/Users/ruimorais/NanoSpam/pr5"
[2m2026-09-23T07:41:28.262739Z[0m [32m INFO[0m [2mnanospam::setup::node_config_factory[0m[2m:[0m Creating node config file: "/Users/ruimorais/NanoSpam/pr5/config-node.toml"
[2m2026-09-23T07:41:28.262834Z[0m [32m INFO[0m [2mnanospam::setup::node_config_factory[0m[2m:[0m Creating rpc config file: "/Users/ruimorais/NanoSpam/pr5/config-rpc.toml"
[2m2026-09-23T07:41:28.263052Z[0m [32m INFO[0m [2mnanospam::setup::node_launcher[0m[2m:[0m Starting node: NANO_TEST_GENESIS_BLOCK="{\n    \"type\": \"open\",\n    \"account\": \"nano_3nroioygg54nusrmyun4woimqex36sp3drnctdt5955uqu47fxbkrxk7n7ne\",\n    \"source\": \"D315857CE70C54DE713F6E82E5613BB3A1266C15E28AD2F4338C7BBEC456F532\",\n    \"representative\": \"nano_3nroioygg54nusrmyun4woimqex36sp3drnctdt5955uqu47fxbkrxk7n7ne\",\n    \"signature\": \"3F6792C2DC623DF2E8643777160AB983B66B337E2478E13D2C3448126A8F4CD8DCCD19803C158A057FA44060AE0EFC09B1C311CB4FBF42F8D240610B38F56E08\",\n    \"work\": \"70FEF01F7EC45DEC\"\n    }" NANO_TEST_GENESIS_PRV ="49643F9B10CA1AA34F9AF8ED4AABD29F436104CCC375974B108534A48EAE3FE1" "rsnano" "--network" "test" "--data-path" "/Users/ruimorais/NanoSpam/pr0" "node" "run"
[2m2026-09-23T07:41:28.263810Z[0m [32m INFO[0m [2mnanospam::setup::node_launcher[0m[2m:[0m Waiting for RPC...
[2m2026-09-23T07:41:28.571404Z[0m [32m INFO[0m [2mnanospam::setup::node_launcher[0m[2m:[0m Starting node: NANO_TEST_GENESIS_BLOCK="{\n    \"type\": \"open\",\n    \"account\": \"nano_3nroioygg54nusrmyun4woimqex36sp3drnctdt5955uqu47fxbkrxk7n7ne\",\n    \"source\": \"D315857CE70C54DE713F6E82E5613BB3A1266C15E28AD2F4338C7BBEC456F532\",\n    \"representative\": \"nano_3nroioygg54nusrmyun4woimqex36sp3drnctdt5955uqu47fxbkrxk7n7ne\",\n    \"signature\": \"3F6792C2DC623DF2E8643777160AB983B66B337E2478E13D2C3448126A8F4CD8DCCD19803C158A057FA44060AE0EFC09B1C311CB4FBF42F8D240610B38F56E08\",\n    \"work\": \"70FEF01F7EC45DEC\"\n    }" NANO_TEST_GENESIS_PRV ="49643F9B10CA1AA34F9AF8ED4AABD29F436104CCC375974B108534A48EAE3FE1" "rsnano" "--network" "test" "--data-path" "/Users/ruimorais/NanoSpam/pr1" "node" "run"
[2m2026-09-23T07:41:28.571762Z[0m [32m INFO[0m [2mnanospam::setup::node_launcher[0m[2m:[0m Waiting for RPC...
[2m2026-09-23T07:41:28.674205Z[0m [32m INFO[0m [2mnanospam::setup::node_launcher[0m[2m:[0m Starting node: NANO_TEST_GENESIS_BLOCK="{\n    \"type\": \"open\",\n    \"account\": \"nano_3nroioygg54nusrmyun4woimqex36sp3drnctdt5955uqu47fxbkrxk7n7ne\",\n    \"source\": \"D315857CE70C54DE713F6E82E5613BB3A1266C15E28AD2F4338C7BBEC456F532\",\n    \"representative\": \"nano_3nroioygg54nusrmyun4woimqex36sp3drnctdt5955uqu47fxbkrxk7n7ne\",\n    \"signature\": \"3F6792C2DC623DF2E8643777160AB983B66B337E2478E13D2C3448126A8F4CD8DCCD19803C158A057FA44060AE0EFC09B1C311CB4FBF42F8D240610B38F56E08\",\n    \"work\": \"70FEF01F7EC45DEC\"\n    }" NANO_TEST_GENESIS_PRV ="49643F9B10CA1AA34F9AF8ED4AABD29F436104CCC375974B108534A48EAE3FE1" "rsnano" "--network" "test" "--data-path" "/Users/ruimorais/NanoSpam/pr2" "node" "run"
[2m2026-09-23T07:41:28.674577Z[0m [32m INFO[0m [2mnanospam::setup::node_launcher[0m[2m:[0m Waiting for RPC...
[2m2026-09-23T07:41:28.777383Z[0m [32m INFO[0m [2mnanospam::setup::node_launcher[0m[2m:[0m Starting node: NANO_TEST_GENESIS_BLOCK="{\n    \"type\": \"open\",\n    \"account\": \"nano_3nroioygg54nusrmyun4woimqex36sp3drnctdt5955uqu47fxbkrxk7n7ne\",\n    \"source\": \"D315857CE70C54DE713F6E82E5613BB3A1266C15E28AD2F4338C7BBEC456F532\",\n    \"representative\": \"nano_3nroioygg54nusrmyun4woimqex36sp3drnctdt5955uqu47fxbkrxk7n7ne\",\n    \"signature\": \"3F6792C2DC623DF2E8643777160AB983B66B337E2478E13D2C3448126A8F4CD8DCCD19803C158A057FA44060AE0EFC09B1C311CB4FBF42F8D240610B38F56E08\",\n    \"work\": \"70FEF01F7EC45DEC\"\n    }" NANO_TEST_GENESIS_PRV ="49643F9B10CA1AA34F9AF8ED4AABD29F436104CCC375974B108534A48EAE3FE1" "rsnano" "--network" "test" "--data-path" "/Users/ruimorais/NanoSpam/pr3" "node" "run"
[2m2026-09-23T07:41:28.777795Z[0m [32m INFO[0m [2mnanospam::setup::node_launcher[0m[2m:[0m Waiting for RPC...
[2m2026-09-23T07:41:28.879598Z[0m [32m INFO[0m [2mnanospam::setup::node_launcher[0m[2m:[0m Starting node: NANO_TEST_GENESIS_BLOCK="{\n    \"type\": \"open\",\n    \"account\": \"nano_3nroioygg54nusrmyun4woimqex36sp3drnctdt5955uqu47fxbkrxk7n7ne\",\n    \"source\": \"D315857CE70C54DE713F6E82E5613BB3A1266C15E28AD2F4338C7BBEC456F532\",\n    \"representative\": \"nano_3nroioygg54nusrmyun4woimqex36sp3drnctdt5955uqu47fxbkrxk7n7ne\",\n    \"signature\": \"3F6792C2DC623DF2E8643777160AB983B66B337E2478E13D2C3448126A8F4CD8DCCD19803C158A057FA44060AE0EFC09B1C311CB4FBF42F8D240610B38F56E08\",\n    \"work\": \"70FEF01F7EC45DEC\"\n    }" NANO_TEST_GENESIS_PRV ="49643F9B10CA1AA34F9AF8ED4AABD29F436104CCC375974B108534A48EAE3FE1" "rsnano" "--network" "test" "--data-path" "/Users/ruimorais/NanoSpam/pr4" "node" "run"
[2m2026-09-23T07:41:28.879993Z[0m [32m INFO[0m [2mnanospam::setup::node_launcher[0m[2m:[0m Waiting for RPC...
[2m2026-09-23T07:41:28.982613Z[0m [32m INFO[0m [2mnanospam::setup::node_launcher[0m[2m:[0m Starting node: NANO_TEST_GENESIS_BLOCK="{\n    \"type\": \"open\",\n    \"account\": \"nano_3nroioygg54nusrmyun4woimqex36sp3drnctdt5955uqu47fxbkrxk7n7ne\",\n    \"source\": \"D315857CE70C54DE713F6E82E5613BB3A1266C15E28AD2F4338C7BBEC456F532\",\n    \"representative\": \"nano_3nroioygg54nusrmyun4woimqex36sp3drnctdt5955uqu47fxbkrxk7n7ne\",\n    \"signature\": \"3F6792C2DC623DF2E8643777160AB983B66B337E2478E13D2C3448126A8F4CD8DCCD19803C158A057FA44060AE0EFC09B1C311CB4FBF42F8D240610B38F56E08\",\n    \"work\": \"70FEF01F7EC45DEC\"\n    }" NANO_TEST_GENESIS_PRV ="49643F9B10CA1AA34F9AF8ED4AABD29F436104CCC375974B108534A48EAE3FE1" "rsnano" "--network" "test" "--data-path" "/Users/ruimorais/NanoSpam/pr5" "node" "run"
[2m2026-09-23T07:41:28.983176Z[0m [32m INFO[0m [2mnanospam::setup::node_launcher[0m[2m:[0m Waiting for RPC...
[2m2026-09-23T07:41:29.086752Z[0m [32m INFO[0m [2mnanospam::wallets_factory[0m[2m:[0m Creating wallet...
[2m2026-09-23T07:41:29.153128Z[0m [32m INFO[0m [2mnanospam::wallets_factory[0m[2m:[0m Setting default representative...
[2m2026-09-23T07:41:29.153452Z[0m [32m INFO[0m [2mnanospam::wallets_factory[0m[2m:[0m Creating wallet...
[2m2026-09-23T07:41:29.199997Z[0m [32m INFO[0m [2mnanospam::wallets_factory[0m[2m:[0m Setting default representative...
[2m2026-09-23T07:41:29.200229Z[0m [32m INFO[0m [2mnanospam::wallets_factory[0m[2m:[0m Sending Ӿ40,047,061 to PR1 wallet nano_3atmwjh8t11psdqf3qx6xjfiei94oajch6zsyauowxzjogbbgz168g5mp8f1 ...
[2m2026-09-23T07:41:29.200625Z[0m [32m INFO[0m [2mnanospam::wallets_factory[0m[2m:[0m Waiting for confirmation for B19EAD8221E07E52EEB7CA7EE50577B662C489ADBA15C0727DB6F8AEDAD50081
[2m2026-09-23T07:41:44.383025Z[0m [32m INFO[0m [2mnanospam::wallets_factory[0m[2m:[0m Receiving...
[2m2026-09-23T07:41:44.384549Z[0m [32m INFO[0m [2mnanospam::wallets_factory[0m[2m:[0m Waiting for confirmation for CBAA8D9FE2AA2CFEB77B87886D76922E22E4C51C0C091A54179A7E5CF79FC967
[2m2026-09-23T07:41:44.589269Z[0m [32m INFO[0m [2mnanospam::wallets_factory[0m[2m:[0m DONE
[2m2026-09-23T07:41:44.589329Z[0m [32m INFO[0m [2mnanospam::wallets_factory[0m[2m:[0m ********************************************************************************
[2m2026-09-23T07:41:44.589336Z[0m [32m INFO[0m [2mnanospam::wallets_factory[0m[2m:[0m Creating wallet...
[2m2026-09-23T07:41:44.640368Z[0m [32m INFO[0m [2mnanospam::wallets_factory[0m[2m:[0m Setting default representative...
[2m2026-09-23T07:41:44.640659Z[0m [32m INFO[0m [2mnanospam::wallets_factory[0m[2m:[0m Sending Ӿ40,047,061 to PR2 wallet nano_36asm8scxymtsjmgqp14per3zxpgaec1c65qb9en1buscq7qzqa93tfyyzs3 ...
[2m2026-09-23T07:41:44.641152Z[0m [32m INFO[0m [2mnanospam::wallets_factory[0m[2m:[0m Waiting for confirmation for CAFB013DCCB20BBF4CC103A0FDD2BF25C8F109B9E984B96D0666840E4B0F89BA
[2m2026-09-23T07:41:44.743758Z[0m [32m INFO[0m [2mnanospam::wallets_factory[0m[2m:[0m Receiving...
[2m2026-09-23T07:41:44.744600Z[0m [32m INFO[0m [2mnanospam::wallets_factory[0m[2m:[0m Waiting for confirmation for 7189E44F408196E8FD1F393F06CDAD4F7C5A415B2A2DDFA8ABEABEE83DA60182
[2m2026-09-23T07:41:44.847665Z[0m [32m INFO[0m [2mnanospam::wallets_factory[0m[2m:[0m DONE
[2m2026-09-23T07:41:44.847719Z[0m [32m INFO[0m [2mnanospam::wallets_factory[0m[2m:[0m ********************************************************************************
[2m2026-09-23T07:41:44.847729Z[0m [32m INFO[0m [2mnanospam::wallets_factory[0m[2m:[0m Creating wallet...
[2m2026-09-23T07:41:44.917052Z[0m [32m INFO[0m [2mnanospam::wallets_factory[0m[2m:[0m Setting default representative...
[2m2026-09-23T07:41:44.917330Z[0m [32m INFO[0m [2mnanospam::wallets_factory[0m[2m:[0m Sending Ӿ40,047,061 to PR3 wallet nano_1sfb11jzfi8k51fcnrzi1qe3qh1e1jkic3h45oak9yfg5yhbkczzxfwtat7m ...
[2m2026-09-23T07:41:44.917772Z[0m [32m INFO[0m [2mnanospam::wallets_factory[0m[2m:[0m Waiting for confirmation for E2CEA882BAF6FE5BE932C387FEB7740D791CAF9E5BECC7CEE8176C7DDEE6378A
[2m2026-09-23T07:41:48.200775Z[0m [32m INFO[0m [2mnanospam::wallets_factory[0m[2m:[0m Receiving...
[2m2026-09-23T07:41:48.202325Z[0m [32m INFO[0m [2mnanospam::wallets_factory[0m[2m:[0m Waiting for confirmation for EA5EC3EAA2535557DB68742DBFA22A64B7B314876EE136F919471550E89D65D4
[2m2026-09-23T07:41:48.407646Z[0m [32m INFO[0m [2mnanospam::wallets_factory[0m[2m:[0m DONE
[2m2026-09-23T07:41:48.407791Z[0m [32m INFO[0m [2mnanospam::wallets_factory[0m[2m:[0m ********************************************************************************
[2m2026-09-23T07:41:48.407804Z[0m [32m INFO[0m [2mnanospam::wallets_factory[0m[2m:[0m Creating wallet...
[2m2026-09-23T07:41:48.485926Z[0m [32m INFO[0m [2mnanospam::wallets_factory[0m[2m:[0m Setting default representative...
[2m2026-09-23T07:41:48.486292Z[0m [32m INFO[0m [2mnanospam::wallets_factory[0m[2m:[0m Sending Ӿ40,047,061 to PR4 wallet nano_1rsxmoinip7d4wafdp855194n43fs7s1jgne6tx8ruatiu6g89815pddzijp ...
[2m2026-09-23T07:41:48.486714Z[0m [32m INFO[0m [2mnanospam::wallets_factory[0m[2m:[0m Waiting for confirmation for 22677C7E74B964C1E24887306A66EAC48330280DFA5744E0E21166EC47B5438A
[2m2026-09-23T07:41:48.691792Z[0m [32m INFO[0m [2mnanospam::wallets_factory[0m[2m:[0m Receiving...
[2m2026-09-23T07:41:48.693526Z[0m [32m INFO[0m [2mnanospam::wallets_factory[0m[2m:[0m Waiting for confirmation for 686B8354F9897585048EDBC473B612A3E2823DE919A66201E69841219A6B5651
[2m2026-09-23T07:41:48.796906Z[0m [32m INFO[0m [2mnanospam::wallets_factory[0m[2m:[0m DONE
[2m2026-09-23T07:41:48.796966Z[0m [32m INFO[0m [2mnanospam::wallets_factory[0m[2m:[0m ********************************************************************************
[2m2026-09-23T07:41:48.796980Z[0m [32m INFO[0m [2mnanospam::wallets_factory[0m[2m:[0m Creating wallet...
[2m2026-09-23T07:41:48.872882Z[0m [32m INFO[0m [2mnanospam::wallets_factory[0m[2m:[0m Setting default representative...
[2m2026-09-23T07:41:48.873167Z[0m [32m INFO[0m [2mnanospam::wallets_factory[0m[2m:[0m Sending Ӿ40,047,061 to PR5 wallet nano_1wtzwadxk9naxc356m4rienp93ht131w7ypadk39qck8uah3bg3zohsmj9th ...
[2m2026-09-23T07:41:48.873542Z[0m [32m INFO[0m [2mnanospam::wallets_factory[0m[2m:[0m Waiting for confirmation for 86B6E149E407121861E950D6B66B56BA39E500C199E580ED6065515C3C25094F
[2m2026-09-23T07:41:49.180705Z[0m [32m INFO[0m [2mnanospam::wallets_factory[0m[2m:[0m Receiving...
[2m2026-09-23T07:41:49.181623Z[0m [32m INFO[0m [2mnanospam::wallets_factory[0m[2m:[0m Waiting for confirmation for 417F8AEA0F6FDD9A5EE6F5896819E98A81FC15AA2CF56207A5BCFB27193E37A9
[2m2026-09-23T07:41:49.284165Z[0m [32m INFO[0m [2mnanospam::wallets_factory[0m[2m:[0m DONE
[2m2026-09-23T07:41:49.284181Z[0m [32m INFO[0m [2mnanospam::wallets_factory[0m[2m:[0m ********************************************************************************
[2m2026-09-23T07:41:49.284186Z[0m [32m INFO[0m [2mnanospam::wallets_factory[0m[2m:[0m Sending initial spam amount...
[2m2026-09-23T07:41:49.284601Z[0m [32m INFO[0m [2mnanospam::wallets_factory[0m[2m:[0m Waiting for confirmation for F489A0F50F5D753BC8963DC7F01AA0DFBDD200352847EA426F8176D3417C0B7B
[2m2026-09-23T07:41:49.592515Z[0m [32m INFO[0m [2mnanospam::wallets_factory[0m[2m:[0m Receiving initial spam amount...
[2m2026-09-23T07:41:49.593380Z[0m [32m INFO[0m [2mnanospam::wallets_factory[0m[2m:[0m Waiting for confirmation for BABC60E4538897072F5159445F92F50105267459B9F921AB3C8DD4FD9876C598
[2m2026-09-23T07:41:49.800056Z[0m [32m INFO[0m [2mnanospam::wallets_factory[0m[2m:[0m Seeding Ӿ14,285,714 to nano_1yjdn7qu5yjjk1er3cbtw8xwz4mu9mq44of9ht7qwd7ucfr3ug1n3jybq6is for representative D315857CE70C54DE713F6E82E5613BB3A1266C15E28AD2F4338C7BBEC456F532
[2m2026-09-23T07:41:49.801414Z[0m [32m INFO[0m [2mnanospam::wallets_factory[0m[2m:[0m Waiting for confirmation for 1390DD7AB6C8130D229894DEA69908EEEF2A1B9F4556A7B3DF57785E2E61DEAA
[2m2026-09-23T07:41:54.923148Z[0m [32m INFO[0m [2mnanospam::wallets_factory[0m[2m:[0m Waiting for confirmation for 4D5667B4ED97D2D76E91F5CA849BC12BC6CAC6872AA1C601450AA1D297143DD4
[2m2026-09-23T07:41:55.230627Z[0m [32m INFO[0m [2mnanospam::wallets_factory[0m[2m:[0m Seeding Ӿ14,285,714 to nano_17rdooraiphx3h4dba358eiwpkijwqmb7q776ofyb8w1ecibqf58djtfycyd for representative A353E45E6D0016CAEED0DFA4EC5B0640E2AA22A793F9F2375E77F1AB92977C04
[2m2026-09-23T07:41:55.231092Z[0m [32m INFO[0m [2mnanospam::wallets_factory[0m[2m:[0m Waiting for confirmation for B0652F9AD81AE80CA6D1501E66F69774C2175CF894639971CAEEC6ABDE53D6BF
[2m2026-09-23T07:41:55.437247Z[0m [32m INFO[0m [2mnanospam::wallets_factory[0m[2m:[0m Waiting for confirmation for 422FD71614F63317E53383D358316D0A459ADA023A5D7F3D80FFFED571A7D829
[2m2026-09-23T07:41:55.948818Z[0m [32m INFO[0m [2mnanospam::wallets_factory[0m[2m:[0m Seeding Ӿ14,285,714 to nano_3ipyinqsfaefxtm9jy11dyfmbhw1hnqhw9ah4sm93do4skrj6ps45od41noa for representative 911999B2AEFA7ACC66EBD802B3301FF6CE431405107749D940277955CB7FDD07
[2m2026-09-23T07:41:55.949358Z[0m [32m INFO[0m [2mnanospam::wallets_factory[0m[2m:[0m Waiting for confirmation for 39CEF89DE887AD448B130E9D8F53681B49A643E1FD96ACCB3C61C5F39D64BDF8
[2m2026-09-23T07:41:56.156003Z[0m [32m INFO[0m [2mnanospam::wallets_factory[0m[2m:[0m Waiting for confirmation for 03D9EB745B0ABA7568286AC6C72808D1FAFFE8D3469D25FCE252B488D0F39000
[2m2026-09-23T07:41:56.463741Z[0m [32m INFO[0m [2mnanospam::wallets_factory[0m[2m:[0m Seeding Ӿ14,285,714 to nano_37y7a966erqc69sgrfgt4qj4phmuobs4fa88xagyc77utuo9ieedm6p4k1nq for representative 65A90023F6C0D2181AAA63F005D81BBC0C04650505E21D5123F9AE1F9E992BFF
[2m2026-09-23T07:41:56.464395Z[0m [32m INFO[0m [2mnanospam::wallets_factory[0m[2m:[0m Waiting for confirmation for 4D95A700D2E0608670C48CBFF8AC76493B83014AD44C62990BF8778730281310
[2m2026-09-23T07:41:56.875490Z[0m [32m INFO[0m [2mnanospam::wallets_factory[0m[2m:[0m Waiting for confirmation for 05850982D86CC424746841CD9D758FCEDA4103C71E3EBEE1B0DA45F4790F586A
[2m2026-09-23T07:41:57.081342Z[0m [32m INFO[0m [2mnanospam::wallets_factory[0m[2m:[0m Seeding Ӿ14,285,714 to nano_3g4jst16fo3x7cfrmm77nj8bwpqqguhiohp1aj717wu63jxkknpojr8n67ss for representative 633D9D614858AB1710D5D8C3180E2A082DC97208BA8C26BA6C6D1A86C8E31CC0
[2m2026-09-23T07:41:57.082294Z[0m [32m INFO[0m [2mnanospam::wallets_factory[0m[2m:[0m Waiting for confirmation for DFE4AFE8E0330349E142078BB1F8AB2F0BA9FB219F7C0C47C6FB276C0F45E704
[2m2026-09-23T07:41:57.595183Z[0m [32m INFO[0m [2mnanospam::wallets_factory[0m[2m:[0m Waiting for confirmation for 269D16BCF8C5B553AF87C6D42F5663418601E91D7A57ECF59D76BE7D29141A45
[2m2026-09-23T07:41:57.904084Z[0m [32m INFO[0m [2mnanospam::wallets_factory[0m[2m:[0m Seeding Ӿ14,285,714 to nano_1ty8rn3jncq6ef4nx56xogcpz3waw33j7o3kgdkb8zmbqm5zdq5abd6ti13f for representative 735FE217D91E88EA82324C5883296385FA0041C2FAC85C827BAA46DA1E14B83F
[2m2026-09-23T07:41:57.904803Z[0m [32m INFO[0m [2mnanospam::wallets_factory[0m[2m:[0m Waiting for confirmation for DE602BCB005924DBE02AC14B82F598FCFF1D1190E9C2A4F629A8A136104C0872
[2m2026-09-23T07:41:58.314646Z[0m [32m INFO[0m [2mnanospam::wallets_factory[0m[2m:[0m Waiting for confirmation for FC1F36DDEEFDB1F7F882343D88EFCA2AA8DDD4DFECB05CC4770A7D624FCFE78A
[2m2026-09-23T07:41:58.418860Z[0m [32m INFO[0m [2mnanospam::high_prio_check[0m[2m:[0m Creating high priority accounts...
[2m2026-09-23T07:41:58.437425Z[0m [32m INFO[0m [2mnanospam::high_prio_check[0m[2m:[0m Waiting for confirmations...
[2m2026-09-23T07:42:00.570972Z[0m [32m INFO[0m [2mnanospam::app[0m[2m:[0m Waiting for all PRs to see the full quorum...
[2m2026-09-23T07:42:01.180921Z[0m [32m INFO[0m [2mnanospam::app[0m[2m:[0m All PRs see the full quorum after 609.944958ms
[2m2026-09-23T07:42:01.180982Z[0m [32m INFO[0m [2mnanospam::app[0m[2m:[0m Waiting for all PRs to hold the same cemented ledger...
[2m2026-09-23T07:42:01.183100Z[0m [32m INFO[0m [2mnanospam::app[0m[2m:[0m All PRs hold the same ledger of 65 blocks after 2.100167ms
EPOCH_COMMITTEE derived_by=genesis members=6 accounts=33 n=340282366920938463463374607431768211455 digest=F9BD739DEC3E8C987C5E6D5F869562590F3481751A7ED5D0E0C3C751FC90F12C shares=["911999B2:20.2%", "A353E45E:16.0%", "735FE217:16.0%", "633D9D61:16.0%", "65A90023:16.0%", "D315857C:16.0%"] t=1790149321183
EPOCH_START epoch=0 elections=0 t=1790149321183
EPOCH_COMMITTEE derived_by=genesis members=6 accounts=33 n=340282366920938463463374607431768211455 digest=F9BD739DEC3E8C987C5E6D5F869562590F3481751A7ED5D0E0C3C751FC90F12C shares=["911999B2:20.2%", "A353E45E:16.0%", "735FE217:16.0%", "633D9D61:16.0%", "65A90023:16.0%", "D315857C:16.0%"] t=1790149321184
EPOCH_START epoch=0 elections=1 t=1790149321184
EPOCH_COMMITTEE derived_by=genesis members=6 accounts=33 n=340282366920938463463374607431768211455 digest=F9BD739DEC3E8C987C5E6D5F869562590F3481751A7ED5D0E0C3C751FC90F12C shares=["911999B2:20.2%", "A353E45E:16.0%", "735FE217:16.0%", "633D9D61:16.0%", "65A90023:16.0%", "D315857C:16.0%"] t=1790149321184
EPOCH_START epoch=0 elections=0 t=1790149321184
EPOCH_COMMITTEE derived_by=genesis members=6 accounts=33 n=340282366920938463463374607431768211455 digest=F9BD739DEC3E8C987C5E6D5F869562590F3481751A7ED5D0E0C3C751FC90F12C shares=["911999B2:20.2%", "A353E45E:16.0%", "735FE217:16.0%", "633D9D61:16.0%", "65A90023:16.0%", "D315857C:16.0%"] t=1790149321184
EPOCH_START epoch=0 elections=0 t=1790149321184
EPOCH_COMMITTEE derived_by=genesis members=6 accounts=33 n=340282366920938463463374607431768211455 digest=F9BD739DEC3E8C987C5E6D5F869562590F3481751A7ED5D0E0C3C751FC90F12C shares=["911999B2:20.2%", "A353E45E:16.0%", "735FE217:16.0%", "633D9D61:16.0%", "65A90023:16.0%", "D315857C:16.0%"] t=1790149321185
EPOCH_START epoch=0 elections=1 t=1790149321185
EPOCH_COMMITTEE derived_by=genesis members=6 accounts=33 n=340282366920938463463374607431768211455 digest=F9BD739DEC3E8C987C5E6D5F869562590F3481751A7ED5D0E0C3C751FC90F12C shares=["911999B2:20.2%", "A353E45E:16.0%", "735FE217:16.0%", "633D9D61:16.0%", "65A90023:16.0%", "D315857C:16.0%"] t=1790149321185
EPOCH_START epoch=0 elections=0 t=1790149321185
[2m2026-09-23T07:42:01.185710Z[0m [32m INFO[0m [2mnanospam::app[0m[2m:[0m Started the epochs on every PR
[2m2026-09-23T07:42:01.185732Z[0m [32m INFO[0m [2mnanospam::app[0m[2m:[0m Connecting to node PR0... [3mpeer_addr[0m[2m=[0m[::1]:17075
[2m2026-09-23T07:42:01.186106Z[0m [32m INFO[0m [2mnanospam::app[0m[2m:[0m Performing handshake...
[2m2026-09-23T07:42:01.186795Z[0m [32m INFO[0m [2mnanospam::app[0m[2m:[0m Performing handshake...
[2m2026-09-23T07:42:01.198911Z[0m [32m INFO[0m [2mnanospam::app[0m[2m:[0m Performing handshake...
[2m2026-09-23T07:42:01.210112Z[0m [32m INFO[0m [2mnanospam::app[0m[2m:[0m Performing handshake...
[2m2026-09-23T07:42:01.220971Z[0m [32m INFO[0m [2mnanospam::app[0m[2m:[0m Connecting to node PR1... [3mpeer_addr[0m[2m=[0m[::1]:17085
[2m2026-09-23T07:42:01.221236Z[0m [32m INFO[0m [2mnanospam::app[0m[2m:[0m Performing handshake...
[2m2026-09-23T07:42:01.221781Z[0m [32m INFO[0m [2mnanospam::app[0m[2m:[0m Performing handshake...
[2m2026-09-23T07:42:01.233174Z[0m [32m INFO[0m [2mnanospam::app[0m[2m:[0m Performing handshake...
[2m2026-09-23T07:42:01.244164Z[0m [32m INFO[0m [2mnanospam::app[0m[2m:[0m Performing handshake...
[2m2026-09-23T07:42:01.254699Z[0m [32m INFO[0m [2mnanospam::app[0m[2m:[0m Connecting to node PR2... [3mpeer_addr[0m[2m=[0m[::1]:17095
[2m2026-09-23T07:42:01.255050Z[0m [32m INFO[0m [2mnanospam::app[0m[2m:[0m Performing handshake...
[2m2026-09-23T07:42:01.255743Z[0m [32m INFO[0m [2mnanospam::app[0m[2m:[0m Performing handshake...
[2m2026-09-23T07:42:01.267270Z[0m [32m INFO[0m [2mnanospam::app[0m[2m:[0m Performing handshake...
[2m2026-09-23T07:42:01.279517Z[0m [32m INFO[0m [2mnanospam::app[0m[2m:[0m Performing handshake...
[2m2026-09-23T07:42:01.290698Z[0m [32m INFO[0m [2mnanospam::app[0m[2m:[0m Connecting to node PR3... [3mpeer_addr[0m[2m=[0m[::1]:17105
[2m2026-09-23T07:42:01.290918Z[0m [32m INFO[0m [2mnanospam::app[0m[2m:[0m Performing handshake...
[2m2026-09-23T07:42:01.291672Z[0m [32m INFO[0m [2mnanospam::app[0m[2m:[0m Performing handshake...
[2m2026-09-23T07:42:01.303905Z[0m [32m INFO[0m [2mnanospam::app[0m[2m:[0m Performing handshake...
[2m2026-09-23T07:42:01.316129Z[0m [32m INFO[0m [2mnanospam::app[0m[2m:[0m Performing handshake...
[2m2026-09-23T07:42:01.326990Z[0m [32m INFO[0m [2mnanospam::app[0m[2m:[0m Connecting to node PR4... [3mpeer_addr[0m[2m=[0m[::1]:17115
[2m2026-09-23T07:42:01.327261Z[0m [32m INFO[0m [2mnanospam::app[0m[2m:[0m Performing handshake...
[2m2026-09-23T07:42:01.328001Z[0m [32m INFO[0m [2mnanospam::app[0m[2m:[0m Performing handshake...
[2m2026-09-23T07:42:01.340110Z[0m [32m INFO[0m [2mnanospam::app[0m[2m:[0m Performing handshake...
[2m2026-09-23T07:42:01.351508Z[0m [32m INFO[0m [2mnanospam::app[0m[2m:[0m Performing handshake...
[2m2026-09-23T07:42:01.363173Z[0m [32m INFO[0m [2mnanospam::app[0m[2m:[0m Connecting to node PR5... [3mpeer_addr[0m[2m=[0m[::1]:17125
[2m2026-09-23T07:42:01.363638Z[0m [32m INFO[0m [2mnanospam::app[0m[2m:[0m Performing handshake...
[2m2026-09-23T07:42:01.364537Z[0m [32m INFO[0m [2mnanospam::app[0m[2m:[0m Performing handshake...
[2m2026-09-23T07:42:01.375662Z[0m [32m INFO[0m [2mnanospam::app[0m[2m:[0m Performing handshake...
[2m2026-09-23T07:42:01.386821Z[0m [32m INFO[0m [2mnanospam::app[0m[2m:[0m Performing handshake...
[2m2026-09-23T07:42:01.397579Z[0m [32m INFO[0m [2mnanospam::app[0m[2m:[0m Connecting to websocket...
[2m2026-09-23T07:42:01.398777Z[0m [32m INFO[0m [2mnanospam::app[0m[2m:[0m Starting with 2000 BPS
[2m2026-09-23T07:42:02.400359Z[0m [32m INFO[0m [2mnanospam::app[0m[2m:[0m Confirmed 859 blocks | 2,000 bps | 952 cps | avg conf time: 88 ms
[2m2026-09-23T07:42:03.407991Z[0m [32m INFO[0m [2mnanospam::app[0m[2m:[0m Confirmed 3,618 blocks | 2,000 bps | 2,754 cps | avg conf time: 233 ms
[2m2026-09-23T07:42:04.408959Z[0m [32m INFO[0m [2mnanospam::app[0m[2m:[0m Confirmed 6,474 blocks | 2,000 bps | 2,835 cps | avg conf time: 171 ms
[2m2026-09-23T07:42:05.410094Z[0m [32m INFO[0m [2mnanospam::app[0m[2m:[0m Confirmed 8,424 blocks | 2,000 bps | 1,947 cps | avg conf time: 88 ms
[2m2026-09-23T07:42:06.411039Z[0m [32m INFO[0m [2mnanospam::app[0m[2m:[0m Confirmed 10,421 blocks | 2,000 bps | 1,995 cps | avg conf time: 86 ms
[2m2026-09-23T07:42:07.411937Z[0m [32m INFO[0m [2mnanospam::app[0m[2m:[0m Confirmed 12,366 blocks | 2,000 bps | 1,943 cps | avg conf time: 90 ms
[2m2026-09-23T07:42:08.412979Z[0m [32m INFO[0m [2mnanospam::app[0m[2m:[0m Confirmed 14,364 blocks | 2,000 bps | 1,995 cps | avg conf time: 92 ms
EPOCH_ENDED epoch=0 elections=210 active=202 t=1790149329190
EPOCH_ENDED epoch=0 elections=210 active=202 t=1790149329190
EPOCH_ENDED epoch=0 elections=210 active=202 t=1790149329190
EPOCH_ENDED epoch=0 elections=210 active=202 t=1790149329190
EPOCH_ENDED epoch=0 elections=210 active=202 t=1790149329190
EPOCH_ENDED epoch=0 elections=210 active=202 t=1790149329190
EPOCH_ADVANCED epoch=1 elections=210 active=202 vote_records=185669 t=1790149329214
EPOCH_ADVANCED epoch=1 elections=210 active=202 vote_records=185672 t=1790149329217
EPOCH_ADVANCED epoch=1 elections=210 active=202 vote_records=185669 t=1790149329219
EPOCH_REPORT epoch=0 certified=15864 residual=164 root=03261AFBF0C59D9B94E23F07CCE513E404D548837D781BBABABBA95C7AC12C27 reports=1 t=1790149329224
EPOCH_CLOSE_UNREADY epoch=0 short_of=reports usable=1 weight=54332751439204029624848148857675654294 required=275628717205960155405333432019732251279 held=0 theirs=[] t=1790149329224
EPOCH_ADVANCED epoch=1 elections=210 active=202 vote_records=185672 t=1790149329228
EPOCH_REPORT epoch=0 certified=15864 residual=179 root=03261AFBF0C59D9B94E23F07CCE513E404D548837D781BBABABBA95C7AC12C27 reports=1 t=1790149329231
EPOCH_REPORT epoch=0 certified=15864 residual=165 root=03261AFBF0C59D9B94E23F07CCE513E404D548837D781BBABABBA95C7AC12C27 reports=1 t=1790149329232
EPOCH_REPORT epoch=0 certified=15864 residual=182 root=03261AFBF0C59D9B94E23F07CCE513E404D548837D781BBABABBA95C7AC12C27 reports=1 t=1790149329235
EPOCH_ADVANCED epoch=1 elections=210 active=202 vote_records=185671 t=1790149329247
EPOCH_ADVANCED epoch=1 elections=210 active=202 vote_records=185671 t=1790149329248
EPOCH_REPORT epoch=0 certified=15864 residual=207 root=03261AFBF0C59D9B94E23F07CCE513E404D548837D781BBABABBA95C7AC12C27 reports=1 t=1790149329255
EPOCH_REPORT epoch=0 certified=15864 residual=205 root=03261AFBF0C59D9B94E23F07CCE513E404D548837D781BBABABBA95C7AC12C27 reports=1 t=1790149329257
EPOCH_RECONCILED epoch=0 reporter=D315857CE70C54DE713F6E82E5613BB3A1266C15E28AD2F4338C7BBEC456F532 complete=false entries=0 total=15864 t=1790149329269
EPOCH_RESIDUAL epoch=0 reporter=D315857CE70C54DE713F6E82E5613BB3A1266C15E28AD2F4338C7BBEC456F532 votes=30821 derived=164 complete=true sketch_cells=0 t=1790149329272
EPOCH_RECONCILED epoch=0 reporter=A353E45E6D0016CAEED0DFA4EC5B0640E2AA22A793F9F2375E77F1AB92977C04 complete=false entries=0 total=15864 t=1790149329273
EPOCH_RECONCILED epoch=0 reporter=735FE217D91E88EA82324C5883296385FA0041C2FAC85C827BAA46DA1E14B83F complete=false entries=0 total=15864 t=1790149329275
EPOCH_RESIDUAL epoch=0 reporter=A353E45E6D0016CAEED0DFA4EC5B0640E2AA22A793F9F2375E77F1AB92977C04 votes=31500 derived=182 complete=true sketch_cells=0 t=1790149329276
EPOCH_RESIDUAL epoch=0 reporter=735FE217D91E88EA82324C5883296385FA0041C2FAC85C827BAA46DA1E14B83F votes=31509 derived=171 complete=false sketch_cells=64 t=1790149329278
EPOCH_RECONCILED epoch=0 reporter=911999B2AEFA7ACC66EBD802B3301FF6CE431405107749D940277955CB7FDD07 complete=false entries=0 total=15864 t=1790149329278
EPOCH_RECONCILED epoch=0 reporter=65A90023F6C0D2181AAA63F005D81BBC0C04650505E21D5123F9AE1F9E992BFF complete=false entries=0 total=15864 t=1790149329279
EPOCH_RESIDUAL_SKETCH epoch=0 reporter=735FE217D91E88EA82324C5883296385FA0041C2FAC85C827BAA46DA1E14B83F incomplete=false edits=36 complete=true t=1790149329280
EPOCH_RESIDUAL epoch=0 reporter=911999B2AEFA7ACC66EBD802B3301FF6CE431405107749D940277955CB7FDD07 votes=30973 derived=165 complete=true sketch_cells=0 t=1790149329282
EPOCH_RECONCILED epoch=0 reporter=65A90023F6C0D2181AAA63F005D81BBC0C04650505E21D5123F9AE1F9E992BFF complete=false entries=0 total=15864 t=1790149329283
EPOCH_RESIDUAL epoch=0 reporter=65A90023F6C0D2181AAA63F005D81BBC0C04650505E21D5123F9AE1F9E992BFF votes=30865 derived=179 complete=true sketch_cells=0 t=1790149329283
EPOCH_RECONCILED epoch=0 reporter=633D9D614858AB1710D5D8C3180E2A082DC97208BA8C26BA6C6D1A86C8E31CC0 complete=false entries=0 total=15864 t=1790149329284
EPOCH_RESIDUAL epoch=0 reporter=633D9D614858AB1710D5D8C3180E2A082DC97208BA8C26BA6C6D1A86C8E31CC0 votes=31468 derived=205 complete=true sketch_cells=0 t=1790149329287
EPOCH_RECONCILED epoch=0 reporter=D315857CE70C54DE713F6E82E5613BB3A1266C15E28AD2F4338C7BBEC456F532 complete=false entries=0 total=15864 t=1790149329288
EPOCH_RESIDUAL epoch=0 reporter=65A90023F6C0D2181AAA63F005D81BBC0C04650505E21D5123F9AE1F9E992BFF votes=30865 derived=179 complete=true sketch_cells=0 t=1790149329294
EPOCH_RECONCILED epoch=0 reporter=735FE217D91E88EA82324C5883296385FA0041C2FAC85C827BAA46DA1E14B83F complete=false entries=0 total=15864 t=1790149329295
EPOCH_RESIDUAL epoch=0 reporter=D315857CE70C54DE713F6E82E5613BB3A1266C15E28AD2F4338C7BBEC456F532 votes=30822 derived=164 complete=true sketch_cells=0 t=1790149329297
EPOCH_RESIDUAL epoch=0 reporter=735FE217D91E88EA82324C5883296385FA0041C2FAC85C827BAA46DA1E14B83F votes=31545 derived=207 complete=true sketch_cells=0 t=1790149329298
EPOCH_CLOSE_READY epoch=0 t=1790149329298
EPOCH_RECONCILED epoch=0 reporter=911999B2AEFA7ACC66EBD802B3301FF6CE431405107749D940277955CB7FDD07 complete=false entries=0 total=15864 t=1790149329304
EPOCH_RESIDUAL epoch=0 reporter=911999B2AEFA7ACC66EBD802B3301FF6CE431405107749D940277955CB7FDD07 votes=30973 derived=165 complete=true sketch_cells=0 t=1790149329310
EPOCH_CLOSE_READY epoch=0 t=1790149329310
EPOCH_RECONCILED epoch=0 reporter=D315857CE70C54DE713F6E82E5613BB3A1266C15E28AD2F4338C7BBEC456F532 complete=false entries=0 total=15864 t=1790149329336
EPOCH_RESIDUAL epoch=0 reporter=D315857CE70C54DE713F6E82E5613BB3A1266C15E28AD2F4338C7BBEC456F532 votes=30821 derived=164 complete=true sketch_cells=0 t=1790149329339
EPOCH_RECONCILED epoch=0 reporter=911999B2AEFA7ACC66EBD802B3301FF6CE431405107749D940277955CB7FDD07 complete=false entries=0 total=15864 t=1790149329340
EPOCH_RECONCILED epoch=0 reporter=633D9D614858AB1710D5D8C3180E2A082DC97208BA8C26BA6C6D1A86C8E31CC0 complete=false entries=0 total=15864 t=1790149329341
EPOCH_RESIDUAL epoch=0 reporter=633D9D614858AB1710D5D8C3180E2A082DC97208BA8C26BA6C6D1A86C8E31CC0 votes=31468 derived=205 complete=true sketch_cells=0 t=1790149329345
EPOCH_RESIDUAL epoch=0 reporter=911999B2AEFA7ACC66EBD802B3301FF6CE431405107749D940277955CB7FDD07 votes=30973 derived=165 complete=true sketch_cells=0 t=1790149329345
EPOCH_RECONCILED epoch=0 reporter=D315857CE70C54DE713F6E82E5613BB3A1266C15E28AD2F4338C7BBEC456F532 complete=false entries=0 total=15864 t=1790149329346
EPOCH_RECONCILED epoch=0 reporter=65A90023F6C0D2181AAA63F005D81BBC0C04650505E21D5123F9AE1F9E992BFF complete=false entries=0 total=15864 t=1790149329347
EPOCH_RESIDUAL epoch=0 reporter=D315857CE70C54DE713F6E82E5613BB3A1266C15E28AD2F4338C7BBEC456F532 votes=30823 derived=164 complete=true sketch_cells=0 t=1790149329349
EPOCH_RECONCILED epoch=0 reporter=A353E45E6D0016CAEED0DFA4EC5B0640E2AA22A793F9F2375E77F1AB92977C04 complete=false entries=0 total=15864 t=1790149329350
EPOCH_RESIDUAL epoch=0 reporter=A353E45E6D0016CAEED0DFA4EC5B0640E2AA22A793F9F2375E77F1AB92977C04 votes=31500 derived=182 complete=true sketch_cells=0 t=1790149329353
EPOCH_RECONCILED epoch=0 reporter=65A90023F6C0D2181AAA63F005D81BBC0C04650505E21D5123F9AE1F9E992BFF complete=false entries=0 total=15864 t=1790149329354
EPOCH_RESIDUAL epoch=0 reporter=65A90023F6C0D2181AAA63F005D81BBC0C04650505E21D5123F9AE1F9E992BFF votes=30865 derived=179 complete=true sketch_cells=0 t=1790149329356
EPOCH_RECONCILED epoch=0 reporter=633D9D614858AB1710D5D8C3180E2A082DC97208BA8C26BA6C6D1A86C8E31CC0 complete=false entries=0 total=15864 t=1790149329357
EPOCH_RESIDUAL epoch=0 reporter=65A90023F6C0D2181AAA63F005D81BBC0C04650505E21D5123F9AE1F9E992BFF votes=30865 derived=179 complete=true sketch_cells=0 t=1790149329362
EPOCH_RESIDUAL epoch=0 reporter=633D9D614858AB1710D5D8C3180E2A082DC97208BA8C26BA6C6D1A86C8E31CC0 votes=31468 derived=205 complete=true sketch_cells=0 t=1790149329363
EPOCH_CLOSE_READY epoch=0 t=1790149329363
EPOCH_RECONCILED epoch=0 reporter=A353E45E6D0016CAEED0DFA4EC5B0640E2AA22A793F9F2375E77F1AB92977C04 complete=false entries=0 total=15864 t=1790149329363
EPOCH_RESIDUAL epoch=0 reporter=A353E45E6D0016CAEED0DFA4EC5B0640E2AA22A793F9F2375E77F1AB92977C04 votes=31500 derived=182 complete=true sketch_cells=0 t=1790149329367
EPOCH_RECONCILED epoch=0 reporter=735FE217D91E88EA82324C5883296385FA0041C2FAC85C827BAA46DA1E14B83F complete=false entries=0 total=15864 t=1790149329368
EPOCH_RESIDUAL epoch=0 reporter=735FE217D91E88EA82324C5883296385FA0041C2FAC85C827BAA46DA1E14B83F votes=31543 derived=207 complete=true sketch_cells=0 t=1790149329371
EPOCH_CLOSE_READY epoch=0 t=1790149329371
[2m2026-09-23T07:42:09.413829Z[0m [32m INFO[0m [2mnanospam::app[0m[2m:[0m Confirmed 15,964 blocks | 2,000 bps | 1,598 cps | avg conf time: 95 ms
EPOCH_RECONCILED epoch=0 reporter=911999B2AEFA7ACC66EBD802B3301FF6CE431405107749D940277955CB7FDD07 complete=false entries=0 total=15864 t=1790149329419
EPOCH_RESIDUAL epoch=0 reporter=911999B2AEFA7ACC66EBD802B3301FF6CE431405107749D940277955CB7FDD07 votes=30973 derived=165 complete=true sketch_cells=0 t=1790149329422
EPOCH_RECONCILED epoch=0 reporter=735FE217D91E88EA82324C5883296385FA0041C2FAC85C827BAA46DA1E14B83F complete=false entries=0 total=15864 t=1790149329422
EPOCH_RESIDUAL epoch=0 reporter=735FE217D91E88EA82324C5883296385FA0041C2FAC85C827BAA46DA1E14B83F votes=31543 derived=207 complete=true sketch_cells=0 t=1790149329426
EPOCH_RECONCILED epoch=0 reporter=D315857CE70C54DE713F6E82E5613BB3A1266C15E28AD2F4338C7BBEC456F532 complete=false entries=0 total=15864 t=1790149329427
EPOCH_RESIDUAL epoch=0 reporter=D315857CE70C54DE713F6E82E5613BB3A1266C15E28AD2F4338C7BBEC456F532 votes=30821 derived=164 complete=true sketch_cells=0 t=1790149329432
EPOCH_RECONCILED epoch=0 reporter=A353E45E6D0016CAEED0DFA4EC5B0640E2AA22A793F9F2375E77F1AB92977C04 complete=false entries=0 total=15864 t=1790149329433
EPOCH_RESIDUAL epoch=0 reporter=A353E45E6D0016CAEED0DFA4EC5B0640E2AA22A793F9F2375E77F1AB92977C04 votes=31500 derived=182 complete=true sketch_cells=0 t=1790149329437
EPOCH_RECONCILED epoch=0 reporter=633D9D614858AB1710D5D8C3180E2A082DC97208BA8C26BA6C6D1A86C8E31CC0 complete=false entries=0 total=15864 t=1790149329439
EPOCH_RESIDUAL epoch=0 reporter=633D9D614858AB1710D5D8C3180E2A082DC97208BA8C26BA6C6D1A86C8E31CC0 votes=31468 derived=205 complete=true sketch_cells=0 t=1790149329444
EPOCH_CLOSE_READY epoch=0 t=1790149329444
EPOCH_PROPOSED epoch=0 round=0 value=39AC788FB404FF88AB6EDFB1BC04D1E273DAF88E5827D2DCB6BFA5D5A9C97C1A state=3B0A4904A93A00B20D299A00E36B49DB2D923749E3635B1989F1F51F675D2B0D reports=5 t=1790149329486
EPOCH_VALUE epoch=0 value=39AC788FB404FF88AB6EDFB1BC04D1E273DAF88E5827D2DCB6BFA5D5A9C97C1A state=3B0A4904A93A00B20D299A00E36B49DB2D923749E3635B1989F1F51F675D2B0D t=1790149329486
EPOCH_RECONCILED epoch=0 reporter=A353E45E6D0016CAEED0DFA4EC5B0640E2AA22A793F9F2375E77F1AB92977C04 complete=false entries=0 total=15864 t=1790149329519
EPOCH_RESIDUAL epoch=0 reporter=A353E45E6D0016CAEED0DFA4EC5B0640E2AA22A793F9F2375E77F1AB92977C04 votes=31500 derived=182 complete=true sketch_cells=0 t=1790149329523
EPOCH_RECONCILED epoch=0 reporter=735FE217D91E88EA82324C5883296385FA0041C2FAC85C827BAA46DA1E14B83F complete=false entries=0 total=15864 t=1790149329524
EPOCH_RESIDUAL epoch=0 reporter=735FE217D91E88EA82324C5883296385FA0041C2FAC85C827BAA46DA1E14B83F votes=31543 derived=207 complete=true sketch_cells=0 t=1790149329527
EPOCH_RECONCILED epoch=0 reporter=633D9D614858AB1710D5D8C3180E2A082DC97208BA8C26BA6C6D1A86C8E31CC0 complete=false entries=0 total=15864 t=1790149329528
EPOCH_RESIDUAL epoch=0 reporter=633D9D614858AB1710D5D8C3180E2A082DC97208BA8C26BA6C6D1A86C8E31CC0 votes=31468 derived=205 complete=true sketch_cells=0 t=1790149329534
EPOCH_RECONCILED epoch=0 reporter=65A90023F6C0D2181AAA63F005D81BBC0C04650505E21D5123F9AE1F9E992BFF complete=false entries=0 total=15864 t=1790149329535
EPOCH_RESIDUAL epoch=0 reporter=65A90023F6C0D2181AAA63F005D81BBC0C04650505E21D5123F9AE1F9E992BFF votes=30865 derived=179 complete=true sketch_cells=0 t=1790149329541
EPOCH_RECONCILED epoch=0 reporter=911999B2AEFA7ACC66EBD802B3301FF6CE431405107749D940277955CB7FDD07 complete=false entries=0 total=15864 t=1790149329541
EPOCH_RESIDUAL epoch=0 reporter=911999B2AEFA7ACC66EBD802B3301FF6CE431405107749D940277955CB7FDD07 votes=30973 derived=165 complete=true sketch_cells=0 t=1790149329544
EPOCH_CLOSE_READY epoch=0 t=1790149329544
EPOCH_CLOSE_ROUND epoch=0 round=0 leader=633D9D614858AB1710D5D8C3180E2A082DC97208BA8C26BA6C6D1A86C8E31CC0 leads=false t=1790149329562
EPOCH_CLOSE_ROUND epoch=0 round=0 leader=633D9D614858AB1710D5D8C3180E2A082DC97208BA8C26BA6C6D1A86C8E31CC0 leads=true t=1790149329562
EPOCH_VALUE epoch=0 value=39AC788FB404FF88AB6EDFB1BC04D1E273DAF88E5827D2DCB6BFA5D5A9C97C1A state=3B0A4904A93A00B20D299A00E36B49DB2D923749E3635B1989F1F51F675D2B0D t=1790149329566
EPOCH_VALUE epoch=0 value=39AC788FB404FF88AB6EDFB1BC04D1E273DAF88E5827D2DCB6BFA5D5A9C97C1A state=3B0A4904A93A00B20D299A00E36B49DB2D923749E3635B1989F1F51F675D2B0D t=1790149329571
EPOCH_VALUE epoch=0 value=39AC788FB404FF88AB6EDFB1BC04D1E273DAF88E5827D2DCB6BFA5D5A9C97C1A state=3B0A4904A93A00B20D299A00E36B49DB2D923749E3635B1989F1F51F675D2B0D t=1790149329573
EPOCH_VALUE epoch=0 value=39AC788FB404FF88AB6EDFB1BC04D1E273DAF88E5827D2DCB6BFA5D5A9C97C1A state=3B0A4904A93A00B20D299A00E36B49DB2D923749E3635B1989F1F51F675D2B0D t=1790149329573
EPOCH_CLOSE_ROUND epoch=0 round=0 leader=633D9D614858AB1710D5D8C3180E2A082DC97208BA8C26BA6C6D1A86C8E31CC0 leads=false t=1790149329628
EPOCH_CLOSE_ROUND epoch=0 round=0 leader=633D9D614858AB1710D5D8C3180E2A082DC97208BA8C26BA6C6D1A86C8E31CC0 leads=false t=1790149329642
EPOCH_CLOSE_ROUND epoch=0 round=0 leader=633D9D614858AB1710D5D8C3180E2A082DC97208BA8C26BA6C6D1A86C8E31CC0 leads=false t=1790149329709
EPOCH_CLOSE_ROUND epoch=0 round=0 leader=633D9D614858AB1710D5D8C3180E2A082DC97208BA8C26BA6C6D1A86C8E31CC0 leads=false t=1790149329799
EPOCH_VALUE epoch=0 value=39AC788FB404FF88AB6EDFB1BC04D1E273DAF88E5827D2DCB6BFA5D5A9C97C1A state=3B0A4904A93A00B20D299A00E36B49DB2D923749E3635B1989F1F51F675D2B0D t=1790149329930
EPOCH_CLOSE_ROUND epoch=0 round=1 leader=65A90023F6C0D2181AAA63F005D81BBC0C04650505E21D5123F9AE1F9E992BFF leads=false t=1790149329931
EPOCH_INSTALL epoch=0 finalized=16031 instances_confirmed=35 t=1790149329932
EPOCH_CLOSE_ROUND epoch=0 round=1 leader=65A90023F6C0D2181AAA63F005D81BBC0C04650505E21D5123F9AE1F9E992BFF leads=false t=1790149329943
EPOCH_INSTALL epoch=0 finalized=16031 instances_confirmed=35 t=1790149329971
EPOCH_INSTALL epoch=0 finalized=16031 instances_confirmed=35 t=1790149329971
EPOCH_INSTALL epoch=0 finalized=16031 instances_confirmed=35 t=1790149329971
EPOCH_INSTALL epoch=0 finalized=16031 instances_confirmed=35 t=1790149329972
EPOCH_INSTALL epoch=0 finalized=16031 instances_confirmed=35 t=1790149329973
EPOCH_COMMITTEE derived_by=0 members=6 accounts=7350 n=340090949193013965674456393515224833556 digest=B82A222341FAD405196920CC7EC3DDE0A32C3BEBDA06D96A625E536665835B86 shares=["D315857C:17.7%", "65A90023:17.0%", "A353E45E:16.7%", "735FE217:16.4%", "911999B2:16.3%", "633D9D61:16.0%"] t=1790149330207
EPOCH_OMITTED epoch=0 instances=3 retained=0 t=1790149330207
EPOCH_GATE epoch=1 released=1466 finalized=1264 t=1790149330213
EPOCH_CLOSED epoch=0 round=0 value=39AC788FB404FF88AB6EDFB1BC04D1E273DAF88E5827D2DCB6BFA5D5A9C97C1A state=3B0A4904A93A00B20D299A00E36B49DB2D923749E3635B1989F1F51F675D2B0D t=1790149330213
EPOCH_INSTALLED epoch=0 finalized=16031 cemented=16020 queued=11 missing=0 t=1790149330248
EPOCH_COMMITTEE derived_by=0 members=6 accounts=7350 n=340090949193013965674456393515224833556 digest=B82A222341FAD405196920CC7EC3DDE0A32C3BEBDA06D96A625E536665835B86 shares=["D315857C:17.7%", "65A90023:17.0%", "A353E45E:16.7%", "735FE217:16.4%", "911999B2:16.3%", "633D9D61:16.0%"] t=1790149330269
EPOCH_OMITTED epoch=0 instances=3 retained=0 t=1790149330269
EPOCH_GATE epoch=1 released=1389 finalized=1158 t=1790149330278
EPOCH_CLOSED epoch=0 round=0 value=39AC788FB404FF88AB6EDFB1BC04D1E273DAF88E5827D2DCB6BFA5D5A9C97C1A state=3B0A4904A93A00B20D299A00E36B49DB2D923749E3635B1989F1F51F675D2B0D t=1790149330278
EPOCH_INSTALLED epoch=0 finalized=16031 cemented=16018 queued=13 missing=0 t=1790149330318
EPOCH_COMMITTEE derived_by=0 members=6 accounts=7350 n=340090949193013965674456393515224833556 digest=B82A222341FAD405196920CC7EC3DDE0A32C3BEBDA06D96A625E536665835B86 shares=["D315857C:17.7%", "65A90023:17.0%", "A353E45E:16.7%", "735FE217:16.4%", "911999B2:16.3%", "633D9D61:16.0%"] t=1790149330366
EPOCH_OMITTED epoch=0 instances=3 retained=0 t=1790149330366
EPOCH_GATE epoch=1 released=1466 finalized=1264 t=1790149330375
EPOCH_CLOSED epoch=0 round=0 value=39AC788FB404FF88AB6EDFB1BC04D1E273DAF88E5827D2DCB6BFA5D5A9C97C1A state=3B0A4904A93A00B20D299A00E36B49DB2D923749E3635B1989F1F51F675D2B0D t=1790149330375
EPOCH_COMMITTEE derived_by=0 members=6 accounts=7350 n=340090949193013965674456393515224833556 digest=B82A222341FAD405196920CC7EC3DDE0A32C3BEBDA06D96A625E536665835B86 shares=["D315857C:17.7%", "65A90023:17.0%", "A353E45E:16.7%", "735FE217:16.4%", "911999B2:16.3%", "633D9D61:16.0%"] t=1790149330375
EPOCH_OMITTED epoch=0 instances=3 retained=0 t=1790149330375
[2m2026-09-23T07:42:10.414884Z[0m [32m INFO[0m [2mnanospam::app[0m[2m:[0m Confirmed 17,372 blocks | 2,000 bps | 1,406 cps | avg conf time: 804 ms
EPOCH_INSTALLED epoch=0 finalized=16031 cemented=16007 queued=24 missing=0 t=1790149330418
EPOCH_COMMITTEE derived_by=0 members=6 accounts=7350 n=340090949193013965674456393515224833556 digest=B82A222341FAD405196920CC7EC3DDE0A32C3BEBDA06D96A625E536665835B86 shares=["D315857C:17.7%", "65A90023:17.0%", "A353E45E:16.7%", "735FE217:16.4%", "911999B2:16.3%", "633D9D61:16.0%"] t=1790149330426
EPOCH_OMITTED epoch=0 instances=3 retained=0 t=1790149330426
EPOCH_GATE epoch=1 released=1466 finalized=1264 t=1790149330429
EPOCH_CLOSED epoch=0 round=0 value=39AC788FB404FF88AB6EDFB1BC04D1E273DAF88E5827D2DCB6BFA5D5A9C97C1A state=3B0A4904A93A00B20D299A00E36B49DB2D923749E3635B1989F1F51F675D2B0D t=1790149330429
EPOCH_COMMITTEE derived_by=0 members=6 accounts=7350 n=340090949193013965674456393515224833556 digest=B82A222341FAD405196920CC7EC3DDE0A32C3BEBDA06D96A625E536665835B86 shares=["D315857C:17.7%", "65A90023:17.0%", "A353E45E:16.7%", "735FE217:16.4%", "911999B2:16.3%", "633D9D61:16.0%"] t=1790149330438
EPOCH_OMITTED epoch=0 instances=3 retained=0 t=1790149330438
EPOCH_GATE epoch=1 released=1466 finalized=1264 t=1790149330481
EPOCH_CLOSED epoch=0 round=0 value=39AC788FB404FF88AB6EDFB1BC04D1E273DAF88E5827D2DCB6BFA5D5A9C97C1A state=3B0A4904A93A00B20D299A00E36B49DB2D923749E3635B1989F1F51F675D2B0D t=1790149330481
EPOCH_GATE epoch=1 released=1466 finalized=1321 t=1790149330500
EPOCH_CLOSED epoch=0 round=0 value=39AC788FB404FF88AB6EDFB1BC04D1E273DAF88E5827D2DCB6BFA5D5A9C97C1A state=3B0A4904A93A00B20D299A00E36B49DB2D923749E3635B1989F1F51F675D2B0D t=1790149330500
EPOCH_INSTALLED epoch=0 finalized=16031 cemented=15998 queued=33 missing=0 t=1790149330549
EPOCH_INSTALLED epoch=0 finalized=16031 cemented=15999 queued=32 missing=0 t=1790149330591
EPOCH_INSTALLED epoch=0 finalized=16031 cemented=16013 queued=18 missing=0 t=1790149330612
[2m2026-09-23T07:42:11.415941Z[0m [32m INFO[0m [2mnanospam::app[0m[2m:[0m Confirmed 19,988 blocks | 2,000 bps | 2,613 cps | avg conf time: 323 ms
[2m2026-09-23T07:42:12.416985Z[0m [32m INFO[0m [2mnanospam::app[0m[2m:[0m Confirmed 21,921 blocks | 2,000 bps | 1,930 cps | avg conf time: 98 ms
[2m2026-09-23T07:42:13.417800Z[0m [32m INFO[0m [2mnanospam::app[0m[2m:[0m Confirmed 23,870 blocks | 2,000 bps | 1,947 cps | avg conf time: 100 ms
[2m2026-09-23T07:42:14.418790Z[0m [32m INFO[0m [2mnanospam::app[0m[2m:[0m Confirmed 25,824 blocks | 2,000 bps | 1,951 cps | avg conf time: 97 ms
[2m2026-09-23T07:42:15.419553Z[0m [32m INFO[0m [2mnanospam::app[0m[2m:[0m Confirmed 27,744 blocks | 2,000 bps | 1,918 cps | avg conf time: 98 ms
[2m2026-09-23T07:42:16.420548Z[0m [32m INFO[0m [2mnanospam::app[0m[2m:[0m Confirmed 29,714 blocks | 2,000 bps | 1,967 cps | avg conf time: 123 ms
EPOCH_ENDED epoch=1 elections=215 active=214 t=1790149337188
EPOCH_ENDED epoch=1 elections=216 active=215 t=1790149337188
EPOCH_ENDED epoch=1 elections=216 active=215 t=1790149337188
EPOCH_ENDED epoch=1 elections=216 active=215 t=1790149337188
EPOCH_ENDED epoch=1 elections=216 active=215 t=1790149337188
EPOCH_ENDED epoch=1 elections=216 active=215 t=1790149337188
EPOCH_ADVANCED epoch=2 elections=216 active=215 vote_records=366232 t=1790149337212
EPOCH_ADVANCED epoch=2 elections=215 active=214 vote_records=366233 t=1790149337213
EPOCH_ADVANCED epoch=2 elections=216 active=215 vote_records=366232 t=1790149337215
EPOCH_CLOSE_UNREADY epoch=1 short_of=reports usable=0 weight=0 required=275628717205960155405333432019732251279 held=0 theirs=[] t=1790149337220
EPOCH_REPORT epoch=1 certified=15123 residual=208 root=BD1470437196D952F0ED3D4929110640206B2A543FFEB4E0ACF00ECFFF9CC97C reports=1 t=1790149337224
EPOCH_REPORT epoch=1 certified=15123 residual=204 root=BD1470437196D952F0ED3D4929110640206B2A543FFEB4E0ACF00ECFFF9CC97C reports=1 t=1790149337224
EPOCH_REPORT epoch=1 certified=15123 residual=201 root=BD1470437196D952F0ED3D4929110640206B2A543FFEB4E0ACF00ECFFF9CC97C reports=1 t=1790149337228
EPOCH_ADVANCED epoch=2 elections=216 active=215 vote_records=366230 t=1790149337233
EPOCH_ADVANCED epoch=2 elections=216 active=215 vote_records=366233 t=1790149337239
EPOCH_REPORT epoch=1 certified=15123 residual=204 root=BD1470437196D952F0ED3D4929110640206B2A543FFEB4E0ACF00ECFFF9CC97C reports=1 t=1790149337242
EPOCH_REPORT epoch=1 certified=15123 residual=184 root=BD1470437196D952F0ED3D4929110640206B2A543FFEB4E0ACF00ECFFF9CC97C reports=1 t=1790149337251
EPOCH_ADVANCED epoch=2 elections=216 active=215 vote_records=366230 t=1790149337261
EPOCH_RECON_REQUEST epoch=1 reporter=A353E45E6D0016CAEED0DFA4EC5B0640E2AA22A793F9F2375E77F1AB92977C04 target=BD1470437196D952F0ED3D4929110640206B2A543FFEB4E0ACF00ECFFF9CC97C sources=["5282FD58"] t=1790149337283
EPOCH_RECON_REFUSED epoch=1 target=BD1470437196D952F0ED3D4929110640206B2A543FFEB4E0ACF00ECFFF9CC97C reason=UnknownSource sources=["5282FD58"] t=1790149337283
EPOCH_RECON_REFUSED epoch=1 target=BD1470437196D952F0ED3D4929110640206B2A543FFEB4E0ACF00ECFFF9CC97C reason=UnknownSource sources=["5282FD58"] t=1790149337283
EPOCH_RECON_REFUSED epoch=1 target=BD1470437196D952F0ED3D4929110640206B2A543FFEB4E0ACF00ECFFF9CC97C reason=UnknownSource sources=["5282FD58"] t=1790149337283
EPOCH_RECON_REFUSED epoch=1 target=BD1470437196D952F0ED3D4929110640206B2A543FFEB4E0ACF00ECFFF9CC97C reason=UnknownSource sources=["5282FD58"] t=1790149337283
EPOCH_RECON_REFUSED epoch=1 target=BD1470437196D952F0ED3D4929110640206B2A543FFEB4E0ACF00ECFFF9CC97C reason=UnknownSource sources=["5282FD58"] t=1790149337283
EPOCH_REPORT epoch=1 certified=15123 residual=202 root=BD1470437196D952F0ED3D4929110640206B2A543FFEB4E0ACF00ECFFF9CC97C reports=1 t=1790149337285
EPOCH_RECONCILED epoch=1 reporter=A353E45E6D0016CAEED0DFA4EC5B0640E2AA22A793F9F2375E77F1AB92977C04 complete=false entries=32 total=15123 t=1790149337290
EPOCH_RESIDUAL epoch=1 reporter=A353E45E6D0016CAEED0DFA4EC5B0640E2AA22A793F9F2375E77F1AB92977C04 votes=30159 derived=204 complete=true sketch_cells=0 t=1790149337305
EPOCH_RECONCILED epoch=1 reporter=D315857CE70C54DE713F6E82E5613BB3A1266C15E28AD2F4338C7BBEC456F532 complete=false entries=0 total=15123 t=1790149337306
EPOCH_RESIDUAL epoch=1 reporter=D315857CE70C54DE713F6E82E5613BB3A1266C15E28AD2F4338C7BBEC456F532 votes=30429 derived=184 complete=true sketch_cells=0 t=1790149337312
EPOCH_RECONCILED epoch=1 reporter=633D9D614858AB1710D5D8C3180E2A082DC97208BA8C26BA6C6D1A86C8E31CC0 complete=false entries=0 total=15123 t=1790149337313
EPOCH_RESIDUAL epoch=1 reporter=633D9D614858AB1710D5D8C3180E2A082DC97208BA8C26BA6C6D1A86C8E31CC0 votes=30207 derived=208 complete=true sketch_cells=0 t=1790149337315
EPOCH_RECONCILED epoch=1 reporter=735FE217D91E88EA82324C5883296385FA0041C2FAC85C827BAA46DA1E14B83F complete=false entries=0 total=15123 t=1790149337316
EPOCH_RESIDUAL epoch=1 reporter=735FE217D91E88EA82324C5883296385FA0041C2FAC85C827BAA46DA1E14B83F votes=30446 derived=201 complete=true sketch_cells=0 t=1790149337318
EPOCH_RECONCILED epoch=1 reporter=65A90023F6C0D2181AAA63F005D81BBC0C04650505E21D5123F9AE1F9E992BFF complete=false entries=0 total=15123 t=1790149337319
EPOCH_RESIDUAL epoch=1 reporter=65A90023F6C0D2181AAA63F005D81BBC0C04650505E21D5123F9AE1F9E992BFF votes=30015 derived=204 complete=true sketch_cells=0 t=1790149337322
EPOCH_CLOSE_READY epoch=1 t=1790149337325
EPOCH_RECONCILED epoch=1 reporter=911999B2AEFA7ACC66EBD802B3301FF6CE431405107749D940277955CB7FDD07 complete=false entries=0 total=15123 t=1790149337361
EPOCH_RESIDUAL epoch=1 reporter=911999B2AEFA7ACC66EBD802B3301FF6CE431405107749D940277955CB7FDD07 votes=29107 derived=202 complete=true sketch_cells=0 t=1790149337364
EPOCH_RECONCILED epoch=1 reporter=A353E45E6D0016CAEED0DFA4EC5B0640E2AA22A793F9F2375E77F1AB92977C04 complete=false entries=0 total=15123 t=1790149337365
EPOCH_RESIDUAL epoch=1 reporter=A353E45E6D0016CAEED0DFA4EC5B0640E2AA22A793F9F2375E77F1AB92977C04 votes=30159 derived=204 complete=true sketch_cells=0 t=1790149337367
EPOCH_RECONCILED epoch=1 reporter=735FE217D91E88EA82324C5883296385FA0041C2FAC85C827BAA46DA1E14B83F complete=false entries=0 total=15123 t=1790149337368
EPOCH_RESIDUAL epoch=1 reporter=735FE217D91E88EA82324C5883296385FA0041C2FAC85C827BAA46DA1E14B83F votes=30446 derived=201 complete=true sketch_cells=0 t=1790149337371
EPOCH_RECONCILED epoch=1 reporter=633D9D614858AB1710D5D8C3180E2A082DC97208BA8C26BA6C6D1A86C8E31CC0 complete=false entries=0 total=15123 t=1790149337372
EPOCH_RESIDUAL epoch=1 reporter=633D9D614858AB1710D5D8C3180E2A082DC97208BA8C26BA6C6D1A86C8E31CC0 votes=30207 derived=208 complete=true sketch_cells=0 t=1790149337375
EPOCH_RECONCILED epoch=1 reporter=65A90023F6C0D2181AAA63F005D81BBC0C04650505E21D5123F9AE1F9E992BFF complete=false entries=0 total=15123 t=1790149337376
EPOCH_RESIDUAL epoch=1 reporter=65A90023F6C0D2181AAA63F005D81BBC0C04650505E21D5123F9AE1F9E992BFF votes=30015 derived=204 complete=true sketch_cells=0 t=1790149337379
EPOCH_CLOSE_READY epoch=1 t=1790149337382
[2m2026-09-23T07:42:17.421638Z[0m [32m INFO[0m [2mnanospam::app[0m[2m:[0m Confirmed 31,322 blocks | 2,000 bps | 1,606 cps | avg conf time: 102 ms
EPOCH_RECONCILED epoch=1 reporter=65A90023F6C0D2181AAA63F005D81BBC0C04650505E21D5123F9AE1F9E992BFF complete=false entries=0 total=15123 t=1790149337425
EPOCH_RESIDUAL epoch=1 reporter=65A90023F6C0D2181AAA63F005D81BBC0C04650505E21D5123F9AE1F9E992BFF votes=30015 derived=204 complete=true sketch_cells=0 t=1790149337428
EPOCH_RECONCILED epoch=1 reporter=911999B2AEFA7ACC66EBD802B3301FF6CE431405107749D940277955CB7FDD07 complete=false entries=0 total=15123 t=1790149337429
EPOCH_RESIDUAL epoch=1 reporter=911999B2AEFA7ACC66EBD802B3301FF6CE431405107749D940277955CB7FDD07 votes=29107 derived=202 complete=true sketch_cells=0 t=1790149337431
EPOCH_RECONCILED epoch=1 reporter=633D9D614858AB1710D5D8C3180E2A082DC97208BA8C26BA6C6D1A86C8E31CC0 complete=false entries=0 total=15123 t=1790149337433
EPOCH_RESIDUAL epoch=1 reporter=633D9D614858AB1710D5D8C3180E2A082DC97208BA8C26BA6C6D1A86C8E31CC0 votes=30207 derived=208 complete=true sketch_cells=0 t=1790149337436
EPOCH_RECONCILED epoch=1 reporter=735FE217D91E88EA82324C5883296385FA0041C2FAC85C827BAA46DA1E14B83F complete=false entries=0 total=15123 t=1790149337436
EPOCH_RESIDUAL epoch=1 reporter=735FE217D91E88EA82324C5883296385FA0041C2FAC85C827BAA46DA1E14B83F votes=30446 derived=201 complete=true sketch_cells=0 t=1790149337439
EPOCH_RECONCILED epoch=1 reporter=D315857CE70C54DE713F6E82E5613BB3A1266C15E28AD2F4338C7BBEC456F532 complete=false entries=0 total=15123 t=1790149337440
EPOCH_RESIDUAL epoch=1 reporter=D315857CE70C54DE713F6E82E5613BB3A1266C15E28AD2F4338C7BBEC456F532 votes=30429 derived=184 complete=true sketch_cells=0 t=1790149337443
EPOCH_RECONCILED epoch=1 reporter=D315857CE70C54DE713F6E82E5613BB3A1266C15E28AD2F4338C7BBEC456F532 complete=false entries=0 total=15123 t=1790149337443
EPOCH_RESIDUAL epoch=1 reporter=D315857CE70C54DE713F6E82E5613BB3A1266C15E28AD2F4338C7BBEC456F532 votes=30429 derived=184 complete=true sketch_cells=0 t=1790149337446
EPOCH_CLOSE_READY epoch=1 t=1790149337447
EPOCH_RECONCILED epoch=1 reporter=A353E45E6D0016CAEED0DFA4EC5B0640E2AA22A793F9F2375E77F1AB92977C04 complete=false entries=0 total=15123 t=1790149337447
EPOCH_RESIDUAL epoch=1 reporter=A353E45E6D0016CAEED0DFA4EC5B0640E2AA22A793F9F2375E77F1AB92977C04 votes=30159 derived=204 complete=true sketch_cells=0 t=1790149337451
EPOCH_RECONCILED epoch=1 reporter=911999B2AEFA7ACC66EBD802B3301FF6CE431405107749D940277955CB7FDD07 complete=false entries=0 total=15123 t=1790149337451
EPOCH_RESIDUAL epoch=1 reporter=911999B2AEFA7ACC66EBD802B3301FF6CE431405107749D940277955CB7FDD07 votes=29107 derived=202 complete=true sketch_cells=0 t=1790149337454
EPOCH_RECONCILED epoch=1 reporter=735FE217D91E88EA82324C5883296385FA0041C2FAC85C827BAA46DA1E14B83F complete=false entries=0 total=15123 t=1790149337456
EPOCH_RESIDUAL epoch=1 reporter=735FE217D91E88EA82324C5883296385FA0041C2FAC85C827BAA46DA1E14B83F votes=30446 derived=201 complete=true sketch_cells=0 t=1790149337458
EPOCH_RECONCILED epoch=1 reporter=65A90023F6C0D2181AAA63F005D81BBC0C04650505E21D5123F9AE1F9E992BFF complete=false entries=0 total=15123 t=1790149337459
EPOCH_RESIDUAL epoch=1 reporter=65A90023F6C0D2181AAA63F005D81BBC0C04650505E21D5123F9AE1F9E992BFF votes=30015 derived=204 complete=true sketch_cells=0 t=1790149337462
EPOCH_CLOSE_READY epoch=1 t=1790149337466
EPOCH_RECONCILED epoch=1 reporter=D315857CE70C54DE713F6E82E5613BB3A1266C15E28AD2F4338C7BBEC456F532 complete=false entries=0 total=15123 t=1790149337468
EPOCH_RESIDUAL epoch=1 reporter=D315857CE70C54DE713F6E82E5613BB3A1266C15E28AD2F4338C7BBEC456F532 votes=30429 derived=184 complete=true sketch_cells=0 t=1790149337471
EPOCH_RECONCILED epoch=1 reporter=633D9D614858AB1710D5D8C3180E2A082DC97208BA8C26BA6C6D1A86C8E31CC0 complete=false entries=0 total=15123 t=1790149337472
EPOCH_RESIDUAL epoch=1 reporter=633D9D614858AB1710D5D8C3180E2A082DC97208BA8C26BA6C6D1A86C8E31CC0 votes=30207 derived=208 complete=true sketch_cells=0 t=1790149337475
EPOCH_RECONCILED epoch=1 reporter=735FE217D91E88EA82324C5883296385FA0041C2FAC85C827BAA46DA1E14B83F complete=false entries=0 total=15123 t=1790149337475
EPOCH_RESIDUAL epoch=1 reporter=735FE217D91E88EA82324C5883296385FA0041C2FAC85C827BAA46DA1E14B83F votes=30446 derived=201 complete=true sketch_cells=0 t=1790149337478
EPOCH_RECONCILED epoch=1 reporter=A353E45E6D0016CAEED0DFA4EC5B0640E2AA22A793F9F2375E77F1AB92977C04 complete=false entries=0 total=15123 t=1790149337479
EPOCH_RESIDUAL epoch=1 reporter=A353E45E6D0016CAEED0DFA4EC5B0640E2AA22A793F9F2375E77F1AB92977C04 votes=30159 derived=204 complete=true sketch_cells=0 t=1790149337481
EPOCH_RECONCILED epoch=1 reporter=911999B2AEFA7ACC66EBD802B3301FF6CE431405107749D940277955CB7FDD07 complete=false entries=0 total=15123 t=1790149337482
EPOCH_RESIDUAL epoch=1 reporter=911999B2AEFA7ACC66EBD802B3301FF6CE431405107749D940277955CB7FDD07 votes=29107 derived=202 complete=true sketch_cells=0 t=1790149337485
EPOCH_CLOSE_READY epoch=1 t=1790149337488
EPOCH_CLOSE_ROUND epoch=1 round=0 leader=65A90023F6C0D2181AAA63F005D81BBC0C04650505E21D5123F9AE1F9E992BFF leads=false t=1790149337492
EPOCH_RECONCILED epoch=1 reporter=911999B2AEFA7ACC66EBD802B3301FF6CE431405107749D940277955CB7FDD07 complete=false entries=0 total=15123 t=1790149337515
EPOCH_RESIDUAL epoch=1 reporter=911999B2AEFA7ACC66EBD802B3301FF6CE431405107749D940277955CB7FDD07 votes=29107 derived=202 complete=true sketch_cells=0 t=1790149337518
EPOCH_RECONCILED epoch=1 reporter=65A90023F6C0D2181AAA63F005D81BBC0C04650505E21D5123F9AE1F9E992BFF complete=false entries=0 total=15123 t=1790149337519
EPOCH_RESIDUAL epoch=1 reporter=65A90023F6C0D2181AAA63F005D81BBC0C04650505E21D5123F9AE1F9E992BFF votes=30015 derived=204 complete=true sketch_cells=0 t=1790149337522
EPOCH_RECONCILED epoch=1 reporter=633D9D614858AB1710D5D8C3180E2A082DC97208BA8C26BA6C6D1A86C8E31CC0 complete=false entries=0 total=15123 t=1790149337522
EPOCH_RESIDUAL epoch=1 reporter=633D9D614858AB1710D5D8C3180E2A082DC97208BA8C26BA6C6D1A86C8E31CC0 votes=30207 derived=208 complete=true sketch_cells=0 t=1790149337525
EPOCH_RECONCILED epoch=1 reporter=A353E45E6D0016CAEED0DFA4EC5B0640E2AA22A793F9F2375E77F1AB92977C04 complete=false entries=0 total=15123 t=1790149337526
EPOCH_RESIDUAL epoch=1 reporter=A353E45E6D0016CAEED0DFA4EC5B0640E2AA22A793F9F2375E77F1AB92977C04 votes=30159 derived=204 complete=true sketch_cells=0 t=1790149337530
EPOCH_RECONCILED epoch=1 reporter=D315857CE70C54DE713F6E82E5613BB3A1266C15E28AD2F4338C7BBEC456F532 complete=false entries=0 total=15123 t=1790149337530
EPOCH_RESIDUAL epoch=1 reporter=D315857CE70C54DE713F6E82E5613BB3A1266C15E28AD2F4338C7BBEC456F532 votes=30429 derived=184 complete=true sketch_cells=0 t=1790149337533
EPOCH_CLOSE_READY epoch=1 t=1790149337536
EPOCH_PROPOSED epoch=1 round=0 value=F9125DF0A3CDD3582BB09B34B265F44AC1D6CCAC3B0D63E655E5C49C53CB946B state=E43BD569B93CAAD780BD2144B2136287053CE7E7C816669835BD1EA6559E7BE8 reports=5 t=1790149337579
EPOCH_VALUE epoch=1 value=F9125DF0A3CDD3582BB09B34B265F44AC1D6CCAC3B0D63E655E5C49C53CB946B state=E43BD569B93CAAD780BD2144B2136287053CE7E7C816669835BD1EA6559E7BE8 t=1790149337580
EPOCH_CLOSE_ROUND epoch=1 round=0 leader=65A90023F6C0D2181AAA63F005D81BBC0C04650505E21D5123F9AE1F9E992BFF leads=false t=1790149337652
EPOCH_CLOSE_ROUND epoch=1 round=0 leader=65A90023F6C0D2181AAA63F005D81BBC0C04650505E21D5123F9AE1F9E992BFF leads=false t=1790149337716
EPOCH_CLOSE_ROUND epoch=1 round=0 leader=65A90023F6C0D2181AAA63F005D81BBC0C04650505E21D5123F9AE1F9E992BFF leads=false t=1790149337729
EPOCH_CLOSE_ROUND epoch=1 round=0 leader=65A90023F6C0D2181AAA63F005D81BBC0C04650505E21D5123F9AE1F9E992BFF leads=true t=1790149337753
EPOCH_CLOSE_ROUND epoch=1 round=0 leader=65A90023F6C0D2181AAA63F005D81BBC0C04650505E21D5123F9AE1F9E992BFF leads=false t=1790149337803
EPOCH_VALUE epoch=1 value=F9125DF0A3CDD3582BB09B34B265F44AC1D6CCAC3B0D63E655E5C49C53CB946B state=E43BD569B93CAAD780BD2144B2136287053CE7E7C816669835BD1EA6559E7BE8 t=1790149337814
EPOCH_VALUE epoch=1 value=F9125DF0A3CDD3582BB09B34B265F44AC1D6CCAC3B0D63E655E5C49C53CB946B state=E43BD569B93CAAD780BD2144B2136287053CE7E7C816669835BD1EA6559E7BE8 t=1790149337845
EPOCH_VALUE epoch=1 value=F9125DF0A3CDD3582BB09B34B265F44AC1D6CCAC3B0D63E655E5C49C53CB946B state=E43BD569B93CAAD780BD2144B2136287053CE7E7C816669835BD1EA6559E7BE8 t=1790149337885
EPOCH_VALUE epoch=1 value=F9125DF0A3CDD3582BB09B34B265F44AC1D6CCAC3B0D63E655E5C49C53CB946B state=E43BD569B93CAAD780BD2144B2136287053CE7E7C816669835BD1EA6559E7BE8 t=1790149337899
EPOCH_VALUE epoch=1 value=F9125DF0A3CDD3582BB09B34B265F44AC1D6CCAC3B0D63E655E5C49C53CB946B state=E43BD569B93CAAD780BD2144B2136287053CE7E7C816669835BD1EA6559E7BE8 t=1790149337908
EPOCH_INSTALL epoch=1 finalized=15330 instances_confirmed=7 t=1790149338119
EPOCH_CLOSE_ROUND epoch=1 round=1 leader=735FE217D91E88EA82324C5883296385FA0041C2FAC85C827BAA46DA1E14B83F leads=false t=1790149338135
EPOCH_CLOSE_ROUND epoch=1 round=1 leader=735FE217D91E88EA82324C5883296385FA0041C2FAC85C827BAA46DA1E14B83F leads=false t=1790149338159
EPOCH_INSTALL epoch=1 finalized=15330 instances_confirmed=7 t=1790149338170
EPOCH_INSTALL epoch=1 finalized=15330 instances_confirmed=7 t=1790149338170
EPOCH_INSTALL epoch=1 finalized=15330 instances_confirmed=7 t=1790149338170
EPOCH_INSTALL epoch=1 finalized=15330 instances_confirmed=7 t=1790149338173
EPOCH_INSTALL epoch=1 finalized=15330 instances_confirmed=7 t=1790149338175
[2m2026-09-23T07:42:18.422451Z[0m [32m INFO[0m [2mnanospam::app[0m[2m:[0m Confirmed 31,322 blocks | 2,000 bps | 0 cps | avg conf time: 0 ms
EPOCH_COMMITTEE derived_by=1 members=6 accounts=13243 n=339495505737327750737992960675578533351 digest=267EC17E580EA7AD0C89F79DF747393ACB47AEC098B1B88A1A902AC518436A0C shares=["D315857C:17.1%", "65A90023:17.1%", "911999B2:16.8%", "735FE217:16.5%", "633D9D61:16.4%", "A353E45E:16.1%"] t=1790149338440
EPOCH_OMITTED epoch=1 instances=8 retained=0 t=1790149338440
EPOCH_COMMITTEE derived_by=1 members=6 accounts=13243 n=339495505737327750737992960675578533351 digest=267EC17E580EA7AD0C89F79DF747393ACB47AEC098B1B88A1A902AC518436A0C shares=["D315857C:17.1%", "65A90023:17.1%", "911999B2:16.8%", "735FE217:16.5%", "633D9D61:16.4%", "A353E45E:16.1%"] t=1790149338446
EPOCH_OMITTED epoch=1 instances=8 retained=0 t=1790149338446
EPOCH_COMMITTEE derived_by=1 members=6 accounts=13243 n=339495505737327750737992960675578533351 digest=267EC17E580EA7AD0C89F79DF747393ACB47AEC098B1B88A1A902AC518436A0C shares=["D315857C:17.1%", "65A90023:17.1%", "911999B2:16.8%", "735FE217:16.5%", "633D9D61:16.4%", "A353E45E:16.1%"] t=1790149338451
EPOCH_OMITTED epoch=1 instances=8 retained=0 t=1790149338451
EPOCH_GATE epoch=2 released=1860 finalized=1631 t=1790149338455
EPOCH_CLOSED epoch=1 round=0 value=F9125DF0A3CDD3582BB09B34B265F44AC1D6CCAC3B0D63E655E5C49C53CB946B state=E43BD569B93CAAD780BD2144B2136287053CE7E7C816669835BD1EA6559E7BE8 t=1790149338455
EPOCH_COMMITTEE derived_by=1 members=6 accounts=13243 n=339495505737327750737992960675578533351 digest=267EC17E580EA7AD0C89F79DF747393ACB47AEC098B1B88A1A902AC518436A0C shares=["D315857C:17.1%", "65A90023:17.1%", "911999B2:16.8%", "735FE217:16.5%", "633D9D61:16.4%", "A353E45E:16.1%"] t=1790149338457
EPOCH_OMITTED epoch=1 instances=8 retained=0 t=1790149338457
EPOCH_GATE epoch=2 released=1860 finalized=1631 t=1790149338461
EPOCH_CLOSED epoch=1 round=0 value=F9125DF0A3CDD3582BB09B34B265F44AC1D6CCAC3B0D63E655E5C49C53CB946B state=E43BD569B93CAAD780BD2144B2136287053CE7E7C816669835BD1EA6559E7BE8 t=1790149338461
EPOCH_GATE epoch=2 released=1860 finalized=1631 t=1790149338464
EPOCH_CLOSED epoch=1 round=0 value=F9125DF0A3CDD3582BB09B34B265F44AC1D6CCAC3B0D63E655E5C49C53CB946B state=E43BD569B93CAAD780BD2144B2136287053CE7E7C816669835BD1EA6559E7BE8 t=1790149338464
EPOCH_COMMITTEE derived_by=1 members=6 accounts=13243 n=339495505737327750737992960675578533351 digest=267EC17E580EA7AD0C89F79DF747393ACB47AEC098B1B88A1A902AC518436A0C shares=["D315857C:17.1%", "65A90023:17.1%", "911999B2:16.8%", "735FE217:16.5%", "633D9D61:16.4%", "A353E45E:16.1%"] t=1790149338465
EPOCH_OMITTED epoch=1 instances=8 retained=0 t=1790149338465
EPOCH_GATE epoch=2 released=1760 finalized=1550 t=1790149338466
EPOCH_CLOSED epoch=1 round=0 value=F9125DF0A3CDD3582BB09B34B265F44AC1D6CCAC3B0D63E655E5C49C53CB946B state=E43BD569B93CAAD780BD2144B2136287053CE7E7C816669835BD1EA6559E7BE8 t=1790149338466
EPOCH_GATE epoch=2 released=1858 finalized=1631 t=1790149338473
EPOCH_CLOSED epoch=1 round=0 value=F9125DF0A3CDD3582BB09B34B265F44AC1D6CCAC3B0D63E655E5C49C53CB946B state=E43BD569B93CAAD780BD2144B2136287053CE7E7C816669835BD1EA6559E7BE8 t=1790149338474
EPOCH_INSTALLED epoch=1 finalized=15330 cemented=15324 queued=6 missing=0 t=1790149338574
EPOCH_INSTALLED epoch=1 finalized=15330 cemented=15323 queued=7 missing=0 t=1790149338588
EPOCH_INSTALLED epoch=1 finalized=15330 cemented=15323 queued=7 missing=0 t=1790149338623
EPOCH_INSTALLED epoch=1 finalized=15330 cemented=15323 queued=7 missing=0 t=1790149338632
EPOCH_INSTALLED epoch=1 finalized=15330 cemented=15324 queued=6 missing=0 t=1790149338721
EPOCH_COMMITTEE derived_by=1 members=6 accounts=13243 n=339495505737327750737992960675578533351 digest=267EC17E580EA7AD0C89F79DF747393ACB47AEC098B1B88A1A902AC518436A0C shares=["D315857C:17.1%", "65A90023:17.1%", "911999B2:16.8%", "735FE217:16.5%", "633D9D61:16.4%", "A353E45E:16.1%"] t=1790149339244
EPOCH_OMITTED epoch=1 instances=8 retained=0 t=1790149339245
EPOCH_GATE epoch=2 released=1860 finalized=1631 t=1790149339254
EPOCH_CLOSED epoch=1 round=0 value=F9125DF0A3CDD3582BB09B34B265F44AC1D6CCAC3B0D63E655E5C49C53CB946B state=E43BD569B93CAAD780BD2144B2136287053CE7E7C816669835BD1EA6559E7BE8 t=1790149339254
EPOCH_INSTALLED epoch=1 finalized=15330 cemented=15326 queued=4 missing=0 t=1790149339302
[2m2026-09-23T07:42:19.423355Z[0m [32m INFO[0m [2mnanospam::app[0m[2m:[0m Confirmed 33,506 blocks | 2,000 bps | 2,181 cps | avg conf time: 1515 ms
[2m2026-09-23T07:42:20.424533Z[0m [32m INFO[0m [2mnanospam::app[0m[2m:[0m Confirmed 37,259 blocks | 2,000 bps | 3,748 cps | avg conf time: 574 ms
[2m2026-09-23T07:42:21.425419Z[0m [32m INFO[0m [2mnanospam::app[0m[2m:[0m Confirmed 39,129 blocks | 2,000 bps | 1,868 cps | avg conf time: 96 ms
[2m2026-09-23T07:42:22.426311Z[0m [32m INFO[0m [2mnanospam::app[0m[2m:[0m Confirmed 41,045 blocks | 2,000 bps | 1,913 cps | avg conf time: 96 ms
[2m2026-09-23T07:42:23.427192Z[0m [32m INFO[0m [2mnanospam::app[0m[2m:[0m Confirmed 42,966 blocks | 2,000 bps | 1,919 cps | avg conf time: 95 ms
[2m2026-09-23T07:42:24.428818Z[0m [32m INFO[0m [2mnanospam::app[0m[2m:[0m Confirmed 44,899 blocks | 2,000 bps | 1,929 cps | avg conf time: 94 ms
[2m2026-09-23T07:42:24.578100Z[0m [32m INFO[0m [2mnanospam::app[0m[2m:[0m Confirming 45000 blocks took 23.18s
[2m2026-09-23T07:42:24.578188Z[0m [32m INFO[0m [2mnanospam::app[0m[2m:[0m Confirmation rate: 1941 cps
[2m2026-09-23T07:42:24.578200Z[0m [32m INFO[0m [2mnanospam::app[0m[2m:[0m Average conf time: 253 ms
EPOCH_ENDED epoch=2 elections=0 active=0 t=1790149345310
EPOCH_ENDED epoch=2 elections=0 active=0 t=1790149345324
EPOCH_ADVANCED epoch=3 elections=0 active=0 vote_records=530874 t=1790149345344
EPOCH_ADVANCED epoch=3 elections=0 active=0 vote_records=530871 t=1790149345352
EPOCH_CLOSE_UNREADY epoch=2 short_of=reports usable=0 weight=0 required=275473668846341312196309678747332115181 held=0 theirs=[] t=1790149345353
EPOCH_ENDED epoch=2 elections=0 active=0 t=1790149345356
EPOCH_REPORT epoch=2 certified=13671 residual=0 root=DA0D2F2EB1956B80E24133607073DAB8E38A35829621EA9C5B708D2400E4755C reports=1 t=1790149345360
EPOCH_REPORT epoch=2 certified=13671 residual=0 root=DA0D2F2EB1956B80E24133607073DAB8E38A35829621EA9C5B708D2400E4755C reports=1 t=1790149345367
EPOCH_CLOSE_UNREADY epoch=2 short_of=reports usable=1 weight=57876486084225300821687299948167549537 required=275473668846341312196309678747332115181 held=1 theirs=["D315857C:DA0D2F2E:D7A011D4"] t=1790149345367
EPOCH_ENDED epoch=2 elections=0 active=0 t=1790149345371
EPOCH_ADVANCED epoch=3 elections=0 active=0 vote_records=530873 t=1790149345377
EPOCH_ADVANCED epoch=3 elections=0 active=0 vote_records=530871 t=1790149345388
EPOCH_REPORT epoch=2 certified=13671 residual=0 root=DA0D2F2EB1956B80E24133607073DAB8E38A35829621EA9C5B708D2400E4755C reports=1 t=1790149345390
EPOCH_RECONCILED epoch=2 reporter=65A90023F6C0D2181AAA63F005D81BBC0C04650505E21D5123F9AE1F9E992BFF complete=true entries=0 total=13671 t=1790149345392
EPOCH_RECONCILED epoch=2 reporter=D315857CE70C54DE713F6E82E5613BB3A1266C15E28AD2F4338C7BBEC456F532 complete=true entries=0 total=13671 t=1790149345393
EPOCH_CLOSE_UNREADY epoch=2 short_of=reports usable=3 weight=173615744933437726770722537396022719747 required=275473668846341312196309678747332115181 held=3 theirs=["65A90023:DA0D2F2E:D7A011D4", "735FE217:DA0D2F2E:D7A011D4", "D315857C:DA0D2F2E:D7A011D4"] t=1790149345398
EPOCH_REPORT epoch=2 certified=13671 residual=0 root=DA0D2F2EB1956B80E24133607073DAB8E38A35829621EA9C5B708D2400E4755C reports=1 t=1790149345399
EPOCH_RECONCILED epoch=2 reporter=65A90023F6C0D2181AAA63F005D81BBC0C04650505E21D5123F9AE1F9E992BFF complete=true entries=0 total=13671 t=1790149345401
EPOCH_RECONCILED epoch=2 reporter=D315857CE70C54DE713F6E82E5613BB3A1266C15E28AD2F4338C7BBEC456F532 complete=true entries=0 total=13671 t=1790149345402
EPOCH_CLOSE_UNREADY epoch=2 short_of=reports usable=3 weight=173283185973056283600749237272920364082 required=275473668846341312196309678747332115181 held=4 theirs=["65A90023:DA0D2F2E:D7A011D4", "911999B2:DA0D2F2E:D7A011D4", "D315857C:DA0D2F2E:D7A011D4", "735FE217:DA0D2F2E:D7A011D4"] t=1790149345407
EPOCH_ENDED epoch=2 elections=0 active=0 t=1790149345407
EPOCH_ADVANCED epoch=3 elections=0 active=0 vote_records=530874 t=1790149345422
EPOCH_ENDED epoch=2 elections=0 active=0 t=1790149345430
EPOCH_REPORT epoch=2 certified=13671 residual=0 root=DA0D2F2EB1956B80E24133607073DAB8E38A35829621EA9C5B708D2400E4755C reports=1 t=1790149345432
EPOCH_RECONCILED epoch=2 reporter=65A90023F6C0D2181AAA63F005D81BBC0C04650505E21D5123F9AE1F9E992BFF complete=true entries=0 total=13671 t=1790149345434
EPOCH_RECONCILED epoch=2 reporter=735FE217D91E88EA82324C5883296385FA0041C2FAC85C827BAA46DA1E14B83F complete=true entries=0 total=13671 t=1790149345434
EPOCH_RECONCILED epoch=2 reporter=911999B2AEFA7ACC66EBD802B3301FF6CE431405107749D940277955CB7FDD07 complete=true entries=0 total=13671 t=1790149345435
EPOCH_RECONCILED epoch=2 reporter=D315857CE70C54DE713F6E82E5613BB3A1266C15E28AD2F4338C7BBEC456F532 complete=true entries=0 total=13671 t=1790149345435
EPOCH_CLOSE_READY epoch=2 t=1790149345440
EPOCH_ADVANCED epoch=3 elections=0 active=0 vote_records=530873 t=1790149345444
EPOCH_REPORT epoch=2 certified=13671 residual=0 root=DA0D2F2EB1956B80E24133607073DAB8E38A35829621EA9C5B708D2400E4755C reports=1 t=1790149345454
EPOCH_RECONCILED epoch=2 reporter=65A90023F6C0D2181AAA63F005D81BBC0C04650505E21D5123F9AE1F9E992BFF complete=true entries=0 total=13671 t=1790149345455
EPOCH_RECONCILED epoch=2 reporter=735FE217D91E88EA82324C5883296385FA0041C2FAC85C827BAA46DA1E14B83F complete=true entries=0 total=13671 t=1790149345455
EPOCH_RECONCILED epoch=2 reporter=911999B2AEFA7ACC66EBD802B3301FF6CE431405107749D940277955CB7FDD07 complete=true entries=0 total=13671 t=1790149345456
EPOCH_RECONCILED epoch=2 reporter=D315857CE70C54DE713F6E82E5613BB3A1266C15E28AD2F4338C7BBEC456F532 complete=true entries=0 total=13671 t=1790149345457
EPOCH_RECONCILED epoch=2 reporter=A353E45E6D0016CAEED0DFA4EC5B0640E2AA22A793F9F2375E77F1AB92977C04 complete=true entries=0 total=13671 t=1790149345458
EPOCH_CLOSE_READY epoch=2 t=1790149345463
EPOCH_RECONCILED epoch=2 reporter=A353E45E6D0016CAEED0DFA4EC5B0640E2AA22A793F9F2375E77F1AB92977C04 complete=true entries=0 total=13671 t=1790149345623
EPOCH_RECONCILED epoch=2 reporter=735FE217D91E88EA82324C5883296385FA0041C2FAC85C827BAA46DA1E14B83F complete=true entries=0 total=13671 t=1790149345624
EPOCH_RECONCILED epoch=2 reporter=65A90023F6C0D2181AAA63F005D81BBC0C04650505E21D5123F9AE1F9E992BFF complete=true entries=0 total=13671 t=1790149345624
EPOCH_RECONCILED epoch=2 reporter=911999B2AEFA7ACC66EBD802B3301FF6CE431405107749D940277955CB7FDD07 complete=true entries=0 total=13671 t=1790149345624
EPOCH_RECONCILED epoch=2 reporter=633D9D614858AB1710D5D8C3180E2A082DC97208BA8C26BA6C6D1A86C8E31CC0 complete=true entries=0 total=13671 t=1790149345625
EPOCH_CLOSE_READY epoch=2 t=1790149345631
EPOCH_RECONCILED epoch=2 reporter=A353E45E6D0016CAEED0DFA4EC5B0640E2AA22A793F9F2375E77F1AB92977C04 complete=true entries=0 total=13671 t=1790149345637
EPOCH_RECONCILED epoch=2 reporter=D315857CE70C54DE713F6E82E5613BB3A1266C15E28AD2F4338C7BBEC456F532 complete=true entries=0 total=13671 t=1790149345637
EPOCH_RECONCILED epoch=2 reporter=735FE217D91E88EA82324C5883296385FA0041C2FAC85C827BAA46DA1E14B83F complete=true entries=0 total=13671 t=1790149345638
EPOCH_RECONCILED epoch=2 reporter=911999B2AEFA7ACC66EBD802B3301FF6CE431405107749D940277955CB7FDD07 complete=true entries=0 total=13671 t=1790149345638
EPOCH_RECONCILED epoch=2 reporter=633D9D614858AB1710D5D8C3180E2A082DC97208BA8C26BA6C6D1A86C8E31CC0 complete=true entries=0 total=13671 t=1790149345639
EPOCH_CLOSE_READY epoch=2 t=1790149345644
EPOCH_RECONCILED epoch=2 reporter=A353E45E6D0016CAEED0DFA4EC5B0640E2AA22A793F9F2375E77F1AB92977C04 complete=true entries=0 total=13671 t=1790149345667
EPOCH_RECONCILED epoch=2 reporter=633D9D614858AB1710D5D8C3180E2A082DC97208BA8C26BA6C6D1A86C8E31CC0 complete=true entries=0 total=13671 t=1790149345667
EPOCH_RECONCILED epoch=2 reporter=911999B2AEFA7ACC66EBD802B3301FF6CE431405107749D940277955CB7FDD07 complete=true entries=0 total=13671 t=1790149345667
EPOCH_CLOSE_READY epoch=2 t=1790149345673
EPOCH_RECONCILED epoch=2 reporter=735FE217D91E88EA82324C5883296385FA0041C2FAC85C827BAA46DA1E14B83F complete=true entries=0 total=13671 t=1790149345681
EPOCH_RECONCILED epoch=2 reporter=633D9D614858AB1710D5D8C3180E2A082DC97208BA8C26BA6C6D1A86C8E31CC0 complete=true entries=0 total=13671 t=1790149345681
EPOCH_RECONCILED epoch=2 reporter=A353E45E6D0016CAEED0DFA4EC5B0640E2AA22A793F9F2375E77F1AB92977C04 complete=true entries=0 total=13671 t=1790149345682
EPOCH_CLOSE_READY epoch=2 t=1790149345687
EPOCH_CLOSE_ROUND epoch=2 round=0 leader=735FE217D91E88EA82324C5883296385FA0041C2FAC85C827BAA46DA1E14B83F leads=false t=1790149345712
EPOCH_RECONCILED epoch=2 reporter=633D9D614858AB1710D5D8C3180E2A082DC97208BA8C26BA6C6D1A86C8E31CC0 complete=true entries=0 total=13671 t=1790149345721
EPOCH_CLOSE_ROUND epoch=2 round=0 leader=735FE217D91E88EA82324C5883296385FA0041C2FAC85C827BAA46DA1E14B83F leads=false t=1790149345735
EPOCH_PROPOSED epoch=2 round=0 value=F2715191E4A730836B00B0824120EF9B3EE8B8CB72E3F5F47647D06394CA1A41 state=DB5AB585B46AB9A37F0775D3F5E5A862B47BF4B044D05ECDCEA2B1B6A58B6D8D reports=5 t=1790149345745
EPOCH_VALUE epoch=2 value=F2715191E4A730836B00B0824120EF9B3EE8B8CB72E3F5F47647D06394CA1A41 state=DB5AB585B46AB9A37F0775D3F5E5A862B47BF4B044D05ECDCEA2B1B6A58B6D8D t=1790149345745
EPOCH_VALUE epoch=2 value=F2715191E4A730836B00B0824120EF9B3EE8B8CB72E3F5F47647D06394CA1A41 state=DB5AB585B46AB9A37F0775D3F5E5A862B47BF4B044D05ECDCEA2B1B6A58B6D8D t=1790149345864
EPOCH_VALUE epoch=2 value=F2715191E4A730836B00B0824120EF9B3EE8B8CB72E3F5F47647D06394CA1A41 state=DB5AB585B46AB9A37F0775D3F5E5A862B47BF4B044D05ECDCEA2B1B6A58B6D8D t=1790149345866
EPOCH_VALUE epoch=2 value=F2715191E4A730836B00B0824120EF9B3EE8B8CB72E3F5F47647D06394CA1A41 state=DB5AB585B46AB9A37F0775D3F5E5A862B47BF4B044D05ECDCEA2B1B6A58B6D8D t=1790149345867
EPOCH_VALUE epoch=2 value=F2715191E4A730836B00B0824120EF9B3EE8B8CB72E3F5F47647D06394CA1A41 state=DB5AB585B46AB9A37F0775D3F5E5A862B47BF4B044D05ECDCEA2B1B6A58B6D8D t=1790149345869
EPOCH_VALUE epoch=2 value=F2715191E4A730836B00B0824120EF9B3EE8B8CB72E3F5F47647D06394CA1A41 state=DB5AB585B46AB9A37F0775D3F5E5A862B47BF4B044D05ECDCEA2B1B6A58B6D8D t=1790149345872
EPOCH_CLOSE_ROUND epoch=2 round=0 leader=735FE217D91E88EA82324C5883296385FA0041C2FAC85C827BAA46DA1E14B83F leads=false t=1790149345913
EPOCH_CLOSE_ROUND epoch=2 round=0 leader=735FE217D91E88EA82324C5883296385FA0041C2FAC85C827BAA46DA1E14B83F leads=false t=1790149345930
EPOCH_CLOSE_ROUND epoch=2 round=0 leader=735FE217D91E88EA82324C5883296385FA0041C2FAC85C827BAA46DA1E14B83F leads=true t=1790149345961
EPOCH_CLOSE_ROUND epoch=2 round=0 leader=735FE217D91E88EA82324C5883296385FA0041C2FAC85C827BAA46DA1E14B83F leads=false t=1790149345977
EPOCH_INSTALL epoch=2 finalized=13671 instances_confirmed=0 t=1790149346141
EPOCH_INSTALL epoch=2 finalized=13671 instances_confirmed=0 t=1790149346142
EPOCH_INSTALL epoch=2 finalized=13671 instances_confirmed=0 t=1790149346142
EPOCH_INSTALL epoch=2 finalized=13671 instances_confirmed=0 t=1790149346142
EPOCH_INSTALL epoch=2 finalized=13671 instances_confirmed=0 t=1790149346144
EPOCH_INSTALL epoch=2 finalized=13671 instances_confirmed=0 t=1790149346145
EPOCH_INSTALLED epoch=2 finalized=13671 cemented=13671 queued=0 missing=0 t=1790149346179
EPOCH_INSTALLED epoch=2 finalized=13671 cemented=13671 queued=0 missing=0 t=1790149346182
EPOCH_INSTALLED epoch=2 finalized=13671 cemented=13671 queued=0 missing=0 t=1790149346190
EPOCH_INSTALLED epoch=2 finalized=13671 cemented=13671 queued=0 missing=0 t=1790149346190
EPOCH_INSTALLED epoch=2 finalized=13671 cemented=13671 queued=0 missing=0 t=1790149346194
EPOCH_INSTALLED epoch=2 finalized=13671 cemented=13671 queued=0 missing=0 t=1790149346194
EPOCH_COMMITTEE derived_by=2 members=6 accounts=17683 n=340085824955563737629605295399851986027 digest=BEB7C0D11E911BFB5AD6483F6BFE3BCA317CC2BFDF329067FBAA9115D7749415 shares=["911999B2:17.0%", "D315857C:17.0%", "65A90023:16.8%", "735FE217:16.6%", "633D9D61:16.6%", "A353E45E:15.9%"] t=1790149346364
EPOCH_CLOSED epoch=2 round=0 value=F2715191E4A730836B00B0824120EF9B3EE8B8CB72E3F5F47647D06394CA1A41 state=DB5AB585B46AB9A37F0775D3F5E5A862B47BF4B044D05ECDCEA2B1B6A58B6D8D t=1790149346364
EPOCH_COMMITTEE derived_by=2 members=6 accounts=17683 n=340085824955563737629605295399851986027 digest=BEB7C0D11E911BFB5AD6483F6BFE3BCA317CC2BFDF329067FBAA9115D7749415 shares=["911999B2:17.0%", "D315857C:17.0%", "65A90023:16.8%", "735FE217:16.6%", "633D9D61:16.6%", "A353E45E:15.9%"] t=1790149346373
EPOCH_CLOSED epoch=2 round=0 value=F2715191E4A730836B00B0824120EF9B3EE8B8CB72E3F5F47647D06394CA1A41 state=DB5AB585B46AB9A37F0775D3F5E5A862B47BF4B044D05ECDCEA2B1B6A58B6D8D t=1790149346373
EPOCH_COMMITTEE derived_by=2 members=6 accounts=17683 n=340085824955563737629605295399851986027 digest=BEB7C0D11E911BFB5AD6483F6BFE3BCA317CC2BFDF329067FBAA9115D7749415 shares=["911999B2:17.0%", "D315857C:17.0%", "65A90023:16.8%", "735FE217:16.6%", "633D9D61:16.6%", "A353E45E:15.9%"] t=1790149346374
EPOCH_CLOSED epoch=2 round=0 value=F2715191E4A730836B00B0824120EF9B3EE8B8CB72E3F5F47647D06394CA1A41 state=DB5AB585B46AB9A37F0775D3F5E5A862B47BF4B044D05ECDCEA2B1B6A58B6D8D t=1790149346374
EPOCH_COMMITTEE derived_by=2 members=6 accounts=17683 n=340085824955563737629605295399851986027 digest=BEB7C0D11E911BFB5AD6483F6BFE3BCA317CC2BFDF329067FBAA9115D7749415 shares=["911999B2:17.0%", "D315857C:17.0%", "65A90023:16.8%", "735FE217:16.6%", "633D9D61:16.6%", "A353E45E:15.9%"] t=1790149346380
EPOCH_CLOSED epoch=2 round=0 value=F2715191E4A730836B00B0824120EF9B3EE8B8CB72E3F5F47647D06394CA1A41 state=DB5AB585B46AB9A37F0775D3F5E5A862B47BF4B044D05ECDCEA2B1B6A58B6D8D t=1790149346380
EPOCH_COMMITTEE derived_by=2 members=6 accounts=17683 n=340085824955563737629605295399851986027 digest=BEB7C0D11E911BFB5AD6483F6BFE3BCA317CC2BFDF329067FBAA9115D7749415 shares=["911999B2:17.0%", "D315857C:17.0%", "65A90023:16.8%", "735FE217:16.6%", "633D9D61:16.6%", "A353E45E:15.9%"] t=1790149346384
EPOCH_CLOSED epoch=2 round=0 value=F2715191E4A730836B00B0824120EF9B3EE8B8CB72E3F5F47647D06394CA1A41 state=DB5AB585B46AB9A37F0775D3F5E5A862B47BF4B044D05ECDCEA2B1B6A58B6D8D t=1790149346384
EPOCH_COMMITTEE derived_by=2 members=6 accounts=17683 n=340085824955563737629605295399851986027 digest=BEB7C0D11E911BFB5AD6483F6BFE3BCA317CC2BFDF329067FBAA9115D7749415 shares=["911999B2:17.0%", "D315857C:17.0%", "65A90023:16.8%", "735FE217:16.6%", "633D9D61:16.6%", "A353E45E:15.9%"] t=1790149346395
EPOCH_CLOSED epoch=2 round=0 value=F2715191E4A730836B00B0824120EF9B3EE8B8CB72E3F5F47647D06394CA1A41 state=DB5AB585B46AB9A37F0775D3F5E5A862B47BF4B044D05ECDCEA2B1B6A58B6D8D t=1790149346395
cleanup done
