/Users/ruimorais/rsnano-node/target/release/rsnano
publishing done after 80s
t=0s epochs=[0, 1, 2] open={0: [0, 0, 0, 0, 0, 0], 1: [0, 0, 0, 0, 0, 0], 2: [0, 0, 0, 0, 0, 0]} inconsistent=[] cemented=['43963', '43962', '43963', '43933', '43963', '43961']
  epoch 0: 6852CFE5 fin=15705 single=0 pend=0 cem_und=0 empty=0 confl=141 | 6852CFE5 fin=15705 single=0 pend=0 cem_und=0 empty=0 confl=141 | 6852CFE5 fin=15705 single=0 pend=0 cem_und=0 empty=0 confl=141 | 6852CFE5 fin=15705 single=0 pend=0 cem_und=0 empty=0 confl=141 | 6852CFE5 fin=15705 single=0 pend=0 cem_und=0 empty=0 confl=141 | 6852CFE5 fin=15705 single=0 pend=0 cem_und=0 empty=0 confl=141
  epoch 1: 69F4E76A fin=14702 single=0 pend=0 cem_und=0 empty=0 confl=322 | 69F4E76A fin=14702 single=0 pend=0 cem_und=0 empty=0 confl=322 | 69F4E76A fin=14702 single=0 pend=0 cem_und=0 empty=0 confl=322 | 69F4E76A fin=14702 single=0 pend=0 cem_und=0 empty=0 confl=322 | 69F4E76A fin=14702 single=0 pend=0 cem_und=0 empty=0 confl=322 | 69F4E76A fin=14702 single=0 pend=0 cem_und=0 empty=0 confl=322
  epoch 2: 84D37655 fin=13555 single=395 pend=0 cem_und=0 empty=0 confl=244 | 84D37655 fin=13555 single=395 pend=0 cem_und=0 empty=0 confl=244 | 84D37655 fin=13555 single=395 pend=0 cem_und=0 empty=0 confl=244 | 84D37655 fin=13555 single=395 pend=0 cem_und=0 empty=0 confl=244 | 84D37655 fin=13555 single=395 pend=0 cem_und=0 empty=0 confl=244 | 84D37655 fin=13555 single=395 pend=0 cem_und=0 empty=0 confl=244
SETTLED_CONSISTENT after 0s: epochs [0, 1, 2] identical on all PRs, cemented=['43963', '43962', '43963', '43933', '43963', '43961']
epoch 3 is empty on every PR: not ended
close t=0s left=[0, 1, 2] open={0: [0, 0, 0, 0, 0, 0], 1: [0, 0, 0, 0, 0, 0], 2: [0, 0, 0, 0, 0, 0]} inconsistent=[]
  close 0: round=1 ready=true started=true value=2B9E3127 closed=2B9E3127@0= | round=1 ready=true started=true value=2B9E3127 closed=2B9E3127@0= | round=1 ready=true started=true value=2B9E3127 closed=2B9E3127@0= | round=0 ready=true started=true value=2B9E3127 closed=2B9E3127@0= | round=0 ready=true started=true value=2B9E3127 closed=2B9E3127@0= | round=1 ready=true started=true value=2B9E3127 closed=2B9E3127@0=
  close 1: round=0 ready=true started=true value=823EA776 closed=823EA776@0= | round=0 ready=true started=true value=823EA776 closed=823EA776@0= | round=1 ready=true started=true value=823EA776 closed=823EA776@0= | round=0 ready=true started=true value=823EA776 closed=823EA776@0= | round=0 ready=true started=true value=823EA776 closed=823EA776@0= | round=0 ready=true started=true value=823EA776 closed=823EA776@0=
  close 2: round=0 ready=true started=true value=59576F45 closed=59576F45@0= | round=0 ready=true started=true value=59576F45 closed=59576F45@0= | round=0 ready=true started=true value=59576F45 closed=59576F45@0= | round=0 ready=true started=true value=59576F45 closed=59576F45@0= | round=0 ready=true started=true value=59576F45 closed=59576F45@0= | round=0 ready=true started=true value=59576F45 closed=59576F45@0=
CLOSED_CONSISTENT after 0s: epochs [0, 1, 2] closed identically on all PRs
settle check exit=0 at 81s (settle phase 1s)
committee genesis: members=6 n=3.403e+38 digest=F86D8197 on PR0,PR1,PR2,PR3,PR4,PR5 ok
    8g5mp8f1=20.2% ohsmj9th=16.0% 5pddzijp=16.0% xfwtat7m=16.0% 3tfyyzs3=16.0% rxk7n7ne=16.0%
committee       0: members=6 n=3.214e+38 digest=224D905A on PR0,PR1,PR2,PR3,PR4,PR5 ok
    3tfyyzs3=18.6% 8g5mp8f1=18.2% rxk7n7ne=16.4% ohsmj9th=16.0% xfwtat7m=15.5% 5pddzijp=15.3%
committee       1: members=6 n=3.192e+38 digest=4F4E7FC8 on PR0,PR1,PR2,PR3,PR4,PR5 ok
    3tfyyzs3=18.3% 8g5mp8f1=18.1% rxk7n7ne=16.3% ohsmj9th=16.0% xfwtat7m=15.7% 5pddzijp=15.6%
committee       2: members=6 n=3.133e+38 digest=3D882D15 on PR0,PR1,PR2,PR3,PR4,PR5 ok
    3tfyyzs3=18.2% 8g5mp8f1=18.2% rxk7n7ne=16.1% 5pddzijp=16.0% ohsmj9th=15.8% xfwtat7m=15.7%
current epochs per PR: [3, 3, 3, 3, 3, 3]
n ranges over 3.1333e+38..3.4028e+38: 7.92% in flight at most
COMMITTEES_CONSISTENT
epochs=[0, 1, 2] slots=44357 finalized slots=43962 finalized blocks=43962 slots with more than one block in the state=0
S3 blocks finalized in more than one epoch: 0
S5 blocks discarded as late: 0
S4 slots checked against every PR's ledger: 300 of 43962
SAFE
