2026-10-02T09:20:53.532127Z  INFO nanospam::setup::account_map_factory: Creating account keys file with 45000 keys: "/var/folders/1y/px089b2s6f9d893xp1p4c7wh0000gn/T/rai-phase0-81ipue1s/account_keys.txt"
2026-10-02T09:20:54.260745Z  INFO nanospam::setup::node_config_factory: ********************************************************************************
2026-10-02T09:20:54.260756Z  INFO nanospam::setup::node_config_factory: Setting up node PR0...
2026-10-02T09:20:54.260761Z  INFO nanospam::setup::node_config_factory: Creating directory "/var/folders/1y/px089b2s6f9d893xp1p4c7wh0000gn/T/rai-phase0-81ipue1s/pr0"
2026-10-02T09:20:54.260841Z  INFO nanospam::setup::node_config_factory: Creating node config file: "/var/folders/1y/px089b2s6f9d893xp1p4c7wh0000gn/T/rai-phase0-81ipue1s/pr0/config-node.toml"
2026-10-02T09:20:54.260944Z  INFO nanospam::setup::node_config_factory: Creating rpc config file: "/var/folders/1y/px089b2s6f9d893xp1p4c7wh0000gn/T/rai-phase0-81ipue1s/pr0/config-rpc.toml"
2026-10-02T09:20:54.261008Z  INFO nanospam::setup::node_config_factory: ********************************************************************************
2026-10-02T09:20:54.261012Z  INFO nanospam::setup::node_config_factory: Setting up node PR1...
2026-10-02T09:20:54.261015Z  INFO nanospam::setup::node_config_factory: Creating directory "/var/folders/1y/px089b2s6f9d893xp1p4c7wh0000gn/T/rai-phase0-81ipue1s/pr1"
2026-10-02T09:20:54.261057Z  INFO nanospam::setup::node_config_factory: Creating node config file: "/var/folders/1y/px089b2s6f9d893xp1p4c7wh0000gn/T/rai-phase0-81ipue1s/pr1/config-node.toml"
2026-10-02T09:20:54.261129Z  INFO nanospam::setup::node_config_factory: Creating rpc config file: "/var/folders/1y/px089b2s6f9d893xp1p4c7wh0000gn/T/rai-phase0-81ipue1s/pr1/config-rpc.toml"
2026-10-02T09:20:54.261191Z  INFO nanospam::setup::node_config_factory: ********************************************************************************
2026-10-02T09:20:54.261195Z  INFO nanospam::setup::node_config_factory: Setting up node PR2...
2026-10-02T09:20:54.261199Z  INFO nanospam::setup::node_config_factory: Creating directory "/var/folders/1y/px089b2s6f9d893xp1p4c7wh0000gn/T/rai-phase0-81ipue1s/pr2"
2026-10-02T09:20:54.261239Z  INFO nanospam::setup::node_config_factory: Creating node config file: "/var/folders/1y/px089b2s6f9d893xp1p4c7wh0000gn/T/rai-phase0-81ipue1s/pr2/config-node.toml"
2026-10-02T09:20:54.261313Z  INFO nanospam::setup::node_config_factory: Creating rpc config file: "/var/folders/1y/px089b2s6f9d893xp1p4c7wh0000gn/T/rai-phase0-81ipue1s/pr2/config-rpc.toml"
2026-10-02T09:20:54.261375Z  INFO nanospam::setup::node_config_factory: ********************************************************************************
2026-10-02T09:20:54.261379Z  INFO nanospam::setup::node_config_factory: Setting up node PR3...
2026-10-02T09:20:54.261383Z  INFO nanospam::setup::node_config_factory: Creating directory "/var/folders/1y/px089b2s6f9d893xp1p4c7wh0000gn/T/rai-phase0-81ipue1s/pr3"
2026-10-02T09:20:54.261426Z  INFO nanospam::setup::node_config_factory: Creating node config file: "/var/folders/1y/px089b2s6f9d893xp1p4c7wh0000gn/T/rai-phase0-81ipue1s/pr3/config-node.toml"
2026-10-02T09:20:54.261494Z  INFO nanospam::setup::node_config_factory: Creating rpc config file: "/var/folders/1y/px089b2s6f9d893xp1p4c7wh0000gn/T/rai-phase0-81ipue1s/pr3/config-rpc.toml"
2026-10-02T09:20:54.261551Z  INFO nanospam::setup::node_config_factory: ********************************************************************************
2026-10-02T09:20:54.261554Z  INFO nanospam::setup::node_config_factory: Setting up node PR4...
2026-10-02T09:20:54.261557Z  INFO nanospam::setup::node_config_factory: Creating directory "/var/folders/1y/px089b2s6f9d893xp1p4c7wh0000gn/T/rai-phase0-81ipue1s/pr4"
2026-10-02T09:20:54.261598Z  INFO nanospam::setup::node_config_factory: Creating node config file: "/var/folders/1y/px089b2s6f9d893xp1p4c7wh0000gn/T/rai-phase0-81ipue1s/pr4/config-node.toml"
2026-10-02T09:20:54.261666Z  INFO nanospam::setup::node_config_factory: Creating rpc config file: "/var/folders/1y/px089b2s6f9d893xp1p4c7wh0000gn/T/rai-phase0-81ipue1s/pr4/config-rpc.toml"
2026-10-02T09:20:54.261740Z  INFO nanospam::setup::node_config_factory: ********************************************************************************
2026-10-02T09:20:54.261743Z  INFO nanospam::setup::node_config_factory: Setting up node PR5...
2026-10-02T09:20:54.261745Z  INFO nanospam::setup::node_config_factory: Creating directory "/var/folders/1y/px089b2s6f9d893xp1p4c7wh0000gn/T/rai-phase0-81ipue1s/pr5"
2026-10-02T09:20:54.261783Z  INFO nanospam::setup::node_config_factory: Creating node config file: "/var/folders/1y/px089b2s6f9d893xp1p4c7wh0000gn/T/rai-phase0-81ipue1s/pr5/config-node.toml"
2026-10-02T09:20:54.261847Z  INFO nanospam::setup::node_config_factory: Creating rpc config file: "/var/folders/1y/px089b2s6f9d893xp1p4c7wh0000gn/T/rai-phase0-81ipue1s/pr5/config-rpc.toml"
2026-10-02T09:20:54.262019Z  INFO nanospam::setup::node_launcher: Starting node: NANO_TEST_GENESIS_BLOCK="{\n    \"type\": \"open\",\n    \"account\": \"nano_3nroioygg54nusrmyun4woimqex36sp3drnctdt5955uqu47fxbkrxk7n7ne\",\n    \"source\": \"D315857CE70C54DE713F6E82E5613BB3A1266C15E28AD2F4338C7BBEC456F532\",\n    \"representative\": \"nano_3nroioygg54nusrmyun4woimqex36sp3drnctdt5955uqu47fxbkrxk7n7ne\",\n    \"signature\": \"3F6792C2DC623DF2E8643777160AB983B66B337E2478E13D2C3448126A8F4CD8DCCD19803C158A057FA44060AE0EFC09B1C311CB4FBF42F8D240610B38F56E08\",\n    \"work\": \"70FEF01F7EC45DEC\"\n    }" NANO_TEST_GENESIS_PRV ="49643F9B10CA1AA34F9AF8ED4AABD29F436104CCC375974B108534A48EAE3FE1" "rsnano" "--network" "test" "--data-path" "/var/folders/1y/px089b2s6f9d893xp1p4c7wh0000gn/T/rai-phase0-81ipue1s/pr0" "node" "run"
2026-10-02T09:20:54.262589Z  INFO nanospam::setup::node_launcher: Waiting for RPC...
2026-10-02T09:20:54.570585Z  INFO nanospam::setup::node_launcher: Starting node: NANO_TEST_GENESIS_BLOCK="{\n    \"type\": \"open\",\n    \"account\": \"nano_3nroioygg54nusrmyun4woimqex36sp3drnctdt5955uqu47fxbkrxk7n7ne\",\n    \"source\": \"D315857CE70C54DE713F6E82E5613BB3A1266C15E28AD2F4338C7BBEC456F532\",\n    \"representative\": \"nano_3nroioygg54nusrmyun4woimqex36sp3drnctdt5955uqu47fxbkrxk7n7ne\",\n    \"signature\": \"3F6792C2DC623DF2E8643777160AB983B66B337E2478E13D2C3448126A8F4CD8DCCD19803C158A057FA44060AE0EFC09B1C311CB4FBF42F8D240610B38F56E08\",\n    \"work\": \"70FEF01F7EC45DEC\"\n    }" NANO_TEST_GENESIS_PRV ="49643F9B10CA1AA34F9AF8ED4AABD29F436104CCC375974B108534A48EAE3FE1" "rsnano" "--network" "test" "--data-path" "/var/folders/1y/px089b2s6f9d893xp1p4c7wh0000gn/T/rai-phase0-81ipue1s/pr1" "node" "run"
2026-10-02T09:20:54.571407Z  INFO nanospam::setup::node_launcher: Waiting for RPC...
2026-10-02T09:20:54.674739Z  INFO nanospam::setup::node_launcher: Starting node: NANO_TEST_GENESIS_BLOCK="{\n    \"type\": \"open\",\n    \"account\": \"nano_3nroioygg54nusrmyun4woimqex36sp3drnctdt5955uqu47fxbkrxk7n7ne\",\n    \"source\": \"D315857CE70C54DE713F6E82E5613BB3A1266C15E28AD2F4338C7BBEC456F532\",\n    \"representative\": \"nano_3nroioygg54nusrmyun4woimqex36sp3drnctdt5955uqu47fxbkrxk7n7ne\",\n    \"signature\": \"3F6792C2DC623DF2E8643777160AB983B66B337E2478E13D2C3448126A8F4CD8DCCD19803C158A057FA44060AE0EFC09B1C311CB4FBF42F8D240610B38F56E08\",\n    \"work\": \"70FEF01F7EC45DEC\"\n    }" NANO_TEST_GENESIS_PRV ="49643F9B10CA1AA34F9AF8ED4AABD29F436104CCC375974B108534A48EAE3FE1" "rsnano" "--network" "test" "--data-path" "/var/folders/1y/px089b2s6f9d893xp1p4c7wh0000gn/T/rai-phase0-81ipue1s/pr2" "node" "run"
2026-10-02T09:20:54.675830Z  INFO nanospam::setup::node_launcher: Waiting for RPC...
2026-10-02T09:20:54.778893Z  INFO nanospam::setup::node_launcher: Starting node: NANO_TEST_GENESIS_BLOCK="{\n    \"type\": \"open\",\n    \"account\": \"nano_3nroioygg54nusrmyun4woimqex36sp3drnctdt5955uqu47fxbkrxk7n7ne\",\n    \"source\": \"D315857CE70C54DE713F6E82E5613BB3A1266C15E28AD2F4338C7BBEC456F532\",\n    \"representative\": \"nano_3nroioygg54nusrmyun4woimqex36sp3drnctdt5955uqu47fxbkrxk7n7ne\",\n    \"signature\": \"3F6792C2DC623DF2E8643777160AB983B66B337E2478E13D2C3448126A8F4CD8DCCD19803C158A057FA44060AE0EFC09B1C311CB4FBF42F8D240610B38F56E08\",\n    \"work\": \"70FEF01F7EC45DEC\"\n    }" NANO_TEST_GENESIS_PRV ="49643F9B10CA1AA34F9AF8ED4AABD29F436104CCC375974B108534A48EAE3FE1" "rsnano" "--network" "test" "--data-path" "/var/folders/1y/px089b2s6f9d893xp1p4c7wh0000gn/T/rai-phase0-81ipue1s/pr3" "node" "run"
2026-10-02T09:20:54.779765Z  INFO nanospam::setup::node_launcher: Waiting for RPC...
2026-10-02T09:20:54.882225Z  INFO nanospam::setup::node_launcher: Starting node: NANO_TEST_GENESIS_BLOCK="{\n    \"type\": \"open\",\n    \"account\": \"nano_3nroioygg54nusrmyun4woimqex36sp3drnctdt5955uqu47fxbkrxk7n7ne\",\n    \"source\": \"D315857CE70C54DE713F6E82E5613BB3A1266C15E28AD2F4338C7BBEC456F532\",\n    \"representative\": \"nano_3nroioygg54nusrmyun4woimqex36sp3drnctdt5955uqu47fxbkrxk7n7ne\",\n    \"signature\": \"3F6792C2DC623DF2E8643777160AB983B66B337E2478E13D2C3448126A8F4CD8DCCD19803C158A057FA44060AE0EFC09B1C311CB4FBF42F8D240610B38F56E08\",\n    \"work\": \"70FEF01F7EC45DEC\"\n    }" NANO_TEST_GENESIS_PRV ="49643F9B10CA1AA34F9AF8ED4AABD29F436104CCC375974B108534A48EAE3FE1" "rsnano" "--network" "test" "--data-path" "/var/folders/1y/px089b2s6f9d893xp1p4c7wh0000gn/T/rai-phase0-81ipue1s/pr4" "node" "run"
2026-10-02T09:20:54.882895Z  INFO nanospam::setup::node_launcher: Waiting for RPC...
2026-10-02T09:20:54.986071Z  INFO nanospam::setup::node_launcher: Starting node: NANO_TEST_GENESIS_BLOCK="{\n    \"type\": \"open\",\n    \"account\": \"nano_3nroioygg54nusrmyun4woimqex36sp3drnctdt5955uqu47fxbkrxk7n7ne\",\n    \"source\": \"D315857CE70C54DE713F6E82E5613BB3A1266C15E28AD2F4338C7BBEC456F532\",\n    \"representative\": \"nano_3nroioygg54nusrmyun4woimqex36sp3drnctdt5955uqu47fxbkrxk7n7ne\",\n    \"signature\": \"3F6792C2DC623DF2E8643777160AB983B66B337E2478E13D2C3448126A8F4CD8DCCD19803C158A057FA44060AE0EFC09B1C311CB4FBF42F8D240610B38F56E08\",\n    \"work\": \"70FEF01F7EC45DEC\"\n    }" NANO_TEST_GENESIS_PRV ="49643F9B10CA1AA34F9AF8ED4AABD29F436104CCC375974B108534A48EAE3FE1" "rsnano" "--network" "test" "--data-path" "/var/folders/1y/px089b2s6f9d893xp1p4c7wh0000gn/T/rai-phase0-81ipue1s/pr5" "node" "run"
2026-10-02T09:20:54.987041Z  INFO nanospam::setup::node_launcher: Waiting for RPC...
2026-10-02T09:20:55.089814Z  INFO nanospam::wallets_factory: Creating wallet...
2026-10-02T09:20:55.155843Z  INFO nanospam::wallets_factory: Setting default representative...
2026-10-02T09:20:55.156160Z  INFO nanospam::wallets_factory: Creating wallet...
2026-10-02T09:20:55.201928Z  INFO nanospam::wallets_factory: Setting default representative...
2026-10-02T09:20:55.202231Z  INFO nanospam::wallets_factory: Sending Ӿ56,547,061 to PR1 wallet nano_3atmwjh8t11psdqf3qx6xjfiei94oajch6zsyauowxzjogbbgz168g5mp8f1 ...
2026-10-02T09:20:55.202726Z  INFO nanospam::wallets_factory: Waiting for confirmation for 70B574FB519B8DEA27D8F4952C2E7B0378B009608D6FC967984D3C83440C9C3D
2026-10-02T09:21:10.391087Z  INFO nanospam::wallets_factory: Receiving...
2026-10-02T09:21:10.393421Z  INFO nanospam::wallets_factory: Waiting for confirmation for 011C6AC2721054F46B03A50885AF48083A4A685154A55D85116DBCE413673F86
2026-10-02T09:21:10.495899Z  INFO nanospam::wallets_factory: DONE
2026-10-02T09:21:10.495963Z  INFO nanospam::wallets_factory: ********************************************************************************
2026-10-02T09:21:10.495976Z  INFO nanospam::wallets_factory: Creating wallet...
2026-10-02T09:21:10.573988Z  INFO nanospam::wallets_factory: Setting default representative...
2026-10-02T09:21:10.574394Z  INFO nanospam::wallets_factory: Sending Ӿ56,547,061 to PR2 wallet nano_36asm8scxymtsjmgqp14per3zxpgaec1c65qb9en1buscq7qzqa93tfyyzs3 ...
2026-10-02T09:21:10.574842Z  INFO nanospam::wallets_factory: Waiting for confirmation for 76B3937072C015B69E45D5458B47CF52A54A38F8ED441B0E21561A3048243E90
2026-10-02T09:21:10.677980Z  INFO nanospam::wallets_factory: Receiving...
2026-10-02T09:21:10.678837Z  INFO nanospam::wallets_factory: Waiting for confirmation for 402DCF4725254BECF5C5CB5F707C169725EE114819D289F8A5477C2FFF19BDC0
2026-10-02T09:21:10.884327Z  INFO nanospam::wallets_factory: DONE
2026-10-02T09:21:10.884483Z  INFO nanospam::wallets_factory: ********************************************************************************
2026-10-02T09:21:10.884493Z  INFO nanospam::wallets_factory: Creating wallet...
2026-10-02T09:21:10.961116Z  INFO nanospam::wallets_factory: Setting default representative...
2026-10-02T09:21:10.961366Z  INFO nanospam::wallets_factory: Sending Ӿ56,547,061 to PR3 wallet nano_1sfb11jzfi8k51fcnrzi1qe3qh1e1jkic3h45oak9yfg5yhbkczzxfwtat7m ...
2026-10-02T09:21:10.961744Z  INFO nanospam::wallets_factory: Waiting for confirmation for FF4589BE1759B38CC94ABA0AE4FE6644845FE957C02EA9CEA669A28C8D1ADE97
2026-10-02T09:21:26.238436Z  INFO nanospam::wallets_factory: Receiving...
2026-10-02T09:21:26.240184Z  INFO nanospam::wallets_factory: Waiting for confirmation for 1210B877FF188F4FF352C0EDE856AA702A1D6763EFA96EA84BB10519898BE6D0
2026-10-02T09:21:26.445082Z  INFO nanospam::wallets_factory: DONE
2026-10-02T09:21:26.445129Z  INFO nanospam::wallets_factory: ********************************************************************************
2026-10-02T09:21:26.445139Z  INFO nanospam::wallets_factory: Creating wallet...
2026-10-02T09:21:26.520510Z  INFO nanospam::wallets_factory: Setting default representative...
2026-10-02T09:21:26.520843Z  INFO nanospam::wallets_factory: Sending Ӿ56,547,061 to PR4 wallet nano_1rsxmoinip7d4wafdp855194n43fs7s1jgne6tx8ruatiu6g89815pddzijp ...
2026-10-02T09:21:26.521252Z  INFO nanospam::wallets_factory: Waiting for confirmation for 23D89F3531AC5EE2378D3606C70B24D2A7B9016B8ADB1A970E6B1D9E7576186D
2026-10-02T09:21:26.724492Z  INFO nanospam::wallets_factory: Receiving...
2026-10-02T09:21:26.725914Z  INFO nanospam::wallets_factory: Waiting for confirmation for 8D401F6072C9B3A9EFBA68DA33CC97FF1D15EEB9F09CE4731C1A7614578C3E56
2026-10-02T09:21:26.931478Z  INFO nanospam::wallets_factory: DONE
2026-10-02T09:21:26.931565Z  INFO nanospam::wallets_factory: ********************************************************************************
2026-10-02T09:21:26.931577Z  INFO nanospam::wallets_factory: Creating wallet...
2026-10-02T09:21:27.015894Z  INFO nanospam::wallets_factory: Setting default representative...
2026-10-02T09:21:27.016188Z  INFO nanospam::wallets_factory: Sending Ӿ56,547,061 to PR5 wallet nano_1wtzwadxk9naxc356m4rienp93ht131w7ypadk39qck8uah3bg3zohsmj9th ...
2026-10-02T09:21:27.016555Z  INFO nanospam::wallets_factory: Waiting for confirmation for A5666BC59C8DD98A7E52D6F61006629E4EDB37063C12A73BFB41D35538B371CA
2026-10-02T09:21:42.251102Z  INFO nanospam::wallets_factory: Receiving...
2026-10-02T09:21:42.252017Z  INFO nanospam::wallets_factory: Waiting for confirmation for 49EEF9EFFD843E7FE6FB8D0DE0A19E8B88DBE91F26F5FDDB0E8862DEF7553864
2026-10-02T09:21:42.355176Z  INFO nanospam::wallets_factory: DONE
2026-10-02T09:21:42.355236Z  INFO nanospam::wallets_factory: ********************************************************************************
2026-10-02T09:21:42.355251Z  INFO nanospam::wallets_factory: Sending initial spam amount...
2026-10-02T09:21:42.356261Z  INFO nanospam::wallets_factory: Waiting for confirmation for 429F3C01E7F4F6A465B226CE9DA9A6D27DBD14C82B2420A2A2595DE3C7237F8A
2026-10-02T09:21:42.562461Z  INFO nanospam::wallets_factory: Receiving initial spam amount...
2026-10-02T09:21:42.563240Z  INFO nanospam::wallets_factory: Waiting for confirmation for C3383F36B60DE1F75DFB8FC7290F17FD941AB839FF68B1B18F3C05128B27B8EC
2026-10-02T09:21:42.768362Z  INFO nanospam::wallets_factory: Seeding Ӿ142,857 to nano_1kkecrch9fymiq68916wg4ef891qh337j9oxe933ira6zoymcnwn69b33js7 for representative D315857CE70C54DE713F6E82E5613BB3A1266C15E28AD2F4338C7BBEC456F532
2026-10-02T09:21:42.768949Z  INFO nanospam::wallets_factory: Waiting for confirmation for 536C044AB21A690CE4737C4DEC163CD9CC6C9AF5FB5E89CED452189162FC7A78
2026-10-02T09:21:42.975862Z  INFO nanospam::wallets_factory: Waiting for confirmation for A7DE4AC848ED7E3C72C64238B7D061F81404D81DDB03BDD974173B02274FBF19
2026-10-02T09:21:43.078559Z  INFO nanospam::wallets_factory: Seeding Ӿ142,857 to nano_1ps9fkndsb6gyp7ijbb6ijgnhfmycqzhcs69c8ygrcugej9t4a8zwnxgnkgr for representative A353E45E6D0016CAEED0DFA4EC5B0640E2AA22A793F9F2375E77F1AB92977C04
2026-10-02T09:21:43.079072Z  INFO nanospam::wallets_factory: Waiting for confirmation for CE1AD24EC4398CE57AED5E42EA8C4150A98D4D04483138FC9EE1512E04E32D61
2026-10-02T09:21:43.182647Z  INFO nanospam::wallets_factory: Waiting for confirmation for AA725902BDFD31F5362C243762CF46E7E6266CE40E0D2B2CD733DC1CF3505040
2026-10-02T09:21:43.285984Z  INFO nanospam::wallets_factory: Seeding Ӿ142,857 to nano_18q9iz1swq941fgzt6e9imwdf6cdjp7yoj31jn1chhi7zc8d1fhyiiacnu6b for representative 911999B2AEFA7ACC66EBD802B3301FF6CE431405107749D940277955CB7FDD07
2026-10-02T09:21:43.286815Z  INFO nanospam::wallets_factory: Waiting for confirmation for 3BAB61D3B5A8F7DFB0D0447C5C32DA8D84306B2D04C7388B63272FA4236B173E
2026-10-02T09:21:43.492568Z  INFO nanospam::wallets_factory: Waiting for confirmation for 7B27583E07C2C2B7D9D8C6828FF7607319619C1F8C51867A9F63D9D8F677B3B9
2026-10-02T09:21:43.596371Z  INFO nanospam::wallets_factory: Seeding Ӿ142,857 to nano_3gw5oiuckjok53ctcgsuoibkjzht1j5b1bg9qzqj5e6asw34awk3w3p4o1pd for representative 65A90023F6C0D2181AAA63F005D81BBC0C04650505E21D5123F9AE1F9E992BFF
2026-10-02T09:21:43.598521Z  INFO nanospam::wallets_factory: Waiting for confirmation for 3C35AB5B7B6F694B93F6FB4DF0E019BE9462C10E567C80BFBA7F5E8AD1431762
2026-10-02T09:21:43.703193Z  INFO nanospam::wallets_factory: Waiting for confirmation for 5D2BBF7783916E27E4C6119EFFAAC4FB4367F1B84600B01C96C9957D0ADD2B6C
2026-10-02T09:21:43.806329Z  INFO nanospam::wallets_factory: Seeding Ӿ142,857 to nano_1988g6e3hqa1bz8aw6n8gbbr7y9osmtwi3k8g6bd4jo336oxdq46m7sre8xh for representative 633D9D614858AB1710D5D8C3180E2A082DC97208BA8C26BA6C6D1A86C8E31CC0
2026-10-02T09:21:43.807301Z  INFO nanospam::wallets_factory: Waiting for confirmation for 2D08F6F899A11F567187C19543266EF256E6F6AC7D11F22058BCC371A928D22E
2026-10-02T09:21:44.015480Z  INFO nanospam::wallets_factory: Waiting for confirmation for CC39038D9338F5693856E89AAC72230580A4C71EB957F330B759AFECCD4E860C
2026-10-02T09:21:44.121377Z  INFO nanospam::wallets_factory: Seeding Ӿ142,857 to nano_35yyde9gd5uttqrzxjnj14i37x13x8hp8a6dutkxxgqxfdtzuzwg7xcin5rs for representative 735FE217D91E88EA82324C5883296385FA0041C2FAC85C827BAA46DA1E14B83F
2026-10-02T09:21:44.122493Z  INFO nanospam::wallets_factory: Waiting for confirmation for C71C19153478782605DB588690A94F78B5EAAD794EAB646109E5C2B8BFC41755
2026-10-02T09:21:44.227214Z  INFO nanospam::wallets_factory: Waiting for confirmation for 5C663F59DBF702AC9E44017967766C19D651AAFEEB48C4A295DEB6A857151A3E
2026-10-02T09:21:44.435882Z  INFO nanospam::high_prio_check: Creating high priority accounts...
2026-10-02T09:21:44.466743Z  INFO nanospam::high_prio_check: Waiting for confirmations...
2026-10-02T09:21:46.685046Z  INFO nanospam::app: Waiting for all PRs to see the full quorum...
2026-10-02T09:21:56.862014Z  INFO nanospam::app: Republished the genesis chain to all PRs
2026-10-02T09:22:01.763320Z  INFO nanospam::app: Republished the genesis chain to all PRs
2026-10-02T09:22:06.863094Z  INFO nanospam::app: Republished the genesis chain to all PRs
2026-10-02T09:22:11.763518Z  INFO nanospam::app: Republished the genesis chain to all PRs
2026-10-02T09:22:12.777171Z  INFO nanospam::app: All PRs see the full quorum after 26.093333s
2026-10-02T09:22:12.777310Z  INFO nanospam::app: Waiting for all PRs to hold the same cemented ledger...
2026-10-02T09:22:12.778488Z  INFO nanospam::app: All PRs hold the same ledger of 65 blocks after 1.161125ms
EPOCH_COMMITTEE derived_by=genesis members=7 accounts=33 n=340282366920938463463374607431768211455 digest=4F3113219300350003C6FB40AFB95A3BA9FD25B27AF8A2888ACABA531E55E749 shares=["A353E45E:16.7%", "735FE217:16.7%", "633D9D61:16.7%", "65A90023:16.7%", "911999B2:16.7%", "D315857C:16.7%", "1180000C:0.0%"] t=1790932932778
EPOCH_START epoch=0 elections=0 t=1790932932778
EPOCH_COMMITTEE derived_by=genesis members=7 accounts=33 n=340282366920938463463374607431768211455 digest=4F3113219300350003C6FB40AFB95A3BA9FD25B27AF8A2888ACABA531E55E749 shares=["A353E45E:16.7%", "735FE217:16.7%", "633D9D61:16.7%", "65A90023:16.7%", "911999B2:16.7%", "D315857C:16.7%", "1180000C:0.0%"] t=1790932932779
EPOCH_START epoch=0 elections=0 t=1790932932779
EPOCH_COMMITTEE derived_by=genesis members=7 accounts=33 n=340282366920938463463374607431768211455 digest=4F3113219300350003C6FB40AFB95A3BA9FD25B27AF8A2888ACABA531E55E749 shares=["A353E45E:16.7%", "735FE217:16.7%", "633D9D61:16.7%", "65A90023:16.7%", "911999B2:16.7%", "D315857C:16.7%", "1180000C:0.0%"] t=1790932932780
EPOCH_START epoch=0 elections=0 t=1790932932780
EPOCH_COMMITTEE derived_by=genesis members=7 accounts=33 n=340282366920938463463374607431768211455 digest=4F3113219300350003C6FB40AFB95A3BA9FD25B27AF8A2888ACABA531E55E749 shares=["A353E45E:16.7%", "735FE217:16.7%", "633D9D61:16.7%", "65A90023:16.7%", "911999B2:16.7%", "D315857C:16.7%", "1180000C:0.0%"] t=1790932932780
EPOCH_START epoch=0 elections=0 t=1790932932780
EPOCH_COMMITTEE derived_by=genesis members=7 accounts=33 n=340282366920938463463374607431768211455 digest=4F3113219300350003C6FB40AFB95A3BA9FD25B27AF8A2888ACABA531E55E749 shares=["A353E45E:16.7%", "735FE217:16.7%", "633D9D61:16.7%", "65A90023:16.7%", "911999B2:16.7%", "D315857C:16.7%", "1180000C:0.0%"] t=1790932932780
EPOCH_START epoch=0 elections=0 t=1790932932780
EPOCH_COMMITTEE derived_by=genesis members=7 accounts=33 n=340282366920938463463374607431768211455 digest=4F3113219300350003C6FB40AFB95A3BA9FD25B27AF8A2888ACABA531E55E749 shares=["A353E45E:16.7%", "735FE217:16.7%", "633D9D61:16.7%", "65A90023:16.7%", "911999B2:16.7%", "D315857C:16.7%", "1180000C:0.0%"] t=1790932932781
EPOCH_START epoch=0 elections=0 t=1790932932781
2026-10-02T09:22:12.781500Z  INFO nanospam::app: Started the epochs on every PR
2026-10-02T09:22:12.781524Z  INFO nanospam::app: Connecting to node PR0... peer_addr=[::1]:17075
2026-10-02T09:22:12.781872Z  INFO nanospam::app: Performing handshake...
2026-10-02T09:22:12.782514Z  INFO nanospam::app: Performing handshake...
2026-10-02T09:22:12.793443Z  INFO nanospam::app: Performing handshake...
2026-10-02T09:22:12.804558Z  INFO nanospam::app: Performing handshake...
2026-10-02T09:22:12.815421Z  INFO nanospam::app: Connecting to node PR1... peer_addr=[::1]:17085
2026-10-02T09:22:12.815760Z  INFO nanospam::app: Performing handshake...
2026-10-02T09:22:12.816357Z  INFO nanospam::app: Performing handshake...
2026-10-02T09:22:12.827537Z  INFO nanospam::app: Performing handshake...
2026-10-02T09:22:12.838619Z  INFO nanospam::app: Performing handshake...
2026-10-02T09:22:12.849537Z  INFO nanospam::app: Connecting to node PR2... peer_addr=[::1]:17095
2026-10-02T09:22:12.849877Z  INFO nanospam::app: Performing handshake...
2026-10-02T09:22:12.850614Z  INFO nanospam::app: Performing handshake...
2026-10-02T09:22:12.861744Z  INFO nanospam::app: Performing handshake...
2026-10-02T09:22:12.872995Z  INFO nanospam::app: Performing handshake...
2026-10-02T09:22:12.884066Z  INFO nanospam::app: Connecting to node PR3... peer_addr=[::1]:17105
2026-10-02T09:22:12.884406Z  INFO nanospam::app: Performing handshake...
2026-10-02T09:22:12.884998Z  INFO nanospam::app: Performing handshake...
2026-10-02T09:22:12.895969Z  INFO nanospam::app: Performing handshake...
2026-10-02T09:22:12.907335Z  INFO nanospam::app: Performing handshake...
2026-10-02T09:22:12.919300Z  INFO nanospam::app: Connecting to node PR4... peer_addr=[::1]:17115
2026-10-02T09:22:12.919718Z  INFO nanospam::app: Performing handshake...
2026-10-02T09:22:12.920559Z  INFO nanospam::app: Performing handshake...
2026-10-02T09:22:12.932616Z  INFO nanospam::app: Performing handshake...
2026-10-02T09:22:12.943879Z  INFO nanospam::app: Performing handshake...
2026-10-02T09:22:12.955013Z  INFO nanospam::app: Connecting to node PR5... peer_addr=[::1]:17125
2026-10-02T09:22:12.955536Z  INFO nanospam::app: Performing handshake...
2026-10-02T09:22:12.956380Z  INFO nanospam::app: Performing handshake...
2026-10-02T09:22:12.967764Z  INFO nanospam::app: Performing handshake...
2026-10-02T09:22:12.978647Z  INFO nanospam::app: Performing handshake...
2026-10-02T09:22:12.988640Z  INFO nanospam::app: Connecting to websocket...
2026-10-02T09:22:12.989674Z  INFO nanospam::app: Starting with 2000 BPS
2026-10-02T09:22:13.991811Z  INFO nanospam::app: Confirmed 897 blocks | 2,000 bps | 995 cps | avg conf time: 92 ms
2026-10-02T09:22:14.992783Z  INFO nanospam::app: Confirmed 3,679 blocks | 2,000 bps | 2,776 cps | avg conf time: 177 ms
2026-10-02T09:22:15.993312Z  INFO nanospam::app: Confirmed 6,516 blocks | 2,000 bps | 2,835 cps | avg conf time: 176 ms
2026-10-02T09:22:16.994318Z  INFO nanospam::app: Confirmed 8,525 blocks | 2,000 bps | 2,006 cps | avg conf time: 94 ms
2026-10-02T09:22:17.995279Z  INFO nanospam::app: Confirmed 10,465 blocks | 2,000 bps | 1,938 cps | avg conf time: 88 ms
2026-10-02T09:22:18.996166Z  INFO nanospam::app: Confirmed 12,314 blocks | 2,000 bps | 1,847 cps | avg conf time: 87 ms
2026-10-02T09:22:19.997292Z  INFO nanospam::app: Confirmed 14,281 blocks | 2,000 bps | 1,964 cps | avg conf time: 95 ms
2026-10-02T09:22:20.998185Z  INFO nanospam::app: Confirmed 16,260 blocks | 2,000 bps | 1,977 cps | avg conf time: 91 ms
2026-10-02T09:22:21.999801Z  INFO nanospam::app: Confirmed 18,107 blocks | 2,000 bps | 1,844 cps | avg conf time: 99 ms
2026-10-02T09:22:23.000056Z  INFO nanospam::app: Confirmed 20,046 blocks | 2,000 bps | 1,937 cps | avg conf time: 92 ms
2026-10-02T09:22:24.000916Z  INFO nanospam::app: Confirmed 21,986 blocks | 2,000 bps | 1,938 cps | avg conf time: 94 ms
2026-10-02T09:22:25.002076Z  INFO nanospam::app: Confirmed 23,860 blocks | 2,000 bps | 1,871 cps | avg conf time: 91 ms
2026-10-02T09:22:26.003122Z  INFO nanospam::app: Confirmed 25,813 blocks | 2,000 bps | 1,950 cps | avg conf time: 93 ms
2026-10-02T09:22:27.004116Z  INFO nanospam::app: Confirmed 27,806 blocks | 2,000 bps | 1,990 cps | avg conf time: 91 ms
2026-10-02T09:22:28.004900Z  INFO nanospam::app: Confirmed 29,647 blocks | 2,000 bps | 1,839 cps | avg conf time: 92 ms
2026-10-02T09:22:29.005832Z  INFO nanospam::app: Confirmed 31,568 blocks | 2,000 bps | 1,919 cps | avg conf time: 92 ms
2026-10-02T09:22:30.007083Z  INFO nanospam::app: Confirmed 33,532 blocks | 2,000 bps | 1,961 cps | avg conf time: 87 ms
2026-10-02T09:22:31.007582Z  INFO nanospam::app: Confirmed 35,360 blocks | 2,000 bps | 1,826 cps | avg conf time: 94 ms
2026-10-02T09:22:32.008800Z  INFO nanospam::app: Confirmed 37,309 blocks | 2,000 bps | 1,946 cps | avg conf time: 94 ms
2026-10-02T09:22:33.009475Z  INFO nanospam::app: Confirmed 39,251 blocks | 2,000 bps | 1,940 cps | avg conf time: 93 ms
2026-10-02T09:22:34.011407Z  INFO nanospam::app: Confirmed 41,113 blocks | 2,000 bps | 1,860 cps | avg conf time: 93 ms
2026-10-02T09:22:35.012415Z  INFO nanospam::app: Confirmed 43,066 blocks | 2,000 bps | 1,949 cps | avg conf time: 91 ms
2026-10-02T09:22:36.014445Z  INFO nanospam::app: Confirmed 45,000 blocks | 2,000 bps | 1,929 cps | avg conf time: 94 ms
2026-10-02T09:22:36.082584Z  INFO nanospam::app: Confirming 45000 blocks took 23.09s
2026-10-02T09:22:36.082630Z  INFO nanospam::app: Confirmation rate: 1948 cps
2026-10-02T09:22:36.082638Z  INFO nanospam::app: Average conf time: 103 ms
