[2m2026-09-22T12:01:45.978195Z[0m [32m INFO[0m [2mnanospam::setup::account_map_factory[0m[2m:[0m Creating account keys file with 45000 keys: "/Users/ruimorais/NanoSpam/account_keys.txt"
[2m2026-09-22T12:01:46.704365Z[0m [32m INFO[0m [2mnanospam::setup::node_config_factory[0m[2m:[0m ********************************************************************************
[2m2026-09-22T12:01:46.704375Z[0m [32m INFO[0m [2mnanospam::setup::node_config_factory[0m[2m:[0m Setting up node PR0...
[2m2026-09-22T12:01:46.704380Z[0m [32m INFO[0m [2mnanospam::setup::node_config_factory[0m[2m:[0m Creating directory "/Users/ruimorais/NanoSpam/pr0"
[2m2026-09-22T12:01:46.704457Z[0m [32m INFO[0m [2mnanospam::setup::node_config_factory[0m[2m:[0m Creating node config file: "/Users/ruimorais/NanoSpam/pr0/config-node.toml"
[2m2026-09-22T12:01:46.704568Z[0m [32m INFO[0m [2mnanospam::setup::node_config_factory[0m[2m:[0m Creating rpc config file: "/Users/ruimorais/NanoSpam/pr0/config-rpc.toml"
[2m2026-09-22T12:01:46.704632Z[0m [32m INFO[0m [2mnanospam::setup::node_config_factory[0m[2m:[0m ********************************************************************************
[2m2026-09-22T12:01:46.704636Z[0m [32m INFO[0m [2mnanospam::setup::node_config_factory[0m[2m:[0m Setting up node PR1...
[2m2026-09-22T12:01:46.704640Z[0m [32m INFO[0m [2mnanospam::setup::node_config_factory[0m[2m:[0m Creating directory "/Users/ruimorais/NanoSpam/pr1"
[2m2026-09-22T12:01:46.704679Z[0m [32m INFO[0m [2mnanospam::setup::node_config_factory[0m[2m:[0m Creating node config file: "/Users/ruimorais/NanoSpam/pr1/config-node.toml"
[2m2026-09-22T12:01:46.704755Z[0m [32m INFO[0m [2mnanospam::setup::node_config_factory[0m[2m:[0m Creating rpc config file: "/Users/ruimorais/NanoSpam/pr1/config-rpc.toml"
[2m2026-09-22T12:01:46.704812Z[0m [32m INFO[0m [2mnanospam::setup::node_config_factory[0m[2m:[0m ********************************************************************************
[2m2026-09-22T12:01:46.704816Z[0m [32m INFO[0m [2mnanospam::setup::node_config_factory[0m[2m:[0m Setting up node PR2...
[2m2026-09-22T12:01:46.704819Z[0m [32m INFO[0m [2mnanospam::setup::node_config_factory[0m[2m:[0m Creating directory "/Users/ruimorais/NanoSpam/pr2"
[2m2026-09-22T12:01:46.704859Z[0m [32m INFO[0m [2mnanospam::setup::node_config_factory[0m[2m:[0m Creating node config file: "/Users/ruimorais/NanoSpam/pr2/config-node.toml"
[2m2026-09-22T12:01:46.704921Z[0m [32m INFO[0m [2mnanospam::setup::node_config_factory[0m[2m:[0m Creating rpc config file: "/Users/ruimorais/NanoSpam/pr2/config-rpc.toml"
[2m2026-09-22T12:01:46.704977Z[0m [32m INFO[0m [2mnanospam::setup::node_config_factory[0m[2m:[0m ********************************************************************************
[2m2026-09-22T12:01:46.704981Z[0m [32m INFO[0m [2mnanospam::setup::node_config_factory[0m[2m:[0m Setting up node PR3...
[2m2026-09-22T12:01:46.704984Z[0m [32m INFO[0m [2mnanospam::setup::node_config_factory[0m[2m:[0m Creating directory "/Users/ruimorais/NanoSpam/pr3"
[2m2026-09-22T12:01:46.705022Z[0m [32m INFO[0m [2mnanospam::setup::node_config_factory[0m[2m:[0m Creating node config file: "/Users/ruimorais/NanoSpam/pr3/config-node.toml"
[2m2026-09-22T12:01:46.705083Z[0m [32m INFO[0m [2mnanospam::setup::node_config_factory[0m[2m:[0m Creating rpc config file: "/Users/ruimorais/NanoSpam/pr3/config-rpc.toml"
[2m2026-09-22T12:01:46.705141Z[0m [32m INFO[0m [2mnanospam::setup::node_config_factory[0m[2m:[0m ********************************************************************************
[2m2026-09-22T12:01:46.705145Z[0m [32m INFO[0m [2mnanospam::setup::node_config_factory[0m[2m:[0m Setting up node PR4...
[2m2026-09-22T12:01:46.705148Z[0m [32m INFO[0m [2mnanospam::setup::node_config_factory[0m[2m:[0m Creating directory "/Users/ruimorais/NanoSpam/pr4"
[2m2026-09-22T12:01:46.705187Z[0m [32m INFO[0m [2mnanospam::setup::node_config_factory[0m[2m:[0m Creating node config file: "/Users/ruimorais/NanoSpam/pr4/config-node.toml"
[2m2026-09-22T12:01:46.705274Z[0m [32m INFO[0m [2mnanospam::setup::node_config_factory[0m[2m:[0m Creating rpc config file: "/Users/ruimorais/NanoSpam/pr4/config-rpc.toml"
[2m2026-09-22T12:01:46.705366Z[0m [32m INFO[0m [2mnanospam::setup::node_launcher[0m[2m:[0m Starting node: NANO_TEST_GENESIS_BLOCK="{\n    \"type\": \"open\",\n    \"account\": \"nano_3nroioygg54nusrmyun4woimqex36sp3drnctdt5955uqu47fxbkrxk7n7ne\",\n    \"source\": \"D315857CE70C54DE713F6E82E5613BB3A1266C15E28AD2F4338C7BBEC456F532\",\n    \"representative\": \"nano_3nroioygg54nusrmyun4woimqex36sp3drnctdt5955uqu47fxbkrxk7n7ne\",\n    \"signature\": \"3F6792C2DC623DF2E8643777160AB983B66B337E2478E13D2C3448126A8F4CD8DCCD19803C158A057FA44060AE0EFC09B1C311CB4FBF42F8D240610B38F56E08\",\n    \"work\": \"70FEF01F7EC45DEC\"\n    }" NANO_TEST_GENESIS_PRV ="49643F9B10CA1AA34F9AF8ED4AABD29F436104CCC375974B108534A48EAE3FE1" "rsnano" "--network" "test" "--data-path" "/Users/ruimorais/NanoSpam/pr0" "node" "run"
[2m2026-09-22T12:01:46.706313Z[0m [32m INFO[0m [2mnanospam::setup::node_launcher[0m[2m:[0m Waiting for RPC...
[2m2026-09-22T12:01:46.811769Z[0m [32m INFO[0m [2mnanospam::setup::node_launcher[0m[2m:[0m Starting node: NANO_TEST_GENESIS_BLOCK="{\n    \"type\": \"open\",\n    \"account\": \"nano_3nroioygg54nusrmyun4woimqex36sp3drnctdt5955uqu47fxbkrxk7n7ne\",\n    \"source\": \"D315857CE70C54DE713F6E82E5613BB3A1266C15E28AD2F4338C7BBEC456F532\",\n    \"representative\": \"nano_3nroioygg54nusrmyun4woimqex36sp3drnctdt5955uqu47fxbkrxk7n7ne\",\n    \"signature\": \"3F6792C2DC623DF2E8643777160AB983B66B337E2478E13D2C3448126A8F4CD8DCCD19803C158A057FA44060AE0EFC09B1C311CB4FBF42F8D240610B38F56E08\",\n    \"work\": \"70FEF01F7EC45DEC\"\n    }" NANO_TEST_GENESIS_PRV ="49643F9B10CA1AA34F9AF8ED4AABD29F436104CCC375974B108534A48EAE3FE1" "rsnano" "--network" "test" "--data-path" "/Users/ruimorais/NanoSpam/pr1" "node" "run"
[2m2026-09-22T12:01:46.812177Z[0m [32m INFO[0m [2mnanospam::setup::node_launcher[0m[2m:[0m Waiting for RPC...
[2m2026-09-22T12:01:46.915713Z[0m [32m INFO[0m [2mnanospam::setup::node_launcher[0m[2m:[0m Starting node: NANO_TEST_GENESIS_BLOCK="{\n    \"type\": \"open\",\n    \"account\": \"nano_3nroioygg54nusrmyun4woimqex36sp3drnctdt5955uqu47fxbkrxk7n7ne\",\n    \"source\": \"D315857CE70C54DE713F6E82E5613BB3A1266C15E28AD2F4338C7BBEC456F532\",\n    \"representative\": \"nano_3nroioygg54nusrmyun4woimqex36sp3drnctdt5955uqu47fxbkrxk7n7ne\",\n    \"signature\": \"3F6792C2DC623DF2E8643777160AB983B66B337E2478E13D2C3448126A8F4CD8DCCD19803C158A057FA44060AE0EFC09B1C311CB4FBF42F8D240610B38F56E08\",\n    \"work\": \"70FEF01F7EC45DEC\"\n    }" NANO_TEST_GENESIS_PRV ="49643F9B10CA1AA34F9AF8ED4AABD29F436104CCC375974B108534A48EAE3FE1" "rsnano" "--network" "test" "--data-path" "/Users/ruimorais/NanoSpam/pr2" "node" "run"
[2m2026-09-22T12:01:46.916213Z[0m [32m INFO[0m [2mnanospam::setup::node_launcher[0m[2m:[0m Waiting for RPC...
[2m2026-09-22T12:01:47.021496Z[0m [32m INFO[0m [2mnanospam::setup::node_launcher[0m[2m:[0m Starting node: NANO_TEST_GENESIS_BLOCK="{\n    \"type\": \"open\",\n    \"account\": \"nano_3nroioygg54nusrmyun4woimqex36sp3drnctdt5955uqu47fxbkrxk7n7ne\",\n    \"source\": \"D315857CE70C54DE713F6E82E5613BB3A1266C15E28AD2F4338C7BBEC456F532\",\n    \"representative\": \"nano_3nroioygg54nusrmyun4woimqex36sp3drnctdt5955uqu47fxbkrxk7n7ne\",\n    \"signature\": \"3F6792C2DC623DF2E8643777160AB983B66B337E2478E13D2C3448126A8F4CD8DCCD19803C158A057FA44060AE0EFC09B1C311CB4FBF42F8D240610B38F56E08\",\n    \"work\": \"70FEF01F7EC45DEC\"\n    }" NANO_TEST_GENESIS_PRV ="49643F9B10CA1AA34F9AF8ED4AABD29F436104CCC375974B108534A48EAE3FE1" "rsnano" "--network" "test" "--data-path" "/Users/ruimorais/NanoSpam/pr3" "node" "run"
[2m2026-09-22T12:01:47.022188Z[0m [32m INFO[0m [2mnanospam::setup::node_launcher[0m[2m:[0m Waiting for RPC...
[2m2026-09-22T12:01:47.125194Z[0m [32m INFO[0m [2mnanospam::setup::node_launcher[0m[2m:[0m Starting node: NANO_TEST_GENESIS_BLOCK="{\n    \"type\": \"open\",\n    \"account\": \"nano_3nroioygg54nusrmyun4woimqex36sp3drnctdt5955uqu47fxbkrxk7n7ne\",\n    \"source\": \"D315857CE70C54DE713F6E82E5613BB3A1266C15E28AD2F4338C7BBEC456F532\",\n    \"representative\": \"nano_3nroioygg54nusrmyun4woimqex36sp3drnctdt5955uqu47fxbkrxk7n7ne\",\n    \"signature\": \"3F6792C2DC623DF2E8643777160AB983B66B337E2478E13D2C3448126A8F4CD8DCCD19803C158A057FA44060AE0EFC09B1C311CB4FBF42F8D240610B38F56E08\",\n    \"work\": \"70FEF01F7EC45DEC\"\n    }" NANO_TEST_GENESIS_PRV ="49643F9B10CA1AA34F9AF8ED4AABD29F436104CCC375974B108534A48EAE3FE1" "rsnano" "--network" "test" "--data-path" "/Users/ruimorais/NanoSpam/pr4" "node" "run"
[2m2026-09-22T12:01:47.125588Z[0m [32m INFO[0m [2mnanospam::setup::node_launcher[0m[2m:[0m Waiting for RPC...
[2m2026-09-22T12:01:47.229737Z[0m [32m INFO[0m [2mnanospam::wallets_factory[0m[2m:[0m Creating wallet...
[2m2026-09-22T12:01:47.295028Z[0m [32m INFO[0m [2mnanospam::wallets_factory[0m[2m:[0m Setting default representative...
[2m2026-09-22T12:01:47.295291Z[0m [32m INFO[0m [2mnanospam::wallets_factory[0m[2m:[0m Creating wallet...
[2m2026-09-22T12:01:47.338144Z[0m [32m INFO[0m [2mnanospam::wallets_factory[0m[2m:[0m Setting default representative...
[2m2026-09-22T12:01:47.338365Z[0m [32m INFO[0m [2mnanospam::wallets_factory[0m[2m:[0m Sending Ӿ40,047,061 to PR1 wallet nano_3atmwjh8t11psdqf3qx6xjfiei94oajch6zsyauowxzjogbbgz168g5mp8f1 ...
[2m2026-09-22T12:01:47.338832Z[0m [32m INFO[0m [2mnanospam::wallets_factory[0m[2m:[0m Waiting for confirmation for B19EAD8221E07E52EEB7CA7EE50577B662C489ADBA15C0727DB6F8AEDAD50081
[2m2026-09-22T12:02:02.473399Z[0m [32m INFO[0m [2mnanospam::wallets_factory[0m[2m:[0m Receiving...
[2m2026-09-22T12:02:02.476085Z[0m [32m INFO[0m [2mnanospam::wallets_factory[0m[2m:[0m Waiting for confirmation for CBAA8D9FE2AA2CFEB77B87886D76922E22E4C51C0C091A54179A7E5CF79FC967
[2m2026-09-22T12:02:02.578996Z[0m [32m INFO[0m [2mnanospam::wallets_factory[0m[2m:[0m DONE
[2m2026-09-22T12:02:02.579027Z[0m [32m INFO[0m [2mnanospam::wallets_factory[0m[2m:[0m ********************************************************************************
[2m2026-09-22T12:02:02.579032Z[0m [32m INFO[0m [2mnanospam::wallets_factory[0m[2m:[0m Creating wallet...
[2m2026-09-22T12:02:02.624947Z[0m [32m INFO[0m [2mnanospam::wallets_factory[0m[2m:[0m Setting default representative...
[2m2026-09-22T12:02:02.625281Z[0m [32m INFO[0m [2mnanospam::wallets_factory[0m[2m:[0m Sending Ӿ40,047,061 to PR2 wallet nano_36asm8scxymtsjmgqp14per3zxpgaec1c65qb9en1buscq7qzqa93tfyyzs3 ...
[2m2026-09-22T12:02:02.625787Z[0m [32m INFO[0m [2mnanospam::wallets_factory[0m[2m:[0m Waiting for confirmation for CAFB013DCCB20BBF4CC103A0FDD2BF25C8F109B9E984B96D0666840E4B0F89BA
[2m2026-09-22T12:02:02.728588Z[0m [32m INFO[0m [2mnanospam::wallets_factory[0m[2m:[0m Receiving...
[2m2026-09-22T12:02:02.729466Z[0m [32m INFO[0m [2mnanospam::wallets_factory[0m[2m:[0m Waiting for confirmation for 7189E44F408196E8FD1F393F06CDAD4F7C5A415B2A2DDFA8ABEABEE83DA60182
[2m2026-09-22T12:02:02.934788Z[0m [32m INFO[0m [2mnanospam::wallets_factory[0m[2m:[0m DONE
[2m2026-09-22T12:02:02.934853Z[0m [32m INFO[0m [2mnanospam::wallets_factory[0m[2m:[0m ********************************************************************************
[2m2026-09-22T12:02:02.934868Z[0m [32m INFO[0m [2mnanospam::wallets_factory[0m[2m:[0m Creating wallet...
[2m2026-09-22T12:02:03.009234Z[0m [32m INFO[0m [2mnanospam::wallets_factory[0m[2m:[0m Setting default representative...
[2m2026-09-22T12:02:03.009605Z[0m [32m INFO[0m [2mnanospam::wallets_factory[0m[2m:[0m Sending Ӿ40,047,061 to PR3 wallet nano_1sfb11jzfi8k51fcnrzi1qe3qh1e1jkic3h45oak9yfg5yhbkczzxfwtat7m ...
[2m2026-09-22T12:02:03.010037Z[0m [32m INFO[0m [2mnanospam::wallets_factory[0m[2m:[0m Waiting for confirmation for E2CEA882BAF6FE5BE932C387FEB7740D791CAF9E5BECC7CEE8176C7DDEE6378A
[2m2026-09-22T12:02:03.112213Z[0m [32m INFO[0m [2mnanospam::wallets_factory[0m[2m:[0m Receiving...
[2m2026-09-22T12:02:03.112991Z[0m [32m INFO[0m [2mnanospam::wallets_factory[0m[2m:[0m Waiting for confirmation for EA5EC3EAA2535557DB68742DBFA22A64B7B314876EE136F919471550E89D65D4
[2m2026-09-22T12:02:03.215693Z[0m [32m INFO[0m [2mnanospam::wallets_factory[0m[2m:[0m DONE
[2m2026-09-22T12:02:03.215741Z[0m [32m INFO[0m [2mnanospam::wallets_factory[0m[2m:[0m ********************************************************************************
[2m2026-09-22T12:02:03.215747Z[0m [32m INFO[0m [2mnanospam::wallets_factory[0m[2m:[0m Creating wallet...
[2m2026-09-22T12:02:03.272858Z[0m [32m INFO[0m [2mnanospam::wallets_factory[0m[2m:[0m Setting default representative...
[2m2026-09-22T12:02:03.273136Z[0m [32m INFO[0m [2mnanospam::wallets_factory[0m[2m:[0m Sending Ӿ40,047,061 to PR4 wallet nano_1rsxmoinip7d4wafdp855194n43fs7s1jgne6tx8ruatiu6g89815pddzijp ...
[2m2026-09-22T12:02:03.273547Z[0m [32m INFO[0m [2mnanospam::wallets_factory[0m[2m:[0m Waiting for confirmation for 22677C7E74B964C1E24887306A66EAC48330280DFA5744E0E21166EC47B5438A
[2m2026-09-22T12:02:06.653977Z[0m [32m INFO[0m [2mnanospam::wallets_factory[0m[2m:[0m Receiving...
[2m2026-09-22T12:02:06.656085Z[0m [32m INFO[0m [2mnanospam::wallets_factory[0m[2m:[0m Waiting for confirmation for 686B8354F9897585048EDBC473B612A3E2823DE919A66201E69841219A6B5651
[2m2026-09-22T12:02:06.966905Z[0m [32m INFO[0m [2mnanospam::wallets_factory[0m[2m:[0m DONE
[2m2026-09-22T12:02:06.967030Z[0m [32m INFO[0m [2mnanospam::wallets_factory[0m[2m:[0m ********************************************************************************
[2m2026-09-22T12:02:06.967171Z[0m [32m INFO[0m [2mnanospam::wallets_factory[0m[2m:[0m Sending Ӿ40,047,061 to PR5 (no node) nano_1wtzwadxk9naxc356m4rienp93ht131w7ypadk39qck8uah3bg3zohsmj9th ...
[2m2026-09-22T12:02:06.968756Z[0m [32m INFO[0m [2mnanospam::wallets_factory[0m[2m:[0m Waiting for confirmation for 86B6E149E407121861E950D6B66B56BA39E500C199E580ED6065515C3C25094F
[2m2026-09-22T12:02:07.176534Z[0m [32m INFO[0m [2mnanospam::wallets_factory[0m[2m:[0m Waiting for confirmation for 417F8AEA0F6FDD9A5EE6F5896819E98A81FC15AA2CF56207A5BCFB27193E37A9
[2m2026-09-22T12:02:07.381729Z[0m [32m INFO[0m [2mnanospam::wallets_factory[0m[2m:[0m DONE
[2m2026-09-22T12:02:07.381778Z[0m [32m INFO[0m [2mnanospam::wallets_factory[0m[2m:[0m Sending initial spam amount...
[2m2026-09-22T12:02:07.382470Z[0m [32m INFO[0m [2mnanospam::wallets_factory[0m[2m:[0m Waiting for confirmation for E9C3C4DA1AAE8CC4F3259860AAD4FC75E35A5F78EBEC2321F0EE718AECE3AB77
[2m2026-09-22T12:02:07.690826Z[0m [32m INFO[0m [2mnanospam::wallets_factory[0m[2m:[0m Receiving initial spam amount...
[2m2026-09-22T12:02:07.691759Z[0m [32m INFO[0m [2mnanospam::wallets_factory[0m[2m:[0m Waiting for confirmation for 9D47ED0F7E6336FCDB9C8CDCD862897D9C51278A58DD8BC670B41422C00E9D9A
[2m2026-09-22T12:02:07.896298Z[0m [32m INFO[0m [2mnanospam::wallets_factory[0m[2m:[0m Seeding Ӿ14,285,714 to nano_3n7pyzw573zm9ihwdzw35xadosks1x5k7r3y4hkxhjs7t9isqkwoa84gj1za for representative D315857CE70C54DE713F6E82E5613BB3A1266C15E28AD2F4338C7BBEC456F532
[2m2026-09-22T12:02:07.897130Z[0m [32m INFO[0m [2mnanospam::wallets_factory[0m[2m:[0m Waiting for confirmation for D1051B3464B4BC708408EC37F99B5283A9C823CAD53714C4871F622D3D07C9FC
[2m2026-09-22T12:02:08.104424Z[0m [32m INFO[0m [2mnanospam::wallets_factory[0m[2m:[0m Waiting for confirmation for 4AE6684B01AE04F2BCA3AC0153C39AD4A9AC06A9FCDB0AB94F95E20A0777C87D
[2m2026-09-22T12:02:08.311639Z[0m [32m INFO[0m [2mnanospam::wallets_factory[0m[2m:[0m Seeding Ӿ14,285,714 to nano_3guk96fz79cronwc8ageguud7gsjfry75x9gug9d1iwtqcdqpfjjc1m5oyoe for representative A353E45E6D0016CAEED0DFA4EC5B0640E2AA22A793F9F2375E77F1AB92977C04
[2m2026-09-22T12:02:08.312642Z[0m [32m INFO[0m [2mnanospam::wallets_factory[0m[2m:[0m Waiting for confirmation for 7A4670B0E4336B7715D32B624F8E167D8848679486EEA54DE64873F64CB7D364
[2m2026-09-22T12:02:08.520305Z[0m [32m INFO[0m [2mnanospam::wallets_factory[0m[2m:[0m Waiting for confirmation for FBE3B2DE0FD1E0891EDD6F0D65F419F036288C4F3E67014F0BF79ADB34865511
[2m2026-09-22T12:02:08.726726Z[0m [32m INFO[0m [2mnanospam::wallets_factory[0m[2m:[0m Seeding Ӿ14,285,714 to nano_1h9hh7ambowhbowo9xaua9awceigzxdikbn7d6bd44wknfxsz6ijz8iessqi for representative 911999B2AEFA7ACC66EBD802B3301FF6CE431405107749D940277955CB7FDD07
[2m2026-09-22T12:02:08.728125Z[0m [32m INFO[0m [2mnanospam::wallets_factory[0m[2m:[0m Waiting for confirmation for E3B757C3A8AECF51CA8429AFB8832869B901B91F608AEE67C86E1FC552BE2A37
[2m2026-09-22T12:02:09.039091Z[0m [32m INFO[0m [2mnanospam::wallets_factory[0m[2m:[0m Waiting for confirmation for 1EA591D87504BA1C330EECEA69734ED4D1133E299955DD3C42489B4C5726B7D1
[2m2026-09-22T12:02:09.246613Z[0m [32m INFO[0m [2mnanospam::wallets_factory[0m[2m:[0m Seeding Ӿ14,285,714 to nano_1ha7aywfuoopobaj9eeoswb1y7kuijpf95ztwqertq759hmxfcq7gszq6yyr for representative 65A90023F6C0D2181AAA63F005D81BBC0C04650505E21D5123F9AE1F9E992BFF
[2m2026-09-22T12:02:09.247579Z[0m [32m INFO[0m [2mnanospam::wallets_factory[0m[2m:[0m Waiting for confirmation for 30403178A184EC91C563CB05249E69D3656302FE65F765AADEF44ACFD0A7A223
[2m2026-09-22T12:02:09.658611Z[0m [32m INFO[0m [2mnanospam::wallets_factory[0m[2m:[0m Waiting for confirmation for CF34156BE3FE5DA9168A9BA7D52398B603065CFFD07390ADB96AB2899875EE5D
[2m2026-09-22T12:02:09.865919Z[0m [32m INFO[0m [2mnanospam::wallets_factory[0m[2m:[0m Seeding Ӿ14,285,714 to nano_3e1ad4c1zysjnqtpcwi5igsujrdr71cm1hbaq86qk4tog6sxffix1d6p8bf9 for representative 633D9D614858AB1710D5D8C3180E2A082DC97208BA8C26BA6C6D1A86C8E31CC0
[2m2026-09-22T12:02:09.867199Z[0m [32m INFO[0m [2mnanospam::wallets_factory[0m[2m:[0m Waiting for confirmation for 36FED0C64555AFA6EB0A14BAC41EEF3F4E4F6823705D67012947D2440C94D2CC
[2m2026-09-22T12:02:10.176608Z[0m [32m INFO[0m [2mnanospam::wallets_factory[0m[2m:[0m Waiting for confirmation for 195B3B9F552232F624341A324C72BFABB812AABAAECD99EDF7FE363B147D45DD
[2m2026-09-22T12:02:10.486242Z[0m [32m INFO[0m [2mnanospam::wallets_factory[0m[2m:[0m Seeding Ӿ14,285,714 to nano_1kwetwixtebobu45hrnmdhr68u6izkgwh58oyxrr38hybigcbgac444yh8tb for representative 735FE217D91E88EA82324C5883296385FA0041C2FAC85C827BAA46DA1E14B83F
[2m2026-09-22T12:02:10.487522Z[0m [32m INFO[0m [2mnanospam::wallets_factory[0m[2m:[0m Waiting for confirmation for D92FC83DB50650A25EB36DA3F1BCF9A0F5EC526A8FF7A1C39CA31981579F51A0
[2m2026-09-22T12:02:10.694724Z[0m [32m INFO[0m [2mnanospam::wallets_factory[0m[2m:[0m Waiting for confirmation for FC6CC6D4FCB6FF17A73E01B8F56683A87E22F78360A74C89462BF7F529FA07A2
[2m2026-09-22T12:02:10.902684Z[0m [32m INFO[0m [2mnanospam::high_prio_check[0m[2m:[0m Creating high priority accounts...
[2m2026-09-22T12:02:10.928060Z[0m [32m INFO[0m [2mnanospam::high_prio_check[0m[2m:[0m Waiting for confirmations...
[2m2026-09-22T12:02:13.215807Z[0m [32m INFO[0m [2mnanospam::app[0m[2m:[0m Waiting for all PRs to see the full quorum...
[2m2026-09-22T12:02:16.454615Z[0m [32m INFO[0m [2mnanospam::app[0m[2m:[0m All PRs see the full quorum after 3.238774916s
[2m2026-09-22T12:02:16.454719Z[0m [32m INFO[0m [2mnanospam::app[0m[2m:[0m Waiting for all PRs to hold the same cemented ledger...
[2m2026-09-22T12:02:16.455713Z[0m [32m INFO[0m [2mnanospam::app[0m[2m:[0m All PRs hold the same ledger of 65 blocks after 983µs
EPOCH_COMMITTEE t=1790078536457 derived_by=genesis members=6 accounts=33 n=340282366920938463463374607431768211455 digest=F86D81972D51B72B0B6EBD14698D9274FA62362921269BD5E595E4E716D4EE3A shares=["A353E45E:20.2%", "735FE217:16.0%", "633D9D61:16.0%", "65A90023:16.0%", "911999B2:16.0%", "D315857C:16.0%"]
EPOCH_START t=1790078536457 epoch=0 elections=0
EPOCH_COMMITTEE t=1790078536457 derived_by=genesis members=6 accounts=33 n=340282366920938463463374607431768211455 digest=F86D81972D51B72B0B6EBD14698D9274FA62362921269BD5E595E4E716D4EE3A shares=["A353E45E:20.2%", "735FE217:16.0%", "633D9D61:16.0%", "65A90023:16.0%", "911999B2:16.0%", "D315857C:16.0%"]
EPOCH_START t=1790078536458 epoch=0 elections=0
EPOCH_COMMITTEE t=1790078536458 derived_by=genesis members=6 accounts=33 n=340282366920938463463374607431768211455 digest=F86D81972D51B72B0B6EBD14698D9274FA62362921269BD5E595E4E716D4EE3A shares=["A353E45E:20.2%", "735FE217:16.0%", "633D9D61:16.0%", "65A90023:16.0%", "911999B2:16.0%", "D315857C:16.0%"]
EPOCH_START t=1790078536458 epoch=0 elections=0
EPOCH_COMMITTEE t=1790078536459 derived_by=genesis members=6 accounts=33 n=340282366920938463463374607431768211455 digest=F86D81972D51B72B0B6EBD14698D9274FA62362921269BD5E595E4E716D4EE3A shares=["A353E45E:20.2%", "735FE217:16.0%", "633D9D61:16.0%", "65A90023:16.0%", "911999B2:16.0%", "D315857C:16.0%"]
EPOCH_START t=1790078536459 epoch=0 elections=0
EPOCH_COMMITTEE t=1790078536459 derived_by=genesis members=6 accounts=33 n=340282366920938463463374607431768211455 digest=F86D81972D51B72B0B6EBD14698D9274FA62362921269BD5E595E4E716D4EE3A shares=["A353E45E:20.2%", "735FE217:16.0%", "633D9D61:16.0%", "65A90023:16.0%", "911999B2:16.0%", "D315857C:16.0%"]
EPOCH_START t=1790078536460 epoch=0 elections=0
[2m2026-09-22T12:02:16.460180Z[0m [32m INFO[0m [2mnanospam::app[0m[2m:[0m Started the epochs on every PR
[2m2026-09-22T12:02:16.460200Z[0m [32m INFO[0m [2mnanospam::app[0m[2m:[0m Connecting to node PR0... [3mpeer_addr[0m[2m=[0m[::1]:17075
[2m2026-09-22T12:02:16.460669Z[0m [32m INFO[0m [2mnanospam::app[0m[2m:[0m Performing handshake...
[2m2026-09-22T12:02:16.461593Z[0m [32m INFO[0m [2mnanospam::app[0m[2m:[0m Performing handshake...
[2m2026-09-22T12:02:16.472719Z[0m [32m INFO[0m [2mnanospam::app[0m[2m:[0m Performing handshake...
[2m2026-09-22T12:02:16.483630Z[0m [32m INFO[0m [2mnanospam::app[0m[2m:[0m Performing handshake...
[2m2026-09-22T12:02:16.494882Z[0m [32m INFO[0m [2mnanospam::app[0m[2m:[0m Connecting to node PR1... [3mpeer_addr[0m[2m=[0m[::1]:17085
[2m2026-09-22T12:02:16.496469Z[0m [32m INFO[0m [2mnanospam::app[0m[2m:[0m Performing handshake...
[2m2026-09-22T12:02:16.497139Z[0m [32m INFO[0m [2mnanospam::app[0m[2m:[0m Performing handshake...
[2m2026-09-22T12:02:16.508372Z[0m [32m INFO[0m [2mnanospam::app[0m[2m:[0m Performing handshake...
[2m2026-09-22T12:02:16.519699Z[0m [32m INFO[0m [2mnanospam::app[0m[2m:[0m Performing handshake...
[2m2026-09-22T12:02:16.531640Z[0m [32m INFO[0m [2mnanospam::app[0m[2m:[0m Connecting to node PR2... [3mpeer_addr[0m[2m=[0m[::1]:17095
[2m2026-09-22T12:02:16.532072Z[0m [32m INFO[0m [2mnanospam::app[0m[2m:[0m Performing handshake...
[2m2026-09-22T12:02:16.532624Z[0m [32m INFO[0m [2mnanospam::app[0m[2m:[0m Performing handshake...
[2m2026-09-22T12:02:16.544095Z[0m [32m INFO[0m [2mnanospam::app[0m[2m:[0m Performing handshake...
[2m2026-09-22T12:02:16.555534Z[0m [32m INFO[0m [2mnanospam::app[0m[2m:[0m Performing handshake...
[2m2026-09-22T12:02:16.567415Z[0m [32m INFO[0m [2mnanospam::app[0m[2m:[0m Connecting to node PR3... [3mpeer_addr[0m[2m=[0m[::1]:17105
[2m2026-09-22T12:02:16.567724Z[0m [32m INFO[0m [2mnanospam::app[0m[2m:[0m Performing handshake...
[2m2026-09-22T12:02:16.568221Z[0m [32m INFO[0m [2mnanospam::app[0m[2m:[0m Performing handshake...
[2m2026-09-22T12:02:16.579094Z[0m [32m INFO[0m [2mnanospam::app[0m[2m:[0m Performing handshake...
[2m2026-09-22T12:02:16.591326Z[0m [32m INFO[0m [2mnanospam::app[0m[2m:[0m Performing handshake...
[2m2026-09-22T12:02:16.602557Z[0m [32m INFO[0m [2mnanospam::app[0m[2m:[0m Connecting to node PR4... [3mpeer_addr[0m[2m=[0m[::1]:17115
[2m2026-09-22T12:02:16.603042Z[0m [32m INFO[0m [2mnanospam::app[0m[2m:[0m Performing handshake...
[2m2026-09-22T12:02:16.604043Z[0m [32m INFO[0m [2mnanospam::app[0m[2m:[0m Performing handshake...
[2m2026-09-22T12:02:16.615678Z[0m [32m INFO[0m [2mnanospam::app[0m[2m:[0m Performing handshake...
[2m2026-09-22T12:02:16.627257Z[0m [32m INFO[0m [2mnanospam::app[0m[2m:[0m Performing handshake...
[2m2026-09-22T12:02:16.637328Z[0m [32m INFO[0m [2mnanospam::app[0m[2m:[0m Connecting to websocket...
[2m2026-09-22T12:02:16.639751Z[0m [32m INFO[0m [2mnanospam::app[0m[2m:[0m Starting with 2000 BPS
[2m2026-09-22T12:02:17.640596Z[0m [32m INFO[0m [2mnanospam::app[0m[2m:[0m Confirmed 694 blocks | 2,000 bps | 748 cps | avg conf time: 88 ms
[2m2026-09-22T12:02:18.641421Z[0m [32m INFO[0m [2mnanospam::app[0m[2m:[0m Confirmed 4,346 blocks | 2,000 bps | 3,647 cps | avg conf time: 115 ms
[2m2026-09-22T12:02:19.642389Z[0m [32m INFO[0m [2mnanospam::app[0m[2m:[0m Confirmed 6,169 blocks | 2,000 bps | 1,821 cps | avg conf time: 113 ms
[2m2026-09-22T12:02:20.643497Z[0m [32m INFO[0m [2mnanospam::app[0m[2m:[0m Confirmed 8,041 blocks | 2,000 bps | 1,869 cps | avg conf time: 94 ms
[2m2026-09-22T12:02:21.644566Z[0m [32m INFO[0m [2mnanospam::app[0m[2m:[0m Confirmed 9,905 blocks | 2,000 bps | 1,861 cps | avg conf time: 96 ms
[2m2026-09-22T12:02:22.645219Z[0m [32m INFO[0m [2mnanospam::app[0m[2m:[0m Confirmed 11,874 blocks | 2,000 bps | 1,967 cps | avg conf time: 98 ms
[2m2026-09-22T12:02:23.646120Z[0m [32m INFO[0m [2mnanospam::app[0m[2m:[0m Confirmed 13,629 blocks | 2,000 bps | 1,753 cps | avg conf time: 97 ms
EPOCH_ENDED t=1790078544459 epoch=0 elections=1024 active=216
EPOCH_ENDED t=1790078544459 epoch=0 elections=1024 active=216
EPOCH_ENDED t=1790078544459 epoch=0 elections=1024 active=216
EPOCH_ENDED t=1790078544459 epoch=0 elections=1025 active=217
EPOCH_ENDED t=1790078544461 epoch=0 elections=1029 active=221
EPOCH_DRAIN_WAIT t=1790078544475 epoch=0 unterminated=183 previous_closed=true first=["7F82D4854DDC915478E23CCE5C671B5A4DBEF672A8E2E73391E72EDB533433CA:active:1:0", "5054F003B23524A8B07304A53310E8D38D0E8A1F8C5E6A217E8195D6D06E195E:active:1:3", "CF64DF103DE44A38A15D88E48CF961751FD55D04D41D93FFED8729DD6C86ACA5:active:1:3"]
EPOCH_DRAIN_WAIT t=1790078544585 epoch=0 unterminated=7 previous_closed=true first=["0ED5FFC8777303A13C636CB351072D0122C38DCED569F6915323C828206FE0CE:active:2:5", "9C19CD47C84EE2417548151EBF6B3DEA374F0115B4C087AA94D1B2FA48A1111C:active:1:4", "A93868489CA184DC1636FBB791AAF4995B4314169DAFBECF2ED34BAA850FE9D0:active:1:4"]
[2m2026-09-22T12:02:24.647382Z[0m [32m INFO[0m [2mnanospam::app[0m[2m:[0m Confirmed 15,360 blocks | 2,000 bps | 1,728 cps | avg conf time: 102 ms
EPOCH_DRAIN_WAIT t=1790078544663 epoch=0 unterminated=2 previous_closed=true first=["0ED5FFC8777303A13C636CB351072D0122C38DCED569F6915323C828206FE0CE:active:2:5", "5A82A42D6C74E8D27DB2BC0E9EA972A1E59C95D992F56B8584B40831D20CD432:active:2:5"]
EPOCH_CLOSE_READY t=1790078544948 epoch=0 value=4BB8DF794D1EB69736B7273F92C99A5F9780CAC4B607F06B188BAFB1351F7D08
EPOCH_CLOSE_ROUND t=1790078544948 epoch=0 round=0 leader=633D9D614858AB1710D5D8C3180E2A082DC97208BA8C26BA6C6D1A86C8E31CC0 leads=false
EPOCH_ADVANCED t=1790078544948 epoch=1 elections=798 active=0
EPOCH_CLOSE_READY t=1790078545008 epoch=0 value=4BB8DF794D1EB69736B7273F92C99A5F9780CAC4B607F06B188BAFB1351F7D08
EPOCH_CLOSE_ROUND t=1790078545008 epoch=0 round=0 leader=633D9D614858AB1710D5D8C3180E2A082DC97208BA8C26BA6C6D1A86C8E31CC0 leads=false
EPOCH_ADVANCED t=1790078545008 epoch=1 elections=798 active=0
EPOCH_CLOSE_READY t=1790078545047 epoch=0 value=4BB8DF794D1EB69736B7273F92C99A5F9780CAC4B607F06B188BAFB1351F7D08
EPOCH_CLOSE_ROUND t=1790078545048 epoch=0 round=0 leader=633D9D614858AB1710D5D8C3180E2A082DC97208BA8C26BA6C6D1A86C8E31CC0 leads=true
EPOCH_ADVANCED t=1790078545048 epoch=1 elections=798 active=0
EPOCH_CLOSE_READY t=1790078545187 epoch=0 value=4BB8DF794D1EB69736B7273F92C99A5F9780CAC4B607F06B188BAFB1351F7D08
EPOCH_CLOSE_ROUND t=1790078545187 epoch=0 round=0 leader=633D9D614858AB1710D5D8C3180E2A082DC97208BA8C26BA6C6D1A86C8E31CC0 leads=false
EPOCH_ADVANCED t=1790078545187 epoch=1 elections=798 active=0
EPOCH_CLOSE_READY t=1790078545447 epoch=0 value=4BB8DF794D1EB69736B7273F92C99A5F9780CAC4B607F06B188BAFB1351F7D08
EPOCH_CLOSE_ROUND t=1790078545448 epoch=0 round=0 leader=633D9D614858AB1710D5D8C3180E2A082DC97208BA8C26BA6C6D1A86C8E31CC0 leads=false
EPOCH_ADVANCED t=1790078545448 epoch=1 elections=798 active=0
[2m2026-09-22T12:02:25.648086Z[0m [32m INFO[0m [2mnanospam::app[0m[2m:[0m Confirmed 17,314 blocks | 2,000 bps | 1,952 cps | avg conf time: 618 ms
EPOCH_CLOSED t=1790078546238 epoch=0 round=0 value=4BB8DF794D1EB69736B7273F92C99A5F9780CAC4B607F06B188BAFB1351F7D08 own=true
EPOCH_COMMITTEE t=1790078546246 derived_by=0 members=6 accounts=7193 n=319336758101157548100083251755876837224 digest=D4CDDE79C343DB2957A7009C62A6F801F09579AF3D0CA9CF5074FBAB21BD631D shares=["633D9D61:17.6%", "911999B2:17.4%", "65A90023:17.0%", "D315857C:16.5%", "A353E45E:16.3%", "735FE217:15.1%"]
EPOCH_AGREED t=1790078546246 epoch=0 value=4BB8DF794D1EB69736B7273F92C99A5F9780CAC4B607F06B188BAFB1351F7D08
EPOCH_CLOSED t=1790078546265 epoch=0 round=0 value=4BB8DF794D1EB69736B7273F92C99A5F9780CAC4B607F06B188BAFB1351F7D08 own=true
EPOCH_COMMITTEE t=1790078546271 derived_by=0 members=6 accounts=7193 n=319336758101157548100083251755876837224 digest=D4CDDE79C343DB2957A7009C62A6F801F09579AF3D0CA9CF5074FBAB21BD631D shares=["633D9D61:17.6%", "911999B2:17.4%", "65A90023:17.0%", "D315857C:16.5%", "A353E45E:16.3%", "735FE217:15.1%"]
EPOCH_AGREED t=1790078546272 epoch=0 value=4BB8DF794D1EB69736B7273F92C99A5F9780CAC4B607F06B188BAFB1351F7D08
EPOCH_CLOSED t=1790078546278 epoch=0 round=0 value=4BB8DF794D1EB69736B7273F92C99A5F9780CAC4B607F06B188BAFB1351F7D08 own=true
EPOCH_COMMITTEE t=1790078546284 derived_by=0 members=6 accounts=7193 n=319336758101157548100083251755876837224 digest=D4CDDE79C343DB2957A7009C62A6F801F09579AF3D0CA9CF5074FBAB21BD631D shares=["633D9D61:17.6%", "911999B2:17.4%", "65A90023:17.0%", "D315857C:16.5%", "A353E45E:16.3%", "735FE217:15.1%"]
EPOCH_AGREED t=1790078546285 epoch=0 value=4BB8DF794D1EB69736B7273F92C99A5F9780CAC4B607F06B188BAFB1351F7D08
EPOCH_CLOSED t=1790078546300 epoch=0 round=0 value=4BB8DF794D1EB69736B7273F92C99A5F9780CAC4B607F06B188BAFB1351F7D08 own=true
EPOCH_COMMITTEE t=1790078546307 derived_by=0 members=6 accounts=7193 n=319336758101157548100083251755876837224 digest=D4CDDE79C343DB2957A7009C62A6F801F09579AF3D0CA9CF5074FBAB21BD631D shares=["633D9D61:17.6%", "911999B2:17.4%", "65A90023:17.0%", "D315857C:16.5%", "A353E45E:16.3%", "735FE217:15.1%"]
EPOCH_AGREED t=1790078546307 epoch=0 value=4BB8DF794D1EB69736B7273F92C99A5F9780CAC4B607F06B188BAFB1351F7D08
EPOCH_CLOSED t=1790078546405 epoch=0 round=0 value=4BB8DF794D1EB69736B7273F92C99A5F9780CAC4B607F06B188BAFB1351F7D08 own=true
EPOCH_COMMITTEE t=1790078546411 derived_by=0 members=6 accounts=7193 n=319336758101157548100083251755876837224 digest=D4CDDE79C343DB2957A7009C62A6F801F09579AF3D0CA9CF5074FBAB21BD631D shares=["633D9D61:17.6%", "911999B2:17.4%", "65A90023:17.0%", "D315857C:16.5%", "A353E45E:16.3%", "735FE217:15.1%"]
EPOCH_AGREED t=1790078546411 epoch=0 value=4BB8DF794D1EB69736B7273F92C99A5F9780CAC4B607F06B188BAFB1351F7D08
[2m2026-09-22T12:02:26.649211Z[0m [32m INFO[0m [2mnanospam::app[0m[2m:[0m Confirmed 19,180 blocks | 2,000 bps | 1,863 cps | avg conf time: 116 ms
[2m2026-09-22T12:02:27.650397Z[0m [32m INFO[0m [2mnanospam::app[0m[2m:[0m Confirmed 20,978 blocks | 2,000 bps | 1,795 cps | avg conf time: 105 ms
[2m2026-09-22T12:02:28.651378Z[0m [32m INFO[0m [2mnanospam::app[0m[2m:[0m Confirmed 22,846 blocks | 2,000 bps | 1,866 cps | avg conf time: 107 ms
[2m2026-09-22T12:02:29.654124Z[0m [32m INFO[0m [2mnanospam::app[0m[2m:[0m Confirmed 24,676 blocks | 2,000 bps | 1,828 cps | avg conf time: 110 ms
[2m2026-09-22T12:02:30.655176Z[0m [32m INFO[0m [2mnanospam::app[0m[2m:[0m Confirmed 26,505 blocks | 2,000 bps | 1,823 cps | avg conf time: 110 ms
[2m2026-09-22T12:02:31.656270Z[0m [32m INFO[0m [2mnanospam::app[0m[2m:[0m Confirmed 28,411 blocks | 2,000 bps | 1,903 cps | avg conf time: 109 ms
EPOCH_ENDED t=1790078552470 epoch=1 elections=1784 active=182
EPOCH_ENDED t=1790078552470 epoch=1 elections=1784 active=182
EPOCH_ENDED t=1790078552470 epoch=1 elections=1784 active=182
EPOCH_ENDED t=1790078552470 epoch=1 elections=1784 active=182
EPOCH_ENDED t=1790078552470 epoch=1 elections=1784 active=182
EPOCH_DRAIN_WAIT t=1790078552561 epoch=1 unterminated=12 previous_closed=true first=["304069393C30BA7DFA52756A75746EAFB6E9C47E05E9E910EB8F61AEBCD7EB6B:active:1:2", "560B7F1B9B94911A79163438C1C79F046BC80D00E363577513802A972E93E0C9:active:1:2", "166415D058CA4FBECE42E7710EF4FBEE22CF5C9CD72A3D0219B907E2FADBC6B0:active:1:2"]
EPOCH_DRAIN_WAIT t=1790078552592 epoch=1 unterminated=12 previous_closed=true first=["304069393C30BA7DFA52756A75746EAFB6E9C47E05E9E910EB8F61AEBCD7EB6B:active:1:3", "560B7F1B9B94911A79163438C1C79F046BC80D00E363577513802A972E93E0C9:active:1:3", "166415D058CA4FBECE42E7710EF4FBEE22CF5C9CD72A3D0219B907E2FADBC6B0:active:1:3"]
[2m2026-09-22T12:02:32.656974Z[0m [32m INFO[0m [2mnanospam::app[0m[2m:[0m Confirmed 30,050 blocks | 2,000 bps | 1,637 cps | avg conf time: 110 ms
EPOCH_CLOSE_READY t=1790078552884 epoch=1 value=B682821B9E35E7CF27C23CB79559C404D3C260BD346C217F3634242C1E925AB8
EPOCH_CLOSE_ROUND t=1790078552884 epoch=1 round=0 leader=65A90023F6C0D2181AAA63F005D81BBC0C04650505E21D5123F9AE1F9E992BFF leads=false
EPOCH_ADVANCED t=1790078552885 epoch=2 elections=1579 active=0
EPOCH_CLOSE_READY t=1790078552886 epoch=1 value=B682821B9E35E7CF27C23CB79559C404D3C260BD346C217F3634242C1E925AB8
EPOCH_CLOSE_ROUND t=1790078552886 epoch=1 round=0 leader=65A90023F6C0D2181AAA63F005D81BBC0C04650505E21D5123F9AE1F9E992BFF leads=false
EPOCH_ADVANCED t=1790078552887 epoch=2 elections=1579 active=0
EPOCH_CLOSE_READY t=1790078552908 epoch=1 value=B682821B9E35E7CF27C23CB79559C404D3C260BD346C217F3634242C1E925AB8
EPOCH_CLOSE_ROUND t=1790078552908 epoch=1 round=0 leader=65A90023F6C0D2181AAA63F005D81BBC0C04650505E21D5123F9AE1F9E992BFF leads=false
EPOCH_ADVANCED t=1790078552909 epoch=2 elections=1579 active=0
EPOCH_CLOSE_READY t=1790078553171 epoch=1 value=B682821B9E35E7CF27C23CB79559C404D3C260BD346C217F3634242C1E925AB8
EPOCH_CLOSE_ROUND t=1790078553171 epoch=1 round=0 leader=65A90023F6C0D2181AAA63F005D81BBC0C04650505E21D5123F9AE1F9E992BFF leads=true
EPOCH_ADVANCED t=1790078553171 epoch=2 elections=1579 active=0
EPOCH_CLOSE_READY t=1790078553188 epoch=1 value=B682821B9E35E7CF27C23CB79559C404D3C260BD346C217F3634242C1E925AB8
EPOCH_CLOSE_ROUND t=1790078553189 epoch=1 round=0 leader=65A90023F6C0D2181AAA63F005D81BBC0C04650505E21D5123F9AE1F9E992BFF leads=false
EPOCH_ADVANCED t=1790078553189 epoch=2 elections=1579 active=0
EPOCH_CLOSED t=1790078553436 epoch=1 round=0 value=B682821B9E35E7CF27C23CB79559C404D3C260BD346C217F3634242C1E925AB8 own=true
EPOCH_CLOSED t=1790078553437 epoch=1 round=0 value=B682821B9E35E7CF27C23CB79559C404D3C260BD346C217FEPOCH_CLOSED t=1790078553437 epoch=1 round=0 value=B682821B9E35E7CF27C23CB79559C404D3C260BD346C217F3634242C1E3634925AB8 own=true
24EPOCH_CLOSED t=17900785534372C1E925AB8 own=true
 epoch=1 round=0 value=B682821B9E35E7CF27C23CB79559C404D3C260BD346C217F3634242C1E925AB8 own=true
EPOCH_COMMITTEE t=1790078553441 derived_by=1 members=6 accounts=12334 n=315123678705383554984764253450033493132 digest=8CE0AB60516C43A1C7CD3FDC9ACB8D2B09B4DB1190DC057A504E9B28AC2D2D1A shares=["633D9D61:17.8%", "911999B2:17.3%", "65A90023:17.3%", "A353E45E:16.4%", "D315857C:15.6%", "735FE217:15.5%"]
EPOCH_AGREED t=1790078553441 epoch=1 value=B682821B9E35E7CF27C23CB79559C404D3C260BD346C217F3634242C1E925AB8
EPOCH_COMMITTEE t=1790078553442 derived_by=1 members=6 accounts=12334 n=315123678705383554984764253450033493132 digest=8CE0AB60516C43A1C7CD3FDC9ACB8D2B09B4DB1190DC057A504E9B28AC2D2D1A shares=["633D9D61:17.8%", "911999B2:17.3%", "65A90023:17.3%", "A353E45E:16.4%", "D315857C:15.6%", "735FE217:15.5%"]
EPOCH_AGREED t=1790078553443 epoch=1 value=B682821B9E35E7CF27C23CB79559C404D3C260BD346C217F3634242C1E925AB8
EPOCH_CLOSED t=1790078553443 epoch=1 round=0 value=B682821B9E35E7CF27C23CB79559C404D3C260BD346C217F3634242C1E925AB8 own=true
EPOCH_COMMITTEE t=1790078553447 derived_by=1 members=6 accounts=12334 n=315123678705383554984764253450033493132 digest=8CE0AB60516C43A1C7CD3FDC9ACB8D2B09B4DB1190DC057A504E9B28AC2D2D1A shares=["633D9D61:17.8%", "911999B2:17.3%", "65A90023:17.3%", "A353E45E:16.4%", "D315857C:15.6%", "735FE217:15.5%"]
EPOCH_COMMITTEE t=1790078553448 derived_by=1 members=6 accounts=12334 n=315123678705383554984764253450033493132 digest=8CE0AB60516C43A1C7CD3FDC9ACB8D2B09B4DB1190DC057A504E9B28AC2D2D1A shares=["633D9D61:17.8%", "911999B2:17.3%", "65A90023:17.3%", "A353E45E:16.4%", "D315857C:15.6%", "735FE217:15.5%"]
EPOCH_AGREED t=1790078553448 epoch=1 value=B682821B9E35E7CF27C23CB79559C404D3C260BD346C217F3634242C1E925AB8
EPOCH_AGREED t=1790078553448 epoch=1 value=B682821B9E35E7CF27C23CB79559C404D3C260BD346C217F3634242C1E925AB8
EPOCH_COMMITTEE t=1790078553449 derived_by=1 members=6 accounts=12334 n=315123678705383554984764253450033493132 digest=8CE0AB60516C43A1C7CD3FDC9ACB8D2B09B4DB1190DC057A504E9B28AC2D2D1A shares=["633D9D61:17.8%", "911999B2:17.3%", "65A90023:17.3%", "A353E45E:16.4%", "D315857C:15.6%", "735FE217:15.5%"]
EPOCH_AGREED t=1790078553450 epoch=1 value=B682821B9E35E7CF27C23CB79559C404D3C260BD346C217F3634242C1E925AB8
[2m2026-09-22T12:02:33.658088Z[0m [32m INFO[0m [2mnanospam::app[0m[2m:[0m Confirmed 31,900 blocks | 2,000 bps | 1,847 cps | avg conf time: 417 ms
[2m2026-09-22T12:02:34.659796Z[0m [32m INFO[0m [2mnanospam::app[0m[2m:[0m Confirmed 33,704 blocks | 2,000 bps | 1,800 cps | avg conf time: 127 ms
[2m2026-09-22T12:02:35.660957Z[0m [32m INFO[0m [2mnanospam::app[0m[2m:[0m Confirmed 35,599 blocks | 2,000 bps | 1,892 cps | avg conf time: 110 ms
[2m2026-09-22T12:02:36.661899Z[0m [32m INFO[0m [2mnanospam::app[0m[2m:[0m Confirmed 37,446 blocks | 2,000 bps | 1,845 cps | avg conf time: 109 ms
[2m2026-09-22T12:02:37.662911Z[0m [32m INFO[0m [2mnanospam::app[0m[2m:[0m Confirmed 39,308 blocks | 2,000 bps | 1,860 cps | avg conf time: 107 ms
[2m2026-09-22T12:02:38.664093Z[0m [32m INFO[0m [2mnanospam::app[0m[2m:[0m Confirmed 41,080 blocks | 2,000 bps | 1,769 cps | avg conf time: 111 ms
[2m2026-09-22T12:02:39.665873Z[0m [32m INFO[0m [2mnanospam::app[0m[2m:[0m Confirmed 42,774 blocks | 2,000 bps | 1,690 cps | avg conf time: 112 ms
EPOCH_ENDED t=1790078560460 epoch=2 elections=2226 active=0
EPOCH_ENDED t=1790078560471 epoch=2 elections=2226 active=0
EPOCH_ENDED t=1790078560477 epoch=2 elections=2226 active=0
EPOCH_ENDED t=1790078560500 epoch=2 elections=2226 active=0
EPOCH_ENDED t=1790078560556 epoch=2 elections=2226 active=0
EPOCH_CLOSE_READY t=1790078560602 epoch=2 value=FBCD96F0984434AA765EE3C4066EB4F0E239108996653C2E780556D2B5F57842
EPOCH_CLOSE_ROUND t=1790078560603 epoch=2 round=0 leader=911999B2AEFA7ACC66EBD802B3301FF6CE431405107749D940277955CB7FDD07 leads=false
EPOCH_ADVANCED t=1790078560603 epoch=3 elections=2226 active=0
EPOCH_CLOSE_READY t=1790078560613 epoch=2 value=FBCD96F0984434AA765EE3C4066EB4F0E239108996653C2E780556D2B5F57842
EPOCH_CLOSE_ROUND t=1790078560613 epoch=2 round=0 leader=911999B2AEFA7ACC66EBD802B3301FF6CE431405107749D940277955CB7FDD07 leads=false
EPOCH_ADVANCED t=1790078560614 epoch=3 elections=2226 active=0
EPOCH_CLOSE_READY t=1790078560622 epoch=2 value=FBCD96F0984434AA765EE3C4066EB4F0E239108996653C2E780556D2B5F57842
EPOCH_CLOSE_ROUND t=1790078560622 epoch=2 round=0 leader=911999B2AEFA7ACC66EBD802B3301FF6CE431405107749D940277955CB7FDD07 leads=false
EPOCH_ADVANCED t=1790078560623 epoch=3 elections=2226 active=0
EPOCH_CLOSE_READY t=1790078560634 epoch=2 value=FBCD96F0984434AA765EE3C4066EB4F0E239108996653C2E780556D2B5F57842
EPOCH_CLOSE_ROUND t=1790078560634 epoch=2 round=0 leader=911999B2AEFA7ACC66EBD802B3301FF6CE431405107749D940277955CB7FDD07 leads=true
EPOCH_ADVANCED t=1790078560635 epoch=3 elections=2226 active=0
[2m2026-09-22T12:02:40.668176Z[0m [32m INFO[0m [2mnanospam::app[0m[2m:[0m Confirmed 42,774 blocks | 2,000 bps | 0 cps | avg conf time: 0 ms
EPOCH_CLOSE_READY t=1790078560691 epoch=2 value=FBCD96F0984434AA765EE3C4066EB4F0E239108996653C2E780556D2B5F57842
EPOCH_CLOSE_ROUND t=1790078560691 epoch=2 round=0 leader=911999B2AEFA7ACC66EBD802B3301FF6CE431405107749D940277955CB7FDD07 leads=false
EPOCH_ADVANCED t=1790078560691 epoch=3 elections=2226 active=0
EPOCH_CLOSED t=1790078560701 epoch=2 round=0 value=FBCD96F0984434AA765EE3C4066EB4F0E239108996653C2E780556D2B5F57842 own=true
EPOCH_COMMITTEE t=1790078560706 derived_by=2 members=6 accounts=15403 n=310814867012537563901540035098740433347 digest=09C8299CC1E93A79E9CF66F1843892DA7EB3754CC485338A24568A85207ED97B shares=["633D9D61:18.0%", "911999B2:17.4%", "65A90023:17.2%", "A353E45E:16.2%", "735FE217:15.7%", "D315857C:15.6%"]
EPOCH_AGREED t=1790078560706 epoch=2 value=FBCD96F0984434AA765EE3C4066EB4F0E239108996653C2E780556D2B5F57842
EPOCH_CLOSE_ROUND t=1790078560765 epoch=2 round=1 leader=A353E45E6D0016CAEED0DFA4EC5B0640E2AA22A793F9F2375E77F1AB92977C04 leads=false
EPOCH_CLOSE_ROUND t=1790078560777 epoch=2 round=1 leader=A353E45E6D0016CAEED0DFA4EC5B0640E2AA22A793F9F2375E77F1AB92977C04 leads=true
EPOCH_CLOSE_ROUND t=1790078560778 epoch=2 round=1 leader=A353E45E6D0016CAEED0DFA4EC5B0640E2AA22A793F9F2375E77F1AB92977C04 leads=false
EPOCH_CLOSED t=1790078560783 epoch=2 round=0 value=FBCD96F0984434AA765EE3C4066EB4F0E239108996653C2E780556D2B5F57842 own=true
EPOCH_CLOSED t=1790078560783 epoch=2 round=0 value=FBCD96F0984434AA765EE3C4066EB4F0E239108996653C2E780556D2B5F57842 own=true
EPOCH_CLOSED t=1790078560785 epoch=2 round=0 value=FBCD96F0984434AA765EE3C4066EB4F0E239108996653C2E780556D2B5F57842 own=true
EPOCH_CLOSED t=1790078560788 epoch=2 round=0 value=FBCD96F0984434AA765EE3C4066EB4F0E239108996653C2E780556D2B5F57842 own=true
EPOCH_COMMITTEE t=1790078560789 derived_by=2 members=6 accounts=15403 n=310814867012537563901540035098740433347 digest=09C8299CC1E93A79E9CF66F1843892DA7EB3754CC485338A24568A85207ED97B shares=["633D9D61:18.0%", "911999B2:17.4%", "65A90023:17.2%", "A353E45E:16.2%", "735FE217:15.7%", "D315857C:15.6%"]
EPOCH_AGREED t=1790078560789 epoch=2 value=FBCD96F0984434AA765EE3C4066EB4F0E239108996653C2E780556D2B5F57842
EPOCH_COMMITTEE t=1790078560789 derived_by=2 members=6 accounts=15403 n=310814867012537563901540035098740433347 digest=09C8299CC1E93A79E9CF66F1843892DA7EB3754CC485338A24568A85207ED97B shares=["633D9D61:18.0%", "911999B2:17.4%", "65A90023:17.2%", "A353E45E:16.2%", "735FE217:15.7%", "D315857C:15.6%"]
EPOCH_AGREED t=1790078560789 epoch=2 value=FBCD96F0984434AA765EE3C4066EB4F0E239108996653C2E780556D2B5F57842
EPOCH_COMMITTEE t=1790078560792 derived_by=2 members=6 accounts=15403 n=310814867012537563901540035098740433347 digest=09C8299CC1E93A79E9CF66F1843892DA7EB3754CC485338A24568A85207ED97B shares=["633D9D61:18.0%", "911999B2:17.4%", "65A90023:17.2%", "A353E45E:16.2%", "735FE217:15.7%", "D315857C:15.6%"]
EPOCH_AGREED t=1790078560792 epoch=2 value=FBCD96F0984434AA765EE3C4066EB4F0E239108996653C2E780556D2B5F57842
EPOCH_COMMITTEE t=1790078560794 derived_by=2 members=6 accounts=15403 n=310814867012537563901540035098740433347 digest=09C8299CC1E93A79E9CF66F1843892DA7EB3754CC485338A24568A85207ED97B shares=["633D9D61:18.0%", "911999B2:17.4%", "65A90023:17.2%", "A353E45E:16.2%", "735FE217:15.7%", "D315857C:15.6%"]
EPOCH_AGREED t=1790078560794 epoch=2 value=FBCD96F0984434AA765EE3C4066EB4F0E239108996653C2E780556D2B5F57842
[2m2026-09-22T12:02:41.669817Z[0m [32m INFO[0m [2mnanospam::app[0m[2m:[0m Confirmed 42,774 blocks | 2,000 bps | 0 cps | avg conf time: 0 ms
[2m2026-09-22T12:02:42.672486Z[0m [32m INFO[0m [2mnanospam::app[0m[2m:[0m Confirmed 42,774 blocks | 2,000 bps | 0 cps | avg conf time: 0 ms
[2m2026-09-22T12:02:43.673223Z[0m [32m INFO[0m [2mnanospam::app[0m[2m:[0m Confirmed 42,774 blocks | 2,000 bps | 0 cps | avg conf time: 0 ms
[2m2026-09-22T12:02:44.675263Z[0m [32m INFO[0m [2mnanospam::app[0m[2m:[0m Confirmed 42,774 blocks | 2,000 bps | 0 cps | avg conf time: 0 ms
[2m2026-09-22T12:02:45.676930Z[0m [32m INFO[0m [2mnanospam::app[0m[2m:[0m Confirmed 42,774 blocks | 2,000 bps | 0 cps | avg conf time: 0 ms
[2m2026-09-22T12:02:46.678805Z[0m [32m INFO[0m [2mnanospam::app[0m[2m:[0m Confirmed 42,774 blocks | 2,000 bps | 0 cps | avg conf time: 0 ms
[2m2026-09-22T12:02:47.680470Z[0m [32m INFO[0m [2mnanospam::app[0m[2m:[0m Confirmed 42,774 blocks | 2,000 bps | 0 cps | avg conf time: 0 ms
[2m2026-09-22T12:02:48.682978Z[0m [32m INFO[0m [2mnanospam::app[0m[2m:[0m Confirmed 42,774 blocks | 2,000 bps | 0 cps | avg conf time: 0 ms
[2m2026-09-22T12:02:49.685388Z[0m [32m INFO[0m [2mnanospam::app[0m[2m:[0m Confirmed 42,774 blocks | 2,000 bps | 0 cps | avg conf time: 0 ms
[2m2026-09-22T12:02:50.686101Z[0m [32m INFO[0m [2mnanospam::app[0m[2m:[0m Confirmed 42,774 blocks | 2,000 bps | 0 cps | avg conf time: 0 ms
[2m2026-09-22T12:02:51.688325Z[0m [32m INFO[0m [2mnanospam::app[0m[2m:[0m Confirmed 42,774 blocks | 2,000 bps | 0 cps | avg conf time: 0 ms
[2m2026-09-22T12:02:52.689478Z[0m [32m INFO[0m [2mnanospam::app[0m[2m:[0m Confirmed 42,774 blocks | 2,000 bps | 0 cps | avg conf time: 0 ms
[2m2026-09-22T12:02:53.691369Z[0m [32m INFO[0m [2mnanospam::app[0m[2m:[0m Confirmed 42,774 blocks | 2,000 bps | 0 cps | avg conf time: 0 ms
[2m2026-09-22T12:02:54.694386Z[0m [32m INFO[0m [2mnanospam::app[0m[2m:[0m Confirmed 42,774 blocks | 2,000 bps | 0 cps | avg conf time: 0 ms
[2m2026-09-22T12:02:55.697290Z[0m [32m INFO[0m [2mnanospam::app[0m[2m:[0m Confirmed 42,774 blocks | 2,000 bps | 0 cps | avg conf time: 0 ms
[2m2026-09-22T12:02:56.699184Z[0m [32m INFO[0m [2mnanospam::app[0m[2m:[0m Confirmed 42,774 blocks | 2,000 bps | 0 cps | avg conf time: 0 ms
[2m2026-09-22T12:02:57.701205Z[0m [32m INFO[0m [2mnanospam::app[0m[2m:[0m Confirmed 42,774 blocks | 2,000 bps | 0 cps | avg conf time: 0 ms
[2m2026-09-22T12:02:58.702910Z[0m [32m INFO[0m [2mnanospam::app[0m[2m:[0m Confirmed 42,774 blocks | 2,000 bps | 0 cps | avg conf time: 0 ms
[2m2026-09-22T12:02:59.704683Z[0m [32m INFO[0m [2mnanospam::app[0m[2m:[0m Confirmed 42,774 blocks | 2,000 bps | 0 cps | avg conf time: 0 ms
[2m2026-09-22T12:03:00.706590Z[0m [32m INFO[0m [2mnanospam::app[0m[2m:[0m Confirmed 42,774 blocks | 2,000 bps | 0 cps | avg conf time: 0 ms
[2m2026-09-22T12:03:01.708857Z[0m [32m INFO[0m [2mnanospam::app[0m[2m:[0m Confirmed 42,774 blocks | 2,000 bps | 0 cps | avg conf time: 0 ms
[2m2026-09-22T12:03:02.710431Z[0m [32m INFO[0m [2mnanospam::app[0m[2m:[0m Confirmed 42,774 blocks | 2,000 bps | 0 cps | avg conf time: 0 ms
[2m2026-09-22T12:03:03.711937Z[0m [32m INFO[0m [2mnanospam::app[0m[2m:[0m Confirmed 42,774 blocks | 2,000 bps | 0 cps | avg conf time: 0 ms
[2m2026-09-22T12:03:04.713281Z[0m [32m INFO[0m [2mnanospam::app[0m[2m:[0m Confirmed 42,774 blocks | 2,000 bps | 0 cps | avg conf time: 0 ms
[2m2026-09-22T12:03:05.715167Z[0m [32m INFO[0m [2mnanospam::app[0m[2m:[0m Confirmed 42,774 blocks | 2,000 bps | 0 cps | avg conf time: 0 ms
[2m2026-09-22T12:03:06.716630Z[0m [32m INFO[0m [2mnanospam::app[0m[2m:[0m Confirmed 42,774 blocks | 2,000 bps | 0 cps | avg conf time: 0 ms
[2m2026-09-22T12:03:07.718318Z[0m [32m INFO[0m [2mnanospam::app[0m[2m:[0m Confirmed 42,774 blocks | 2,000 bps | 0 cps | avg conf time: 0 ms
[2m2026-09-22T12:03:08.719046Z[0m [32m INFO[0m [2mnanospam::app[0m[2m:[0m Confirmed 42,774 blocks | 2,000 bps | 0 cps | avg conf time: 0 ms
[2m2026-09-22T12:03:09.721213Z[0m [32m INFO[0m [2mnanospam::app[0m[2m:[0m Confirmed 42,774 blocks | 2,000 bps | 0 cps | avg conf time: 0 ms
[2m2026-09-22T12:03:10.723820Z[0m [32m INFO[0m [2mnanospam::app[0m[2m:[0m Confirmed 42,774 blocks | 2,000 bps | 0 cps | avg conf time: 0 ms
cleanup done
