[2m2026-09-22T18:08:27.486965Z[0m [32m INFO[0m [2mnanospam::setup::account_map_factory[0m[2m:[0m Creating account keys file with 45000 keys: "/Users/ruimorais/NanoSpam/account_keys.txt"
[2m2026-09-22T18:08:28.205663Z[0m [32m INFO[0m [2mnanospam::setup::node_config_factory[0m[2m:[0m ********************************************************************************
[2m2026-09-22T18:08:28.205677Z[0m [32m INFO[0m [2mnanospam::setup::node_config_factory[0m[2m:[0m Setting up node PR0...
[2m2026-09-22T18:08:28.205682Z[0m [32m INFO[0m [2mnanospam::setup::node_config_factory[0m[2m:[0m Creating directory "/Users/ruimorais/NanoSpam/pr0"
[2m2026-09-22T18:08:28.205763Z[0m [32m INFO[0m [2mnanospam::setup::node_config_factory[0m[2m:[0m Creating node config file: "/Users/ruimorais/NanoSpam/pr0/config-node.toml"
[2m2026-09-22T18:08:28.205886Z[0m [32m INFO[0m [2mnanospam::setup::node_config_factory[0m[2m:[0m Creating rpc config file: "/Users/ruimorais/NanoSpam/pr0/config-rpc.toml"
[2m2026-09-22T18:08:28.205962Z[0m [32m INFO[0m [2mnanospam::setup::node_config_factory[0m[2m:[0m ********************************************************************************
[2m2026-09-22T18:08:28.205966Z[0m [32m INFO[0m [2mnanospam::setup::node_config_factory[0m[2m:[0m Setting up node PR1...
[2m2026-09-22T18:08:28.205975Z[0m [32m INFO[0m [2mnanospam::setup::node_config_factory[0m[2m:[0m Creating directory "/Users/ruimorais/NanoSpam/pr1"
[2m2026-09-22T18:08:28.206019Z[0m [32m INFO[0m [2mnanospam::setup::node_config_factory[0m[2m:[0m Creating node config file: "/Users/ruimorais/NanoSpam/pr1/config-node.toml"
[2m2026-09-22T18:08:28.206090Z[0m [32m INFO[0m [2mnanospam::setup::node_config_factory[0m[2m:[0m Creating rpc config file: "/Users/ruimorais/NanoSpam/pr1/config-rpc.toml"
[2m2026-09-22T18:08:28.206150Z[0m [32m INFO[0m [2mnanospam::setup::node_config_factory[0m[2m:[0m ********************************************************************************
[2m2026-09-22T18:08:28.206154Z[0m [32m INFO[0m [2mnanospam::setup::node_config_factory[0m[2m:[0m Setting up node PR2...
[2m2026-09-22T18:08:28.206157Z[0m [32m INFO[0m [2mnanospam::setup::node_config_factory[0m[2m:[0m Creating directory "/Users/ruimorais/NanoSpam/pr2"
[2m2026-09-22T18:08:28.206198Z[0m [32m INFO[0m [2mnanospam::setup::node_config_factory[0m[2m:[0m Creating node config file: "/Users/ruimorais/NanoSpam/pr2/config-node.toml"
[2m2026-09-22T18:08:28.206263Z[0m [32m INFO[0m [2mnanospam::setup::node_config_factory[0m[2m:[0m Creating rpc config file: "/Users/ruimorais/NanoSpam/pr2/config-rpc.toml"
[2m2026-09-22T18:08:28.206319Z[0m [32m INFO[0m [2mnanospam::setup::node_config_factory[0m[2m:[0m ********************************************************************************
[2m2026-09-22T18:08:28.206323Z[0m [32m INFO[0m [2mnanospam::setup::node_config_factory[0m[2m:[0m Setting up node PR3...
[2m2026-09-22T18:08:28.206326Z[0m [32m INFO[0m [2mnanospam::setup::node_config_factory[0m[2m:[0m Creating directory "/Users/ruimorais/NanoSpam/pr3"
[2m2026-09-22T18:08:28.206361Z[0m [32m INFO[0m [2mnanospam::setup::node_config_factory[0m[2m:[0m Creating node config file: "/Users/ruimorais/NanoSpam/pr3/config-node.toml"
[2m2026-09-22T18:08:28.206423Z[0m [32m INFO[0m [2mnanospam::setup::node_config_factory[0m[2m:[0m Creating rpc config file: "/Users/ruimorais/NanoSpam/pr3/config-rpc.toml"
[2m2026-09-22T18:08:28.206475Z[0m [32m INFO[0m [2mnanospam::setup::node_config_factory[0m[2m:[0m ********************************************************************************
[2m2026-09-22T18:08:28.206479Z[0m [32m INFO[0m [2mnanospam::setup::node_config_factory[0m[2m:[0m Setting up node PR4...
[2m2026-09-22T18:08:28.206482Z[0m [32m INFO[0m [2mnanospam::setup::node_config_factory[0m[2m:[0m Creating directory "/Users/ruimorais/NanoSpam/pr4"
[2m2026-09-22T18:08:28.206522Z[0m [32m INFO[0m [2mnanospam::setup::node_config_factory[0m[2m:[0m Creating node config file: "/Users/ruimorais/NanoSpam/pr4/config-node.toml"
[2m2026-09-22T18:08:28.206617Z[0m [32m INFO[0m [2mnanospam::setup::node_config_factory[0m[2m:[0m Creating rpc config file: "/Users/ruimorais/NanoSpam/pr4/config-rpc.toml"
[2m2026-09-22T18:08:28.206718Z[0m [32m INFO[0m [2mnanospam::setup::node_launcher[0m[2m:[0m Starting node: NANO_TEST_GENESIS_BLOCK="{\n    \"type\": \"open\",\n    \"account\": \"nano_3nroioygg54nusrmyun4woimqex36sp3drnctdt5955uqu47fxbkrxk7n7ne\",\n    \"source\": \"D315857CE70C54DE713F6E82E5613BB3A1266C15E28AD2F4338C7BBEC456F532\",\n    \"representative\": \"nano_3nroioygg54nusrmyun4woimqex36sp3drnctdt5955uqu47fxbkrxk7n7ne\",\n    \"signature\": \"3F6792C2DC623DF2E8643777160AB983B66B337E2478E13D2C3448126A8F4CD8DCCD19803C158A057FA44060AE0EFC09B1C311CB4FBF42F8D240610B38F56E08\",\n    \"work\": \"70FEF01F7EC45DEC\"\n    }" NANO_TEST_GENESIS_PRV ="49643F9B10CA1AA34F9AF8ED4AABD29F436104CCC375974B108534A48EAE3FE1" "rsnano" "--network" "test" "--data-path" "/Users/ruimorais/NanoSpam/pr0" "node" "run"
[2m2026-09-22T18:08:28.207163Z[0m [32m INFO[0m [2mnanospam::setup::node_launcher[0m[2m:[0m Waiting for RPC...
[2m2026-09-22T18:08:28.309637Z[0m [32m INFO[0m [2mnanospam::setup::node_launcher[0m[2m:[0m Starting node: NANO_TEST_GENESIS_BLOCK="{\n    \"type\": \"open\",\n    \"account\": \"nano_3nroioygg54nusrmyun4woimqex36sp3drnctdt5955uqu47fxbkrxk7n7ne\",\n    \"source\": \"D315857CE70C54DE713F6E82E5613BB3A1266C15E28AD2F4338C7BBEC456F532\",\n    \"representative\": \"nano_3nroioygg54nusrmyun4woimqex36sp3drnctdt5955uqu47fxbkrxk7n7ne\",\n    \"signature\": \"3F6792C2DC623DF2E8643777160AB983B66B337E2478E13D2C3448126A8F4CD8DCCD19803C158A057FA44060AE0EFC09B1C311CB4FBF42F8D240610B38F56E08\",\n    \"work\": \"70FEF01F7EC45DEC\"\n    }" NANO_TEST_GENESIS_PRV ="49643F9B10CA1AA34F9AF8ED4AABD29F436104CCC375974B108534A48EAE3FE1" "rsnano" "--network" "test" "--data-path" "/Users/ruimorais/NanoSpam/pr1" "node" "run"
[2m2026-09-22T18:08:28.310087Z[0m [32m INFO[0m [2mnanospam::setup::node_launcher[0m[2m:[0m Waiting for RPC...
[2m2026-09-22T18:08:28.413237Z[0m [32m INFO[0m [2mnanospam::setup::node_launcher[0m[2m:[0m Starting node: NANO_TEST_GENESIS_BLOCK="{\n    \"type\": \"open\",\n    \"account\": \"nano_3nroioygg54nusrmyun4woimqex36sp3drnctdt5955uqu47fxbkrxk7n7ne\",\n    \"source\": \"D315857CE70C54DE713F6E82E5613BB3A1266C15E28AD2F4338C7BBEC456F532\",\n    \"representative\": \"nano_3nroioygg54nusrmyun4woimqex36sp3drnctdt5955uqu47fxbkrxk7n7ne\",\n    \"signature\": \"3F6792C2DC623DF2E8643777160AB983B66B337E2478E13D2C3448126A8F4CD8DCCD19803C158A057FA44060AE0EFC09B1C311CB4FBF42F8D240610B38F56E08\",\n    \"work\": \"70FEF01F7EC45DEC\"\n    }" NANO_TEST_GENESIS_PRV ="49643F9B10CA1AA34F9AF8ED4AABD29F436104CCC375974B108534A48EAE3FE1" "rsnano" "--network" "test" "--data-path" "/Users/ruimorais/NanoSpam/pr2" "node" "run"
[2m2026-09-22T18:08:28.413757Z[0m [32m INFO[0m [2mnanospam::setup::node_launcher[0m[2m:[0m Waiting for RPC...
[2m2026-09-22T18:08:28.517260Z[0m [32m INFO[0m [2mnanospam::setup::node_launcher[0m[2m:[0m Starting node: NANO_TEST_GENESIS_BLOCK="{\n    \"type\": \"open\",\n    \"account\": \"nano_3nroioygg54nusrmyun4woimqex36sp3drnctdt5955uqu47fxbkrxk7n7ne\",\n    \"source\": \"D315857CE70C54DE713F6E82E5613BB3A1266C15E28AD2F4338C7BBEC456F532\",\n    \"representative\": \"nano_3nroioygg54nusrmyun4woimqex36sp3drnctdt5955uqu47fxbkrxk7n7ne\",\n    \"signature\": \"3F6792C2DC623DF2E8643777160AB983B66B337E2478E13D2C3448126A8F4CD8DCCD19803C158A057FA44060AE0EFC09B1C311CB4FBF42F8D240610B38F56E08\",\n    \"work\": \"70FEF01F7EC45DEC\"\n    }" NANO_TEST_GENESIS_PRV ="49643F9B10CA1AA34F9AF8ED4AABD29F436104CCC375974B108534A48EAE3FE1" "rsnano" "--network" "test" "--data-path" "/Users/ruimorais/NanoSpam/pr3" "node" "run"
[2m2026-09-22T18:08:28.518038Z[0m [32m INFO[0m [2mnanospam::setup::node_launcher[0m[2m:[0m Waiting for RPC...
[2m2026-09-22T18:08:28.620845Z[0m [32m INFO[0m [2mnanospam::setup::node_launcher[0m[2m:[0m Starting node: NANO_TEST_GENESIS_BLOCK="{\n    \"type\": \"open\",\n    \"account\": \"nano_3nroioygg54nusrmyun4woimqex36sp3drnctdt5955uqu47fxbkrxk7n7ne\",\n    \"source\": \"D315857CE70C54DE713F6E82E5613BB3A1266C15E28AD2F4338C7BBEC456F532\",\n    \"representative\": \"nano_3nroioygg54nusrmyun4woimqex36sp3drnctdt5955uqu47fxbkrxk7n7ne\",\n    \"signature\": \"3F6792C2DC623DF2E8643777160AB983B66B337E2478E13D2C3448126A8F4CD8DCCD19803C158A057FA44060AE0EFC09B1C311CB4FBF42F8D240610B38F56E08\",\n    \"work\": \"70FEF01F7EC45DEC\"\n    }" NANO_TEST_GENESIS_PRV ="49643F9B10CA1AA34F9AF8ED4AABD29F436104CCC375974B108534A48EAE3FE1" "rsnano" "--network" "test" "--data-path" "/Users/ruimorais/NanoSpam/pr4" "node" "run"
[2m2026-09-22T18:08:28.621097Z[0m [32m INFO[0m [2mnanospam::setup::node_launcher[0m[2m:[0m Waiting for RPC...
[2m2026-09-22T18:08:28.723845Z[0m [32m INFO[0m [2mnanospam::wallets_factory[0m[2m:[0m Creating wallet...
[2m2026-09-22T18:08:28.781241Z[0m [32m INFO[0m [2mnanospam::wallets_factory[0m[2m:[0m Setting default representative...
[2m2026-09-22T18:08:28.781506Z[0m [32m INFO[0m [2mnanospam::wallets_factory[0m[2m:[0m Creating wallet...
[2m2026-09-22T18:08:28.826979Z[0m [32m INFO[0m [2mnanospam::wallets_factory[0m[2m:[0m Setting default representative...
[2m2026-09-22T18:08:28.827244Z[0m [32m INFO[0m [2mnanospam::wallets_factory[0m[2m:[0m Sending Ӿ40,047,061 to PR1 wallet nano_3atmwjh8t11psdqf3qx6xjfiei94oajch6zsyauowxzjogbbgz168g5mp8f1 ...
[2m2026-09-22T18:08:28.827684Z[0m [32m INFO[0m [2mnanospam::wallets_factory[0m[2m:[0m Waiting for confirmation for B19EAD8221E07E52EEB7CA7EE50577B662C489ADBA15C0727DB6F8AEDAD50081
[2m2026-09-22T18:08:44.025589Z[0m [32m INFO[0m [2mnanospam::wallets_factory[0m[2m:[0m Receiving...
[2m2026-09-22T18:08:44.027199Z[0m [32m INFO[0m [2mnanospam::wallets_factory[0m[2m:[0m Waiting for confirmation for CBAA8D9FE2AA2CFEB77B87886D76922E22E4C51C0C091A54179A7E5CF79FC967
[2m2026-09-22T18:08:44.130060Z[0m [32m INFO[0m [2mnanospam::wallets_factory[0m[2m:[0m DONE
[2m2026-09-22T18:08:44.130214Z[0m [32m INFO[0m [2mnanospam::wallets_factory[0m[2m:[0m ********************************************************************************
[2m2026-09-22T18:08:44.130237Z[0m [32m INFO[0m [2mnanospam::wallets_factory[0m[2m:[0m Creating wallet...
[2m2026-09-22T18:08:44.212309Z[0m [32m INFO[0m [2mnanospam::wallets_factory[0m[2m:[0m Setting default representative...
[2m2026-09-22T18:08:44.212698Z[0m [32m INFO[0m [2mnanospam::wallets_factory[0m[2m:[0m Sending Ӿ40,047,061 to PR2 wallet nano_36asm8scxymtsjmgqp14per3zxpgaec1c65qb9en1buscq7qzqa93tfyyzs3 ...
[2m2026-09-22T18:08:44.213198Z[0m [32m INFO[0m [2mnanospam::wallets_factory[0m[2m:[0m Waiting for confirmation for CAFB013DCCB20BBF4CC103A0FDD2BF25C8F109B9E984B96D0666840E4B0F89BA
[2m2026-09-22T18:08:44.315865Z[0m [32m INFO[0m [2mnanospam::wallets_factory[0m[2m:[0m Receiving...
[2m2026-09-22T18:08:44.316790Z[0m [32m INFO[0m [2mnanospam::wallets_factory[0m[2m:[0m Waiting for confirmation for 7189E44F408196E8FD1F393F06CDAD4F7C5A415B2A2DDFA8ABEABEE83DA60182
[2m2026-09-22T18:08:44.419905Z[0m [32m INFO[0m [2mnanospam::wallets_factory[0m[2m:[0m DONE
[2m2026-09-22T18:08:44.420002Z[0m [32m INFO[0m [2mnanospam::wallets_factory[0m[2m:[0m ********************************************************************************
[2m2026-09-22T18:08:44.420016Z[0m [32m INFO[0m [2mnanospam::wallets_factory[0m[2m:[0m Creating wallet...
[2m2026-09-22T18:08:44.498953Z[0m [32m INFO[0m [2mnanospam::wallets_factory[0m[2m:[0m Setting default representative...
[2m2026-09-22T18:08:44.499249Z[0m [32m INFO[0m [2mnanospam::wallets_factory[0m[2m:[0m Sending Ӿ40,047,061 to PR3 wallet nano_1sfb11jzfi8k51fcnrzi1qe3qh1e1jkic3h45oak9yfg5yhbkczzxfwtat7m ...
[2m2026-09-22T18:08:44.499632Z[0m [32m INFO[0m [2mnanospam::wallets_factory[0m[2m:[0m Waiting for confirmation for E2CEA882BAF6FE5BE932C387FEB7740D791CAF9E5BECC7CEE8176C7DDEE6378A
[2m2026-09-22T18:08:44.602280Z[0m [32m INFO[0m [2mnanospam::wallets_factory[0m[2m:[0m Receiving...
[2m2026-09-22T18:08:44.603181Z[0m [32m INFO[0m [2mnanospam::wallets_factory[0m[2m:[0m Waiting for confirmation for EA5EC3EAA2535557DB68742DBFA22A64B7B314876EE136F919471550E89D65D4
[2m2026-09-22T18:08:44.705184Z[0m [32m INFO[0m [2mnanospam::wallets_factory[0m[2m:[0m DONE
[2m2026-09-22T18:08:44.705291Z[0m [32m INFO[0m [2mnanospam::wallets_factory[0m[2m:[0m ********************************************************************************
[2m2026-09-22T18:08:44.705304Z[0m [32m INFO[0m [2mnanospam::wallets_factory[0m[2m:[0m Creating wallet...
[2m2026-09-22T18:08:44.784305Z[0m [32m INFO[0m [2mnanospam::wallets_factory[0m[2m:[0m Setting default representative...
[2m2026-09-22T18:08:44.784614Z[0m [32m INFO[0m [2mnanospam::wallets_factory[0m[2m:[0m Sending Ӿ40,047,061 to PR4 wallet nano_1rsxmoinip7d4wafdp855194n43fs7s1jgne6tx8ruatiu6g89815pddzijp ...
[2m2026-09-22T18:08:44.785033Z[0m [32m INFO[0m [2mnanospam::wallets_factory[0m[2m:[0m Waiting for confirmation for 22677C7E74B964C1E24887306A66EAC48330280DFA5744E0E21166EC47B5438A
[2m2026-09-22T18:08:47.858583Z[0m [32m INFO[0m [2mnanospam::wallets_factory[0m[2m:[0m Receiving...
[2m2026-09-22T18:08:47.860016Z[0m [32m INFO[0m [2mnanospam::wallets_factory[0m[2m:[0m Waiting for confirmation for 686B8354F9897585048EDBC473B612A3E2823DE919A66201E69841219A6B5651
[2m2026-09-22T18:08:48.167313Z[0m [32m INFO[0m [2mnanospam::wallets_factory[0m[2m:[0m DONE
[2m2026-09-22T18:08:48.167372Z[0m [32m INFO[0m [2mnanospam::wallets_factory[0m[2m:[0m ********************************************************************************
[2m2026-09-22T18:08:48.167421Z[0m [32m INFO[0m [2mnanospam::wallets_factory[0m[2m:[0m Sending Ӿ40,047,061 to PR5 (no node) nano_1wtzwadxk9naxc356m4rienp93ht131w7ypadk39qck8uah3bg3zohsmj9th ...
[2m2026-09-22T18:08:48.168210Z[0m [32m INFO[0m [2mnanospam::wallets_factory[0m[2m:[0m Waiting for confirmation for 86B6E149E407121861E950D6B66B56BA39E500C199E580ED6065515C3C25094F
[2m2026-09-22T18:08:48.581213Z[0m [32m INFO[0m [2mnanospam::wallets_factory[0m[2m:[0m Waiting for confirmation for 417F8AEA0F6FDD9A5EE6F5896819E98A81FC15AA2CF56207A5BCFB27193E37A9
[2m2026-09-22T18:08:48.890174Z[0m [32m INFO[0m [2mnanospam::wallets_factory[0m[2m:[0m DONE
[2m2026-09-22T18:08:48.890230Z[0m [32m INFO[0m [2mnanospam::wallets_factory[0m[2m:[0m Sending initial spam amount...
[2m2026-09-22T18:08:48.890864Z[0m [32m INFO[0m [2mnanospam::wallets_factory[0m[2m:[0m Waiting for confirmation for BF7EB3028B19F88FD3DC0409A930DE1336C71772575EFDA1B833CC81E6207299
[2m2026-09-22T18:08:49.432789Z[0m [32m INFO[0m [2mnanospam::wallets_factory[0m[2m:[0m Receiving initial spam amount...
[2m2026-09-22T18:08:49.433423Z[0m [32m INFO[0m [2mnanospam::wallets_factory[0m[2m:[0m Waiting for confirmation for 9CDD47DA8F3F86768A7272E109E46EB8F5A297EC1DE49B6583644F5197F3FE72
[2m2026-09-22T18:08:49.639764Z[0m [32m INFO[0m [2mnanospam::wallets_factory[0m[2m:[0m Seeding Ӿ14,285,714 to nano_1k7aosxmnybw54hxdkkpjyxiqupffryr75n5gouj6zgxsqns1xtjro8ac5g4 for representative D315857CE70C54DE713F6E82E5613BB3A1266C15E28AD2F4338C7BBEC456F532
[2m2026-09-22T18:08:49.640741Z[0m [32m INFO[0m [2mnanospam::wallets_factory[0m[2m:[0m Waiting for confirmation for 427798D22438457CD3AE0F2BC7FEB4C0A2B628194FAB9E1E37313472CE0D2267
[2m2026-09-22T18:08:49.952232Z[0m [32m INFO[0m [2mnanospam::wallets_factory[0m[2m:[0m Waiting for confirmation for 0F52189B0FBAAE7078DF63DAE05693AB7D55A7B0B00078FC53714156A772834C
[2m2026-09-22T18:08:50.055839Z[0m [32m INFO[0m [2mnanospam::wallets_factory[0m[2m:[0m Seeding Ӿ14,285,714 to nano_1ya1am8h4njp9mwxrk8z8138af5ore9uqjpbq17197uomib6x8gm9zne9bq5 for representative A353E45E6D0016CAEED0DFA4EC5B0640E2AA22A793F9F2375E77F1AB92977C04
[2m2026-09-22T18:08:50.056835Z[0m [32m INFO[0m [2mnanospam::wallets_factory[0m[2m:[0m Waiting for confirmation for FF3B51F277FEB197E7FDDD48E2D16C75D3318FF3FBA84FA2BBA9EEFB43BB4F6E
[2m2026-09-22T18:08:50.159486Z[0m [32m INFO[0m [2mnanospam::wallets_factory[0m[2m:[0m Waiting for confirmation for A0752E5F8802A90725403CFB46CE8E45E21E46E3757A12F7DD8ECE9FD4727ABE
[2m2026-09-22T18:08:50.467498Z[0m [32m INFO[0m [2mnanospam::wallets_factory[0m[2m:[0m Seeding Ӿ14,285,714 to nano_3k7qg1e74nun63c7tsad5tkpu3znfmf4mixwh696epueokd463zrh7bp8p1s for representative 911999B2AEFA7ACC66EBD802B3301FF6CE431405107749D940277955CB7FDD07
[2m2026-09-22T18:08:50.468625Z[0m [32m INFO[0m [2mnanospam::wallets_factory[0m[2m:[0m Waiting for confirmation for DD4E74F50411EBC19D1C6CEEA8B3345D2A3E01AB007C5CE55A371FB51243B809
[2m2026-09-22T18:08:50.779376Z[0m [32m INFO[0m [2mnanospam::wallets_factory[0m[2m:[0m Waiting for confirmation for 60F9B5782EF6A245371F58C22DDB790BCBC333245551095DA392D319F88CFE7B
[2m2026-09-22T18:08:51.087278Z[0m [32m INFO[0m [2mnanospam::wallets_factory[0m[2m:[0m Seeding Ӿ14,285,714 to nano_31bczaowcuxsb5z17d68art3ysgxo8bxzic81yebw34w8cryh36xzi7rw9n1 for representative 65A90023F6C0D2181AAA63F005D81BBC0C04650505E21D5123F9AE1F9E992BFF
[2m2026-09-22T18:08:51.088742Z[0m [32m INFO[0m [2mnanospam::wallets_factory[0m[2m:[0m Waiting for confirmation for 148CBE82BCA570C5FD45FB1A0BFDA8968BC4C4D038B02D15DA7F0D91415FEE29
[2m2026-09-22T18:08:51.295259Z[0m [32m INFO[0m [2mnanospam::wallets_factory[0m[2m:[0m Waiting for confirmation for 2AAD8E79E9FCC9DBA1BC0058B6BDC3C147C05B2194B25FE7BA03B28822EF24D8
[2m2026-09-22T18:08:53.144678Z[0m [32m INFO[0m [2mnanospam::wallets_factory[0m[2m:[0m Seeding Ӿ14,285,714 to nano_3qn75hexqortn5ytdjugz5okydt4k63zi1nzup1yigwwjgk3659d6ajzrauj for representative 633D9D614858AB1710D5D8C3180E2A082DC97208BA8C26BA6C6D1A86C8E31CC0
[2m2026-09-22T18:08:53.146091Z[0m [32m INFO[0m [2mnanospam::wallets_factory[0m[2m:[0m Waiting for confirmation for 0E3ECE14C8A9937279C62596428B390A9C14C50327AC84736C27B7CA3E2B0207
[2m2026-09-22T18:08:53.454020Z[0m [32m INFO[0m [2mnanospam::wallets_factory[0m[2m:[0m Waiting for confirmation for B9079A4AFEFF9C4BB352EF53A42ADC0AFAFABAA1C513CAA1EA4B53DB743447FF
[2m2026-09-22T18:08:53.659720Z[0m [32m INFO[0m [2mnanospam::wallets_factory[0m[2m:[0m Seeding Ӿ14,285,714 to nano_1nsc3ocdpmjka7sjjbwst7zxuredbeugwa7kxi5wwcunqdxzmhcpjma9ssri for representative 735FE217D91E88EA82324C5883296385FA0041C2FAC85C827BAA46DA1E14B83F
[2m2026-09-22T18:08:53.660729Z[0m [32m INFO[0m [2mnanospam::wallets_factory[0m[2m:[0m Waiting for confirmation for 3C27FAE212749C63825EA16FFBC85796D05733C06E3579887D5C079D4C47B4C7
[2m2026-09-22T18:08:53.866897Z[0m [32m INFO[0m [2mnanospam::wallets_factory[0m[2m:[0m Waiting for confirmation for B0D23562FFB116E09D7BB262E2E65CB1507330DBFDCCF5D4A4E80D76968442C6
[2m2026-09-22T18:08:54.177402Z[0m [32m INFO[0m [2mnanospam::high_prio_check[0m[2m:[0m Creating high priority accounts...
[2m2026-09-22T18:08:54.202704Z[0m [32m INFO[0m [2mnanospam::high_prio_check[0m[2m:[0m Waiting for confirmations...
[2m2026-09-22T18:08:56.619764Z[0m [32m INFO[0m [2mnanospam::app[0m[2m:[0m Waiting for all PRs to see the full quorum...
[2m2026-09-22T18:09:06.849966Z[0m [32m INFO[0m [2mnanospam::app[0m[2m:[0m Republished the genesis chain to all PRs
[2m2026-09-22T18:09:08.483421Z[0m [32m INFO[0m [2mnanospam::app[0m[2m:[0m All PRs see the full quorum after 11.863916459s
[2m2026-09-22T18:09:08.483475Z[0m [32m INFO[0m [2mnanospam::app[0m[2m:[0m Waiting for all PRs to hold the same cemented ledger...
[2m2026-09-22T18:09:08.484686Z[0m [32m INFO[0m [2mnanospam::app[0m[2m:[0m All PRs hold the same ledger of 65 blocks after 1.202209ms
EPOCH_COMMITTEE derived_by=genesis members=6 accounts=33 n=340282366920938463463374607431768211455 digest=8D786F577D9D20F76EB1791682057FC0127637AA227D27EA9C8F240CDFAB006D shares=["D315857C:20.2%", "A353E45E:16.0%", "735FE217:16.0%", "633D9D61:16.0%", "65A90023:16.0%", "911999B2:16.0%"] t=1790100548484
EPOCH_START epoch=0 elections=0 t=1790100548484
EPOCH_COMMITTEE derived_by=genesis members=6 accounts=33 n=340282366920938463463374607431768211455 digest=8D786F577D9D20F76EB1791682057FC0127637AA227D27EA9C8F240CDFAB006D shares=["D315857C:20.2%", "A353E45E:16.0%", "735FE217:16.0%", "633D9D61:16.0%", "65A90023:16.0%", "911999B2:16.0%"] t=1790100548485
EPOCH_START epoch=0 elections=0 t=1790100548485
EPOCH_COMMITTEE derived_by=genesis members=6 accounts=33 n=340282366920938463463374607431768211455 digest=8D786F577D9D20F76EB1791682057FC0127637AA227D27EA9C8F240CDFAB006D shares=["D315857C:20.2%", "A353E45E:16.0%", "735FE217:16.0%", "633D9D61:16.0%", "65A90023:16.0%", "911999B2:16.0%"] t=1790100548485
EPOCH_START epoch=0 elections=0 t=1790100548485
EPOCH_COMMITTEE derived_by=genesis members=6 accounts=33 n=340282366920938463463374607431768211455 digest=8D786F577D9D20F76EB1791682057FC0127637AA227D27EA9C8F240CDFAB006D shares=["D315857C:20.2%", "A353E45E:16.0%", "735FE217:16.0%", "633D9D61:16.0%", "65A90023:16.0%", "911999B2:16.0%"] t=1790100548485
EPOCH_START epoch=0 elections=0 t=1790100548485
EPOCH_COMMITTEE derived_by=genesis members=6 accounts=33 n=340282366920938463463374607431768211455 digest=8D786F577D9D20F76EB1791682057FC0127637AA227D27EA9C8F240CDFAB006D shares=["D315857C:20.2%", "A353E45E:16.0%", "735FE217:16.0%", "633D9D61:16.0%", "65A90023:16.0%", "911999B2:16.0%"] t=1790100548486
EPOCH_START epoch=0 elections=0 t=1790100548486
[2m2026-09-22T18:09:08.486263Z[0m [32m INFO[0m [2mnanospam::app[0m[2m:[0m Started the epochs on every PR
[2m2026-09-22T18:09:08.486277Z[0m [32m INFO[0m [2mnanospam::app[0m[2m:[0m Connecting to node PR0... [3mpeer_addr[0m[2m=[0m[::1]:17075
[2m2026-09-22T18:09:08.486593Z[0m [32m INFO[0m [2mnanospam::app[0m[2m:[0m Performing handshake...
[2m2026-09-22T18:09:08.487115Z[0m [32m INFO[0m [2mnanospam::app[0m[2m:[0m Performing handshake...
[2m2026-09-22T18:09:08.499122Z[0m [32m INFO[0m [2mnanospam::app[0m[2m:[0m Performing handshake...
[2m2026-09-22T18:09:08.511042Z[0m [32m INFO[0m [2mnanospam::app[0m[2m:[0m Performing handshake...
[2m2026-09-22T18:09:08.522344Z[0m [32m INFO[0m [2mnanospam::app[0m[2m:[0m Connecting to node PR1... [3mpeer_addr[0m[2m=[0m[::1]:17085
[2m2026-09-22T18:09:08.522535Z[0m [32m INFO[0m [2mnanospam::app[0m[2m:[0m Performing handshake...
[2m2026-09-22T18:09:08.523127Z[0m [32m INFO[0m [2mnanospam::app[0m[2m:[0m Performing handshake...
[2m2026-09-22T18:09:08.534242Z[0m [32m INFO[0m [2mnanospam::app[0m[2m:[0m Performing handshake...
[2m2026-09-22T18:09:08.545154Z[0m [32m INFO[0m [2mnanospam::app[0m[2m:[0m Performing handshake...
[2m2026-09-22T18:09:08.555796Z[0m [32m INFO[0m [2mnanospam::app[0m[2m:[0m Connecting to node PR2... [3mpeer_addr[0m[2m=[0m[::1]:17095
[2m2026-09-22T18:09:08.556062Z[0m [32m INFO[0m [2mnanospam::app[0m[2m:[0m Performing handshake...
[2m2026-09-22T18:09:08.556804Z[0m [32m INFO[0m [2mnanospam::app[0m[2m:[0m Performing handshake...
[2m2026-09-22T18:09:08.567954Z[0m [32m INFO[0m [2mnanospam::app[0m[2m:[0m Performing handshake...
[2m2026-09-22T18:09:08.580453Z[0m [32m INFO[0m [2mnanospam::app[0m[2m:[0m Performing handshake...
[2m2026-09-22T18:09:08.591334Z[0m [32m INFO[0m [2mnanospam::app[0m[2m:[0m Connecting to node PR3... [3mpeer_addr[0m[2m=[0m[::1]:17105
[2m2026-09-22T18:09:08.591671Z[0m [32m INFO[0m [2mnanospam::app[0m[2m:[0m Performing handshake...
[2m2026-09-22T18:09:08.592453Z[0m [32m INFO[0m [2mnanospam::app[0m[2m:[0m Performing handshake...
[2m2026-09-22T18:09:08.603828Z[0m [32m INFO[0m [2mnanospam::app[0m[2m:[0m Performing handshake...
[2m2026-09-22T18:09:08.615618Z[0m [32m INFO[0m [2mnanospam::app[0m[2m:[0m Performing handshake...
[2m2026-09-22T18:09:08.627916Z[0m [32m INFO[0m [2mnanospam::app[0m[2m:[0m Connecting to node PR4... [3mpeer_addr[0m[2m=[0m[::1]:17115
[2m2026-09-22T18:09:08.628324Z[0m [32m INFO[0m [2mnanospam::app[0m[2m:[0m Performing handshake...
[2m2026-09-22T18:09:08.629234Z[0m [32m INFO[0m [2mnanospam::app[0m[2m:[0m Performing handshake...
[2m2026-09-22T18:09:08.640602Z[0m [32m INFO[0m [2mnanospam::app[0m[2m:[0m Performing handshake...
[2m2026-09-22T18:09:08.651453Z[0m [32m INFO[0m [2mnanospam::app[0m[2m:[0m Performing handshake...
[2m2026-09-22T18:09:08.662613Z[0m [32m INFO[0m [2mnanospam::app[0m[2m:[0m Connecting to websocket...
[2m2026-09-22T18:09:08.663644Z[0m [32m INFO[0m [2mnanospam::app[0m[2m:[0m Starting with 2000 BPS
[2m2026-09-22T18:09:08.674533Z[0m [32m INFO[0m [2mnanospam::byzantine[0m[2m:[0m 1 Byzantine representative(s) voting at random into 5 node(s)
[2m2026-09-22T18:09:09.664838Z[0m [32m INFO[0m [2mnanospam::app[0m[2m:[0m Confirmed 725 blocks | 2,000 bps | 823 cps | avg conf time: 89 ms
[2m2026-09-22T18:09:10.665545Z[0m [32m INFO[0m [2mnanospam::app[0m[2m:[0m Confirmed 4,269 blocks | 2,000 bps | 3,541 cps | avg conf time: 124 ms
[2m2026-09-22T18:09:11.666763Z[0m [32m INFO[0m [2mnanospam::app[0m[2m:[0m Confirmed 6,171 blocks | 2,000 bps | 1,899 cps | avg conf time: 107 ms
[2m2026-09-22T18:09:12.667543Z[0m [32m INFO[0m [2mnanospam::app[0m[2m:[0m Confirmed 8,018 blocks | 2,000 bps | 1,845 cps | avg conf time: 106 ms
[2m2026-09-22T18:09:13.668593Z[0m [32m INFO[0m [2mnanospam::app[0m[2m:[0m Confirmed 9,914 blocks | 2,000 bps | 1,893 cps | avg conf time: 105 ms
[2m2026-09-22T18:09:14.669539Z[0m [32m INFO[0m [2mnanospam::app[0m[2m:[0m Confirmed 11,773 blocks | 2,000 bps | 1,857 cps | avg conf time: 108 ms
[2m2026-09-22T18:09:15.670512Z[0m [32m INFO[0m [2mnanospam::app[0m[2m:[0m Confirmed 13,622 blocks | 2,000 bps | 1,847 cps | avg conf time: 106 ms
EPOCH_ENDED epoch=0 elections=956 active=204 t=1790100556485
EPOCH_ENDED epoch=0 elections=973 active=221 t=1790100556490
EPOCH_ENDED epoch=0 elections=973 active=221 t=1790100556491
EPOCH_ENDED epoch=0 elections=972 active=220 t=1790100556491
EPOCH_ENDED epoch=0 elections=973 active=221 t=1790100556491
EPOCH_DRAIN_WAIT epoch=0 unterminated=134 previous_closed=true first=["26F9A275728E80F71C0F0FE4BA95810D1DACCB065EE81663F9F6EF7A295E395A:active:1:3", "559658AC507984027CD31789081C568354EA59782C412D873BAAD16B6BDBB8B1:active:1:3", "5F7227CD06C594B5385322F2256388133476B57259FBEA269C3F7B1C2F1B3059:active:1:2"] t=1790100556502
EPOCH_DRAIN_WAIT epoch=0 unterminated=57 previous_closed=true first=["26F9A275728E80F71C0F0FE4BA95810D1DACCB065EE81663F9F6EF7A295E395A:active:2:6", "5F7227CD06C594B5385322F2256388133476B57259FBEA269C3F7B1C2F1B3059:active:2:5", "CBA1EA1FE458F151E49D53515A07924AFFA9D9403F06DF5F58D169F745254253:active:1:2"] t=1790100556555
EPOCH_DRAIN_WAIT epoch=0 unterminated=4 previous_closed=true first=["5C1F4679F563C9F511E6ABEA16D5324C46D6E70E77EF27F2474E9BB23A0536AD:active:1:5", "A16CF2A9EC261CE0F09CB1BBE83EEE83598FC52D3E9C73617EE8FCC142D62E61:active:1:3", "DBDDCF58DDBC1578E1D197C93F5A7A56E4F4884945E4A1A75DFD667374DDADA2:active:1:3"] t=1790100556639
[2m2026-09-22T18:09:16.671789Z[0m [32m INFO[0m [2mnanospam::app[0m[2m:[0m Confirmed 15,331 blocks | 2,000 bps | 1,706 cps | avg conf time: 109 ms
EPOCH_DRAIN_WAIT epoch=0 unterminated=3 previous_closed=true first=["D9F84E309EE88F8D6ECD2D8631AF50A83BE644D28811FF8BACC276CD4E3C4E1E:active:1:1", "E0108555D6048FE8CC3767075F1A9EFABFFCFAA5E11E83C801CA9F939AD3F09F:active:1:1", "0D62D61AFD5AAC6754E34A819E339B0261275F2C04299510164FE0B9BE2B6970:active:1:1"] t=1790100556733
EPOCH_DRAIN_WAIT epoch=0 unterminated=8 previous_closed=true first=["CCF8D9A10538E8527D31F944AA858085ABEF8FFF9E8650D88AE00D9B65007EFD:active:1:1", "D9F84E309EE88F8D6ECD2D8631AF50A83BE644D28811FF8BACC276CD4E3C4E1E:active:1:2", "87F8F952F06FE894CE5C99E2A59BA7C2466E7E71D96C90A0575AE6C53650704E:active:1:1"] t=1790100556766
EPOCH_CLOSE_READY epoch=0 value=4178CAEBA3963D2BD784787EDAADF3512BC079074495934DEC39EB60B3F89B7E t=1790100557392
EPOCH_CLOSE_ROUND epoch=0 round=0 leader=633D9D614858AB1710D5D8C3180E2A082DC97208BA8C26BA6C6D1A86C8E31CC0 leads=false t=1790100557392
EPOCH_ADVANCED epoch=1 elections=798 active=0 t=1790100557392
EPOCH_REPORT epoch=0 certified=16180 residual=768 root=AA5CFDE255103BA66C5E2396BEFD3674929CE59E4CA623ECE34997B0DF3C650B reports=1 t=1790100557414
EPOCH_RECONCILED epoch=0 reporter=A353E45E6D0016CAEED0DFA4EC5B0640E2AA22A793F9F2375E77F1AB92977C04 complete=true entries=0 total=16180 t=1790100557428
EPOCH_CLOSE_READY epoch=0 value=4178CAEBA3963D2BD784787EDAADF3512BC079074495934DEC39EB60B3F89B7E t=1790100557459
EPOCH_CLOSE_ROUND epoch=0 round=0 leader=633D9D614858AB1710D5D8C3180E2A082DC97208BA8C26BA6C6D1A86C8E31CC0 leads=true t=1790100557459
EPOCH_ADVANCED epoch=1 elections=802 active=0 t=1790100557459
EPOCH_REPORT epoch=0 certified=16180 residual=759 root=AA5CFDE255103BA66C5E2396BEFD3674929CE59E4CA623ECE34997B0DF3C650B reports=1 t=1790100557479
EPOCH_RECONCILED epoch=0 reporter=633D9D614858AB1710D5D8C3180E2A082DC97208BA8C26BA6C6D1A86C8E31CC0 complete=true entries=0 total=16180 t=1790100557493
EPOCH_RECONCILED epoch=0 reporter=A353E45E6D0016CAEED0DFA4EC5B0640E2AA22A793F9F2375E77F1AB92977C04 complete=true entries=0 total=16180 t=1790100557493
[2m2026-09-22T18:09:17.672777Z[0m [32m INFO[0m [2mnanospam::app[0m[2m:[0m Confirmed 15,346 blocks | 2,000 bps | 14 cps | avg conf time: 217 ms
EPOCH_DRAIN_WAIT epoch=0 unterminated=7 previous_closed=true first=["BF86366808696CD8E44514C69689914C4C4073A681AD1B92DCC0A06C017CB315:active:1:2", "06E12939C523C77B734FFFF1789998FE632302492F23D425D9F3102D78074B09:active:1:2", "1110CCB886F1BDEA330A747928E721911063B00BFC698FB86251A62330BD3905:active:2:3"] t=1790100557711
EPOCH_RECONCILED epoch=0 reporter=633D9D614858AB1710D5D8C3180E2A082DC97208BA8C26BA6C6D1A86C8E31CC0 complete=true entries=0 total=16180 t=1790100557787
EPOCH_CLOSE_READY epoch=0 value=4178CAEBA3963D2BD784787EDAADF3512BC079074495934DEC39EB60B3F89B7E t=1790100557870
EPOCH_CLOSE_ROUND epoch=0 round=0 leader=633D9D614858AB1710D5D8C3180E2A082DC97208BA8C26BA6C6D1A86C8E31CC0 leads=false t=1790100557870
EPOCH_ADVANCED epoch=1 elections=823 active=0 t=1790100557870
EPOCH_REPORT epoch=0 certified=16180 residual=760 root=AA5CFDE255103BA66C5E2396BEFD3674929CE59E4CA623ECE34997B0DF3C650B reports=1 t=1790100557894
EPOCH_RECONCILED epoch=0 reporter=633D9D614858AB1710D5D8C3180E2A082DC97208BA8C26BA6C6D1A86C8E31CC0 complete=true entries=0 total=16180 t=1790100557918
EPOCH_RECONCILED epoch=0 reporter=A353E45E6D0016CAEED0DFA4EC5B0640E2AA22A793F9F2375E77F1AB92977C04 complete=true entries=0 total=16180 t=1790100557919
EPOCH_CLOSE_READY epoch=0 value=4178CAEBA3963D2BD784787EDAADF3512BC079074495934DEC39EB60B3F89B7E t=1790100557936
EPOCH_CLOSE_ROUND epoch=0 round=0 leader=633D9D614858AB1710D5D8C3180E2A082DC97208BA8C26BA6C6D1A86C8E31CC0 leads=false t=1790100557936
EPOCH_ADVANCED epoch=1 elections=823 active=0 t=1790100557936
EPOCH_RECONCILED epoch=0 reporter=911999B2AEFA7ACC66EBD802B3301FF6CE431405107749D940277955CB7FDD07 complete=true entries=0 total=16180 t=1790100557969
EPOCH_REPORT epoch=0 certified=16180 residual=759 root=AA5CFDE255103BA66C5E2396BEFD3674929CE59E4CA623ECE34997B0DF3C650B reports=1 t=1790100557989
EPOCH_RECONCILED epoch=0 reporter=911999B2AEFA7ACC66EBD802B3301FF6CE431405107749D940277955CB7FDD07 complete=true entries=0 total=16180 t=1790100558089
EPOCH_RECONCILED epoch=0 reporter=D315857CE70C54DE713F6E82E5613BB3A1266C15E28AD2F4338C7BBEC456F532 complete=true entries=0 total=16180 t=1790100558089
EPOCH_RECONCILED epoch=0 reporter=D315857CE70C54DE713F6E82E5613BB3A1266C15E28AD2F4338C7BBEC456F532 complete=true entries=0 total=16180 t=1790100558098
EPOCH_RECONCILED epoch=0 reporter=A353E45E6D0016CAEED0DFA4EC5B0640E2AA22A793F9F2375E77F1AB92977C04 complete=true entries=0 total=16180 t=1790100558099
EPOCH_RECONCILED epoch=0 reporter=911999B2AEFA7ACC66EBD802B3301FF6CE431405107749D940277955CB7FDD07 complete=true entries=0 total=16180 t=1790100558099
EPOCH_RECONCILED epoch=0 reporter=633D9D614858AB1710D5D8C3180E2A082DC97208BA8C26BA6C6D1A86C8E31CC0 complete=true entries=0 total=16180 t=1790100558103
EPOCH_RECONCILED epoch=0 reporter=D315857CE70C54DE713F6E82E5613BB3A1266C15E28AD2F4338C7BBEC456F532 complete=true entries=0 total=16180 t=1790100558245
EPOCH_RECONCILED epoch=0 reporter=911999B2AEFA7ACC66EBD802B3301FF6CE431405107749D940277955CB7FDD07 complete=true entries=0 total=16180 t=1790100558246
EPOCH_RECONCILED epoch=0 reporter=D315857CE70C54DE713F6E82E5613BB3A1266C15E28AD2F4338C7BBEC456F532 complete=true entries=0 total=16180 t=1790100558336
EPOCH_ADVANCED epoch=1 elections=837 active=11 t=1790100558621
EPOCH_REPORT epoch=0 certified=16180 residual=762 root=AA5CFDE255103BA66C5E2396BEFD3674929CE59E4CA623ECE34997B0DF3C650B reports=1 t=1790100558640
EPOCH_RECONCILED epoch=0 reporter=911999B2AEFA7ACC66EBD802B3301FF6CE431405107749D940277955CB7FDD07 complete=true entries=0 total=16180 t=1790100558654
EPOCH_RECONCILED epoch=0 reporter=633D9D614858AB1710D5D8C3180E2A082DC97208BA8C26BA6C6D1A86C8E31CC0 complete=true entries=0 total=16180 t=1790100558655
EPOCH_RECONCILED epoch=0 reporter=D315857CE70C54DE713F6E82E5613BB3A1266C15E28AD2F4338C7BBEC456F532 complete=true entries=0 total=16180 t=1790100558655
EPOCH_RECONCILED epoch=0 reporter=65A90023F6C0D2181AAA63F005D81BBC0C04650505E21D5123F9AE1F9E992BFF complete=true entries=0 total=16180 t=1790100558655
EPOCH_RECONCILED epoch=0 reporter=A353E45E6D0016CAEED0DFA4EC5B0640E2AA22A793F9F2375E77F1AB92977C04 complete=true entries=0 total=16180 t=1790100558656
[2m2026-09-22T18:09:18.674210Z[0m [32m INFO[0m [2mnanospam::app[0m[2m:[0m Confirmed 18,825 blocks | 2,000 bps | 3,473 cps | avg conf time: 910 ms
EPOCH_RECONCILED epoch=0 reporter=65A90023F6C0D2181AAA63F005D81BBC0C04650505E21D5123F9AE1F9E992BFF complete=true entries=0 total=16180 t=1790100558687
EPOCH_RECONCILED epoch=0 reporter=65A90023F6C0D2181AAA63F005D81BBC0C04650505E21D5123F9AE1F9E992BFF complete=true entries=0 total=16180 t=1790100558737
EPOCH_RECONCILED epoch=0 reporter=65A90023F6C0D2181AAA63F005D81BBC0C04650505E21D5123F9AE1F9E992BFF complete=true entries=0 total=16180 t=1790100558807
EPOCH_CLOSE_ROUND epoch=0 round=1 leader=65A90023F6C0D2181AAA63F005D81BBC0C04650505E21D5123F9AE1F9E992BFF leads=false t=1790100558861
EPOCH_RECONCILED epoch=0 reporter=65A90023F6C0D2181AAA63F005D81BBC0C04650505E21D5123F9AE1F9E992BFF complete=true entries=0 total=16180 t=1790100558878
EPOCH_CLOSE_ROUND epoch=0 round=1 leader=65A90023F6C0D2181AAA63F005D81BBC0C04650505E21D5123F9AE1F9E992BFF leads=false t=1790100558976
EPOCH_CLOSED epoch=0 round=0 value=4178CAEBA3963D2BD784787EDAADF3512BC079074495934DEC39EB60B3F89B7E own=true t=1790100558982
EPOCH_CLOSED epoch=0 round=0 value=4178CAEBA3963D2BD784787EDAADF3512BC079074495934DEC39EB60B3F89B7E own=false t=1790100558982
EPOCH_CLOSED epoch=0 round=0 value=4178CAEBA3963D2BD784787EDAADF3512BC079074495934DEC39EB60B3F89B7E own=true t=1790100558983
EPOCH_CLOSED epoch=0 round=0 value=4178CAEBA3963D2BD784787EDAADF3512BC079074495934DEC39EB60B3F89B7E own=true t=1790100558984
EPOCH_CLOSED epoch=0 round=0 value=4178CAEBA3963D2BD784787EDAADF3512BC079074495934DEC39EB60B3F89B7E own=true t=1790100558987
EPOCH_COMMITTEE derived_by=0 members=6 accounts=7237 n=320200597953556508005337290774937989367 digest=C0B53F0681CB075C756B7BDB3E0ACFD842CC9A2B76E85BB05CE715E01E9456CB shares=["65A90023:17.5%", "A353E45E:17.3%", "911999B2:17.2%", "735FE217:16.1%", "633D9D61:16.1%", "D315857C:15.8%"] t=1790100558987
EPOCH_AGREED epoch=0 value=4178CAEBA3963D2BD784787EDAADF3512BC079074495934DEC39EB60B3F89B7E t=1790100558987
EPOCH_COMMITTEE derived_by=0 members=6 accounts=7237 n=320200597953556508005337290774937989367 digest=C0B53F0681CB075C756B7BDB3E0ACFD842CC9A2B76E85BB05CE715E01E9456CB shares=["65A90023:17.5%", "A353E45E:17.3%", "911999B2:17.2%", "735FE217:16.1%", "633D9D61:16.1%", "D315857C:15.8%"] t=1790100558989
EPOCH_AGREED epoch=0 value=4178CAEBA3963D2BD784787EDAADF3512BC079074495934DEC39EB60B3F89B7E t=1790100558989
EPOCH_COMMITTEE derived_by=0 members=6 accounts=7237 n=320200597953556508005337290774937989367 digest=C0B53F0681CB075C756B7BDB3E0ACFD842CC9A2B76E85BB05CE715E01E9456CB shares=["65A90023:17.5%", "A353E45E:17.3%", "911999B2:17.2%", "735FE217:16.1%", "633D9D61:16.1%", "D315857C:15.8%"] t=1790100558991
EPOCH_AGREED epoch=0 value=4178CAEBA3963D2BD784787EDAADF3512BC079074495934DEC39EB60B3F89B7E t=1790100558991
EPOCH_COMMITTEE derived_by=0 members=6 accounts=7237 n=320200597953556508005337290774937989367 digest=C0B53F0681CB075C756B7BDB3E0ACFD842CC9A2B76E85BB05CE715E01E9456CB shares=["65A90023:17.5%", "A353E45E:17.3%", "911999B2:17.2%", "735FE217:16.1%", "633D9D61:16.1%", "D315857C:15.8%"] t=1790100558994
EPOCH_AGREED epoch=0 value=4178CAEBA3963D2BD784787EDAADF3512BC079074495934DEC39EB60B3F89B7E t=1790100558994
EPOCH_COMMITTEE derived_by=0 members=6 accounts=7237 n=320200597953556508005337290774937989367 digest=C0B53F0681CB075C756B7BDB3E0ACFD842CC9A2B76E85BB05CE715E01E9456CB shares=["65A90023:17.5%", "A353E45E:17.3%", "911999B2:17.2%", "735FE217:16.1%", "633D9D61:16.1%", "D315857C:15.8%"] t=1790100558999
EPOCH_AGREED epoch=0 value=4178CAEBA3963D2BD784787EDAADF3512BC079074495934DEC39EB60B3F89B7E t=1790100558999
[2m2026-09-22T18:09:19.674536Z[0m [32m INFO[0m [2mnanospam::app[0m[2m:[0m Confirmed 20,945 blocks | 2,000 bps | 2,119 cps | avg conf time: 148 ms
[2m2026-09-22T18:09:20.675257Z[0m [32m INFO[0m [2mnanospam::app[0m[2m:[0m Confirmed 22,729 blocks | 2,000 bps | 1,782 cps | avg conf time: 106 ms
[2m2026-09-22T18:09:21.676397Z[0m [32m INFO[0m [2mnanospam::app[0m[2m:[0m Confirmed 24,589 blocks | 2,000 bps | 1,857 cps | avg conf time: 103 ms
[2m2026-09-22T18:09:22.677212Z[0m [32m INFO[0m [2mnanospam::app[0m[2m:[0m Confirmed 26,437 blocks | 2,000 bps | 1,846 cps | avg conf time: 103 ms
[2m2026-09-22T18:09:23.678185Z[0m [32m INFO[0m [2mnanospam::app[0m[2m:[0m Confirmed 28,265 blocks | 2,000 bps | 1,826 cps | avg conf time: 113 ms
EPOCH_ENDED epoch=1 elections=1812 active=123 t=1790100564484
EPOCH_ENDED epoch=1 elections=1814 active=91 t=1790100564485
EPOCH_ENDED epoch=1 elections=1813 active=91 t=1790100564486
EPOCH_ENDED epoch=1 elections=1813 active=90 t=1790100564486
EPOCH_ENDED epoch=1 elections=1814 active=91 t=1790100564487
EPOCH_DRAIN_WAIT epoch=1 unterminated=91 previous_closed=true first=["C5967C020BBD4D77167C409CE3B4EC7C8C21A27498F94278CC742DC50174E347:active:1:1", "CC9A1C7B7BD4DE8ED1E9B8B8C1E280426E8782D2990DF02B20F8426DB27C68CB:active:1:3", "4AD1E17F7BDE70665EC8729D1A1D9EC08C86C5234891AE07C8B0F441929C11FA:active:1:1"] t=1790100564498
EPOCH_DRAIN_WAIT epoch=1 unterminated=5 previous_closed=true first=["6AD22948EBF76F9B94F6A9C740B6D3FF0673154F53F1229DDF4A4EDCD5FBB704:active:2:5", "89E02A968FB7233E6414C2196F1D73359B2D693B72BE0762932F8C2A36E98F37:active:2:5", "99E93DE115E707D2139BCAF9F9D790E4AD05A9873CC786F1A3F6169779213AFA:active:2:5"] t=1790100564620
[2m2026-09-22T18:09:24.679216Z[0m [32m INFO[0m [2mnanospam::app[0m[2m:[0m Confirmed 29,957 blocks | 2,000 bps | 1,690 cps | avg conf time: 105 ms
EPOCH_DRAIN_WAIT epoch=1 unterminated=9 previous_closed=true first=["6AD22948EBF76F9B94F6A9C740B6D3FF0673154F53F1229DDF4A4EDCD5FBB704:active:1:2", "1D8B3591FB280ACEEA2AC1F9D47D0E0A63C26E57E9FBB8EB867F7D7BDFBD26DC:active:1:1", "2BDE1024EB2EA6F327C2E3CD0BD106EDB06A551F597469A4C3B007431FB00EFF:active:1:1"] t=1790100564727
EPOCH_DRAIN_WAIT epoch=1 unterminated=9 previous_closed=true first=["6AD22948EBF76F9B94F6A9C740B6D3FF0673154F53F1229DDF4A4EDCD5FBB704:active:1:2", "1D8B3591FB280ACEEA2AC1F9D47D0E0A63C26E57E9FBB8EB867F7D7BDFBD26DC:active:1:1", "2BDE1024EB2EA6F327C2E3CD0BD106EDB06A551F597469A4C3B007431FB00EFF:active:1:1"] t=1790100564733
EPOCH_DRAIN_WAIT epoch=1 unterminated=9 previous_closed=true first=["6AD22948EBF76F9B94F6A9C740B6D3FF0673154F53F1229DDF4A4EDCD5FBB704:active:2:5", "1D8B3591FB280ACEEA2AC1F9D47D0E0A63C26E57E9FBB8EB867F7D7BDFBD26DC:active:1:2", "2BDE1024EB2EA6F327C2E3CD0BD106EDB06A551F597469A4C3B007431FB00EFF:active:2:2"] t=1790100564768
EPOCH_CLOSE_READY epoch=1 value=5D8C3719512D61A4118B4D25C75E871F79543C7D3CB10171081ADEDC00922597 t=1790100565443
EPOCH_CLOSE_ROUND epoch=1 round=0 leader=65A90023F6C0D2181AAA63F005D81BBC0C04650505E21D5123F9AE1F9E992BFF leads=false t=1790100565443
EPOCH_ADVANCED epoch=2 elections=1655 active=0 t=1790100565444
EPOCH_REPORT epoch=1 certified=15429 residual=719 root=1FD16D4CA068A85067B910B9C1453D993FA4778D4A67CCE5685013304E40BB99 reports=1 t=1790100565467
EPOCH_RECONCILED epoch=1 reporter=911999B2AEFA7ACC66EBD802B3301FF6CE431405107749D940277955CB7FDD07 complete=true entries=0 total=15429 t=1790100565496
EPOCH_CLOSE_READY epoch=1 value=5D8C3719512D61A4118B4D25C75E871F79543C7D3CB10171081ADEDC00922597 t=1790100565567
EPOCH_CLOSE_ROUND epoch=1 round=0 leader=65A90023F6C0D2181AAA63F005D81BBC0C04650505E21D5123F9AE1F9E992BFF leads=true t=1790100565567
EPOCH_ADVANCED epoch=2 elections=1656 active=0 t=1790100565567
EPOCH_CLOSE_READY epoch=1 value=5D8C3719512D61A4118B4D25C75E871F79543C7D3CB10171081ADEDC00922597 t=1790100565574
EPOCH_CLOSE_ROUND epoch=1 round=0 leader=65A90023F6C0D2181AAA63F005D81BBC0C04650505E21D5123F9AE1F9E992BFF leads=false t=1790100565574
EPOCH_ADVANCED epoch=2 elections=1657 active=0 t=1790100565575
EPOCH_REPORT epoch=1 certified=15429 residual=722 root=1FD16D4CA068A85067B910B9C1453D993FA4778D4A67CCE5685013304E40BB99 reports=1 t=1790100565594
EPOCH_REPORT epoch=1 certified=15429 residual=749 root=1FD16D4CA068A85067B910B9C1453D993FA4778D4A67CCE5685013304E40BB99 reports=1 t=1790100565638
[2m2026-09-22T18:09:25.680230Z[0m [32m INFO[0m [2mnanospam::app[0m[2m:[0m Confirmed 29,957 blocks | 2,000 bps | 0 cps | avg conf time: 0 ms
EPOCH_RECONCILED epoch=1 reporter=A353E45E6D0016CAEED0DFA4EC5B0640E2AA22A793F9F2375E77F1AB92977C04 complete=true entries=0 total=15429 t=1790100565740
EPOCH_RECONCILED epoch=1 reporter=65A90023F6C0D2181AAA63F005D81BBC0C04650505E21D5123F9AE1F9E992BFF complete=true entries=0 total=15429 t=1790100565741
EPOCH_RECONCILED epoch=1 reporter=911999B2AEFA7ACC66EBD802B3301FF6CE431405107749D940277955CB7FDD07 complete=true entries=0 total=15429 t=1790100565741
EPOCH_RECONCILED epoch=1 reporter=911999B2AEFA7ACC66EBD802B3301FF6CE431405107749D940277955CB7FDD07 complete=true entries=0 total=15429 t=1790100565746
EPOCH_RECONCILED epoch=1 reporter=65A90023F6C0D2181AAA63F005D81BBC0C04650505E21D5123F9AE1F9E992BFF complete=true entries=0 total=15429 t=1790100565747
EPOCH_RECONCILED epoch=1 reporter=A353E45E6D0016CAEED0DFA4EC5B0640E2AA22A793F9F2375E77F1AB92977C04 complete=true entries=0 total=15429 t=1790100565747
EPOCH_RECONCILED epoch=1 reporter=65A90023F6C0D2181AAA63F005D81BBC0C04650505E21D5123F9AE1F9E992BFF complete=true entries=0 total=15429 t=1790100565875
EPOCH_RECONCILED epoch=1 reporter=A353E45E6D0016CAEED0DFA4EC5B0640E2AA22A793F9F2375E77F1AB92977C04 complete=true entries=0 total=15429 t=1790100565875
EPOCH_ADVANCED epoch=2 elections=1671 active=4 t=1790100565935
EPOCH_ADVANCED epoch=2 elections=1671 active=4 t=1790100565953
EPOCH_REPORT epoch=1 certified=15429 residual=719 root=1FD16D4CA068A85067B910B9C1453D993FA4778D4A67CCE5685013304E40BB99 reports=1 t=1790100565956
EPOCH_RECONCILED epoch=1 reporter=911999B2AEFA7ACC66EBD802B3301FF6CE431405107749D940277955CB7FDD07 complete=true entries=0 total=15429 t=1790100565981
EPOCH_RECONCILED epoch=1 reporter=65A90023F6C0D2181AAA63F005D81BBC0C04650505E21D5123F9AE1F9E992BFF complete=true entries=0 total=15429 t=1790100565982
EPOCH_RECONCILED epoch=1 reporter=633D9D614858AB1710D5D8C3180E2A082DC97208BA8C26BA6C6D1A86C8E31CC0 complete=true entries=0 total=15429 t=1790100565982
EPOCH_RECONCILED epoch=1 reporter=A353E45E6D0016CAEED0DFA4EC5B0640E2AA22A793F9F2375E77F1AB92977C04 complete=true entries=0 total=15429 t=1790100565983
EPOCH_REPORT epoch=1 certified=15429 residual=717 root=1FD16D4CA068A85067B910B9C1453D993FA4778D4A67CCE5685013304E40BB99 reports=1 t=1790100566002
EPOCH_RECONCILED epoch=1 reporter=65A90023F6C0D2181AAA63F005D81BBC0C04650505E21D5123F9AE1F9E992BFF complete=true entries=0 total=15429 t=1790100566021
EPOCH_RECONCILED epoch=1 reporter=911999B2AEFA7ACC66EBD802B3301FF6CE431405107749D940277955CB7FDD07 complete=true entries=0 total=15429 t=1790100566022
EPOCH_RECONCILED epoch=1 reporter=A353E45E6D0016CAEED0DFA4EC5B0640E2AA22A793F9F2375E77F1AB92977C04 complete=true entries=0 total=15429 t=1790100566022
EPOCH_RECONCILED epoch=1 reporter=633D9D614858AB1710D5D8C3180E2A082DC97208BA8C26BA6C6D1A86C8E31CC0 complete=true entries=0 total=15429 t=1790100566022
EPOCH_RECONCILED epoch=1 reporter=D315857CE70C54DE713F6E82E5613BB3A1266C15E28AD2F4338C7BBEC456F532 complete=true entries=0 total=15429 t=1790100566080
EPOCH_RECONCILED epoch=1 reporter=633D9D614858AB1710D5D8C3180E2A082DC97208BA8C26BA6C6D1A86C8E31CC0 complete=true entries=0 total=15429 t=1790100566202
EPOCH_RECONCILED epoch=1 reporter=D315857CE70C54DE713F6E82E5613BB3A1266C15E28AD2F4338C7BBEC456F532 complete=true entries=0 total=15429 t=1790100566203
EPOCH_RECONCILED epoch=1 reporter=633D9D614858AB1710D5D8C3180E2A082DC97208BA8C26BA6C6D1A86C8E31CC0 complete=true entries=0 total=15429 t=1790100566211
EPOCH_RECONCILED epoch=1 reporter=D315857CE70C54DE713F6E82E5613BB3A1266C15E28AD2F4338C7BBEC456F532 complete=true entries=0 total=15429 t=1790100566211
EPOCH_RECONCILED epoch=1 reporter=D315857CE70C54DE713F6E82E5613BB3A1266C15E28AD2F4338C7BBEC456F532 complete=true entries=0 total=15429 t=1790100566265
EPOCH_RECONCILED epoch=1 reporter=D315857CE70C54DE713F6E82E5613BB3A1266C15E28AD2F4338C7BBEC456F532 complete=true entries=0 total=15429 t=1790100566362
EPOCH_RECONCILED epoch=1 reporter=633D9D614858AB1710D5D8C3180E2A082DC97208BA8C26BA6C6D1A86C8E31CC0 complete=true entries=0 total=15429 t=1790100566362
[2m2026-09-22T18:09:26.683425Z[0m [32m INFO[0m [2mnanospam::app[0m[2m:[0m Confirmed 30,127 blocks | 2,000 bps | 169 cps | avg conf time: 1547 ms
[2m2026-09-22T18:09:27.684166Z[0m [32m INFO[0m [2mnanospam::app[0m[2m:[0m Confirmed 35,499 blocks | 2,000 bps | 5,367 cps | avg conf time: 890 ms
EPOCH_CLOSE_READY epoch=1 value=5D8C3719512D61A4118B4D25C75E871F79543C7D3CB10171081ADEDC00922597 t=1790100568442
EPOCH_CLOSE_ROUND epoch=1 round=0 leader=65A90023F6C0D2181AAA63F005D81BBC0C04650505E21D5123F9AE1F9E992BFF leads=false t=1790100568442
EPOCH_CLOSE_READY epoch=1 value=5D8C3719512D61A4118B4D25C75E871F79543C7D3CB10171081ADEDC00922597 t=1790100568448
EPOCH_CLOSE_ROUND epoch=1 round=0 leader=65A90023F6C0D2181AAA63F005D81BBC0C04650505E21D5123F9AE1F9E992BFF leads=false t=1790100568449
EPOCH_CLOSED epoch=1 round=0 value=5D8C3719512D61A4118B4D25C75E871F79543C7D3CB10171081ADEDC00922597 own=true t=1790100568629
EPOCH_CLOSED epoch=1 round=0 value=5D8C3719512D61A4118B4D25C75E871F79543C7D3CB10171081ADEDC00922597 own=true t=1790100568629
EPOCH_CLOSED epoch=1 round=0 value=5D8C3719512D61A4118B4D25C75E871F79543C7D3CB10171081ADEDC00922597 own=true t=1790100568629
EPOCH_CLOSED epoch=1 round=0 value=5D8C3719512D61A4118B4D25C75E871F79543C7D3CB10171081ADEDC00922597 own=true t=1790100568629
EPOCH_CLOSED epoch=1 round=0 value=5D8C3719512D61A4118B4D25C75E871F79543C7D3CB10171081ADEDC00922597 own=true t=1790100568629
EPOCH_COMMITTEE derived_by=1 members=6 accounts=12130 n=308910945870147045811937148880461941759 digest=5CE637B4B4346C9954CE95A4F8644631B1081ABE8ECED92603B2757B37AC279E shares=["A353E45E:17.6%", "65A90023:17.0%", "911999B2:16.7%", "735FE217:16.5%", "D315857C:16.3%", "633D9D61:15.9%"] t=1790100568635
EPOCH_AGREED epoch=1 value=5D8C3719512D61A4118B4D25C75E871F79543C7D3CB10171081ADEDC00922597 t=1790100568635
EPOCH_COMMITTEE derived_by=1 members=6 accounts=12130 n=308910945870147045811937148880461941759 digest=5CE637B4B4346C9954CE95A4F8644631B1081ABE8ECED92603B2757B37AC279E shares=["A353E45E:17.6%", "65A90023:17.0%", "911999B2:16.7%", "735FE217:16.5%", "D315857C:16.3%", "633D9D61:15.9%"] t=1790100568636
EPOCH_AGREED epoch=1 value=5D8C3719512D61A4118B4D25C75E871F79543C7D3CB10171081ADEDC00922597 t=1790100568636
EPOCH_COMMITTEE derived_by=1 members=6 accounts=12130 n=308910945870147045811937148880461941759 digest=5CE637B4B4346C9954CE95A4F8644631B1081ABE8ECED92603B2757B37AC279E shares=["A353E45E:17.6%", "65A90023:17.0%", "911999B2:16.7%", "735FE217:16.5%", "D315857C:16.3%", "633D9D61:15.9%"] t=1790100568636
EPOCH_AGREED epoch=1 value=5D8C3719512D61A4118B4D25C75E871F79543C7D3CB10171081ADEDC00922597 t=1790100568636
EPOCH_COMMITTEE derived_by=1 members=6 accounts=12130 n=308910945870147045811937148880461941759 digest=5CE637B4B4346C9954CE95A4F8644631B1081ABE8ECED92603B2757B37AC279E shares=["A353E45E:17.6%", "65A90023:17.0%", "911999B2:16.7%", "735FE217:16.5%", "D315857C:16.3%", "633D9D61:15.9%"] t=1790100568637
EPOCH_AGREED epoch=1 value=5D8C3719512D61A4118B4D25C75E871F79543C7D3CB10171081ADEDC00922597 t=1790100568637
EPOCH_COMMITTEE derived_by=1 members=6 accounts=12130 n=308910945870147045811937148880461941759 digest=5CE637B4B4346C9954CE95A4F8644631B1081ABE8ECED92603B2757B37AC279E shares=["A353E45E:17.6%", "65A90023:17.0%", "911999B2:16.7%", "735FE217:16.5%", "D315857C:16.3%", "633D9D61:15.9%"] t=1790100568638
EPOCH_AGREED epoch=1 value=5D8C3719512D61A4118B4D25C75E871F79543C7D3CB10171081ADEDC00922597 t=1790100568638
[2m2026-09-22T18:09:28.685057Z[0m [32m INFO[0m [2mnanospam::app[0m[2m:[0m Confirmed 37,305 blocks | 2,000 bps | 1,804 cps | avg conf time: 116 ms
[2m2026-09-22T18:09:29.686148Z[0m [32m INFO[0m [2mnanospam::app[0m[2m:[0m Confirmed 39,150 blocks | 2,000 bps | 1,842 cps | avg conf time: 115 ms
[2m2026-09-22T18:09:30.687343Z[0m [32m INFO[0m [2mnanospam::app[0m[2m:[0m Confirmed 41,018 blocks | 2,000 bps | 1,866 cps | avg conf time: 117 ms
[2m2026-09-22T18:09:31.689517Z[0m [32m INFO[0m [2mnanospam::app[0m[2m:[0m Confirmed 42,748 blocks | 2,000 bps | 1,725 cps | avg conf time: 108 ms
EPOCH_ENDED epoch=2 elections=2485 active=0 t=1790100572499
EPOCH_ENDED epoch=2 elections=2485 active=0 t=1790100572499
EPOCH_ENDED epoch=2 elections=2484 active=0 t=1790100572499
EPOCH_ENDED epoch=2 elections=2485 active=0 t=1790100572499
EPOCH_ENDED epoch=2 elections=2485 active=0 t=1790100572499
EPOCH_CLOSE_READY epoch=2 value=288199C567173B9A7B9B7EF2872EC86A48CC392E900AA6656A9BF1BBA708A8F9 t=1790100572654
EPOCH_CLOSE_ROUND epoch=2 round=0 leader=735FE217D91E88EA82324C5883296385FA0041C2FAC85C827BAA46DA1E14B83F leads=false t=1790100572654
EPOCH_ADVANCED epoch=3 elections=2485 active=0 t=1790100572655
EPOCH_CLOSE_READY epoch=2 value=288199C567173B9A7B9B7EF2872EC86A48CC392E900AA6656A9BF1BBA708A8F9 t=1790100572663
EPOCH_CLOSE_ROUND epoch=2 round=0 leader=735FE217D91E88EA82324C5883296385FA0041C2FAC85C827BAA46DA1E14B83F leads=false t=1790100572663
EPOCH_ADVANCED epoch=3 elections=2484 active=0 t=1790100572664
EPOCH_CLOSE_READY epoch=2 value=288199C567173B9A7B9B7EF2872EC86A48CC392E900AA6656A9BF1BBA708A8F9 t=1790100572665
EPOCH_CLOSE_ROUND epoch=2 round=0 leader=735FE217D91E88EA82324C5883296385FA0041C2FAC85C827BAA46DA1E14B83F leads=false t=1790100572665
EPOCH_CLOSE_READY epoch=2 value=288199C567173B9A7B9B7EF2872EC86A48CC392E900AA6656A9BF1BBA708A8F9 t=1790100572666
EPOCH_CLOSE_ROUND epoch=2 round=0 leader=735FE217D91E88EA82324C5883296385FA0041C2FAC85C827BAA46DA1E14B83F leads=false t=1790100572666
EPOCH_ADVANCED epoch=3 elections=2485 active=0 t=1790100572667
EPOCH_ADVANCED epoch=3 elections=2485 active=0 t=1790100572667
EPOCH_CLOSE_READY epoch=2 value=288199C567173B9A7B9B7EF2872EC86A48CC392E900AA6656A9BF1BBA708A8F9 t=1790100572669
EPOCH_CLOSE_ROUND epoch=2 round=0 leader=735FE217D91E88EA82324C5883296385FA0041C2FAC85C827BAA46DA1E14B83F leads=false t=1790100572669
EPOCH_ADVANCED epoch=3 elections=2485 active=0 t=1790100572670
EPOCH_REPORT epoch=2 certified=13506 residual=647 root=692406E1BA721E5DE0AF705505DA680527DC24B5F26C687A76B045FA4AEC8DD0 reports=1 t=1790100572674
EPOCH_REPORT epoch=2 certified=13506 residual=647 root=692406E1BA721E5DE0AF705505DA680527DC24B5F26C687A76B045FA4AEC8DD0 reports=1 t=1790100572682
EPOCH_REPORT epoch=2 certified=13506 residual=648 root=692406E1BA721E5DE0AF705505DA680527DC24B5F26C687A76B045FA4AEC8DD0 reports=1 t=1790100572683
EPOCH_REPORT epoch=2 certified=13506 residual=648 root=692406E1BA721E5DE0AF705505DA680527DC24B5F26C687A76B045FA4AEC8DD0 reports=1 t=1790100572686
EPOCH_REPORT epoch=2 certified=13506 residual=651 root=692406E1BA721E5DE0AF705505DA680527DC24B5F26C687A76B045FA4AEC8DD0 reports=1 t=1790100572688
[2m2026-09-22T18:09:32.691038Z[0m [32m INFO[0m [2mnanospam::app[0m[2m:[0m Confirmed 42,748 blocks | 2,000 bps | 0 cps | avg conf time: 0 ms
EPOCH_RECONCILED epoch=2 reporter=D315857CE70C54DE713F6E82E5613BB3A1266C15E28AD2F4338C7BBEC456F532 complete=true entries=0 total=13506 t=1790100572711
EPOCH_RECONCILED epoch=2 reporter=911999B2AEFA7ACC66EBD802B3301FF6CE431405107749D940277955CB7FDD07 complete=true entries=0 total=13506 t=1790100572711
EPOCH_RECONCILED epoch=2 reporter=65A90023F6C0D2181AAA63F005D81BBC0C04650505E21D5123F9AE1F9E992BFF complete=true entries=0 total=13506 t=1790100572712
EPOCH_RECONCILED epoch=2 reporter=633D9D614858AB1710D5D8C3180E2A082DC97208BA8C26BA6C6D1A86C8E31CC0 complete=true entries=0 total=13506 t=1790100572713
EPOCH_RECONCILED epoch=2 reporter=65A90023F6C0D2181AAA63F005D81BBC0C04650505E21D5123F9AE1F9E992BFF complete=true entries=0 total=13506 t=1790100572713
EPOCH_RECONCILED epoch=2 reporter=A353E45E6D0016CAEED0DFA4EC5B0640E2AA22A793F9F2375E77F1AB92977C04 complete=true entries=0 total=13506 t=1790100572713
EPOCH_RECONCILED epoch=2 reporter=633D9D614858AB1710D5D8C3180E2A082DC97208BA8C26BA6C6D1A86C8E31CC0 complete=true entries=0 total=13506 t=1790100572713
EPOCH_RECONCILED epoch=2 reporter=D315857CE70C54DE713F6E82E5613BB3A1266C15E28AD2F4338C7BBEC456F532 complete=true entries=0 total=13506 t=1790100572713
EPOCH_RECONCILED epoch=2 reporter=A353E45E6D0016CAEED0DFA4EC5B0640E2AA22A793F9F2375E77F1AB92977C04 complete=true entries=0 total=13506 t=1790100572714
EPOCH_RECONCILED epoch=2 reporter=911999B2AEFA7ACC66EBD802B3301FF6CE431405107749D940277955CB7FDD07 complete=true entries=0 total=13506 t=1790100572714
EPOCH_RECONCILED epoch=2 reporter=A353E45E6D0016CAEED0DFA4EC5B0640E2AA22A793F9F2375E77F1AB92977C04 complete=true entries=0 total=13506 t=1790100572714
EPOCH_RECONCILED epoch=2 reporter=65A90023F6C0D2181AAA63F005D81BBC0C04650505E21D5123F9AE1F9E992BFF complete=true entries=0 total=13506 t=1790100572714
EPOCH_RECONCILED epoch=2 reporter=911999B2AEFA7ACC66EBD802B3301FF6CE431405107749D940277955CB7FDD07 complete=true entries=0 total=13506 t=1790100572714
EPOCH_RECONCILED epoch=2 reporter=633D9D614858AB1710D5D8C3180E2A082DC97208BA8C26BA6C6D1A86C8E31CC0 complete=true entries=0 total=13506 t=1790100572715
EPOCH_RECONCILED epoch=2 reporter=D315857CE70C54DE713F6E82E5613BB3A1266C15E28AD2F4338C7BBEC456F532 complete=true entries=0 total=13506 t=1790100572715
EPOCH_RECONCILED epoch=2 reporter=D315857CE70C54DE713F6E82E5613BB3A1266C15E28AD2F4338C7BBEC456F532 complete=true entries=0 total=13506 t=1790100572734
EPOCH_RECONCILED epoch=2 reporter=A353E45E6D0016CAEED0DFA4EC5B0640E2AA22A793F9F2375E77F1AB92977C04 complete=true entries=0 total=13506 t=1790100572734
EPOCH_RECONCILED epoch=2 reporter=911999B2AEFA7ACC66EBD802B3301FF6CE431405107749D940277955CB7FDD07 complete=true entries=0 total=13506 t=1790100572734
EPOCH_RECONCILED epoch=2 reporter=65A90023F6C0D2181AAA63F005D81BBC0C04650505E21D5123F9AE1F9E992BFF complete=true entries=0 total=13506 t=1790100572734
EPOCH_RECONCILED epoch=2 reporter=633D9D614858AB1710D5D8C3180E2A082DC97208BA8C26BA6C6D1A86C8E31CC0 complete=true entries=0 total=13506 t=1790100572735
EPOCH_RECONCILED epoch=2 reporter=D315857CE70C54DE713F6E82E5613BB3A1266C15E28AD2F4338C7BBEC456F532 complete=true entries=0 total=13506 t=1790100572761
EPOCH_RECONCILED epoch=2 reporter=A353E45E6D0016CAEED0DFA4EC5B0640E2AA22A793F9F2375E77F1AB92977C04 complete=true entries=0 total=13506 t=1790100572761
EPOCH_RECONCILED epoch=2 reporter=911999B2AEFA7ACC66EBD802B3301FF6CE431405107749D940277955CB7FDD07 complete=true entries=0 total=13506 t=1790100572761
EPOCH_RECONCILED epoch=2 reporter=65A90023F6C0D2181AAA63F005D81BBC0C04650505E21D5123F9AE1F9E992BFF complete=true entries=0 total=13506 t=1790100572761
EPOCH_RECONCILED epoch=2 reporter=633D9D614858AB1710D5D8C3180E2A082DC97208BA8C26BA6C6D1A86C8E31CC0 complete=true entries=0 total=13506 t=1790100572761
[2m2026-09-22T18:09:33.692174Z[0m [32m INFO[0m [2mnanospam::app[0m[2m:[0m Confirmed 42,753 blocks | 2,000 bps | 4 cps | avg conf time: 11813 ms
[2m2026-09-22T18:09:34.694209Z[0m [32m INFO[0m [2mnanospam::app[0m[2m:[0m Confirmed 42,753 blocks | 2,000 bps | 0 cps | avg conf time: 0 ms
EPOCH_CLOSE_ROUND epoch=2 round=1 leader=911999B2AEFA7ACC66EBD802B3301FF6CE431405107749D940277955CB7FDD07 leads=false t=1790100574814
EPOCH_CLOSE_ROUND epoch=2 round=1 leader=911999B2AEFA7ACC66EBD802B3301FF6CE431405107749D940277955CB7FDD07 leads=false t=1790100574816
EPOCH_CLOSE_ROUND epoch=2 round=1 leader=911999B2AEFA7ACC66EBD802B3301FF6CE431405107749D940277955CB7FDD07 leads=false t=1790100574838
EPOCH_CLOSE_ROUND epoch=2 round=1 leader=911999B2AEFA7ACC66EBD802B3301FF6CE431405107749D940277955CB7FDD07 leads=false t=1790100574865
EPOCH_CLOSE_ROUND epoch=2 round=1 leader=911999B2AEFA7ACC66EBD802B3301FF6CE431405107749D940277955CB7FDD07 leads=true t=1790100574925
EPOCH_CLOSED epoch=2 round=1 value=288199C567173B9A7B9B7EF2872EC86A48CC392E900AA6656A9BF1BBA708A8F9 own=true t=1790100575195
EPOCH_CLOSED epoch=2 round=1 value=288199C567173B9A7B9B7EF2872EC86A48CC392E900AA6656A9BF1BBA708A8F9 own=true t=1790100575195
EPOCH_CLOSED epoch=2 round=1 value=288199C567173B9A7B9B7EF2872EC86A48CC392E900AA6656A9BF1BBA708A8F9 own=true t=1790100575195
EPOCH_CLOSED epoch=2 round=1 value=288199C567173B9A7B9B7EF2872EC86A48CC392E900AA6656A9BF1BBA708A8F9 own=true t=1790100575195
EPOCH_CLOSED epoch=2 round=1 value=288199C567173B9A7B9B7EF2872EC86A48CC392E900AA6656A9BF1BBA708A8F9 own=true t=1790100575195
EPOCH_COMMITTEE derived_by=2 members=6 accounts=14583 n=297702649210398454066095942674945104507 digest=F017DC946DC375CC8E74B66359067A3860A9F452E1411907804D9DC6E280DEE4 shares=["A353E45E:17.9%", "911999B2:16.9%", "65A90023:16.9%", "D315857C:16.3%", "735FE217:16.1%", "633D9D61:15.9%"] t=1790100575201
EPOCH_COMMITTEE derived_by=2 members=6 accounts=14583 n=297702649210398454066095942674945104507 digest=F017DC946DC375CC8E74B66359067A3860A9F452E1411907804D9DC6E280DEE4 shares=["A353E45E:17.9%", "911999B2:16.9%", "65A90023:16.9%", "D315857C:16.3%", "735FE217:16.1%", "633D9D61:15.9%"] t=1790100575201
EPOCH_AGREED epoch=2 value=288199C567173B9A7B9B7EF2872EC86A48CC392E900AA6656A9BF1BBA708A8F9 t=1790100575201
EPOCH_AGREED epoch=2 value=288199C567173B9A7B9B7EF2872EC86A48CC392E900AA6656A9BF1BBA708A8F9 t=1790100575201
EPOCH_COMMITTEE derived_by=2 members=6 accounts=14583 n=297702649210398454066095942674945104507 digest=F017DC946DC375CC8E74B66359067A3860A9F452E1411907804D9DC6E280DEE4 shares=["A353E45E:17.9%", "911999B2:16.9%", "65A90023:16.9%", "D315857C:16.3%", "735FE217:16.1%", "633D9D61:15.9%"] t=1790100575201
EPOCH_AGREED epoch=2 value=288199C567173B9A7B9B7EF2872EC86A48CC392E900AA6656A9BF1BBA708A8F9 t=1790100575202
EPOCH_COMMITTEE derived_by=2 members=6 accounts=14583 n=297702649210398454066095942674945104507 digest=F017DC946DC375CC8E74B66359067A3860A9F452E1411907804D9DC6E280DEE4 shares=["A353E45E:17.9%", "911999B2:16.9%", "65A90023:16.9%", "D315857C:16.3%", "735FE217:16.1%", "633D9D61:15.9%"] t=1790100575203
EPOCH_AGREED epoch=2 value=288199C567173B9A7B9B7EF2872EC86A48CC392E900AA6656A9BF1BBA708A8F9 t=1790100575203
EPOCH_COMMITTEE derived_by=2 members=6 accounts=14583 n=297702649210398454066095942674945104507 digest=F017DC946DC375CC8E74B66359067A3860A9F452E1411907804D9DC6E280DEE4 shares=["A353E45E:17.9%", "911999B2:16.9%", "65A90023:16.9%", "D315857C:16.3%", "735FE217:16.1%", "633D9D61:15.9%"] t=1790100575205
EPOCH_AGREED epoch=2 value=288199C567173B9A7B9B7EF2872EC86A48CC392E900AA6656A9BF1BBA708A8F9 t=1790100575205
[2m2026-09-22T18:09:35.696492Z[0m [32m INFO[0m [2mnanospam::app[0m[2m:[0m Confirmed 42,759 blocks | 2,000 bps | 5 cps | avg conf time: 10714 ms
[2m2026-09-22T18:09:36.697283Z[0m [32m INFO[0m [2mnanospam::app[0m[2m:[0m Confirmed 42,761 blocks | 2,000 bps | 1 cps | avg conf time: 11101 ms
[2m2026-09-22T18:09:37.699377Z[0m [32m INFO[0m [2mnanospam::app[0m[2m:[0m Confirmed 42,766 blocks | 2,000 bps | 4 cps | avg conf time: 15608 ms
[2m2026-09-22T18:09:38.701111Z[0m [32m INFO[0m [2mnanospam::app[0m[2m:[0m Confirmed 42,770 blocks | 2,000 bps | 3 cps | avg conf time: 21450 ms
[2m2026-09-22T18:09:39.701765Z[0m [32m INFO[0m [2mnanospam::app[0m[2m:[0m Confirmed 42,774 blocks | 2,000 bps | 3 cps | avg conf time: 19828 ms
EPOCH_ENDED epoch=3 elections=2489 active=0 t=1790100580486
EPOCH_ENDED epoch=3 elections=2488 active=0 t=1790100580486
EPOCH_ENDED epoch=3 elections=2489 active=0 t=1790100580486
EPOCH_ENDED epoch=3 elections=2489 active=0 t=1790100580486
EPOCH_ENDED epoch=3 elections=2489 active=0 t=1790100580486
EPOCH_CLOSE_READY epoch=3 value=23FD7A0045728F61CCAF5EAD8F88848335D46AA07AC0B1457998F47936BA0ACC t=1790100580487
EPOCH_CLOSE_ROUND epoch=3 round=0 leader=911999B2AEFA7ACC66EBD802B3301FF6CE431405107749D940277955CB7FDD07 leads=false t=1790100580487
EPOCH_CLOSE_READY epoch=3 value=23FD7A0045728F61CCAF5EAD8F88848335D46AA07AC0B1457998F47936BA0ACC t=1790100580488
EPOCH_CLOSE_ROUND epoch=3 round=0 leader=911999B2AEFA7ACC66EBD802B3301FF6CE431405107749D940277955CB7FDD07 leads=false t=1790100580488
EPOCH_CLOSE_READY epoch=3 value=23FD7A0045728F61CCAF5EAD8F88848335D46AA07AC0B1457998F47936BA0ACC t=1790100580488
EPOCH_CLOSE_ROUND epoch=3 round=0 leader=911999B2AEFA7ACC66EBD802B3301FF6CE431405107749D940277955CB7FDD07 leads=false t=1790100580488
EPOCH_CLOSE_READY epoch=3 value=23FD7A0045728F61CCAF5EAD8F88848335D46AA07AC0B1457998F47936BA0ACC t=1790100580488
EPOCH_CLOSE_ROUND epoch=3 round=0 leader=911999B2AEFA7ACC66EBD802B3301FF6CE431405107749D940277955CB7FDD07 leads=true t=1790100580488
EPOCH_ADVANCED epoch=4 elections=2489 active=0 t=1790100580489
EPOCH_ADVANCED epoch=4 elections=2488 active=0 t=1790100580489
EPOCH_ADVANCED epoch=4 elections=2489 active=0 t=1790100580489
EPOCH_ADVANCED epoch=4 elections=2489 active=0 t=1790100580489
EPOCH_CLOSE_READY epoch=3 value=23FD7A0045728F61CCAF5EAD8F88848335D46AA07AC0B1457998F47936BA0ACC t=1790100580489
EPOCH_CLOSE_ROUND epoch=3 round=0 leader=911999B2AEFA7ACC66EBD802B3301FF6CE431405107749D940277955CB7FDD07 leads=false t=1790100580489
EPOCH_REPORT epoch=3 certified=95 residual=2 root=1E139FD81C0D3D6F4B4DB45402D5CB85E89D725DB2FB0918049530DFB3525695 reports=1 t=1790100580492
EPOCH_ADVANCED epoch=4 elections=2489 active=0 t=1790100580492
EPOCH_REPORT epoch=3 certified=95 residual=2 root=1E139FD81C0D3D6F4B4DB45402D5CB85E89D725DB2FB0918049530DFB3525695 reports=1 t=1790100580492
EPOCH_REPORT epoch=3 certified=95 residual=2 root=1E139FD81C0D3D6F4B4DB45402D5CB85E89D725DB2FB0918049530DFB3525695 reports=1 t=1790100580493
EPOCH_REPORT epoch=3 certified=95 residual=2 root=1E139FD81C0D3D6F4B4DB45402D5CB85E89D725DB2FB0918049530DFB3525695 reports=1 t=1790100580493
EPOCH_REPORT epoch=3 certified=95 residual=2 root=1E139FD81C0D3D6F4B4DB45402D5CB85E89D725DB2FB0918049530DFB3525695 reports=1 t=1790100580494
EPOCH_RECONCILED epoch=3 reporter=A353E45E6D0016CAEED0DFA4EC5B0640E2AA22A793F9F2375E77F1AB92977C04 complete=true entries=0 total=95 t=1790100580592
EPOCH_RECONCILED epoch=3 reporter=65A90023F6C0D2181AAA63F005D81BBC0C04650505E21D5123F9AE1F9E992BFF complete=true entries=0 total=95 t=1790100580592
EPOCH_RECONCILED epoch=3 reporter=633D9D614858AB1710D5D8C3180E2A082DC97208BA8C26BA6C6D1A86C8E31CC0 complete=true entries=0 total=95 t=1790100580592
EPOCH_RECONCILED epoch=3 reporter=D315857CE70C54DE713F6E82E5613BB3A1266C15E28AD2F4338C7BBEC456F532 complete=true entries=0 total=95 t=1790100580592
EPOCH_RECONCILED epoch=3 reporter=911999B2AEFA7ACC66EBD802B3301FF6CE431405107749D940277955CB7FDD07 complete=true entries=0 total=95 t=1790100580592
EPOCH_RECONCILED epoch=3 reporter=911999B2AEFA7ACC66EBD802B3301FF6CE431405107749D940277955CB7FDD07 complete=true entries=0 total=95 t=1790100580614
EPOCH_RECONCILED epoch=3 reporter=D315857CE70C54DE713F6E82E5613BB3A1266C15E28AD2F4338C7BBEC456F532 complete=true entries=0 total=95 t=1790100580614
EPOCH_RECONCILED epoch=3 reporter=633D9D614858AB1710D5D8C3180E2A082DC97208BA8C26BA6C6D1A86C8E31CC0 complete=true entries=0 total=95 t=1790100580614
EPOCH_RECONCILED epoch=3 reporter=A353E45E6D0016CAEED0DFA4EC5B0640E2AA22A793F9F2375E77F1AB92977C04 complete=true entries=0 total=95 t=1790100580614
EPOCH_RECONCILED epoch=3 reporter=65A90023F6C0D2181AAA63F005D81BBC0C04650505E21D5123F9AE1F9E992BFF complete=true entries=0 total=95 t=1790100580614
EPOCH_RECONCILED epoch=3 reporter=911999B2AEFA7ACC66EBD802B3301FF6CE431405107749D940277955CB7FDD07 complete=true entries=0 total=95 t=1790100580614
EPOCH_RECONCILED epoch=3 reporter=633D9D614858AB1710D5D8C3180E2A082DC97208BA8C26BA6C6D1A86C8E31CC0 complete=true entries=0 total=95 t=1790100580614
EPOCH_RECONCILED epoch=3 reporter=D315857CE70C54DE713F6E82E5613BB3A1266C15E28AD2F4338C7BBEC456F532 complete=true entries=0 total=95 t=1790100580614
EPOCH_RECONCILED epoch=3 reporter=A353E45E6D0016CAEED0DFA4EC5B0640E2AA22A793F9F2375E77F1AB92977C04 complete=true entries=0 total=95 t=1790100580614
EPOCH_RECONCILED epoch=3 reporter=65A90023F6C0D2181AAA63F005D81BBC0C04650505E21D5123F9AE1F9E992BFF complete=true entries=0 total=95 t=1790100580615
EPOCH_RECONCILED epoch=3 reporter=65A90023F6C0D2181AAA63F005D81BBC0C04650505E21D5123F9AE1F9E992BFF complete=true entries=0 total=95 t=1790100580645
EPOCH_RECONCILED epoch=3 reporter=911999B2AEFA7ACC66EBD802B3301FF6CE431405107749D940277955CB7FDD07 complete=true entries=0 total=95 t=1790100580645
EPOCH_RECONCILED epoch=3 reporter=A353E45E6D0016CAEED0DFA4EC5B0640E2AA22A793F9F2375E77F1AB92977C04 complete=true entries=0 total=95 t=1790100580645
EPOCH_RECONCILED epoch=3 reporter=633D9D614858AB1710D5D8C3180E2A082DC97208BA8C26BA6C6D1A86C8E31CC0 complete=true entries=0 total=95 t=1790100580645
EPOCH_RECONCILED epoch=3 reporter=D315857CE70C54DE713F6E82E5613BB3A1266C15E28AD2F4338C7BBEC456F532 complete=true entries=0 total=95 t=1790100580645
EPOCH_RECONCILED epoch=3 reporter=633D9D614858AB1710D5D8C3180E2A082DC97208BA8C26BA6C6D1A86C8E31CC0 complete=true entries=0 total=95 t=1790100580699
EPOCH_RECONCILED epoch=3 reporter=911999B2AEFA7ACC66EBD802B3301FF6CE431405107749D940277955CB7FDD07 complete=true entries=0 total=95 t=1790100580699
EPOCH_RECONCILED epoch=3 reporter=D315857CE70C54DE713F6E82E5613BB3A1266C15E28AD2F4338C7BBEC456F532 complete=true entries=0 total=95 t=1790100580699
EPOCH_RECONCILED epoch=3 reporter=A353E45E6D0016CAEED0DFA4EC5B0640E2AA22A793F9F2375E77F1AB92977C04 complete=true entries=0 total=95 t=1790100580699
EPOCH_RECONCILED epoch=3 reporter=65A90023F6C0D2181AAA63F005D81BBC0C04650505E21D5123F9AE1F9E992BFF complete=true entries=0 total=95 t=1790100580699
[2m2026-09-22T18:09:40.703549Z[0m [32m INFO[0m [2mnanospam::app[0m[2m:[0m Confirmed 42,774 blocks | 2,000 bps | 0 cps | avg conf time: 0 ms
[2m2026-09-22T18:09:41.705208Z[0m [32m INFO[0m [2mnanospam::app[0m[2m:[0m Confirmed 42,774 blocks | 2,000 bps | 0 cps | avg conf time: 0 ms
EPOCH_CLOSED epoch=3 round=0 value=23FD7A0045728F61CCAF5EAD8F88848335D46AA07AC0B1457998F47936BA0ACC own=true t=1790100581764
EPOCH_CLOSED epoch=3 round=0 value=23FD7A0045728F61CCAF5EAD8F88848335D46AA07AC0B1457998F47936BA0ACC own=true t=1790100581764
EPOCH_CLOSED epoch=3 round=0 value=23FD7A0045728F61CCAF5EAD8F88848335D46AA07AC0B1457998F47936BA0ACC own=true t=1790100581764
EPOCH_CLOSED epoch=3 round=0 value=23FD7A0045728F61CCAF5EAD8F88848335D46AA07AC0B1457998F47936BA0ACC own=true t=1790100581764
EPOCH_CLOSED epoch=3 round=0 value=23FD7A0045728F61CCAF5EAD8F88848335D46AA07AC0B1457998F47936BA0ACC own=true t=1790100581764
EPOCH_COMMITTEE derived_by=3 members=6 accounts=14585 n=297698502374867889676921950364584182879 digest=C1D8B03A4AB04ABAB109E5B9A9B189F404DD94BAC7650156DC4CDFA520748F55 shares=["A353E45E:17.9%", "911999B2:16.9%", "65A90023:16.9%", "D315857C:16.3%", "735FE217:16.1%", "633D9D61:15.9%"] t=1790100581764
EPOCH_COMMITTEE derived_by=3 members=6 accounts=14585 n=297698502374867889676921950364584182879 digest=C1D8B03A4AB04ABAB109E5B9A9B189F404DD94BAC7650156DC4CDFA520748F55 shares=["A353E45E:17.9%", "911999B2:16.9%", "65A90023:16.9%", "D315857C:16.3%", "735FE217:16.1%", "633D9D61:15.9%"] t=1790100581764
EPOCH_COMMITTEE derived_by=3 members=6 accounts=14585 n=297698502374867889676921950364584182879 digest=C1D8B03A4AB04ABAB109E5B9A9B189F404DD94BAC7650156DC4CDFA520748F55 shares=["A353E45E:17.9%", "911999B2:16.9%", "65A90023:16.9%", "D315857C:16.3%", "735FE217:16.1%", "633D9D61:15.9%"] t=1790100581764
EPOCH_AGREED epoch=3 value=23FD7A0045728F61CCAF5EAD8F88848335D46AA07AC0B1457998F47936BA0ACC t=1790100581764
EPOCH_COMMITTEE derived_by=3 members=6 accounts=14585 n=297698502374867889676921950364584182879 digest=C1D8B03A4AB04ABAB109E5B9A9B189F404DD94BAC7650156DC4CDFA520748F55 shares=["A353E45E:17.9%", "911999B2:16.9%", "65A90023:16.9%", "D315857C:16.3%", "735FE217:16.1%", "633D9D61:15.9%"] t=1790100581764
EPOCH_AGREED epoch=3 value=23FD7A0045728F61CCAF5EAD8F88848335D46AA07AC0B1457998F47936BA0ACC t=1790100581764
EPOCH_AGREED epoch=3 value=23FD7A0045728F61CCAF5EAD8F88848335D46AA07AC0B1457998F47936BA0ACC t=1790100581764
EPOCH_AGREED epoch=3 value=23FD7A0045728F61CCAF5EAD8F88848335D46AA07AC0B1457998F47936BA0ACC t=1790100581764
EPOCH_COMMITTEE derived_by=3 members=6 accounts=14585 n=297698502374867889676921950364584182879 digest=C1D8B03A4AB04ABAB109E5B9A9B189F404DD94BAC7650156DC4CDFA520748F55 shares=["A353E45E:17.9%", "911999B2:16.9%", "65A90023:16.9%", "D315857C:16.3%", "735FE217:16.1%", "633D9D61:15.9%"] t=1790100581765
EPOCH_AGREED epoch=3 value=23FD7A0045728F61CCAF5EAD8F88848335D46AA07AC0B1457998F47936BA0ACC t=1790100581765
[2m2026-09-22T18:09:42.706384Z[0m [32m INFO[0m [2mnanospam::app[0m[2m:[0m Confirmed 42,774 blocks | 2,000 bps | 0 cps | avg conf time: 0 ms
[2m2026-09-22T18:09:43.708511Z[0m [32m INFO[0m [2mnanospam::app[0m[2m:[0m Confirmed 42,774 blocks | 2,000 bps | 0 cps | avg conf time: 0 ms
[2m2026-09-22T18:09:44.709576Z[0m [32m INFO[0m [2mnanospam::app[0m[2m:[0m Confirmed 42,774 blocks | 2,000 bps | 0 cps | avg conf time: 0 ms
[2m2026-09-22T18:09:45.712098Z[0m [32m INFO[0m [2mnanospam::app[0m[2m:[0m Confirmed 42,774 blocks | 2,000 bps | 0 cps | avg conf time: 0 ms
[2m2026-09-22T18:09:46.713309Z[0m [32m INFO[0m [2mnanospam::app[0m[2m:[0m Confirmed 42,774 blocks | 2,000 bps | 0 cps | avg conf time: 0 ms
[2m2026-09-22T18:09:47.713620Z[0m [32m INFO[0m [2mnanospam::app[0m[2m:[0m Confirmed 42,774 blocks | 2,000 bps | 0 cps | avg conf time: 0 ms
[2m2026-09-22T18:09:48.716115Z[0m [32m INFO[0m [2mnanospam::app[0m[2m:[0m Confirmed 42,774 blocks | 2,000 bps | 0 cps | avg conf time: 0 ms
[2m2026-09-22T18:09:49.717392Z[0m [32m INFO[0m [2mnanospam::app[0m[2m:[0m Confirmed 42,774 blocks | 2,000 bps | 0 cps | avg conf time: 0 ms
[2m2026-09-22T18:09:50.717860Z[0m [32m INFO[0m [2mnanospam::app[0m[2m:[0m Confirmed 42,774 blocks | 2,000 bps | 0 cps | avg conf time: 0 ms
[2m2026-09-22T18:09:51.720358Z[0m [32m INFO[0m [2mnanospam::app[0m[2m:[0m Confirmed 42,774 blocks | 2,000 bps | 0 cps | avg conf time: 0 ms
[2m2026-09-22T18:09:52.723009Z[0m [32m INFO[0m [2mnanospam::app[0m[2m:[0m Confirmed 42,774 blocks | 2,000 bps | 0 cps | avg conf time: 0 ms
[2m2026-09-22T18:09:53.725183Z[0m [32m INFO[0m [2mnanospam::app[0m[2m:[0m Confirmed 42,774 blocks | 2,000 bps | 0 cps | avg conf time: 0 ms
[2m2026-09-22T18:09:54.727349Z[0m [32m INFO[0m [2mnanospam::app[0m[2m:[0m Confirmed 42,774 blocks | 2,000 bps | 0 cps | avg conf time: 0 ms
[2m2026-09-22T18:09:55.728789Z[0m [32m INFO[0m [2mnanospam::app[0m[2m:[0m Confirmed 42,774 blocks | 2,000 bps | 0 cps | avg conf time: 0 ms
[2m2026-09-22T18:09:56.730609Z[0m [32m INFO[0m [2mnanospam::app[0m[2m:[0m Confirmed 42,774 blocks | 2,000 bps | 0 cps | avg conf time: 0 ms
[2m2026-09-22T18:09:57.732095Z[0m [32m INFO[0m [2mnanospam::app[0m[2m:[0m Confirmed 42,774 blocks | 2,000 bps | 0 cps | avg conf time: 0 ms
[2m2026-09-22T18:09:58.732206Z[0m [32m INFO[0m [2mnanospam::app[0m[2m:[0m Confirmed 42,774 blocks | 2,000 bps | 0 cps | avg conf time: 0 ms
[2m2026-09-22T18:09:59.734280Z[0m [32m INFO[0m [2mnanospam::app[0m[2m:[0m Confirmed 42,774 blocks | 2,000 bps | 0 cps | avg conf time: 0 ms
[2m2026-09-22T18:10:00.735621Z[0m [32m INFO[0m [2mnanospam::app[0m[2m:[0m Confirmed 42,774 blocks | 2,000 bps | 0 cps | avg conf time: 0 ms
[2m2026-09-22T18:10:01.737653Z[0m [32m INFO[0m [2mnanospam::app[0m[2m:[0m Confirmed 42,774 blocks | 2,000 bps | 0 cps | avg conf time: 0 ms
[2m2026-09-22T18:10:02.739365Z[0m [32m INFO[0m [2mnanospam::app[0m[2m:[0m Confirmed 42,774 blocks | 2,000 bps | 0 cps | avg conf time: 0 ms
[2m2026-09-22T18:10:03.740491Z[0m [32m INFO[0m [2mnanospam::app[0m[2m:[0m Confirmed 42,774 blocks | 2,000 bps | 0 cps | avg conf time: 0 ms
[2m2026-09-22T18:10:04.742818Z[0m [32m INFO[0m [2mnanospam::app[0m[2m:[0m Confirmed 42,774 blocks | 2,000 bps | 0 cps | avg conf time: 0 ms
[2m2026-09-22T18:10:05.744970Z[0m [32m INFO[0m [2mnanospam::app[0m[2m:[0m Confirmed 42,774 blocks | 2,000 bps | 0 cps | avg conf time: 0 ms
[2m2026-09-22T18:10:06.746217Z[0m [32m INFO[0m [2mnanospam::app[0m[2m:[0m Confirmed 42,774 blocks | 2,000 bps | 0 cps | avg conf time: 0 ms
[2m2026-09-22T18:10:07.748512Z[0m [32m INFO[0m [2mnanospam::app[0m[2m:[0m Confirmed 42,774 blocks | 2,000 bps | 0 cps | avg conf time: 0 ms
[2m2026-09-22T18:10:08.749969Z[0m [32m INFO[0m [2mnanospam::app[0m[2m:[0m Confirmed 42,774 blocks | 2,000 bps | 0 cps | avg conf time: 0 ms
[2m2026-09-22T18:10:09.752919Z[0m [32m INFO[0m [2mnanospam::app[0m[2m:[0m Confirmed 42,774 blocks | 2,000 bps | 0 cps | avg conf time: 0 ms
[2m2026-09-22T18:10:10.754587Z[0m [32m INFO[0m [2mnanospam::app[0m[2m:[0m Confirmed 42,774 blocks | 2,000 bps | 0 cps | avg conf time: 0 ms
[2m2026-09-22T18:10:11.755408Z[0m [32m INFO[0m [2mnanospam::app[0m[2m:[0m Confirmed 42,774 blocks | 2,000 bps | 0 cps | avg conf time: 0 ms
cleanup done
