2026-09-09T14:32:08.577358Z  INFO nanospam::setup::account_map_factory: Creating account keys file with 15000 keys: "/Users/ruimorais/rsnano-node/workload-results/rai-latency/repeat100/data/account_keys.txt"
2026-09-09T14:32:08.817256Z  INFO nanospam::setup::node_config_factory: RAI_COMMITTEE {"fixed":true,"representatives":["D315857CE70C54DE713F6E82E5613BB3A1266C15E28AD2F4338C7BBEC456F532","A353E45E6D0016CAEED0DFA4EC5B0640E2AA22A793F9F2375E77F1AB92977C04","911999B2AEFA7ACC66EBD802B3301FF6CE431405107749D940277955CB7FDD07","65A90023F6C0D2181AAA63F005D81BBC0C04650505E21D5123F9AE1F9E992BFF","633D9D614858AB1710D5D8C3180E2A082DC97208BA8C26BA6C6D1A86C8E31CC0","735FE217D91E88EA82324C5883296385FA0041C2FAC85C827BAA46DA1E14B83F"],"weight_per_pr":"56713727820156410577229101238628035242","total_weight":"340282366920938463463374607431768211452"}
2026-09-09T14:32:08.817297Z  INFO nanospam::setup::node_config_factory: ********************************************************************************
2026-09-09T14:32:08.817302Z  INFO nanospam::setup::node_config_factory: Setting up node PR0...
2026-09-09T14:32:08.817306Z  INFO nanospam::setup::node_config_factory: Creating directory "/Users/ruimorais/rsnano-node/workload-results/rai-latency/repeat100/data/pr0"
2026-09-09T14:32:08.817373Z  INFO nanospam::setup::node_config_factory: Creating node config file: "/Users/ruimorais/rsnano-node/workload-results/rai-latency/repeat100/data/pr0/config-node.toml"
2026-09-09T14:32:08.817471Z  INFO nanospam::setup::node_config_factory: Creating rpc config file: "/Users/ruimorais/rsnano-node/workload-results/rai-latency/repeat100/data/pr0/config-rpc.toml"
2026-09-09T14:32:08.817535Z  INFO nanospam::setup::node_config_factory: ********************************************************************************
2026-09-09T14:32:08.817538Z  INFO nanospam::setup::node_config_factory: Setting up node PR1...
2026-09-09T14:32:08.817542Z  INFO nanospam::setup::node_config_factory: Creating directory "/Users/ruimorais/rsnano-node/workload-results/rai-latency/repeat100/data/pr1"
2026-09-09T14:32:08.817582Z  INFO nanospam::setup::node_config_factory: Creating node config file: "/Users/ruimorais/rsnano-node/workload-results/rai-latency/repeat100/data/pr1/config-node.toml"
2026-09-09T14:32:08.817653Z  INFO nanospam::setup::node_config_factory: Creating rpc config file: "/Users/ruimorais/rsnano-node/workload-results/rai-latency/repeat100/data/pr1/config-rpc.toml"
2026-09-09T14:32:08.817715Z  INFO nanospam::setup::node_config_factory: ********************************************************************************
2026-09-09T14:32:08.817719Z  INFO nanospam::setup::node_config_factory: Setting up node PR2...
2026-09-09T14:32:08.817723Z  INFO nanospam::setup::node_config_factory: Creating directory "/Users/ruimorais/rsnano-node/workload-results/rai-latency/repeat100/data/pr2"
2026-09-09T14:32:08.817763Z  INFO nanospam::setup::node_config_factory: Creating node config file: "/Users/ruimorais/rsnano-node/workload-results/rai-latency/repeat100/data/pr2/config-node.toml"
2026-09-09T14:32:08.817827Z  INFO nanospam::setup::node_config_factory: Creating rpc config file: "/Users/ruimorais/rsnano-node/workload-results/rai-latency/repeat100/data/pr2/config-rpc.toml"
2026-09-09T14:32:08.817889Z  INFO nanospam::setup::node_config_factory: ********************************************************************************
2026-09-09T14:32:08.817892Z  INFO nanospam::setup::node_config_factory: Setting up node PR3...
2026-09-09T14:32:08.817896Z  INFO nanospam::setup::node_config_factory: Creating directory "/Users/ruimorais/rsnano-node/workload-results/rai-latency/repeat100/data/pr3"
2026-09-09T14:32:08.817934Z  INFO nanospam::setup::node_config_factory: Creating node config file: "/Users/ruimorais/rsnano-node/workload-results/rai-latency/repeat100/data/pr3/config-node.toml"
2026-09-09T14:32:08.818015Z  INFO nanospam::setup::node_config_factory: Creating rpc config file: "/Users/ruimorais/rsnano-node/workload-results/rai-latency/repeat100/data/pr3/config-rpc.toml"
2026-09-09T14:32:08.818087Z  INFO nanospam::setup::node_config_factory: ********************************************************************************
2026-09-09T14:32:08.818099Z  INFO nanospam::setup::node_config_factory: Setting up node PR4...
2026-09-09T14:32:08.818101Z  INFO nanospam::setup::node_config_factory: Creating directory "/Users/ruimorais/rsnano-node/workload-results/rai-latency/repeat100/data/pr4"
2026-09-09T14:32:08.818145Z  INFO nanospam::setup::node_config_factory: Creating node config file: "/Users/ruimorais/rsnano-node/workload-results/rai-latency/repeat100/data/pr4/config-node.toml"
2026-09-09T14:32:08.818211Z  INFO nanospam::setup::node_config_factory: Creating rpc config file: "/Users/ruimorais/rsnano-node/workload-results/rai-latency/repeat100/data/pr4/config-rpc.toml"
2026-09-09T14:32:08.818270Z  INFO nanospam::setup::node_config_factory: ********************************************************************************
2026-09-09T14:32:08.818273Z  INFO nanospam::setup::node_config_factory: Setting up node PR5...
2026-09-09T14:32:08.818275Z  INFO nanospam::setup::node_config_factory: Creating directory "/Users/ruimorais/rsnano-node/workload-results/rai-latency/repeat100/data/pr5"
2026-09-09T14:32:08.818312Z  INFO nanospam::setup::node_config_factory: Creating node config file: "/Users/ruimorais/rsnano-node/workload-results/rai-latency/repeat100/data/pr5/config-node.toml"
2026-09-09T14:32:08.818373Z  INFO nanospam::setup::node_config_factory: Creating rpc config file: "/Users/ruimorais/rsnano-node/workload-results/rai-latency/repeat100/data/pr5/config-rpc.toml"
2026-09-09T14:32:08.818540Z  INFO nanospam::setup::node_launcher: Starting node: NANOSPAM_RAI_COMMITTEE="[\"D315857CE70C54DE713F6E82E5613BB3A1266C15E28AD2F4338C7BBEC456F532\",\"A353E45E6D0016CAEED0DFA4EC5B0640E2AA22A793F9F2375E77F1AB92977C04\",\"911999B2AEFA7ACC66EBD802B3301FF6CE431405107749D940277955CB7FDD07\",\"65A90023F6C0D2181AAA63F005D81BBC0C04650505E21D5123F9AE1F9E992BFF\",\"633D9D614858AB1710D5D8C3180E2A082DC97208BA8C26BA6C6D1A86C8E31CC0\",\"735FE217D91E88EA82324C5883296385FA0041C2FAC85C827BAA46DA1E14B83F\"]" NANOSPAM_TERMINATION_AUDIT="1" NANO_TEST_GENESIS_BLOCK="{\n    \"type\": \"open\",\n    \"account\": \"nano_3nroioygg54nusrmyun4woimqex36sp3drnctdt5955uqu47fxbkrxk7n7ne\",\n    \"source\": \"D315857CE70C54DE713F6E82E5613BB3A1266C15E28AD2F4338C7BBEC456F532\",\n    \"representative\": \"nano_3nroioygg54nusrmyun4woimqex36sp3drnctdt5955uqu47fxbkrxk7n7ne\",\n    \"signature\": \"3F6792C2DC623DF2E8643777160AB983B66B337E2478E13D2C3448126A8F4CD8DCCD19803C158A057FA44060AE0EFC09B1C311CB4FBF42F8D240610B38F56E08\",\n    \"work\": \"70FEF01F7EC45DEC\"\n    }" NANO_TEST_GENESIS_PRV ="49643F9B10CA1AA34F9AF8ED4AABD29F436104CCC375974B108534A48EAE3FE1" "rsnano" "--network" "test" "--data-path" "/Users/ruimorais/rsnano-node/workload-results/rai-latency/repeat100/data/pr0" "node" "run"
2026-09-09T14:32:08.819043Z  INFO nanospam::setup::node_launcher: Waiting for RPC...
2026-09-09T14:32:08.922042Z  INFO nanospam::setup::node_launcher: Starting node: NANOSPAM_RAI_COMMITTEE="[\"D315857CE70C54DE713F6E82E5613BB3A1266C15E28AD2F4338C7BBEC456F532\",\"A353E45E6D0016CAEED0DFA4EC5B0640E2AA22A793F9F2375E77F1AB92977C04\",\"911999B2AEFA7ACC66EBD802B3301FF6CE431405107749D940277955CB7FDD07\",\"65A90023F6C0D2181AAA63F005D81BBC0C04650505E21D5123F9AE1F9E992BFF\",\"633D9D614858AB1710D5D8C3180E2A082DC97208BA8C26BA6C6D1A86C8E31CC0\",\"735FE217D91E88EA82324C5883296385FA0041C2FAC85C827BAA46DA1E14B83F\"]" NANOSPAM_TERMINATION_AUDIT="1" NANO_TEST_GENESIS_BLOCK="{\n    \"type\": \"open\",\n    \"account\": \"nano_3nroioygg54nusrmyun4woimqex36sp3drnctdt5955uqu47fxbkrxk7n7ne\",\n    \"source\": \"D315857CE70C54DE713F6E82E5613BB3A1266C15E28AD2F4338C7BBEC456F532\",\n    \"representative\": \"nano_3nroioygg54nusrmyun4woimqex36sp3drnctdt5955uqu47fxbkrxk7n7ne\",\n    \"signature\": \"3F6792C2DC623DF2E8643777160AB983B66B337E2478E13D2C3448126A8F4CD8DCCD19803C158A057FA44060AE0EFC09B1C311CB4FBF42F8D240610B38F56E08\",\n    \"work\": \"70FEF01F7EC45DEC\"\n    }" NANO_TEST_GENESIS_PRV ="49643F9B10CA1AA34F9AF8ED4AABD29F436104CCC375974B108534A48EAE3FE1" "rsnano" "--network" "test" "--data-path" "/Users/ruimorais/rsnano-node/workload-results/rai-latency/repeat100/data/pr1" "node" "run"
2026-09-09T14:32:08.922431Z  INFO nanospam::setup::node_launcher: Waiting for RPC...
2026-09-09T14:32:09.024773Z  INFO nanospam::setup::node_launcher: Starting node: NANOSPAM_RAI_COMMITTEE="[\"D315857CE70C54DE713F6E82E5613BB3A1266C15E28AD2F4338C7BBEC456F532\",\"A353E45E6D0016CAEED0DFA4EC5B0640E2AA22A793F9F2375E77F1AB92977C04\",\"911999B2AEFA7ACC66EBD802B3301FF6CE431405107749D940277955CB7FDD07\",\"65A90023F6C0D2181AAA63F005D81BBC0C04650505E21D5123F9AE1F9E992BFF\",\"633D9D614858AB1710D5D8C3180E2A082DC97208BA8C26BA6C6D1A86C8E31CC0\",\"735FE217D91E88EA82324C5883296385FA0041C2FAC85C827BAA46DA1E14B83F\"]" NANOSPAM_TERMINATION_AUDIT="1" NANO_TEST_GENESIS_BLOCK="{\n    \"type\": \"open\",\n    \"account\": \"nano_3nroioygg54nusrmyun4woimqex36sp3drnctdt5955uqu47fxbkrxk7n7ne\",\n    \"source\": \"D315857CE70C54DE713F6E82E5613BB3A1266C15E28AD2F4338C7BBEC456F532\",\n    \"representative\": \"nano_3nroioygg54nusrmyun4woimqex36sp3drnctdt5955uqu47fxbkrxk7n7ne\",\n    \"signature\": \"3F6792C2DC623DF2E8643777160AB983B66B337E2478E13D2C3448126A8F4CD8DCCD19803C158A057FA44060AE0EFC09B1C311CB4FBF42F8D240610B38F56E08\",\n    \"work\": \"70FEF01F7EC45DEC\"\n    }" NANO_TEST_GENESIS_PRV ="49643F9B10CA1AA34F9AF8ED4AABD29F436104CCC375974B108534A48EAE3FE1" "rsnano" "--network" "test" "--data-path" "/Users/ruimorais/rsnano-node/workload-results/rai-latency/repeat100/data/pr2" "node" "run"
2026-09-09T14:32:09.025193Z  INFO nanospam::setup::node_launcher: Waiting for RPC...
2026-09-09T14:32:09.129067Z  INFO nanospam::setup::node_launcher: Starting node: NANOSPAM_RAI_COMMITTEE="[\"D315857CE70C54DE713F6E82E5613BB3A1266C15E28AD2F4338C7BBEC456F532\",\"A353E45E6D0016CAEED0DFA4EC5B0640E2AA22A793F9F2375E77F1AB92977C04\",\"911999B2AEFA7ACC66EBD802B3301FF6CE431405107749D940277955CB7FDD07\",\"65A90023F6C0D2181AAA63F005D81BBC0C04650505E21D5123F9AE1F9E992BFF\",\"633D9D614858AB1710D5D8C3180E2A082DC97208BA8C26BA6C6D1A86C8E31CC0\",\"735FE217D91E88EA82324C5883296385FA0041C2FAC85C827BAA46DA1E14B83F\"]" NANOSPAM_TERMINATION_AUDIT="1" NANO_TEST_GENESIS_BLOCK="{\n    \"type\": \"open\",\n    \"account\": \"nano_3nroioygg54nusrmyun4woimqex36sp3drnctdt5955uqu47fxbkrxk7n7ne\",\n    \"source\": \"D315857CE70C54DE713F6E82E5613BB3A1266C15E28AD2F4338C7BBEC456F532\",\n    \"representative\": \"nano_3nroioygg54nusrmyun4woimqex36sp3drnctdt5955uqu47fxbkrxk7n7ne\",\n    \"signature\": \"3F6792C2DC623DF2E8643777160AB983B66B337E2478E13D2C3448126A8F4CD8DCCD19803C158A057FA44060AE0EFC09B1C311CB4FBF42F8D240610B38F56E08\",\n    \"work\": \"70FEF01F7EC45DEC\"\n    }" NANO_TEST_GENESIS_PRV ="49643F9B10CA1AA34F9AF8ED4AABD29F436104CCC375974B108534A48EAE3FE1" "rsnano" "--network" "test" "--data-path" "/Users/ruimorais/rsnano-node/workload-results/rai-latency/repeat100/data/pr3" "node" "run"
2026-09-09T14:32:09.129562Z  INFO nanospam::setup::node_launcher: Waiting for RPC...
2026-09-09T14:32:09.232210Z  INFO nanospam::setup::node_launcher: Starting node: NANOSPAM_RAI_COMMITTEE="[\"D315857CE70C54DE713F6E82E5613BB3A1266C15E28AD2F4338C7BBEC456F532\",\"A353E45E6D0016CAEED0DFA4EC5B0640E2AA22A793F9F2375E77F1AB92977C04\",\"911999B2AEFA7ACC66EBD802B3301FF6CE431405107749D940277955CB7FDD07\",\"65A90023F6C0D2181AAA63F005D81BBC0C04650505E21D5123F9AE1F9E992BFF\",\"633D9D614858AB1710D5D8C3180E2A082DC97208BA8C26BA6C6D1A86C8E31CC0\",\"735FE217D91E88EA82324C5883296385FA0041C2FAC85C827BAA46DA1E14B83F\"]" NANOSPAM_TERMINATION_AUDIT="1" NANO_TEST_GENESIS_BLOCK="{\n    \"type\": \"open\",\n    \"account\": \"nano_3nroioygg54nusrmyun4woimqex36sp3drnctdt5955uqu47fxbkrxk7n7ne\",\n    \"source\": \"D315857CE70C54DE713F6E82E5613BB3A1266C15E28AD2F4338C7BBEC456F532\",\n    \"representative\": \"nano_3nroioygg54nusrmyun4woimqex36sp3drnctdt5955uqu47fxbkrxk7n7ne\",\n    \"signature\": \"3F6792C2DC623DF2E8643777160AB983B66B337E2478E13D2C3448126A8F4CD8DCCD19803C158A057FA44060AE0EFC09B1C311CB4FBF42F8D240610B38F56E08\",\n    \"work\": \"70FEF01F7EC45DEC\"\n    }" NANO_TEST_GENESIS_PRV ="49643F9B10CA1AA34F9AF8ED4AABD29F436104CCC375974B108534A48EAE3FE1" "rsnano" "--network" "test" "--data-path" "/Users/ruimorais/rsnano-node/workload-results/rai-latency/repeat100/data/pr4" "node" "run"
2026-09-09T14:32:09.232801Z  INFO nanospam::setup::node_launcher: Waiting for RPC...
2026-09-09T14:32:09.336243Z  INFO nanospam::setup::node_launcher: Starting node: NANOSPAM_RAI_COMMITTEE="[\"D315857CE70C54DE713F6E82E5613BB3A1266C15E28AD2F4338C7BBEC456F532\",\"A353E45E6D0016CAEED0DFA4EC5B0640E2AA22A793F9F2375E77F1AB92977C04\",\"911999B2AEFA7ACC66EBD802B3301FF6CE431405107749D940277955CB7FDD07\",\"65A90023F6C0D2181AAA63F005D81BBC0C04650505E21D5123F9AE1F9E992BFF\",\"633D9D614858AB1710D5D8C3180E2A082DC97208BA8C26BA6C6D1A86C8E31CC0\",\"735FE217D91E88EA82324C5883296385FA0041C2FAC85C827BAA46DA1E14B83F\"]" NANOSPAM_TERMINATION_AUDIT="1" NANO_TEST_GENESIS_BLOCK="{\n    \"type\": \"open\",\n    \"account\": \"nano_3nroioygg54nusrmyun4woimqex36sp3drnctdt5955uqu47fxbkrxk7n7ne\",\n    \"source\": \"D315857CE70C54DE713F6E82E5613BB3A1266C15E28AD2F4338C7BBEC456F532\",\n    \"representative\": \"nano_3nroioygg54nusrmyun4woimqex36sp3drnctdt5955uqu47fxbkrxk7n7ne\",\n    \"signature\": \"3F6792C2DC623DF2E8643777160AB983B66B337E2478E13D2C3448126A8F4CD8DCCD19803C158A057FA44060AE0EFC09B1C311CB4FBF42F8D240610B38F56E08\",\n    \"work\": \"70FEF01F7EC45DEC\"\n    }" NANO_TEST_GENESIS_PRV ="49643F9B10CA1AA34F9AF8ED4AABD29F436104CCC375974B108534A48EAE3FE1" "rsnano" "--network" "test" "--data-path" "/Users/ruimorais/rsnano-node/workload-results/rai-latency/repeat100/data/pr5" "node" "run"
2026-09-09T14:32:09.336812Z  INFO nanospam::setup::node_launcher: Waiting for RPC...
2026-09-09T14:32:09.440238Z  INFO nanospam::app: RAI_QUORUM_SNAPSHOT {"phase":"startup","pr":0,"quorum":{"quorum_delta":"227989185837028770520460986979284701672","online_weight_quorum_percent":"67","online_weight_minimum":"340282366920938463463374607431768211452","online_stake_total":"0","peers_stake_total":"0","trended_stake_total":"340282366920938463463374607431768211452","peers":[]}}
2026-09-09T14:32:09.440580Z  INFO nanospam::app: RAI_QUORUM_SNAPSHOT {"phase":"startup","pr":1,"quorum":{"quorum_delta":"227989185837028770520460986979284701672","online_weight_quorum_percent":"67","online_weight_minimum":"340282366920938463463374607431768211452","online_stake_total":"0","peers_stake_total":"0","trended_stake_total":"340282366920938463463374607431768211452","peers":[]}}
2026-09-09T14:32:09.440876Z  INFO nanospam::app: RAI_QUORUM_SNAPSHOT {"phase":"startup","pr":2,"quorum":{"quorum_delta":"227989185837028770520460986979284701672","online_weight_quorum_percent":"67","online_weight_minimum":"340282366920938463463374607431768211452","online_stake_total":"0","peers_stake_total":"0","trended_stake_total":"340282366920938463463374607431768211452","peers":[]}}
2026-09-09T14:32:09.441168Z  INFO nanospam::app: RAI_QUORUM_SNAPSHOT {"phase":"startup","pr":3,"quorum":{"quorum_delta":"227989185837028770520460986979284701672","online_weight_quorum_percent":"67","online_weight_minimum":"340282366920938463463374607431768211452","online_stake_total":"0","peers_stake_total":"0","trended_stake_total":"340282366920938463463374607431768211452","peers":[]}}
2026-09-09T14:32:09.441438Z  INFO nanospam::app: RAI_QUORUM_SNAPSHOT {"phase":"startup","pr":4,"quorum":{"quorum_delta":"227989185837028770520460986979284701672","online_weight_quorum_percent":"67","online_weight_minimum":"340282366920938463463374607431768211452","online_stake_total":"0","peers_stake_total":"0","trended_stake_total":"340282366920938463463374607431768211452","peers":[]}}
2026-09-09T14:32:09.441747Z  INFO nanospam::app: RAI_QUORUM_SNAPSHOT {"phase":"startup","pr":5,"quorum":{"quorum_delta":"227989185837028770520460986979284701672","online_weight_quorum_percent":"67","online_weight_minimum":"340282366920938463463374607431768211452","online_stake_total":"0","peers_stake_total":"0","trended_stake_total":"340282366920938463463374607431768211452","peers":[]}}
2026-09-09T14:32:09.441799Z  INFO nanospam::wallets_factory: Creating wallet...
2026-09-09T14:32:09.506486Z  INFO nanospam::wallets_factory: Setting default representative...
2026-09-09T14:32:09.506841Z  INFO nanospam::wallets_factory: Creating wallet...
2026-09-09T14:32:09.550598Z  INFO nanospam::wallets_factory: Setting default representative...
2026-09-09T14:32:09.550900Z  INFO nanospam::wallets_factory: Creating wallet...
2026-09-09T14:32:09.593953Z  INFO nanospam::wallets_factory: Setting default representative...
2026-09-09T14:32:09.594249Z  INFO nanospam::wallets_factory: Creating wallet...
2026-09-09T14:32:09.638321Z  INFO nanospam::wallets_factory: Setting default representative...
2026-09-09T14:32:09.638646Z  INFO nanospam::wallets_factory: Creating wallet...
2026-09-09T14:32:09.685523Z  INFO nanospam::wallets_factory: Setting default representative...
2026-09-09T14:32:09.685804Z  INFO nanospam::wallets_factory: Creating wallet...
2026-09-09T14:32:09.731007Z  INFO nanospam::wallets_factory: Setting default representative...
2026-09-09T14:32:09.731334Z  INFO nanospam::wallets_factory: Sending Ӿ40,047,061 to PR1 wallet nano_3atmwjh8t11psdqf3qx6xjfiei94oajch6zsyauowxzjogbbgz168g5mp8f1 ...
2026-09-09T14:32:09.731770Z  INFO nanospam::wallets_factory: Waiting for confirmation for B19EAD8221E07E52EEB7CA7EE50577B662C489ADBA15C0727DB6F8AEDAD50081
2026-09-09T14:32:21.613885Z  INFO nanospam::wallets_factory: Receiving...
2026-09-09T14:32:21.616436Z  INFO nanospam::wallets_factory: Waiting for confirmation for CBAA8D9FE2AA2CFEB77B87886D76922E22E4C51C0C091A54179A7E5CF79FC967
2026-09-09T14:32:21.719761Z  INFO nanospam::wallets_factory: DONE
2026-09-09T14:32:21.719875Z  INFO nanospam::wallets_factory: ********************************************************************************
2026-09-09T14:32:21.719930Z  INFO nanospam::wallets_factory: Sending Ӿ40,047,061 to PR2 wallet nano_36asm8scxymtsjmgqp14per3zxpgaec1c65qb9en1buscq7qzqa93tfyyzs3 ...
2026-09-09T14:32:21.721583Z  INFO nanospam::wallets_factory: Waiting for confirmation for CAFB013DCCB20BBF4CC103A0FDD2BF25C8F109B9E984B96D0666840E4B0F89BA
2026-09-09T14:32:21.824452Z  INFO nanospam::wallets_factory: Receiving...
2026-09-09T14:32:21.826486Z  INFO nanospam::wallets_factory: Waiting for confirmation for 7189E44F408196E8FD1F393F06CDAD4F7C5A415B2A2DDFA8ABEABEE83DA60182
2026-09-09T14:32:21.930399Z  INFO nanospam::wallets_factory: DONE
2026-09-09T14:32:21.930510Z  INFO nanospam::wallets_factory: ********************************************************************************
2026-09-09T14:32:21.930576Z  INFO nanospam::wallets_factory: Sending Ӿ40,047,061 to PR3 wallet nano_1sfb11jzfi8k51fcnrzi1qe3qh1e1jkic3h45oak9yfg5yhbkczzxfwtat7m ...
2026-09-09T14:32:21.931811Z  INFO nanospam::wallets_factory: Waiting for confirmation for E2CEA882BAF6FE5BE932C387FEB7740D791CAF9E5BECC7CEE8176C7DDEE6378A
2026-09-09T14:32:22.035940Z  INFO nanospam::wallets_factory: Receiving...
2026-09-09T14:32:22.037214Z  INFO nanospam::wallets_factory: Waiting for confirmation for EA5EC3EAA2535557DB68742DBFA22A64B7B314876EE136F919471550E89D65D4
2026-09-09T14:32:22.139774Z  INFO nanospam::wallets_factory: DONE
2026-09-09T14:32:22.139914Z  INFO nanospam::wallets_factory: ********************************************************************************
2026-09-09T14:32:22.139975Z  INFO nanospam::wallets_factory: Sending Ӿ40,047,061 to PR4 wallet nano_1rsxmoinip7d4wafdp855194n43fs7s1jgne6tx8ruatiu6g89815pddzijp ...
2026-09-09T14:32:22.141381Z  INFO nanospam::wallets_factory: Waiting for confirmation for 22677C7E74B964C1E24887306A66EAC48330280DFA5744E0E21166EC47B5438A
2026-09-09T14:32:22.347077Z  INFO nanospam::wallets_factory: Receiving...
2026-09-09T14:32:22.349031Z  INFO nanospam::wallets_factory: Waiting for confirmation for 686B8354F9897585048EDBC473B612A3E2823DE919A66201E69841219A6B5651
2026-09-09T14:32:22.452335Z  INFO nanospam::wallets_factory: DONE
2026-09-09T14:32:22.452431Z  INFO nanospam::wallets_factory: ********************************************************************************
2026-09-09T14:32:22.452486Z  INFO nanospam::wallets_factory: Sending Ӿ40,047,061 to PR5 wallet nano_1wtzwadxk9naxc356m4rienp93ht131w7ypadk39qck8uah3bg3zohsmj9th ...
2026-09-09T14:32:22.453639Z  INFO nanospam::wallets_factory: Waiting for confirmation for 86B6E149E407121861E950D6B66B56BA39E500C199E580ED6065515C3C25094F
2026-09-09T14:32:22.556753Z  INFO nanospam::wallets_factory: Receiving...
2026-09-09T14:32:22.558215Z  INFO nanospam::wallets_factory: Waiting for confirmation for 417F8AEA0F6FDD9A5EE6F5896819E98A81FC15AA2CF56207A5BCFB27193E37A9
2026-09-09T14:32:22.660396Z  INFO nanospam::wallets_factory: DONE
2026-09-09T14:32:22.660456Z  INFO nanospam::wallets_factory: ********************************************************************************
2026-09-09T14:32:22.660469Z  INFO nanospam::wallets_factory: Sending initial spam amount...
2026-09-09T14:32:22.661444Z  INFO nanospam::wallets_factory: Waiting for confirmation for E07517312148A7145D4601B458C0A47D14AA2735159AF7052F9C833EB1AF1461
2026-09-09T14:32:22.764712Z  INFO nanospam::wallets_factory: Receiving initial spam amount...
2026-09-09T14:32:22.765792Z  INFO nanospam::wallets_factory: Waiting for confirmation for 5CF553AA1895B959F37AC6EF4449DEC811E406DF39B44294C0BB5FC3928D4703
2026-09-09T14:32:22.869858Z  INFO nanospam::high_prio_check: Creating high priority accounts...
2026-09-09T14:32:22.897867Z  INFO nanospam::high_prio_check: Waiting for confirmations...
2026-09-09T14:32:24.672056Z  INFO nanospam::app: RAI_QUORUM_SNAPSHOT {"phase":"workload_start","pr":0,"quorum":{"quorum_delta":"227989185837028770520460986979284701672","online_weight_quorum_percent":"67","online_weight_minimum":"340282366920938463463374607431768211452","online_stake_total":"340282366920938463463374607431768211452","peers_stake_total":"340282366920938463463374607431768211452","trended_stake_total":"340282366920938463463374607431768211452","peers":[{"account":"nano_1sfb11jzfi8k51fcnrzi1qe3qh1e1jkic3h45oak9yfg5yhbkczzxfwtat7m","ip":"[::1]:57753","weight":"56713727820156410577229101238628035242"},{"account":"nano_3atmwjh8t11psdqf3qx6xjfiei94oajch6zsyauowxzjogbbgz168g5mp8f1","ip":"[::1]:57710","weight":"56713727820156410577229101238628035242"},{"account":"nano_3nroioygg54nusrmyun4woimqex36sp3drnctdt5955uqu47fxbkrxk7n7ne","ip":"[::1]:0","weight":"56713727820156410577229101238628035242"},{"account":"nano_36asm8scxymtsjmgqp14per3zxpgaec1c65qb9en1buscq7qzqa93tfyyzs3","ip":"[::1]:57733","weight":"56713727820156410577229101238628035242"},{"account":"nano_1rsxmoinip7d4wafdp855194n43fs7s1jgne6tx8ruatiu6g89815pddzijp","ip":"[::1]:57785","weight":"56713727820156410577229101238628035242"},{"account":"nano_1wtzwadxk9naxc356m4rienp93ht131w7ypadk39qck8uah3bg3zohsmj9th","ip":"[::1]:57803","weight":"56713727820156410577229101238628035242"}]}}
2026-09-09T14:32:24.672587Z  INFO nanospam::app: RAI_QUORUM_SNAPSHOT {"phase":"workload_start","pr":1,"quorum":{"quorum_delta":"227989185837028770520460986979284701672","online_weight_quorum_percent":"67","online_weight_minimum":"340282366920938463463374607431768211452","online_stake_total":"340282366920938463463374607431768211452","peers_stake_total":"340282366920938463463374607431768211452","trended_stake_total":"340282366920938463463374607431768211452","peers":[{"account":"nano_1sfb11jzfi8k51fcnrzi1qe3qh1e1jkic3h45oak9yfg5yhbkczzxfwtat7m","ip":"[::1]:57756","weight":"56713727820156410577229101238628035242"},{"account":"nano_3atmwjh8t11psdqf3qx6xjfiei94oajch6zsyauowxzjogbbgz168g5mp8f1","ip":"[::1]:0","weight":"56713727820156410577229101238628035242"},{"account":"nano_3nroioygg54nusrmyun4woimqex36sp3drnctdt5955uqu47fxbkrxk7n7ne","ip":"[::1]:17075","weight":"56713727820156410577229101238628035242"},{"account":"nano_36asm8scxymtsjmgqp14per3zxpgaec1c65qb9en1buscq7qzqa93tfyyzs3","ip":"[::1]:57730","weight":"56713727820156410577229101238628035242"},{"account":"nano_1rsxmoinip7d4wafdp855194n43fs7s1jgne6tx8ruatiu6g89815pddzijp","ip":"[::1]:57782","weight":"56713727820156410577229101238628035242"},{"account":"nano_1wtzwadxk9naxc356m4rienp93ht131w7ypadk39qck8uah3bg3zohsmj9th","ip":"[::1]:57799","weight":"56713727820156410577229101238628035242"}]}}
2026-09-09T14:32:24.673066Z  INFO nanospam::app: RAI_QUORUM_SNAPSHOT {"phase":"workload_start","pr":2,"quorum":{"quorum_delta":"227989185837028770520460986979284701672","online_weight_quorum_percent":"67","online_weight_minimum":"340282366920938463463374607431768211452","online_stake_total":"340282366920938463463374607431768211452","peers_stake_total":"340282366920938463463374607431768211452","trended_stake_total":"340282366920938463463374607431768211452","peers":[{"account":"nano_1sfb11jzfi8k51fcnrzi1qe3qh1e1jkic3h45oak9yfg5yhbkczzxfwtat7m","ip":"[::1]:57761","weight":"56713727820156410577229101238628035242"},{"account":"nano_3atmwjh8t11psdqf3qx6xjfiei94oajch6zsyauowxzjogbbgz168g5mp8f1","ip":"[::1]:17085","weight":"56713727820156410577229101238628035242"},{"account":"nano_3nroioygg54nusrmyun4woimqex36sp3drnctdt5955uqu47fxbkrxk7n7ne","ip":"[::1]:17075","weight":"56713727820156410577229101238628035242"},{"account":"nano_36asm8scxymtsjmgqp14per3zxpgaec1c65qb9en1buscq7qzqa93tfyyzs3","ip":"[::1]:0","weight":"56713727820156410577229101238628035242"},{"account":"nano_1rsxmoinip7d4wafdp855194n43fs7s1jgne6tx8ruatiu6g89815pddzijp","ip":"[::1]:57783","weight":"56713727820156410577229101238628035242"},{"account":"nano_1wtzwadxk9naxc356m4rienp93ht131w7ypadk39qck8uah3bg3zohsmj9th","ip":"[::1]:57802","weight":"56713727820156410577229101238628035242"}]}}
2026-09-09T14:32:24.673682Z  INFO nanospam::app: RAI_QUORUM_SNAPSHOT {"phase":"workload_start","pr":3,"quorum":{"quorum_delta":"227989185837028770520460986979284701672","online_weight_quorum_percent":"67","online_weight_minimum":"340282366920938463463374607431768211452","online_stake_total":"340282366920938463463374607431768211452","peers_stake_total":"340282366920938463463374607431768211452","trended_stake_total":"340282366920938463463374607431768211452","peers":[{"account":"nano_1sfb11jzfi8k51fcnrzi1qe3qh1e1jkic3h45oak9yfg5yhbkczzxfwtat7m","ip":"[::1]:0","weight":"56713727820156410577229101238628035242"},{"account":"nano_3atmwjh8t11psdqf3qx6xjfiei94oajch6zsyauowxzjogbbgz168g5mp8f1","ip":"[::1]:17085","weight":"56713727820156410577229101238628035242"},{"account":"nano_3nroioygg54nusrmyun4woimqex36sp3drnctdt5955uqu47fxbkrxk7n7ne","ip":"[::1]:17075","weight":"56713727820156410577229101238628035242"},{"account":"nano_36asm8scxymtsjmgqp14per3zxpgaec1c65qb9en1buscq7qzqa93tfyyzs3","ip":"[::1]:17095","weight":"56713727820156410577229101238628035242"},{"account":"nano_1rsxmoinip7d4wafdp855194n43fs7s1jgne6tx8ruatiu6g89815pddzijp","ip":"[::1]:57786","weight":"56713727820156410577229101238628035242"},{"account":"nano_1wtzwadxk9naxc356m4rienp93ht131w7ypadk39qck8uah3bg3zohsmj9th","ip":"[::1]:57807","weight":"56713727820156410577229101238628035242"}]}}
2026-09-09T14:32:24.674517Z  INFO nanospam::app: RAI_QUORUM_SNAPSHOT {"phase":"workload_start","pr":4,"quorum":{"quorum_delta":"227989185837028770520460986979284701672","online_weight_quorum_percent":"67","online_weight_minimum":"340282366920938463463374607431768211452","online_stake_total":"340282366920938463463374607431768211452","peers_stake_total":"226854911280625642308916404954512140968","trended_stake_total":"340282366920938463463374607431768211452","peers":[{"account":"nano_1sfb11jzfi8k51fcnrzi1qe3qh1e1jkic3h45oak9yfg5yhbkczzxfwtat7m","ip":"[::1]:17105","weight":"56713727820156410577229101238628035242"},{"account":"nano_36asm8scxymtsjmgqp14per3zxpgaec1c65qb9en1buscq7qzqa93tfyyzs3","ip":"[::1]:17095","weight":"56713727820156410577229101238628035242"},{"account":"nano_1rsxmoinip7d4wafdp855194n43fs7s1jgne6tx8ruatiu6g89815pddzijp","ip":"[::1]:0","weight":"56713727820156410577229101238628035242"},{"account":"nano_1wtzwadxk9naxc356m4rienp93ht131w7ypadk39qck8uah3bg3zohsmj9th","ip":"[::1]:57812","weight":"56713727820156410577229101238628035242"}]}}
2026-09-09T14:32:24.675624Z  INFO nanospam::app: RAI_QUORUM_SNAPSHOT {"phase":"workload_start","pr":5,"quorum":{"quorum_delta":"227989185837028770520460986979284701672","online_weight_quorum_percent":"67","online_weight_minimum":"340282366920938463463374607431768211452","online_stake_total":"340282366920938463463374607431768211452","peers_stake_total":"340282366920938463463374607431768211452","trended_stake_total":"340282366920938463463374607431768211452","peers":[{"account":"nano_1wtzwadxk9naxc356m4rienp93ht131w7ypadk39qck8uah3bg3zohsmj9th","ip":"[::1]:0","weight":"56713727820156410577229101238628035242"},{"account":"nano_3atmwjh8t11psdqf3qx6xjfiei94oajch6zsyauowxzjogbbgz168g5mp8f1","ip":"[::1]:17085","weight":"56713727820156410577229101238628035242"},{"account":"nano_3nroioygg54nusrmyun4woimqex36sp3drnctdt5955uqu47fxbkrxk7n7ne","ip":"[::1]:17075","weight":"56713727820156410577229101238628035242"},{"account":"nano_36asm8scxymtsjmgqp14per3zxpgaec1c65qb9en1buscq7qzqa93tfyyzs3","ip":"[::1]:17095","weight":"56713727820156410577229101238628035242"},{"account":"nano_1rsxmoinip7d4wafdp855194n43fs7s1jgne6tx8ruatiu6g89815pddzijp","ip":"[::1]:17115","weight":"56713727820156410577229101238628035242"},{"account":"nano_1sfb11jzfi8k51fcnrzi1qe3qh1e1jkic3h45oak9yfg5yhbkczzxfwtat7m","ip":"[::1]:17105","weight":"56713727820156410577229101238628035242"}]}}
2026-09-09T14:32:24.675753Z  INFO nanospam::app: Connecting to node PR0... peer_addr=[::1]:17075
2026-09-09T14:32:24.676301Z  INFO nanospam::app: Performing handshake...
2026-09-09T14:32:24.676959Z  INFO nanospam::app: Performing handshake...
2026-09-09T14:32:24.688771Z  INFO nanospam::app: Performing handshake...
2026-09-09T14:32:24.698778Z  INFO nanospam::app: Performing handshake...
2026-09-09T14:32:24.710231Z  INFO nanospam::app: Connecting to node PR1... peer_addr=[::1]:17085
2026-09-09T14:32:24.710698Z  INFO nanospam::app: Performing handshake...
2026-09-09T14:32:24.711442Z  INFO nanospam::app: Performing handshake...
2026-09-09T14:32:24.724088Z  INFO nanospam::app: Performing handshake...
2026-09-09T14:32:24.735206Z  INFO nanospam::app: Performing handshake...
2026-09-09T14:32:24.746225Z  INFO nanospam::app: Connecting to node PR2... peer_addr=[::1]:17095
2026-09-09T14:32:24.746578Z  INFO nanospam::app: Performing handshake...
2026-09-09T14:32:24.747247Z  INFO nanospam::app: Performing handshake...
2026-09-09T14:32:24.759015Z  INFO nanospam::app: Performing handshake...
2026-09-09T14:32:24.770605Z  INFO nanospam::app: Performing handshake...
2026-09-09T14:32:24.781513Z  INFO nanospam::app: Connecting to node PR3... peer_addr=[::1]:17105
2026-09-09T14:32:24.781859Z  INFO nanospam::app: Performing handshake...
2026-09-09T14:32:24.782552Z  INFO nanospam::app: Performing handshake...
2026-09-09T14:32:24.794729Z  INFO nanospam::app: Performing handshake...
2026-09-09T14:32:24.805628Z  INFO nanospam::app: Performing handshake...
2026-09-09T14:32:24.816895Z  INFO nanospam::app: Connecting to node PR4... peer_addr=[::1]:17115
2026-09-09T14:32:24.817284Z  INFO nanospam::app: Performing handshake...
2026-09-09T14:32:24.817906Z  INFO nanospam::app: Performing handshake...
2026-09-09T14:32:24.829313Z  INFO nanospam::app: Performing handshake...
2026-09-09T14:32:24.840558Z  INFO nanospam::app: Performing handshake...
2026-09-09T14:32:24.851553Z  INFO nanospam::app: Connecting to node PR5... peer_addr=[::1]:17125
2026-09-09T14:32:24.851899Z  INFO nanospam::app: Performing handshake...
2026-09-09T14:32:24.852493Z  INFO nanospam::app: Performing handshake...
2026-09-09T14:32:24.863840Z  INFO nanospam::app: Performing handshake...
2026-09-09T14:32:24.875112Z  INFO nanospam::app: Performing handshake...
2026-09-09T14:32:24.886056Z  INFO nanospam::app: Connecting to websocket...
2026-09-09T14:32:24.886880Z  INFO nanospam::app: Starting with 1500 BPS
2026-09-09T14:32:25.888583Z  INFO nanospam::app: Confirmed 124 blocks | 1,500 bps | 134 cps | avg conf time: 102 ms
2026-09-09T14:32:26.889706Z  INFO nanospam::app: Confirmed 1,602 blocks | 1,500 bps | 1,476 cps | avg conf time: 113 ms
2026-09-09T14:32:27.891137Z  INFO nanospam::app: Confirmed 3,177 blocks | 1,500 bps | 1,572 cps | avg conf time: 280 ms
2026-09-09T14:32:28.891510Z  INFO nanospam::app: Confirmed 4,354 blocks | 1,500 bps | 1,176 cps | avg conf time: 562 ms
2026-09-09T14:32:29.892461Z  INFO nanospam::app: Confirmed 5,602 blocks | 1,500 bps | 1,246 cps | avg conf time: 895 ms
2026-09-09T14:32:30.893410Z  INFO nanospam::app: Confirmed 6,996 blocks | 1,500 bps | 1,392 cps | avg conf time: 908 ms
2026-09-09T14:32:31.894753Z  INFO nanospam::app: Confirmed 7,736 blocks | 1,500 bps | 738 cps | avg conf time: 1083 ms
2026-09-09T14:32:32.895352Z  INFO nanospam::app: Confirmed 8,484 blocks | 1,500 bps | 747 cps | avg conf time: 1305 ms
2026-09-09T14:32:33.896803Z  INFO nanospam::app: Confirmed 9,139 blocks | 1,500 bps | 654 cps | avg conf time: 1609 ms
2026-09-09T14:32:34.897317Z  INFO nanospam::app: Confirmed 10,036 blocks | 1,500 bps | 896 cps | avg conf time: 1999 ms
2026-09-09T14:32:35.898474Z  INFO nanospam::app: Confirmed 11,767 blocks | 1,500 bps | 1,728 cps | avg conf time: 2440 ms
2026-09-09T14:32:36.899696Z  INFO nanospam::app: Confirmed 12,921 blocks | 1,500 bps | 1,152 cps | avg conf time: 2048 ms
2026-09-09T14:32:37.901094Z  INFO nanospam::app: Confirmed 13,653 blocks | 1,500 bps | 730 cps | avg conf time: 2359 ms
2026-09-09T14:32:38.902405Z  INFO nanospam::app: Confirmed 13,987 blocks | 1,500 bps | 333 cps | avg conf time: 4222 ms
2026-09-09T14:32:39.903678Z  INFO nanospam::app: Confirmed 14,190 blocks | 1,500 bps | 202 cps | avg conf time: 4278 ms
2026-09-09T14:32:40.905409Z  INFO nanospam::app: Confirmed 14,190 blocks | 1,500 bps | 0 cps | avg conf time: 0 ms
2026-09-09T14:32:41.906534Z  INFO nanospam::app: Confirmed 14,190 blocks | 1,500 bps | 0 cps | avg conf time: 0 ms
2026-09-09T14:32:42.908835Z  INFO nanospam::app: Confirmed 14,190 blocks | 1,500 bps | 0 cps | avg conf time: 0 ms
2026-09-09T14:32:43.910450Z  INFO nanospam::app: Confirmed 14,190 blocks | 1,500 bps | 0 cps | avg conf time: 0 ms
2026-09-09T14:32:44.912244Z  INFO nanospam::app: Confirmed 14,190 blocks | 1,500 bps | 0 cps | avg conf time: 0 ms
2026-09-09T14:32:45.913931Z  INFO nanospam::app: Confirmed 14,190 blocks | 1,500 bps | 0 cps | avg conf time: 0 ms
2026-09-09T14:32:46.915636Z  INFO nanospam::app: Confirmed 14,190 blocks | 1,500 bps | 0 cps | avg conf time: 0 ms
2026-09-09T14:32:47.916985Z  INFO nanospam::app: Confirmed 14,190 blocks | 1,500 bps | 0 cps | avg conf time: 0 ms
2026-09-09T14:32:48.918936Z  INFO nanospam::app: Confirmed 14,190 blocks | 1,500 bps | 0 cps | avg conf time: 0 ms
2026-09-09T14:32:49.921134Z  INFO nanospam::app: Confirmed 14,190 blocks | 1,500 bps | 0 cps | avg conf time: 0 ms
2026-09-09T14:32:50.923647Z  INFO nanospam::app: Confirmed 14,190 blocks | 1,500 bps | 0 cps | avg conf time: 0 ms
2026-09-09T14:32:51.925895Z  INFO nanospam::app: Confirmed 14,190 blocks | 1,500 bps | 0 cps | avg conf time: 0 ms
2026-09-09T14:32:52.927950Z  INFO nanospam::app: Confirmed 14,190 blocks | 1,500 bps | 0 cps | avg conf time: 0 ms
2026-09-09T14:32:53.929475Z  INFO nanospam::app: Confirmed 14,190 blocks | 1,500 bps | 0 cps | avg conf time: 0 ms
2026-09-09T14:32:54.931317Z  INFO nanospam::app: Confirmed 14,190 blocks | 1,500 bps | 0 cps | avg conf time: 0 ms
2026-09-09T14:32:55.932352Z  INFO nanospam::app: Confirmed 14,190 blocks | 1,500 bps | 0 cps | avg conf time: 0 ms
2026-09-09T14:32:56.933605Z  INFO nanospam::app: Confirmed 14,190 blocks | 1,500 bps | 0 cps | avg conf time: 0 ms
2026-09-09T14:32:57.936434Z  INFO nanospam::app: Confirmed 14,190 blocks | 1,500 bps | 0 cps | avg conf time: 0 ms
2026-09-09T14:32:58.938291Z  INFO nanospam::app: Confirmed 14,190 blocks | 1,500 bps | 0 cps | avg conf time: 0 ms
2026-09-09T14:32:59.939135Z  INFO nanospam::app: Confirmed 14,190 blocks | 1,500 bps | 0 cps | avg conf time: 0 ms
2026-09-09T14:33:00.940888Z  INFO nanospam::app: Confirmed 14,190 blocks | 1,500 bps | 0 cps | avg conf time: 0 ms
2026-09-09T14:33:01.942456Z  INFO nanospam::app: Confirmed 14,190 blocks | 1,500 bps | 0 cps | avg conf time: 0 ms
2026-09-09T14:33:02.944783Z  INFO nanospam::app: Confirmed 14,190 blocks | 1,500 bps | 0 cps | avg conf time: 0 ms
2026-09-09T14:33:03.996736Z  INFO nanospam::app: Confirmed 14,190 blocks | 1,500 bps | 0 cps | avg conf time: 0 ms
2026-09-09T14:33:05.004402Z  INFO nanospam::app: Confirmed 14,190 blocks | 1,500 bps | 0 cps | avg conf time: 0 ms
2026-09-09T14:33:06.005794Z  INFO nanospam::app: Confirmed 14,190 blocks | 1,500 bps | 0 cps | avg conf time: 0 ms
2026-09-09T14:33:07.006921Z  INFO nanospam::app: Confirmed 14,190 blocks | 1,500 bps | 0 cps | avg conf time: 0 ms
2026-09-09T14:33:08.008732Z  INFO nanospam::app: Confirmed 14,190 blocks | 1,500 bps | 0 cps | avg conf time: 0 ms
2026-09-09T14:33:09.011028Z  INFO nanospam::app: Confirmed 14,190 blocks | 1,500 bps | 0 cps | avg conf time: 0 ms
2026-09-09T14:33:10.012436Z  INFO nanospam::app: Confirmed 14,190 blocks | 1,500 bps | 0 cps | avg conf time: 0 ms
2026-09-09T14:33:11.014014Z  INFO nanospam::app: Confirmed 14,190 blocks | 1,500 bps | 0 cps | avg conf time: 0 ms
2026-09-09T14:33:12.016617Z  INFO nanospam::app: Confirmed 14,190 blocks | 1,500 bps | 0 cps | avg conf time: 0 ms
2026-09-09T14:33:13.017208Z  INFO nanospam::app: Confirmed 14,190 blocks | 1,500 bps | 0 cps | avg conf time: 0 ms
2026-09-09T14:33:54.334139Z  INFO nanospam::app: Confirmed 14,190 blocks | 1,500 bps | 0 cps | avg conf time: 0 ms
2026-09-09T14:33:55.336237Z  INFO nanospam::app: Confirmed 14,190 blocks | 1,500 bps | 0 cps | avg conf time: 0 ms
2026-09-09T14:33:56.336617Z  INFO nanospam::app: Confirmed 14,190 blocks | 1,500 bps | 0 cps | avg conf time: 0 ms
2026-09-09T14:33:57.336921Z  INFO nanospam::app: Confirmed 14,190 blocks | 1,500 bps | 0 cps | avg conf time: 0 ms
2026-09-09T14:33:58.338099Z  INFO nanospam::app: Confirmed 14,190 blocks | 1,500 bps | 0 cps | avg conf time: 0 ms
2026-09-09T14:33:59.340202Z  INFO nanospam::app: Confirmed 14,190 blocks | 1,500 bps | 0 cps | avg conf time: 0 ms
2026-09-09T14:34:00.341675Z  INFO nanospam::app: Confirmed 14,190 blocks | 1,500 bps | 0 cps | avg conf time: 0 ms
2026-09-09T14:34:01.344012Z  INFO nanospam::app: Confirmed 14,190 blocks | 1,500 bps | 0 cps | avg conf time: 0 ms
2026-09-09T14:34:02.346762Z  INFO nanospam::app: Confirmed 14,190 blocks | 1,500 bps | 0 cps | avg conf time: 0 ms
2026-09-09T14:34:03.350010Z  INFO nanospam::app: Confirmed 14,190 blocks | 1,500 bps | 0 cps | avg conf time: 0 ms
2026-09-09T14:34:04.349824Z  INFO nanospam::app: Confirmed 14,190 blocks | 1,500 bps | 0 cps | avg conf time: 0 ms
2026-09-09T14:34:05.189579Z  INFO nanospam::app: Confirming 15000 blocks took 60.00s
2026-09-09T14:34:05.189626Z  INFO nanospam::app: Confirmation rate: 236.48058198821147 cps
2026-09-09T14:34:05.189633Z  INFO nanospam::app: Average conf time: 1331.1260796004933 ms
2026-09-09T14:34:05.190880Z  INFO nanospam::app: BENCHMARK_RESULT {"confirmed_forks":10,"confirmed_nonforks":14180,"average_fork_confirmation_ms":3078.5890332000004,"average_nonfork_confirmation_ms":1329.8937361917488,"rai_protocol":true,"epoch_length":7500,"prs":6,"accounts":15000,"created_blocks":15000,"published_blocks":15000,"confirmed_blocks":14190,"duration_seconds":60.00492675,"confirmation_rate_cps":236.48058198821147,"average_confirmation_ms":1331.1260796004933}
2026-09-09T14:35:03.121273Z  INFO nanospam::app: PERFORMANCE_WINDOW_TERMINATION_RESULT {"success":true,"workload_roots":15000,"pending_roots":0,"timeout_roots":18,"all_workload_terminated":true,"failed_roots":0,"conflicting_finalization_roots":0,"conflicting_timeout_finalization_roots":0,"examples":[]}
2026-09-09T14:35:03.122064Z  INFO nanospam::app: CANONICAL_AGREEMENT_RESULT {"success":true,"additional_observation_seconds":0.0,"performance_cutoff":1788964445189574000,"agreement_cutoff":1788964445189574000}
2026-09-09T14:35:03.122552Z  INFO nanospam::app: RAI_QUORUM_SNAPSHOT {"phase":"end","pr":0,"quorum":{"quorum_delta":"227989185837028770520460986979284701672","online_weight_quorum_percent":"67","online_weight_minimum":"340282366920938463463374607431768211452","online_stake_total":"340282366920938463463374607431768211452","peers_stake_total":"340282366920938463463374607431768211452","trended_stake_total":"340282366920938463463374607431768211452","peers":[{"account":"nano_1sfb11jzfi8k51fcnrzi1qe3qh1e1jkic3h45oak9yfg5yhbkczzxfwtat7m","ip":"[::1]:57753","weight":"56713727820156410577229101238628035242"},{"account":"nano_3atmwjh8t11psdqf3qx6xjfiei94oajch6zsyauowxzjogbbgz168g5mp8f1","ip":"[::1]:57710","weight":"56713727820156410577229101238628035242"},{"account":"nano_3nroioygg54nusrmyun4woimqex36sp3drnctdt5955uqu47fxbkrxk7n7ne","ip":"[::1]:0","weight":"56713727820156410577229101238628035242"},{"account":"nano_36asm8scxymtsjmgqp14per3zxpgaec1c65qb9en1buscq7qzqa93tfyyzs3","ip":"[::1]:57733","weight":"56713727820156410577229101238628035242"},{"account":"nano_1rsxmoinip7d4wafdp855194n43fs7s1jgne6tx8ruatiu6g89815pddzijp","ip":"[::1]:57785","weight":"56713727820156410577229101238628035242"},{"account":"nano_1wtzwadxk9naxc356m4rienp93ht131w7ypadk39qck8uah3bg3zohsmj9th","ip":"[::1]:57803","weight":"56713727820156410577229101238628035242"}]}}
2026-09-09T14:35:03.123170Z  INFO nanospam::app: RAI_QUORUM_SNAPSHOT {"phase":"end","pr":1,"quorum":{"quorum_delta":"227989185837028770520460986979284701672","online_weight_quorum_percent":"67","online_weight_minimum":"340282366920938463463374607431768211452","online_stake_total":"340282366920938463463374607431768211452","peers_stake_total":"340282366920938463463374607431768211452","trended_stake_total":"340282366920938463463374607431768211452","peers":[{"account":"nano_1sfb11jzfi8k51fcnrzi1qe3qh1e1jkic3h45oak9yfg5yhbkczzxfwtat7m","ip":"[::1]:57756","weight":"56713727820156410577229101238628035242"},{"account":"nano_3atmwjh8t11psdqf3qx6xjfiei94oajch6zsyauowxzjogbbgz168g5mp8f1","ip":"[::1]:0","weight":"56713727820156410577229101238628035242"},{"account":"nano_3nroioygg54nusrmyun4woimqex36sp3drnctdt5955uqu47fxbkrxk7n7ne","ip":"[::1]:17075","weight":"56713727820156410577229101238628035242"},{"account":"nano_36asm8scxymtsjmgqp14per3zxpgaec1c65qb9en1buscq7qzqa93tfyyzs3","ip":"[::1]:57730","weight":"56713727820156410577229101238628035242"},{"account":"nano_1rsxmoinip7d4wafdp855194n43fs7s1jgne6tx8ruatiu6g89815pddzijp","ip":"[::1]:57782","weight":"56713727820156410577229101238628035242"},{"account":"nano_1wtzwadxk9naxc356m4rienp93ht131w7ypadk39qck8uah3bg3zohsmj9th","ip":"[::1]:57799","weight":"56713727820156410577229101238628035242"}]}}
2026-09-09T14:35:03.123581Z  INFO nanospam::app: RAI_QUORUM_SNAPSHOT {"phase":"end","pr":2,"quorum":{"quorum_delta":"227989185837028770520460986979284701672","online_weight_quorum_percent":"67","online_weight_minimum":"340282366920938463463374607431768211452","online_stake_total":"340282366920938463463374607431768211452","peers_stake_total":"340282366920938463463374607431768211452","trended_stake_total":"340282366920938463463374607431768211452","peers":[{"account":"nano_1sfb11jzfi8k51fcnrzi1qe3qh1e1jkic3h45oak9yfg5yhbkczzxfwtat7m","ip":"[::1]:57761","weight":"56713727820156410577229101238628035242"},{"account":"nano_3atmwjh8t11psdqf3qx6xjfiei94oajch6zsyauowxzjogbbgz168g5mp8f1","ip":"[::1]:17085","weight":"56713727820156410577229101238628035242"},{"account":"nano_3nroioygg54nusrmyun4woimqex36sp3drnctdt5955uqu47fxbkrxk7n7ne","ip":"[::1]:17075","weight":"56713727820156410577229101238628035242"},{"account":"nano_36asm8scxymtsjmgqp14per3zxpgaec1c65qb9en1buscq7qzqa93tfyyzs3","ip":"[::1]:0","weight":"56713727820156410577229101238628035242"},{"account":"nano_1rsxmoinip7d4wafdp855194n43fs7s1jgne6tx8ruatiu6g89815pddzijp","ip":"[::1]:57783","weight":"56713727820156410577229101238628035242"},{"account":"nano_1wtzwadxk9naxc356m4rienp93ht131w7ypadk39qck8uah3bg3zohsmj9th","ip":"[::1]:57802","weight":"56713727820156410577229101238628035242"}]}}
2026-09-09T14:35:03.123977Z  INFO nanospam::app: RAI_QUORUM_SNAPSHOT {"phase":"end","pr":3,"quorum":{"quorum_delta":"227989185837028770520460986979284701672","online_weight_quorum_percent":"67","online_weight_minimum":"340282366920938463463374607431768211452","online_stake_total":"340282366920938463463374607431768211452","peers_stake_total":"340282366920938463463374607431768211452","trended_stake_total":"340282366920938463463374607431768211452","peers":[{"account":"nano_1sfb11jzfi8k51fcnrzi1qe3qh1e1jkic3h45oak9yfg5yhbkczzxfwtat7m","ip":"[::1]:0","weight":"56713727820156410577229101238628035242"},{"account":"nano_3atmwjh8t11psdqf3qx6xjfiei94oajch6zsyauowxzjogbbgz168g5mp8f1","ip":"[::1]:17085","weight":"56713727820156410577229101238628035242"},{"account":"nano_3nroioygg54nusrmyun4woimqex36sp3drnctdt5955uqu47fxbkrxk7n7ne","ip":"[::1]:17075","weight":"56713727820156410577229101238628035242"},{"account":"nano_36asm8scxymtsjmgqp14per3zxpgaec1c65qb9en1buscq7qzqa93tfyyzs3","ip":"[::1]:17095","weight":"56713727820156410577229101238628035242"},{"account":"nano_1rsxmoinip7d4wafdp855194n43fs7s1jgne6tx8ruatiu6g89815pddzijp","ip":"[::1]:57786","weight":"56713727820156410577229101238628035242"},{"account":"nano_1wtzwadxk9naxc356m4rienp93ht131w7ypadk39qck8uah3bg3zohsmj9th","ip":"[::1]:57807","weight":"56713727820156410577229101238628035242"}]}}
2026-09-09T14:35:03.124281Z  INFO nanospam::app: RAI_QUORUM_SNAPSHOT {"phase":"end","pr":4,"quorum":{"quorum_delta":"227989185837028770520460986979284701672","online_weight_quorum_percent":"67","online_weight_minimum":"340282366920938463463374607431768211452","online_stake_total":"340282366920938463463374607431768211452","peers_stake_total":"340282366920938463463374607431768211452","trended_stake_total":"340282366920938463463374607431768211452","peers":[{"account":"nano_1sfb11jzfi8k51fcnrzi1qe3qh1e1jkic3h45oak9yfg5yhbkczzxfwtat7m","ip":"[::1]:17105","weight":"56713727820156410577229101238628035242"},{"account":"nano_3atmwjh8t11psdqf3qx6xjfiei94oajch6zsyauowxzjogbbgz168g5mp8f1","ip":"[::1]:17085","weight":"56713727820156410577229101238628035242"},{"account":"nano_3nroioygg54nusrmyun4woimqex36sp3drnctdt5955uqu47fxbkrxk7n7ne","ip":"[::1]:17075","weight":"56713727820156410577229101238628035242"},{"account":"nano_36asm8scxymtsjmgqp14per3zxpgaec1c65qb9en1buscq7qzqa93tfyyzs3","ip":"[::1]:17095","weight":"56713727820156410577229101238628035242"},{"account":"nano_1rsxmoinip7d4wafdp855194n43fs7s1jgne6tx8ruatiu6g89815pddzijp","ip":"[::1]:0","weight":"56713727820156410577229101238628035242"},{"account":"nano_1wtzwadxk9naxc356m4rienp93ht131w7ypadk39qck8uah3bg3zohsmj9th","ip":"[::1]:57812","weight":"56713727820156410577229101238628035242"}]}}
2026-09-09T14:35:03.124577Z  INFO nanospam::app: RAI_QUORUM_SNAPSHOT {"phase":"end","pr":5,"quorum":{"quorum_delta":"227989185837028770520460986979284701672","online_weight_quorum_percent":"67","online_weight_minimum":"340282366920938463463374607431768211452","online_stake_total":"340282366920938463463374607431768211452","peers_stake_total":"340282366920938463463374607431768211452","trended_stake_total":"340282366920938463463374607431768211452","peers":[{"account":"nano_1wtzwadxk9naxc356m4rienp93ht131w7ypadk39qck8uah3bg3zohsmj9th","ip":"[::1]:0","weight":"56713727820156410577229101238628035242"},{"account":"nano_3atmwjh8t11psdqf3qx6xjfiei94oajch6zsyauowxzjogbbgz168g5mp8f1","ip":"[::1]:17085","weight":"56713727820156410577229101238628035242"},{"account":"nano_3nroioygg54nusrmyun4woimqex36sp3drnctdt5955uqu47fxbkrxk7n7ne","ip":"[::1]:17075","weight":"56713727820156410577229101238628035242"},{"account":"nano_36asm8scxymtsjmgqp14per3zxpgaec1c65qb9en1buscq7qzqa93tfyyzs3","ip":"[::1]:17095","weight":"56713727820156410577229101238628035242"},{"account":"nano_1rsxmoinip7d4wafdp855194n43fs7s1jgne6tx8ruatiu6g89815pddzijp","ip":"[::1]:17115","weight":"56713727820156410577229101238628035242"},{"account":"nano_1sfb11jzfi8k51fcnrzi1qe3qh1e1jkic3h45oak9yfg5yhbkczzxfwtat7m","ip":"[::1]:17105","weight":"56713727820156410577229101238628035242"}]}}
2026-09-09T14:35:05.054220Z  INFO nanospam::app: TERMINATION_RESULT {"success":true,"workload_roots":15000,"pending_roots":0,"timeout_roots":18,"all_workload_terminated":true,"failed_roots":0,"conflicting_finalization_roots":0,"conflicting_timeout_finalization_roots":0,"examples":[]}
2026-09-09T14:35:05.110781Z  INFO nanospam::app: ELECTION_RESULT {"pr":0,"terminated":16234,"timeout_notarized":1377,"notarized":15074,"notarized_not_finalized":884,"finalized":14190,"fast":13499,"nonfast_explicit":691,"implicit":0}
2026-09-09T14:35:05.173221Z  INFO nanospam::app: ELECTION_RESULT {"pr":1,"terminated":16267,"timeout_notarized":1410,"notarized":15074,"notarized_not_finalized":884,"finalized":14190,"fast":13566,"nonfast_explicit":624,"implicit":0}
2026-09-09T14:35:05.232720Z  INFO nanospam::app: ELECTION_RESULT {"pr":2,"terminated":16041,"timeout_notarized":1184,"notarized":15074,"notarized_not_finalized":884,"finalized":14190,"fast":13481,"nonfast_explicit":709,"implicit":0}
2026-09-09T14:35:05.290626Z  INFO nanospam::app: ELECTION_RESULT {"pr":3,"terminated":16547,"timeout_notarized":1690,"notarized":15074,"notarized_not_finalized":884,"finalized":14190,"fast":13107,"nonfast_explicit":1083,"implicit":0}
2026-09-09T14:35:05.338732Z  INFO nanospam::app: ELECTION_RESULT {"pr":4,"terminated":16445,"timeout_notarized":1588,"notarized":15074,"notarized_not_finalized":884,"finalized":14190,"fast":13829,"nonfast_explicit":361,"implicit":0}
2026-09-09T14:35:05.383991Z  INFO nanospam::app: ELECTION_RESULT {"pr":5,"terminated":16226,"timeout_notarized":1369,"notarized":15074,"notarized_not_finalized":884,"finalized":14190,"fast":12964,"nonfast_explicit":1226,"implicit":0}
2026-09-09T14:35:05.385753Z  INFO nanospam::app: PR0 ledger: {"current_epoch":"1","confirmation_epochs":{"0":{"count":"8613","digest":"4F6B15DAF97A31E22081F38A049047A50D632C94E14876613F6455E791323580"},"1":{"count":"5630","digest":"881C954582CF479864AD9C9BFCD3CD761042D0AAA88A38321D74693FAEBDAEEF"}},"count":"15053","unchecked":"0","cemented":"14243"}
2026-09-09T14:35:05.387346Z  INFO nanospam::app: PR1 ledger: {"current_epoch":"1","confirmation_epochs":{"0":{"count":"8613","digest":"4F6B15DAF97A31E22081F38A049047A50D632C94E14876613F6455E791323580"},"1":{"count":"5630","digest":"881C954582CF479864AD9C9BFCD3CD761042D0AAA88A38321D74693FAEBDAEEF"}},"count":"15053","unchecked":"0","cemented":"14243"}
2026-09-09T14:35:05.388889Z  INFO nanospam::app: PR2 ledger: {"current_epoch":"1","confirmation_epochs":{"0":{"count":"8613","digest":"4F6B15DAF97A31E22081F38A049047A50D632C94E14876613F6455E791323580"},"1":{"count":"5630","digest":"881C954582CF479864AD9C9BFCD3CD761042D0AAA88A38321D74693FAEBDAEEF"}},"count":"15053","unchecked":"0","cemented":"14243"}
2026-09-09T14:35:05.390410Z  INFO nanospam::app: PR3 ledger: {"current_epoch":"1","confirmation_epochs":{"0":{"count":"8613","digest":"4F6B15DAF97A31E22081F38A049047A50D632C94E14876613F6455E791323580"},"1":{"count":"5630","digest":"881C954582CF479864AD9C9BFCD3CD761042D0AAA88A38321D74693FAEBDAEEF"}},"count":"15053","unchecked":"0","cemented":"14243"}
2026-09-09T14:35:05.391947Z  INFO nanospam::app: PR4 ledger: {"current_epoch":"1","confirmation_epochs":{"0":{"count":"8613","digest":"4F6B15DAF97A31E22081F38A049047A50D632C94E14876613F6455E791323580"},"1":{"count":"5630","digest":"881C954582CF479864AD9C9BFCD3CD761042D0AAA88A38321D74693FAEBDAEEF"}},"count":"15053","unchecked":"0","cemented":"14243"}
2026-09-09T14:35:05.393459Z  INFO nanospam::app: PR5 ledger: {"current_epoch":"1","confirmation_epochs":{"0":{"count":"8613","digest":"4F6B15DAF97A31E22081F38A049047A50D632C94E14876613F6455E791323580"},"1":{"count":"5630","digest":"881C954582CF479864AD9C9BFCD3CD761042D0AAA88A38321D74693FAEBDAEEF"}},"count":"15053","unchecked":"0","cemented":"14243"}
