[2m2026-09-22T19:39:51.208346Z[0m [32m INFO[0m [2mnanospam::setup::account_map_factory[0m[2m:[0m Creating account keys file with 45000 keys: "/Users/ruimorais/NanoSpam/account_keys.txt"
[2m2026-09-22T19:39:51.955939Z[0m [32m INFO[0m [2mnanospam::setup::node_config_factory[0m[2m:[0m ********************************************************************************
[2m2026-09-22T19:39:51.955950Z[0m [32m INFO[0m [2mnanospam::setup::node_config_factory[0m[2m:[0m Setting up node PR0...
[2m2026-09-22T19:39:51.955954Z[0m [32m INFO[0m [2mnanospam::setup::node_config_factory[0m[2m:[0m Creating directory "/Users/ruimorais/NanoSpam/pr0"
[2m2026-09-22T19:39:51.956038Z[0m [32m INFO[0m [2mnanospam::setup::node_config_factory[0m[2m:[0m Creating node config file: "/Users/ruimorais/NanoSpam/pr0/config-node.toml"
[2m2026-09-22T19:39:51.956163Z[0m [32m INFO[0m [2mnanospam::setup::node_config_factory[0m[2m:[0m Creating rpc config file: "/Users/ruimorais/NanoSpam/pr0/config-rpc.toml"
[2m2026-09-22T19:39:51.956229Z[0m [32m INFO[0m [2mnanospam::setup::node_config_factory[0m[2m:[0m ********************************************************************************
[2m2026-09-22T19:39:51.956233Z[0m [32m INFO[0m [2mnanospam::setup::node_config_factory[0m[2m:[0m Setting up node PR1...
[2m2026-09-22T19:39:51.956237Z[0m [32m INFO[0m [2mnanospam::setup::node_config_factory[0m[2m:[0m Creating directory "/Users/ruimorais/NanoSpam/pr1"
[2m2026-09-22T19:39:51.956279Z[0m [32m INFO[0m [2mnanospam::setup::node_config_factory[0m[2m:[0m Creating node config file: "/Users/ruimorais/NanoSpam/pr1/config-node.toml"
[2m2026-09-22T19:39:51.956350Z[0m [32m INFO[0m [2mnanospam::setup::node_config_factory[0m[2m:[0m Creating rpc config file: "/Users/ruimorais/NanoSpam/pr1/config-rpc.toml"
[2m2026-09-22T19:39:51.956411Z[0m [32m INFO[0m [2mnanospam::setup::node_config_factory[0m[2m:[0m ********************************************************************************
[2m2026-09-22T19:39:51.956415Z[0m [32m INFO[0m [2mnanospam::setup::node_config_factory[0m[2m:[0m Setting up node PR2...
[2m2026-09-22T19:39:51.956418Z[0m [32m INFO[0m [2mnanospam::setup::node_config_factory[0m[2m:[0m Creating directory "/Users/ruimorais/NanoSpam/pr2"
[2m2026-09-22T19:39:51.956457Z[0m [32m INFO[0m [2mnanospam::setup::node_config_factory[0m[2m:[0m Creating node config file: "/Users/ruimorais/NanoSpam/pr2/config-node.toml"
[2m2026-09-22T19:39:51.956521Z[0m [32m INFO[0m [2mnanospam::setup::node_config_factory[0m[2m:[0m Creating rpc config file: "/Users/ruimorais/NanoSpam/pr2/config-rpc.toml"
[2m2026-09-22T19:39:51.956577Z[0m [32m INFO[0m [2mnanospam::setup::node_config_factory[0m[2m:[0m ********************************************************************************
[2m2026-09-22T19:39:51.956581Z[0m [32m INFO[0m [2mnanospam::setup::node_config_factory[0m[2m:[0m Setting up node PR3...
[2m2026-09-22T19:39:51.956585Z[0m [32m INFO[0m [2mnanospam::setup::node_config_factory[0m[2m:[0m Creating directory "/Users/ruimorais/NanoSpam/pr3"
[2m2026-09-22T19:39:51.956619Z[0m [32m INFO[0m [2mnanospam::setup::node_config_factory[0m[2m:[0m Creating node config file: "/Users/ruimorais/NanoSpam/pr3/config-node.toml"
[2m2026-09-22T19:39:51.956681Z[0m [32m INFO[0m [2mnanospam::setup::node_config_factory[0m[2m:[0m Creating rpc config file: "/Users/ruimorais/NanoSpam/pr3/config-rpc.toml"
[2m2026-09-22T19:39:51.956733Z[0m [32m INFO[0m [2mnanospam::setup::node_config_factory[0m[2m:[0m ********************************************************************************
[2m2026-09-22T19:39:51.956737Z[0m [32m INFO[0m [2mnanospam::setup::node_config_factory[0m[2m:[0m Setting up node PR4...
[2m2026-09-22T19:39:51.956740Z[0m [32m INFO[0m [2mnanospam::setup::node_config_factory[0m[2m:[0m Creating directory "/Users/ruimorais/NanoSpam/pr4"
[2m2026-09-22T19:39:51.956778Z[0m [32m INFO[0m [2mnanospam::setup::node_config_factory[0m[2m:[0m Creating node config file: "/Users/ruimorais/NanoSpam/pr4/config-node.toml"
[2m2026-09-22T19:39:51.956866Z[0m [32m INFO[0m [2mnanospam::setup::node_config_factory[0m[2m:[0m Creating rpc config file: "/Users/ruimorais/NanoSpam/pr4/config-rpc.toml"
[2m2026-09-22T19:39:51.956936Z[0m [32m INFO[0m [2mnanospam::setup::node_config_factory[0m[2m:[0m ********************************************************************************
[2m2026-09-22T19:39:51.956940Z[0m [32m INFO[0m [2mnanospam::setup::node_config_factory[0m[2m:[0m Setting up node PR5...
[2m2026-09-22T19:39:51.956944Z[0m [32m INFO[0m [2mnanospam::setup::node_config_factory[0m[2m:[0m Creating directory "/Users/ruimorais/NanoSpam/pr5"
[2m2026-09-22T19:39:51.956994Z[0m [32m INFO[0m [2mnanospam::setup::node_config_factory[0m[2m:[0m Creating node config file: "/Users/ruimorais/NanoSpam/pr5/config-node.toml"
[2m2026-09-22T19:39:51.957058Z[0m [32m INFO[0m [2mnanospam::setup::node_config_factory[0m[2m:[0m Creating rpc config file: "/Users/ruimorais/NanoSpam/pr5/config-rpc.toml"
[2m2026-09-22T19:39:51.957145Z[0m [32m INFO[0m [2mnanospam::setup::node_launcher[0m[2m:[0m Starting node: NANO_TEST_GENESIS_BLOCK="{\n    \"type\": \"open\",\n    \"account\": \"nano_3nroioygg54nusrmyun4woimqex36sp3drnctdt5955uqu47fxbkrxk7n7ne\",\n    \"source\": \"D315857CE70C54DE713F6E82E5613BB3A1266C15E28AD2F4338C7BBEC456F532\",\n    \"representative\": \"nano_3nroioygg54nusrmyun4woimqex36sp3drnctdt5955uqu47fxbkrxk7n7ne\",\n    \"signature\": \"3F6792C2DC623DF2E8643777160AB983B66B337E2478E13D2C3448126A8F4CD8DCCD19803C158A057FA44060AE0EFC09B1C311CB4FBF42F8D240610B38F56E08\",\n    \"work\": \"70FEF01F7EC45DEC\"\n    }" NANO_TEST_GENESIS_PRV ="49643F9B10CA1AA34F9AF8ED4AABD29F436104CCC375974B108534A48EAE3FE1" "rsnano" "--network" "test" "--data-path" "/Users/ruimorais/NanoSpam/pr0" "node" "run"
[2m2026-09-22T19:39:51.957582Z[0m [32m INFO[0m [2mnanospam::setup::node_launcher[0m[2m:[0m Waiting for RPC...
[2m2026-09-22T19:39:52.059648Z[0m [32m INFO[0m [2mnanospam::setup::node_launcher[0m[2m:[0m Starting node: NANO_TEST_GENESIS_BLOCK="{\n    \"type\": \"open\",\n    \"account\": \"nano_3nroioygg54nusrmyun4woimqex36sp3drnctdt5955uqu47fxbkrxk7n7ne\",\n    \"source\": \"D315857CE70C54DE713F6E82E5613BB3A1266C15E28AD2F4338C7BBEC456F532\",\n    \"representative\": \"nano_3nroioygg54nusrmyun4woimqex36sp3drnctdt5955uqu47fxbkrxk7n7ne\",\n    \"signature\": \"3F6792C2DC623DF2E8643777160AB983B66B337E2478E13D2C3448126A8F4CD8DCCD19803C158A057FA44060AE0EFC09B1C311CB4FBF42F8D240610B38F56E08\",\n    \"work\": \"70FEF01F7EC45DEC\"\n    }" NANO_TEST_GENESIS_PRV ="49643F9B10CA1AA34F9AF8ED4AABD29F436104CCC375974B108534A48EAE3FE1" "rsnano" "--network" "test" "--data-path" "/Users/ruimorais/NanoSpam/pr1" "node" "run"
[2m2026-09-22T19:39:52.059915Z[0m [32m INFO[0m [2mnanospam::setup::node_launcher[0m[2m:[0m Waiting for RPC...
[2m2026-09-22T19:39:52.164006Z[0m [32m INFO[0m [2mnanospam::setup::node_launcher[0m[2m:[0m Starting node: NANO_TEST_GENESIS_BLOCK="{\n    \"type\": \"open\",\n    \"account\": \"nano_3nroioygg54nusrmyun4woimqex36sp3drnctdt5955uqu47fxbkrxk7n7ne\",\n    \"source\": \"D315857CE70C54DE713F6E82E5613BB3A1266C15E28AD2F4338C7BBEC456F532\",\n    \"representative\": \"nano_3nroioygg54nusrmyun4woimqex36sp3drnctdt5955uqu47fxbkrxk7n7ne\",\n    \"signature\": \"3F6792C2DC623DF2E8643777160AB983B66B337E2478E13D2C3448126A8F4CD8DCCD19803C158A057FA44060AE0EFC09B1C311CB4FBF42F8D240610B38F56E08\",\n    \"work\": \"70FEF01F7EC45DEC\"\n    }" NANO_TEST_GENESIS_PRV ="49643F9B10CA1AA34F9AF8ED4AABD29F436104CCC375974B108534A48EAE3FE1" "rsnano" "--network" "test" "--data-path" "/Users/ruimorais/NanoSpam/pr2" "node" "run"
[2m2026-09-22T19:39:52.164512Z[0m [32m INFO[0m [2mnanospam::setup::node_launcher[0m[2m:[0m Waiting for RPC...
[2m2026-09-22T19:39:52.268768Z[0m [32m INFO[0m [2mnanospam::setup::node_launcher[0m[2m:[0m Starting node: NANO_TEST_GENESIS_BLOCK="{\n    \"type\": \"open\",\n    \"account\": \"nano_3nroioygg54nusrmyun4woimqex36sp3drnctdt5955uqu47fxbkrxk7n7ne\",\n    \"source\": \"D315857CE70C54DE713F6E82E5613BB3A1266C15E28AD2F4338C7BBEC456F532\",\n    \"representative\": \"nano_3nroioygg54nusrmyun4woimqex36sp3drnctdt5955uqu47fxbkrxk7n7ne\",\n    \"signature\": \"3F6792C2DC623DF2E8643777160AB983B66B337E2478E13D2C3448126A8F4CD8DCCD19803C158A057FA44060AE0EFC09B1C311CB4FBF42F8D240610B38F56E08\",\n    \"work\": \"70FEF01F7EC45DEC\"\n    }" NANO_TEST_GENESIS_PRV ="49643F9B10CA1AA34F9AF8ED4AABD29F436104CCC375974B108534A48EAE3FE1" "rsnano" "--network" "test" "--data-path" "/Users/ruimorais/NanoSpam/pr3" "node" "run"
[2m2026-09-22T19:39:52.269375Z[0m [32m INFO[0m [2mnanospam::setup::node_launcher[0m[2m:[0m Waiting for RPC...
[2m2026-09-22T19:39:52.373392Z[0m [32m INFO[0m [2mnanospam::setup::node_launcher[0m[2m:[0m Starting node: NANO_TEST_GENESIS_BLOCK="{\n    \"type\": \"open\",\n    \"account\": \"nano_3nroioygg54nusrmyun4woimqex36sp3drnctdt5955uqu47fxbkrxk7n7ne\",\n    \"source\": \"D315857CE70C54DE713F6E82E5613BB3A1266C15E28AD2F4338C7BBEC456F532\",\n    \"representative\": \"nano_3nroioygg54nusrmyun4woimqex36sp3drnctdt5955uqu47fxbkrxk7n7ne\",\n    \"signature\": \"3F6792C2DC623DF2E8643777160AB983B66B337E2478E13D2C3448126A8F4CD8DCCD19803C158A057FA44060AE0EFC09B1C311CB4FBF42F8D240610B38F56E08\",\n    \"work\": \"70FEF01F7EC45DEC\"\n    }" NANO_TEST_GENESIS_PRV ="49643F9B10CA1AA34F9AF8ED4AABD29F436104CCC375974B108534A48EAE3FE1" "rsnano" "--network" "test" "--data-path" "/Users/ruimorais/NanoSpam/pr4" "node" "run"
[2m2026-09-22T19:39:52.373805Z[0m [32m INFO[0m [2mnanospam::setup::node_launcher[0m[2m:[0m Waiting for RPC...
[2m2026-09-22T19:39:52.476647Z[0m [32m INFO[0m [2mnanospam::setup::node_launcher[0m[2m:[0m Starting node: NANO_TEST_GENESIS_BLOCK="{\n    \"type\": \"open\",\n    \"account\": \"nano_3nroioygg54nusrmyun4woimqex36sp3drnctdt5955uqu47fxbkrxk7n7ne\",\n    \"source\": \"D315857CE70C54DE713F6E82E5613BB3A1266C15E28AD2F4338C7BBEC456F532\",\n    \"representative\": \"nano_3nroioygg54nusrmyun4woimqex36sp3drnctdt5955uqu47fxbkrxk7n7ne\",\n    \"signature\": \"3F6792C2DC623DF2E8643777160AB983B66B337E2478E13D2C3448126A8F4CD8DCCD19803C158A057FA44060AE0EFC09B1C311CB4FBF42F8D240610B38F56E08\",\n    \"work\": \"70FEF01F7EC45DEC\"\n    }" NANO_TEST_GENESIS_PRV ="49643F9B10CA1AA34F9AF8ED4AABD29F436104CCC375974B108534A48EAE3FE1" "rsnano" "--network" "test" "--data-path" "/Users/ruimorais/NanoSpam/pr5" "node" "run"
[2m2026-09-22T19:39:52.477191Z[0m [32m INFO[0m [2mnanospam::setup::node_launcher[0m[2m:[0m Waiting for RPC...
[2m2026-09-22T19:39:52.581143Z[0m [32m INFO[0m [2mnanospam::wallets_factory[0m[2m:[0m Creating wallet...
[2m2026-09-22T19:39:52.646028Z[0m [32m INFO[0m [2mnanospam::wallets_factory[0m[2m:[0m Setting default representative...
[2m2026-09-22T19:39:52.646371Z[0m [32m INFO[0m [2mnanospam::wallets_factory[0m[2m:[0m Creating wallet...
[2m2026-09-22T19:39:52.692072Z[0m [32m INFO[0m [2mnanospam::wallets_factory[0m[2m:[0m Setting default representative...
[2m2026-09-22T19:39:52.692418Z[0m [32m INFO[0m [2mnanospam::wallets_factory[0m[2m:[0m Sending Ӿ40,047,061 to PR1 wallet nano_3atmwjh8t11psdqf3qx6xjfiei94oajch6zsyauowxzjogbbgz168g5mp8f1 ...
[2m2026-09-22T19:39:52.692782Z[0m [32m INFO[0m [2mnanospam::wallets_factory[0m[2m:[0m Waiting for confirmation for B19EAD8221E07E52EEB7CA7EE50577B662C489ADBA15C0727DB6F8AEDAD50081
[2m2026-09-22T19:40:07.807258Z[0m [32m INFO[0m [2mnanospam::wallets_factory[0m[2m:[0m Receiving...
[2m2026-09-22T19:40:07.809515Z[0m [32m INFO[0m [2mnanospam::wallets_factory[0m[2m:[0m Waiting for confirmation for CBAA8D9FE2AA2CFEB77B87886D76922E22E4C51C0C091A54179A7E5CF79FC967
[2m2026-09-22T19:40:07.914878Z[0m [32m INFO[0m [2mnanospam::wallets_factory[0m[2m:[0m DONE
[2m2026-09-22T19:40:07.915026Z[0m [32m INFO[0m [2mnanospam::wallets_factory[0m[2m:[0m ********************************************************************************
[2m2026-09-22T19:40:07.915047Z[0m [32m INFO[0m [2mnanospam::wallets_factory[0m[2m:[0m Creating wallet...
[2m2026-09-22T19:40:07.995221Z[0m [32m INFO[0m [2mnanospam::wallets_factory[0m[2m:[0m Setting default representative...
[2m2026-09-22T19:40:07.995656Z[0m [32m INFO[0m [2mnanospam::wallets_factory[0m[2m:[0m Sending Ӿ40,047,061 to PR2 wallet nano_36asm8scxymtsjmgqp14per3zxpgaec1c65qb9en1buscq7qzqa93tfyyzs3 ...
[2m2026-09-22T19:40:07.996204Z[0m [32m INFO[0m [2mnanospam::wallets_factory[0m[2m:[0m Waiting for confirmation for CAFB013DCCB20BBF4CC103A0FDD2BF25C8F109B9E984B96D0666840E4B0F89BA
[2m2026-09-22T19:40:08.099273Z[0m [32m INFO[0m [2mnanospam::wallets_factory[0m[2m:[0m Receiving...
[2m2026-09-22T19:40:08.100048Z[0m [32m INFO[0m [2mnanospam::wallets_factory[0m[2m:[0m Waiting for confirmation for 7189E44F408196E8FD1F393F06CDAD4F7C5A415B2A2DDFA8ABEABEE83DA60182
[2m2026-09-22T19:40:08.203730Z[0m [32m INFO[0m [2mnanospam::wallets_factory[0m[2m:[0m DONE
[2m2026-09-22T19:40:08.203760Z[0m [32m INFO[0m [2mnanospam::wallets_factory[0m[2m:[0m ********************************************************************************
[2m2026-09-22T19:40:08.203765Z[0m [32m INFO[0m [2mnanospam::wallets_factory[0m[2m:[0m Creating wallet...
[2m2026-09-22T19:40:08.259308Z[0m [32m INFO[0m [2mnanospam::wallets_factory[0m[2m:[0m Setting default representative...
[2m2026-09-22T19:40:08.259614Z[0m [32m INFO[0m [2mnanospam::wallets_factory[0m[2m:[0m Sending Ӿ40,047,061 to PR3 wallet nano_1sfb11jzfi8k51fcnrzi1qe3qh1e1jkic3h45oak9yfg5yhbkczzxfwtat7m ...
[2m2026-09-22T19:40:08.260013Z[0m [32m INFO[0m [2mnanospam::wallets_factory[0m[2m:[0m Waiting for confirmation for E2CEA882BAF6FE5BE932C387FEB7740D791CAF9E5BECC7CEE8176C7DDEE6378A
[2m2026-09-22T19:40:08.362682Z[0m [32m INFO[0m [2mnanospam::wallets_factory[0m[2m:[0m Receiving...
[2m2026-09-22T19:40:08.363515Z[0m [32m INFO[0m [2mnanospam::wallets_factory[0m[2m:[0m Waiting for confirmation for EA5EC3EAA2535557DB68742DBFA22A64B7B314876EE136F919471550E89D65D4
[2m2026-09-22T19:40:08.467365Z[0m [32m INFO[0m [2mnanospam::wallets_factory[0m[2m:[0m DONE
[2m2026-09-22T19:40:08.467472Z[0m [32m INFO[0m [2mnanospam::wallets_factory[0m[2m:[0m ********************************************************************************
[2m2026-09-22T19:40:08.467486Z[0m [32m INFO[0m [2mnanospam::wallets_factory[0m[2m:[0m Creating wallet...
[2m2026-09-22T19:40:08.546428Z[0m [32m INFO[0m [2mnanospam::wallets_factory[0m[2m:[0m Setting default representative...
[2m2026-09-22T19:40:08.546795Z[0m [32m INFO[0m [2mnanospam::wallets_factory[0m[2m:[0m Sending Ӿ40,047,061 to PR4 wallet nano_1rsxmoinip7d4wafdp855194n43fs7s1jgne6tx8ruatiu6g89815pddzijp ...
[2m2026-09-22T19:40:08.547263Z[0m [32m INFO[0m [2mnanospam::wallets_factory[0m[2m:[0m Waiting for confirmation for 22677C7E74B964C1E24887306A66EAC48330280DFA5744E0E21166EC47B5438A
[2m2026-09-22T19:40:08.753294Z[0m [32m INFO[0m [2mnanospam::wallets_factory[0m[2m:[0m Receiving...
[2m2026-09-22T19:40:08.754821Z[0m [32m INFO[0m [2mnanospam::wallets_factory[0m[2m:[0m Waiting for confirmation for 686B8354F9897585048EDBC473B612A3E2823DE919A66201E69841219A6B5651
[2m2026-09-22T19:40:08.961386Z[0m [32m INFO[0m [2mnanospam::wallets_factory[0m[2m:[0m DONE
[2m2026-09-22T19:40:08.961551Z[0m [32m INFO[0m [2mnanospam::wallets_factory[0m[2m:[0m ********************************************************************************
[2m2026-09-22T19:40:08.961574Z[0m [32m INFO[0m [2mnanospam::wallets_factory[0m[2m:[0m Creating wallet...
[2m2026-09-22T19:40:09.043708Z[0m [32m INFO[0m [2mnanospam::wallets_factory[0m[2m:[0m Setting default representative...
[2m2026-09-22T19:40:09.044069Z[0m [32m INFO[0m [2mnanospam::wallets_factory[0m[2m:[0m Sending Ӿ40,047,061 to PR5 wallet nano_1wtzwadxk9naxc356m4rienp93ht131w7ypadk39qck8uah3bg3zohsmj9th ...
[2m2026-09-22T19:40:09.044461Z[0m [32m INFO[0m [2mnanospam::wallets_factory[0m[2m:[0m Waiting for confirmation for 86B6E149E407121861E950D6B66B56BA39E500C199E580ED6065515C3C25094F
[2m2026-09-22T19:40:24.365190Z[0m [32m INFO[0m [2mnanospam::wallets_factory[0m[2m:[0m Receiving...
[2m2026-09-22T19:40:24.366223Z[0m [32m INFO[0m [2mnanospam::wallets_factory[0m[2m:[0m Waiting for confirmation for 417F8AEA0F6FDD9A5EE6F5896819E98A81FC15AA2CF56207A5BCFB27193E37A9
[2m2026-09-22T19:40:24.573645Z[0m [32m INFO[0m [2mnanospam::wallets_factory[0m[2m:[0m DONE
[2m2026-09-22T19:40:24.573822Z[0m [32m INFO[0m [2mnanospam::wallets_factory[0m[2m:[0m ********************************************************************************
[2m2026-09-22T19:40:24.573855Z[0m [32m INFO[0m [2mnanospam::wallets_factory[0m[2m:[0m Sending initial spam amount...
[2m2026-09-22T19:40:24.576593Z[0m [32m INFO[0m [2mnanospam::wallets_factory[0m[2m:[0m Waiting for confirmation for 8CF9644CD0AAB6A8814BABC352C4C0EED2B02F0C3B0C734ECE21D8636E2A355F
[2m2026-09-22T19:40:24.785248Z[0m [32m INFO[0m [2mnanospam::wallets_factory[0m[2m:[0m Receiving initial spam amount...
[2m2026-09-22T19:40:24.788217Z[0m [32m INFO[0m [2mnanospam::wallets_factory[0m[2m:[0m Waiting for confirmation for 8D713296756D3009FF0670B494195520F0C9109346E9695BA9C5B7FC5C7D3AE8
[2m2026-09-22T19:40:24.996044Z[0m [32m INFO[0m [2mnanospam::wallets_factory[0m[2m:[0m Seeding Ӿ14,285,714 to nano_1x41gakp54fbdrwae6eea77zbwwharksigajot516kntq4saxaxc5whn8x3m for representative D315857CE70C54DE713F6E82E5613BB3A1266C15E28AD2F4338C7BBEC456F532
[2m2026-09-22T19:40:24.996506Z[0m [32m INFO[0m [2mnanospam::wallets_factory[0m[2m:[0m Waiting for confirmation for AB9BF0CB3106995577A323DEC06EA0F04AB18EF9335F3F51B870423D7D4844DD
[2m2026-09-22T19:40:25.203161Z[0m [32m INFO[0m [2mnanospam::wallets_factory[0m[2m:[0m Waiting for confirmation for A60C548E4E84052F57F942DD699475A65399C75AAE329614CA5829755695EEB1
[2m2026-09-22T19:40:25.307621Z[0m [32m INFO[0m [2mnanospam::wallets_factory[0m[2m:[0m Seeding Ӿ14,285,714 to nano_16tnx1osxeirjmdoixnhm8qeqm5q7swyan9jemtn9tdoacf31zjkuixja1na for representative A353E45E6D0016CAEED0DFA4EC5B0640E2AA22A793F9F2375E77F1AB92977C04
[2m2026-09-22T19:40:25.308438Z[0m [32m INFO[0m [2mnanospam::wallets_factory[0m[2m:[0m Waiting for confirmation for 3E4ADF6D8C538CFE6EF934572CB8705CD65F76ABF31B8ED79603A506672B8619
[2m2026-09-22T19:40:25.412105Z[0m [32m INFO[0m [2mnanospam::wallets_factory[0m[2m:[0m Waiting for confirmation for E382A9CBF08E5C53403E278803E6372BB42E3062A734FB466D929928703E4F7F
[2m2026-09-22T19:40:25.617981Z[0m [32m INFO[0m [2mnanospam::wallets_factory[0m[2m:[0m Seeding Ӿ14,285,714 to nano_369ht64iwfwonb94ny7yu7kxqz4rugxwwhhz6g5gcsh3u1nj37btfezb64cr for representative 911999B2AEFA7ACC66EBD802B3301FF6CE431405107749D940277955CB7FDD07
[2m2026-09-22T19:40:25.619135Z[0m [32m INFO[0m [2mnanospam::wallets_factory[0m[2m:[0m Waiting for confirmation for EB35DB07179EDA37E13F94472AA04D2ECC2B0B22A39AA95128CE9B2FEECBF9C8
[2m2026-09-22T19:40:25.829935Z[0m [32m INFO[0m [2mnanospam::wallets_factory[0m[2m:[0m Waiting for confirmation for C3E3EECC6F99279909AE45A140270305198B63AEB6E8B177B5514BB6B10F383F
[2m2026-09-22T19:40:26.039187Z[0m [32m INFO[0m [2mnanospam::wallets_factory[0m[2m:[0m Seeding Ӿ14,285,714 to nano_3szwjmr8d5zntazptjd78y56yfw3xpms9b1wuysqr5ekkti71ttgu63sd8u7 for representative 65A90023F6C0D2181AAA63F005D81BBC0C04650505E21D5123F9AE1F9E992BFF
[2m2026-09-22T19:40:26.040506Z[0m [32m INFO[0m [2mnanospam::wallets_factory[0m[2m:[0m Waiting for confirmation for 5B6B69AB28F611BDB87FA0054BAD5057ADCF4DCD457536E04DC833C4E2A395C6
[2m2026-09-22T19:40:26.144133Z[0m [32m INFO[0m [2mnanospam::wallets_factory[0m[2m:[0m Waiting for confirmation for 76E130930C7E624DC6A5D4D8C5F0E5AAAAE29F7F86B875AB108BB827B73F66D0
[2m2026-09-22T19:40:26.248729Z[0m [32m INFO[0m [2mnanospam::wallets_factory[0m[2m:[0m Seeding Ӿ14,285,714 to nano_16jdn7ib3egwwinba4stouih4qbn78h5mdx5yxjgpbbipqxjmsjnb7dmthke for representative 633D9D614858AB1710D5D8C3180E2A082DC97208BA8C26BA6C6D1A86C8E31CC0
[2m2026-09-22T19:40:26.250024Z[0m [32m INFO[0m [2mnanospam::wallets_factory[0m[2m:[0m Waiting for confirmation for E9B63E30159561FFA2E435F62DB8FCD1FDCB07AD1ADBE49F49E3CCB257B78E6C
[2m2026-09-22T19:40:26.356214Z[0m [32m INFO[0m [2mnanospam::wallets_factory[0m[2m:[0m Waiting for confirmation for FF877A1162138DA12EF57CC57C5F7B355D73D390720CE82123FC7859EA9742DB
[2m2026-09-22T19:40:26.562858Z[0m [32m INFO[0m [2mnanospam::wallets_factory[0m[2m:[0m Seeding Ӿ14,285,714 to nano_3rw31duacqjn3wuyoi7rcgxtt4bdj5byienayi8d8o46du75jw545phzbr6y for representative 735FE217D91E88EA82324C5883296385FA0041C2FAC85C827BAA46DA1E14B83F
[2m2026-09-22T19:40:26.563639Z[0m [32m INFO[0m [2mnanospam::wallets_factory[0m[2m:[0m Waiting for confirmation for FAF06C462C189021BCC91F310DF0C67DD7007934365007B14225115564005CE5
[2m2026-09-22T19:40:26.772512Z[0m [32m INFO[0m [2mnanospam::wallets_factory[0m[2m:[0m Waiting for confirmation for 3E0F7FD141D43824111EC1E76DD3A86E3B286A107F4FBAF5F80BC50695EB3883
[2m2026-09-22T19:40:26.979808Z[0m [32m INFO[0m [2mnanospam::high_prio_check[0m[2m:[0m Creating high priority accounts...
[2m2026-09-22T19:40:27.008478Z[0m [32m INFO[0m [2mnanospam::high_prio_check[0m[2m:[0m Waiting for confirmations...
[2m2026-09-22T19:40:29.198810Z[0m [32m INFO[0m [2mnanospam::app[0m[2m:[0m Waiting for all PRs to see the full quorum...
[2m2026-09-22T19:40:29.202062Z[0m [32m INFO[0m [2mnanospam::app[0m[2m:[0m All PRs see the full quorum after 3.06625ms
[2m2026-09-22T19:40:29.202156Z[0m [32m INFO[0m [2mnanospam::app[0m[2m:[0m Waiting for all PRs to hold the same cemented ledger...
[2m2026-09-22T19:40:29.203411Z[0m [32m INFO[0m [2mnanospam::app[0m[2m:[0m All PRs hold the same ledger of 65 blocks after 1.243666ms
EPOCH_COMMITTEE derived_by=genesis members=6 accounts=33 n=340282366920938463463374607431768211455 digest=EDFA9B01F0F695C72492AEF076ADCC00649641FDB32186ED92DA235395046A8F shares=["735FE217:20.2%", "A353E45E:16.0%", "633D9D61:16.0%", "65A90023:16.0%", "911999B2:16.0%", "D315857C:16.0%"] t=1790106029203
EPOCH_START epoch=0 elections=0 t=1790106029203
EPOCH_COMMITTEE derived_by=genesis members=6 accounts=33 n=340282366920938463463374607431768211455 digest=EDFA9B01F0F695C72492AEF076ADCC00649641FDB32186ED92DA235395046A8F shares=["735FE217:20.2%", "A353E45E:16.0%", "633D9D61:16.0%", "65A90023:16.0%", "911999B2:16.0%", "D315857C:16.0%"] t=1790106029203
EPOCH_START epoch=0 elections=0 t=1790106029204
EPOCH_COMMITTEE derived_by=genesis members=6 accounts=33 n=340282366920938463463374607431768211455 digest=EDFA9B01F0F695C72492AEF076ADCC00649641FDB32186ED92DA235395046A8F shares=["735FE217:20.2%", "A353E45E:16.0%", "633D9D61:16.0%", "65A90023:16.0%", "911999B2:16.0%", "D315857C:16.0%"] t=1790106029204
EPOCH_START epoch=0 elections=0 t=1790106029204
EPOCH_COMMITTEE derived_by=genesis members=6 accounts=33 n=340282366920938463463374607431768211455 digest=EDFA9B01F0F695C72492AEF076ADCC00649641FDB32186ED92DA235395046A8F shares=["735FE217:20.2%", "A353E45E:16.0%", "633D9D61:16.0%", "65A90023:16.0%", "911999B2:16.0%", "D315857C:16.0%"] t=1790106029205
EPOCH_START epoch=0 elections=0 t=1790106029205
EPOCH_COMMITTEE derived_by=genesis members=6 accounts=33 n=340282366920938463463374607431768211455 digest=EDFA9B01F0F695C72492AEF076ADCC00649641FDB32186ED92DA235395046A8F shares=["735FE217:20.2%", "A353E45E:16.0%", "633D9D61:16.0%", "65A90023:16.0%", "911999B2:16.0%", "D315857C:16.0%"] t=1790106029205
EPOCH_START epoch=0 elections=0 t=1790106029205
EPOCH_COMMITTEE derived_by=genesis members=6 accounts=33 n=340282366920938463463374607431768211455 digest=EDFA9B01F0F695C72492AEF076ADCC00649641FDB32186ED92DA235395046A8F shares=["735FE217:20.2%", "A353E45E:16.0%", "633D9D61:16.0%", "65A90023:16.0%", "911999B2:16.0%", "D315857C:16.0%"] t=1790106029206
EPOCH_START epoch=0 elections=0 t=1790106029206
[2m2026-09-22T19:40:29.206234Z[0m [32m INFO[0m [2mnanospam::app[0m[2m:[0m Started the epochs on every PR
[2m2026-09-22T19:40:29.206268Z[0m [32m INFO[0m [2mnanospam::app[0m[2m:[0m Connecting to node PR0... [3mpeer_addr[0m[2m=[0m[::1]:17075
[2m2026-09-22T19:40:29.206765Z[0m [32m INFO[0m [2mnanospam::app[0m[2m:[0m Performing handshake...
[2m2026-09-22T19:40:29.207595Z[0m [32m INFO[0m [2mnanospam::app[0m[2m:[0m Performing handshake...
[2m2026-09-22T19:40:29.219712Z[0m [32m INFO[0m [2mnanospam::app[0m[2m:[0m Performing handshake...
[2m2026-09-22T19:40:29.231994Z[0m [32m INFO[0m [2mnanospam::app[0m[2m:[0m Performing handshake...
[2m2026-09-22T19:40:29.242596Z[0m [32m INFO[0m [2mnanospam::app[0m[2m:[0m Connecting to node PR1... [3mpeer_addr[0m[2m=[0m[::1]:17085
[2m2026-09-22T19:40:29.242839Z[0m [32m INFO[0m [2mnanospam::app[0m[2m:[0m Performing handshake...
[2m2026-09-22T19:40:29.243529Z[0m [32m INFO[0m [2mnanospam::app[0m[2m:[0m Performing handshake...
[2m2026-09-22T19:40:29.255262Z[0m [32m INFO[0m [2mnanospam::app[0m[2m:[0m Performing handshake...
[2m2026-09-22T19:40:29.267721Z[0m [32m INFO[0m [2mnanospam::app[0m[2m:[0m Performing handshake...
[2m2026-09-22T19:40:29.277289Z[0m [32m INFO[0m [2mnanospam::app[0m[2m:[0m Connecting to node PR2... [3mpeer_addr[0m[2m=[0m[::1]:17095
[2m2026-09-22T19:40:29.277681Z[0m [32m INFO[0m [2mnanospam::app[0m[2m:[0m Performing handshake...
[2m2026-09-22T19:40:29.278498Z[0m [32m INFO[0m [2mnanospam::app[0m[2m:[0m Performing handshake...
[2m2026-09-22T19:40:29.290088Z[0m [32m INFO[0m [2mnanospam::app[0m[2m:[0m Performing handshake...
[2m2026-09-22T19:40:29.302290Z[0m [32m INFO[0m [2mnanospam::app[0m[2m:[0m Performing handshake...
[2m2026-09-22T19:40:29.313303Z[0m [32m INFO[0m [2mnanospam::app[0m[2m:[0m Connecting to node PR3... [3mpeer_addr[0m[2m=[0m[::1]:17105
[2m2026-09-22T19:40:29.313633Z[0m [32m INFO[0m [2mnanospam::app[0m[2m:[0m Performing handshake...
[2m2026-09-22T19:40:29.314581Z[0m [32m INFO[0m [2mnanospam::app[0m[2m:[0m Performing handshake...
[2m2026-09-22T19:40:29.326258Z[0m [32m INFO[0m [2mnanospam::app[0m[2m:[0m Performing handshake...
[2m2026-09-22T19:40:29.337304Z[0m [32m INFO[0m [2mnanospam::app[0m[2m:[0m Performing handshake...
[2m2026-09-22T19:40:29.347864Z[0m [32m INFO[0m [2mnanospam::app[0m[2m:[0m Connecting to node PR4... [3mpeer_addr[0m[2m=[0m[::1]:17115
[2m2026-09-22T19:40:29.348237Z[0m [32m INFO[0m [2mnanospam::app[0m[2m:[0m Performing handshake...
[2m2026-09-22T19:40:29.349271Z[0m [32m INFO[0m [2mnanospam::app[0m[2m:[0m Performing handshake...
[2m2026-09-22T19:40:29.361068Z[0m [32m INFO[0m [2mnanospam::app[0m[2m:[0m Performing handshake...
[2m2026-09-22T19:40:29.372347Z[0m [32m INFO[0m [2mnanospam::app[0m[2m:[0m Performing handshake...
[2m2026-09-22T19:40:29.384350Z[0m [32m INFO[0m [2mnanospam::app[0m[2m:[0m Connecting to node PR5... [3mpeer_addr[0m[2m=[0m[::1]:17125
[2m2026-09-22T19:40:29.384631Z[0m [32m INFO[0m [2mnanospam::app[0m[2m:[0m Performing handshake...
[2m2026-09-22T19:40:29.385378Z[0m [32m INFO[0m [2mnanospam::app[0m[2m:[0m Performing handshake...
[2m2026-09-22T19:40:29.397419Z[0m [32m INFO[0m [2mnanospam::app[0m[2m:[0m Performing handshake...
[2m2026-09-22T19:40:29.408733Z[0m [32m INFO[0m [2mnanospam::app[0m[2m:[0m Performing handshake...
[2m2026-09-22T19:40:29.420514Z[0m [32m INFO[0m [2mnanospam::app[0m[2m:[0m Connecting to websocket...
[2m2026-09-22T19:40:29.421538Z[0m [32m INFO[0m [2mnanospam::app[0m[2m:[0m Starting with 2000 BPS
[2m2026-09-22T19:40:30.424749Z[0m [32m INFO[0m [2mnanospam::app[0m[2m:[0m Confirmed 123 blocks | 2,000 bps | 146 cps | avg conf time: 191 ms
[2m2026-09-22T19:40:31.426514Z[0m [32m INFO[0m [2mnanospam::app[0m[2m:[0m Confirmed 1,230 blocks | 2,000 bps | 1,105 cps | avg conf time: 172 ms
[2m2026-09-22T19:40:32.428060Z[0m [32m INFO[0m [2mnanospam::app[0m[2m:[0m Confirmed 3,812 blocks | 2,000 bps | 2,576 cps | avg conf time: 279 ms
[2m2026-09-22T19:40:33.428540Z[0m [32m INFO[0m [2mnanospam::app[0m[2m:[0m Confirmed 6,581 blocks | 2,000 bps | 2,767 cps | avg conf time: 232 ms
[2m2026-09-22T19:40:34.429511Z[0m [32m INFO[0m [2mnanospam::app[0m[2m:[0m Confirmed 8,382 blocks | 2,000 bps | 1,799 cps | avg conf time: 100 ms
[2m2026-09-22T19:40:35.430559Z[0m [32m INFO[0m [2mnanospam::app[0m[2m:[0m Confirmed 10,206 blocks | 2,000 bps | 1,822 cps | avg conf time: 92 ms
[2m2026-09-22T19:40:36.431746Z[0m [32m INFO[0m [2mnanospam::app[0m[2m:[0m Confirmed 12,136 blocks | 2,000 bps | 1,927 cps | avg conf time: 93 ms
EPOCH_ENDED epoch=0 elections=944 active=223 t=1790106037207
EPOCH_DRAIN_WAIT epoch=0 unterminated=223 previous_closed=true first=["A129BD6024983A9AA4AE09C8C43111806C4894C94B15157AF7EAD3E715FF0851:active:1:2", "A6C6E3773043B2888A9041F50E79DDFF77D1740D32290F26AD915FF09DFA2DBA:active:1:0", "FA7EDB7FDF0D2222D60569E701775C9406B9A7F9E15D4CFB7719F5E448839286:active:1:0"] t=1790106037207
EPOCH_ENDED epoch=0 elections=960 active=227 t=1790106037212
EPOCH_ENDED epoch=0 elections=960 active=227 t=1790106037212
EPOCH_ENDED epoch=0 elections=960 active=227 t=1790106037213
EPOCH_ENDED epoch=0 elections=960 active=227 t=1790106037213
EPOCH_ENDED epoch=0 elections=960 active=227 t=1790106037213
EPOCH_DRAIN_WAIT epoch=0 unterminated=24 previous_closed=true first=["8BB95A0B91BAD16D8C44BCE7CAD06666EC7C64DBDBD170BC8A6FB6DCA5AA78D1:active:1:3", "DE3EEFF9A7FB707035E47AB7049FC54A98839201BE8DD8FC7B44586C67C91AAB:active:1:3", "35E20FC1BE034316A34560E9088D103911FD6AC371E736B2AC18256459CF1B4F:active:1:3"] t=1790106037293
EPOCH_DRAIN_WAIT epoch=0 unterminated=6 previous_closed=true first=["8BB95A0B91BAD16D8C44BCE7CAD06666EC7C64DBDBD170BC8A6FB6DCA5AA78D1:active:2:6", "EE80C2C3DEED12EE24F36824A3D9B41ACF7D4EEA1657C78248AA38FF2EB8DDF2:active:2:6", "5A0102041A387D2A4A1C47BE064B618EAE67B9620D1328D90F130D1AEFF26EF5:active:2:6"] t=1790106037321
[2m2026-09-22T19:40:37.432472Z[0m [32m INFO[0m [2mnanospam::app[0m[2m:[0m Confirmed 13,690 blocks | 2,000 bps | 1,552 cps | avg conf time: 95 ms
EPOCH_CLOSE_READY epoch=0 value=86151CAF9D26DD7D7A53A60843B2D573721B35755E7597596664EA1B91177AAB t=1790106037658
EPOCH_CLOSE_ROUND epoch=0 round=0 leader=633D9D614858AB1710D5D8C3180E2A082DC97208BA8C26BA6C6D1A86C8E31CC0 leads=false t=1790106037658
EPOCH_ADVANCED epoch=1 elections=745 active=0 t=1790106037658
EPOCH_REPORT epoch=0 certified=14670 residual=589 root=2FC836832D5134DB24E6767C36D0BD42E7774DBF2B4123C54E1BF19075DFE7EF reports=1 t=1790106037676
EPOCH_CLOSE_READY epoch=0 value=F4861EEA41774C488473668807286C41DCF31E07935633716C6D8D729632953E t=1790106037725
EPOCH_CLOSE_ROUND epoch=0 round=0 leader=633D9D614858AB1710D5D8C3180E2A082DC97208BA8C26BA6C6D1A86C8E31CC0 leads=true t=1790106037725
EPOCH_ADVANCED epoch=1 elections=745 active=0 t=1790106037725
EPOCH_REPORT epoch=0 certified=14677 residual=562 root=53CDD733874C03127A82242C99C5BD3A33FE69523BBEF4C1AE936E3F3AFAE755 reports=1 t=1790106037750
EPOCH_CLOSE_READY epoch=0 value=F4861EEA41774C488473668807286C41DCF31E07935633716C6D8D729632953E t=1790106037833
EPOCH_CLOSE_ROUND epoch=0 round=0 leader=633D9D614858AB1710D5D8C3180E2A082DC97208BA8C26BA6C6D1A86C8E31CC0 leads=false t=1790106037833
EPOCH_ADVANCED epoch=1 elections=745 active=0 t=1790106037833
EPOCH_REPORT epoch=0 certified=14677 residual=596 root=53CDD733874C03127A82242C99C5BD3A33FE69523BBEF4C1AE936E3F3AFAE755 reports=1 t=1790106037852
EPOCH_RECONCILED epoch=0 reporter=633D9D614858AB1710D5D8C3180E2A082DC97208BA8C26BA6C6D1A86C8E31CC0 complete=true entries=0 total=14677 t=1790106037871
EPOCH_RECONCILED epoch=0 reporter=A353E45E6D0016CAEED0DFA4EC5B0640E2AA22A793F9F2375E77F1AB92977C04 complete=true entries=0 total=14677 t=1790106037947
EPOCH_RECONCILED epoch=0 reporter=633D9D614858AB1710D5D8C3180E2A082DC97208BA8C26BA6C6D1A86C8E31CC0 complete=true entries=0 total=14677 t=1790106037948
EPOCH_CLOSE_READY epoch=0 value=E77A0C1649B6F8475FF64E6874876241FAE49DCD39DE5AFCE94858C461B4F11C t=1790106038127
EPOCH_CLOSE_ROUND epoch=0 round=0 leader=633D9D614858AB1710D5D8C3180E2A082DC97208BA8C26BA6C6D1A86C8E31CC0 leads=false t=1790106038127
EPOCH_ADVANCED epoch=1 elections=739 active=0 t=1790106038127
EPOCH_RECONCILED epoch=0 reporter=A353E45E6D0016CAEED0DFA4EC5B0640E2AA22A793F9F2375E77F1AB92977C04 complete=true entries=0 total=14677 t=1790106038134
EPOCH_CLOSE_READY epoch=0 value=E77A0C1649B6F8475FF64E6874876241FAE49DCD39DE5AFCE94858C461B4F11C t=1790106038141
EPOCH_CLOSE_ROUND epoch=0 round=0 leader=633D9D614858AB1710D5D8C3180E2A082DC97208BA8C26BA6C6D1A86C8E31CC0 leads=false t=1790106038141
EPOCH_ADVANCED epoch=1 elections=739 active=0 t=1790106038141
EPOCH_REPORT epoch=0 certified=14674 residual=574 root=EA77E69DDFD82200070640514FE9076A0C96C0BAF0B6613A45B9A3BDBA0239D2 reports=1 t=1790106038150
EPOCH_REPORT epoch=0 certified=14674 residual=577 root=EA77E69DDFD82200070640514FE9076A0C96C0BAF0B6613A45B9A3BDBA0239D2 reports=1 t=1790106038164
[2m2026-09-22T19:40:38.433429Z[0m [32m INFO[0m [2mnanospam::app[0m[2m:[0m Confirmed 15,377 blocks | 2,000 bps | 1,685 cps | avg conf time: 729 ms
EPOCH_RECONCILED epoch=0 reporter=911999B2AEFA7ACC66EBD802B3301FF6CE431405107749D940277955CB7FDD07 complete=true entries=0 total=14674 t=1790106038468
EPOCH_RECONCILED epoch=0 reporter=D315857CE70C54DE713F6E82E5613BB3A1266C15E28AD2F4338C7BBEC456F532 complete=true entries=0 total=14674 t=1790106038469
EPOCH_RECONCILED epoch=0 reporter=633D9D614858AB1710D5D8C3180E2A082DC97208BA8C26BA6C6D1A86C8E31CC0 complete=true entries=3 total=14677 t=1790106038475
EPOCH_RECONCILED epoch=0 reporter=633D9D614858AB1710D5D8C3180E2A082DC97208BA8C26BA6C6D1A86C8E31CC0 complete=true entries=0 total=14677 t=1790106038480
EPOCH_RECONCILED epoch=0 reporter=A353E45E6D0016CAEED0DFA4EC5B0640E2AA22A793F9F2375E77F1AB92977C04 complete=true entries=0 total=14677 t=1790106038481
EPOCH_CLOSE_READY epoch=0 value=480C12D16B343971EA7A45A2A7569989DF465DED8A96BB762C22F41A84FC2C65 t=1790106038546
EPOCH_CLOSE_ROUND epoch=0 round=0 leader=633D9D614858AB1710D5D8C3180E2A082DC97208BA8C26BA6C6D1A86C8E31CC0 leads=false t=1790106038546
EPOCH_ADVANCED epoch=1 elections=727 active=0 t=1790106038547
EPOCH_REPORT epoch=0 certified=14647 residual=608 root=C6432B48A99124174AB5A86E7123A5071DDAB20EE5C076CC24FFFA510179A1AA reports=1 t=1790106038566
EPOCH_CLOSE_READY epoch=0 value=F4861EEA41774C488473668807286C41DCF31E07935633716C6D8D729632953E t=1790106038887
EPOCH_RECONCILED epoch=0 reporter=A353E45E6D0016CAEED0DFA4EC5B0640E2AA22A793F9F2375E77F1AB92977C04 complete=true entries=0 total=14677 t=1790106038912
EPOCH_RECONCILED epoch=0 reporter=633D9D614858AB1710D5D8C3180E2A082DC97208BA8C26BA6C6D1A86C8E31CC0 complete=true entries=0 total=14677 t=1790106038912
EPOCH_CLOSE_READY epoch=0 value=F4861EEA41774C488473668807286C41DCF31E07935633716C6D8D729632953E t=1790106038915
EPOCH_CLOSE_READY epoch=0 value=F4861EEA41774C488473668807286C41DCF31E07935633716C6D8D729632953E t=1790106038920
EPOCH_CLOSE_ROUND epoch=0 round=1 leader=65A90023F6C0D2181AAA63F005D81BBC0C04650505E21D5123F9AE1F9E992BFF leads=false t=1790106039189
EPOCH_CLOSE_ROUND epoch=0 round=1 leader=65A90023F6C0D2181AAA63F005D81BBC0C04650505E21D5123F9AE1F9E992BFF leads=true t=1790106039237
EPOCH_RECONCILED epoch=0 reporter=A353E45E6D0016CAEED0DFA4EC5B0640E2AA22A793F9F2375E77F1AB92977C04 complete=true entries=0 total=14677 t=1790106039248
EPOCH_CLOSE_READY epoch=0 value=F4861EEA41774C488473668807286C41DCF31E07935633716C6D8D729632953E t=1790106039250
EPOCH_CLOSE_ROUND epoch=0 round=1 leader=65A90023F6C0D2181AAA63F005D81BBC0C04650505E21D5123F9AE1F9E992BFF leads=false t=1790106039256
EPOCH_CLOSED epoch=0 round=0 value=F4861EEA41774C488473668807286C41DCF31E07935633716C6D8D729632953E own=true t=1790106039281
EPOCH_CLOSED epoch=0 round=0 value=F4861EEA41774C488473668807286C41DCF31E07935633716C6D8D729632953E own=true t=1790106039281
EPOCH_CLOSED epoch=0 round=0 value=F4861EEA41774C488473668807286C41DCF31E07935633716C6D8D729632953E own=true t=1790106039283
EPOCH_CLOSED epoch=0 round=0 value=F4861EEA41774C488473668807286C41DCF31E07935633716C6D8D729632953E own=true t=1790106039284
EPOCH_COMMITTEE derived_by=0 members=6 accounts=6404 n=327732783307766394056648570630401906951 digest=D7AFD26CE0F5345D91A25650C1B158CF0CD4A25142CC714F4C95BDF465BD9442 shares=["A353E45E:17.5%", "911999B2:17.2%", "735FE217:17.1%", "633D9D61:16.8%", "D315857C:15.7%", "65A90023:15.6%"] t=1790106039286
EPOCH_AGREED epoch=0 value=F4861EEA41774C488473668807286C41DCF31E07935633716C6D8D729632953E t=1790106039286
EPOCH_COMMITTEE derived_by=0 members=6 accounts=6404 n=327732783307766394056648570630401906951 digest=D7AFD26CE0F5345D91A25650C1B158CF0CD4A25142CC714F4C95BDF465BD9442 shares=["A353E45E:17.5%", "911999B2:17.2%", "735FE217:17.1%", "633D9D61:16.8%", "D315857C:15.7%", "65A90023:15.6%"] t=1790106039288
EPOCH_AGREED epoch=0 value=F4861EEA41774C488473668807286C41DCF31E07935633716C6D8D729632953E t=1790106039288
EPOCH_COMMITTEE derived_by=0 members=6 accounts=6404 n=327732783307766394056648570630401906951 digest=D7AFD26CE0F5345D91A25650C1B158CF0CD4A25142CC714F4C95BDF465BD9442 shares=["A353E45E:17.5%", "911999B2:17.2%", "735FE217:17.1%", "633D9D61:16.8%", "D315857C:15.7%", "65A90023:15.6%"] t=1790106039290
EPOCH_AGREED epoch=0 value=F4861EEA41774C488473668807286C41DCF31E07935633716C6D8D729632953E t=1790106039290
EPOCH_COMMITTEE derived_by=0 members=6 accounts=6404 n=327732783307766394056648570630401906951 digest=D7AFD26CE0F5345D91A25650C1B158CF0CD4A25142CC714F4C95BDF465BD9442 shares=["A353E45E:17.5%", "911999B2:17.2%", "735FE217:17.1%", "633D9D61:16.8%", "D315857C:15.7%", "65A90023:15.6%"] t=1790106039291
EPOCH_AGREED epoch=0 value=F4861EEA41774C488473668807286C41DCF31E07935633716C6D8D729632953E t=1790106039291
EPOCH_CLOSED epoch=0 round=0 value=F4861EEA41774C488473668807286C41DCF31E07935633716C6D8D729632953E own=true t=1790106039358
EPOCH_COMMITTEE derived_by=0 members=6 accounts=6404 n=327732783307766394056648570630401906951 digest=D7AFD26CE0F5345D91A25650C1B158CF0CD4A25142CC714F4C95BDF465BD9442 shares=["A353E45E:17.5%", "911999B2:17.2%", "735FE217:17.1%", "633D9D61:16.8%", "D315857C:15.7%", "65A90023:15.6%"] t=1790106039362
EPOCH_AGREED epoch=0 value=F4861EEA41774C488473668807286C41DCF31E07935633716C6D8D729632953E t=1790106039362
[2m2026-09-22T19:40:39.434424Z[0m [32m INFO[0m [2mnanospam::app[0m[2m:[0m Confirmed 16,804 blocks | 2,000 bps | 1,425 cps | avg conf time: 609 ms
EPOCH_CLOSED epoch=0 round=0 value=F4861EEA41774C488473668807286C41DCF31E07935633716C6D8D729632953E own=true t=1790106039453
EPOCH_COMMITTEE derived_by=0 members=6 accounts=6404 n=327732783307766394056648570630401906951 digest=D7AFD26CE0F5345D91A25650C1B158CF0CD4A25142CC714F4C95BDF465BD9442 shares=["A353E45E:17.5%", "911999B2:17.2%", "735FE217:17.1%", "633D9D61:16.8%", "D315857C:15.7%", "65A90023:15.6%"] t=1790106039460
EPOCH_AGREED epoch=0 value=F4861EEA41774C488473668807286C41DCF31E07935633716C6D8D729632953E t=1790106039460
[2m2026-09-22T19:40:40.435428Z[0m [32m INFO[0m [2mnanospam::app[0m[2m:[0m Confirmed 19,286 blocks | 2,000 bps | 2,479 cps | avg conf time: 216 ms
[2m2026-09-22T19:40:41.436322Z[0m [32m INFO[0m [2mnanospam::app[0m[2m:[0m Confirmed 21,097 blocks | 2,000 bps | 1,809 cps | avg conf time: 101 ms
[2m2026-09-22T19:40:42.437328Z[0m [32m INFO[0m [2mnanospam::app[0m[2m:[0m Confirmed 22,883 blocks | 2,000 bps | 1,784 cps | avg conf time: 101 ms
[2m2026-09-22T19:40:43.438316Z[0m [32m INFO[0m [2mnanospam::app[0m[2m:[0m Confirmed 24,705 blocks | 2,000 bps | 1,820 cps | avg conf time: 100 ms
[2m2026-09-22T19:40:44.441026Z[0m [32m INFO[0m [2mnanospam::app[0m[2m:[0m Confirmed 26,474 blocks | 2,000 bps | 1,764 cps | avg conf time: 104 ms
EPOCH_ENDED epoch=1 elections=1676 active=128 t=1790106045204
EPOCH_ENDED epoch=1 elections=1676 active=128 t=1790106045204
EPOCH_ENDED epoch=1 elections=1676 active=128 t=1790106045204
EPOCH_ENDED epoch=1 elections=1695 active=147 t=1790106045214
EPOCH_ENDED epoch=1 elections=1683 active=147 t=1790106045214
EPOCH_ENDED epoch=1 elections=1695 active=147 t=1790106045214
EPOCH_DRAIN_WAIT epoch=1 unterminated=42 previous_closed=true first=["5DB77ED6BCCB11ADD3EA7E3A6AC0845F2030C576C597B5758CA2F45884C159E7:active:1:1", "2CED908C48756BFEA784640CD73AE521C10F0004DDFAF728A2385DB7B7318086:active:1:3", "551E0BE5A88057D187EDF227F6855044B6B6DB30F1EC53632C0F6D41DB158FE9:active:1:1"] t=1790106045295
EPOCH_DRAIN_WAIT epoch=1 unterminated=24 previous_closed=true first=["5DB77ED6BCCB11ADD3EA7E3A6AC0845F2030C576C597B5758CA2F45884C159E7:active:1:4", "551E0BE5A88057D187EDF227F6855044B6B6DB30F1EC53632C0F6D41DB158FE9:active:1:4", "A5EBD89A2DB1B3C192DC897B92A91E2DC622800FE3D864FD023E9CEB8963BA6B:active:1:4"] t=1790106045330
EPOCH_DRAIN_WAIT epoch=1 unterminated=3 previous_closed=true first=["0AFDC6B994F486B3393B2DEEF628FAEC1896D6632BB94930CBCEE889C25B8C5F:active:1:3", "47C3AD20249A99689AD00D0C461D08AAEDF30581D0B30D0D7F2D0ED66BA556E1:active:1:2", "45B987D48E185CAB6384EDC6F2F1E29AC84289325FC0D335E36373EB2DC92ADD:active:2:6"] t=1790106045353
EPOCH_DRAIN_WAIT epoch=1 unterminated=1 previous_closed=true first=["47C3AD20249A99689AD00D0C461D08AAEDF30581D0B30D0D7F2D0ED66BA556E1:active:2:3"] t=1790106045364
EPOCH_DRAIN_WAIT epoch=1 unterminated=1 previous_closed=true first=["47C3AD20249A99689AD00D0C461D08AAEDF30581D0B30D0D7F2D0ED66BA556E1:active:2:5"] t=1790106045408
[2m2026-09-22T19:40:45.441644Z[0m [32m INFO[0m [2mnanospam::app[0m[2m:[0m Confirmed 28,101 blocks | 2,000 bps | 1,625 cps | avg conf time: 112 ms
EPOCH_CLOSE_READY epoch=1 value=8BFAC379E6C5BB0B76A446758B7334C3392F7AAA893652CBEF6215885FBBA4A8 t=1790106045612
EPOCH_CLOSE_ROUND epoch=1 round=0 leader=65A90023F6C0D2181AAA63F005D81BBC0C04650505E21D5123F9AE1F9E992BFF leads=false t=1790106045612
EPOCH_ADVANCED epoch=2 elections=1501 active=0 t=1790106045612
EPOCH_REPORT epoch=1 certified=15458 residual=563 root=4F657A89A7B111DE9E35222BE9A73A53EF7ED1A74117689AA28BDD68BB5C41B6 reports=1 t=1790106045634
EPOCH_RECONCILED epoch=1 reporter=633D9D614858AB1710D5D8C3180E2A082DC97208BA8C26BA6C6D1A86C8E31CC0 complete=true entries=0 total=15458 t=1790106045645
EPOCH_CLOSE_READY epoch=1 value=AF938CB49826A2E6C485A99695B6A159F9DC603B9B2D2516EC5302B6F956F187 t=1790106045863
EPOCH_CLOSE_ROUND epoch=1 round=0 leader=65A90023F6C0D2181AAA63F005D81BBC0C04650505E21D5123F9AE1F9E992BFF leads=false t=1790106045863
EPOCH_ADVANCED epoch=2 elections=1501 active=0 t=1790106045863
EPOCH_REPORT epoch=1 certified=15459 residual=492 root=0A87FA662328EAC2D36A42DF72E14409D788424C09862F0581F154CD1C729E3A reports=1 t=1790106045889
EPOCH_RECONCILED epoch=1 reporter=A353E45E6D0016CAEED0DFA4EC5B0640E2AA22A793F9F2375E77F1AB92977C04 complete=true entries=0 total=15459 t=1790106045923
EPOCH_CLOSE_READY epoch=1 value=AF938CB49826A2E6C485A99695B6A159F9DC603B9B2D2516EC5302B6F956F187 t=1790106045925
EPOCH_CLOSE_ROUND epoch=1 round=0 leader=65A90023F6C0D2181AAA63F005D81BBC0C04650505E21D5123F9AE1F9E992BFF leads=false t=1790106045925
EPOCH_ADVANCED epoch=2 elections=1501 active=0 t=1790106045925
EPOCH_CLOSE_READY epoch=1 value=A0DADCD25FC0A48D27C5E961EE04F86AFD5961732DA63AB281FFBA44635AA54E t=1790106045938
EPOCH_CLOSE_ROUND epoch=1 round=0 leader=65A90023F6C0D2181AAA63F005D81BBC0C04650505E21D5123F9AE1F9E992BFF leads=false t=1790106045938
EPOCH_ADVANCED epoch=2 elections=1489 active=0 t=1790106045939
EPOCH_REPORT epoch=1 certified=15459 residual=498 root=0A87FA662328EAC2D36A42DF72E14409D788424C09862F0581F154CD1C729E3A reports=1 t=1790106045956
EPOCH_REPORT epoch=1 certified=15445 residual=556 root=583ABB3748CA9C839271431E63C78A6A72D7582961C4D6C2D592B07CC26DFD16 reports=1 t=1790106046025
EPOCH_CLOSE_READY epoch=1 value=AF938CB49826A2E6C485A99695B6A159F9DC603B9B2D2516EC5302B6F956F187 t=1790106046056
EPOCH_CLOSE_ROUND epoch=1 round=0 leader=65A90023F6C0D2181AAA63F005D81BBC0C04650505E21D5123F9AE1F9E992BFF leads=true t=1790106046056
EPOCH_ADVANCED epoch=2 elections=1501 active=0 t=1790106046057
EPOCH_REPORT epoch=1 certified=15459 residual=514 root=0A87FA662328EAC2D36A42DF72E14409D788424C09862F0581F154CD1C729E3A reports=1 t=1790106046088
EPOCH_RECONCILED epoch=1 reporter=911999B2AEFA7ACC66EBD802B3301FF6CE431405107749D940277955CB7FDD07 complete=true entries=0 total=15459 t=1790106046136
EPOCH_RECONCILED epoch=1 reporter=911999B2AEFA7ACC66EBD802B3301FF6CE431405107749D940277955CB7FDD07 complete=true entries=0 total=15459 t=1790106046211
EPOCH_RECONCILED epoch=1 reporter=A353E45E6D0016CAEED0DFA4EC5B0640E2AA22A793F9F2375E77F1AB92977C04 complete=true entries=0 total=15459 t=1790106046217
EPOCH_RECONCILED epoch=1 reporter=A353E45E6D0016CAEED0DFA4EC5B0640E2AA22A793F9F2375E77F1AB92977C04 complete=true entries=0 total=15459 t=1790106046259
EPOCH_RECONCILED epoch=1 reporter=911999B2AEFA7ACC66EBD802B3301FF6CE431405107749D940277955CB7FDD07 complete=true entries=0 total=15459 t=1790106046260
EPOCH_RECONCILED epoch=1 reporter=65A90023F6C0D2181AAA63F005D81BBC0C04650505E21D5123F9AE1F9E992BFF complete=true entries=0 total=15459 t=1790106046262
EPOCH_RECONCILED epoch=1 reporter=65A90023F6C0D2181AAA63F005D81BBC0C04650505E21D5123F9AE1F9E992BFF complete=true entries=0 total=15459 t=1790106046282
EPOCH_RECONCILED epoch=1 reporter=735FE217D91E88EA82324C5883296385FA0041C2FAC85C827BAA46DA1E14B83F complete=true entries=0 total=15445 t=1790106046320
EPOCH_RECONCILED epoch=1 reporter=65A90023F6C0D2181AAA63F005D81BBC0C04650505E21D5123F9AE1F9E992BFF complete=true entries=0 total=15459 t=1790106046425
[2m2026-09-22T19:40:46.442938Z[0m [32m INFO[0m [2mnanospam::app[0m[2m:[0m Confirmed 28,101 blocks | 2,000 bps | 0 cps | avg conf time: 0 ms
EPOCH_CLOSE_READY epoch=1 value=AF938CB49826A2E6C485A99695B6A159F9DC603B9B2D2516EC5302B6F956F187 t=1790106046448
EPOCH_CLOSE_READY epoch=1 value=AF938CB49826A2E6C485A99695B6A159F9DC603B9B2D2516EC5302B6F956F187 t=1790106046453
EPOCH_CLOSE_ROUND epoch=1 round=0 leader=65A90023F6C0D2181AAA63F005D81BBC0C04650505E21D5123F9AE1F9E992BFF leads=false t=1790106046453
EPOCH_ADVANCED epoch=2 elections=1501 active=0 t=1790106046454
EPOCH_REPORT epoch=1 certified=15459 residual=527 root=0A87FA662328EAC2D36A42DF72E14409D788424C09862F0581F154CD1C729E3A reports=1 t=1790106046486
EPOCH_RECONCILED epoch=1 reporter=D315857CE70C54DE713F6E82E5613BB3A1266C15E28AD2F4338C7BBEC456F532 complete=true entries=0 total=15459 t=1790106046591
EPOCH_RECONCILED epoch=1 reporter=D315857CE70C54DE713F6E82E5613BB3A1266C15E28AD2F4338C7BBEC456F532 complete=true entries=0 total=15459 t=1790106046746
EPOCH_RECONCILED epoch=1 reporter=65A90023F6C0D2181AAA63F005D81BBC0C04650505E21D5123F9AE1F9E992BFF complete=true entries=0 total=15459 t=1790106046790
EPOCH_RECONCILED epoch=1 reporter=A353E45E6D0016CAEED0DFA4EC5B0640E2AA22A793F9F2375E77F1AB92977C04 complete=true entries=0 total=15459 t=1790106046792
EPOCH_RECONCILED epoch=1 reporter=D315857CE70C54DE713F6E82E5613BB3A1266C15E28AD2F4338C7BBEC456F532 complete=true entries=0 total=15459 t=1790106046793
EPOCH_RECONCILED epoch=1 reporter=911999B2AEFA7ACC66EBD802B3301FF6CE431405107749D940277955CB7FDD07 complete=true entries=0 total=15459 t=1790106046798
EPOCH_CLOSE_ROUND epoch=1 round=1 leader=735FE217D91E88EA82324C5883296385FA0041C2FAC85C827BAA46DA1E14B83F leads=false t=1790106046809
EPOCH_RECONCILED epoch=1 reporter=911999B2AEFA7ACC66EBD802B3301FF6CE431405107749D940277955CB7FDD07 complete=true entries=0 total=15459 t=1790106046866
EPOCH_RECONCILED epoch=1 reporter=A353E45E6D0016CAEED0DFA4EC5B0640E2AA22A793F9F2375E77F1AB92977C04 complete=true entries=0 total=15459 t=1790106046867
EPOCH_RECONCILED epoch=1 reporter=65A90023F6C0D2181AAA63F005D81BBC0C04650505E21D5123F9AE1F9E992BFF complete=true entries=0 total=15459 t=1790106046867
EPOCH_RECONCILED epoch=1 reporter=D315857CE70C54DE713F6E82E5613BB3A1266C15E28AD2F4338C7BBEC456F532 complete=true entries=0 total=15459 t=1790106046867
EPOCH_CLOSE_ROUND epoch=1 round=1 leader=735FE217D91E88EA82324C5883296385FA0041C2FAC85C827BAA46DA1E14B83F leads=false t=1790106046881
EPOCH_RECONCILED epoch=1 reporter=D315857CE70C54DE713F6E82E5613BB3A1266C15E28AD2F4338C7BBEC456F532 complete=true entries=0 total=15459 t=1790106046887
EPOCH_CLOSE_ROUND epoch=1 round=1 leader=735FE217D91E88EA82324C5883296385FA0041C2FAC85C827BAA46DA1E14B83F leads=false t=1790106046901
EPOCH_CLOSED epoch=1 round=0 value=AF938CB49826A2E6C485A99695B6A159F9DC603B9B2D2516EC5302B6F956F187 own=true t=1790106046909
EPOCH_CLOSE_ROUND epoch=1 round=1 leader=735FE217D91E88EA82324C5883296385FA0041C2FAC85C827BAA46DA1E14B83F leads=false t=1790106046918
EPOCH_COMMITTEE derived_by=1 members=6 accounts=11558 n=319518510147851932184363898253606149714 digest=27327E01BBEAA93E61AD823ED8CCB17FC04E915B367895226CCC744EA66229FB shares=["911999B2:17.7%", "A353E45E:17.3%", "735FE217:16.7%", "633D9D61:16.7%", "D315857C:16.0%", "65A90023:15.6%"] t=1790106046920
EPOCH_AGREED epoch=1 value=AF938CB49826A2E6C485A99695B6A159F9DC603B9B2D2516EC5302B6F956F187 t=1790106046920
EPOCH_CLOSED epoch=1 round=0 value=AF938CB49826A2E6C485A99695B6A159F9DC603B9B2D2516EC5302B6F956F187 own=true t=1790106046930
EPOCH_COMMITTEE derived_by=1 members=6 accounts=11558 n=319518510147851932184363898253606149714 digest=27327E01BBEAA93E61AD823ED8CCB17FC04E915B367895226CCC744EA66229FB shares=["911999B2:17.7%", "A353E45E:17.3%", "735FE217:16.7%", "633D9D61:16.7%", "D315857C:16.0%", "65A90023:15.6%"] t=1790106046934
EPOCH_AGREED epoch=1 value=AF938CB49826A2E6C485A99695B6A159F9DC603B9B2D2516EC5302B6F956F187 t=1790106046934
EPOCH_CLOSED epoch=1 round=0 value=AF938CB49826A2E6C485A99695B6A159F9DC603B9B2D2516EC5302B6F956F187 own=true t=1790106046970
EPOCH_CLOSED epoch=1 round=0 value=AF938CB49826A2E6C485A99695B6A159F9DC603B9B2D2516EC5302B6F956F187 own=true t=1790106046977
EPOCH_COMMITTEE derived_by=1 members=6 accounts=11558 n=319518510147851932184363898253606149714 digest=27327E01BBEAA93E61AD823ED8CCB17FC04E915B367895226CCC744EA66229FB shares=["911999B2:17.7%", "A353E45E:17.3%", "735FE217:16.7%", "633D9D61:16.7%", "D315857C:16.0%", "65A90023:15.6%"] t=1790106046982
EPOCH_AGREED epoch=1 value=AF938CB49826A2E6C485A99695B6A159F9DC603B9B2D2516EC5302B6F956F187 t=1790106046982
EPOCH_COMMITTEE derived_by=1 members=6 accounts=11558 n=319518510147851932184363898253606149714 digest=27327E01BBEAA93E61AD823ED8CCB17FC04E915B367895226CCC744EA66229FB shares=["911999B2:17.7%", "A353E45E:17.3%", "735FE217:16.7%", "633D9D61:16.7%", "D315857C:16.0%", "65A90023:15.6%"] t=1790106046985
EPOCH_AGREED epoch=1 value=AF938CB49826A2E6C485A99695B6A159F9DC603B9B2D2516EC5302B6F956F187 t=1790106046985
EPOCH_CLOSED epoch=1 round=0 value=AF938CB49826A2E6C485A99695B6A159F9DC603B9B2D2516EC5302B6F956F187 own=true t=1790106047124
EPOCH_COMMITTEE derived_by=1 members=6 accounts=11558 n=319518510147851932184363898253606149714 digest=27327E01BBEAA93E61AD823ED8CCB17FC04E915B367895226CCC744EA66229FB shares=["911999B2:17.7%", "A353E45E:17.3%", "735FE217:16.7%", "633D9D61:16.7%", "D315857C:16.0%", "65A90023:15.6%"] t=1790106047128
EPOCH_AGREED epoch=1 value=AF938CB49826A2E6C485A99695B6A159F9DC603B9B2D2516EC5302B6F956F187 t=1790106047128
[2m2026-09-22T19:40:47.443435Z[0m [32m INFO[0m [2mnanospam::app[0m[2m:[0m Confirmed 31,781 blocks | 2,000 bps | 3,676 cps | avg conf time: 796 ms
EPOCH_CLOSE_READY epoch=1 value=AF938CB49826A2E6C485A99695B6A159F9DC603B9B2D2516EC5302B6F956F187 t=1790106047708
EPOCH_RECONCILED epoch=1 reporter=65A90023F6C0D2181AAA63F005D81BBC0C04650505E21D5123F9AE1F9E992BFF complete=true entries=0 total=15459 t=1790106047751
EPOCH_RECONCILED epoch=1 reporter=D315857CE70C54DE713F6E82E5613BB3A1266C15E28AD2F4338C7BBEC456F532 complete=true entries=0 total=15459 t=1790106047751
EPOCH_RECONCILED epoch=1 reporter=A353E45E6D0016CAEED0DFA4EC5B0640E2AA22A793F9F2375E77F1AB92977C04 complete=true entries=0 total=15459 t=1790106047751
EPOCH_RECONCILED epoch=1 reporter=911999B2AEFA7ACC66EBD802B3301FF6CE431405107749D940277955CB7FDD07 complete=true entries=0 total=15459 t=1790106047752
EPOCH_CLOSED epoch=1 round=0 value=AF938CB49826A2E6C485A99695B6A159F9DC603B9B2D2516EC5302B6F956F187 own=true t=1790106047835
EPOCH_COMMITTEE derived_by=1 members=6 accounts=11558 n=319518510147851932184363898253606149714 digest=27327E01BBEAA93E61AD823ED8CCB17FC04E915B367895226CCC744EA66229FB shares=["911999B2:17.7%", "A353E45E:17.3%", "735FE217:16.7%", "633D9D61:16.7%", "D315857C:16.0%", "65A90023:15.6%"] t=1790106047840
EPOCH_AGREED epoch=1 value=AF938CB49826A2E6C485A99695B6A159F9DC603B9B2D2516EC5302B6F956F187 t=1790106047840
[2m2026-09-22T19:40:48.444790Z[0m [32m INFO[0m [2mnanospam::app[0m[2m:[0m Confirmed 33,485 blocks | 2,000 bps | 1,701 cps | avg conf time: 194 ms
[2m2026-09-22T19:40:49.445429Z[0m [32m INFO[0m [2mnanospam::app[0m[2m:[0m Confirmed 35,402 blocks | 2,000 bps | 1,915 cps | avg conf time: 112 ms
[2m2026-09-22T19:40:50.446306Z[0m [32m INFO[0m [2mnanospam::app[0m[2m:[0m Confirmed 37,230 blocks | 2,000 bps | 1,826 cps | avg conf time: 113 ms
[2m2026-09-22T19:40:51.447766Z[0m [32m INFO[0m [2mnanospam::app[0m[2m:[0m Confirmed 39,003 blocks | 2,000 bps | 1,770 cps | avg conf time: 119 ms
[2m2026-09-22T19:40:52.449669Z[0m [32m INFO[0m [2mnanospam::app[0m[2m:[0m Confirmed 40,715 blocks | 2,000 bps | 1,711 cps | avg conf time: 108 ms
EPOCH_ENDED epoch=2 elections=2383 active=207 t=1790106053205
EPOCH_ENDED epoch=2 elections=2394 active=203 t=1790106053205
EPOCH_ENDED epoch=2 elections=2393 active=202 t=1790106053205
EPOCH_ENDED epoch=2 elections=2394 active=203 t=1790106053206
EPOCH_ENDED epoch=2 elections=2394 active=203 t=1790106053206
EPOCH_ENDED epoch=2 elections=2382 active=191 t=1790106053211
EPOCH_DRAIN_WAIT epoch=2 unterminated=38 previous_closed=true first=["937AF76EE19CB90A7C32AE83CB936CAA106DEA0CD5F026A1CFE8AB30E9AA3C21:active:1:2", "49292A0AE9E41051D0292443D3035D47DF7F8BFE0A44CB941CDCD1BCB795D948:active:2:5", "FA7C354762467514952FA259442628AAF38C54E42BE6D41DF442BF26EB1BD6C5:passive:1:2"] t=1790106053258
EPOCH_DRAIN_WAIT epoch=2 unterminated=13 previous_closed=true first=["937AF76EE19CB90A7C32AE83CB936CAA106DEA0CD5F026A1CFE8AB30E9AA3C21:active:1:4", "6E622E67E951D5693B9197352ABADFDD25D0FAF949B19039DEF29B6E8E462F5A:active:1:3", "F22C58386BD9F2A64E115A96FD5142D461EC283C92E40C569583C88C5C62ADC1:active:1:4"] t=1790106053286
EPOCH_DRAIN_WAIT epoch=2 unterminated=2 previous_closed=true first=["3CE7D1644AA42B5674A3D075BC209486ABC8B593969E1CD9BDECC30D97C702F6:active:1:4", "5048EF9E7CA0DED2F2958A362EDFA490F26EFBF95A1A0573350E1F8F1A00D10D:active:1:3"] t=1790106053301
EPOCH_DRAIN_WAIT epoch=2 unterminated=2 previous_closed=true first=["3CE7D1644AA42B5674A3D075BC209486ABC8B593969E1CD9BDECC30D97C702F6:active:1:4", "5048EF9E7CA0DED2F2958A362EDFA490F26EFBF95A1A0573350E1F8F1A00D10D:active:2:3"] t=1790106053303
EPOCH_DRAIN_WAIT epoch=2 unterminated=2 previous_closed=true first=["3CE7D1644AA42B5674A3D075BC209486ABC8B593969E1CD9BDECC30D97C702F6:active:1:6", "5048EF9E7CA0DED2F2958A362EDFA490F26EFBF95A1A0573350E1F8F1A00D10D:active:2:5"] t=1790106053325
[2m2026-09-22T19:40:53.450151Z[0m [32m INFO[0m [2mnanospam::app[0m[2m:[0m Confirmed 42,235 blocks | 2,000 bps | 1,517 cps | avg conf time: 109 ms
EPOCH_CLOSE_READY epoch=2 value=06AEE5A52CCFDBD75AC879C575227D4A4307DCFD3B612E11887AF3286B9C01EA t=1790106053635
EPOCH_CLOSE_ROUND epoch=2 round=0 leader=735FE217D91E88EA82324C5883296385FA0041C2FAC85C827BAA46DA1E14B83F leads=false t=1790106053635
EPOCH_ADVANCED epoch=3 elections=2189 active=0 t=1790106053637
EPOCH_REPORT epoch=2 certified=15082 residual=521 root=1152ADDA3B293A48051B30F3387256EE74A5C0A89D396EBB43360A63FD16DDD4 reports=1 t=1790106053654
EPOCH_RECONCILED epoch=2 reporter=633D9D614858AB1710D5D8C3180E2A082DC97208BA8C26BA6C6D1A86C8E31CC0 complete=true entries=0 total=15082 t=1790106053696
EPOCH_CLOSE_READY epoch=2 value=76953B1900A655567197BF7B2EB4EBDB0B2B6E023B60B20E46D1F53442519418 t=1790106053770
EPOCH_CLOSE_ROUND epoch=2 round=0 leader=735FE217D91E88EA82324C5883296385FA0041C2FAC85C827BAA46DA1E14B83F leads=false t=1790106053770
EPOCH_ADVANCED epoch=3 elections=2189 active=0 t=1790106053771
EPOCH_CLOSE_READY epoch=2 value=76953B1900A655567197BF7B2EB4EBDB0B2B6E023B60B20E46D1F53442519418 t=1790106053776
EPOCH_CLOSE_ROUND epoch=2 round=0 leader=735FE217D91E88EA82324C5883296385FA0041C2FAC85C827BAA46DA1E14B83F leads=false t=1790106053776
EPOCH_ADVANCED epoch=3 elections=2189 active=0 t=1790106053777
EPOCH_REPORT epoch=2 certified=15083 residual=492 root=59518E5F6E34449731EFDA8C228929AF271A099EE05A546543362048373A28B3 reports=1 t=1790106053798
EPOCH_CLOSE_READY epoch=2 value=76953B1900A655567197BF7B2EB4EBDB0B2B6E023B60B20E46D1F53442519418 t=1790106053800
EPOCH_CLOSE_ROUND epoch=2 round=0 leader=735FE217D91E88EA82324C5883296385FA0041C2FAC85C827BAA46DA1E14B83F leads=false t=1790106053800
EPOCH_CLOSE_READY epoch=2 value=76953B1900A655567197BF7B2EB4EBDB0B2B6E023B60B20E46D1F53442519418 t=1790106053800
EPOCH_CLOSE_ROUND epoch=2 round=0 leader=735FE217D91E88EA82324C5883296385FA0041C2FAC85C827BAA46DA1E14B83F leads=false t=1790106053800
EPOCH_REPORT epoch=2 certified=15083 residual=516 root=59518E5F6E34449731EFDA8C228929AF271A099EE05A546543362048373A28B3 reports=1 t=1790106053801
EPOCH_ADVANCED epoch=3 elections=2189 active=0 t=1790106053801
EPOCH_ADVANCED epoch=3 elections=2189 active=0 t=1790106053801
EPOCH_REPORT epoch=2 certified=15083 residual=602 root=59518E5F6E34449731EFDA8C228929AF271A099EE05A546543362048373A28B3 reports=1 t=1790106053821
EPOCH_REPORT epoch=2 certified=15083 residual=586 root=59518E5F6E34449731EFDA8C228929AF271A099EE05A546543362048373A28B3 reports=1 t=1790106053833
EPOCH_RECONCILED epoch=2 reporter=D315857CE70C54DE713F6E82E5613BB3A1266C15E28AD2F4338C7BBEC456F532 complete=true entries=0 total=15083 t=1790106053882
EPOCH_RECONCILED epoch=2 reporter=911999B2AEFA7ACC66EBD802B3301FF6CE431405107749D940277955CB7FDD07 complete=true entries=0 total=15083 t=1790106053882
EPOCH_RECONCILED epoch=2 reporter=911999B2AEFA7ACC66EBD802B3301FF6CE431405107749D940277955CB7FDD07 complete=true entries=0 total=15083 t=1790106053886
EPOCH_RECONCILED epoch=2 reporter=D315857CE70C54DE713F6E82E5613BB3A1266C15E28AD2F4338C7BBEC456F532 complete=true entries=0 total=15083 t=1790106053931
EPOCH_RECONCILED epoch=2 reporter=A353E45E6D0016CAEED0DFA4EC5B0640E2AA22A793F9F2375E77F1AB92977C04 complete=true entries=0 total=15083 t=1790106053936
EPOCH_RECONCILED epoch=2 reporter=65A90023F6C0D2181AAA63F005D81BBC0C04650505E21D5123F9AE1F9E992BFF complete=true entries=0 total=15083 t=1790106053936
EPOCH_RECONCILED epoch=2 reporter=D315857CE70C54DE713F6E82E5613BB3A1266C15E28AD2F4338C7BBEC456F532 complete=true entries=0 total=15083 t=1790106053943
EPOCH_RECONCILED epoch=2 reporter=A353E45E6D0016CAEED0DFA4EC5B0640E2AA22A793F9F2375E77F1AB92977C04 complete=true entries=0 total=15083 t=1790106053943
EPOCH_RECONCILED epoch=2 reporter=911999B2AEFA7ACC66EBD802B3301FF6CE431405107749D940277955CB7FDD07 complete=true entries=0 total=15083 t=1790106053943
EPOCH_RECONCILED epoch=2 reporter=65A90023F6C0D2181AAA63F005D81BBC0C04650505E21D5123F9AE1F9E992BFF complete=true entries=0 total=15083 t=1790106053944
EPOCH_RECONCILED epoch=2 reporter=A353E45E6D0016CAEED0DFA4EC5B0640E2AA22A793F9F2375E77F1AB92977C04 complete=true entries=0 total=15083 t=1790106053948
EPOCH_RECONCILED epoch=2 reporter=D315857CE70C54DE713F6E82E5613BB3A1266C15E28AD2F4338C7BBEC456F532 complete=true entries=0 total=15083 t=1790106053949
EPOCH_RECONCILED epoch=2 reporter=911999B2AEFA7ACC66EBD802B3301FF6CE431405107749D940277955CB7FDD07 complete=true entries=0 total=15083 t=1790106053949
EPOCH_RECONCILED epoch=2 reporter=65A90023F6C0D2181AAA63F005D81BBC0C04650505E21D5123F9AE1F9E992BFF complete=true entries=0 total=15083 t=1790106053957
EPOCH_RECONCILED epoch=2 reporter=65A90023F6C0D2181AAA63F005D81BBC0C04650505E21D5123F9AE1F9E992BFF complete=true entries=0 total=15083 t=1790106053997
EPOCH_RECONCILED epoch=2 reporter=A353E45E6D0016CAEED0DFA4EC5B0640E2AA22A793F9F2375E77F1AB92977C04 complete=true entries=0 total=15083 t=1790106053998
EPOCH_ADVANCED epoch=3 elections=2177 active=1 t=1790106054082
EPOCH_REPORT epoch=2 certified=15067 residual=574 root=B7489C1F95F824DA1D99BB86A500A7672C10FBA2B345CAAC39B3F9288708E15D reports=1 t=1790106054096
EPOCH_RECONCILED epoch=2 reporter=735FE217D91E88EA82324C5883296385FA0041C2FAC85C827BAA46DA1E14B83F complete=true entries=0 total=15067 t=1790106054118
EPOCH_CLOSE_READY epoch=2 value=76953B1900A655567197BF7B2EB4EBDB0B2B6E023B60B20E46D1F53442519418 t=1790106054242
EPOCH_RECONCILED epoch=2 reporter=65A90023F6C0D2181AAA63F005D81BBC0C04650505E21D5123F9AE1F9E992BFF complete=true entries=0 total=15083 t=1790106054267
EPOCH_RECONCILED epoch=2 reporter=911999B2AEFA7ACC66EBD802B3301FF6CE431405107749D940277955CB7FDD07 complete=true entries=0 total=15083 t=1790106054268
EPOCH_RECONCILED epoch=2 reporter=D315857CE70C54DE713F6E82E5613BB3A1266C15E28AD2F4338C7BBEC456F532 complete=true entries=0 total=15083 t=1790106054268
EPOCH_RECONCILED epoch=2 reporter=A353E45E6D0016CAEED0DFA4EC5B0640E2AA22A793F9F2375E77F1AB92977C04 complete=true entries=0 total=15083 t=1790106054268
EPOCH_CLOSE_READY epoch=2 value=76953B1900A655567197BF7B2EB4EBDB0B2B6E023B60B20E46D1F53442519418 t=1790106054329
EPOCH_CLOSE_ROUND epoch=2 round=0 leader=735FE217D91E88EA82324C5883296385FA0041C2FAC85C827BAA46DA1E14B83F leads=true t=1790106054329
EPOCH_RECONCILED epoch=2 reporter=A353E45E6D0016CAEED0DFA4EC5B0640E2AA22A793F9F2375E77F1AB92977C04 complete=true entries=0 total=15083 t=1790106054349
EPOCH_RECONCILED epoch=2 reporter=D315857CE70C54DE713F6E82E5613BB3A1266C15E28AD2F4338C7BBEC456F532 complete=true entries=0 total=15083 t=1790106054350
[2m2026-09-22T19:40:54.453736Z[0m [32m INFO[0m [2mnanospam::app[0m[2m:[0m Confirmed 42,706 blocks | 2,000 bps | 469 cps | avg conf time: 594 ms
[2m2026-09-22T19:40:55.455852Z[0m [32m INFO[0m [2mnanospam::app[0m[2m:[0m Confirmed 42,706 blocks | 2,000 bps | 0 cps | avg conf time: 0 ms
EPOCH_CLOSED epoch=2 round=0 value=76953B1900A655567197BF7B2EB4EBDB0B2B6E023B60B20E46D1F53442519418 own=true t=1790106055619
EPOCH_CLOSED epoch=2 round=0 value=76953B1900A655567197BF7B2EB4EBDB0B2B6E023B60B20E46D1F53442519418 own=true t=1790106055619
EPOCH_CLOSED epoch=2 round=0 value=76953B1900A655567197BF7B2EB4EBDB0B2B6E023B60B20E46D1F53442519418 own=true t=1790106055619
EPOCH_CLOSED epoch=2 round=0 value=76953B1900A655567197BF7B2EB4EBDB0B2B6E023B60B20E46D1F53442519418 own=true t=1790106055619
EPOCH_CLOSED epoch=2 round=0 value=76953B1900A655567197BF7B2EB4EBDB0B2B6E023B60B20E46D1F53442519418 own=true t=1790106055619
EPOCH_CLOSED epoch=2 round=0 value=76953B1900A655567197BF7B2EB4EBDB0B2B6E023B60B20E46D1F53442519418 own=true t=1790106055619
EPOCH_COMMITTEE derived_by=2 members=6 accounts=14754 n=307089379968609007202106170181279742137 digest=C4F424997504F0637955BD38CE9FD9D9CCA68DB10512261E78D4963F40CD388B shares=["911999B2:17.8%", "A353E45E:16.9%", "735FE217:16.9%", "633D9D61:16.6%", "D315857C:16.1%", "65A90023:15.7%"] t=1790106055627
EPOCH_AGREED epoch=2 value=76953B1900A655567197BF7B2EB4EBDB0B2B6E023B60B20E46D1F53442519418 t=1790106055627
EPOCH_COMMITTEE derived_by=2 members=6 accounts=14754 n=307089379968609007202106170181279742137 digest=C4F424997504F0637955BD38CE9FD9D9CCA68DB10512261E78D4963F40CD388B shares=["911999B2:17.8%", "A353E45E:16.9%", "735FE217:16.9%", "633D9D61:16.6%", "D315857C:16.1%", "65A90023:15.7%"] t=1790106055627
EPOCH_AGREED epoch=2 value=76953B1900A655567197BF7B2EB4EBDB0B2B6E023B60B20E46D1F53442519418 t=1790106055627
EPOCH_COMMITTEE derived_by=2 members=6 accounts=14754 n=307089379968609007202106170181279742137 digest=C4F424997504F0637955BD38CE9FD9D9CCA68DB10512261E78D4963F40CD388B shares=["911999B2:17.8%", "A353E45E:16.9%", "735FE217:16.9%", "633D9D61:16.6%", "D315857C:16.1%", "65A90023:15.7%"] t=1790106055628
EPOCH_AGREED epoch=2 value=76953B1900A655567197BF7B2EB4EBDB0B2B6E023B60B20E46D1F53442519418 t=1790106055628
EPOCH_COMMITTEE derived_by=2 members=6 accounts=14754 n=307089379968609007202106170181279742137 digest=C4F424997504F0637955BD38CE9FD9D9CCA68DB10512261E78D4963F40CD388B shares=["911999B2:17.8%", "A353E45E:16.9%", "735FE217:16.9%", "633D9D61:16.6%", "D315857C:16.1%", "65A90023:15.7%"] t=1790106055628
EPOCH_AGREED epoch=2 value=76953B1900A655567197BF7B2EB4EBDB0B2B6E023B60B20E46D1F53442519418 t=1790106055628
EPOCH_COMMITTEE derived_by=2 members=6 accounts=14754 n=307089379968609007202106170181279742137 digest=C4F424997504F0637955BD38CE9FD9D9CCA68DB10512261E78D4963F40CD388B shares=["911999B2:17.8%", "A353E45E:16.9%", "735FE217:16.9%", "633D9D61:16.6%", "D315857C:16.1%", "65A90023:15.7%"] t=1790106055629
EPOCH_AGREED epoch=2 value=76953B1900A655567197BF7B2EB4EBDB0B2B6E023B60B20E46D1F53442519418 t=1790106055629
EPOCH_COMMITTEE derived_by=2 members=6 accounts=14754 n=307089379968609007202106170181279742137 digest=C4F424997504F0637955BD38CE9FD9D9CCA68DB10512261E78D4963F40CD388B shares=["911999B2:17.8%", "A353E45E:16.9%", "735FE217:16.9%", "633D9D61:16.6%", "D315857C:16.1%", "65A90023:15.7%"] t=1790106055630
EPOCH_AGREED epoch=2 value=76953B1900A655567197BF7B2EB4EBDB0B2B6E023B60B20E46D1F53442519418 t=1790106055630
[2m2026-09-22T19:40:56.456063Z[0m [32m INFO[0m [2mnanospam::app[0m[2m:[0m Confirmed 42,706 blocks | 2,000 bps | 0 cps | avg conf time: 0 ms
[2m2026-09-22T19:40:57.457733Z[0m [32m INFO[0m [2mnanospam::app[0m[2m:[0m Confirmed 42,706 blocks | 2,000 bps | 0 cps | avg conf time: 0 ms
[2m2026-09-22T19:40:58.460101Z[0m [32m INFO[0m [2mnanospam::app[0m[2m:[0m Confirmed 42,706 blocks | 2,000 bps | 0 cps | avg conf time: 0 ms
[2m2026-09-22T19:40:59.461382Z[0m [32m INFO[0m [2mnanospam::app[0m[2m:[0m Confirmed 42,706 blocks | 2,000 bps | 0 cps | avg conf time: 0 ms
[2m2026-09-22T19:41:00.463878Z[0m [32m INFO[0m [2mnanospam::app[0m[2m:[0m Confirmed 42,706 blocks | 2,000 bps | 0 cps | avg conf time: 0 ms
EPOCH_ENDED epoch=3 elections=2194 active=0 t=1790106061218
EPOCH_CLOSE_READY epoch=3 value=DA7751FC608D52CFCC05CD1BC67FE1335B676F0EA1FA542F14F212B8A73E21AD t=1790106061220
EPOCH_CLOSE_ROUND epoch=3 round=0 leader=911999B2AEFA7ACC66EBD802B3301FF6CE431405107749D940277955CB7FDD07 leads=false t=1790106061220
EPOCH_ADVANCED epoch=4 elections=2194 active=0 t=1790106061221
EPOCH_REPORT epoch=3 certified=493 residual=17 root=E539C469D64CFC45210FB3C385D87862685399B6F27A47B3547136056A27A8CE reports=1 t=1790106061224
EPOCH_RECONCILED epoch=3 reporter=735FE217D91E88EA82324C5883296385FA0041C2FAC85C827BAA46DA1E14B83F complete=true entries=0 total=493 t=1790106061236
EPOCH_ENDED epoch=3 elections=2206 active=0 t=1790106061257
EPOCH_CLOSE_READY epoch=3 value=DA7751FC608D52CFCC05CD1BC67FE1335B676F0EA1FA542F14F212B8A73E21AD t=1790106061258
EPOCH_CLOSE_ROUND epoch=3 round=0 leader=911999B2AEFA7ACC66EBD802B3301FF6CE431405107749D940277955CB7FDD07 leads=false t=1790106061258
EPOCH_ADVANCED epoch=4 elections=2206 active=0 t=1790106061260
EPOCH_REPORT epoch=3 certified=493 residual=22 root=E539C469D64CFC45210FB3C385D87862685399B6F27A47B3547136056A27A8CE reports=1 t=1790106061262
EPOCH_ENDED epoch=3 elections=2206 active=0 t=1790106061272
EPOCH_RECONCILED epoch=3 reporter=735FE217D91E88EA82324C5883296385FA0041C2FAC85C827BAA46DA1E14B83F complete=true entries=0 total=493 t=1790106061273
EPOCH_RECONCILED epoch=3 reporter=65A90023F6C0D2181AAA63F005D81BBC0C04650505E21D5123F9AE1F9E992BFF complete=true entries=0 total=493 t=1790106061273
EPOCH_CLOSE_READY epoch=3 value=DA7751FC608D52CFCC05CD1BC67FE1335B676F0EA1FA542F14F212B8A73E21AD t=1790106061274
EPOCH_CLOSE_ROUND epoch=3 round=0 leader=911999B2AEFA7ACC66EBD802B3301FF6CE431405107749D940277955CB7FDD07 leads=false t=1790106061274
EPOCH_ADVANCED epoch=4 elections=2206 active=0 t=1790106061275
EPOCH_REPORT epoch=3 certified=493 residual=17 root=E539C469D64CFC45210FB3C385D87862685399B6F27A47B3547136056A27A8CE reports=1 t=1790106061278
EPOCH_RECONCILED epoch=3 reporter=D315857CE70C54DE713F6E82E5613BB3A1266C15E28AD2F4338C7BBEC456F532 complete=true entries=0 total=493 t=1790106061287
EPOCH_RECONCILED epoch=3 reporter=735FE217D91E88EA82324C5883296385FA0041C2FAC85C827BAA46DA1E14B83F complete=true entries=0 total=493 t=1790106061287
EPOCH_RECONCILED epoch=3 reporter=65A90023F6C0D2181AAA63F005D81BBC0C04650505E21D5123F9AE1F9E992BFF complete=true entries=0 total=493 t=1790106061287
EPOCH_ENDED epoch=3 elections=2206 active=0 t=1790106061296
EPOCH_CLOSE_READY epoch=3 value=DA7751FC608D52CFCC05CD1BC67FE1335B676F0EA1FA542F14F212B8A73E21AD t=1790106061297
EPOCH_CLOSE_ROUND epoch=3 round=0 leader=911999B2AEFA7ACC66EBD802B3301FF6CE431405107749D940277955CB7FDD07 leads=false t=1790106061297
EPOCH_ADVANCED epoch=4 elections=2206 active=0 t=1790106061299
EPOCH_REPORT epoch=3 certified=493 residual=22 root=E539C469D64CFC45210FB3C385D87862685399B6F27A47B3547136056A27A8CE reports=1 t=1790106061301
EPOCH_RECONCILED epoch=3 reporter=D315857CE70C54DE713F6E82E5613BB3A1266C15E28AD2F4338C7BBEC456F532 complete=true entries=0 total=493 t=1790106061311
EPOCH_RECONCILED epoch=3 reporter=735FE217D91E88EA82324C5883296385FA0041C2FAC85C827BAA46DA1E14B83F complete=true entries=0 total=493 t=1790106061311
EPOCH_RECONCILED epoch=3 reporter=65A90023F6C0D2181AAA63F005D81BBC0C04650505E21D5123F9AE1F9E992BFF complete=true entries=0 total=493 t=1790106061311
EPOCH_RECONCILED epoch=3 reporter=A353E45E6D0016CAEED0DFA4EC5B0640E2AA22A793F9F2375E77F1AB92977C04 complete=true entries=0 total=493 t=1790106061311
EPOCH_ENDED epoch=3 elections=2206 active=0 t=1790106061321
EPOCH_CLOSE_READY epoch=3 value=DA7751FC608D52CFCC05CD1BC67FE1335B676F0EA1FA542F14F212B8A73E21AD t=1790106061322
EPOCH_CLOSE_ROUND epoch=3 round=0 leader=911999B2AEFA7ACC66EBD802B3301FF6CE431405107749D940277955CB7FDD07 leads=true t=1790106061322
EPOCH_ADVANCED epoch=4 elections=2206 active=0 t=1790106061323
EPOCH_REPORT epoch=3 certified=493 residual=17 root=E539C469D64CFC45210FB3C385D87862685399B6F27A47B3547136056A27A8CE reports=1 t=1790106061326
EPOCH_RECONCILED epoch=3 reporter=A353E45E6D0016CAEED0DFA4EC5B0640E2AA22A793F9F2375E77F1AB92977C04 complete=true entries=0 total=493 t=1790106061336
EPOCH_RECONCILED epoch=3 reporter=911999B2AEFA7ACC66EBD802B3301FF6CE431405107749D940277955CB7FDD07 complete=true entries=0 total=493 t=1790106061336
EPOCH_RECONCILED epoch=3 reporter=735FE217D91E88EA82324C5883296385FA0041C2FAC85C827BAA46DA1E14B83F complete=true entries=0 total=493 t=1790106061336
EPOCH_RECONCILED epoch=3 reporter=65A90023F6C0D2181AAA63F005D81BBC0C04650505E21D5123F9AE1F9E992BFF complete=true entries=0 total=493 t=1790106061336
EPOCH_RECONCILED epoch=3 reporter=D315857CE70C54DE713F6E82E5613BB3A1266C15E28AD2F4338C7BBEC456F532 complete=true entries=0 total=493 t=1790106061336
EPOCH_ENDED epoch=3 elections=2206 active=0 t=1790106061357
EPOCH_CLOSE_READY epoch=3 value=DA7751FC608D52CFCC05CD1BC67FE1335B676F0EA1FA542F14F212B8A73E21AD t=1790106061359
EPOCH_CLOSE_ROUND epoch=3 round=0 leader=911999B2AEFA7ACC66EBD802B3301FF6CE431405107749D940277955CB7FDD07 leads=false t=1790106061359
EPOCH_ADVANCED epoch=4 elections=2206 active=0 t=1790106061360
EPOCH_REPORT epoch=3 certified=493 residual=17 root=E539C469D64CFC45210FB3C385D87862685399B6F27A47B3547136056A27A8CE reports=1 t=1790106061361
EPOCH_CLOSED epoch=3 round=0 value=DA7751FC608D52CFCC05CD1BC67FE1335B676F0EA1FA542F14F212B8A73E21AD own=true t=1790106061430
EPOCH_COMMITTEE derived_by=3 members=6 accounts=14770 n=306551366973495163146455631289547147436 digest=FFEA6854B688FFFFB7BDADFCEF31E06FE8CCD337D2AFB04AB4241C41921449F2 shares=["911999B2:17.7%", "A353E45E:16.9%", "735FE217:16.9%", "633D9D61:16.6%", "D315857C:16.1%", "65A90023:15.7%"] t=1790106061431
EPOCH_AGREED epoch=3 value=DA7751FC608D52CFCC05CD1BC67FE1335B676F0EA1FA542F14F212B8A73E21AD t=1790106061431
[2m2026-09-22T19:41:01.464245Z[0m [32m INFO[0m [2mnanospam::app[0m[2m:[0m Confirmed 42,706 blocks | 2,000 bps | 0 cps | avg conf time: 0 ms
EPOCH_CLOSED epoch=3 round=0 value=DA7751FC608D52CFCC05CD1BC67FE1335B676F0EA1FA542F14F212B8A73E21AD own=true t=1790106061468
EPOCH_CLOSED epoch=3 round=0 value=DA7751FC608D52CFCC05CD1BC67FE1335B676F0EA1FA542F14F212B8A73E21AD own=true t=1790106061468
EPOCH_CLOSED epoch=3 round=0 value=DA7751FC608D52CFCC05CD1BC67FE1335B676F0EA1FA542F14F212B8A73E21AD own=true t=1790106061468
EPOCH_CLOSED epoch=3 round=0 value=DA7751FC608D52CFCC05CD1BC67FE1335B676F0EA1FA542F14F212B8A73E21AD own=true t=1790106061468
EPOCH_CLOSED epoch=3 round=0 value=DA7751FC608D52CFCC05CD1BC67FE1335B676F0EA1FA542F14F212B8A73E21AD own=true t=1790106061468
EPOCH_COMMITTEE derived_by=3 members=6 accounts=14770 n=306551366973495163146455631289547147436 digest=FFEA6854B688FFFFB7BDADFCEF31E06FE8CCD337D2AFB04AB4241C41921449F2 shares=["911999B2:17.7%", "A353E45E:16.9%", "735FE217:16.9%", "633D9D61:16.6%", "D315857C:16.1%", "65A90023:15.7%"] t=1790106061469
EPOCH_AGREED epoch=3 value=DA7751FC608D52CFCC05CD1BC67FE1335B676F0EA1FA542F14F212B8A73E21AD t=1790106061469
EPOCH_COMMITTEE derived_by=3 members=6 accounts=14770 n=306551366973495163146455631289547147436 digest=FFEA6854B688FFFFB7BDADFCEF31E06FE8CCD337D2AFB04AB4241C41921449F2 shares=["911999B2:17.7%", "A353E45E:16.9%", "735FE217:16.9%", "633D9D61:16.6%", "D315857C:16.1%", "65A90023:15.7%"] t=1790106061469
EPOCH_AGREED epoch=3 value=DA7751FC608D52CFCC05CD1BC67FE1335B676F0EA1FA542F14F212B8A73E21AD t=1790106061469
EPOCH_COMMITTEE derived_by=3 members=6 accounts=14770 n=306551366973495163146455631289547147436 digest=FFEA6854B688FFFFB7BDADFCEF31E06FE8CCD337D2AFB04AB4241C41921449F2 shares=["911999B2:17.7%", "A353E45E:16.9%", "735FE217:16.9%", "633D9D61:16.6%", "D315857C:16.1%", "65A90023:15.7%"] t=1790106061469
EPOCH_AGREED epoch=3 value=DA7751FC608D52CFCC05CD1BC67FE1335B676F0EA1FA542F14F212B8A73E21AD t=1790106061469
EPOCH_COMMITTEE derived_by=3 members=6 accounts=14770 n=306551366973495163146455631289547147436 digest=FFEA6854B688FFFFB7BDADFCEF31E06FE8CCD337D2AFB04AB4241C41921449F2 shares=["911999B2:17.7%", "A353E45E:16.9%", "735FE217:16.9%", "633D9D61:16.6%", "D315857C:16.1%", "65A90023:15.7%"] t=1790106061469
EPOCH_AGREED epoch=3 value=DA7751FC608D52CFCC05CD1BC67FE1335B676F0EA1FA542F14F212B8A73E21AD t=1790106061469
EPOCH_COMMITTEE derived_by=3 members=6 accounts=14770 n=306551366973495163146455631289547147436 digest=FFEA6854B688FFFFB7BDADFCEF31E06FE8CCD337D2AFB04AB4241C41921449F2 shares=["911999B2:17.7%", "A353E45E:16.9%", "735FE217:16.9%", "633D9D61:16.6%", "D315857C:16.1%", "65A90023:15.7%"] t=1790106061469
EPOCH_AGREED epoch=3 value=DA7751FC608D52CFCC05CD1BC67FE1335B676F0EA1FA542F14F212B8A73E21AD t=1790106061469
[2m2026-09-22T19:41:02.467257Z[0m [32m INFO[0m [2mnanospam::app[0m[2m:[0m Confirmed 42,706 blocks | 2,000 bps | 0 cps | avg conf time: 0 ms
[2m2026-09-22T19:41:03.469383Z[0m [32m INFO[0m [2mnanospam::app[0m[2m:[0m Confirmed 42,706 blocks | 2,000 bps | 0 cps | avg conf time: 0 ms
[2m2026-09-22T19:41:04.472488Z[0m [32m INFO[0m [2mnanospam::app[0m[2m:[0m Confirmed 42,706 blocks | 2,000 bps | 0 cps | avg conf time: 0 ms
[2m2026-09-22T19:41:05.475544Z[0m [32m INFO[0m [2mnanospam::app[0m[2m:[0m Confirmed 42,706 blocks | 2,000 bps | 0 cps | avg conf time: 0 ms
[2m2026-09-22T19:41:06.477276Z[0m [32m INFO[0m [2mnanospam::app[0m[2m:[0m Confirmed 42,706 blocks | 2,000 bps | 0 cps | avg conf time: 0 ms
[2m2026-09-22T19:41:07.479389Z[0m [32m INFO[0m [2mnanospam::app[0m[2m:[0m Confirmed 42,716 blocks | 2,000 bps | 9 cps | avg conf time: 35760 ms
[2m2026-09-22T19:41:08.482181Z[0m [32m INFO[0m [2mnanospam::app[0m[2m:[0m Confirmed 42,718 blocks | 2,000 bps | 1 cps | avg conf time: 35701 ms
[2m2026-09-22T19:41:09.482852Z[0m [32m INFO[0m [2mnanospam::app[0m[2m:[0m Confirmed 42,718 blocks | 2,000 bps | 0 cps | avg conf time: 0 ms
[2m2026-09-22T19:41:10.486836Z[0m [32m INFO[0m [2mnanospam::app[0m[2m:[0m Confirmed 42,718 blocks | 2,000 bps | 0 cps | avg conf time: 0 ms
[2m2026-09-22T19:41:11.489040Z[0m [32m INFO[0m [2mnanospam::app[0m[2m:[0m Confirmed 42,718 blocks | 2,000 bps | 0 cps | avg conf time: 0 ms
[2m2026-09-22T19:41:12.491005Z[0m [32m INFO[0m [2mnanospam::app[0m[2m:[0m Confirmed 42,718 blocks | 2,000 bps | 0 cps | avg conf time: 0 ms
[2m2026-09-22T19:41:13.492864Z[0m [32m INFO[0m [2mnanospam::app[0m[2m:[0m Confirmed 42,718 blocks | 2,000 bps | 0 cps | avg conf time: 0 ms
[2m2026-09-22T19:41:14.495020Z[0m [32m INFO[0m [2mnanospam::app[0m[2m:[0m Confirmed 42,718 blocks | 2,000 bps | 0 cps | avg conf time: 0 ms
[2m2026-09-22T19:41:15.496896Z[0m [32m INFO[0m [2mnanospam::app[0m[2m:[0m Confirmed 42,718 blocks | 2,000 bps | 0 cps | avg conf time: 0 ms
[2m2026-09-22T19:41:16.499365Z[0m [32m INFO[0m [2mnanospam::app[0m[2m:[0m Confirmed 42,718 blocks | 2,000 bps | 0 cps | avg conf time: 0 ms
[2m2026-09-22T19:41:17.501032Z[0m [32m INFO[0m [2mnanospam::app[0m[2m:[0m Confirmed 42,718 blocks | 2,000 bps | 0 cps | avg conf time: 0 ms
[2m2026-09-22T19:41:18.504103Z[0m [32m INFO[0m [2mnanospam::app[0m[2m:[0m Confirmed 42,718 blocks | 2,000 bps | 0 cps | avg conf time: 0 ms
[2m2026-09-22T19:41:19.505763Z[0m [32m INFO[0m [2mnanospam::app[0m[2m:[0m Confirmed 42,718 blocks | 2,000 bps | 0 cps | avg conf time: 0 ms
[2m2026-09-22T19:41:20.509376Z[0m [32m INFO[0m [2mnanospam::app[0m[2m:[0m Confirmed 42,718 blocks | 2,000 bps | 0 cps | avg conf time: 0 ms
[2m2026-09-22T19:41:21.511709Z[0m [32m INFO[0m [2mnanospam::app[0m[2m:[0m Confirmed 42,718 blocks | 2,000 bps | 0 cps | avg conf time: 0 ms
[2m2026-09-22T19:41:22.515454Z[0m [32m INFO[0m [2mnanospam::app[0m[2m:[0m Confirmed 42,718 blocks | 2,000 bps | 0 cps | avg conf time: 0 ms
[2m2026-09-22T19:41:23.517729Z[0m [32m INFO[0m [2mnanospam::app[0m[2m:[0m Confirmed 42,718 blocks | 2,000 bps | 0 cps | avg conf time: 0 ms
[2m2026-09-22T19:41:24.520508Z[0m [32m INFO[0m [2mnanospam::app[0m[2m:[0m Confirmed 42,718 blocks | 2,000 bps | 0 cps | avg conf time: 0 ms
[2m2026-09-22T19:41:25.521330Z[0m [32m INFO[0m [2mnanospam::app[0m[2m:[0m Confirmed 42,718 blocks | 2,000 bps | 0 cps | avg conf time: 0 ms
[2m2026-09-22T19:41:26.523946Z[0m [32m INFO[0m [2mnanospam::app[0m[2m:[0m Confirmed 42,718 blocks | 2,000 bps | 0 cps | avg conf time: 0 ms
[2m2026-09-22T19:41:27.525360Z[0m [32m INFO[0m [2mnanospam::app[0m[2m:[0m Confirmed 42,718 blocks | 2,000 bps | 0 cps | avg conf time: 0 ms
[2m2026-09-22T19:41:28.527882Z[0m [32m INFO[0m [2mnanospam::app[0m[2m:[0m Confirmed 42,718 blocks | 2,000 bps | 0 cps | avg conf time: 0 ms
[2m2026-09-22T19:41:29.530948Z[0m [32m INFO[0m [2mnanospam::app[0m[2m:[0m Confirmed 42,718 blocks | 2,000 bps | 0 cps | avg conf time: 0 ms
cleanup done
