[2m2026-09-22T16:09:29.157982Z[0m [32m INFO[0m [2mnanospam::setup::account_map_factory[0m[2m:[0m Creating account keys file with 45000 keys: "/Users/ruimorais/NanoSpam/account_keys.txt"
[2m2026-09-22T16:09:29.877116Z[0m [32m INFO[0m [2mnanospam::setup::node_config_factory[0m[2m:[0m ********************************************************************************
[2m2026-09-22T16:09:29.877128Z[0m [32m INFO[0m [2mnanospam::setup::node_config_factory[0m[2m:[0m Setting up node PR0...
[2m2026-09-22T16:09:29.877132Z[0m [32m INFO[0m [2mnanospam::setup::node_config_factory[0m[2m:[0m Creating directory "/Users/ruimorais/NanoSpam/pr0"
[2m2026-09-22T16:09:29.877224Z[0m [32m INFO[0m [2mnanospam::setup::node_config_factory[0m[2m:[0m Creating node config file: "/Users/ruimorais/NanoSpam/pr0/config-node.toml"
[2m2026-09-22T16:09:29.877357Z[0m [32m INFO[0m [2mnanospam::setup::node_config_factory[0m[2m:[0m Creating rpc config file: "/Users/ruimorais/NanoSpam/pr0/config-rpc.toml"
[2m2026-09-22T16:09:29.877432Z[0m [32m INFO[0m [2mnanospam::setup::node_config_factory[0m[2m:[0m ********************************************************************************
[2m2026-09-22T16:09:29.877437Z[0m [32m INFO[0m [2mnanospam::setup::node_config_factory[0m[2m:[0m Setting up node PR1...
[2m2026-09-22T16:09:29.877440Z[0m [32m INFO[0m [2mnanospam::setup::node_config_factory[0m[2m:[0m Creating directory "/Users/ruimorais/NanoSpam/pr1"
[2m2026-09-22T16:09:29.877488Z[0m [32m INFO[0m [2mnanospam::setup::node_config_factory[0m[2m:[0m Creating node config file: "/Users/ruimorais/NanoSpam/pr1/config-node.toml"
[2m2026-09-22T16:09:29.877558Z[0m [32m INFO[0m [2mnanospam::setup::node_config_factory[0m[2m:[0m Creating rpc config file: "/Users/ruimorais/NanoSpam/pr1/config-rpc.toml"
[2m2026-09-22T16:09:29.877622Z[0m [32m INFO[0m [2mnanospam::setup::node_config_factory[0m[2m:[0m ********************************************************************************
[2m2026-09-22T16:09:29.877626Z[0m [32m INFO[0m [2mnanospam::setup::node_config_factory[0m[2m:[0m Setting up node PR2...
[2m2026-09-22T16:09:29.877629Z[0m [32m INFO[0m [2mnanospam::setup::node_config_factory[0m[2m:[0m Creating directory "/Users/ruimorais/NanoSpam/pr2"
[2m2026-09-22T16:09:29.877669Z[0m [32m INFO[0m [2mnanospam::setup::node_config_factory[0m[2m:[0m Creating node config file: "/Users/ruimorais/NanoSpam/pr2/config-node.toml"
[2m2026-09-22T16:09:29.877734Z[0m [32m INFO[0m [2mnanospam::setup::node_config_factory[0m[2m:[0m Creating rpc config file: "/Users/ruimorais/NanoSpam/pr2/config-rpc.toml"
[2m2026-09-22T16:09:29.877791Z[0m [32m INFO[0m [2mnanospam::setup::node_config_factory[0m[2m:[0m ********************************************************************************
[2m2026-09-22T16:09:29.877795Z[0m [32m INFO[0m [2mnanospam::setup::node_config_factory[0m[2m:[0m Setting up node PR3...
[2m2026-09-22T16:09:29.877798Z[0m [32m INFO[0m [2mnanospam::setup::node_config_factory[0m[2m:[0m Creating directory "/Users/ruimorais/NanoSpam/pr3"
[2m2026-09-22T16:09:29.877832Z[0m [32m INFO[0m [2mnanospam::setup::node_config_factory[0m[2m:[0m Creating node config file: "/Users/ruimorais/NanoSpam/pr3/config-node.toml"
[2m2026-09-22T16:09:29.877892Z[0m [32m INFO[0m [2mnanospam::setup::node_config_factory[0m[2m:[0m Creating rpc config file: "/Users/ruimorais/NanoSpam/pr3/config-rpc.toml"
[2m2026-09-22T16:09:29.877944Z[0m [32m INFO[0m [2mnanospam::setup::node_config_factory[0m[2m:[0m ********************************************************************************
[2m2026-09-22T16:09:29.877947Z[0m [32m INFO[0m [2mnanospam::setup::node_config_factory[0m[2m:[0m Setting up node PR4...
[2m2026-09-22T16:09:29.877951Z[0m [32m INFO[0m [2mnanospam::setup::node_config_factory[0m[2m:[0m Creating directory "/Users/ruimorais/NanoSpam/pr4"
[2m2026-09-22T16:09:29.877990Z[0m [32m INFO[0m [2mnanospam::setup::node_config_factory[0m[2m:[0m Creating node config file: "/Users/ruimorais/NanoSpam/pr4/config-node.toml"
[2m2026-09-22T16:09:29.878091Z[0m [32m INFO[0m [2mnanospam::setup::node_config_factory[0m[2m:[0m Creating rpc config file: "/Users/ruimorais/NanoSpam/pr4/config-rpc.toml"
[2m2026-09-22T16:09:29.878163Z[0m [32m INFO[0m [2mnanospam::setup::node_config_factory[0m[2m:[0m ********************************************************************************
[2m2026-09-22T16:09:29.878167Z[0m [32m INFO[0m [2mnanospam::setup::node_config_factory[0m[2m:[0m Setting up node PR5...
[2m2026-09-22T16:09:29.878170Z[0m [32m INFO[0m [2mnanospam::setup::node_config_factory[0m[2m:[0m Creating directory "/Users/ruimorais/NanoSpam/pr5"
[2m2026-09-22T16:09:29.878222Z[0m [32m INFO[0m [2mnanospam::setup::node_config_factory[0m[2m:[0m Creating node config file: "/Users/ruimorais/NanoSpam/pr5/config-node.toml"
[2m2026-09-22T16:09:29.878285Z[0m [32m INFO[0m [2mnanospam::setup::node_config_factory[0m[2m:[0m Creating rpc config file: "/Users/ruimorais/NanoSpam/pr5/config-rpc.toml"
[2m2026-09-22T16:09:29.879818Z[0m [32m INFO[0m [2mnanospam::setup::node_launcher[0m[2m:[0m Starting node: NANO_TEST_GENESIS_BLOCK="{\n    \"type\": \"open\",\n    \"account\": \"nano_3nroioygg54nusrmyun4woimqex36sp3drnctdt5955uqu47fxbkrxk7n7ne\",\n    \"source\": \"D315857CE70C54DE713F6E82E5613BB3A1266C15E28AD2F4338C7BBEC456F532\",\n    \"representative\": \"nano_3nroioygg54nusrmyun4woimqex36sp3drnctdt5955uqu47fxbkrxk7n7ne\",\n    \"signature\": \"3F6792C2DC623DF2E8643777160AB983B66B337E2478E13D2C3448126A8F4CD8DCCD19803C158A057FA44060AE0EFC09B1C311CB4FBF42F8D240610B38F56E08\",\n    \"work\": \"70FEF01F7EC45DEC\"\n    }" NANO_TEST_GENESIS_PRV ="49643F9B10CA1AA34F9AF8ED4AABD29F436104CCC375974B108534A48EAE3FE1" "rsnano" "--network" "test" "--data-path" "/Users/ruimorais/NanoSpam/pr0" "node" "run"
[2m2026-09-22T16:09:29.880387Z[0m [32m INFO[0m [2mnanospam::setup::node_launcher[0m[2m:[0m Waiting for RPC...
[2m2026-09-22T16:09:30.189438Z[0m [32m INFO[0m [2mnanospam::setup::node_launcher[0m[2m:[0m Starting node: NANO_TEST_GENESIS_BLOCK="{\n    \"type\": \"open\",\n    \"account\": \"nano_3nroioygg54nusrmyun4woimqex36sp3drnctdt5955uqu47fxbkrxk7n7ne\",\n    \"source\": \"D315857CE70C54DE713F6E82E5613BB3A1266C15E28AD2F4338C7BBEC456F532\",\n    \"representative\": \"nano_3nroioygg54nusrmyun4woimqex36sp3drnctdt5955uqu47fxbkrxk7n7ne\",\n    \"signature\": \"3F6792C2DC623DF2E8643777160AB983B66B337E2478E13D2C3448126A8F4CD8DCCD19803C158A057FA44060AE0EFC09B1C311CB4FBF42F8D240610B38F56E08\",\n    \"work\": \"70FEF01F7EC45DEC\"\n    }" NANO_TEST_GENESIS_PRV ="49643F9B10CA1AA34F9AF8ED4AABD29F436104CCC375974B108534A48EAE3FE1" "rsnano" "--network" "test" "--data-path" "/Users/ruimorais/NanoSpam/pr1" "node" "run"
[2m2026-09-22T16:09:30.189890Z[0m [32m INFO[0m [2mnanospam::setup::node_launcher[0m[2m:[0m Waiting for RPC...
[2m2026-09-22T16:09:30.292876Z[0m [32m INFO[0m [2mnanospam::setup::node_launcher[0m[2m:[0m Starting node: NANO_TEST_GENESIS_BLOCK="{\n    \"type\": \"open\",\n    \"account\": \"nano_3nroioygg54nusrmyun4woimqex36sp3drnctdt5955uqu47fxbkrxk7n7ne\",\n    \"source\": \"D315857CE70C54DE713F6E82E5613BB3A1266C15E28AD2F4338C7BBEC456F532\",\n    \"representative\": \"nano_3nroioygg54nusrmyun4woimqex36sp3drnctdt5955uqu47fxbkrxk7n7ne\",\n    \"signature\": \"3F6792C2DC623DF2E8643777160AB983B66B337E2478E13D2C3448126A8F4CD8DCCD19803C158A057FA44060AE0EFC09B1C311CB4FBF42F8D240610B38F56E08\",\n    \"work\": \"70FEF01F7EC45DEC\"\n    }" NANO_TEST_GENESIS_PRV ="49643F9B10CA1AA34F9AF8ED4AABD29F436104CCC375974B108534A48EAE3FE1" "rsnano" "--network" "test" "--data-path" "/Users/ruimorais/NanoSpam/pr2" "node" "run"
[2m2026-09-22T16:09:30.293256Z[0m [32m INFO[0m [2mnanospam::setup::node_launcher[0m[2m:[0m Waiting for RPC...
[2m2026-09-22T16:09:30.396119Z[0m [32m INFO[0m [2mnanospam::setup::node_launcher[0m[2m:[0m Starting node: NANO_TEST_GENESIS_BLOCK="{\n    \"type\": \"open\",\n    \"account\": \"nano_3nroioygg54nusrmyun4woimqex36sp3drnctdt5955uqu47fxbkrxk7n7ne\",\n    \"source\": \"D315857CE70C54DE713F6E82E5613BB3A1266C15E28AD2F4338C7BBEC456F532\",\n    \"representative\": \"nano_3nroioygg54nusrmyun4woimqex36sp3drnctdt5955uqu47fxbkrxk7n7ne\",\n    \"signature\": \"3F6792C2DC623DF2E8643777160AB983B66B337E2478E13D2C3448126A8F4CD8DCCD19803C158A057FA44060AE0EFC09B1C311CB4FBF42F8D240610B38F56E08\",\n    \"work\": \"70FEF01F7EC45DEC\"\n    }" NANO_TEST_GENESIS_PRV ="49643F9B10CA1AA34F9AF8ED4AABD29F436104CCC375974B108534A48EAE3FE1" "rsnano" "--network" "test" "--data-path" "/Users/ruimorais/NanoSpam/pr3" "node" "run"
[2m2026-09-22T16:09:30.396629Z[0m [32m INFO[0m [2mnanospam::setup::node_launcher[0m[2m:[0m Waiting for RPC...
[2m2026-09-22T16:09:30.499800Z[0m [32m INFO[0m [2mnanospam::setup::node_launcher[0m[2m:[0m Starting node: NANO_TEST_GENESIS_BLOCK="{\n    \"type\": \"open\",\n    \"account\": \"nano_3nroioygg54nusrmyun4woimqex36sp3drnctdt5955uqu47fxbkrxk7n7ne\",\n    \"source\": \"D315857CE70C54DE713F6E82E5613BB3A1266C15E28AD2F4338C7BBEC456F532\",\n    \"representative\": \"nano_3nroioygg54nusrmyun4woimqex36sp3drnctdt5955uqu47fxbkrxk7n7ne\",\n    \"signature\": \"3F6792C2DC623DF2E8643777160AB983B66B337E2478E13D2C3448126A8F4CD8DCCD19803C158A057FA44060AE0EFC09B1C311CB4FBF42F8D240610B38F56E08\",\n    \"work\": \"70FEF01F7EC45DEC\"\n    }" NANO_TEST_GENESIS_PRV ="49643F9B10CA1AA34F9AF8ED4AABD29F436104CCC375974B108534A48EAE3FE1" "rsnano" "--network" "test" "--data-path" "/Users/ruimorais/NanoSpam/pr4" "node" "run"
[2m2026-09-22T16:09:30.500387Z[0m [32m INFO[0m [2mnanospam::setup::node_launcher[0m[2m:[0m Waiting for RPC...
[2m2026-09-22T16:09:30.602939Z[0m [32m INFO[0m [2mnanospam::setup::node_launcher[0m[2m:[0m Starting node: NANO_TEST_GENESIS_BLOCK="{\n    \"type\": \"open\",\n    \"account\": \"nano_3nroioygg54nusrmyun4woimqex36sp3drnctdt5955uqu47fxbkrxk7n7ne\",\n    \"source\": \"D315857CE70C54DE713F6E82E5613BB3A1266C15E28AD2F4338C7BBEC456F532\",\n    \"representative\": \"nano_3nroioygg54nusrmyun4woimqex36sp3drnctdt5955uqu47fxbkrxk7n7ne\",\n    \"signature\": \"3F6792C2DC623DF2E8643777160AB983B66B337E2478E13D2C3448126A8F4CD8DCCD19803C158A057FA44060AE0EFC09B1C311CB4FBF42F8D240610B38F56E08\",\n    \"work\": \"70FEF01F7EC45DEC\"\n    }" NANO_TEST_GENESIS_PRV ="49643F9B10CA1AA34F9AF8ED4AABD29F436104CCC375974B108534A48EAE3FE1" "rsnano" "--network" "test" "--data-path" "/Users/ruimorais/NanoSpam/pr5" "node" "run"
[2m2026-09-22T16:09:30.603618Z[0m [32m INFO[0m [2mnanospam::setup::node_launcher[0m[2m:[0m Waiting for RPC...
[2m2026-09-22T16:09:30.708558Z[0m [32m INFO[0m [2mnanospam::wallets_factory[0m[2m:[0m Creating wallet...
[2m2026-09-22T16:09:30.784675Z[0m [32m INFO[0m [2mnanospam::wallets_factory[0m[2m:[0m Setting default representative...
[2m2026-09-22T16:09:30.784922Z[0m [32m INFO[0m [2mnanospam::wallets_factory[0m[2m:[0m Creating wallet...
[2m2026-09-22T16:09:30.830433Z[0m [32m INFO[0m [2mnanospam::wallets_factory[0m[2m:[0m Setting default representative...
[2m2026-09-22T16:09:30.830759Z[0m [32m INFO[0m [2mnanospam::wallets_factory[0m[2m:[0m Sending Ӿ40,047,061 to PR1 wallet nano_3atmwjh8t11psdqf3qx6xjfiei94oajch6zsyauowxzjogbbgz168g5mp8f1 ...
[2m2026-09-22T16:09:30.831208Z[0m [32m INFO[0m [2mnanospam::wallets_factory[0m[2m:[0m Waiting for confirmation for B19EAD8221E07E52EEB7CA7EE50577B662C489ADBA15C0727DB6F8AEDAD50081
[2m2026-09-22T16:09:46.007926Z[0m [32m INFO[0m [2mnanospam::wallets_factory[0m[2m:[0m Receiving...
[2m2026-09-22T16:09:46.009728Z[0m [32m INFO[0m [2mnanospam::wallets_factory[0m[2m:[0m Waiting for confirmation for CBAA8D9FE2AA2CFEB77B87886D76922E22E4C51C0C091A54179A7E5CF79FC967
[2m2026-09-22T16:09:46.113859Z[0m [32m INFO[0m [2mnanospam::wallets_factory[0m[2m:[0m DONE
[2m2026-09-22T16:09:46.113989Z[0m [32m INFO[0m [2mnanospam::wallets_factory[0m[2m:[0m ********************************************************************************
[2m2026-09-22T16:09:46.114016Z[0m [32m INFO[0m [2mnanospam::wallets_factory[0m[2m:[0m Creating wallet...
[2m2026-09-22T16:09:46.193246Z[0m [32m INFO[0m [2mnanospam::wallets_factory[0m[2m:[0m Setting default representative...
[2m2026-09-22T16:09:46.193556Z[0m [32m INFO[0m [2mnanospam::wallets_factory[0m[2m:[0m Sending Ӿ40,047,061 to PR2 wallet nano_36asm8scxymtsjmgqp14per3zxpgaec1c65qb9en1buscq7qzqa93tfyyzs3 ...
[2m2026-09-22T16:09:46.193999Z[0m [32m INFO[0m [2mnanospam::wallets_factory[0m[2m:[0m Waiting for confirmation for CAFB013DCCB20BBF4CC103A0FDD2BF25C8F109B9E984B96D0666840E4B0F89BA
[2m2026-09-22T16:09:46.297315Z[0m [32m INFO[0m [2mnanospam::wallets_factory[0m[2m:[0m Receiving...
[2m2026-09-22T16:09:46.297966Z[0m [32m INFO[0m [2mnanospam::wallets_factory[0m[2m:[0m Waiting for confirmation for 7189E44F408196E8FD1F393F06CDAD4F7C5A415B2A2DDFA8ABEABEE83DA60182
[2m2026-09-22T16:09:46.401760Z[0m [32m INFO[0m [2mnanospam::wallets_factory[0m[2m:[0m DONE
[2m2026-09-22T16:09:46.401805Z[0m [32m INFO[0m [2mnanospam::wallets_factory[0m[2m:[0m ********************************************************************************
[2m2026-09-22T16:09:46.401816Z[0m [32m INFO[0m [2mnanospam::wallets_factory[0m[2m:[0m Creating wallet...
[2m2026-09-22T16:09:46.467055Z[0m [32m INFO[0m [2mnanospam::wallets_factory[0m[2m:[0m Setting default representative...
[2m2026-09-22T16:09:46.467386Z[0m [32m INFO[0m [2mnanospam::wallets_factory[0m[2m:[0m Sending Ӿ40,047,061 to PR3 wallet nano_1sfb11jzfi8k51fcnrzi1qe3qh1e1jkic3h45oak9yfg5yhbkczzxfwtat7m ...
[2m2026-09-22T16:09:46.467794Z[0m [32m INFO[0m [2mnanospam::wallets_factory[0m[2m:[0m Waiting for confirmation for E2CEA882BAF6FE5BE932C387FEB7740D791CAF9E5BECC7CEE8176C7DDEE6378A
[2m2026-09-22T16:09:46.674911Z[0m [32m INFO[0m [2mnanospam::wallets_factory[0m[2m:[0m Receiving...
[2m2026-09-22T16:09:46.676114Z[0m [32m INFO[0m [2mnanospam::wallets_factory[0m[2m:[0m Waiting for confirmation for EA5EC3EAA2535557DB68742DBFA22A64B7B314876EE136F919471550E89D65D4
[2m2026-09-22T16:09:46.882890Z[0m [32m INFO[0m [2mnanospam::wallets_factory[0m[2m:[0m DONE
[2m2026-09-22T16:09:46.882989Z[0m [32m INFO[0m [2mnanospam::wallets_factory[0m[2m:[0m ********************************************************************************
[2m2026-09-22T16:09:46.883013Z[0m [32m INFO[0m [2mnanospam::wallets_factory[0m[2m:[0m Creating wallet...
[2m2026-09-22T16:09:46.963602Z[0m [32m INFO[0m [2mnanospam::wallets_factory[0m[2m:[0m Setting default representative...
[2m2026-09-22T16:09:46.964009Z[0m [32m INFO[0m [2mnanospam::wallets_factory[0m[2m:[0m Sending Ӿ40,047,061 to PR4 wallet nano_1rsxmoinip7d4wafdp855194n43fs7s1jgne6tx8ruatiu6g89815pddzijp ...
[2m2026-09-22T16:09:46.964446Z[0m [32m INFO[0m [2mnanospam::wallets_factory[0m[2m:[0m Waiting for confirmation for 22677C7E74B964C1E24887306A66EAC48330280DFA5744E0E21166EC47B5438A
[2m2026-09-22T16:09:47.171835Z[0m [32m INFO[0m [2mnanospam::wallets_factory[0m[2m:[0m Receiving...
[2m2026-09-22T16:09:47.173359Z[0m [32m INFO[0m [2mnanospam::wallets_factory[0m[2m:[0m Waiting for confirmation for 686B8354F9897585048EDBC473B612A3E2823DE919A66201E69841219A6B5651
[2m2026-09-22T16:09:47.381430Z[0m [32m INFO[0m [2mnanospam::wallets_factory[0m[2m:[0m DONE
[2m2026-09-22T16:09:47.381463Z[0m [32m INFO[0m [2mnanospam::wallets_factory[0m[2m:[0m ********************************************************************************
[2m2026-09-22T16:09:47.381468Z[0m [32m INFO[0m [2mnanospam::wallets_factory[0m[2m:[0m Creating wallet...
[2m2026-09-22T16:09:47.427526Z[0m [32m INFO[0m [2mnanospam::wallets_factory[0m[2m:[0m Setting default representative...
[2m2026-09-22T16:09:47.427853Z[0m [32m INFO[0m [2mnanospam::wallets_factory[0m[2m:[0m Sending Ӿ40,047,061 to PR5 wallet nano_1wtzwadxk9naxc356m4rienp93ht131w7ypadk39qck8uah3bg3zohsmj9th ...
[2m2026-09-22T16:09:47.428304Z[0m [32m INFO[0m [2mnanospam::wallets_factory[0m[2m:[0m Waiting for confirmation for 86B6E149E407121861E950D6B66B56BA39E500C199E580ED6065515C3C25094F
[2m2026-09-22T16:10:02.673875Z[0m [32m INFO[0m [2mnanospam::wallets_factory[0m[2m:[0m Receiving...
[2m2026-09-22T16:10:02.675582Z[0m [32m INFO[0m [2mnanospam::wallets_factory[0m[2m:[0m Waiting for confirmation for 417F8AEA0F6FDD9A5EE6F5896819E98A81FC15AA2CF56207A5BCFB27193E37A9
[2m2026-09-22T16:10:02.778750Z[0m [32m INFO[0m [2mnanospam::wallets_factory[0m[2m:[0m DONE
[2m2026-09-22T16:10:02.778848Z[0m [32m INFO[0m [2mnanospam::wallets_factory[0m[2m:[0m ********************************************************************************
[2m2026-09-22T16:10:02.778866Z[0m [32m INFO[0m [2mnanospam::wallets_factory[0m[2m:[0m Sending initial spam amount...
[2m2026-09-22T16:10:02.780450Z[0m [32m INFO[0m [2mnanospam::wallets_factory[0m[2m:[0m Waiting for confirmation for 08D13777238CFAAB1D1467F7A1AD465DC308D9541DE8E433FCDB151B381C52D1
[2m2026-09-22T16:10:02.987045Z[0m [32m INFO[0m [2mnanospam::wallets_factory[0m[2m:[0m Receiving initial spam amount...
[2m2026-09-22T16:10:02.988181Z[0m [32m INFO[0m [2mnanospam::wallets_factory[0m[2m:[0m Waiting for confirmation for 922A739997E3CD2E902ED183CF7956448D7B74FDAFA33F60833851A96F044A58
[2m2026-09-22T16:10:03.195279Z[0m [32m INFO[0m [2mnanospam::wallets_factory[0m[2m:[0m Seeding Ӿ14,285,714 to nano_1n78nzq8sxtqworzpxqkmfegjay9au17tmzx4x3d3pj1p4n4pj1eib6kps7e for representative D315857CE70C54DE713F6E82E5613BB3A1266C15E28AD2F4338C7BBEC456F532
[2m2026-09-22T16:10:03.196584Z[0m [32m INFO[0m [2mnanospam::wallets_factory[0m[2m:[0m Waiting for confirmation for 76AB5DAD02684DA54D27EB26DFEB1AF86CB9F872EEC5D35438935D88B743390E
[2m2026-09-22T16:10:03.302094Z[0m [32m INFO[0m [2mnanospam::wallets_factory[0m[2m:[0m Waiting for confirmation for CABD7181969B1C28386BDC4AF4D4B978B5EB538417F382554585540702438142
[2m2026-09-22T16:10:03.508116Z[0m [32m INFO[0m [2mnanospam::wallets_factory[0m[2m:[0m Seeding Ӿ14,285,714 to nano_39ae38zfqo8qqt1exbus6z6zioukbemz7n43j8oy1gr55bomi55td7oz1jmb for representative A353E45E6D0016CAEED0DFA4EC5B0640E2AA22A793F9F2375E77F1AB92977C04
[2m2026-09-22T16:10:03.508639Z[0m [32m INFO[0m [2mnanospam::wallets_factory[0m[2m:[0m Waiting for confirmation for 1FCFE03F39F744F4EFF71D5295EB5FBA1E77A16EA4976BB1F7AC940DC1CFCC70
[2m2026-09-22T16:10:03.612447Z[0m [32m INFO[0m [2mnanospam::wallets_factory[0m[2m:[0m Waiting for confirmation for 5DC7AEEBFC125F17A5C4D4E39D5E6A87E4296BA588F1BBAE166CA76194DF5565
[2m2026-09-22T16:10:03.716275Z[0m [32m INFO[0m [2mnanospam::wallets_factory[0m[2m:[0m Seeding Ӿ14,285,714 to nano_1hkq8wb7joxorsqqzf46ewg6duynpd8gm8m1bni5guooko5smrpbbyftzewm for representative 911999B2AEFA7ACC66EBD802B3301FF6CE431405107749D940277955CB7FDD07
[2m2026-09-22T16:10:03.717693Z[0m [32m INFO[0m [2mnanospam::wallets_factory[0m[2m:[0m Waiting for confirmation for 15AA33FD8A655AF0A2F03EDB9592EE2E994C0520DFB25E375E9FEDA5BEC1799E
[2m2026-09-22T16:10:03.823953Z[0m [32m INFO[0m [2mnanospam::wallets_factory[0m[2m:[0m Waiting for confirmation for A946F5F9113C3479ED5CA47C373565363DB28712FAAA87C9DA2397DB303334BA
[2m2026-09-22T16:10:04.030820Z[0m [32m INFO[0m [2mnanospam::wallets_factory[0m[2m:[0m Seeding Ӿ14,285,714 to nano_1nxebg5gdcr9ph4ygf4rfndddcmb58q9u5fqc43xtxgz1ucqaam8rdzxbwfr for representative 65A90023F6C0D2181AAA63F005D81BBC0C04650505E21D5123F9AE1F9E992BFF
[2m2026-09-22T16:10:04.031881Z[0m [32m INFO[0m [2mnanospam::wallets_factory[0m[2m:[0m Waiting for confirmation for EE4E9C86809C8E26A7552E3D35ADA80996C06476F0C5815FEC83D56231B85C9E
[2m2026-09-22T16:10:04.239384Z[0m [32m INFO[0m [2mnanospam::wallets_factory[0m[2m:[0m Waiting for confirmation for 7DF07711F0FFDB43BD2AB90C2E62FEBFA2BCD95C12D47EC8A5462026C297DA96
[2m2026-09-22T16:10:04.344532Z[0m [32m INFO[0m [2mnanospam::wallets_factory[0m[2m:[0m Seeding Ӿ14,285,714 to nano_3xm9kwrrpqwsjc3z3qxdk3wgd7fnnb7ui1fg46kskeqaiid4z8ay4ezouoje for representative 633D9D614858AB1710D5D8C3180E2A082DC97208BA8C26BA6C6D1A86C8E31CC0
[2m2026-09-22T16:10:04.345900Z[0m [32m INFO[0m [2mnanospam::wallets_factory[0m[2m:[0m Waiting for confirmation for 6B80689312B0634B9C3A65396F0DF9F9609DEFB6C8398C8A51401FA3804CB720
[2m2026-09-22T16:10:04.553447Z[0m [32m INFO[0m [2mnanospam::wallets_factory[0m[2m:[0m Waiting for confirmation for 2B02EB41AF3E76E1952A4B75A7BFC160327FB9ADEB2165D9F5C7AEC885245A0D
[2m2026-09-22T16:10:04.656726Z[0m [32m INFO[0m [2mnanospam::wallets_factory[0m[2m:[0m Seeding Ӿ14,285,714 to nano_35cmzkm5cmqcbdekzsstzsrqjmeqictbygic843tk6mj17hsbwgmmwno6rip for representative 735FE217D91E88EA82324C5883296385FA0041C2FAC85C827BAA46DA1E14B83F
[2m2026-09-22T16:10:04.657590Z[0m [32m INFO[0m [2mnanospam::wallets_factory[0m[2m:[0m Waiting for confirmation for 916C3217E444BA4F9DA05275C6C6CD06C17FB9BB8A671D83E05E13741987B28A
[2m2026-09-22T16:10:04.762082Z[0m [32m INFO[0m [2mnanospam::wallets_factory[0m[2m:[0m Waiting for confirmation for 6693C384FBD370641DD528FD5E4376220FF0391F2FBD16BF508F67F66D76C5DC
[2m2026-09-22T16:10:04.969962Z[0m [32m INFO[0m [2mnanospam::high_prio_check[0m[2m:[0m Creating high priority accounts...
[2m2026-09-22T16:10:05.000973Z[0m [32m INFO[0m [2mnanospam::high_prio_check[0m[2m:[0m Waiting for confirmations...
[2m2026-09-22T16:10:07.190614Z[0m [32m INFO[0m [2mnanospam::app[0m[2m:[0m Waiting for all PRs to see the full quorum...
[2m2026-09-22T16:10:07.192561Z[0m [32m INFO[0m [2mnanospam::app[0m[2m:[0m All PRs see the full quorum after 1.895333ms
[2m2026-09-22T16:10:07.192586Z[0m [32m INFO[0m [2mnanospam::app[0m[2m:[0m Waiting for all PRs to hold the same cemented ledger...
[2m2026-09-22T16:10:07.193866Z[0m [32m INFO[0m [2mnanospam::app[0m[2m:[0m All PRs hold the same ledger of 65 blocks after 1.270333ms
EPOCH_COMMITTEE derived_by=genesis members=6 accounts=33 n=340282366920938463463374607431768211455 digest=F86D81972D51B72B0B6EBD14698D9274FA62362921269BD5E595E4E716D4EE3A shares=["A353E45E:20.2%", "735FE217:16.0%", "633D9D61:16.0%", "65A90023:16.0%", "911999B2:16.0%", "D315857C:16.0%"] t=1790093407194
EPOCH_START epoch=0 elections=0 t=1790093407194
EPOCH_COMMITTEE derived_by=genesis members=6 accounts=33 n=340282366920938463463374607431768211455 digest=F86D81972D51B72B0B6EBD14698D9274FA62362921269BD5E595E4E716D4EE3A shares=["A353E45E:20.2%", "735FE217:16.0%", "633D9D61:16.0%", "65A90023:16.0%", "911999B2:16.0%", "D315857C:16.0%"] t=1790093407194
EPOCH_START epoch=0 elections=0 t=1790093407194
EPOCH_COMMITTEE derived_by=genesis members=6 accounts=33 n=340282366920938463463374607431768211455 digest=F86D81972D51B72B0B6EBD14698D9274FA62362921269BD5E595E4E716D4EE3A shares=["A353E45E:20.2%", "735FE217:16.0%", "633D9D61:16.0%", "65A90023:16.0%", "911999B2:16.0%", "D315857C:16.0%"] t=1790093407194
EPOCH_START epoch=0 elections=0 t=1790093407194
EPOCH_COMMITTEE derived_by=genesis members=6 accounts=33 n=340282366920938463463374607431768211455 digest=F86D81972D51B72B0B6EBD14698D9274FA62362921269BD5E595E4E716D4EE3A shares=["A353E45E:20.2%", "735FE217:16.0%", "633D9D61:16.0%", "65A90023:16.0%", "911999B2:16.0%", "D315857C:16.0%"] t=1790093407194
EPOCH_START epoch=0 elections=0 t=1790093407194
EPOCH_COMMITTEE derived_by=genesis members=6 accounts=33 n=340282366920938463463374607431768211455 digest=F86D81972D51B72B0B6EBD14698D9274FA62362921269BD5E595E4E716D4EE3A shares=["A353E45E:20.2%", "735FE217:16.0%", "633D9D61:16.0%", "65A90023:16.0%", "911999B2:16.0%", "D315857C:16.0%"] t=1790093407195
EPOCH_START epoch=0 elections=0 t=1790093407195
EPOCH_COMMITTEE derived_by=genesis members=6 accounts=33 n=340282366920938463463374607431768211455 digest=F86D81972D51B72B0B6EBD14698D9274FA62362921269BD5E595E4E716D4EE3A shares=["A353E45E:20.2%", "735FE217:16.0%", "633D9D61:16.0%", "65A90023:16.0%", "911999B2:16.0%", "D315857C:16.0%"] t=1790093407195
EPOCH_START epoch=0 elections=0 t=1790093407195
[2m2026-09-22T16:10:07.195672Z[0m [32m INFO[0m [2mnanospam::app[0m[2m:[0m Started the epochs on every PR
[2m2026-09-22T16:10:07.195686Z[0m [32m INFO[0m [2mnanospam::app[0m[2m:[0m Connecting to node PR0... [3mpeer_addr[0m[2m=[0m[::1]:17075
[2m2026-09-22T16:10:07.196123Z[0m [32m INFO[0m [2mnanospam::app[0m[2m:[0m Performing handshake...
[2m2026-09-22T16:10:07.196874Z[0m [32m INFO[0m [2mnanospam::app[0m[2m:[0m Performing handshake...
[2m2026-09-22T16:10:07.208939Z[0m [32m INFO[0m [2mnanospam::app[0m[2m:[0m Performing handshake...
[2m2026-09-22T16:10:07.220579Z[0m [32m INFO[0m [2mnanospam::app[0m[2m:[0m Performing handshake...
[2m2026-09-22T16:10:07.232074Z[0m [32m INFO[0m [2mnanospam::app[0m[2m:[0m Connecting to node PR1... [3mpeer_addr[0m[2m=[0m[::1]:17085
[2m2026-09-22T16:10:07.232255Z[0m [32m INFO[0m [2mnanospam::app[0m[2m:[0m Performing handshake...
[2m2026-09-22T16:10:07.232812Z[0m [32m INFO[0m [2mnanospam::app[0m[2m:[0m Performing handshake...
[2m2026-09-22T16:10:07.244709Z[0m [32m INFO[0m [2mnanospam::app[0m[2m:[0m Performing handshake...
[2m2026-09-22T16:10:07.256915Z[0m [32m INFO[0m [2mnanospam::app[0m[2m:[0m Performing handshake...
[2m2026-09-22T16:10:07.268174Z[0m [32m INFO[0m [2mnanospam::app[0m[2m:[0m Connecting to node PR2... [3mpeer_addr[0m[2m=[0m[::1]:17095
[2m2026-09-22T16:10:07.268579Z[0m [32m INFO[0m [2mnanospam::app[0m[2m:[0m Performing handshake...
[2m2026-09-22T16:10:07.269230Z[0m [32m INFO[0m [2mnanospam::app[0m[2m:[0m Performing handshake...
[2m2026-09-22T16:10:07.280214Z[0m [32m INFO[0m [2mnanospam::app[0m[2m:[0m Performing handshake...
[2m2026-09-22T16:10:07.291314Z[0m [32m INFO[0m [2mnanospam::app[0m[2m:[0m Performing handshake...
[2m2026-09-22T16:10:07.302321Z[0m [32m INFO[0m [2mnanospam::app[0m[2m:[0m Connecting to node PR3... [3mpeer_addr[0m[2m=[0m[::1]:17105
[2m2026-09-22T16:10:07.302669Z[0m [32m INFO[0m [2mnanospam::app[0m[2m:[0m Performing handshake...
[2m2026-09-22T16:10:07.303609Z[0m [32m INFO[0m [2mnanospam::app[0m[2m:[0m Performing handshake...
[2m2026-09-22T16:10:07.315191Z[0m [32m INFO[0m [2mnanospam::app[0m[2m:[0m Performing handshake...
[2m2026-09-22T16:10:07.326798Z[0m [32m INFO[0m [2mnanospam::app[0m[2m:[0m Performing handshake...
[2m2026-09-22T16:10:07.338913Z[0m [32m INFO[0m [2mnanospam::app[0m[2m:[0m Connecting to node PR4... [3mpeer_addr[0m[2m=[0m[::1]:17115
[2m2026-09-22T16:10:07.339276Z[0m [32m INFO[0m [2mnanospam::app[0m[2m:[0m Performing handshake...
[2m2026-09-22T16:10:07.340006Z[0m [32m INFO[0m [2mnanospam::app[0m[2m:[0m Performing handshake...
[2m2026-09-22T16:10:07.351669Z[0m [32m INFO[0m [2mnanospam::app[0m[2m:[0m Performing handshake...
[2m2026-09-22T16:10:07.362580Z[0m [32m INFO[0m [2mnanospam::app[0m[2m:[0m Performing handshake...
[2m2026-09-22T16:10:07.373276Z[0m [32m INFO[0m [2mnanospam::app[0m[2m:[0m Connecting to node PR5... [3mpeer_addr[0m[2m=[0m[::1]:17125
[2m2026-09-22T16:10:07.373567Z[0m [32m INFO[0m [2mnanospam::app[0m[2m:[0m Performing handshake...
[2m2026-09-22T16:10:07.374131Z[0m [32m INFO[0m [2mnanospam::app[0m[2m:[0m Performing handshake...
[2m2026-09-22T16:10:07.386215Z[0m [32m INFO[0m [2mnanospam::app[0m[2m:[0m Performing handshake...
[2m2026-09-22T16:10:07.398026Z[0m [32m INFO[0m [2mnanospam::app[0m[2m:[0m Performing handshake...
[2m2026-09-22T16:10:07.408419Z[0m [32m INFO[0m [2mnanospam::app[0m[2m:[0m Connecting to websocket...
[2m2026-09-22T16:10:07.409064Z[0m [32m INFO[0m [2mnanospam::app[0m[2m:[0m Starting with 2000 BPS
[2m2026-09-22T16:10:08.409676Z[0m [32m INFO[0m [2mnanospam::app[0m[2m:[0m Confirmed 998 blocks | 2,000 bps | 1,098 cps | avg conf time: 92 ms
[2m2026-09-22T16:10:09.411827Z[0m [32m INFO[0m [2mnanospam::app[0m[2m:[0m Confirmed 4,286 blocks | 2,000 bps | 3,282 cps | avg conf time: 134 ms
[2m2026-09-22T16:10:10.412933Z[0m [32m INFO[0m [2mnanospam::app[0m[2m:[0m Confirmed 6,374 blocks | 2,000 bps | 2,084 cps | avg conf time: 112 ms
[2m2026-09-22T16:10:11.413936Z[0m [32m INFO[0m [2mnanospam::app[0m[2m:[0m Confirmed 8,359 blocks | 2,000 bps | 1,982 cps | avg conf time: 98 ms
[2m2026-09-22T16:10:12.414747Z[0m [32m INFO[0m [2mnanospam::app[0m[2m:[0m Confirmed 10,332 blocks | 2,000 bps | 1,971 cps | avg conf time: 92 ms
[2m2026-09-22T16:10:13.415504Z[0m [32m INFO[0m [2mnanospam::app[0m[2m:[0m Confirmed 12,263 blocks | 2,000 bps | 1,929 cps | avg conf time: 90 ms
[2m2026-09-22T16:10:14.418782Z[0m [32m INFO[0m [2mnanospam::app[0m[2m:[0m Confirmed 14,228 blocks | 2,000 bps | 1,958 cps | avg conf time: 94 ms
EPOCH_ENDED epoch=0 elections=183 active=117 t=1790093415195
EPOCH_ENDED epoch=0 elections=183 active=117 t=1790093415196
EPOCH_ENDED epoch=0 elections=183 active=117 t=1790093415196
EPOCH_ENDED epoch=0 elections=184 active=118 t=1790093415196
EPOCH_ENDED epoch=0 elections=183 active=117 t=1790093415196
EPOCH_ENDED epoch=0 elections=184 active=118 t=1790093415196
EPOCH_DRAIN_WAIT epoch=0 unterminated=106 previous_closed=true first=["5A20F94F408819BB75B26467067B632B61D0B9F74FEB329235F9B2252AF84139:active:1:1", "DD0B9E69401116E9A06200D9F7B68464E27CC6C31C43AE62B797E82A91674EA2:active:1:1", "0E827EA058C9FE8B5F8688790FD55947CC099B061AB9125229CDB8A93FF8B5A8:active:1:2"] t=1790093415217
EPOCH_DRAIN_WAIT epoch=0 unterminated=106 previous_closed=true first=["5A20F94F408819BB75B26467067B632B61D0B9F74FEB329235F9B2252AF84139:active:1:1", "DD0B9E69401116E9A06200D9F7B68464E27CC6C31C43AE62B797E82A91674EA2:active:1:1", "0E827EA058C9FE8B5F8688790FD55947CC099B061AB9125229CDB8A93FF8B5A8:active:1:2"] t=1790093415221
[2m2026-09-22T16:10:15.419532Z[0m [32m INFO[0m [2mnanospam::app[0m[2m:[0m Confirmed 15,947 blocks | 2,000 bps | 1,717 cps | avg conf time: 95 ms
EPOCH_CLOSE_READY epoch=0 value=C88E0311245E5BC9776F48D15F8E0B44745FD0D0ABB2E82F9C452BA2690B3959 t=1790093415740
EPOCH_CLOSE_ROUND epoch=0 round=0 leader=633D9D614858AB1710D5D8C3180E2A082DC97208BA8C26BA6C6D1A86C8E31CC0 leads=false t=1790093415740
EPOCH_ADVANCED epoch=1 elections=1 active=0 t=1790093415740
EPOCH_CLOSE_READY epoch=0 value=C88E0311245E5BC9776F48D15F8E0B44745FD0D0ABB2E82F9C452BA2690B3959 t=1790093415779
EPOCH_CLOSE_ROUND epoch=0 round=0 leader=633D9D614858AB1710D5D8C3180E2A082DC97208BA8C26BA6C6D1A86C8E31CC0 leads=true t=1790093415779
EPOCH_ADVANCED epoch=1 elections=1 active=0 t=1790093415779
EPOCH_CLOSE_READY epoch=0 value=C88E0311245E5BC9776F48D15F8E0B44745FD0D0ABB2E82F9C452BA2690B3959 t=1790093415797
EPOCH_CLOSE_ROUND epoch=0 round=0 leader=633D9D614858AB1710D5D8C3180E2A082DC97208BA8C26BA6C6D1A86C8E31CC0 leads=false t=1790093415797
EPOCH_REPORT epoch=0 entries=32019 root=2F4CB05231D1EB4796A2C443E94AF854BDEBF2C9E74A6F95EC75CB0156E52E67 committee=F86D81972D51B72B0B6EBD14698D9274FA62362921269BD5E595E4E716D4EE3A reports=1 t=1790093415797
EPOCH_ADVANCED epoch=1 elections=1 active=0 t=1790093415797
EPOCH_REPORT epoch=0 entries=31940 root=088B3339917FD31D840054A18F721C6C08974287C5566715F7E13497C1118EEB committee=F86D81972D51B72B0B6EBD14698D9274FA62362921269BD5E595E4E716D4EE3A reports=1 t=1790093415839
EPOCH_REPORT epoch=0 entries=31777 root=413FF03FD6945F93FDD46A9A5628EA2C52EB65E933A07ACD0CAAF39C2F38D30B committee=F86D81972D51B72B0B6EBD14698D9274FA62362921269BD5E595E4E716D4EE3A reports=1 t=1790093415859
EPOCH_CLOSE_READY epoch=0 value=C88E0311245E5BC9776F48D15F8E0B44745FD0D0ABB2E82F9C452BA2690B3959 t=1790093415989
EPOCH_CLOSE_ROUND epoch=0 round=0 leader=633D9D614858AB1710D5D8C3180E2A082DC97208BA8C26BA6C6D1A86C8E31CC0 leads=false t=1790093415989
EPOCH_ADVANCED epoch=1 elections=1 active=0 t=1790093415989
EPOCH_REPORT epoch=0 entries=31619 root=0D2B3E182D4F41B186C7DE897BE78E066CF79573CDA52088EF02B2D93DB2F94E committee=F86D81972D51B72B0B6EBD14698D9274FA62362921269BD5E595E4E716D4EE3A reports=1 t=1790093416027
EPOCH_CLOSE_ROUND epoch=0 round=1 leader=65A90023F6C0D2181AAA63F005D81BBC0C04650505E21D5123F9AE1F9E992BFF leads=false t=1790093416216
EPOCH_CLOSE_ROUND epoch=0 round=1 leader=65A90023F6C0D2181AAA63F005D81BBC0C04650505E21D5123F9AE1F9E992BFF leads=false t=1790093416221
EPOCH_CLOSE_READY epoch=0 value=C88E0311245E5BC9776F48D15F8E0B44745FD0D0ABB2E82F9C452BA2690B3959 t=1790093416251
EPOCH_CLOSE_ROUND epoch=0 round=0 leader=633D9D614858AB1710D5D8C3180E2A082DC97208BA8C26BA6C6D1A86C8E31CC0 leads=false t=1790093416251
EPOCH_ADVANCED epoch=1 elections=1 active=0 t=1790093416251
EPOCH_CLOSE_READY epoch=0 value=C88E0311245E5BC9776F48D15F8E0B44745FD0D0ABB2E82F9C452BA2690B3959 t=1790093416282
EPOCH_CLOSE_ROUND epoch=0 round=0 leader=633D9D614858AB1710D5D8C3180E2A082DC97208BA8C26BA6C6D1A86C8E31CC0 leads=false t=1790093416282
EPOCH_ADVANCED epoch=1 elections=1 active=0 t=1790093416282
EPOCH_REPORT epoch=0 entries=32023 root=486E0C8C58C13EC5E89E2302E285675CA2DE896A37E8E6B61B1FEEFFE31B145A committee=F86D81972D51B72B0B6EBD14698D9274FA62362921269BD5E595E4E716D4EE3A reports=1 t=1790093416288
EPOCH_REPORT epoch=0 entries=31632 root=B0F9C3E3C588668BCBBD49BB13FDDC47AC48652E5B5AF70CEDE851D9DCED4598 committee=F86D81972D51B72B0B6EBD14698D9274FA62362921269BD5E595E4E716D4EE3A reports=1 t=1790093416322
EPOCH_CLOSED epoch=0 round=0 value=C88E0311245E5BC9776F48D15F8E0B44745FD0D0ABB2E82F9C452BA2690B3959 own=true t=1790093416373
EPOCH_CLOSED epoch=0 round=0 value=C88E0311245E5BC9776F48D15F8E0B44745FD0D0ABB2E82F9C452BA2690B3959 own=true t=1790093416374
EPOCH_CLOSED epoch=0 round=0 value=C88E0311245E5BC9776F48D15F8E0B44745FD0D0ABB2E82F9C452BA2690B3959 own=true t=1790093416375
EPOCH_CLOSED epoch=0 round=0 value=C88E0311245E5BC9776F48D15F8E0B44745FD0D0ABB2E82F9C452BA2690B3959 own=true t=1790093416377
EPOCH_COMMITTEE derived_by=0 members=6 accounts=7231 n=339421065380618902941230316805941817085 digest=3D80897F540A862E84D38A2EEABFE601AB482BEA6FBEF0453DB2E21D5F412DBC shares=["D315857C:18.7%", "A353E45E:16.7%", "911999B2:16.6%", "735FE217:16.2%", "633D9D61:16.1%", "65A90023:15.7%"] t=1790093416381
EPOCH_AGREED epoch=0 value=C88E0311245E5BC9776F48D15F8E0B44745FD0D0ABB2E82F9C452BA2690B3959 t=1790093416381
EPOCH_COMMITTEE derived_by=0 members=6 accounts=7231 n=339421065380618902941230316805941817085 digest=3D80897F540A862E84D38A2EEABFE601AB482BEA6FBEF0453DB2E21D5F412DBC shares=["D315857C:18.7%", "A353E45E:16.7%", "911999B2:16.6%", "735FE217:16.2%", "633D9D61:16.1%", "65A90023:15.7%"] t=1790093416383
EPOCH_AGREED epoch=0 value=C88E0311245E5BC9776F48D15F8E0B44745FD0D0ABB2E82F9C452BA2690B3959 t=1790093416383
EPOCH_COMMITTEE derived_by=0 members=6 accounts=7231 n=339421065380618902941230316805941817085 digest=3D80897F540A862E84D38A2EEABFE601AB482BEA6FBEF0453DB2E21D5F412DBC shares=["D315857C:18.7%", "A353E45E:16.7%", "911999B2:16.6%", "735FE217:16.2%", "633D9D61:16.1%", "65A90023:15.7%"] t=1790093416383
EPOCH_AGREED epoch=0 value=C88E0311245E5BC9776F48D15F8E0B44745FD0D0ABB2E82F9C452BA2690B3959 t=1790093416383
EPOCH_COMMITTEE derived_by=0 members=6 accounts=7231 n=339421065380618902941230316805941817085 digest=3D80897F540A862E84D38A2EEABFE601AB482BEA6FBEF0453DB2E21D5F412DBC shares=["D315857C:18.7%", "A353E45E:16.7%", "911999B2:16.6%", "735FE217:16.2%", "633D9D61:16.1%", "65A90023:15.7%"] t=1790093416387
EPOCH_AGREED epoch=0 value=C88E0311245E5BC9776F48D15F8E0B44745FD0D0ABB2E82F9C452BA2690B3959 t=1790093416387
EPOCH_CLOSED epoch=0 round=0 value=C88E0311245E5BC9776F48D15F8E0B44745FD0D0ABB2E82F9C452BA2690B3959 own=true t=1790093416387
EPOCH_COMMITTEE derived_by=0 members=6 accounts=7231 n=339421065380618902941230316805941817085 digest=3D80897F540A862E84D38A2EEABFE601AB482BEA6FBEF0453DB2E21D5F412DBC shares=["D315857C:18.7%", "A353E45E:16.7%", "911999B2:16.6%", "735FE217:16.2%", "633D9D61:16.1%", "65A90023:15.7%"] t=1790093416395
EPOCH_AGREED epoch=0 value=C88E0311245E5BC9776F48D15F8E0B44745FD0D0ABB2E82F9C452BA2690B3959 t=1790093416395
EPOCH_CLOSED epoch=0 round=0 value=C88E0311245E5BC9776F48D15F8E0B44745FD0D0ABB2E82F9C452BA2690B3959 own=true t=1790093416398
EPOCH_COMMITTEE derived_by=0 members=6 accounts=7231 n=339421065380618902941230316805941817085 digest=3D80897F540A862E84D38A2EEABFE601AB482BEA6FBEF0453DB2E21D5F412DBC shares=["D315857C:18.7%", "A353E45E:16.7%", "911999B2:16.6%", "735FE217:16.2%", "633D9D61:16.1%", "65A90023:15.7%"] t=1790093416403
EPOCH_AGREED epoch=0 value=C88E0311245E5BC9776F48D15F8E0B44745FD0D0ABB2E82F9C452BA2690B3959 t=1790093416403
[2m2026-09-22T16:10:16.420516Z[0m [32m INFO[0m [2mnanospam::app[0m[2m:[0m Confirmed 15,947 blocks | 2,000 bps | 0 cps | avg conf time: 0 ms
[2m2026-09-22T16:10:17.421441Z[0m [32m INFO[0m [2mnanospam::app[0m[2m:[0m Confirmed 19,935 blocks | 2,000 bps | 3,984 cps | avg conf time: 437 ms
[2m2026-09-22T16:10:18.422362Z[0m [32m INFO[0m [2mnanospam::app[0m[2m:[0m Confirmed 21,888 blocks | 2,000 bps | 1,951 cps | avg conf time: 100 ms
[2m2026-09-22T16:10:19.423991Z[0m [32m INFO[0m [2mnanospam::app[0m[2m:[0m Confirmed 23,868 blocks | 2,000 bps | 1,976 cps | avg conf time: 98 ms
[2m2026-09-22T16:10:20.424439Z[0m [32m INFO[0m [2mnanospam::app[0m[2m:[0m Confirmed 25,790 blocks | 2,000 bps | 1,921 cps | avg conf time: 97 ms
[2m2026-09-22T16:10:21.426114Z[0m [32m INFO[0m [2mnanospam::app[0m[2m:[0m Confirmed 27,710 blocks | 2,000 bps | 1,916 cps | avg conf time: 99 ms
[2m2026-09-22T16:10:22.427085Z[0m [32m INFO[0m [2mnanospam::app[0m[2m:[0m Confirmed 29,597 blocks | 2,000 bps | 1,885 cps | avg conf time: 100 ms
EPOCH_ENDED epoch=1 elections=160 active=144 t=1790093423201
EPOCH_ENDED epoch=1 elections=160 active=144 t=1790093423201
EPOCH_ENDED epoch=1 elections=160 active=144 t=1790093423201
EPOCH_ENDED epoch=1 elections=160 active=144 t=1790093423201
EPOCH_ENDED epoch=1 elections=161 active=145 t=1790093423201
EPOCH_ENDED epoch=1 elections=160 active=144 t=1790093423201
EPOCH_DRAIN_WAIT epoch=1 unterminated=114 previous_closed=true first=["5D769C2CFF83B3061E6BB1E784D74687E1322735153A06B636C1FA93B9C44EB4:active:1:3", "2807BD749259B167DA21B634A9887F03A09876FE3BE2424C00ECA10ED48F4C0B:active:1:3", "F27A1C5308D5A953AB9CB1F93D30CA39A45281F77A67F6FE7431FF541C75DEB9:active:1:3"] t=1790093423246
EPOCH_DRAIN_WAIT epoch=1 unterminated=1 previous_closed=true first=["6A84352C523FBBC7C35033189626F8D3E81455BE2E777C8673B6FA5853271725:active:1:2"] t=1790093423363
[2m2026-09-22T16:10:23.427212Z[0m [32m INFO[0m [2mnanospam::app[0m[2m:[0m Confirmed 31,376 blocks | 2,000 bps | 1,778 cps | avg conf time: 95 ms
EPOCH_CLOSE_READY epoch=1 value=860D47CB047AEA61E104B9639D69DA5D31527F0A6313F4CF5A74306D5B4D13E8 t=1790093423536
EPOCH_CLOSE_ROUND epoch=1 round=0 leader=65A90023F6C0D2181AAA63F005D81BBC0C04650505E21D5123F9AE1F9E992BFF leads=false t=1790093423536
EPOCH_ADVANCED epoch=2 elections=1 active=0 t=1790093423536
EPOCH_REPORT epoch=1 entries=30827 root=13287E447D21578532140210E645C771D9FA2A1D7EADE541DBBEB55D8556F659 committee=F86D81972D51B72B0B6EBD14698D9274FA62362921269BD5E595E4E716D4EE3A reports=1 t=1790093423575
EPOCH_CLOSE_READY epoch=1 value=860D47CB047AEA61E104B9639D69DA5D31527F0A6313F4CF5A74306D5B4D13E8 t=1790093423739
EPOCH_CLOSE_ROUND epoch=1 round=0 leader=65A90023F6C0D2181AAA63F005D81BBC0C04650505E21D5123F9AE1F9E992BFF leads=false t=1790093423739
EPOCH_ADVANCED epoch=2 elections=2 active=0 t=1790093423739
EPOCH_REPORT epoch=1 entries=30859 root=552BFFBE6F6353ABBDF404D467C791701D523509B8D58A360FBB228A35B92F6D committee=F86D81972D51B72B0B6EBD14698D9274FA62362921269BD5E595E4E716D4EE3A reports=1 t=1790093423791
EPOCH_CLOSE_READY epoch=1 value=860D47CB047AEA61E104B9639D69DA5D31527F0A6313F4CF5A74306D5B4D13E8 t=1790093423864
EPOCH_CLOSE_ROUND epoch=1 round=0 leader=65A90023F6C0D2181AAA63F005D81BBC0C04650505E21D5123F9AE1F9E992BFF leads=false t=1790093423864
EPOCH_ADVANCED epoch=2 elections=2 active=0 t=1790093423864
EPOCH_REPORT epoch=1 entries=30851 root=8E0305870E5CA457B1EB0010FE45A6FA29CD370531097823D9911B705F770A61 committee=F86D81972D51B72B0B6EBD14698D9274FA62362921269BD5E595E4E716D4EE3A reports=1 t=1790093423898
EPOCH_CLOSE_READY epoch=1 value=860D47CB047AEA61E104B9639D69DA5D31527F0A6313F4CF5A74306D5B4D13E8 t=1790093423958
EPOCH_CLOSE_ROUND epoch=1 round=0 leader=65A90023F6C0D2181AAA63F005D81BBC0C04650505E21D5123F9AE1F9E992BFF leads=true t=1790093423958
EPOCH_ADVANCED epoch=2 elections=2 active=0 t=1790093423958
EPOCH_REPORT epoch=1 entries=30849 root=510FF3F12716B59629565D5C5F11C2FD614D5DC35E90AF9B068F8303DB29A662 committee=F86D81972D51B72B0B6EBD14698D9274FA62362921269BD5E595E4E716D4EE3A reports=1 t=1790093424009
EPOCH_CLOSE_READY epoch=1 value=860D47CB047AEA61E104B9639D69DA5D31527F0A6313F4CF5A74306D5B4D13E8 t=1790093424198
EPOCH_CLOSE_ROUND epoch=1 round=0 leader=65A90023F6C0D2181AAA63F005D81BBC0C04650505E21D5123F9AE1F9E992BFF leads=false t=1790093424198
EPOCH_ADVANCED epoch=2 elections=2 active=0 t=1790093424198
EPOCH_REPORT epoch=1 entries=30848 root=BB4BFDD3A079573F3B788D9FB3060AC054510FDB572CE76071753D1CF7D2CDC6 committee=F86D81972D51B72B0B6EBD14698D9274FA62362921269BD5E595E4E716D4EE3A reports=1 t=1790093424244
EPOCH_CLOSE_READY epoch=1 value=860D47CB047AEA61E104B9639D69DA5D31527F0A6313F4CF5A74306D5B4D13E8 t=1790093424305
EPOCH_CLOSE_ROUND epoch=1 round=0 leader=65A90023F6C0D2181AAA63F005D81BBC0C04650505E21D5123F9AE1F9E992BFF leads=false t=1790093424306
EPOCH_ADVANCED epoch=2 elections=2 active=0 t=1790093424306
EPOCH_REPORT epoch=1 entries=30859 root=552BFFBE6F6353ABBDF404D467C791701D523509B8D58A360FBB228A35B92F6D committee=F86D81972D51B72B0B6EBD14698D9274FA62362921269BD5E595E4E716D4EE3A reports=1 t=1790093424390
EPOCH_CLOSE_ROUND epoch=1 round=1 leader=735FE217D91E88EA82324C5883296385FA0041C2FAC85C827BAA46DA1E14B83F leads=false t=1790093424412
[2m2026-09-22T16:10:24.428135Z[0m [32m INFO[0m [2mnanospam::app[0m[2m:[0m Confirmed 33,259 blocks | 2,000 bps | 1,881 cps | avg conf time: 461 ms
EPOCH_CLOSED epoch=1 round=0 value=860D47CB047AEA61E104B9639D69DA5D31527F0A6313F4CF5A74306D5B4D13E8 own=true t=1790093424461
EPOCH_CLOSED epoch=1 round=0 value=860D47CB047AEA61E104B9639D69DA5D31527F0A6313F4CF5A74306D5B4D13E8 own=true t=1790093424461
EPOCH_CLOSED epoch=1 round=0 value=860D47CB047AEA61E104B9639D69DA5D31527F0A6313F4CF5A74306D5B4D13E8 own=true t=1790093424461
EPOCH_CLOSED epoch=1 round=0 value=860D47CB047AEA61E104B9639D69DA5D31527F0A6313F4CF5A74306D5B4D13E8 own=true t=1790093424461
EPOCH_CLOSED epoch=1 round=0 value=860D47CB047AEA61E104B9639D69DA5D31527F0A6313F4CF5A74306D5B4D13E8 own=true t=1790093424466
EPOCH_COMMITTEE derived_by=1 members=6 accounts=13193 n=340192282321743799944089081614667057883 digest=361674435CAFA9373BC2561BF598CBC9FBD15FB6770DCD58D9D61E884B4ADDE1 shares=["A353E45E:17.7%", "D315857C:17.4%", "633D9D61:16.6%", "735FE217:16.2%", "911999B2:16.2%", "65A90023:15.9%"] t=1790093424466
EPOCH_AGREED epoch=1 value=860D47CB047AEA61E104B9639D69DA5D31527F0A6313F4CF5A74306D5B4D13E8 t=1790093424466
EPOCH_COMMITTEE derived_by=1 members=6 accounts=13193 n=340192282321743799944089081614667057883 digest=361674435CAFA9373BC2561BF598CBC9FBD15FB6770DCD58D9D61E884B4ADDE1 shares=["A353E45E:17.7%", "D315857C:17.4%", "633D9D61:16.6%", "735FE217:16.2%", "911999B2:16.2%", "65A90023:15.9%"] t=1790093424466
EPOCH_AGREED epoch=1 value=860D47CB047AEA61E104B9639D69DA5D31527F0A6313F4CF5A74306D5B4D13E8 t=1790093424466
EPOCH_COMMITTEE derived_by=1 members=6 accounts=13193 n=340192282321743799944089081614667057883 digest=361674435CAFA9373BC2561BF598CBC9FBD15FB6770DCD58D9D61E884B4ADDE1 shares=["A353E45E:17.7%", "D315857C:17.4%", "633D9D61:16.6%", "735FE217:16.2%", "911999B2:16.2%", "65A90023:15.9%"] t=1790093424469
EPOCH_AGREED epoch=1 value=860D47CB047AEA61E104B9639D69DA5D31527F0A6313F4CF5A74306D5B4D13E8 t=1790093424469
EPOCH_COMMITTEE derived_by=1 members=6 accounts=13193 n=340192282321743799944089081614667057883 digest=361674435CAFA9373BC2561BF598CBC9FBD15FB6770DCD58D9D61E884B4ADDE1 shares=["A353E45E:17.7%", "D315857C:17.4%", "633D9D61:16.6%", "735FE217:16.2%", "911999B2:16.2%", "65A90023:15.9%"] t=1790093424470
EPOCH_AGREED epoch=1 value=860D47CB047AEA61E104B9639D69DA5D31527F0A6313F4CF5A74306D5B4D13E8 t=1790093424470
EPOCH_COMMITTEE derived_by=1 members=6 accounts=13193 n=340192282321743799944089081614667057883 digest=361674435CAFA9373BC2561BF598CBC9FBD15FB6770DCD58D9D61E884B4ADDE1 shares=["A353E45E:17.7%", "D315857C:17.4%", "633D9D61:16.6%", "735FE217:16.2%", "911999B2:16.2%", "65A90023:15.9%"] t=1790093424471
EPOCH_AGREED epoch=1 value=860D47CB047AEA61E104B9639D69DA5D31527F0A6313F4CF5A74306D5B4D13E8 t=1790093424471
EPOCH_CLOSE_ROUND epoch=1 round=1 leader=735FE217D91E88EA82324C5883296385FA0041C2FAC85C827BAA46DA1E14B83F leads=false t=1790093424557
EPOCH_CLOSED epoch=1 round=0 value=860D47CB047AEA61E104B9639D69DA5D31527F0A6313F4CF5A74306D5B4D13E8 own=true t=1790093424624
EPOCH_COMMITTEE derived_by=1 members=6 accounts=13193 n=340192282321743799944089081614667057883 digest=361674435CAFA9373BC2561BF598CBC9FBD15FB6770DCD58D9D61E884B4ADDE1 shares=["A353E45E:17.7%", "D315857C:17.4%", "633D9D61:16.6%", "735FE217:16.2%", "911999B2:16.2%", "65A90023:15.9%"] t=1790093424629
EPOCH_AGREED epoch=1 value=860D47CB047AEA61E104B9639D69DA5D31527F0A6313F4CF5A74306D5B4D13E8 t=1790093424629
[2m2026-09-22T16:10:25.429387Z[0m [32m INFO[0m [2mnanospam::app[0m[2m:[0m Confirmed 35,408 blocks | 2,000 bps | 2,146 cps | avg conf time: 124 ms
[2m2026-09-22T16:10:26.430336Z[0m [32m INFO[0m [2mnanospam::app[0m[2m:[0m Confirmed 37,390 blocks | 2,000 bps | 1,980 cps | avg conf time: 91 ms
[2m2026-09-22T16:10:27.431073Z[0m [32m INFO[0m [2mnanospam::app[0m[2m:[0m Confirmed 39,261 blocks | 2,000 bps | 1,869 cps | avg conf time: 91 ms
[2m2026-09-22T16:10:28.432284Z[0m [32m INFO[0m [2mnanospam::app[0m[2m:[0m Confirmed 41,203 blocks | 2,000 bps | 1,939 cps | avg conf time: 91 ms
[2m2026-09-22T16:10:29.433020Z[0m [32m INFO[0m [2mnanospam::app[0m[2m:[0m Confirmed 43,181 blocks | 2,000 bps | 1,976 cps | avg conf time: 89 ms
[2m2026-09-22T16:10:30.434532Z[0m [32m INFO[0m [2mnanospam::app[0m[2m:[0m Confirmed 44,998 blocks | 2,000 bps | 1,814 cps | avg conf time: 89 ms
EPOCH_ENDED epoch=2 elections=2 active=0 t=1790093431209
EPOCH_ENDED epoch=2 elections=2 active=0 t=1790093431217
EPOCH_ENDED epoch=2 elections=2 active=0 t=1790093431366
EPOCH_CLOSE_READY epoch=2 value=6B2589E8AF260BC6C84F4AB9484369E738DC4D0ADCF677C6207930DCE6AD3466 t=1790093431391
EPOCH_CLOSE_ROUND epoch=2 round=0 leader=735FE217D91E88EA82324C5883296385FA0041C2FAC85C827BAA46DA1E14B83F leads=false t=1790093431391
EPOCH_ADVANCED epoch=3 elections=2 active=0 t=1790093431391
EPOCH_CLOSE_READY epoch=2 value=6B2589E8AF260BC6C84F4AB9484369E738DC4D0ADCF677C6207930DCE6AD3466 t=1790093431392
EPOCH_CLOSE_ROUND epoch=2 round=0 leader=735FE217D91E88EA82324C5883296385FA0041C2FAC85C827BAA46DA1E14B83F leads=false t=1790093431392
EPOCH_ADVANCED epoch=3 elections=2 active=0 t=1790093431392
EPOCH_REPORT epoch=2 entries=26896 root=9F09838137EFAFD705F09A7BB7F84EF858BA2CEAC2ABC7C8110556F87084A742 committee=3D80897F540A862E84D38A2EEABFE601AB482BEA6FBEF0453DB2E21D5F412DBC reports=1 t=1790093431415
EPOCH_REPORT epoch=2 entries=27244 root=7726FA65297E32A82561BD458876B06E56B5D6E2F369B64BEBC8540DF1B5893B committee=3D80897F540A862E84D38A2EEABFE601AB482BEA6FBEF0453DB2E21D5F412DBC reports=1 t=1790093431416
[2m2026-09-22T16:10:31.436220Z[0m [32m INFO[0m [2mnanospam::app[0m[2m:[0m Confirmed 44,998 blocks | 2,000 bps | 0 cps | avg conf time: 0 ms
EPOCH_ENDED epoch=2 elections=2 active=0 t=1790093431447
EPOCH_ENDED epoch=2 elections=2 active=0 t=1790093431462
EPOCH_ENDED epoch=2 elections=2 active=0 t=1790093431478
EPOCH_CLOSE_READY epoch=2 value=6B2589E8AF260BC6C84F4AB9484369E738DC4D0ADCF677C6207930DCE6AD3466 t=1790093431510
EPOCH_CLOSE_ROUND epoch=2 round=0 leader=735FE217D91E88EA82324C5883296385FA0041C2FAC85C827BAA46DA1E14B83F leads=false t=1790093431510
EPOCH_ADVANCED epoch=3 elections=2 active=0 t=1790093431510
EPOCH_REPORT epoch=2 entries=27244 root=7726FA65297E32A82561BD458876B06E56B5D6E2F369B64BEBC8540DF1B5893B committee=3D80897F540A862E84D38A2EEABFE601AB482BEA6FBEF0453DB2E21D5F412DBC reports=1 t=1790093431534
EPOCH_CLOSE_READY epoch=2 value=6B2589E8AF260BC6C84F4AB9484369E738DC4D0ADCF677C6207930DCE6AD3466 t=1790093431597
EPOCH_CLOSE_ROUND epoch=2 round=0 leader=735FE217D91E88EA82324C5883296385FA0041C2FAC85C827BAA46DA1E14B83F leads=true t=1790093431597
EPOCH_ADVANCED epoch=3 elections=2 active=0 t=1790093431597
EPOCH_CLOSE_READY epoch=2 value=6B2589E8AF260BC6C84F4AB9484369E738DC4D0ADCF677C6207930DCE6AD3466 t=1790093431609
EPOCH_CLOSE_ROUND epoch=2 round=0 leader=735FE217D91E88EA82324C5883296385FA0041C2FAC85C827BAA46DA1E14B83F leads=false t=1790093431609
EPOCH_ADVANCED epoch=3 elections=2 active=0 t=1790093431609
EPOCH_REPORT epoch=2 entries=27244 root=7726FA65297E32A82561BD458876B06E56B5D6E2F369B64BEBC8540DF1B5893B committee=3D80897F540A862E84D38A2EEABFE601AB482BEA6FBEF0453DB2E21D5F412DBC reports=1 t=1790093431621
EPOCH_CLOSE_READY epoch=2 value=6B2589E8AF260BC6C84F4AB9484369E738DC4D0ADCF677C6207930DCE6AD3466 t=1790093431626
EPOCH_CLOSE_ROUND epoch=2 round=0 leader=735FE217D91E88EA82324C5883296385FA0041C2FAC85C827BAA46DA1E14B83F leads=false t=1790093431626
EPOCH_ADVANCED epoch=3 elections=2 active=0 t=1790093431626
EPOCH_REPORT epoch=2 entries=27242 root=4B6D11432FB33B22F96BBCFE3C5E7ADE0E1DA9932335BE91F3FB917870A77634 committee=3D80897F540A862E84D38A2EEABFE601AB482BEA6FBEF0453DB2E21D5F412DBC reports=1 t=1790093431634
EPOCH_REPORT epoch=2 entries=26529 root=1E463E588EE4E9AD23A3C111D299FD034344DF08B2735C431B5D8C7249CECC0F committee=3D80897F540A862E84D38A2EEABFE601AB482BEA6FBEF0453DB2E21D5F412DBC reports=1 t=1790093431649
EPOCH_CLOSED epoch=2 round=0 value=6B2589E8AF260BC6C84F4AB9484369E738DC4D0ADCF677C6207930DCE6AD3466 own=true t=1790093431732
EPOCH_CLOSED epoch=2 round=0 value=6B2589E8AF260BC6C84F4AB9484369E738DC4D0ADCF677C6207930DCE6AD3466 own=true t=1790093431732
EPOCH_CLOSED epoch=2 round=0 value=6B2589E8AF260BC6C84F4AB9484369E738DC4D0ADCF677C6207930DCE6AD3466 own=true t=1790093431732
EPOCH_CLOSED epoch=2 round=0 value=6B2589E8AF260BC6C84F4AB9484369E738DC4D0ADCF677C6207930DCE6AD3466 own=true t=1790093431732
EPOCH_CLOSED epoch=2 round=0 value=6B2589E8AF260BC6C84F4AB9484369E738DC4D0ADCF677C6207930DCE6AD3466 own=true t=1790093431733
EPOCH_CLOSED epoch=2 round=0 value=6B2589E8AF260BC6C84F4AB9484369E738DC4D0ADCF677C6207930DCE6AD3466 own=true t=1790093431733
EPOCH_COMMITTEE derived_by=2 members=6 accounts=17597 n=339818661034493596363485793996713780817 digest=4185C86A792FA6A07487FF8D6F600EC38FA6A46DC7FE19433F63F28F2F11619D shares=["D315857C:17.6%", "A353E45E:17.2%", "735FE217:16.7%", "633D9D61:16.5%", "65A90023:16.0%", "911999B2:16.0%"] t=1790093431738
EPOCH_AGREED epoch=2 value=6B2589E8AF260BC6C84F4AB9484369E738DC4D0ADCF677C6207930DCE6AD3466 t=1790093431738
EPOCH_COMMITTEE derived_by=2 members=6 accounts=17597 n=339818661034493596363485793996713780817 digest=4185C86A792FA6A07487FF8D6F600EC38FA6A46DC7FE19433F63F28F2F11619D shares=["D315857C:17.6%", "A353E45E:17.2%", "735FE217:16.7%", "633D9D61:16.5%", "65A90023:16.0%", "911999B2:16.0%"] t=1790093431739
EPOCH_AGREED epoch=2 value=6B2589E8AF260BC6C84F4AB9484369E738DC4D0ADCF677C6207930DCE6AD3466 t=1790093431739
EPOCH_COMMITTEE derived_by=2 members=6 accounts=17597 n=339818661034493596363485793996713780817 digest=4185C86A792FA6A07487FF8D6F600EC38FA6A46DC7FE19433F63F28F2F11619D shares=["D315857C:17.6%", "A353E45E:17.2%", "735FE217:16.7%", "633D9D61:16.5%", "65A90023:16.0%", "911999B2:16.0%"] t=1790093431739
EPOCH_AGREED epoch=2 value=6B2589E8AF260BC6C84F4AB9484369E738DC4D0ADCF677C6207930DCE6AD3466 t=1790093431739
EPOCH_COMMITTEE derived_by=2 members=6 accounts=17597 n=339818661034493596363485793996713780817 digest=4185C86A792FA6A07487FF8D6F600EC38FA6A46DC7FE19433F63F28F2F11619D shares=["D315857C:17.6%", "A353E45E:17.2%", "735FE217:16.7%", "633D9D61:16.5%", "65A90023:16.0%", "911999B2:16.0%"] t=1790093431740
EPOCH_AGREED epoch=2 value=6B2589E8AF260BC6C84F4AB9484369E738DC4D0ADCF677C6207930DCE6AD3466 t=1790093431740
EPOCH_COMMITTEE derived_by=2 members=6 accounts=17597 n=339818661034493596363485793996713780817 digest=4185C86A792FA6A07487FF8D6F600EC38FA6A46DC7FE19433F63F28F2F11619D shares=["D315857C:17.6%", "A353E45E:17.2%", "735FE217:16.7%", "633D9D61:16.5%", "65A90023:16.0%", "911999B2:16.0%"] t=1790093431741
EPOCH_AGREED epoch=2 value=6B2589E8AF260BC6C84F4AB9484369E738DC4D0ADCF677C6207930DCE6AD3466 t=1790093431741
EPOCH_COMMITTEE derived_by=2 members=6 accounts=17597 n=339818661034493596363485793996713780817 digest=4185C86A792FA6A07487FF8D6F600EC38FA6A46DC7FE19433F63F28F2F11619D shares=["D315857C:17.6%", "A353E45E:17.2%", "735FE217:16.7%", "633D9D61:16.5%", "65A90023:16.0%", "911999B2:16.0%"] t=1790093431742
EPOCH_AGREED epoch=2 value=6B2589E8AF260BC6C84F4AB9484369E738DC4D0ADCF677C6207930DCE6AD3466 t=1790093431742
[2m2026-09-22T16:10:32.438597Z[0m [32m INFO[0m [2mnanospam::app[0m[2m:[0m Confirmed 44,998 blocks | 2,000 bps | 0 cps | avg conf time: 0 ms
[2m2026-09-22T16:10:33.439896Z[0m [32m INFO[0m [2mnanospam::app[0m[2m:[0m Confirmed 44,998 blocks | 2,000 bps | 0 cps | avg conf time: 0 ms
[2m2026-09-22T16:10:34.442716Z[0m [32m INFO[0m [2mnanospam::app[0m[2m:[0m Confirmed 44,998 blocks | 2,000 bps | 0 cps | avg conf time: 0 ms
[2m2026-09-22T16:10:35.444726Z[0m [32m INFO[0m [2mnanospam::app[0m[2m:[0m Confirmed 44,998 blocks | 2,000 bps | 0 cps | avg conf time: 0 ms
[2m2026-09-22T16:10:36.446157Z[0m [32m INFO[0m [2mnanospam::app[0m[2m:[0m Confirmed 44,998 blocks | 2,000 bps | 0 cps | avg conf time: 0 ms
[2m2026-09-22T16:10:37.447581Z[0m [32m INFO[0m [2mnanospam::app[0m[2m:[0m Confirmed 44,998 blocks | 2,000 bps | 0 cps | avg conf time: 0 ms
[2m2026-09-22T16:10:38.448499Z[0m [32m INFO[0m [2mnanospam::app[0m[2m:[0m Confirmed 44,998 blocks | 2,000 bps | 0 cps | avg conf time: 0 ms
[2m2026-09-22T16:10:39.449755Z[0m [32m INFO[0m [2mnanospam::app[0m[2m:[0m Confirmed 44,998 blocks | 2,000 bps | 0 cps | avg conf time: 0 ms
[2m2026-09-22T16:10:40.451149Z[0m [32m INFO[0m [2mnanospam::app[0m[2m:[0m Confirmed 44,998 blocks | 2,000 bps | 0 cps | avg conf time: 0 ms
[2m2026-09-22T16:10:41.453138Z[0m [32m INFO[0m [2mnanospam::app[0m[2m:[0m Confirmed 44,998 blocks | 2,000 bps | 0 cps | avg conf time: 0 ms
[2m2026-09-22T16:10:42.455097Z[0m [32m INFO[0m [2mnanospam::app[0m[2m:[0m Confirmed 44,998 blocks | 2,000 bps | 0 cps | avg conf time: 0 ms
[2m2026-09-22T16:10:43.456668Z[0m [32m INFO[0m [2mnanospam::app[0m[2m:[0m Confirmed 44,998 blocks | 2,000 bps | 0 cps | avg conf time: 0 ms
[2m2026-09-22T16:10:44.459326Z[0m [32m INFO[0m [2mnanospam::app[0m[2m:[0m Confirmed 44,998 blocks | 2,000 bps | 0 cps | avg conf time: 0 ms
[2m2026-09-22T16:10:45.462390Z[0m [32m INFO[0m [2mnanospam::app[0m[2m:[0m Confirmed 44,998 blocks | 2,000 bps | 0 cps | avg conf time: 0 ms
[2m2026-09-22T16:10:46.465304Z[0m [32m INFO[0m [2mnanospam::app[0m[2m:[0m Confirmed 44,998 blocks | 2,000 bps | 0 cps | avg conf time: 0 ms
[2m2026-09-22T16:10:47.466932Z[0m [32m INFO[0m [2mnanospam::app[0m[2m:[0m Confirmed 44,998 blocks | 2,000 bps | 0 cps | avg conf time: 0 ms
cleanup done
