2026-10-08T10:12:36.607572Z  INFO nanospam::setup::account_map_factory: Creating account keys file with 45000 keys: "/var/folders/1y/px089b2s6f9d893xp1p4c7wh0000gn/T/rai-gate-b-kf56c0_o/account_keys.txt"
2026-10-08T10:12:37.329198Z  INFO nanospam::setup::node_config_factory: ********************************************************************************
2026-10-08T10:12:37.329211Z  INFO nanospam::setup::node_config_factory: Setting up node PR0...
2026-10-08T10:12:37.329215Z  INFO nanospam::setup::node_config_factory: Creating directory "/var/folders/1y/px089b2s6f9d893xp1p4c7wh0000gn/T/rai-gate-b-kf56c0_o/pr0"
2026-10-08T10:12:37.329296Z  INFO nanospam::setup::node_config_factory: Creating node config file: "/var/folders/1y/px089b2s6f9d893xp1p4c7wh0000gn/T/rai-gate-b-kf56c0_o/pr0/config-node.toml"
2026-10-08T10:12:37.329412Z  INFO nanospam::setup::node_config_factory: Creating rpc config file: "/var/folders/1y/px089b2s6f9d893xp1p4c7wh0000gn/T/rai-gate-b-kf56c0_o/pr0/config-rpc.toml"
2026-10-08T10:12:37.329489Z  INFO nanospam::setup::node_config_factory: ********************************************************************************
2026-10-08T10:12:37.329493Z  INFO nanospam::setup::node_config_factory: Setting up node PR1...
2026-10-08T10:12:37.329496Z  INFO nanospam::setup::node_config_factory: Creating directory "/var/folders/1y/px089b2s6f9d893xp1p4c7wh0000gn/T/rai-gate-b-kf56c0_o/pr1"
2026-10-08T10:12:37.329541Z  INFO nanospam::setup::node_config_factory: Creating node config file: "/var/folders/1y/px089b2s6f9d893xp1p4c7wh0000gn/T/rai-gate-b-kf56c0_o/pr1/config-node.toml"
2026-10-08T10:12:37.329621Z  INFO nanospam::setup::node_config_factory: Creating rpc config file: "/var/folders/1y/px089b2s6f9d893xp1p4c7wh0000gn/T/rai-gate-b-kf56c0_o/pr1/config-rpc.toml"
2026-10-08T10:12:37.329698Z  INFO nanospam::setup::node_config_factory: ********************************************************************************
2026-10-08T10:12:37.329702Z  INFO nanospam::setup::node_config_factory: Setting up node PR2...
2026-10-08T10:12:37.329706Z  INFO nanospam::setup::node_config_factory: Creating directory "/var/folders/1y/px089b2s6f9d893xp1p4c7wh0000gn/T/rai-gate-b-kf56c0_o/pr2"
2026-10-08T10:12:37.329751Z  INFO nanospam::setup::node_config_factory: Creating node config file: "/var/folders/1y/px089b2s6f9d893xp1p4c7wh0000gn/T/rai-gate-b-kf56c0_o/pr2/config-node.toml"
2026-10-08T10:12:37.329823Z  INFO nanospam::setup::node_config_factory: Creating rpc config file: "/var/folders/1y/px089b2s6f9d893xp1p4c7wh0000gn/T/rai-gate-b-kf56c0_o/pr2/config-rpc.toml"
2026-10-08T10:12:37.329883Z  INFO nanospam::setup::node_config_factory: ********************************************************************************
2026-10-08T10:12:37.329887Z  INFO nanospam::setup::node_config_factory: Setting up node PR3...
2026-10-08T10:12:37.329890Z  INFO nanospam::setup::node_config_factory: Creating directory "/var/folders/1y/px089b2s6f9d893xp1p4c7wh0000gn/T/rai-gate-b-kf56c0_o/pr3"
2026-10-08T10:12:37.329933Z  INFO nanospam::setup::node_config_factory: Creating node config file: "/var/folders/1y/px089b2s6f9d893xp1p4c7wh0000gn/T/rai-gate-b-kf56c0_o/pr3/config-node.toml"
2026-10-08T10:12:37.330002Z  INFO nanospam::setup::node_config_factory: Creating rpc config file: "/var/folders/1y/px089b2s6f9d893xp1p4c7wh0000gn/T/rai-gate-b-kf56c0_o/pr3/config-rpc.toml"
2026-10-08T10:12:37.330059Z  INFO nanospam::setup::node_config_factory: ********************************************************************************
2026-10-08T10:12:37.330062Z  INFO nanospam::setup::node_config_factory: Setting up node PR4...
2026-10-08T10:12:37.330065Z  INFO nanospam::setup::node_config_factory: Creating directory "/var/folders/1y/px089b2s6f9d893xp1p4c7wh0000gn/T/rai-gate-b-kf56c0_o/pr4"
2026-10-08T10:12:37.330109Z  INFO nanospam::setup::node_config_factory: Creating node config file: "/var/folders/1y/px089b2s6f9d893xp1p4c7wh0000gn/T/rai-gate-b-kf56c0_o/pr4/config-node.toml"
2026-10-08T10:12:37.330181Z  INFO nanospam::setup::node_config_factory: Creating rpc config file: "/var/folders/1y/px089b2s6f9d893xp1p4c7wh0000gn/T/rai-gate-b-kf56c0_o/pr4/config-rpc.toml"
2026-10-08T10:12:37.330255Z  INFO nanospam::setup::node_config_factory: ********************************************************************************
2026-10-08T10:12:37.330257Z  INFO nanospam::setup::node_config_factory: Setting up node PR5...
2026-10-08T10:12:37.330259Z  INFO nanospam::setup::node_config_factory: Creating directory "/var/folders/1y/px089b2s6f9d893xp1p4c7wh0000gn/T/rai-gate-b-kf56c0_o/pr5"
2026-10-08T10:12:37.330298Z  INFO nanospam::setup::node_config_factory: Creating node config file: "/var/folders/1y/px089b2s6f9d893xp1p4c7wh0000gn/T/rai-gate-b-kf56c0_o/pr5/config-node.toml"
2026-10-08T10:12:37.330372Z  INFO nanospam::setup::node_config_factory: Creating rpc config file: "/var/folders/1y/px089b2s6f9d893xp1p4c7wh0000gn/T/rai-gate-b-kf56c0_o/pr5/config-rpc.toml"
2026-10-08T10:12:37.330461Z  INFO nanospam::setup::node_launcher: Starting node: NANO_TEST_GENESIS_BLOCK="{\n    \"type\": \"open\",\n    \"account\": \"nano_3nroioygg54nusrmyun4woimqex36sp3drnctdt5955uqu47fxbkrxk7n7ne\",\n    \"source\": \"D315857CE70C54DE713F6E82E5613BB3A1266C15E28AD2F4338C7BBEC456F532\",\n    \"representative\": \"nano_3nroioygg54nusrmyun4woimqex36sp3drnctdt5955uqu47fxbkrxk7n7ne\",\n    \"signature\": \"3F6792C2DC623DF2E8643777160AB983B66B337E2478E13D2C3448126A8F4CD8DCCD19803C158A057FA44060AE0EFC09B1C311CB4FBF42F8D240610B38F56E08\",\n    \"work\": \"70FEF01F7EC45DEC\"\n    }" NANO_TEST_GENESIS_PRV ="49643F9B10CA1AA34F9AF8ED4AABD29F436104CCC375974B108534A48EAE3FE1" "rsnano" "--network" "test" "--data-path" "/var/folders/1y/px089b2s6f9d893xp1p4c7wh0000gn/T/rai-gate-b-kf56c0_o/pr0" "node" "run"
2026-10-08T10:12:37.331076Z  INFO nanospam::setup::node_launcher: Waiting for RPC...
2026-10-08T10:12:37.433202Z  INFO nanospam::setup::node_launcher: Starting node: NANO_TEST_GENESIS_BLOCK="{\n    \"type\": \"open\",\n    \"account\": \"nano_3nroioygg54nusrmyun4woimqex36sp3drnctdt5955uqu47fxbkrxk7n7ne\",\n    \"source\": \"D315857CE70C54DE713F6E82E5613BB3A1266C15E28AD2F4338C7BBEC456F532\",\n    \"representative\": \"nano_3nroioygg54nusrmyun4woimqex36sp3drnctdt5955uqu47fxbkrxk7n7ne\",\n    \"signature\": \"3F6792C2DC623DF2E8643777160AB983B66B337E2478E13D2C3448126A8F4CD8DCCD19803C158A057FA44060AE0EFC09B1C311CB4FBF42F8D240610B38F56E08\",\n    \"work\": \"70FEF01F7EC45DEC\"\n    }" NANO_TEST_GENESIS_PRV ="49643F9B10CA1AA34F9AF8ED4AABD29F436104CCC375974B108534A48EAE3FE1" "rsnano" "--network" "test" "--data-path" "/var/folders/1y/px089b2s6f9d893xp1p4c7wh0000gn/T/rai-gate-b-kf56c0_o/pr1" "node" "run"
2026-10-08T10:12:37.433891Z  INFO nanospam::setup::node_launcher: Waiting for RPC...
2026-10-08T10:12:37.537027Z  INFO nanospam::setup::node_launcher: Starting node: NANO_TEST_GENESIS_BLOCK="{\n    \"type\": \"open\",\n    \"account\": \"nano_3nroioygg54nusrmyun4woimqex36sp3drnctdt5955uqu47fxbkrxk7n7ne\",\n    \"source\": \"D315857CE70C54DE713F6E82E5613BB3A1266C15E28AD2F4338C7BBEC456F532\",\n    \"representative\": \"nano_3nroioygg54nusrmyun4woimqex36sp3drnctdt5955uqu47fxbkrxk7n7ne\",\n    \"signature\": \"3F6792C2DC623DF2E8643777160AB983B66B337E2478E13D2C3448126A8F4CD8DCCD19803C158A057FA44060AE0EFC09B1C311CB4FBF42F8D240610B38F56E08\",\n    \"work\": \"70FEF01F7EC45DEC\"\n    }" NANO_TEST_GENESIS_PRV ="49643F9B10CA1AA34F9AF8ED4AABD29F436104CCC375974B108534A48EAE3FE1" "rsnano" "--network" "test" "--data-path" "/var/folders/1y/px089b2s6f9d893xp1p4c7wh0000gn/T/rai-gate-b-kf56c0_o/pr2" "node" "run"
2026-10-08T10:12:37.537939Z  INFO nanospam::setup::node_launcher: Waiting for RPC...
2026-10-08T10:12:37.640844Z  INFO nanospam::setup::node_launcher: Starting node: NANO_TEST_GENESIS_BLOCK="{\n    \"type\": \"open\",\n    \"account\": \"nano_3nroioygg54nusrmyun4woimqex36sp3drnctdt5955uqu47fxbkrxk7n7ne\",\n    \"source\": \"D315857CE70C54DE713F6E82E5613BB3A1266C15E28AD2F4338C7BBEC456F532\",\n    \"representative\": \"nano_3nroioygg54nusrmyun4woimqex36sp3drnctdt5955uqu47fxbkrxk7n7ne\",\n    \"signature\": \"3F6792C2DC623DF2E8643777160AB983B66B337E2478E13D2C3448126A8F4CD8DCCD19803C158A057FA44060AE0EFC09B1C311CB4FBF42F8D240610B38F56E08\",\n    \"work\": \"70FEF01F7EC45DEC\"\n    }" NANO_TEST_GENESIS_PRV ="49643F9B10CA1AA34F9AF8ED4AABD29F436104CCC375974B108534A48EAE3FE1" "rsnano" "--network" "test" "--data-path" "/var/folders/1y/px089b2s6f9d893xp1p4c7wh0000gn/T/rai-gate-b-kf56c0_o/pr3" "node" "run"
2026-10-08T10:12:37.642213Z  INFO nanospam::setup::node_launcher: Waiting for RPC...
2026-10-08T10:12:37.745994Z  INFO nanospam::setup::node_launcher: Starting node: NANO_TEST_GENESIS_BLOCK="{\n    \"type\": \"open\",\n    \"account\": \"nano_3nroioygg54nusrmyun4woimqex36sp3drnctdt5955uqu47fxbkrxk7n7ne\",\n    \"source\": \"D315857CE70C54DE713F6E82E5613BB3A1266C15E28AD2F4338C7BBEC456F532\",\n    \"representative\": \"nano_3nroioygg54nusrmyun4woimqex36sp3drnctdt5955uqu47fxbkrxk7n7ne\",\n    \"signature\": \"3F6792C2DC623DF2E8643777160AB983B66B337E2478E13D2C3448126A8F4CD8DCCD19803C158A057FA44060AE0EFC09B1C311CB4FBF42F8D240610B38F56E08\",\n    \"work\": \"70FEF01F7EC45DEC\"\n    }" NANO_TEST_GENESIS_PRV ="49643F9B10CA1AA34F9AF8ED4AABD29F436104CCC375974B108534A48EAE3FE1" "rsnano" "--network" "test" "--data-path" "/var/folders/1y/px089b2s6f9d893xp1p4c7wh0000gn/T/rai-gate-b-kf56c0_o/pr4" "node" "run"
2026-10-08T10:12:37.747370Z  INFO nanospam::setup::node_launcher: Waiting for RPC...
2026-10-08T10:12:37.851004Z  INFO nanospam::setup::node_launcher: Starting node: NANO_TEST_GENESIS_BLOCK="{\n    \"type\": \"open\",\n    \"account\": \"nano_3nroioygg54nusrmyun4woimqex36sp3drnctdt5955uqu47fxbkrxk7n7ne\",\n    \"source\": \"D315857CE70C54DE713F6E82E5613BB3A1266C15E28AD2F4338C7BBEC456F532\",\n    \"representative\": \"nano_3nroioygg54nusrmyun4woimqex36sp3drnctdt5955uqu47fxbkrxk7n7ne\",\n    \"signature\": \"3F6792C2DC623DF2E8643777160AB983B66B337E2478E13D2C3448126A8F4CD8DCCD19803C158A057FA44060AE0EFC09B1C311CB4FBF42F8D240610B38F56E08\",\n    \"work\": \"70FEF01F7EC45DEC\"\n    }" NANO_TEST_GENESIS_PRV ="49643F9B10CA1AA34F9AF8ED4AABD29F436104CCC375974B108534A48EAE3FE1" "rsnano" "--network" "test" "--data-path" "/var/folders/1y/px089b2s6f9d893xp1p4c7wh0000gn/T/rai-gate-b-kf56c0_o/pr5" "node" "run"
2026-10-08T10:12:37.852478Z  INFO nanospam::setup::node_launcher: Waiting for RPC...
2026-10-08T10:12:37.955504Z  INFO nanospam::wallets_factory: Creating wallet...
2026-10-08T10:12:38.032556Z  INFO nanospam::wallets_factory: Setting default representative...
2026-10-08T10:12:38.032940Z  INFO nanospam::wallets_factory: Creating wallet...
2026-10-08T10:12:38.077255Z  INFO nanospam::wallets_factory: Setting default representative...
2026-10-08T10:12:38.077522Z  INFO nanospam::wallets_factory: Sending Ӿ56,547,061 to PR1 wallet nano_3atmwjh8t11psdqf3qx6xjfiei94oajch6zsyauowxzjogbbgz168g5mp8f1 ...
2026-10-08T10:12:38.077949Z  INFO nanospam::wallets_factory: Waiting for confirmation for 70B574FB519B8DEA27D8F4952C2E7B0378B009608D6FC967984D3C83440C9C3D
2026-10-08T10:12:53.166217Z  INFO nanospam::wallets_factory: Receiving...
2026-10-08T10:12:53.168254Z  INFO nanospam::wallets_factory: Waiting for confirmation for 011C6AC2721054F46B03A50885AF48083A4A685154A55D85116DBCE413673F86
2026-10-08T10:12:53.271300Z  INFO nanospam::wallets_factory: DONE
2026-10-08T10:12:53.271434Z  INFO nanospam::wallets_factory: ********************************************************************************
2026-10-08T10:12:53.271455Z  INFO nanospam::wallets_factory: Creating wallet...
2026-10-08T10:12:53.346523Z  INFO nanospam::wallets_factory: Setting default representative...
2026-10-08T10:12:53.346896Z  INFO nanospam::wallets_factory: Sending Ӿ56,547,061 to PR2 wallet nano_36asm8scxymtsjmgqp14per3zxpgaec1c65qb9en1buscq7qzqa93tfyyzs3 ...
2026-10-08T10:12:53.347364Z  INFO nanospam::wallets_factory: Waiting for confirmation for 76B3937072C015B69E45D5458B47CF52A54A38F8ED441B0E21561A3048243E90
2026-10-08T10:12:53.552750Z  INFO nanospam::wallets_factory: Receiving...
2026-10-08T10:12:53.554581Z  INFO nanospam::wallets_factory: Waiting for confirmation for 402DCF4725254BECF5C5CB5F707C169725EE114819D289F8A5477C2FFF19BDC0
2026-10-08T10:12:53.760944Z  INFO nanospam::wallets_factory: DONE
2026-10-08T10:12:53.761096Z  INFO nanospam::wallets_factory: ********************************************************************************
2026-10-08T10:12:53.761115Z  INFO nanospam::wallets_factory: Creating wallet...
2026-10-08T10:12:53.842766Z  INFO nanospam::wallets_factory: Setting default representative...
2026-10-08T10:12:53.843144Z  INFO nanospam::wallets_factory: Sending Ӿ56,547,061 to PR3 wallet nano_1sfb11jzfi8k51fcnrzi1qe3qh1e1jkic3h45oak9yfg5yhbkczzxfwtat7m ...
2026-10-08T10:12:53.843578Z  INFO nanospam::wallets_factory: Waiting for confirmation for FF4589BE1759B38CC94ABA0AE4FE6644845FE957C02EA9CEA669A28C8D1ADE97
2026-10-08T10:13:09.043285Z  INFO nanospam::wallets_factory: Receiving...
2026-10-08T10:13:09.046049Z  INFO nanospam::wallets_factory: Waiting for confirmation for 1210B877FF188F4FF352C0EDE856AA702A1D6763EFA96EA84BB10519898BE6D0
2026-10-08T10:13:09.250462Z  INFO nanospam::wallets_factory: DONE
2026-10-08T10:13:09.250623Z  INFO nanospam::wallets_factory: ********************************************************************************
2026-10-08T10:13:09.250649Z  INFO nanospam::wallets_factory: Creating wallet...
2026-10-08T10:13:09.330322Z  INFO nanospam::wallets_factory: Setting default representative...
2026-10-08T10:13:09.330638Z  INFO nanospam::wallets_factory: Sending Ӿ56,547,061 to PR4 wallet nano_1rsxmoinip7d4wafdp855194n43fs7s1jgne6tx8ruatiu6g89815pddzijp ...
2026-10-08T10:13:09.331081Z  INFO nanospam::wallets_factory: Waiting for confirmation for 23D89F3531AC5EE2378D3606C70B24D2A7B9016B8ADB1A970E6B1D9E7576186D
2026-10-08T10:13:09.535725Z  INFO nanospam::wallets_factory: Receiving...
2026-10-08T10:13:09.537998Z  INFO nanospam::wallets_factory: Waiting for confirmation for 8D401F6072C9B3A9EFBA68DA33CC97FF1D15EEB9F09CE4731C1A7614578C3E56
2026-10-08T10:13:09.742339Z  INFO nanospam::wallets_factory: DONE
2026-10-08T10:13:09.742475Z  INFO nanospam::wallets_factory: ********************************************************************************
2026-10-08T10:13:09.742517Z  INFO nanospam::wallets_factory: Creating wallet...
2026-10-08T10:13:09.823838Z  INFO nanospam::wallets_factory: Setting default representative...
2026-10-08T10:13:09.824197Z  INFO nanospam::wallets_factory: Sending Ӿ56,547,061 to PR5 wallet nano_1wtzwadxk9naxc356m4rienp93ht131w7ypadk39qck8uah3bg3zohsmj9th ...
2026-10-08T10:13:09.824599Z  INFO nanospam::wallets_factory: Waiting for confirmation for A5666BC59C8DD98A7E52D6F61006629E4EDB37063C12A73BFB41D35538B371CA
2026-10-08T10:13:24.916859Z  INFO nanospam::wallets_factory: Receiving...
2026-10-08T10:13:24.919077Z  INFO nanospam::wallets_factory: Waiting for confirmation for 49EEF9EFFD843E7FE6FB8D0DE0A19E8B88DBE91F26F5FDDB0E8862DEF7553864
2026-10-08T10:13:25.021277Z  INFO nanospam::wallets_factory: DONE
2026-10-08T10:13:25.021386Z  INFO nanospam::wallets_factory: ********************************************************************************
2026-10-08T10:13:25.021414Z  INFO nanospam::wallets_factory: Sending initial spam amount...
2026-10-08T10:13:25.022930Z  INFO nanospam::wallets_factory: Waiting for confirmation for A0E60E5643F917A395B9EB4D8B1C1A0D8BE363887CF1C2FF6818050B3EB56EFB
2026-10-08T10:13:25.126118Z  INFO nanospam::wallets_factory: Receiving initial spam amount...
2026-10-08T10:13:25.127166Z  INFO nanospam::wallets_factory: Waiting for confirmation for B0B91995DE26A29B67B15FBFC177AED4FC176FFC6CD55EE9290ADD2576EFA485
2026-10-08T10:13:25.231262Z  INFO nanospam::wallets_factory: Seeding Ӿ142,857 to nano_154j7sdam3cyeo7rjmqu436nq45zwpufy1jbt9hmatexo7qzxgpzqdk57uay for representative D315857CE70C54DE713F6E82E5613BB3A1266C15E28AD2F4338C7BBEC456F532
2026-10-08T10:13:25.232266Z  INFO nanospam::wallets_factory: Waiting for confirmation for 766223E26B4F6030331783F9C007613EDE07447C4A0B921536542ACA0F7F07C5
2026-10-08T10:13:25.336557Z  INFO nanospam::wallets_factory: Waiting for confirmation for C1175961A72A3667C2B222C8D082CCD0F2701F60EDE24C4711E0DA25E88AC344
2026-10-08T10:13:25.440160Z  INFO nanospam::wallets_factory: Seeding Ӿ142,857 to nano_3jgjx3eem816xscnqm7uxisjyuuff5h4kgz48wj6obahjhn1zosxa8zqf9wq for representative A353E45E6D0016CAEED0DFA4EC5B0640E2AA22A793F9F2375E77F1AB92977C04
2026-10-08T10:13:25.441105Z  INFO nanospam::wallets_factory: Waiting for confirmation for DE41FEE7E168F53F4C347FDBC52790A14DF26711F7E18B659B73D34B6EE0BAED
2026-10-08T10:13:25.649082Z  INFO nanospam::wallets_factory: Waiting for confirmation for A2C879BC57336D32B3F41A749B79F3690A5F53CA10930A8EBC90445FFE4A3DA0
2026-10-08T10:13:25.856488Z  INFO nanospam::wallets_factory: Seeding Ӿ142,857 to nano_1c6a1ngx1qe1c6da7bc7dua9nqc3dsnjus66k4g8yr6wiza4c3kie63br3o5 for representative 911999B2AEFA7ACC66EBD802B3301FF6CE431405107749D940277955CB7FDD07
2026-10-08T10:13:25.857930Z  INFO nanospam::wallets_factory: Waiting for confirmation for C119B5CE59A0AB0BCD86FCB38B5665D8B92C32777BC32BA39CD38EE9F40B828E
2026-10-08T10:13:25.962991Z  INFO nanospam::wallets_factory: Waiting for confirmation for FDD8FA93EB6FEA521462A1B0643FD0158CA1B0739A94D6A96DD478E46E24B537
2026-10-08T10:13:26.066872Z  INFO nanospam::wallets_factory: Seeding Ӿ142,857 to nano_3irb3ec5taa7kcjdhspo3fm4ji51pyswynkh9n9d6p8r4t67z7d9btx8zn7h for representative 65A90023F6C0D2181AAA63F005D81BBC0C04650505E21D5123F9AE1F9E992BFF
2026-10-08T10:13:26.067924Z  INFO nanospam::wallets_factory: Waiting for confirmation for 0F1DFEAC49E8CAA16C7D2E08B0553F6AC439DCBF2F227399D1D36CD7CA1E9794
2026-10-08T10:13:26.275023Z  INFO nanospam::wallets_factory: Waiting for confirmation for E06956DD7145DE2E5A7397B8A6C9BF6E8D252BC9134D2E08863A6E3F8C2A4928
2026-10-08T10:13:26.482381Z  INFO nanospam::wallets_factory: Seeding Ӿ142,857 to nano_3umb1sf53b5ydbbeckyk58h3eknyoou8aufeenii9jxxo7uqpjz3j961yktf for representative 633D9D614858AB1710D5D8C3180E2A082DC97208BA8C26BA6C6D1A86C8E31CC0
2026-10-08T10:13:26.483684Z  INFO nanospam::wallets_factory: Waiting for confirmation for D55B36D79E1835180836A58D516570614A002DE83E15909323F7045311B9A80A
2026-10-08T10:13:26.587949Z  INFO nanospam::wallets_factory: Waiting for confirmation for 58189694F50CB964FB7E553A9ABAB46A4DC9F3E93D7483B2BA735035F939DAD1
2026-10-08T10:13:26.792969Z  INFO nanospam::wallets_factory: Seeding Ӿ142,857 to nano_36yjekw35pk1a7xjy7zj9j53p8c8dhi714kj4ffdwrej8e11fxxth84j74qh for representative 735FE217D91E88EA82324C5883296385FA0041C2FAC85C827BAA46DA1E14B83F
2026-10-08T10:13:26.794371Z  INFO nanospam::wallets_factory: Waiting for confirmation for D621A5D8A21335C61A623A3033FCF99ACDE2694D6154FAABBD837C61A05D9629
2026-10-08T10:13:27.003428Z  INFO nanospam::wallets_factory: Waiting for confirmation for D861F9F84FD8CCD03814E4F8617E548979D61D997396D00ED541803130BFD79E
2026-10-08T10:13:27.108574Z  INFO nanospam::high_prio_check: Creating high priority accounts...
2026-10-08T10:13:27.136629Z  INFO nanospam::high_prio_check: Waiting for confirmations...
2026-10-08T10:13:29.314341Z  INFO nanospam::app: Waiting for all PRs to see the full quorum...
2026-10-08T10:13:39.487116Z  INFO nanospam::app: Republished the genesis chain to all PRs
2026-10-08T10:13:44.395733Z  INFO nanospam::app: Republished the genesis chain to all PRs
2026-10-08T10:13:49.501040Z  INFO nanospam::app: Republished the genesis chain to all PRs
2026-10-08T10:13:54.401625Z  INFO nanospam::app: Republished the genesis chain to all PRs
2026-10-08T10:13:55.617815Z  INFO nanospam::app: All PRs see the full quorum after 26.304111417s
2026-10-08T10:13:55.617914Z  INFO nanospam::app: Waiting for all PRs to hold the same cemented ledger...
2026-10-08T10:13:55.619280Z  INFO nanospam::app: All PRs hold the same ledger of 65 blocks after 1.344583ms
EPOCH_COMMITTEE derived_by=genesis members=6 accounts=33 n=6 digest=95D409445152DD075E6A4799205DFA5689496EB8EE1A22AC2A200B9DBC2DCF27 shares=["A353E45E:16.7%", "65A90023:16.7%", "D315857C:16.7%", "911999B2:16.7%", "633D9D61:16.7%", "735FE217:16.7%"] t=1791454435619
EPOCH_START epoch=0 elections=0 t=1791454435619
EPOCH_COMMITTEE derived_by=genesis members=6 accounts=33 n=6 digest=95D409445152DD075E6A4799205DFA5689496EB8EE1A22AC2A200B9DBC2DCF27 shares=["A353E45E:16.7%", "65A90023:16.7%", "D315857C:16.7%", "911999B2:16.7%", "633D9D61:16.7%", "735FE217:16.7%"] t=1791454435620
EPOCH_START epoch=0 elections=0 t=1791454435620
EPOCH_COMMITTEE derived_by=genesis members=6 accounts=33 n=6 digest=95D409445152DD075E6A4799205DFA5689496EB8EE1A22AC2A200B9DBC2DCF27 shares=["A353E45E:16.7%", "65A90023:16.7%", "D315857C:16.7%", "911999B2:16.7%", "633D9D61:16.7%", "735FE217:16.7%"] t=1791454435620
EPOCH_START epoch=0 elections=0 t=1791454435620
EPOCH_COMMITTEE derived_by=genesis members=6 accounts=33 n=6 digest=95D409445152DD075E6A4799205DFA5689496EB8EE1A22AC2A200B9DBC2DCF27 shares=["A353E45E:16.7%", "65A90023:16.7%", "D315857C:16.7%", "911999B2:16.7%", "633D9D61:16.7%", "735FE217:16.7%"] t=1791454435621
EPOCH_START epoch=0 elections=0 t=1791454435621
EPOCH_COMMITTEE derived_by=genesis members=6 accounts=33 n=6 digest=95D409445152DD075E6A4799205DFA5689496EB8EE1A22AC2A200B9DBC2DCF27 shares=["A353E45E:16.7%", "65A90023:16.7%", "D315857C:16.7%", "911999B2:16.7%", "633D9D61:16.7%", "735FE217:16.7%"] t=1791454435621
EPOCH_START epoch=0 elections=0 t=1791454435621
EPOCH_COMMITTEE derived_by=genesis members=6 accounts=33 n=6 digest=95D409445152DD075E6A4799205DFA5689496EB8EE1A22AC2A200B9DBC2DCF27 shares=["A353E45E:16.7%", "65A90023:16.7%", "D315857C:16.7%", "911999B2:16.7%", "633D9D61:16.7%", "735FE217:16.7%"] t=1791454435622
EPOCH_START epoch=0 elections=0 t=1791454435622
2026-10-08T10:13:55.622532Z  INFO nanospam::app: Started the epochs on every PR
2026-10-08T10:13:55.622554Z  INFO nanospam::app: Connecting to node PR0... peer_addr=[::1]:17075
2026-10-08T10:13:55.623027Z  INFO nanospam::app: Performing handshake...
2026-10-08T10:13:55.624012Z  INFO nanospam::app: Performing handshake...
2026-10-08T10:13:55.634717Z  INFO nanospam::app: Performing handshake...
2026-10-08T10:13:55.645716Z  INFO nanospam::app: Performing handshake...
2026-10-08T10:13:55.656543Z  INFO nanospam::app: Connecting to node PR1... peer_addr=[::1]:17085
2026-10-08T10:13:55.656734Z  INFO nanospam::app: Performing handshake...
2026-10-08T10:13:55.657487Z  INFO nanospam::app: Performing handshake...
2026-10-08T10:13:55.669015Z  INFO nanospam::app: Performing handshake...
2026-10-08T10:13:55.681432Z  INFO nanospam::app: Performing handshake...
2026-10-08T10:13:55.692606Z  INFO nanospam::app: Connecting to node PR2... peer_addr=[::1]:17095
2026-10-08T10:13:55.692862Z  INFO nanospam::app: Performing handshake...
2026-10-08T10:13:55.693772Z  INFO nanospam::app: Performing handshake...
2026-10-08T10:13:55.705253Z  INFO nanospam::app: Performing handshake...
2026-10-08T10:13:55.716416Z  INFO nanospam::app: Performing handshake...
2026-10-08T10:13:55.727620Z  INFO nanospam::app: Connecting to node PR3... peer_addr=[::1]:17105
2026-10-08T10:13:55.727899Z  INFO nanospam::app: Performing handshake...
2026-10-08T10:13:55.728832Z  INFO nanospam::app: Performing handshake...
2026-10-08T10:13:55.740297Z  INFO nanospam::app: Performing handshake...
2026-10-08T10:13:55.752662Z  INFO nanospam::app: Performing handshake...
2026-10-08T10:13:55.763804Z  INFO nanospam::app: Connecting to node PR4... peer_addr=[::1]:17115
2026-10-08T10:13:55.764065Z  INFO nanospam::app: Performing handshake...
2026-10-08T10:13:55.764985Z  INFO nanospam::app: Performing handshake...
2026-10-08T10:13:55.776509Z  INFO nanospam::app: Performing handshake...
2026-10-08T10:13:55.787851Z  INFO nanospam::app: Performing handshake...
2026-10-08T10:13:55.798997Z  INFO nanospam::app: Connecting to node PR5... peer_addr=[::1]:17125
2026-10-08T10:13:55.799251Z  INFO nanospam::app: Performing handshake...
2026-10-08T10:13:55.800142Z  INFO nanospam::app: Performing handshake...
2026-10-08T10:13:55.811397Z  INFO nanospam::app: Performing handshake...
2026-10-08T10:13:55.823939Z  INFO nanospam::app: Performing handshake...
2026-10-08T10:13:55.835085Z  INFO nanospam::app: Connecting to websocket...
2026-10-08T10:13:55.835985Z  INFO nanospam::app: Starting with 2000 BPS
2026-10-08T10:13:56.837187Z  INFO nanospam::app: Confirmed 1,227 blocks | 2,000 bps | 1,345 cps | avg conf time: 86 ms
2026-10-08T10:13:57.838299Z  INFO nanospam::app: Confirmed 4,630 blocks | 2,000 bps | 3,399 cps | avg conf time: 248 ms
2026-10-08T10:13:58.839248Z  INFO nanospam::app: Confirmed 6,730 blocks | 2,000 bps | 2,097 cps | avg conf time: 111 ms
2026-10-08T10:13:59.840143Z  INFO nanospam::app: Confirmed 8,650 blocks | 2,000 bps | 1,918 cps | avg conf time: 98 ms
2026-10-08T10:14:00.841143Z  INFO nanospam::app: Confirmed 10,571 blocks | 2,000 bps | 1,919 cps | avg conf time: 97 ms
2026-10-08T10:14:01.842284Z  INFO nanospam::app: Confirmed 12,566 blocks | 2,000 bps | 1,992 cps | avg conf time: 97 ms
2026-10-08T10:14:02.843065Z  INFO nanospam::app: Confirmed 14,457 blocks | 2,000 bps | 1,889 cps | avg conf time: 95 ms
EPOCH_ENDED epoch=0 elections=205 active=168 t=1791454443625
EPOCH_ENDED epoch=0 elections=205 active=168 t=1791454443625
EPOCH_ENDED epoch=0 elections=206 active=169 t=1791454443625
EPOCH_ENDED epoch=0 elections=206 active=169 t=1791454443625
EPOCH_ENDED epoch=0 elections=206 active=169 t=1791454443625
EPOCH_ENDED epoch=0 elections=205 active=168 t=1791454443636
EPOCH_CARRIED epoch=0 instances=206 split=0 t=1791454443652
EPOCH_ADVANCED epoch=1 elections=412 active=375 vote_records=187572 t=1791454443652
EPOCH_CARRIED epoch=0 instances=205 split=0 t=1791454443654
EPOCH_ADVANCED epoch=1 elections=410 active=373 vote_records=187572 t=1791454443654
EPOCH_CARRIED epoch=0 instances=206 split=0 t=1791454443656
EPOCH_ADVANCED epoch=1 elections=412 active=375 vote_records=187572 t=1791454443656
EPOCH_CARRIED epoch=0 instances=205 split=0 t=1791454443658
EPOCH_ADVANCED epoch=1 elections=410 active=373 vote_records=187572 t=1791454443658
EPOCH_CLOSE_UNREADY epoch=0 short_of=reports usable=0 weight=0 required=5 held=0 theirs=[] t=1791454443660
EPOCH_CARRIED epoch=0 instances=205 split=0 t=1791454443679
EPOCH_ADVANCED epoch=1 elections=410 active=373 vote_records=187574 t=1791454443679
EPOCH_CARRIED epoch=0 instances=206 split=0 t=1791454443693
EPOCH_ADVANCED epoch=1 elections=412 active=375 vote_records=187576 t=1791454443693
EPOCH_REPORT epoch=0 certified=16086 residual=151 root=1222E4CF7FC9A49920C516D6202BFA06A3249EB0F17AE50EE25B71418A43549B reports=1 t=1791454443697
EPOCH_REPORT epoch=0 certified=16086 residual=156 root=1222E4CF7FC9A49920C516D6202BFA06A3249EB0F17AE50EE25B71418A43549B reports=1 t=1791454443699
EPOCH_REPORT epoch=0 certified=16086 residual=143 root=1222E4CF7FC9A49920C516D6202BFA06A3249EB0F17AE50EE25B71418A43549B reports=1 t=1791454443718
EPOCH_REPORT epoch=0 certified=16086 residual=139 root=1222E4CF7FC9A49920C516D6202BFA06A3249EB0F17AE50EE25B71418A43549B reports=1 t=1791454443733
EPOCH_REPORT epoch=0 certified=16086 residual=140 root=1222E4CF7FC9A49920C516D6202BFA06A3249EB0F17AE50EE25B71418A43549B reports=1 t=1791454443739
EPOCH_REPORT epoch=0 certified=16086 residual=168 root=1222E4CF7FC9A49920C516D6202BFA06A3249EB0F17AE50EE25B71418A43549B reports=1 t=1791454443747
EPOCH_RECONCILED epoch=0 reporter=A353E45E6D0016CAEED0DFA4EC5B0640E2AA22A793F9F2375E77F1AB92977C04 complete=false entries=0 total=16086 symbols=0 dropped=false t=1791454443768
EPOCH_RECONCILED epoch=0 reporter=A353E45E6D0016CAEED0DFA4EC5B0640E2AA22A793F9F2375E77F1AB92977C04 complete=true entries=156 total=156 symbols=0 dropped=false t=1791454443774
EPOCH_RECONCILED epoch=0 reporter=D315857CE70C54DE713F6E82E5613BB3A1266C15E28AD2F4338C7BBEC456F532 complete=false entries=0 total=16086 symbols=0 dropped=false t=1791454443776
EPOCH_RECONCILED epoch=0 reporter=D315857CE70C54DE713F6E82E5613BB3A1266C15E28AD2F4338C7BBEC456F532 complete=true entries=151 total=151 symbols=0 dropped=false t=1791454443789
EPOCH_RECONCILED epoch=0 reporter=65A90023F6C0D2181AAA63F005D81BBC0C04650505E21D5123F9AE1F9E992BFF complete=false entries=0 total=16086 symbols=0 dropped=false t=1791454443790
EPOCH_RECONCILED epoch=0 reporter=65A90023F6C0D2181AAA63F005D81BBC0C04650505E21D5123F9AE1F9E992BFF complete=true entries=139 total=139 symbols=0 dropped=false t=1791454443801
EPOCH_RECONCILED epoch=0 reporter=735FE217D91E88EA82324C5883296385FA0041C2FAC85C827BAA46DA1E14B83F complete=false entries=0 total=16086 symbols=0 dropped=false t=1791454443804
EPOCH_RECONCILED epoch=0 reporter=735FE217D91E88EA82324C5883296385FA0041C2FAC85C827BAA46DA1E14B83F complete=true entries=143 total=143 symbols=0 dropped=false t=1791454443813
EPOCH_RECONCILED epoch=0 reporter=633D9D614858AB1710D5D8C3180E2A082DC97208BA8C26BA6C6D1A86C8E31CC0 complete=false entries=0 total=16086 symbols=0 dropped=false t=1791454443816
EPOCH_RECONCILED epoch=0 reporter=65A90023F6C0D2181AAA63F005D81BBC0C04650505E21D5123F9AE1F9E992BFF complete=false entries=0 total=16086 symbols=0 dropped=false t=1791454443821
EPOCH_RECONCILED epoch=0 reporter=65A90023F6C0D2181AAA63F005D81BBC0C04650505E21D5123F9AE1F9E992BFF complete=true entries=139 total=139 symbols=0 dropped=false t=1791454443830
EPOCH_RECONCILED epoch=0 reporter=633D9D614858AB1710D5D8C3180E2A082DC97208BA8C26BA6C6D1A86C8E31CC0 complete=true entries=140 total=140 symbols=0 dropped=false t=1791454443830
EPOCH_RECONCILED epoch=0 reporter=633D9D614858AB1710D5D8C3180E2A082DC97208BA8C26BA6C6D1A86C8E31CC0 complete=false entries=0 total=16086 symbols=0 dropped=false t=1791454443832
2026-10-08T10:14:03.844631Z  INFO nanospam::app: Confirmed 16,345 blocks | 2,000 bps | 1,885 cps | avg conf time: 101 ms
EPOCH_RECONCILED epoch=0 reporter=633D9D614858AB1710D5D8C3180E2A082DC97208BA8C26BA6C6D1A86C8E31CC0 complete=true entries=140 total=140 symbols=0 dropped=false t=1791454443851
EPOCH_RECONCILED epoch=0 reporter=A353E45E6D0016CAEED0DFA4EC5B0640E2AA22A793F9F2375E77F1AB92977C04 complete=false entries=0 total=16086 symbols=0 dropped=false t=1791454443852
EPOCH_RECONCILED epoch=0 reporter=D315857CE70C54DE713F6E82E5613BB3A1266C15E28AD2F4338C7BBEC456F532 complete=false entries=0 total=16086 symbols=0 dropped=false t=1791454443855
EPOCH_RECONCILED epoch=0 reporter=A353E45E6D0016CAEED0DFA4EC5B0640E2AA22A793F9F2375E77F1AB92977C04 complete=true entries=156 total=156 symbols=0 dropped=false t=1791454443855
EPOCH_RECONCILED epoch=0 reporter=911999B2AEFA7ACC66EBD802B3301FF6CE431405107749D940277955CB7FDD07 complete=false entries=0 total=16086 symbols=0 dropped=false t=1791454443856
EPOCH_RECONCILED epoch=0 reporter=633D9D614858AB1710D5D8C3180E2A082DC97208BA8C26BA6C6D1A86C8E31CC0 complete=false entries=0 total=16086 symbols=0 dropped=false t=1791454443858
EPOCH_RECONCILED epoch=0 reporter=D315857CE70C54DE713F6E82E5613BB3A1266C15E28AD2F4338C7BBEC456F532 complete=true entries=151 total=151 symbols=0 dropped=false t=1791454443858
EPOCH_RECONCILED epoch=0 reporter=633D9D614858AB1710D5D8C3180E2A082DC97208BA8C26BA6C6D1A86C8E31CC0 complete=false entries=0 total=16086 symbols=0 dropped=false t=1791454443860
EPOCH_RECONCILED epoch=0 reporter=911999B2AEFA7ACC66EBD802B3301FF6CE431405107749D940277955CB7FDD07 complete=true entries=168 total=168 symbols=0 dropped=false t=1791454443860
EPOCH_RECONCILED epoch=0 reporter=D315857CE70C54DE713F6E82E5613BB3A1266C15E28AD2F4338C7BBEC456F532 complete=false entries=0 total=16086 symbols=0 dropped=false t=1791454443862
EPOCH_RECONCILED epoch=0 reporter=633D9D614858AB1710D5D8C3180E2A082DC97208BA8C26BA6C6D1A86C8E31CC0 complete=true entries=140 total=140 symbols=0 dropped=false t=1791454443863
EPOCH_RECONCILED epoch=0 reporter=911999B2AEFA7ACC66EBD802B3301FF6CE431405107749D940277955CB7FDD07 complete=false entries=0 total=16086 symbols=0 dropped=false t=1791454443863
EPOCH_RECONCILED epoch=0 reporter=633D9D614858AB1710D5D8C3180E2A082DC97208BA8C26BA6C6D1A86C8E31CC0 complete=true entries=140 total=140 symbols=0 dropped=false t=1791454443864
EPOCH_RECONCILED epoch=0 reporter=A353E45E6D0016CAEED0DFA4EC5B0640E2AA22A793F9F2375E77F1AB92977C04 complete=false entries=0 total=16086 symbols=0 dropped=false t=1791454443865
EPOCH_RECONCILED epoch=0 reporter=D315857CE70C54DE713F6E82E5613BB3A1266C15E28AD2F4338C7BBEC456F532 complete=true entries=151 total=151 symbols=0 dropped=false t=1791454443866
EPOCH_RECONCILED epoch=0 reporter=911999B2AEFA7ACC66EBD802B3301FF6CE431405107749D940277955CB7FDD07 complete=true entries=168 total=168 symbols=0 dropped=false t=1791454443867
EPOCH_RECONCILED epoch=0 reporter=735FE217D91E88EA82324C5883296385FA0041C2FAC85C827BAA46DA1E14B83F complete=false entries=0 total=16086 symbols=0 dropped=false t=1791454443868
EPOCH_RECONCILED epoch=0 reporter=A353E45E6D0016CAEED0DFA4EC5B0640E2AA22A793F9F2375E77F1AB92977C04 complete=true entries=156 total=156 symbols=0 dropped=false t=1791454443869
EPOCH_RECONCILED epoch=0 reporter=911999B2AEFA7ACC66EBD802B3301FF6CE431405107749D940277955CB7FDD07 complete=false entries=0 total=16086 symbols=0 dropped=false t=1791454443869
EPOCH_RECONCILED epoch=0 reporter=735FE217D91E88EA82324C5883296385FA0041C2FAC85C827BAA46DA1E14B83F complete=true entries=143 total=143 symbols=0 dropped=false t=1791454443872
EPOCH_RECONCILED epoch=0 reporter=65A90023F6C0D2181AAA63F005D81BBC0C04650505E21D5123F9AE1F9E992BFF complete=false entries=0 total=16086 symbols=0 dropped=false t=1791454443872
EPOCH_RECONCILED epoch=0 reporter=911999B2AEFA7ACC66EBD802B3301FF6CE431405107749D940277955CB7FDD07 complete=true entries=168 total=168 symbols=0 dropped=false t=1791454443873
EPOCH_RECONCILED epoch=0 reporter=735FE217D91E88EA82324C5883296385FA0041C2FAC85C827BAA46DA1E14B83F complete=false entries=0 total=16086 symbols=0 dropped=false t=1791454443874
EPOCH_RECONCILED epoch=0 reporter=65A90023F6C0D2181AAA63F005D81BBC0C04650505E21D5123F9AE1F9E992BFF complete=true entries=139 total=139 symbols=0 dropped=false t=1791454443876
EPOCH_RECONCILED epoch=0 reporter=A353E45E6D0016CAEED0DFA4EC5B0640E2AA22A793F9F2375E77F1AB92977C04 complete=false entries=0 total=16086 symbols=0 dropped=false t=1791454443877
EPOCH_RECONCILED epoch=0 reporter=735FE217D91E88EA82324C5883296385FA0041C2FAC85C827BAA46DA1E14B83F complete=true entries=143 total=143 symbols=0 dropped=false t=1791454443877
EPOCH_RECONCILED epoch=0 reporter=A353E45E6D0016CAEED0DFA4EC5B0640E2AA22A793F9F2375E77F1AB92977C04 complete=true entries=156 total=156 symbols=0 dropped=false t=1791454443891
EPOCH_RECONCILED epoch=0 reporter=911999B2AEFA7ACC66EBD802B3301FF6CE431405107749D940277955CB7FDD07 complete=false entries=0 total=16086 symbols=0 dropped=false t=1791454443939
EPOCH_RECONCILED epoch=0 reporter=911999B2AEFA7ACC66EBD802B3301FF6CE431405107749D940277955CB7FDD07 complete=true entries=168 total=168 symbols=0 dropped=false t=1791454443949
EPOCH_RECONCILED epoch=0 reporter=D315857CE70C54DE713F6E82E5613BB3A1266C15E28AD2F4338C7BBEC456F532 complete=false entries=0 total=16086 symbols=0 dropped=false t=1791454443951
EPOCH_RECONCILED epoch=0 reporter=911999B2AEFA7ACC66EBD802B3301FF6CE431405107749D940277955CB7FDD07 complete=false entries=0 total=16086 symbols=0 dropped=false t=1791454443954
EPOCH_RECONCILED epoch=0 reporter=911999B2AEFA7ACC66EBD802B3301FF6CE431405107749D940277955CB7FDD07 complete=true entries=168 total=168 symbols=0 dropped=false t=1791454443957
EPOCH_RECONCILED epoch=0 reporter=65A90023F6C0D2181AAA63F005D81BBC0C04650505E21D5123F9AE1F9E992BFF complete=false entries=0 total=16086 symbols=0 dropped=false t=1791454443958
EPOCH_RECONCILED epoch=0 reporter=D315857CE70C54DE713F6E82E5613BB3A1266C15E28AD2F4338C7BBEC456F532 complete=true entries=151 total=151 symbols=0 dropped=false t=1791454443963
EPOCH_RECONCILED epoch=0 reporter=65A90023F6C0D2181AAA63F005D81BBC0C04650505E21D5123F9AE1F9E992BFF complete=false entries=0 total=16086 symbols=0 dropped=false t=1791454443963
EPOCH_RECONCILED epoch=0 reporter=65A90023F6C0D2181AAA63F005D81BBC0C04650505E21D5123F9AE1F9E992BFF complete=true entries=139 total=139 symbols=0 dropped=false t=1791454443965
EPOCH_RECONCILED epoch=0 reporter=A353E45E6D0016CAEED0DFA4EC5B0640E2AA22A793F9F2375E77F1AB92977C04 complete=false entries=0 total=16086 symbols=0 dropped=false t=1791454443966
EPOCH_RECONCILED epoch=0 reporter=65A90023F6C0D2181AAA63F005D81BBC0C04650505E21D5123F9AE1F9E992BFF complete=true entries=139 total=139 symbols=0 dropped=false t=1791454443967
EPOCH_RECONCILED epoch=0 reporter=633D9D614858AB1710D5D8C3180E2A082DC97208BA8C26BA6C6D1A86C8E31CC0 complete=false entries=0 total=16086 symbols=0 dropped=false t=1791454443968
EPOCH_RECONCILED epoch=0 reporter=A353E45E6D0016CAEED0DFA4EC5B0640E2AA22A793F9F2375E77F1AB92977C04 complete=true entries=156 total=156 symbols=0 dropped=false t=1791454443969
EPOCH_RECONCILED epoch=0 reporter=D315857CE70C54DE713F6E82E5613BB3A1266C15E28AD2F4338C7BBEC456F532 complete=false entries=0 total=16086 symbols=0 dropped=false t=1791454443970
EPOCH_RECONCILED epoch=0 reporter=633D9D614858AB1710D5D8C3180E2A082DC97208BA8C26BA6C6D1A86C8E31CC0 complete=true entries=140 total=140 symbols=0 dropped=false t=1791454443971
EPOCH_RECONCILED epoch=0 reporter=735FE217D91E88EA82324C5883296385FA0041C2FAC85C827BAA46DA1E14B83F complete=false entries=0 total=16086 symbols=0 dropped=false t=1791454443972
EPOCH_RECONCILED epoch=0 reporter=D315857CE70C54DE713F6E82E5613BB3A1266C15E28AD2F4338C7BBEC456F532 complete=true entries=151 total=151 symbols=0 dropped=false t=1791454443974
EPOCH_RECONCILED epoch=0 reporter=735FE217D91E88EA82324C5883296385FA0041C2FAC85C827BAA46DA1E14B83F complete=false entries=0 total=16086 symbols=0 dropped=false t=1791454443976
EPOCH_RECONCILED epoch=0 reporter=735FE217D91E88EA82324C5883296385FA0041C2FAC85C827BAA46DA1E14B83F complete=true entries=143 total=143 symbols=0 dropped=false t=1791454443977
EPOCH_RECONCILED epoch=0 reporter=735FE217D91E88EA82324C5883296385FA0041C2FAC85C827BAA46DA1E14B83F complete=true entries=143 total=143 symbols=0 dropped=false t=1791454443979
EPOCH_CLOSE_READY epoch=0 t=1791454444044
EPOCH_CLOSE_ROUND epoch=0 round=0 leader=633D9D614858AB1710D5D8C3180E2A082DC97208BA8C26BA6C6D1A86C8E31CC0 leads=false t=1791454444067
EPOCH_CLOSE_READY epoch=0 t=1791454444071
EPOCH_CLOSE_READY epoch=0 t=1791454444111
EPOCH_CLOSE_ROUND epoch=0 round=0 leader=633D9D614858AB1710D5D8C3180E2A082DC97208BA8C26BA6C6D1A86C8E31CC0 leads=false t=1791454444111
EPOCH_CLOSE_ROUND epoch=0 round=0 leader=633D9D614858AB1710D5D8C3180E2A082DC97208BA8C26BA6C6D1A86C8E31CC0 leads=false t=1791454444143
EPOCH_CLOSE_READY epoch=0 t=1791454444148
EPOCH_CLOSE_ROUND epoch=0 round=0 leader=633D9D614858AB1710D5D8C3180E2A082DC97208BA8C26BA6C6D1A86C8E31CC0 leads=false t=1791454444148
EPOCH_CLOSE_READY epoch=0 t=1791454444200
EPOCH_CLOSE_READY epoch=0 t=1791454444202
EPOCH_CLOSE_ROUND epoch=0 round=0 leader=633D9D614858AB1710D5D8C3180E2A082DC97208BA8C26BA6C6D1A86C8E31CC0 leads=false t=1791454444226
EPOCH_PROPOSED epoch=0 round=0 value=82B12E1B77F3A589C5939D567A86C639DF8E0C417E786C2A4AC47B81A562B3D8 state=0B6909E930AA3D85365F4B2D9A3BE21A010D0FAA5FA0E6546F6FBB3F319936BB reports=5 t=1791454444484
EPOCH_VALUE epoch=0 value=82B12E1B77F3A589C5939D567A86C639DF8E0C417E786C2A4AC47B81A562B3D8 state=0B6909E930AA3D85365F4B2D9A3BE21A010D0FAA5FA0E6546F6FBB3F319936BB t=1791454444484
EPOCH_CLOSE_ROUND epoch=0 round=0 leader=633D9D614858AB1710D5D8C3180E2A082DC97208BA8C26BA6C6D1A86C8E31CC0 leads=true t=1791454444534
EPOCH_VALUE epoch=0 value=82B12E1B77F3A589C5939D567A86C639DF8E0C417E786C2A4AC47B81A562B3D8 state=0B6909E930AA3D85365F4B2D9A3BE21A010D0FAA5FA0E6546F6FBB3F319936BB t=1791454444620
EPOCH_VALUE epoch=0 value=82B12E1B77F3A589C5939D567A86C639DF8E0C417E786C2A4AC47B81A562B3D8 state=0B6909E930AA3D85365F4B2D9A3BE21A010D0FAA5FA0E6546F6FBB3F319936BB t=1791454444651
EPOCH_VALUE epoch=0 value=82B12E1B77F3A589C5939D567A86C639DF8E0C417E786C2A4AC47B81A562B3D8 state=0B6909E930AA3D85365F4B2D9A3BE21A010D0FAA5FA0E6546F6FBB3F319936BB t=1791454444685
EPOCH_VALUE epoch=0 value=82B12E1B77F3A589C5939D567A86C639DF8E0C417E786C2A4AC47B81A562B3D8 state=0B6909E930AA3D85365F4B2D9A3BE21A010D0FAA5FA0E6546F6FBB3F319936BB t=1791454444695
EPOCH_VALUE epoch=0 value=82B12E1B77F3A589C5939D567A86C639DF8E0C417E786C2A4AC47B81A562B3D8 state=0B6909E930AA3D85365F4B2D9A3BE21A010D0FAA5FA0E6546F6FBB3F319936BB t=1791454444701
2026-10-08T10:14:04.845034Z  INFO nanospam::app: Confirmed 18,238 blocks | 2,000 bps | 1,892 cps | avg conf time: 125 ms
EPOCH_INSTALL epoch=0 finalized=16021 instances_confirmed=0 t=1791454444945
EPOCH_INSTALL epoch=0 finalized=16021 instances_confirmed=0 t=1791454444945
EPOCH_LATE_NOTAR epoch=0 blocks=2318 notarized=2311 cast=2361 t=1791454444945
EPOCH_INSTALL epoch=0 finalized=16021 instances_confirmed=0 t=1791454444946
EPOCH_GATE epoch=1 released=233 finalized=0 t=1791454444946
EPOCH_INSTALL epoch=0 finalized=16021 instances_confirmed=0 t=1791454444946
EPOCH_LATE_NOTAR epoch=0 blocks=2318 notarized=2311 cast=2442 t=1791454444946
EPOCH_GATE epoch=1 released=233 finalized=0 t=1791454444946
EPOCH_LATE_NOTAR epoch=0 blocks=2318 notarized=2311 cast=2419 t=1791454444946
EPOCH_LATE_NOTAR epoch=0 blocks=2318 notarized=2311 cast=2433 t=1791454444946
EPOCH_GATE epoch=1 released=233 finalized=0 t=1791454444947
EPOCH_GATE epoch=1 released=233 finalized=0 t=1791454444947
EPOCH_INSTALL epoch=0 finalized=16021 instances_confirmed=0 t=1791454444949
EPOCH_LATE_NOTAR epoch=0 blocks=2318 notarized=2311 cast=2428 t=1791454444949
EPOCH_INSTALL epoch=0 finalized=16021 instances_confirmed=0 t=1791454444949
EPOCH_GATE epoch=1 released=233 finalized=0 t=1791454444950
EPOCH_LATE_NOTAR epoch=0 blocks=2318 notarized=2311 cast=2445 t=1791454444950
EPOCH_GATE epoch=1 released=233 finalized=0 t=1791454444951
EPOCH_COMMITTEE derived_by=0 members=6 accounts=7349 n=6 digest=95D409445152DD075E6A4799205DFA5689496EB8EE1A22AC2A200B9DBC2DCF27 shares=["735FE217:16.7%", "65A90023:16.7%", "D315857C:16.7%", "911999B2:16.7%", "633D9D61:16.7%", "A353E45E:16.7%"] t=1791454444972
EPOCH_LOCKS epoch=0 continued=0 kinds={"locks=1 kind=Some(Recovery) nc_here=true saved=true": 3} t=1791454444972
EPOCH_OMITTED epoch=0 instances=26 retained=3 t=1791454444972
EPOCH_CLOSED epoch=0 round=0 value=82B12E1B77F3A589C5939D567A86C639DF8E0C417E786C2A4AC47B81A562B3D8 state=0B6909E930AA3D85365F4B2D9A3BE21A010D0FAA5FA0E6546F6FBB3F319936BB t=1791454444973
EPOCH_COMMITTEE derived_by=0 members=6 accounts=7349 n=6 digest=95D409445152DD075E6A4799205DFA5689496EB8EE1A22AC2A200B9DBC2DCF27 shares=["735FE217:16.7%", "65A90023:16.7%", "D315857C:16.7%", "911999B2:16.7%", "633D9D61:16.7%", "A353E45E:16.7%"] t=1791454444975
EPOCH_LOCKS epoch=0 continued=0 kinds={"locks=1 kind=Some(Recovery) nc_here=true saved=true": 3} t=1791454444975
EPOCH_OMITTED epoch=0 instances=26 retained=3 t=1791454444975
EPOCH_CLOSED epoch=0 round=0 value=82B12E1B77F3A589C5939D567A86C639DF8E0C417E786C2A4AC47B81A562B3D8 state=0B6909E930AA3D85365F4B2D9A3BE21A010D0FAA5FA0E6546F6FBB3F319936BB t=1791454444975
EPOCH_COMMITTEE derived_by=0 members=6 accounts=7349 n=6 digest=95D409445152DD075E6A4799205DFA5689496EB8EE1A22AC2A200B9DBC2DCF27 shares=["735FE217:16.7%", "65A90023:16.7%", "D315857C:16.7%", "911999B2:16.7%", "633D9D61:16.7%", "A353E45E:16.7%"] t=1791454444976
EPOCH_COMMITTEE derived_by=0 members=6 accounts=7349 n=6 digest=95D409445152DD075E6A4799205DFA5689496EB8EE1A22AC2A200B9DBC2DCF27 shares=["735FE217:16.7%", "65A90023:16.7%", "D315857C:16.7%", "911999B2:16.7%", "633D9D61:16.7%", "A353E45E:16.7%"] t=1791454444976
EPOCH_LOCKS epoch=0 continued=0 kinds={"locks=1 kind=Some(Recovery) nc_here=true saved=true": 3} t=1791454444976
EPOCH_OMITTED epoch=0 instances=26 retained=3 t=1791454444976
EPOCH_CLOSED epoch=0 round=0 value=82B12E1B77F3A589C5939D567A86C639DF8E0C417E786C2A4AC47B81A562B3D8 state=0B6909E930AA3D85365F4B2D9A3BE21A010D0FAA5FA0E6546F6FBB3F319936BB t=1791454444976
EPOCH_LOCKS epoch=0 continued=0 kinds={"locks=1 kind=Some(Recovery) nc_here=true saved=true": 3} t=1791454444976
EPOCH_OMITTED epoch=0 instances=26 retained=3 t=1791454444976
EPOCH_CLOSED epoch=0 round=0 value=82B12E1B77F3A589C5939D567A86C639DF8E0C417E786C2A4AC47B81A562B3D8 state=0B6909E930AA3D85365F4B2D9A3BE21A010D0FAA5FA0E6546F6FBB3F319936BB t=1791454444976
EPOCH_COMMITTEE derived_by=0 members=6 accounts=7349 n=6 digest=95D409445152DD075E6A4799205DFA5689496EB8EE1A22AC2A200B9DBC2DCF27 shares=["735FE217:16.7%", "65A90023:16.7%", "D315857C:16.7%", "911999B2:16.7%", "633D9D61:16.7%", "A353E45E:16.7%"] t=1791454444977
EPOCH_LOCKS epoch=0 continued=0 kinds={"locks=1 kind=Some(Recovery) nc_here=true saved=true": 3} t=1791454444977
EPOCH_OMITTED epoch=0 instances=26 retained=3 t=1791454444977
EPOCH_CLOSED epoch=0 round=0 value=82B12E1B77F3A589C5939D567A86C639DF8E0C417E786C2A4AC47B81A562B3D8 state=0B6909E930AA3D85365F4B2D9A3BE21A010D0FAA5FA0E6546F6FBB3F319936BB t=1791454444977
EPOCH_COMMITTEE derived_by=0 members=6 accounts=7349 n=6 digest=95D409445152DD075E6A4799205DFA5689496EB8EE1A22AC2A200B9DBC2DCF27 shares=["735FE217:16.7%", "65A90023:16.7%", "D315857C:16.7%", "911999B2:16.7%", "633D9D61:16.7%", "A353E45E:16.7%"] t=1791454444982
EPOCH_LOCKS epoch=0 continued=0 kinds={"locks=1 kind=Some(Recovery) nc_here=true saved=true": 3} t=1791454444982
EPOCH_OMITTED epoch=0 instances=26 retained=3 t=1791454444982
EPOCH_CLOSED epoch=0 round=0 value=82B12E1B77F3A589C5939D567A86C639DF8E0C417E786C2A4AC47B81A562B3D8 state=0B6909E930AA3D85365F4B2D9A3BE21A010D0FAA5FA0E6546F6FBB3F319936BB t=1791454444982
EPOCH_INSTALLED epoch=0 finalized=16021 cemented=16021 queued=0 missing=0 t=1791454445008
EPOCH_RETAINED epoch=0 retained=143 held=143 missing=0 t=1791454445008
EPOCH_INSTALLED epoch=0 finalized=16021 cemented=16021 queued=0 missing=0 t=1791454445013
EPOCH_RETAINED epoch=0 retained=143 held=143 missing=0 t=1791454445013
EPOCH_EVIDENCE_RELEASED epoch=0 t=1791454445016
EPOCH_INSTALLED epoch=0 finalized=16021 cemented=16021 queued=0 missing=0 t=1791454445026
EPOCH_RETAINED epoch=0 retained=143 held=143 missing=0 t=1791454445026
EPOCH_EVIDENCE_RELEASED epoch=0 t=1791454445027
EPOCH_INSTALLED epoch=0 finalized=16021 cemented=16021 queued=0 missing=0 t=1791454445028
EPOCH_RETAINED epoch=0 retained=143 held=143 missing=0 t=1791454445028
EPOCH_EVIDENCE_RELEASED epoch=0 t=1791454445030
EPOCH_EVIDENCE_RELEASED epoch=0 t=1791454445032
EPOCH_INSTALLED epoch=0 finalized=16021 cemented=16021 queued=0 missing=0 t=1791454445033
EPOCH_RETAINED epoch=0 retained=143 held=143 missing=0 t=1791454445033
EPOCH_EVIDENCE_RELEASED epoch=0 t=1791454445033
EPOCH_EVIDENCE_RELEASED epoch=0 t=1791454445051
EPOCH_INSTALLED epoch=0 finalized=16021 cemented=16021 queued=0 missing=0 t=1791454445056
EPOCH_RETAINED epoch=0 retained=143 held=143 missing=0 t=1791454445056
2026-10-08T10:14:05.845976Z  INFO nanospam::app: Confirmed 20,148 blocks | 2,000 bps | 1,908 cps | avg conf time: 112 ms
2026-10-08T10:14:06.847420Z  INFO nanospam::app: Confirmed 22,046 blocks | 2,000 bps | 1,895 cps | avg conf time: 83 ms
2026-10-08T10:14:07.848148Z  INFO nanospam::app: Confirmed 23,977 blocks | 2,000 bps | 1,928 cps | avg conf time: 93 ms
2026-10-08T10:14:08.848911Z  INFO nanospam::app: Confirmed 25,928 blocks | 2,000 bps | 1,949 cps | avg conf time: 92 ms
2026-10-08T10:14:09.850033Z  INFO nanospam::app: Confirmed 27,864 blocks | 2,000 bps | 1,933 cps | avg conf time: 88 ms
2026-10-08T10:14:10.850879Z  INFO nanospam::app: Confirmed 29,823 blocks | 2,000 bps | 1,957 cps | avg conf time: 93 ms
EPOCH_ENDED epoch=1 elections=169 active=83 t=1791454451619
EPOCH_ENDED epoch=1 elections=197 active=111 t=1791454451628
EPOCH_ENDED epoch=1 elections=198 active=112 t=1791454451628
EPOCH_ENDED epoch=1 elections=198 active=112 t=1791454451628
EPOCH_ENDED epoch=1 elections=199 active=113 t=1791454451628
EPOCH_ENDED epoch=1 elections=199 active=113 t=1791454451628
EPOCH_CARRIED epoch=1 instances=166 split=0 t=1791454451670
EPOCH_ADVANCED epoch=2 elections=335 active=249 vote_records=372705 t=1791454451670
EPOCH_CARRIED epoch=1 instances=195 split=0 t=1791454451672
EPOCH_ADVANCED epoch=2 elections=393 active=307 vote_records=372834 t=1791454451672
EPOCH_CARRIED epoch=1 instances=194 split=0 t=1791454451676
EPOCH_ADVANCED epoch=2 elections=391 active=305 vote_records=372838 t=1791454451676
EPOCH_CARRIED epoch=1 instances=196 split=0 t=1791454451677
EPOCH_ADVANCED epoch=2 elections=395 active=309 vote_records=372834 t=1791454451677
EPOCH_CARRIED epoch=1 instances=195 split=0 t=1791454451678
EPOCH_ADVANCED epoch=2 elections=393 active=307 vote_records=372834 t=1791454451678
EPOCH_CARRIED epoch=1 instances=196 split=0 t=1791454451680
EPOCH_ADVANCED epoch=2 elections=395 active=309 vote_records=372836 t=1791454451680
EPOCH_CLOSE_UNREADY epoch=1 short_of=reports usable=0 weight=0 required=5 held=0 theirs=[] t=1791454451694
EPOCH_CLOSE_UNREADY epoch=1 short_of=reports usable=0 weight=0 required=5 held=0 theirs=[] t=1791454451706
EPOCH_CLOSE_UNREADY epoch=1 short_of=reports usable=1 weight=1 required=5 held=0 theirs=[] t=1791454451738
EPOCH_REPORT epoch=1 certified=31432 residual=62 root=AC68DF0D0780160F9DB07468BDA8514CE3EBE8BA00FDF715ED3EBACA1182BAB6 reports=1 t=1791454451739
EPOCH_REPORT epoch=1 certified=31432 residual=93 root=AC68DF0D0780160F9DB07468BDA8514CE3EBE8BA00FDF715ED3EBACA1182BAB6 reports=1 t=1791454451799
2026-10-08T10:14:11.851893Z  INFO nanospam::app: Confirmed 31,284 blocks | 2,000 bps | 1,459 cps | avg conf time: 92 ms
EPOCH_RECONCILED epoch=1 reporter=65A90023F6C0D2181AAA63F005D81BBC0C04650505E21D5123F9AE1F9E992BFF complete=false entries=0 total=31432 symbols=0 dropped=false t=1791454451863
EPOCH_RECONCILED epoch=1 reporter=65A90023F6C0D2181AAA63F005D81BBC0C04650505E21D5123F9AE1F9E992BFF complete=true entries=62 total=62 symbols=0 dropped=false t=1791454451895
EPOCH_REPORT epoch=1 certified=31432 residual=91 root=AC68DF0D0780160F9DB07468BDA8514CE3EBE8BA00FDF715ED3EBACA1182BAB6 reports=1 t=1791454451968
EPOCH_REPORT epoch=1 certified=31432 residual=83 root=AC68DF0D0780160F9DB07468BDA8514CE3EBE8BA00FDF715ED3EBACA1182BAB6 reports=1 t=1791454451969
EPOCH_REPORT epoch=1 certified=31432 residual=57 root=AC68DF0D0780160F9DB07468BDA8514CE3EBE8BA00FDF715ED3EBACA1182BAB6 reports=1 t=1791454451991
EPOCH_RECONCILED epoch=1 reporter=A353E45E6D0016CAEED0DFA4EC5B0640E2AA22A793F9F2375E77F1AB92977C04 complete=false entries=0 total=31432 symbols=0 dropped=false t=1791454451993
EPOCH_RECONCILED epoch=1 reporter=A353E45E6D0016CAEED0DFA4EC5B0640E2AA22A793F9F2375E77F1AB92977C04 complete=true entries=93 total=93 symbols=0 dropped=false t=1791454452036
EPOCH_RECONCILED epoch=1 reporter=A353E45E6D0016CAEED0DFA4EC5B0640E2AA22A793F9F2375E77F1AB92977C04 complete=false entries=0 total=31432 symbols=0 dropped=false t=1791454452124
EPOCH_RECONCILED epoch=1 reporter=A353E45E6D0016CAEED0DFA4EC5B0640E2AA22A793F9F2375E77F1AB92977C04 complete=false entries=0 total=31432 symbols=0 dropped=false t=1791454452131
EPOCH_RECONCILED epoch=1 reporter=65A90023F6C0D2181AAA63F005D81BBC0C04650505E21D5123F9AE1F9E992BFF complete=false entries=0 total=31432 symbols=0 dropped=false t=1791454452148
EPOCH_REPORT epoch=1 certified=31432 residual=86 root=AC68DF0D0780160F9DB07468BDA8514CE3EBE8BA00FDF715ED3EBACA1182BAB6 reports=1 t=1791454452149
EPOCH_RECONCILED epoch=1 reporter=65A90023F6C0D2181AAA63F005D81BBC0C04650505E21D5123F9AE1F9E992BFF complete=true entries=62 total=62 symbols=0 dropped=false t=1791454452186
EPOCH_CLOSE_UNREADY epoch=1 short_of=reports usable=2 weight=2 required=5 held=5 theirs=["65A90023:AC68DF0D:5C70D7DA", "911999B2:AC68DF0D:ED699ADD", "633D9D61:AC68DF0D:70AE3DEB", "735FE217:AC68DF0D:65D1A4B5", "D315857C:AC68DF0D:2018D26D"] t=1791454452191
EPOCH_RECONCILED epoch=1 reporter=A353E45E6D0016CAEED0DFA4EC5B0640E2AA22A793F9F2375E77F1AB92977C04 complete=true entries=93 total=93 symbols=0 dropped=false t=1791454452194
EPOCH_RECONCILED epoch=1 reporter=A353E45E6D0016CAEED0DFA4EC5B0640E2AA22A793F9F2375E77F1AB92977C04 complete=true entries=93 total=93 symbols=0 dropped=false t=1791454452196
EPOCH_RECONCILED epoch=1 reporter=D315857CE70C54DE713F6E82E5613BB3A1266C15E28AD2F4338C7BBEC456F532 complete=false entries=0 total=31432 symbols=0 dropped=false t=1791454452197
EPOCH_RECONCILED epoch=1 reporter=65A90023F6C0D2181AAA63F005D81BBC0C04650505E21D5123F9AE1F9E992BFF complete=false entries=0 total=31432 symbols=0 dropped=false t=1791454452200
EPOCH_RECONCILED epoch=1 reporter=D315857CE70C54DE713F6E82E5613BB3A1266C15E28AD2F4338C7BBEC456F532 complete=true entries=57 total=57 symbols=0 dropped=false t=1791454452205
EPOCH_RECONCILED epoch=1 reporter=A353E45E6D0016CAEED0DFA4EC5B0640E2AA22A793F9F2375E77F1AB92977C04 complete=false entries=0 total=31432 symbols=0 dropped=false t=1791454452208
EPOCH_RECONCILED epoch=1 reporter=65A90023F6C0D2181AAA63F005D81BBC0C04650505E21D5123F9AE1F9E992BFF complete=false entries=0 total=31432 symbols=0 dropped=false t=1791454452212
EPOCH_RECONCILED epoch=1 reporter=A353E45E6D0016CAEED0DFA4EC5B0640E2AA22A793F9F2375E77F1AB92977C04 complete=true entries=93 total=93 symbols=0 dropped=false t=1791454452215
EPOCH_RECONCILED epoch=1 reporter=633D9D614858AB1710D5D8C3180E2A082DC97208BA8C26BA6C6D1A86C8E31CC0 complete=false entries=0 total=31432 symbols=0 dropped=false t=1791454452220
EPOCH_RECONCILED epoch=1 reporter=633D9D614858AB1710D5D8C3180E2A082DC97208BA8C26BA6C6D1A86C8E31CC0 complete=false entries=0 total=31432 symbols=0 dropped=false t=1791454452222
EPOCH_RECONCILED epoch=1 reporter=65A90023F6C0D2181AAA63F005D81BBC0C04650505E21D5123F9AE1F9E992BFF complete=true entries=62 total=62 symbols=0 dropped=false t=1791454452222
EPOCH_RECONCILED epoch=1 reporter=633D9D614858AB1710D5D8C3180E2A082DC97208BA8C26BA6C6D1A86C8E31CC0 complete=true entries=91 total=91 symbols=0 dropped=false t=1791454452223
EPOCH_RECONCILED epoch=1 reporter=735FE217D91E88EA82324C5883296385FA0041C2FAC85C827BAA46DA1E14B83F complete=false entries=0 total=31432 symbols=0 dropped=false t=1791454452230
EPOCH_RECONCILED epoch=1 reporter=735FE217D91E88EA82324C5883296385FA0041C2FAC85C827BAA46DA1E14B83F complete=true entries=83 total=83 symbols=0 dropped=false t=1791454452240
EPOCH_RECONCILED epoch=1 reporter=633D9D614858AB1710D5D8C3180E2A082DC97208BA8C26BA6C6D1A86C8E31CC0 complete=false entries=0 total=31432 symbols=0 dropped=false t=1791454452248
EPOCH_RECONCILED epoch=1 reporter=65A90023F6C0D2181AAA63F005D81BBC0C04650505E21D5123F9AE1F9E992BFF complete=true entries=62 total=62 symbols=0 dropped=false t=1791454452248
EPOCH_RECONCILED epoch=1 reporter=633D9D614858AB1710D5D8C3180E2A082DC97208BA8C26BA6C6D1A86C8E31CC0 complete=true entries=91 total=91 symbols=0 dropped=false t=1791454452251
EPOCH_RECONCILED epoch=1 reporter=633D9D614858AB1710D5D8C3180E2A082DC97208BA8C26BA6C6D1A86C8E31CC0 complete=false entries=0 total=31432 symbols=0 dropped=false t=1791454452254
EPOCH_RECONCILED epoch=1 reporter=633D9D614858AB1710D5D8C3180E2A082DC97208BA8C26BA6C6D1A86C8E31CC0 complete=true entries=91 total=91 symbols=0 dropped=false t=1791454452280
EPOCH_RECONCILED epoch=1 reporter=633D9D614858AB1710D5D8C3180E2A082DC97208BA8C26BA6C6D1A86C8E31CC0 complete=true entries=91 total=91 symbols=0 dropped=false t=1791454452284
EPOCH_RECONCILED epoch=1 reporter=A353E45E6D0016CAEED0DFA4EC5B0640E2AA22A793F9F2375E77F1AB92977C04 complete=false entries=0 total=31432 symbols=0 dropped=false t=1791454452284
EPOCH_RECONCILED epoch=1 reporter=735FE217D91E88EA82324C5883296385FA0041C2FAC85C827BAA46DA1E14B83F complete=false entries=0 total=31432 symbols=0 dropped=false t=1791454452287
EPOCH_RECONCILED epoch=1 reporter=A353E45E6D0016CAEED0DFA4EC5B0640E2AA22A793F9F2375E77F1AB92977C04 complete=true entries=93 total=93 symbols=0 dropped=false t=1791454452293
EPOCH_RECONCILED epoch=1 reporter=735FE217D91E88EA82324C5883296385FA0041C2FAC85C827BAA46DA1E14B83F complete=true entries=83 total=83 symbols=0 dropped=false t=1791454452295
EPOCH_RECONCILED epoch=1 reporter=D315857CE70C54DE713F6E82E5613BB3A1266C15E28AD2F4338C7BBEC456F532 complete=false entries=0 total=31432 symbols=0 dropped=false t=1791454452295
EPOCH_RECONCILED epoch=1 reporter=D315857CE70C54DE713F6E82E5613BB3A1266C15E28AD2F4338C7BBEC456F532 complete=true entries=57 total=57 symbols=0 dropped=false t=1791454452303
EPOCH_RECONCILED epoch=1 reporter=65A90023F6C0D2181AAA63F005D81BBC0C04650505E21D5123F9AE1F9E992BFF complete=false entries=0 total=31432 symbols=0 dropped=false t=1791454452306
EPOCH_RECONCILED epoch=1 reporter=65A90023F6C0D2181AAA63F005D81BBC0C04650505E21D5123F9AE1F9E992BFF complete=true entries=62 total=62 symbols=0 dropped=false t=1791454452396
EPOCH_RECONCILED epoch=1 reporter=735FE217D91E88EA82324C5883296385FA0041C2FAC85C827BAA46DA1E14B83F complete=false entries=0 total=31432 symbols=0 dropped=false t=1791454452401
EPOCH_RECONCILED epoch=1 reporter=735FE217D91E88EA82324C5883296385FA0041C2FAC85C827BAA46DA1E14B83F complete=true entries=83 total=83 symbols=0 dropped=false t=1791454452445
EPOCH_CLOSE_UNREADY epoch=1 short_of=reports usable=3 weight=3 required=5 held=5 theirs=["65A90023:AC68DF0D:5C70D7DA", "A353E45E:AC68DF0D:D21102D0", "735FE217:AC68DF0D:65D1A4B5", "D315857C:AC68DF0D:2018D26D", "911999B2:AC68DF0D:ED699ADD"] t=1791454452452
EPOCH_RECONCILED epoch=1 reporter=911999B2AEFA7ACC66EBD802B3301FF6CE431405107749D940277955CB7FDD07 complete=false entries=0 total=31432 symbols=0 dropped=false t=1791454452453
EPOCH_RECONCILED epoch=1 reporter=911999B2AEFA7ACC66EBD802B3301FF6CE431405107749D940277955CB7FDD07 complete=true entries=86 total=86 symbols=0 dropped=false t=1791454452465
EPOCH_RECONCILED epoch=1 reporter=633D9D614858AB1710D5D8C3180E2A082DC97208BA8C26BA6C6D1A86C8E31CC0 complete=false entries=0 total=31432 symbols=0 dropped=false t=1791454452469
EPOCH_RECONCILED epoch=1 reporter=633D9D614858AB1710D5D8C3180E2A082DC97208BA8C26BA6C6D1A86C8E31CC0 complete=true entries=91 total=91 symbols=0 dropped=false t=1791454452478
EPOCH_RECONCILED epoch=1 reporter=735FE217D91E88EA82324C5883296385FA0041C2FAC85C827BAA46DA1E14B83F complete=false entries=0 total=31432 symbols=0 dropped=false t=1791454452482
EPOCH_RECONCILED epoch=1 reporter=735FE217D91E88EA82324C5883296385FA0041C2FAC85C827BAA46DA1E14B83F complete=true entries=83 total=83 symbols=0 dropped=false t=1791454452492
EPOCH_RECONCILED epoch=1 reporter=D315857CE70C54DE713F6E82E5613BB3A1266C15E28AD2F4338C7BBEC456F532 complete=false entries=0 total=31432 symbols=0 dropped=false t=1791454452494
EPOCH_RECONCILED epoch=1 reporter=D315857CE70C54DE713F6E82E5613BB3A1266C15E28AD2F4338C7BBEC456F532 complete=true entries=57 total=57 symbols=0 dropped=false t=1791454452534
EPOCH_RECONCILED epoch=1 reporter=735FE217D91E88EA82324C5883296385FA0041C2FAC85C827BAA46DA1E14B83F complete=false entries=0 total=31432 symbols=0 dropped=false t=1791454452685
EPOCH_CLOSE_READY epoch=1 t=1791454452689
EPOCH_RECONCILED epoch=1 reporter=735FE217D91E88EA82324C5883296385FA0041C2FAC85C827BAA46DA1E14B83F complete=true entries=83 total=83 symbols=0 dropped=false t=1791454452707
EPOCH_RECONCILED epoch=1 reporter=D315857CE70C54DE713F6E82E5613BB3A1266C15E28AD2F4338C7BBEC456F532 complete=false entries=0 total=31432 symbols=0 dropped=false t=1791454452709
EPOCH_RECONCILED epoch=1 reporter=D315857CE70C54DE713F6E82E5613BB3A1266C15E28AD2F4338C7BBEC456F532 complete=true entries=57 total=57 symbols=0 dropped=false t=1791454452713
EPOCH_CLOSE_READY epoch=1 t=1791454452732
EPOCH_CLOSE_ROUND epoch=1 round=0 leader=65A90023F6C0D2181AAA63F005D81BBC0C04650505E21D5123F9AE1F9E992BFF leads=false t=1791454452732
EPOCH_RECONCILED epoch=1 reporter=D315857CE70C54DE713F6E82E5613BB3A1266C15E28AD2F4338C7BBEC456F532 complete=false entries=0 total=31432 symbols=0 dropped=false t=1791454452740
EPOCH_RECONCILED epoch=1 reporter=911999B2AEFA7ACC66EBD802B3301FF6CE431405107749D940277955CB7FDD07 complete=false entries=0 total=31432 symbols=0 dropped=false t=1791454452743
EPOCH_RECONCILED epoch=1 reporter=911999B2AEFA7ACC66EBD802B3301FF6CE431405107749D940277955CB7FDD07 complete=true entries=86 total=86 symbols=0 dropped=false t=1791454452749
EPOCH_RECONCILED epoch=1 reporter=D315857CE70C54DE713F6E82E5613BB3A1266C15E28AD2F4338C7BBEC456F532 complete=true entries=57 total=57 symbols=0 dropped=false t=1791454452768
EPOCH_RECONCILED epoch=1 reporter=911999B2AEFA7ACC66EBD802B3301FF6CE431405107749D940277955CB7FDD07 complete=false entries=0 total=31432 symbols=0 dropped=false t=1791454452770
EPOCH_RECONCILED epoch=1 reporter=911999B2AEFA7ACC66EBD802B3301FF6CE431405107749D940277955CB7FDD07 complete=true entries=86 total=86 symbols=0 dropped=false t=1791454452782
EPOCH_CLOSE_READY epoch=1 t=1791454452840
EPOCH_CLOSE_ROUND epoch=1 round=0 leader=65A90023F6C0D2181AAA63F005D81BBC0C04650505E21D5123F9AE1F9E992BFF leads=false t=1791454452840
2026-10-08T10:14:12.853117Z  INFO nanospam::app: Confirmed 33,495 blocks | 2,000 bps | 2,208 cps | avg conf time: 328 ms
EPOCH_RECONCILED epoch=1 reporter=911999B2AEFA7ACC66EBD802B3301FF6CE431405107749D940277955CB7FDD07 complete=false entries=0 total=31432 symbols=0 dropped=false t=1791454452867
EPOCH_RECONCILED epoch=1 reporter=911999B2AEFA7ACC66EBD802B3301FF6CE431405107749D940277955CB7FDD07 complete=true entries=86 total=86 symbols=0 dropped=false t=1791454452919
EPOCH_CLOSE_READY epoch=1 t=1791454452940
EPOCH_CLOSE_ROUND epoch=1 round=0 leader=65A90023F6C0D2181AAA63F005D81BBC0C04650505E21D5123F9AE1F9E992BFF leads=false t=1791454452940
EPOCH_CLOSE_READY epoch=1 t=1791454452999
EPOCH_CLOSE_ROUND epoch=1 round=0 leader=65A90023F6C0D2181AAA63F005D81BBC0C04650505E21D5123F9AE1F9E992BFF leads=false t=1791454452999
EPOCH_CLOSE_READY epoch=1 t=1791454453017
EPOCH_CLOSE_ROUND epoch=1 round=0 leader=65A90023F6C0D2181AAA63F005D81BBC0C04650505E21D5123F9AE1F9E992BFF leads=false t=1791454453018
EPOCH_PROPOSED epoch=1 round=0 value=B160121F8BBB5ED7A9B76D5A14D062801CBB20503EEE69E683649C79045CA9B0 state=29148AC2739B380740AE7A5DC201FBC107AE55A5D4C46055A9D5019D89FECA96 reports=5 t=1791454453368
EPOCH_VALUE epoch=1 value=B160121F8BBB5ED7A9B76D5A14D062801CBB20503EEE69E683649C79045CA9B0 state=29148AC2739B380740AE7A5DC201FBC107AE55A5D4C46055A9D5019D89FECA96 t=1791454453368
EPOCH_CLOSE_ROUND epoch=1 round=0 leader=65A90023F6C0D2181AAA63F005D81BBC0C04650505E21D5123F9AE1F9E992BFF leads=true t=1791454453368
EPOCH_RECONCILED epoch=1 reporter=911999B2AEFA7ACC66EBD802B3301FF6CE431405107749D940277955CB7FDD07 complete=false entries=0 total=31432 symbols=0 dropped=false t=1791454453402
EPOCH_RECONCILED epoch=1 reporter=911999B2AEFA7ACC66EBD802B3301FF6CE431405107749D940277955CB7FDD07 complete=true entries=86 total=86 symbols=0 dropped=false t=1791454453406
EPOCH_VALUE epoch=1 value=B160121F8BBB5ED7A9B76D5A14D062801CBB20503EEE69E683649C79045CA9B0 state=29148AC2739B380740AE7A5DC201FBC107AE55A5D4C46055A9D5019D89FECA96 t=1791454453840
EPOCH_VALUE epoch=1 value=B160121F8BBB5ED7A9B76D5A14D062801CBB20503EEE69E683649C79045CA9B0 state=29148AC2739B380740AE7A5DC201FBC107AE55A5D4C46055A9D5019D89FECA96 t=1791454453849
2026-10-08T10:14:13.853756Z  INFO nanospam::app: Confirmed 35,374 blocks | 2,000 bps | 1,877 cps | avg conf time: 131 ms
EPOCH_VALUE epoch=1 value=B160121F8BBB5ED7A9B76D5A14D062801CBB20503EEE69E683649C79045CA9B0 state=29148AC2739B380740AE7A5DC201FBC107AE55A5D4C46055A9D5019D89FECA96 t=1791454453889
EPOCH_VALUE epoch=1 value=B160121F8BBB5ED7A9B76D5A14D062801CBB20503EEE69E683649C79045CA9B0 state=29148AC2739B380740AE7A5DC201FBC107AE55A5D4C46055A9D5019D89FECA96 t=1791454453913
EPOCH_VALUE epoch=1 value=B160121F8BBB5ED7A9B76D5A14D062801CBB20503EEE69E683649C79045CA9B0 state=29148AC2739B380740AE7A5DC201FBC107AE55A5D4C46055A9D5019D89FECA96 t=1791454454019
EPOCH_INSTALL epoch=1 finalized=15346 instances_confirmed=3 t=1791454454084
EPOCH_LATE_NOTAR epoch=1 blocks=4426 notarized=4345 cast=6716 t=1791454454086
EPOCH_INSTALL epoch=1 finalized=15346 instances_confirmed=3 t=1791454454086
EPOCH_GATE epoch=2 released=251 finalized=0 t=1791454454086
EPOCH_LATE_NOTAR epoch=1 blocks=4426 notarized=4345 cast=6877 t=1791454454087
EPOCH_INSTALL epoch=1 finalized=15346 instances_confirmed=3 t=1791454454087
EPOCH_GATE epoch=2 released=252 finalized=0 t=1791454454088
EPOCH_INSTALL epoch=1 finalized=15346 instances_confirmed=3 t=1791454454088
EPOCH_LATE_NOTAR epoch=1 blocks=4426 notarized=4345 cast=6706 t=1791454454089
EPOCH_GATE epoch=2 released=255 finalized=0 t=1791454454089
EPOCH_LATE_NOTAR epoch=1 blocks=4426 notarized=4345 cast=6801 t=1791454454089
EPOCH_INSTALL epoch=1 finalized=15346 instances_confirmed=3 t=1791454454090
EPOCH_GATE epoch=2 released=258 finalized=0 t=1791454454090
EPOCH_INSTALL epoch=1 finalized=15346 instances_confirmed=3 t=1791454454091
EPOCH_LATE_NOTAR epoch=1 blocks=4426 notarized=4345 cast=6742 t=1791454454093
EPOCH_GATE epoch=2 released=258 finalized=0 t=1791454454095
EPOCH_LATE_NOTAR epoch=1 blocks=4426 notarized=4345 cast=6829 t=1791454454095
EPOCH_GATE epoch=2 released=258 finalized=0 t=1791454454097
EPOCH_COMMITTEE derived_by=1 members=6 accounts=13287 n=6 digest=95D409445152DD075E6A4799205DFA5689496EB8EE1A22AC2A200B9DBC2DCF27 shares=["65A90023:16.7%", "735FE217:16.7%", "D315857C:16.7%", "911999B2:16.7%", "633D9D61:16.7%", "A353E45E:16.7%"] t=1791454454111
EPOCH_LOCKS epoch=1 continued=0 kinds={"locks=1 kind=Some(Recovery) nc_here=true saved=true": 21} t=1791454454112
EPOCH_OMITTED epoch=1 instances=30 retained=21 t=1791454454112
EPOCH_CLOSED epoch=1 round=0 value=B160121F8BBB5ED7A9B76D5A14D062801CBB20503EEE69E683649C79045CA9B0 state=29148AC2739B380740AE7A5DC201FBC107AE55A5D4C46055A9D5019D89FECA96 t=1791454454112
EPOCH_COMMITTEE derived_by=1 members=6 accounts=13287 n=6 digest=95D409445152DD075E6A4799205DFA5689496EB8EE1A22AC2A200B9DBC2DCF27 shares=["65A90023:16.7%", "735FE217:16.7%", "D315857C:16.7%", "911999B2:16.7%", "633D9D61:16.7%", "A353E45E:16.7%"] t=1791454454121
EPOCH_LOCKS epoch=1 continued=0 kinds={"locks=1 kind=Some(Recovery) nc_here=true saved=true": 21} t=1791454454121
EPOCH_OMITTED epoch=1 instances=30 retained=21 t=1791454454121
EPOCH_CLOSED epoch=1 round=0 value=B160121F8BBB5ED7A9B76D5A14D062801CBB20503EEE69E683649C79045CA9B0 state=29148AC2739B380740AE7A5DC201FBC107AE55A5D4C46055A9D5019D89FECA96 t=1791454454121
EPOCH_COMMITTEE derived_by=1 members=6 accounts=13287 n=6 digest=95D409445152DD075E6A4799205DFA5689496EB8EE1A22AC2A200B9DBC2DCF27 shares=["65A90023:16.7%", "735FE217:16.7%", "D315857C:16.7%", "911999B2:16.7%", "633D9D61:16.7%", "A353E45E:16.7%"] t=1791454454125
EPOCH_COMMITTEE derived_by=1 members=6 accounts=13287 n=6 digest=95D409445152DD075E6A4799205DFA5689496EB8EE1A22AC2A200B9DBC2DCF27 shares=["65A90023:16.7%", "735FE217:16.7%", "D315857C:16.7%", "911999B2:16.7%", "633D9D61:16.7%", "A353E45E:16.7%"] t=1791454454129
EPOCH_LOCKS epoch=1 continued=0 kinds={"locks=1 kind=Some(Recovery) nc_here=true saved=true": 21} t=1791454454130
EPOCH_OMITTED epoch=1 instances=30 retained=21 t=1791454454130
EPOCH_CLOSED epoch=1 round=0 value=B160121F8BBB5ED7A9B76D5A14D062801CBB20503EEE69E683649C79045CA9B0 state=29148AC2739B380740AE7A5DC201FBC107AE55A5D4C46055A9D5019D89FECA96 t=1791454454130
EPOCH_LOCKS epoch=1 continued=0 kinds={"locks=1 kind=Some(Recovery) nc_here=true saved=true": 21} t=1791454454143
EPOCH_OMITTED epoch=1 instances=30 retained=21 t=1791454454143
EPOCH_CLOSED epoch=1 round=0 value=B160121F8BBB5ED7A9B76D5A14D062801CBB20503EEE69E683649C79045CA9B0 state=29148AC2739B380740AE7A5DC201FBC107AE55A5D4C46055A9D5019D89FECA96 t=1791454454143
EPOCH_COMMITTEE derived_by=1 members=6 accounts=13287 n=6 digest=95D409445152DD075E6A4799205DFA5689496EB8EE1A22AC2A200B9DBC2DCF27 shares=["65A90023:16.7%", "735FE217:16.7%", "D315857C:16.7%", "911999B2:16.7%", "633D9D61:16.7%", "A353E45E:16.7%"] t=1791454454153
EPOCH_COMMITTEE derived_by=1 members=6 accounts=13287 n=6 digest=95D409445152DD075E6A4799205DFA5689496EB8EE1A22AC2A200B9DBC2DCF27 shares=["65A90023:16.7%", "735FE217:16.7%", "D315857C:16.7%", "911999B2:16.7%", "633D9D61:16.7%", "A353E45E:16.7%"] t=1791454454153
EPOCH_LOCKS epoch=1 continued=0 kinds={"locks=1 kind=Some(Recovery) nc_here=true saved=true": 21} t=1791454454153
EPOCH_OMITTED epoch=1 instances=30 retained=21 t=1791454454153
EPOCH_CLOSED epoch=1 round=0 value=B160121F8BBB5ED7A9B76D5A14D062801CBB20503EEE69E683649C79045CA9B0 state=29148AC2739B380740AE7A5DC201FBC107AE55A5D4C46055A9D5019D89FECA96 t=1791454454153
EPOCH_LOCKS epoch=1 continued=0 kinds={"locks=1 kind=Some(Recovery) nc_here=true saved=true": 21} t=1791454454153
EPOCH_OMITTED epoch=1 instances=30 retained=21 t=1791454454153
EPOCH_CLOSED epoch=1 round=0 value=B160121F8BBB5ED7A9B76D5A14D062801CBB20503EEE69E683649C79045CA9B0 state=29148AC2739B380740AE7A5DC201FBC107AE55A5D4C46055A9D5019D89FECA96 t=1791454454153
EPOCH_INSTALLED epoch=1 finalized=15346 cemented=15346 queued=0 missing=0 t=1791454454169
EPOCH_RETAINED epoch=1 retained=83 held=83 missing=0 t=1791454454170
EPOCH_INSTALLED epoch=1 finalized=15346 cemented=15346 queued=0 missing=0 t=1791454454208
EPOCH_RETAINED epoch=1 retained=83 held=83 missing=0 t=1791454454208
EPOCH_EVIDENCE_RELEASED epoch=1 t=1791454454283
EPOCH_INSTALLED epoch=1 finalized=15346 cemented=15346 queued=0 missing=0 t=1791454454325
EPOCH_RETAINED epoch=1 retained=83 held=83 missing=0 t=1791454454326
EPOCH_INSTALLED epoch=1 finalized=15346 cemented=15346 queued=0 missing=0 t=1791454454355
EPOCH_RETAINED epoch=1 retained=83 held=83 missing=0 t=1791454454355
EPOCH_INSTALLED epoch=1 finalized=15346 cemented=15346 queued=0 missing=0 t=1791454454397
EPOCH_RETAINED epoch=1 retained=83 held=83 missing=0 t=1791454454397
EPOCH_INSTALLED epoch=1 finalized=15346 cemented=15346 queued=0 missing=0 t=1791454454447
EPOCH_RETAINED epoch=1 retained=83 held=83 missing=0 t=1791454454447
EPOCH_EVIDENCE_RELEASED epoch=1 t=1791454454734
EPOCH_EVIDENCE_RELEASED epoch=1 t=1791454454811
2026-10-08T10:14:14.854904Z  INFO nanospam::app: Confirmed 37,306 blocks | 2,000 bps | 1,929 cps | avg conf time: 167 ms
EPOCH_EVIDENCE_RELEASED epoch=1 t=1791454455380
EPOCH_EVIDENCE_RELEASED epoch=1 t=1791454455422
EPOCH_EVIDENCE_RELEASED epoch=1 t=1791454455691
2026-10-08T10:14:15.855712Z  INFO nanospam::app: Confirmed 39,199 blocks | 2,000 bps | 1,891 cps | avg conf time: 104 ms
2026-10-08T10:14:16.856649Z  INFO nanospam::app: Confirmed 41,070 blocks | 2,000 bps | 1,869 cps | avg conf time: 99 ms
2026-10-08T10:14:17.857672Z  INFO nanospam::app: Confirmed 43,050 blocks | 2,000 bps | 1,977 cps | avg conf time: 94 ms
2026-10-08T10:14:18.860063Z  INFO nanospam::app: Confirmed 44,927 blocks | 2,000 bps | 1,872 cps | avg conf time: 96 ms
2026-10-08T10:14:18.935180Z  INFO nanospam::app: Confirming 45000 blocks took 23.10s
2026-10-08T10:14:18.935225Z  INFO nanospam::app: Confirmation rate: 1948 cps
2026-10-08T10:14:18.935232Z  INFO nanospam::app: Average conf time: 125 ms
2026-10-08T10:14:18.935237Z  INFO nanospam::app: Non-fork confirmation rate: 1948 cps (45000 of 45000 non-fork blocks, 0 of 0 forks)
2026-10-08T10:14:18.935362Z  INFO nanospam::app: RAI_BENCH_METRICS {"created":45000,"confirmed":45000,"duration_secs":23.099789541,"confirmation_unit":"primary publication or its confirmed fork alternative","alternative_confirmed":0,"confirmation_histogram_ms":{"29":1,"32":1,"35":2,"36":4,"37":3,"38":5,"39":6,"40":4,"41":6,"42":8,"43":18,"44":17,"45":21,"46":21,"47":25,"48":26,"49":28,"50":47,"51":55,"52":54,"53":52,"54":73,"55":66,"56":85,"57":82,"58":96,"59":107,"60":116,"61":125,"62":156,"63":154,"64":156,"65":171,"66":199,"67":235,"68":278,"69":279,"70":266,"71":277,"72":283,"73":334,"74":391,"75":391,"76":407,"77":449,"78":444,"79":443,"80":530,"81":600,"82":603,"83":606,"84":630,"85":683,"86":683,"87":684,"88":729,"89":771,"90":789,"91":794,"92":824,"93":872,"94":866,"95":883,"96":885,"97":837,"98":882,"99":909,"100":951,"101":968,"102":843,"103":864,"104":824,"105":893,"106":849,"107":843,"108":792,"109":793,"110":714,"111":650,"112":635,"113":587,"114":561,"115":526,"116":453,"117":438,"118":401,"119":311,"120":303,"121":268,"122":212,"123":185,"124":161,"125":164,"126":161,"127":123,"128":119,"129":110,"130":95,"131":97,"132":87,"133":84,"134":72,"135":70,"136":72,"137":49,"138":66,"139":62,"140":58,"141":55,"142":57,"143":50,"144":57,"145":45,"146":43,"147":49,"148":42,"149":43,"150":61,"151":59,"152":54,"153":58,"154":53,"155":38,"156":35,"157":46,"158":58,"159":48,"160":35,"161":35,"162":45,"163":29,"164":38,"165":39,"166":35,"167":46,"168":35,"169":32,"170":41,"171":40,"172":37,"173":32,"174":41,"175":31,"176":34,"177":34,"178":31,"179":31,"180":24,"181":36,"182":31,"183":32,"184":39,"185":32,"186":37,"187":20,"188":28,"189":23,"190":27,"191":27,"192":40,"193":27,"194":29,"195":26,"196":23,"197":23,"198":21,"199":35,"200":23,"201":26,"202":17,"203":15,"204":10,"205":23,"206":17,"207":18,"208":14,"209":30,"210":43,"211":30,"212":18,"213":22,"214":41,"215":29,"216":28,"217":20,"218":28,"219":44,"220":43,"221":41,"222":32,"223":36,"224":37,"225":40,"226":29,"227":31,"228":25,"229":24,"230":18,"231":26,"232":22,"233":44,"234":29,"235":9,"236":11,"237":10,"238":8,"239":9,"240":16,"241":10,"242":11,"243":15,"244":27,"245":46,"246":10,"247":12,"248":9,"249":9,"250":14,"251":10,"252":6,"253":8,"254":5,"255":10,"256":11,"257":7,"258":11,"259":35,"260":8,"261":28,"262":10,"263":9,"264":7,"265":12,"266":8,"267":8,"268":6,"269":5,"270":7,"271":7,"272":11,"273":5,"274":6,"275":7,"276":6,"277":4,"278":4,"279":5,"280":15,"281":12,"282":9,"283":15,"284":16,"285":19,"286":16,"287":10,"288":6,"289":26,"290":9,"291":15,"292":6,"293":13,"294":38,"295":31,"296":33,"297":25,"298":23,"299":26,"300":38,"301":32,"302":25,"303":25,"304":17,"305":23,"306":40,"307":31,"308":36,"309":36,"310":57,"311":61,"312":55,"313":33,"314":38,"315":30,"316":51,"317":53,"318":37,"319":37,"320":36,"321":24,"322":29,"323":31,"324":27,"325":13,"326":11,"327":13,"328":16,"329":30,"330":51,"331":32,"332":37,"333":41,"334":56,"335":38,"336":27,"337":22,"338":33,"339":39,"340":45,"341":43,"342":20,"343":14,"344":9,"345":6,"346":4,"347":4,"348":4,"349":5,"350":7,"351":7,"352":8,"353":3,"354":10,"355":12,"356":12,"357":11,"358":9,"359":5,"360":7,"361":3,"362":6,"363":10,"364":10,"365":4,"366":3,"367":4,"368":4,"369":10,"370":16,"371":8,"372":14,"373":10,"374":8,"375":3,"376":4,"377":4,"378":3,"379":4,"380":6,"381":6,"382":4,"383":5,"384":5,"385":8,"386":6,"387":3,"388":6,"389":12,"390":6,"391":9,"392":7,"393":4,"394":2,"395":3,"396":4,"397":3,"398":6,"399":7,"400":7,"401":8,"402":4,"403":4,"404":4,"405":4,"406":4,"407":5,"408":6,"409":7,"410":4,"411":5,"412":4,"413":2,"414":3,"415":8,"416":7,"417":4,"418":4,"419":6,"420":3,"421":3,"422":2,"423":2,"424":2,"425":1,"426":3,"427":2,"428":4,"429":2,"430":2,"431":2,"432":2,"433":1,"434":3,"435":2,"436":2,"437":4,"438":1,"439":2,"440":2,"441":2,"442":2,"443":3,"444":2,"446":4,"447":2,"448":1,"449":1,"450":2,"451":3,"452":2,"453":1,"454":2,"455":1,"456":1,"457":1,"458":1,"459":4,"460":2,"462":11,"463":8,"464":7,"465":1,"467":1,"468":2,"469":1,"477":3,"478":2,"479":1,"481":3,"482":3,"483":2,"484":5,"485":2,"486":1,"487":4,"488":8,"489":8,"490":6,"491":6,"492":14,"493":6,"494":5,"495":15,"496":25,"497":6,"498":5,"499":6,"500":5,"501":5,"502":5,"503":5,"504":2,"505":6,"506":4,"507":1,"508":3,"509":4,"510":4,"511":6,"512":7,"513":9,"514":12,"515":11,"516":11,"517":4,"518":3,"519":2,"520":2,"521":2,"522":4,"523":1,"524":18,"525":23,"526":18,"527":9,"528":10,"529":21,"530":13,"531":6,"532":4,"533":1,"536":1,"540":1,"541":1,"545":1,"547":3,"548":11,"549":9,"550":8,"551":9,"552":2,"553":5,"554":1,"555":3,"556":1,"557":7,"558":8,"559":3,"562":1,"564":5,"565":3,"566":2,"570":1,"575":10,"576":6,"577":4,"578":1,"583":1,"584":9,"585":6,"586":9,"587":17,"588":6,"590":1,"591":1,"592":4,"593":1,"594":1,"595":3,"596":2,"598":4,"599":4,"600":1,"602":2,"603":1,"604":1,"605":4,"606":2,"607":1,"608":3,"609":3,"610":2,"611":4,"612":4,"613":2,"614":4,"615":4,"616":3,"617":5,"618":1,"619":3,"620":3,"621":6,"622":2,"623":4,"624":6,"625":1,"626":2,"627":6,"628":6,"629":4,"630":2,"631":4,"632":8,"633":3,"634":2,"635":1,"636":1,"637":3,"638":3,"639":4,"640":1,"641":4,"642":3,"643":2,"644":3,"645":2,"646":3,"647":4,"648":1,"649":3,"650":1,"651":2,"652":3,"653":2,"654":2,"655":1,"656":2,"657":2,"658":2,"659":2,"660":2,"661":3,"662":1,"663":3,"664":2,"665":1,"666":2,"667":3,"668":2,"669":2,"670":2,"671":2,"672":1,"673":3,"674":1,"675":3,"676":2,"677":2,"678":2,"679":2,"680":2,"681":2,"682":2,"683":2,"684":2,"685":2,"686":2,"687":2,"688":1,"689":2,"690":2,"691":2,"692":2,"693":2,"694":2,"695":2,"696":3,"697":2,"698":1,"699":2,"700":2,"701":2,"702":2,"703":4,"704":3,"705":1,"706":1,"707":1,"708":2,"1546":1},"nonfork_created":45000,"nonfork_confirmed":45000,"nonfork_histogram_ms":{"29":1,"32":1,"35":2,"36":4,"37":3,"38":5,"39":6,"40":4,"41":6,"42":8,"43":18,"44":17,"45":21,"46":21,"47":25,"48":26,"49":28,"50":47,"51":55,"52":54,"53":52,"54":73,"55":66,"56":85,"57":82,"58":96,"59":107,"60":116,"61":125,"62":156,"63":154,"64":156,"65":171,"66":199,"67":235,"68":278,"69":279,"70":266,"71":277,"72":283,"73":334,"74":391,"75":391,"76":407,"77":449,"78":444,"79":443,"80":530,"81":600,"82":603,"83":606,"84":630,"85":683,"86":683,"87":684,"88":729,"89":771,"90":789,"91":794,"92":824,"93":872,"94":866,"95":883,"96":885,"97":837,"98":882,"99":909,"100":951,"101":968,"102":843,"103":864,"104":824,"105":893,"106":849,"107":843,"108":792,"109":793,"110":714,"111":650,"112":635,"113":587,"114":561,"115":526,"116":453,"117":438,"118":401,"119":311,"120":303,"121":268,"122":212,"123":185,"124":161,"125":164,"126":161,"127":123,"128":119,"129":110,"130":95,"131":97,"132":87,"133":84,"134":72,"135":70,"136":72,"137":49,"138":66,"139":62,"140":58,"141":55,"142":57,"143":50,"144":57,"145":45,"146":43,"147":49,"148":42,"149":43,"150":61,"151":59,"152":54,"153":58,"154":53,"155":38,"156":35,"157":46,"158":58,"159":48,"160":35,"161":35,"162":45,"163":29,"164":38,"165":39,"166":35,"167":46,"168":35,"169":32,"170":41,"171":40,"172":37,"173":32,"174":41,"175":31,"176":34,"177":34,"178":31,"179":31,"180":24,"181":36,"182":31,"183":32,"184":39,"185":32,"186":37,"187":20,"188":28,"189":23,"190":27,"191":27,"192":40,"193":27,"194":29,"195":26,"196":23,"197":23,"198":21,"199":35,"200":23,"201":26,"202":17,"203":15,"204":10,"205":23,"206":17,"207":18,"208":14,"209":30,"210":43,"211":30,"212":18,"213":22,"214":41,"215":29,"216":28,"217":20,"218":28,"219":44,"220":43,"221":41,"222":32,"223":36,"224":37,"225":40,"226":29,"227":31,"228":25,"229":24,"230":18,"231":26,"232":22,"233":44,"234":29,"235":9,"236":11,"237":10,"238":8,"239":9,"240":16,"241":10,"242":11,"243":15,"244":27,"245":46,"246":10,"247":12,"248":9,"249":9,"250":14,"251":10,"252":6,"253":8,"254":5,"255":10,"256":11,"257":7,"258":11,"259":35,"260":8,"261":28,"262":10,"263":9,"264":7,"265":12,"266":8,"267":8,"268":6,"269":5,"270":7,"271":7,"272":11,"273":5,"274":6,"275":7,"276":6,"277":4,"278":4,"279":5,"280":15,"281":12,"282":9,"283":15,"284":16,"285":19,"286":16,"287":10,"288":6,"289":26,"290":9,"291":15,"292":6,"293":13,"294":38,"295":31,"296":33,"297":25,"298":23,"299":26,"300":38,"301":32,"302":25,"303":25,"304":17,"305":23,"306":40,"307":31,"308":36,"309":36,"310":57,"311":61,"312":55,"313":33,"314":38,"315":30,"316":51,"317":53,"318":37,"319":37,"320":36,"321":24,"322":29,"323":31,"324":27,"325":13,"326":11,"327":13,"328":16,"329":30,"330":51,"331":32,"332":37,"333":41,"334":56,"335":38,"336":27,"337":22,"338":33,"339":39,"340":45,"341":43,"342":20,"343":14,"344":9,"345":6,"346":4,"347":4,"348":4,"349":5,"350":7,"351":7,"352":8,"353":3,"354":10,"355":12,"356":12,"357":11,"358":9,"359":5,"360":7,"361":3,"362":6,"363":10,"364":10,"365":4,"366":3,"367":4,"368":4,"369":10,"370":16,"371":8,"372":14,"373":10,"374":8,"375":3,"376":4,"377":4,"378":3,"379":4,"380":6,"381":6,"382":4,"383":5,"384":5,"385":8,"386":6,"387":3,"388":6,"389":12,"390":6,"391":9,"392":7,"393":4,"394":2,"395":3,"396":4,"397":3,"398":6,"399":7,"400":7,"401":8,"402":4,"403":4,"404":4,"405":4,"406":4,"407":5,"408":6,"409":7,"410":4,"411":5,"412":4,"413":2,"414":3,"415":8,"416":7,"417":4,"418":4,"419":6,"420":3,"421":3,"422":2,"423":2,"424":2,"425":1,"426":3,"427":2,"428":4,"429":2,"430":2,"431":2,"432":2,"433":1,"434":3,"435":2,"436":2,"437":4,"438":1,"439":2,"440":2,"441":2,"442":2,"443":3,"444":2,"446":4,"447":2,"448":1,"449":1,"450":2,"451":3,"452":2,"453":1,"454":2,"455":1,"456":1,"457":1,"458":1,"459":4,"460":2,"462":11,"463":8,"464":7,"465":1,"467":1,"468":2,"469":1,"477":3,"478":2,"479":1,"481":3,"482":3,"483":2,"484":5,"485":2,"486":1,"487":4,"488":8,"489":8,"490":6,"491":6,"492":14,"493":6,"494":5,"495":15,"496":25,"497":6,"498":5,"499":6,"500":5,"501":5,"502":5,"503":5,"504":2,"505":6,"506":4,"507":1,"508":3,"509":4,"510":4,"511":6,"512":7,"513":9,"514":12,"515":11,"516":11,"517":4,"518":3,"519":2,"520":2,"521":2,"522":4,"523":1,"524":18,"525":23,"526":18,"527":9,"528":10,"529":21,"530":13,"531":6,"532":4,"533":1,"536":1,"540":1,"541":1,"545":1,"547":3,"548":11,"549":9,"550":8,"551":9,"552":2,"553":5,"554":1,"555":3,"556":1,"557":7,"558":8,"559":3,"562":1,"564":5,"565":3,"566":2,"570":1,"575":10,"576":6,"577":4,"578":1,"583":1,"584":9,"585":6,"586":9,"587":17,"588":6,"590":1,"591":1,"592":4,"593":1,"594":1,"595":3,"596":2,"598":4,"599":4,"600":1,"602":2,"603":1,"604":1,"605":4,"606":2,"607":1,"608":3,"609":3,"610":2,"611":4,"612":4,"613":2,"614":4,"615":4,"616":3,"617":5,"618":1,"619":3,"620":3,"621":6,"622":2,"623":4,"624":6,"625":1,"626":2,"627":6,"628":6,"629":4,"630":2,"631":4,"632":8,"633":3,"634":2,"635":1,"636":1,"637":3,"638":3,"639":4,"640":1,"641":4,"642":3,"643":2,"644":3,"645":2,"646":3,"647":4,"648":1,"649":3,"650":1,"651":2,"652":3,"653":2,"654":2,"655":1,"656":2,"657":2,"658":2,"659":2,"660":2,"661":3,"662":1,"663":3,"664":2,"665":1,"666":2,"667":3,"668":2,"669":2,"670":2,"671":2,"672":1,"673":3,"674":1,"675":3,"676":2,"677":2,"678":2,"679":2,"680":2,"681":2,"682":2,"683":2,"684":2,"685":2,"686":2,"687":2,"688":1,"689":2,"690":2,"691":2,"692":2,"693":2,"694":2,"695":2,"696":3,"697":2,"698":1,"699":2,"700":2,"701":2,"702":2,"703":4,"704":3,"705":1,"706":1,"707":1,"708":2,"1546":1},"fork_created":0,"fork_confirmed":0,"fork_unresolved_at_end":0}
EPOCH_ENDED epoch=2 elections=21 active=0 t=1791454459632
EPOCH_ENDED epoch=2 elections=21 active=0 t=1791454459645
EPOCH_ENDED epoch=2 elections=21 active=0 t=1791454459656
EPOCH_ADVANCED epoch=3 elections=21 active=0 vote_records=535497 t=1791454459705
EPOCH_ADVANCED epoch=3 elections=21 active=0 vote_records=535497 t=1791454459705
EPOCH_ADVANCED epoch=3 elections=21 active=0 vote_records=535497 t=1791454459710
EPOCH_CLOSE_UNREADY epoch=2 short_of=reports usable=0 weight=0 required=5 held=0 theirs=[] t=1791454459711
EPOCH_CLOSE_UNREADY epoch=2 short_of=reports usable=0 weight=0 required=5 held=0 theirs=[] t=1791454459711
EPOCH_CLOSE_UNREADY epoch=2 short_of=reports usable=0 weight=0 required=5 held=0 theirs=[] t=1791454459716
EPOCH_ENDED epoch=2 elections=21 active=0 t=1791454459730
EPOCH_ADVANCED epoch=3 elections=21 active=0 vote_records=535501 t=1791454459778
EPOCH_CLOSE_UNREADY epoch=2 short_of=reports usable=0 weight=0 required=5 held=0 theirs=[] t=1791454459784
EPOCH_REPORT epoch=2 certified=45065 residual=0 root=DBC3DB907B7B36323F95BE43CFB86B765F579C2AA432F9F770AC28638AF5FDDD reports=1 t=1791454459788
EPOCH_REPORT epoch=2 certified=45065 residual=0 root=DBC3DB907B7B36323F95BE43CFB86B765F579C2AA432F9F770AC28638AF5FDDD reports=1 t=1791454459792
EPOCH_REPORT epoch=2 certified=45065 residual=0 root=DBC3DB907B7B36323F95BE43CFB86B765F579C2AA432F9F770AC28638AF5FDDD reports=1 t=1791454459794
EPOCH_REPORT epoch=2 certified=45065 residual=0 root=DBC3DB907B7B36323F95BE43CFB86B765F579C2AA432F9F770AC28638AF5FDDD reports=1 t=1791454459853
EPOCH_ENDED epoch=2 elections=21 active=0 t=1791454459858
EPOCH_ADVANCED epoch=3 elections=21 active=0 vote_records=535496 t=1791454459892
EPOCH_ENDED epoch=2 elections=21 active=0 t=1791454459919
EPOCH_RECONCILED epoch=2 reporter=D315857CE70C54DE713F6E82E5613BB3A1266C15E28AD2F4338C7BBEC456F532 complete=true entries=0 total=45065 symbols=0 dropped=false t=1791454459946
EPOCH_RECONCILED epoch=2 reporter=911999B2AEFA7ACC66EBD802B3301FF6CE431405107749D940277955CB7FDD07 complete=true entries=0 total=45065 symbols=0 dropped=false t=1791454459961
EPOCH_REPORT epoch=2 certified=45065 residual=0 root=DBC3DB907B7B36323F95BE43CFB86B765F579C2AA432F9F770AC28638AF5FDDD reports=1 t=1791454459965
EPOCH_ADVANCED epoch=3 elections=21 active=0 vote_records=535499 t=1791454459967
EPOCH_RECONCILED epoch=2 reporter=A353E45E6D0016CAEED0DFA4EC5B0640E2AA22A793F9F2375E77F1AB92977C04 complete=true entries=0 total=45065 symbols=0 dropped=false t=1791454459968
EPOCH_RECONCILED epoch=2 reporter=65A90023F6C0D2181AAA63F005D81BBC0C04650505E21D5123F9AE1F9E992BFF complete=true entries=0 total=45065 symbols=0 dropped=false t=1791454459978
EPOCH_RECONCILED epoch=2 reporter=911999B2AEFA7ACC66EBD802B3301FF6CE431405107749D940277955CB7FDD07 complete=true entries=0 total=45065 symbols=0 dropped=false t=1791454459992
EPOCH_RECONCILED epoch=2 reporter=D315857CE70C54DE713F6E82E5613BB3A1266C15E28AD2F4338C7BBEC456F532 complete=true entries=0 total=45065 symbols=0 dropped=false t=1791454459996
EPOCH_RECONCILED epoch=2 reporter=65A90023F6C0D2181AAA63F005D81BBC0C04650505E21D5123F9AE1F9E992BFF complete=true entries=0 total=45065 symbols=0 dropped=false t=1791454459998
EPOCH_RECONCILED epoch=2 reporter=65A90023F6C0D2181AAA63F005D81BBC0C04650505E21D5123F9AE1F9E992BFF complete=true entries=0 total=45065 symbols=0 dropped=false t=1791454460004
EPOCH_RECONCILED epoch=2 reporter=D315857CE70C54DE713F6E82E5613BB3A1266C15E28AD2F4338C7BBEC456F532 complete=true entries=0 total=45065 symbols=0 dropped=false t=1791454460006
EPOCH_RECONCILED epoch=2 reporter=911999B2AEFA7ACC66EBD802B3301FF6CE431405107749D940277955CB7FDD07 complete=true entries=0 total=45065 symbols=0 dropped=false t=1791454460009
EPOCH_RECONCILED epoch=2 reporter=A353E45E6D0016CAEED0DFA4EC5B0640E2AA22A793F9F2375E77F1AB92977C04 complete=true entries=0 total=45065 symbols=0 dropped=false t=1791454460009
EPOCH_RECONCILED epoch=2 reporter=A353E45E6D0016CAEED0DFA4EC5B0640E2AA22A793F9F2375E77F1AB92977C04 complete=true entries=0 total=45065 symbols=0 dropped=false t=1791454460012
EPOCH_RECONCILED epoch=2 reporter=65A90023F6C0D2181AAA63F005D81BBC0C04650505E21D5123F9AE1F9E992BFF complete=true entries=0 total=45065 symbols=0 dropped=false t=1791454460014
EPOCH_RECONCILED epoch=2 reporter=65A90023F6C0D2181AAA63F005D81BBC0C04650505E21D5123F9AE1F9E992BFF complete=true entries=0 total=45065 symbols=0 dropped=false t=1791454460040
EPOCH_RECONCILED epoch=2 reporter=633D9D614858AB1710D5D8C3180E2A082DC97208BA8C26BA6C6D1A86C8E31CC0 complete=true entries=0 total=45065 symbols=0 dropped=false t=1791454460043
EPOCH_CLOSE_READY epoch=2 t=1791454460056
EPOCH_REPORT epoch=2 certified=45065 residual=0 root=DBC3DB907B7B36323F95BE43CFB86B765F579C2AA432F9F770AC28638AF5FDDD reports=1 t=1791454460062
EPOCH_RECONCILED epoch=2 reporter=D315857CE70C54DE713F6E82E5613BB3A1266C15E28AD2F4338C7BBEC456F532 complete=true entries=0 total=45065 symbols=0 dropped=false t=1791454460064
EPOCH_RECONCILED epoch=2 reporter=911999B2AEFA7ACC66EBD802B3301FF6CE431405107749D940277955CB7FDD07 complete=true entries=0 total=45065 symbols=0 dropped=false t=1791454460069
EPOCH_RECONCILED epoch=2 reporter=A353E45E6D0016CAEED0DFA4EC5B0640E2AA22A793F9F2375E77F1AB92977C04 complete=true entries=0 total=45065 symbols=0 dropped=false t=1791454460071
EPOCH_RECONCILED epoch=2 reporter=A353E45E6D0016CAEED0DFA4EC5B0640E2AA22A793F9F2375E77F1AB92977C04 complete=true entries=0 total=45065 symbols=0 dropped=false t=1791454460082
EPOCH_RECONCILED epoch=2 reporter=911999B2AEFA7ACC66EBD802B3301FF6CE431405107749D940277955CB7FDD07 complete=true entries=0 total=45065 symbols=0 dropped=false t=1791454460085
EPOCH_RECONCILED epoch=2 reporter=D315857CE70C54DE713F6E82E5613BB3A1266C15E28AD2F4338C7BBEC456F532 complete=true entries=0 total=45065 symbols=0 dropped=false t=1791454460087
EPOCH_RECONCILED epoch=2 reporter=633D9D614858AB1710D5D8C3180E2A082DC97208BA8C26BA6C6D1A86C8E31CC0 complete=true entries=0 total=45065 symbols=0 dropped=false t=1791454460090
EPOCH_CLOSE_READY epoch=2 t=1791454460138
EPOCH_CLOSE_READY epoch=2 t=1791454460141
EPOCH_CLOSE_ROUND epoch=2 round=0 leader=735FE217D91E88EA82324C5883296385FA0041C2FAC85C827BAA46DA1E14B83F leads=false t=1791454460163
EPOCH_RECONCILED epoch=2 reporter=735FE217D91E88EA82324C5883296385FA0041C2FAC85C827BAA46DA1E14B83F complete=true entries=0 total=45065 symbols=0 dropped=false t=1791454460195
EPOCH_RECONCILED epoch=2 reporter=735FE217D91E88EA82324C5883296385FA0041C2FAC85C827BAA46DA1E14B83F complete=true entries=0 total=45065 symbols=0 dropped=false t=1791454460280
EPOCH_RECONCILED epoch=2 reporter=633D9D614858AB1710D5D8C3180E2A082DC97208BA8C26BA6C6D1A86C8E31CC0 complete=true entries=0 total=45065 symbols=0 dropped=false t=1791454460283
EPOCH_RECONCILED epoch=2 reporter=633D9D614858AB1710D5D8C3180E2A082DC97208BA8C26BA6C6D1A86C8E31CC0 complete=true entries=0 total=45065 symbols=0 dropped=false t=1791454460299
EPOCH_RECONCILED epoch=2 reporter=735FE217D91E88EA82324C5883296385FA0041C2FAC85C827BAA46DA1E14B83F complete=true entries=0 total=45065 symbols=0 dropped=false t=1791454460301
EPOCH_RECONCILED epoch=2 reporter=633D9D614858AB1710D5D8C3180E2A082DC97208BA8C26BA6C6D1A86C8E31CC0 complete=true entries=0 total=45065 symbols=0 dropped=false t=1791454460303
EPOCH_PROPOSED epoch=2 round=0 value=B40667FD1F89923E4EEF24137235091CF5C4C4CBAECD7543FD9DF96EA8DD5B38 state=EC64D4C328FAD9D762B1483A3AE4DFB7FBF3485631496CB1EB0012492D734081 reports=5 t=1791454460304
EPOCH_VALUE epoch=2 value=B40667FD1F89923E4EEF24137235091CF5C4C4CBAECD7543FD9DF96EA8DD5B38 state=EC64D4C328FAD9D762B1483A3AE4DFB7FBF3485631496CB1EB0012492D734081 t=1791454460304
EPOCH_CLOSE_ROUND epoch=2 round=0 leader=735FE217D91E88EA82324C5883296385FA0041C2FAC85C827BAA46DA1E14B83F leads=true t=1791454460304
EPOCH_RECONCILED epoch=2 reporter=735FE217D91E88EA82324C5883296385FA0041C2FAC85C827BAA46DA1E14B83F complete=true entries=0 total=45065 symbols=0 dropped=false t=1791454460306
EPOCH_CLOSE_READY epoch=2 t=1791454460325
EPOCH_CLOSE_READY epoch=2 t=1791454460331
EPOCH_CLOSE_READY epoch=2 t=1791454460335
EPOCH_CLOSE_ROUND epoch=2 round=0 leader=735FE217D91E88EA82324C5883296385FA0041C2FAC85C827BAA46DA1E14B83F leads=false t=1791454460341
EPOCH_RECONCILED epoch=2 reporter=735FE217D91E88EA82324C5883296385FA0041C2FAC85C827BAA46DA1E14B83F complete=true entries=0 total=45065 symbols=0 dropped=false t=1791454460373
EPOCH_VALUE epoch=2 value=B40667FD1F89923E4EEF24137235091CF5C4C4CBAECD7543FD9DF96EA8DD5B38 state=EC64D4C328FAD9D762B1483A3AE4DFB7FBF3485631496CB1EB0012492D734081 t=1791454460467
EPOCH_CLOSE_ROUND epoch=2 round=0 leader=735FE217D91E88EA82324C5883296385FA0041C2FAC85C827BAA46DA1E14B83F leads=false t=1791454460547
EPOCH_CLOSE_ROUND epoch=2 round=0 leader=735FE217D91E88EA82324C5883296385FA0041C2FAC85C827BAA46DA1E14B83F leads=false t=1791454460560
EPOCH_CLOSE_ROUND epoch=2 round=0 leader=735FE217D91E88EA82324C5883296385FA0041C2FAC85C827BAA46DA1E14B83F leads=false t=1791454460564
EPOCH_VALUE epoch=2 value=B40667FD1F89923E4EEF24137235091CF5C4C4CBAECD7543FD9DF96EA8DD5B38 state=EC64D4C328FAD9D762B1483A3AE4DFB7FBF3485631496CB1EB0012492D734081 t=1791454460821
EPOCH_VALUE epoch=2 value=B40667FD1F89923E4EEF24137235091CF5C4C4CBAECD7543FD9DF96EA8DD5B38 state=EC64D4C328FAD9D762B1483A3AE4DFB7FBF3485631496CB1EB0012492D734081 t=1791454460822
EPOCH_VALUE epoch=2 value=B40667FD1F89923E4EEF24137235091CF5C4C4CBAECD7543FD9DF96EA8DD5B38 state=EC64D4C328FAD9D762B1483A3AE4DFB7FBF3485631496CB1EB0012492D734081 t=1791454460823
EPOCH_VALUE epoch=2 value=B40667FD1F89923E4EEF24137235091CF5C4C4CBAECD7543FD9DF96EA8DD5B38 state=EC64D4C328FAD9D762B1483A3AE4DFB7FBF3485631496CB1EB0012492D734081 t=1791454460832
EPOCH_INSTALL epoch=2 finalized=13633 instances_confirmed=21 t=1791454460925
EPOCH_INSTALL epoch=2 finalized=13633 instances_confirmed=21 t=1791454460925
EPOCH_INSTALL epoch=2 finalized=13633 instances_confirmed=21 t=1791454460926
EPOCH_INSTALL epoch=2 finalized=13633 instances_confirmed=21 t=1791454460926
EPOCH_INSTALL epoch=2 finalized=13633 instances_confirmed=21 t=1791454460927
EPOCH_INSTALL epoch=2 finalized=13633 instances_confirmed=21 t=1791454460927
EPOCH_COMMITTEE derived_by=2 members=6 accounts=17731 n=6 digest=95D409445152DD075E6A4799205DFA5689496EB8EE1A22AC2A200B9DBC2DCF27 shares=["735FE217:16.7%", "65A90023:16.7%", "D315857C:16.7%", "911999B2:16.7%", "633D9D61:16.7%", "A353E45E:16.7%"] t=1791454460949
EPOCH_CLOSED epoch=2 round=0 value=B40667FD1F89923E4EEF24137235091CF5C4C4CBAECD7543FD9DF96EA8DD5B38 state=EC64D4C328FAD9D762B1483A3AE4DFB7FBF3485631496CB1EB0012492D734081 t=1791454460949
EPOCH_COMMITTEE derived_by=2 members=6 accounts=17731 n=6 digest=95D409445152DD075E6A4799205DFA5689496EB8EE1A22AC2A200B9DBC2DCF27 shares=["735FE217:16.7%", "65A90023:16.7%", "D315857C:16.7%", "911999B2:16.7%", "633D9D61:16.7%", "A353E45E:16.7%"] t=1791454460949
EPOCH_CLOSED epoch=2 round=0 value=B40667FD1F89923E4EEF24137235091CF5C4C4CBAECD7543FD9DF96EA8DD5B38 state=EC64D4C328FAD9D762B1483A3AE4DFB7FBF3485631496CB1EB0012492D734081 t=1791454460949
EPOCH_COMMITTEE derived_by=2 members=6 accounts=17731 n=6 digest=95D409445152DD075E6A4799205DFA5689496EB8EE1A22AC2A200B9DBC2DCF27 shares=["735FE217:16.7%", "65A90023:16.7%", "D315857C:16.7%", "911999B2:16.7%", "633D9D61:16.7%", "A353E45E:16.7%"] t=1791454460952
EPOCH_CLOSED epoch=2 round=0 value=B40667FD1F89923E4EEF24137235091CF5C4C4CBAECD7543FD9DF96EA8DD5B38 state=EC64D4C328FAD9D762B1483A3AE4DFB7FBF3485631496CB1EB0012492D734081 t=1791454460952
EPOCH_COMMITTEE derived_by=2 members=6 accounts=17731 n=6 digest=95D409445152DD075E6A4799205DFA5689496EB8EE1A22AC2A200B9DBC2DCF27 shares=["735FE217:16.7%", "65A90023:16.7%", "D315857C:16.7%", "911999B2:16.7%", "633D9D61:16.7%", "A353E45E:16.7%"] t=1791454460953
EPOCH_CLOSED epoch=2 round=0 value=B40667FD1F89923E4EEF24137235091CF5C4C4CBAECD7543FD9DF96EA8DD5B38 state=EC64D4C328FAD9D762B1483A3AE4DFB7FBF3485631496CB1EB0012492D734081 t=1791454460953
EPOCH_COMMITTEE derived_by=2 members=6 accounts=17731 n=6 digest=95D409445152DD075E6A4799205DFA5689496EB8EE1A22AC2A200B9DBC2DCF27 shares=["735FE217:16.7%", "65A90023:16.7%", "D315857C:16.7%", "911999B2:16.7%", "633D9D61:16.7%", "A353E45E:16.7%"] t=1791454460953
EPOCH_CLOSED epoch=2 round=0 value=B40667FD1F89923E4EEF24137235091CF5C4C4CBAECD7543FD9DF96EA8DD5B38 state=EC64D4C328FAD9D762B1483A3AE4DFB7FBF3485631496CB1EB0012492D734081 t=1791454460953
EPOCH_COMMITTEE derived_by=2 members=6 accounts=17731 n=6 digest=95D409445152DD075E6A4799205DFA5689496EB8EE1A22AC2A200B9DBC2DCF27 shares=["735FE217:16.7%", "65A90023:16.7%", "D315857C:16.7%", "911999B2:16.7%", "633D9D61:16.7%", "A353E45E:16.7%"] t=1791454460955
EPOCH_CLOSED epoch=2 round=0 value=B40667FD1F89923E4EEF24137235091CF5C4C4CBAECD7543FD9DF96EA8DD5B38 state=EC64D4C328FAD9D762B1483A3AE4DFB7FBF3485631496CB1EB0012492D734081 t=1791454460955
EPOCH_INSTALLED epoch=2 finalized=13633 cemented=13633 queued=0 missing=0 t=1791454460986
EPOCH_INSTALLED epoch=2 finalized=13633 cemented=13633 queued=0 missing=0 t=1791454461010
EPOCH_INSTALLED epoch=2 finalized=13633 cemented=13633 queued=0 missing=0 t=1791454461018
EPOCH_EVIDENCE_RELEASED epoch=2 t=1791454461029
EPOCH_EVIDENCE_RELEASED epoch=2 t=1791454461040
EPOCH_EVIDENCE_RELEASED epoch=2 t=1791454461041
EPOCH_INSTALLED epoch=2 finalized=13633 cemented=13633 queued=0 missing=0 t=1791454461041
EPOCH_EVIDENCE_RELEASED epoch=2 t=1791454461041
EPOCH_INSTALLED epoch=2 finalized=13633 cemented=13633 queued=0 missing=0 t=1791454461044
EPOCH_EVIDENCE_RELEASED epoch=2 t=1791454461047
EPOCH_INSTALLED epoch=2 finalized=13633 cemented=13633 queued=0 missing=0 t=1791454461047
EPOCH_EVIDENCE_RELEASED epoch=2 t=1791454461050
