
########## fork0 ##########
fork0 exit=0 | SETTLED_CONSISTENT after 0s: epochs [0, 1, 2] identical on all PRs, cemented=['45059', '45059', '45059', '45059', '45059 CLOSED_CONSISTENT after 0s: epochs [0, 1, 2] closed identically on all PRs COMMITTEES_CONSISTENT SAFE 
    DID NOT FINISH | busy_s=23 rate=1959 cps median=101 ms weighted=134 ms spikes=[(8, 371), (16, 426)]
    discards: 0 closes:   18 round=0 

########## fork5 ##########
fork5 exit=0 | SETTLED_CONSISTENT after 0s: epochs [0, 1, 2] identical on all PRs, cemented=['42879', '42879', '42879', '42879', '42879 CLOSED_CONSISTENT after 0s: epochs [0, 1, 2] closed identically on all PRs COMMITTEES_CONSISTENT SAFE 
    DID NOT FINISH | busy_s=21 rate=1959 cps median=99 ms weighted=220 ms spikes=[(7, 609), (8, 527), (15, 836)]
    discards: 0 closes:   18 round=0 

########## offline1 ##########
offline1 exit=0 | CLOSED_CONSISTENT after 0s: epochs [0, 1, 2] closed identically on all PRs COMMITTEES_CONSISTENT SAFE 
    DID NOT FINISH | busy_s=23 rate=1864 cps median=109 ms weighted=141 ms spikes=[(8, 490), (16, 458)]
    discards: 0 closes:   15 round=0 

########## byz1 ##########
byz1 exit=0 | CLOSED_CONSISTENT after 0s: epochs [0, 1, 2, 3, 4, 5, 6, 7] closed identically on all PRs COMMITTEES_CONSISTENT SAFE 
    DID NOT FINISH | busy_s=21 rate=1986 cps median=107 ms weighted=189 ms spikes=[(4, 322), (12, 597), (20, 664)]
    discards: 0 closes:   30 round=0    5 round=1    5 round=2 

########## verdicts ##########
fork0 exit=0 | SETTLED_CONSISTENT after 0s: epochs [0, 1, 2] identical on all PRs, cemented=['45059', '45059', '45059', '45059', '45059 CLOSED_CONSISTENT after 0s: epochs [0, 1, 2] closed identically on all PRs COMMITTEES_CONSISTENT SAFE 
    DID NOT FINISH | busy_s=23 rate=1959 cps median=101 ms weighted=134 ms spikes=[(8, 371), (16, 426)]
    discards: 0 closes:   18 round=0 
fork5 exit=0 | SETTLED_CONSISTENT after 0s: epochs [0, 1, 2] identical on all PRs, cemented=['42879', '42879', '42879', '42879', '42879 CLOSED_CONSISTENT after 0s: epochs [0, 1, 2] closed identically on all PRs COMMITTEES_CONSISTENT SAFE 
    DID NOT FINISH | busy_s=21 rate=1959 cps median=99 ms weighted=220 ms spikes=[(7, 609), (8, 527), (15, 836)]
    discards: 0 closes:   18 round=0 
offline1 exit=0 | CLOSED_CONSISTENT after 0s: epochs [0, 1, 2] closed identically on all PRs COMMITTEES_CONSISTENT SAFE 
    DID NOT FINISH | busy_s=23 rate=1864 cps median=109 ms weighted=141 ms spikes=[(8, 490), (16, 458)]
    discards: 0 closes:   15 round=0 
byz1 exit=0 | CLOSED_CONSISTENT after 0s: epochs [0, 1, 2, 3, 4, 5, 6, 7] closed identically on all PRs COMMITTEES_CONSISTENT SAFE 
    DID NOT FINISH | busy_s=21 rate=1986 cps median=107 ms weighted=189 ms spikes=[(4, 322), (12, 597), (20, 664)]
    discards: 0 closes:   30 round=0    5 round=1    5 round=2 
