[2m2026-09-22T11:29:58.627422Z[0m [32m INFO[0m [2mnanospam::setup::account_map_factory[0m[2m:[0m Creating account keys file with 45000 keys: "/Users/ruimorais/NanoSpam/account_keys.txt"
[2m2026-09-22T11:29:59.371367Z[0m [32m INFO[0m [2mnanospam::setup::node_config_factory[0m[2m:[0m ********************************************************************************
[2m2026-09-22T11:29:59.371378Z[0m [32m INFO[0m [2mnanospam::setup::node_config_factory[0m[2m:[0m Setting up node PR0...
[2m2026-09-22T11:29:59.371383Z[0m [32m INFO[0m [2mnanospam::setup::node_config_factory[0m[2m:[0m Creating directory "/Users/ruimorais/NanoSpam/pr0"
[2m2026-09-22T11:29:59.371469Z[0m [32m INFO[0m [2mnanospam::setup::node_config_factory[0m[2m:[0m Creating node config file: "/Users/ruimorais/NanoSpam/pr0/config-node.toml"
[2m2026-09-22T11:29:59.371578Z[0m [32m INFO[0m [2mnanospam::setup::node_config_factory[0m[2m:[0m Creating rpc config file: "/Users/ruimorais/NanoSpam/pr0/config-rpc.toml"
[2m2026-09-22T11:29:59.371642Z[0m [32m INFO[0m [2mnanospam::setup::node_config_factory[0m[2m:[0m ********************************************************************************
[2m2026-09-22T11:29:59.371646Z[0m [32m INFO[0m [2mnanospam::setup::node_config_factory[0m[2m:[0m Setting up node PR1...
[2m2026-09-22T11:29:59.371650Z[0m [32m INFO[0m [2mnanospam::setup::node_config_factory[0m[2m:[0m Creating directory "/Users/ruimorais/NanoSpam/pr1"
[2m2026-09-22T11:29:59.371698Z[0m [32m INFO[0m [2mnanospam::setup::node_config_factory[0m[2m:[0m Creating node config file: "/Users/ruimorais/NanoSpam/pr1/config-node.toml"
[2m2026-09-22T11:29:59.371767Z[0m [32m INFO[0m [2mnanospam::setup::node_config_factory[0m[2m:[0m Creating rpc config file: "/Users/ruimorais/NanoSpam/pr1/config-rpc.toml"
[2m2026-09-22T11:29:59.371822Z[0m [32m INFO[0m [2mnanospam::setup::node_config_factory[0m[2m:[0m ********************************************************************************
[2m2026-09-22T11:29:59.371826Z[0m [32m INFO[0m [2mnanospam::setup::node_config_factory[0m[2m:[0m Setting up node PR2...
[2m2026-09-22T11:29:59.371830Z[0m [32m INFO[0m [2mnanospam::setup::node_config_factory[0m[2m:[0m Creating directory "/Users/ruimorais/NanoSpam/pr2"
[2m2026-09-22T11:29:59.371872Z[0m [32m INFO[0m [2mnanospam::setup::node_config_factory[0m[2m:[0m Creating node config file: "/Users/ruimorais/NanoSpam/pr2/config-node.toml"
[2m2026-09-22T11:29:59.371941Z[0m [32m INFO[0m [2mnanospam::setup::node_config_factory[0m[2m:[0m Creating rpc config file: "/Users/ruimorais/NanoSpam/pr2/config-rpc.toml"
[2m2026-09-22T11:29:59.371996Z[0m [32m INFO[0m [2mnanospam::setup::node_config_factory[0m[2m:[0m ********************************************************************************
[2m2026-09-22T11:29:59.372000Z[0m [32m INFO[0m [2mnanospam::setup::node_config_factory[0m[2m:[0m Setting up node PR3...
[2m2026-09-22T11:29:59.372003Z[0m [32m INFO[0m [2mnanospam::setup::node_config_factory[0m[2m:[0m Creating directory "/Users/ruimorais/NanoSpam/pr3"
[2m2026-09-22T11:29:59.372041Z[0m [32m INFO[0m [2mnanospam::setup::node_config_factory[0m[2m:[0m Creating node config file: "/Users/ruimorais/NanoSpam/pr3/config-node.toml"
[2m2026-09-22T11:29:59.372106Z[0m [32m INFO[0m [2mnanospam::setup::node_config_factory[0m[2m:[0m Creating rpc config file: "/Users/ruimorais/NanoSpam/pr3/config-rpc.toml"
[2m2026-09-22T11:29:59.372164Z[0m [32m INFO[0m [2mnanospam::setup::node_config_factory[0m[2m:[0m ********************************************************************************
[2m2026-09-22T11:29:59.372168Z[0m [32m INFO[0m [2mnanospam::setup::node_config_factory[0m[2m:[0m Setting up node PR4...
[2m2026-09-22T11:29:59.372172Z[0m [32m INFO[0m [2mnanospam::setup::node_config_factory[0m[2m:[0m Creating directory "/Users/ruimorais/NanoSpam/pr4"
[2m2026-09-22T11:29:59.372223Z[0m [32m INFO[0m [2mnanospam::setup::node_config_factory[0m[2m:[0m Creating node config file: "/Users/ruimorais/NanoSpam/pr4/config-node.toml"
[2m2026-09-22T11:29:59.372309Z[0m [32m INFO[0m [2mnanospam::setup::node_config_factory[0m[2m:[0m Creating rpc config file: "/Users/ruimorais/NanoSpam/pr4/config-rpc.toml"
[2m2026-09-22T11:29:59.372363Z[0m [32m INFO[0m [2mnanospam::setup::node_config_factory[0m[2m:[0m ********************************************************************************
[2m2026-09-22T11:29:59.372366Z[0m [32m INFO[0m [2mnanospam::setup::node_config_factory[0m[2m:[0m Setting up node PR5...
[2m2026-09-22T11:29:59.372368Z[0m [32m INFO[0m [2mnanospam::setup::node_config_factory[0m[2m:[0m Creating directory "/Users/ruimorais/NanoSpam/pr5"
[2m2026-09-22T11:29:59.372406Z[0m [32m INFO[0m [2mnanospam::setup::node_config_factory[0m[2m:[0m Creating node config file: "/Users/ruimorais/NanoSpam/pr5/config-node.toml"
[2m2026-09-22T11:29:59.372467Z[0m [32m INFO[0m [2mnanospam::setup::node_config_factory[0m[2m:[0m Creating rpc config file: "/Users/ruimorais/NanoSpam/pr5/config-rpc.toml"
[2m2026-09-22T11:29:59.372558Z[0m [32m INFO[0m [2mnanospam::setup::node_launcher[0m[2m:[0m Starting node: NANO_TEST_GENESIS_BLOCK="{\n    \"type\": \"open\",\n    \"account\": \"nano_3nroioygg54nusrmyun4woimqex36sp3drnctdt5955uqu47fxbkrxk7n7ne\",\n    \"source\": \"D315857CE70C54DE713F6E82E5613BB3A1266C15E28AD2F4338C7BBEC456F532\",\n    \"representative\": \"nano_3nroioygg54nusrmyun4woimqex36sp3drnctdt5955uqu47fxbkrxk7n7ne\",\n    \"signature\": \"3F6792C2DC623DF2E8643777160AB983B66B337E2478E13D2C3448126A8F4CD8DCCD19803C158A057FA44060AE0EFC09B1C311CB4FBF42F8D240610B38F56E08\",\n    \"work\": \"70FEF01F7EC45DEC\"\n    }" NANO_TEST_GENESIS_PRV ="49643F9B10CA1AA34F9AF8ED4AABD29F436104CCC375974B108534A48EAE3FE1" "rsnano" "--network" "test" "--data-path" "/Users/ruimorais/NanoSpam/pr0" "node" "run"
[2m2026-09-22T11:29:59.373566Z[0m [32m INFO[0m [2mnanospam::setup::node_launcher[0m[2m:[0m Waiting for RPC...
[2m2026-09-22T11:29:59.684721Z[0m [32m INFO[0m [2mnanospam::setup::node_launcher[0m[2m:[0m Starting node: NANO_TEST_GENESIS_BLOCK="{\n    \"type\": \"open\",\n    \"account\": \"nano_3nroioygg54nusrmyun4woimqex36sp3drnctdt5955uqu47fxbkrxk7n7ne\",\n    \"source\": \"D315857CE70C54DE713F6E82E5613BB3A1266C15E28AD2F4338C7BBEC456F532\",\n    \"representative\": \"nano_3nroioygg54nusrmyun4woimqex36sp3drnctdt5955uqu47fxbkrxk7n7ne\",\n    \"signature\": \"3F6792C2DC623DF2E8643777160AB983B66B337E2478E13D2C3448126A8F4CD8DCCD19803C158A057FA44060AE0EFC09B1C311CB4FBF42F8D240610B38F56E08\",\n    \"work\": \"70FEF01F7EC45DEC\"\n    }" NANO_TEST_GENESIS_PRV ="49643F9B10CA1AA34F9AF8ED4AABD29F436104CCC375974B108534A48EAE3FE1" "rsnano" "--network" "test" "--data-path" "/Users/ruimorais/NanoSpam/pr1" "node" "run"
[2m2026-09-22T11:29:59.685827Z[0m [32m INFO[0m [2mnanospam::setup::node_launcher[0m[2m:[0m Waiting for RPC...
[2m2026-09-22T11:29:59.791216Z[0m [32m INFO[0m [2mnanospam::setup::node_launcher[0m[2m:[0m Starting node: NANO_TEST_GENESIS_BLOCK="{\n    \"type\": \"open\",\n    \"account\": \"nano_3nroioygg54nusrmyun4woimqex36sp3drnctdt5955uqu47fxbkrxk7n7ne\",\n    \"source\": \"D315857CE70C54DE713F6E82E5613BB3A1266C15E28AD2F4338C7BBEC456F532\",\n    \"representative\": \"nano_3nroioygg54nusrmyun4woimqex36sp3drnctdt5955uqu47fxbkrxk7n7ne\",\n    \"signature\": \"3F6792C2DC623DF2E8643777160AB983B66B337E2478E13D2C3448126A8F4CD8DCCD19803C158A057FA44060AE0EFC09B1C311CB4FBF42F8D240610B38F56E08\",\n    \"work\": \"70FEF01F7EC45DEC\"\n    }" NANO_TEST_GENESIS_PRV ="49643F9B10CA1AA34F9AF8ED4AABD29F436104CCC375974B108534A48EAE3FE1" "rsnano" "--network" "test" "--data-path" "/Users/ruimorais/NanoSpam/pr2" "node" "run"
[2m2026-09-22T11:29:59.792328Z[0m [32m INFO[0m [2mnanospam::setup::node_launcher[0m[2m:[0m Waiting for RPC...
[2m2026-09-22T11:29:59.897315Z[0m [32m INFO[0m [2mnanospam::setup::node_launcher[0m[2m:[0m Starting node: NANO_TEST_GENESIS_BLOCK="{\n    \"type\": \"open\",\n    \"account\": \"nano_3nroioygg54nusrmyun4woimqex36sp3drnctdt5955uqu47fxbkrxk7n7ne\",\n    \"source\": \"D315857CE70C54DE713F6E82E5613BB3A1266C15E28AD2F4338C7BBEC456F532\",\n    \"representative\": \"nano_3nroioygg54nusrmyun4woimqex36sp3drnctdt5955uqu47fxbkrxk7n7ne\",\n    \"signature\": \"3F6792C2DC623DF2E8643777160AB983B66B337E2478E13D2C3448126A8F4CD8DCCD19803C158A057FA44060AE0EFC09B1C311CB4FBF42F8D240610B38F56E08\",\n    \"work\": \"70FEF01F7EC45DEC\"\n    }" NANO_TEST_GENESIS_PRV ="49643F9B10CA1AA34F9AF8ED4AABD29F436104CCC375974B108534A48EAE3FE1" "rsnano" "--network" "test" "--data-path" "/Users/ruimorais/NanoSpam/pr3" "node" "run"
[2m2026-09-22T11:29:59.897668Z[0m [32m INFO[0m [2mnanospam::setup::node_launcher[0m[2m:[0m Waiting for RPC...
[2m2026-09-22T11:30:00.001709Z[0m [32m INFO[0m [2mnanospam::setup::node_launcher[0m[2m:[0m Starting node: NANO_TEST_GENESIS_BLOCK="{\n    \"type\": \"open\",\n    \"account\": \"nano_3nroioygg54nusrmyun4woimqex36sp3drnctdt5955uqu47fxbkrxk7n7ne\",\n    \"source\": \"D315857CE70C54DE713F6E82E5613BB3A1266C15E28AD2F4338C7BBEC456F532\",\n    \"representative\": \"nano_3nroioygg54nusrmyun4woimqex36sp3drnctdt5955uqu47fxbkrxk7n7ne\",\n    \"signature\": \"3F6792C2DC623DF2E8643777160AB983B66B337E2478E13D2C3448126A8F4CD8DCCD19803C158A057FA44060AE0EFC09B1C311CB4FBF42F8D240610B38F56E08\",\n    \"work\": \"70FEF01F7EC45DEC\"\n    }" NANO_TEST_GENESIS_PRV ="49643F9B10CA1AA34F9AF8ED4AABD29F436104CCC375974B108534A48EAE3FE1" "rsnano" "--network" "test" "--data-path" "/Users/ruimorais/NanoSpam/pr4" "node" "run"
[2m2026-09-22T11:30:00.002141Z[0m [32m INFO[0m [2mnanospam::setup::node_launcher[0m[2m:[0m Waiting for RPC...
[2m2026-09-22T11:30:00.104715Z[0m [32m INFO[0m [2mnanospam::setup::node_launcher[0m[2m:[0m Starting node: NANO_TEST_GENESIS_BLOCK="{\n    \"type\": \"open\",\n    \"account\": \"nano_3nroioygg54nusrmyun4woimqex36sp3drnctdt5955uqu47fxbkrxk7n7ne\",\n    \"source\": \"D315857CE70C54DE713F6E82E5613BB3A1266C15E28AD2F4338C7BBEC456F532\",\n    \"representative\": \"nano_3nroioygg54nusrmyun4woimqex36sp3drnctdt5955uqu47fxbkrxk7n7ne\",\n    \"signature\": \"3F6792C2DC623DF2E8643777160AB983B66B337E2478E13D2C3448126A8F4CD8DCCD19803C158A057FA44060AE0EFC09B1C311CB4FBF42F8D240610B38F56E08\",\n    \"work\": \"70FEF01F7EC45DEC\"\n    }" NANO_TEST_GENESIS_PRV ="49643F9B10CA1AA34F9AF8ED4AABD29F436104CCC375974B108534A48EAE3FE1" "rsnano" "--network" "test" "--data-path" "/Users/ruimorais/NanoSpam/pr5" "node" "run"
[2m2026-09-22T11:30:00.105279Z[0m [32m INFO[0m [2mnanospam::setup::node_launcher[0m[2m:[0m Waiting for RPC...
[2m2026-09-22T11:30:00.209863Z[0m [32m INFO[0m [2mnanospam::wallets_factory[0m[2m:[0m Creating wallet...
[2m2026-09-22T11:30:00.282714Z[0m [32m INFO[0m [2mnanospam::wallets_factory[0m[2m:[0m Setting default representative...
[2m2026-09-22T11:30:00.283036Z[0m [32m INFO[0m [2mnanospam::wallets_factory[0m[2m:[0m Creating wallet...
[2m2026-09-22T11:30:00.331146Z[0m [32m INFO[0m [2mnanospam::wallets_factory[0m[2m:[0m Setting default representative...
[2m2026-09-22T11:30:00.331492Z[0m [32m INFO[0m [2mnanospam::wallets_factory[0m[2m:[0m Sending Ӿ40,047,061 to PR1 wallet nano_3atmwjh8t11psdqf3qx6xjfiei94oajch6zsyauowxzjogbbgz168g5mp8f1 ...
[2m2026-09-22T11:30:00.332193Z[0m [32m INFO[0m [2mnanospam::wallets_factory[0m[2m:[0m Waiting for confirmation for B19EAD8221E07E52EEB7CA7EE50577B662C489ADBA15C0727DB6F8AEDAD50081
[2m2026-09-22T11:30:15.531028Z[0m [32m INFO[0m [2mnanospam::wallets_factory[0m[2m:[0m Receiving...
[2m2026-09-22T11:30:15.532681Z[0m [32m INFO[0m [2mnanospam::wallets_factory[0m[2m:[0m Waiting for confirmation for CBAA8D9FE2AA2CFEB77B87886D76922E22E4C51C0C091A54179A7E5CF79FC967
[2m2026-09-22T11:30:15.739791Z[0m [32m INFO[0m [2mnanospam::wallets_factory[0m[2m:[0m DONE
[2m2026-09-22T11:30:15.739879Z[0m [32m INFO[0m [2mnanospam::wallets_factory[0m[2m:[0m ********************************************************************************
[2m2026-09-22T11:30:15.739892Z[0m [32m INFO[0m [2mnanospam::wallets_factory[0m[2m:[0m Creating wallet...
[2m2026-09-22T11:30:15.818769Z[0m [32m INFO[0m [2mnanospam::wallets_factory[0m[2m:[0m Setting default representative...
[2m2026-09-22T11:30:15.819112Z[0m [32m INFO[0m [2mnanospam::wallets_factory[0m[2m:[0m Sending Ӿ40,047,061 to PR2 wallet nano_36asm8scxymtsjmgqp14per3zxpgaec1c65qb9en1buscq7qzqa93tfyyzs3 ...
[2m2026-09-22T11:30:15.819589Z[0m [32m INFO[0m [2mnanospam::wallets_factory[0m[2m:[0m Waiting for confirmation for CAFB013DCCB20BBF4CC103A0FDD2BF25C8F109B9E984B96D0666840E4B0F89BA
[2m2026-09-22T11:30:15.921683Z[0m [32m INFO[0m [2mnanospam::wallets_factory[0m[2m:[0m Receiving...
[2m2026-09-22T11:30:15.922468Z[0m [32m INFO[0m [2mnanospam::wallets_factory[0m[2m:[0m Waiting for confirmation for 7189E44F408196E8FD1F393F06CDAD4F7C5A415B2A2DDFA8ABEABEE83DA60182
[2m2026-09-22T11:30:16.026434Z[0m [32m INFO[0m [2mnanospam::wallets_factory[0m[2m:[0m DONE
[2m2026-09-22T11:30:16.026483Z[0m [32m INFO[0m [2mnanospam::wallets_factory[0m[2m:[0m ********************************************************************************
[2m2026-09-22T11:30:16.026493Z[0m [32m INFO[0m [2mnanospam::wallets_factory[0m[2m:[0m Creating wallet...
[2m2026-09-22T11:30:16.110808Z[0m [32m INFO[0m [2mnanospam::wallets_factory[0m[2m:[0m Setting default representative...
[2m2026-09-22T11:30:16.111164Z[0m [32m INFO[0m [2mnanospam::wallets_factory[0m[2m:[0m Sending Ӿ40,047,061 to PR3 wallet nano_1sfb11jzfi8k51fcnrzi1qe3qh1e1jkic3h45oak9yfg5yhbkczzxfwtat7m ...
[2m2026-09-22T11:30:16.111581Z[0m [32m INFO[0m [2mnanospam::wallets_factory[0m[2m:[0m Waiting for confirmation for E2CEA882BAF6FE5BE932C387FEB7740D791CAF9E5BECC7CEE8176C7DDEE6378A
[2m2026-09-22T11:30:16.215310Z[0m [32m INFO[0m [2mnanospam::wallets_factory[0m[2m:[0m Receiving...
[2m2026-09-22T11:30:16.216229Z[0m [32m INFO[0m [2mnanospam::wallets_factory[0m[2m:[0m Waiting for confirmation for EA5EC3EAA2535557DB68742DBFA22A64B7B314876EE136F919471550E89D65D4
[2m2026-09-22T11:30:16.319034Z[0m [32m INFO[0m [2mnanospam::wallets_factory[0m[2m:[0m DONE
[2m2026-09-22T11:30:16.319078Z[0m [32m INFO[0m [2mnanospam::wallets_factory[0m[2m:[0m ********************************************************************************
[2m2026-09-22T11:30:16.319088Z[0m [32m INFO[0m [2mnanospam::wallets_factory[0m[2m:[0m Creating wallet...
[2m2026-09-22T11:30:16.389993Z[0m [32m INFO[0m [2mnanospam::wallets_factory[0m[2m:[0m Setting default representative...
[2m2026-09-22T11:30:16.390336Z[0m [32m INFO[0m [2mnanospam::wallets_factory[0m[2m:[0m Sending Ӿ40,047,061 to PR4 wallet nano_1rsxmoinip7d4wafdp855194n43fs7s1jgne6tx8ruatiu6g89815pddzijp ...
[2m2026-09-22T11:30:16.390765Z[0m [32m INFO[0m [2mnanospam::wallets_factory[0m[2m:[0m Waiting for confirmation for 22677C7E74B964C1E24887306A66EAC48330280DFA5744E0E21166EC47B5438A
[2m2026-09-22T11:30:16.493971Z[0m [32m INFO[0m [2mnanospam::wallets_factory[0m[2m:[0m Receiving...
[2m2026-09-22T11:30:16.494790Z[0m [32m INFO[0m [2mnanospam::wallets_factory[0m[2m:[0m Waiting for confirmation for 686B8354F9897585048EDBC473B612A3E2823DE919A66201E69841219A6B5651
[2m2026-09-22T11:30:16.597020Z[0m [32m INFO[0m [2mnanospam::wallets_factory[0m[2m:[0m DONE
[2m2026-09-22T11:30:16.597073Z[0m [32m INFO[0m [2mnanospam::wallets_factory[0m[2m:[0m ********************************************************************************
[2m2026-09-22T11:30:16.597082Z[0m [32m INFO[0m [2mnanospam::wallets_factory[0m[2m:[0m Creating wallet...
[2m2026-09-22T11:30:16.663047Z[0m [32m INFO[0m [2mnanospam::wallets_factory[0m[2m:[0m Setting default representative...
[2m2026-09-22T11:30:16.663454Z[0m [32m INFO[0m [2mnanospam::wallets_factory[0m[2m:[0m Sending Ӿ40,047,061 to PR5 wallet nano_1wtzwadxk9naxc356m4rienp93ht131w7ypadk39qck8uah3bg3zohsmj9th ...
[2m2026-09-22T11:30:16.663879Z[0m [32m INFO[0m [2mnanospam::wallets_factory[0m[2m:[0m Waiting for confirmation for 86B6E149E407121861E950D6B66B56BA39E500C199E580ED6065515C3C25094F
[2m2026-09-22T11:30:31.844955Z[0m [32m INFO[0m [2mnanospam::wallets_factory[0m[2m:[0m Receiving...
[2m2026-09-22T11:30:31.846321Z[0m [32m INFO[0m [2mnanospam::wallets_factory[0m[2m:[0m Waiting for confirmation for 417F8AEA0F6FDD9A5EE6F5896819E98A81FC15AA2CF56207A5BCFB27193E37A9
[2m2026-09-22T11:30:31.950397Z[0m [32m INFO[0m [2mnanospam::wallets_factory[0m[2m:[0m DONE
[2m2026-09-22T11:30:31.950445Z[0m [32m INFO[0m [2mnanospam::wallets_factory[0m[2m:[0m ********************************************************************************
[2m2026-09-22T11:30:31.950459Z[0m [32m INFO[0m [2mnanospam::wallets_factory[0m[2m:[0m Sending initial spam amount...
[2m2026-09-22T11:30:31.951390Z[0m [32m INFO[0m [2mnanospam::wallets_factory[0m[2m:[0m Waiting for confirmation for 194AE114148A598D39E28091FD8318EB66A89ACF035D91253DDE180833EAA714
[2m2026-09-22T11:30:32.158605Z[0m [32m INFO[0m [2mnanospam::wallets_factory[0m[2m:[0m Receiving initial spam amount...
[2m2026-09-22T11:30:32.159734Z[0m [32m INFO[0m [2mnanospam::wallets_factory[0m[2m:[0m Waiting for confirmation for 52196BCD4CD3001FB6CAE3DFF65EA8421A30657568B37365E1D7F45E1DF03EBB
[2m2026-09-22T11:30:32.263954Z[0m [32m INFO[0m [2mnanospam::wallets_factory[0m[2m:[0m Seeding Ӿ14,285,714 to nano_3uidqkbszxbadwg9yhzg1ji1sdoi9s17wox9uwxrhgbagsaae1h633mhswc1 for representative D315857CE70C54DE713F6E82E5613BB3A1266C15E28AD2F4338C7BBEC456F532
[2m2026-09-22T11:30:32.264889Z[0m [32m INFO[0m [2mnanospam::wallets_factory[0m[2m:[0m Waiting for confirmation for 6821F91592F1CEC911277A01D3606BE4A18A8BA43885CA0202BB89AEECFF8645
[2m2026-09-22T11:30:32.370477Z[0m [32m INFO[0m [2mnanospam::wallets_factory[0m[2m:[0m Waiting for confirmation for 897C2BA0681CE1CDF1AB610374A1FBB392EE85FB57854A6FD84CE5F6F418B817
[2m2026-09-22T11:30:32.474991Z[0m [32m INFO[0m [2mnanospam::wallets_factory[0m[2m:[0m Seeding Ӿ14,285,714 to nano_1dzuis9tce8n4x7etqdqmaeuajbtoe9zde7y4otszedr9fpqf95quwx848jz for representative A353E45E6D0016CAEED0DFA4EC5B0640E2AA22A793F9F2375E77F1AB92977C04
[2m2026-09-22T11:30:32.475546Z[0m [32m INFO[0m [2mnanospam::wallets_factory[0m[2m:[0m Waiting for confirmation for 2B431E1BBCB2D95A83C6C85D7936DA17D997F446B98CADFA640D4A07AFF1E421
[2m2026-09-22T11:30:32.580479Z[0m [32m INFO[0m [2mnanospam::wallets_factory[0m[2m:[0m Waiting for confirmation for E05EC909443FC451E973E8287B81F29D9C630FDBC2B2D592DE7A554E7A58C6C4
[2m2026-09-22T11:30:32.683908Z[0m [32m INFO[0m [2mnanospam::wallets_factory[0m[2m:[0m Seeding Ӿ14,285,714 to nano_1s9gtwqh8ugonxccbrh78qejiqp6fo4ia1jt7utkrmu6tbr8yzj8dgo87mzx for representative 911999B2AEFA7ACC66EBD802B3301FF6CE431405107749D940277955CB7FDD07
[2m2026-09-22T11:30:32.684820Z[0m [32m INFO[0m [2mnanospam::wallets_factory[0m[2m:[0m Waiting for confirmation for 65CB5E891FFCD5D0FFFDF27803BC0DB0FA76D697ADC38FCC4774984C37B010E5
[2m2026-09-22T11:30:32.893858Z[0m [32m INFO[0m [2mnanospam::wallets_factory[0m[2m:[0m Waiting for confirmation for 1ACCDBDAEE30051D3737E1F8000ABFA607C2751083C80E204E66B186F3FC9861
[2m2026-09-22T11:30:32.996377Z[0m [32m INFO[0m [2mnanospam::wallets_factory[0m[2m:[0m Seeding Ӿ14,285,714 to nano_1fhj61set9gows39shzsk1tnfwaan8odzpm6w4as4gffa7b99shrp4tji4kz for representative 65A90023F6C0D2181AAA63F005D81BBC0C04650505E21D5123F9AE1F9E992BFF
[2m2026-09-22T11:30:32.997149Z[0m [32m INFO[0m [2mnanospam::wallets_factory[0m[2m:[0m Waiting for confirmation for DAE0AF564B87F85CA822E19FFDE439371DFDBDBF80556642E25992AB03E4B87B
[2m2026-09-22T11:30:33.103146Z[0m [32m INFO[0m [2mnanospam::wallets_factory[0m[2m:[0m Waiting for confirmation for 80D214CBA215EDCB5893FC78887161A8B1BFE1316EAB72F452814BF1642BEFE6
[2m2026-09-22T11:30:33.208067Z[0m [32m INFO[0m [2mnanospam::wallets_factory[0m[2m:[0m Seeding Ӿ14,285,714 to nano_3i89qhnc45whbdsi5bm3gtpinjhi4hk7zudedxkutr17rgzmsnbqi8o3fpjq for representative 633D9D614858AB1710D5D8C3180E2A082DC97208BA8C26BA6C6D1A86C8E31CC0
[2m2026-09-22T11:30:33.209239Z[0m [32m INFO[0m [2mnanospam::wallets_factory[0m[2m:[0m Waiting for confirmation for 6DD8B87AF0C2F15D4CE32615C5AEE4BB4E849D041C7FE8F0A183CA480CCE7657
[2m2026-09-22T11:30:33.315096Z[0m [32m INFO[0m [2mnanospam::wallets_factory[0m[2m:[0m Waiting for confirmation for 9EAD47CE3D9DCECB70B692456F38D7D006D3257BBAF598F4F50215AC26DD891F
[2m2026-09-22T11:30:33.417401Z[0m [32m INFO[0m [2mnanospam::wallets_factory[0m[2m:[0m Seeding Ӿ14,285,714 to nano_3jd18cm4shhuc1buqdkaxrfc3an58zbe8jd77e4zgpy4heo6ie74anmnxusx for representative 735FE217D91E88EA82324C5883296385FA0041C2FAC85C827BAA46DA1E14B83F
[2m2026-09-22T11:30:33.418064Z[0m [32m INFO[0m [2mnanospam::wallets_factory[0m[2m:[0m Waiting for confirmation for 8D88C92B1393AC2BEC3450CC4C90E235675F4A83213F803846B1321452DCA842
[2m2026-09-22T11:30:33.523391Z[0m [32m INFO[0m [2mnanospam::wallets_factory[0m[2m:[0m Waiting for confirmation for 090278B954DE0DD32679041A0D3F9400B398EC31358D46543A745A1958A3FC4C
[2m2026-09-22T11:30:33.629882Z[0m [32m INFO[0m [2mnanospam::high_prio_check[0m[2m:[0m Creating high priority accounts...
[2m2026-09-22T11:30:33.659048Z[0m [32m INFO[0m [2mnanospam::high_prio_check[0m[2m:[0m Waiting for confirmations...
[2m2026-09-22T11:30:35.877537Z[0m [32m INFO[0m [2mnanospam::app[0m[2m:[0m Waiting for all PRs to see the full quorum...
[2m2026-09-22T11:30:35.880960Z[0m [32m INFO[0m [2mnanospam::app[0m[2m:[0m All PRs see the full quorum after 3.270333ms
[2m2026-09-22T11:30:35.881039Z[0m [32m INFO[0m [2mnanospam::app[0m[2m:[0m Waiting for all PRs to hold the same cemented ledger...
[2m2026-09-22T11:30:35.882395Z[0m [32m INFO[0m [2mnanospam::app[0m[2m:[0m All PRs hold the same ledger of 65 blocks after 1.338042ms
EPOCH_COMMITTEE t=1790076635882 derived_by=genesis members=6 accounts=33 n=340282366920938463463374607431768211455 digest=F9BD739DEC3E8C987C5E6D5F869562590F3481751A7ED5D0E0C3C751FC90F12C shares=["911999B2:20.2%", "735FE217:16.0%", "A353E45E:16.0%", "633D9D61:16.0%", "65A90023:16.0%", "D315857C:16.0%"]
EPOCH_START t=1790076635883 epoch=0 elections=0
EPOCH_COMMITTEE t=1790076635883 derived_by=genesis members=6 accounts=33 n=340282366920938463463374607431768211455 digest=F9BD739DEC3E8C987C5E6D5F869562590F3481751A7ED5D0E0C3C751FC90F12C shares=["911999B2:20.2%", "735FE217:16.0%", "A353E45E:16.0%", "633D9D61:16.0%", "65A90023:16.0%", "D315857C:16.0%"]
EPOCH_START t=1790076635883 epoch=0 elections=0
EPOCH_COMMITTEE t=1790076635884 derived_by=genesis members=6 accounts=33 n=340282366920938463463374607431768211455 digest=F9BD739DEC3E8C987C5E6D5F869562590F3481751A7ED5D0E0C3C751FC90F12C shares=["911999B2:20.2%", "735FE217:16.0%", "A353E45E:16.0%", "633D9D61:16.0%", "65A90023:16.0%", "D315857C:16.0%"]
EPOCH_START t=1790076635884 epoch=0 elections=0
EPOCH_COMMITTEE t=1790076635885 derived_by=genesis members=6 accounts=33 n=340282366920938463463374607431768211455 digest=F9BD739DEC3E8C987C5E6D5F869562590F3481751A7ED5D0E0C3C751FC90F12C shares=["911999B2:20.2%", "735FE217:16.0%", "A353E45E:16.0%", "633D9D61:16.0%", "65A90023:16.0%", "D315857C:16.0%"]
EPOCH_START t=1790076635885 epoch=0 elections=0
EPOCH_COMMITTEE t=1790076635886 derived_by=genesis members=6 accounts=33 n=340282366920938463463374607431768211455 digest=F9BD739DEC3E8C987C5E6D5F869562590F3481751A7ED5D0E0C3C751FC90F12C shares=["911999B2:20.2%", "735FE217:16.0%", "A353E45E:16.0%", "633D9D61:16.0%", "65A90023:16.0%", "D315857C:16.0%"]
EPOCH_START t=1790076635886 epoch=0 elections=0
EPOCH_COMMITTEE t=1790076635886 derived_by=genesis members=6 accounts=33 n=340282366920938463463374607431768211455 digest=F9BD739DEC3E8C987C5E6D5F869562590F3481751A7ED5D0E0C3C751FC90F12C shares=["911999B2:20.2%", "735FE217:16.0%", "A353E45E:16.0%", "633D9D61:16.0%", "65A90023:16.0%", "D315857C:16.0%"]
EPOCH_START t=1790076635887 epoch=0 elections=0
[2m2026-09-22T11:30:35.887452Z[0m [32m INFO[0m [2mnanospam::app[0m[2m:[0m Started the epochs on every PR
[2m2026-09-22T11:30:35.887471Z[0m [32m INFO[0m [2mnanospam::app[0m[2m:[0m Connecting to node PR0... [3mpeer_addr[0m[2m=[0m[::1]:17075
[2m2026-09-22T11:30:35.887858Z[0m [32m INFO[0m [2mnanospam::app[0m[2m:[0m Performing handshake...
[2m2026-09-22T11:30:35.888493Z[0m [32m INFO[0m [2mnanospam::app[0m[2m:[0m Performing handshake...
[2m2026-09-22T11:30:35.899943Z[0m [32m INFO[0m [2mnanospam::app[0m[2m:[0m Performing handshake...
[2m2026-09-22T11:30:35.911212Z[0m [32m INFO[0m [2mnanospam::app[0m[2m:[0m Performing handshake...
[2m2026-09-22T11:30:35.922950Z[0m [32m INFO[0m [2mnanospam::app[0m[2m:[0m Connecting to node PR1... [3mpeer_addr[0m[2m=[0m[::1]:17085
[2m2026-09-22T11:30:35.923226Z[0m [32m INFO[0m [2mnanospam::app[0m[2m:[0m Performing handshake...
[2m2026-09-22T11:30:35.923883Z[0m [32m INFO[0m [2mnanospam::app[0m[2m:[0m Performing handshake...
[2m2026-09-22T11:30:35.935331Z[0m [32m INFO[0m [2mnanospam::app[0m[2m:[0m Performing handshake...
[2m2026-09-22T11:30:35.946590Z[0m [32m INFO[0m [2mnanospam::app[0m[2m:[0m Performing handshake...
[2m2026-09-22T11:30:35.958471Z[0m [32m INFO[0m [2mnanospam::app[0m[2m:[0m Connecting to node PR2... [3mpeer_addr[0m[2m=[0m[::1]:17095
[2m2026-09-22T11:30:35.958800Z[0m [32m INFO[0m [2mnanospam::app[0m[2m:[0m Performing handshake...
[2m2026-09-22T11:30:35.959372Z[0m [32m INFO[0m [2mnanospam::app[0m[2m:[0m Performing handshake...
[2m2026-09-22T11:30:35.970311Z[0m [32m INFO[0m [2mnanospam::app[0m[2m:[0m Performing handshake...
[2m2026-09-22T11:30:35.981781Z[0m [32m INFO[0m [2mnanospam::app[0m[2m:[0m Performing handshake...
[2m2026-09-22T11:30:35.992736Z[0m [32m INFO[0m [2mnanospam::app[0m[2m:[0m Connecting to node PR3... [3mpeer_addr[0m[2m=[0m[::1]:17105
[2m2026-09-22T11:30:35.993147Z[0m [32m INFO[0m [2mnanospam::app[0m[2m:[0m Performing handshake...
[2m2026-09-22T11:30:35.994097Z[0m [32m INFO[0m [2mnanospam::app[0m[2m:[0m Performing handshake...
[2m2026-09-22T11:30:36.005506Z[0m [32m INFO[0m [2mnanospam::app[0m[2m:[0m Performing handshake...
[2m2026-09-22T11:30:36.017505Z[0m [32m INFO[0m [2mnanospam::app[0m[2m:[0m Performing handshake...
[2m2026-09-22T11:30:36.029651Z[0m [32m INFO[0m [2mnanospam::app[0m[2m:[0m Connecting to node PR4... [3mpeer_addr[0m[2m=[0m[::1]:17115
[2m2026-09-22T11:30:36.030018Z[0m [32m INFO[0m [2mnanospam::app[0m[2m:[0m Performing handshake...
[2m2026-09-22T11:30:36.030814Z[0m [32m INFO[0m [2mnanospam::app[0m[2m:[0m Performing handshake...
[2m2026-09-22T11:30:36.041450Z[0m [32m INFO[0m [2mnanospam::app[0m[2m:[0m Performing handshake...
[2m2026-09-22T11:30:36.053361Z[0m [32m INFO[0m [2mnanospam::app[0m[2m:[0m Performing handshake...
[2m2026-09-22T11:30:36.065560Z[0m [32m INFO[0m [2mnanospam::app[0m[2m:[0m Connecting to node PR5... [3mpeer_addr[0m[2m=[0m[::1]:17125
[2m2026-09-22T11:30:36.065887Z[0m [32m INFO[0m [2mnanospam::app[0m[2m:[0m Performing handshake...
[2m2026-09-22T11:30:36.066509Z[0m [32m INFO[0m [2mnanospam::app[0m[2m:[0m Performing handshake...
[2m2026-09-22T11:30:36.078065Z[0m [32m INFO[0m [2mnanospam::app[0m[2m:[0m Performing handshake...
[2m2026-09-22T11:30:36.091282Z[0m [32m INFO[0m [2mnanospam::app[0m[2m:[0m Performing handshake...
[2m2026-09-22T11:30:36.103098Z[0m [32m INFO[0m [2mnanospam::app[0m[2m:[0m Connecting to websocket...
[2m2026-09-22T11:30:36.103926Z[0m [32m INFO[0m [2mnanospam::app[0m[2m:[0m Starting with 2000 BPS
[2m2026-09-22T11:30:37.104898Z[0m [32m INFO[0m [2mnanospam::app[0m[2m:[0m Confirmed 650 blocks | 2,000 bps | 732 cps | avg conf time: 99 ms
[2m2026-09-22T11:30:38.105717Z[0m [32m INFO[0m [2mnanospam::app[0m[2m:[0m Confirmed 3,406 blocks | 2,000 bps | 2,753 cps | avg conf time: 124 ms
[2m2026-09-22T11:30:39.106600Z[0m [32m INFO[0m [2mnanospam::app[0m[2m:[0m Confirmed 6,006 blocks | 2,000 bps | 2,596 cps | avg conf time: 165 ms
[2m2026-09-22T11:30:40.109346Z[0m [32m INFO[0m [2mnanospam::app[0m[2m:[0m Confirmed 7,803 blocks | 2,000 bps | 1,795 cps | avg conf time: 117 ms
[2m2026-09-22T11:30:41.110265Z[0m [32m INFO[0m [2mnanospam::app[0m[2m:[0m Confirmed 9,663 blocks | 2,000 bps | 1,854 cps | avg conf time: 102 ms
[2m2026-09-22T11:30:42.111248Z[0m [32m INFO[0m [2mnanospam::app[0m[2m:[0m Confirmed 11,462 blocks | 2,000 bps | 1,797 cps | avg conf time: 105 ms
[2m2026-09-22T11:30:43.112458Z[0m [32m INFO[0m [2mnanospam::app[0m[2m:[0m Confirmed 13,351 blocks | 2,000 bps | 1,886 cps | avg conf time: 103 ms
EPOCH_ENDED t=1790076643883 epoch=0 elections=995 active=202EPOCH_ENDED t=1790076643883 epoch=0 elections=995 active=202

EPOCH_ENDED t=1790076643885 epoch=0 elections=963 active=200
EPOCH_ENDED t=1790076643885 epoch=0 elections=964 active=201
EPOCH_ENDED t=1790076643897 epoch=0 elections=979 active=187
EPOCH_ENDED t=1790076643897 epoch=0 elections=985 active=186
EPOCH_DRAIN_WAIT t=1790076643902 epoch=0 unterminated=186 previous_closed=true first=["56EE5FDFC5E43FC83E16DEFF2A86DBAC172FB81A51A2ADD335D516D1AEE5AAF5:active:1:0", "344EA01A4D2B5C56BE0155A956E67570CAF38C1AFC2516E2322ED1BF7B17D7C0:active:1:2", "A364BE21E34428A006A1962B399920BB69CE15D91887EE72E7E868BF33D4883E:active:1:2"]
EPOCH_DRAIN_WAIT t=1790076643908 epoch=0 unterminated=186 previous_closed=true first=["56EE5FDFC5E43FC83E16DEFF2A86DBAC172FB81A51A2ADD335D516D1AEE5AAF5:active:1:0", "344EA01A4D2B5C56BE0155A956E67570CAF38C1AFC2516E2322ED1BF7B17D7C0:active:1:2", "A364BE21E34428A006A1962B399920BB69CE15D91887EE72E7E868BF33D4883E:active:1:2"]
EPOCH_DRAIN_WAIT t=1790076643971 epoch=0 unterminated=33 previous_closed=true first=["56EE5FDFC5E43FC83E16DEFF2A86DBAC172FB81A51A2ADD335D516D1AEE5AAF5:active:1:1", "4F59A23E742160D4C69E50DC8D7EB3E51B6EFA12B16D9C3D5676397925021013:active:1:3", "DD0DF0EAA9D688C7802E1F813B2DBF6D16F4F8EBDAC79030CDF07C7ECAE8DB84:active:1:1"]
EPOCH_DRAIN_WAIT t=1790076644041 epoch=0 unterminated=1 previous_closed=true first=["B041E65DDF59373423BEF873942442CD39494DCF1DDD16C6CE1FDB0B467D0DAA:active:1:4"]
EPOCH_DRAIN_WAIT t=1790076644046 epoch=0 unterminated=1 previous_closed=true first=["B041E65DDF59373423BEF873942442CD39494DCF1DDD16C6CE1FDB0B467D0DAA:active:1:4"]
[2m2026-09-22T11:30:44.113248Z[0m [32m INFO[0m [2mnanospam::app[0m[2m:[0m Confirmed 14,865 blocks | 2,000 bps | 1,512 cps | avg conf time: 103 ms
EPOCH_CLOSE_READY t=1790076644518 epoch=0 value=B370B092AA0E9B7BB0ACDD07F5754A8F951E9D4530256AF43849534CFB12409A
EPOCH_CLOSE_ROUND t=1790076644518 epoch=0 round=0 leader=633D9D614858AB1710D5D8C3180E2A082DC97208BA8C26BA6C6D1A86C8E31CC0 leads=false
EPOCH_ADVANCED t=1790076644518 epoch=1 elections=794 active=0
EPOCH_CLOSE_READY t=1790076644533 epoch=0 value=F4C77249F7C27ACD7828795375C0E3B85229E312125751DE68B16EDD7E93C505
EPOCH_CLOSE_ROUND t=1790076644533 epoch=0 round=0 leader=633D9D614858AB1710D5D8C3180E2A082DC97208BA8C26BA6C6D1A86C8E31CC0 leads=true
EPOCH_ADVANCED t=1790076644533 epoch=1 elections=794 active=0
EPOCH_CLOSE_READY t=1790076644562 epoch=0 value=F4C77249F7C27ACD7828795375C0E3B85229E312125751DE68B16EDD7E93C505
EPOCH_CLOSE_ROUND t=1790076644562 epoch=0 round=0 leader=633D9D614858AB1710D5D8C3180E2A082DC97208BA8C26BA6C6D1A86C8E31CC0 leads=false
EPOCH_ADVANCED t=1790076644562 epoch=1 elections=794 active=0
EPOCH_CLOSE_READY t=1790076644613 epoch=0 value=3736DA08EDA8366034106D2B7028C8BD18A7674091765C7BED6B56A01251A433
EPOCH_CLOSE_ROUND t=1790076644613 epoch=0 round=0 leader=633D9D614858AB1710D5D8C3180E2A082DC97208BA8C26BA6C6D1A86C8E31CC0 leads=false
EPOCH_ADVANCED t=1790076644613 epoch=1 elections=787 active=0
EPOCH_CLOSE_READY t=1790076644845 epoch=0 value=F4C77249F7C27ACD7828795375C0E3B85229E312125751DE68B16EDD7E93C505
EPOCH_CLOSE_ROUND t=1790076644845 epoch=0 round=0 leader=633D9D614858AB1710D5D8C3180E2A082DC97208BA8C26BA6C6D1A86C8E31CC0 leads=false
EPOCH_ADVANCED t=1790076644845EPOCH_CLOSE_READY t=1790076644845 epoch=0 epoch=1 value= elections=794 active=0
F4C77249F7C27ACD7828795375C0E3B85229E312125751DE68B16EDD7E93C505
EPOCH_CLOSE_ROUND t=1790076644846 epoch=0 round=0 leader=633D9D614858AB1710D5D8C3180E2A082DC97208BA8C26BA6C6D1A86C8E31CC0 leads=false
EPOCH_ADVANCED t=1790076644846 epoch=1 elections=794 active=0
[2m2026-09-22T11:30:45.114582Z[0m [32m INFO[0m [2mnanospam::app[0m[2m:[0m Confirmed 14,865 blocks | 2,000 bps | 0 cps | avg conf time: 0 ms
EPOCH_CLOSE_READY t=1790076645630 epoch=0 value=F4C77249F7C27ACD7828795375C0E3B85229E312125751DE68B16EDD7E93C505
EPOCH_CLOSE_READY t=1790076645644 epoch=0 value=D8CAB49AC031145655FF67DC6F50DD8D489F847213FD42A8AAA9A857519DEC46
EPOCH_CLOSED t=1790076645778 epoch=0 round=0 value=F4C77249F7C27ACD7828795375C0E3B85229E312125751DE68B16EDD7E93C505 own=true
EPOCH_COMMITTEE t=1790076645782 derived_by=0 members=6 accounts=6803 n=320501315241136541267234731897671494686 digest=8E3F03D9AB135660D4DEDEE20A4D9B2CFECD3833135F9A3C4D432B9BAE4EE0E8 shares=["911999B2:18.1%", "65A90023:16.7%", "A353E45E:16.6%", "735FE217:16.5%", "D315857C:16.2%", "633D9D61:16.0%"]
EPOCH_AGREED t=1790076645783 epoch=0 value=F4C77249F7C27ACD7828795375C0E3B85229E312125751DE68B16EDD7E93C505
EPOCH_CLOSE_ROUND t=1790076645794 epoch=0 round=1 leader=65A90023F6C0D2181AAA63F005D81BBC0C04650505E21D5123F9AE1F9E992BFF leads=false
EPOCH_CLOSED t=1790076645800 epoch=0 round=0 value=F4C77249F7C27ACD7828795375C0E3B85229E312125751DE68B16EDD7E93C505 own=true
EPOCH_COMMITTEE t=1790076645843 derived_by=0 members=6 accounts=6803 n=320501315241136541267234731897671494686 digest=8E3F03D9AB135660D4DEDEE20A4D9B2CFECD3833135F9A3C4D432B9BAE4EE0E8 shares=["911999B2:18.1%", "65A90023:16.7%", "A353E45E:16.6%", "735FE217:16.5%", "D315857C:16.2%", "633D9D61:16.0%"]
EPOCH_AGREED t=1790076645844 epoch=0 value=F4C77249F7C27ACD7828795375C0E3B85229E312125751DE68B16EDD7E93C505
EPOCH_CLOSED t=1790076645886 epoch=0 round=0 value=F4C77249F7C27ACD7828795375C0E3B85229E312125751DE68B16EDD7E93C505 own=true
EPOCH_CLOSED t=1790076645886 epoch=0 round=0 value=F4C77249F7C27ACD7828795375C0E3B85229E312125751DE68B16EDD7E93C505 own=true
EPOCH_CLOSED t=1790076645887 epoch=0 round=0 value=F4C77249F7C27ACD7828795375C0E3B85229E312125751DE68B16EDD7E93C505 own=false
EPOCH_CLOSED t=1790076645888 epoch=0 round=0 value=F4C77249F7C27ACD7828795375C0E3B85229E312125751DE68B16EDD7E93C505 own=true
EPOCH_COMMITTEE t=1790076645890 derived_by=0 members=6 accounts=6803 n=320501315241136541267234731897671494686 digest=8E3F03D9AB135660D4DEDEE20A4D9B2CFECD3833135F9A3C4D432B9BAE4EE0E8 shares=["911999B2:18.1%", "65A90023:16.7%", "A353E45E:16.6%", "735FE217:16.5%", "D315857C:16.2%", "633D9D61:16.0%"]
EPOCH_AGREED t=1790076645891 epoch=0 value=F4C77249F7C27ACD7828795375C0E3B85229E312125751DE68B16EDD7E93C505
EPOCH_COMMITTEE t=1790076645893 derived_by=0 members=6 accounts=6803 n=320501315241136541267234731897671494686 digest=8E3F03D9AB135660D4DEDEE20A4D9B2CFECD3833135F9A3C4D432B9BAE4EE0E8 shares=["911999B2:18.1%", "65A90023:16.7%", "A353E45E:16.6%", "735FE217:16.5%", "D315857C:16.2%", "633D9D61:16.0%"]
EPOCH_AGREED t=1790076645893 epoch=0 value=F4C77249F7C27ACD7828795375C0E3B85229E312125751DE68B16EDD7E93C505
EPOCH_COMMITTEE t=1790076645915 derived_by=0 members=6 accounts=6803 n=320501315241136541267234731897671494686 digest=8E3F03D9AB135660D4DEDEE20A4D9B2CFECD3833135F9A3C4D432B9BAE4EE0E8 shares=["911999B2:18.1%", "65A90023:16.7%", "A353E45E:16.6%", "735FE217:16.5%", "D315857C:16.2%", "633D9D61:16.0%"]
EPOCH_AGREED t=1790076645916 epoch=0 value=F4C77249F7C27ACD7828795375C0E3B85229E312125751DE68B16EDD7E93C505
[2m2026-09-22T11:30:46.115241Z[0m [32m INFO[0m [2mnanospam::app[0m[2m:[0m Confirmed 18,581 blocks | 2,000 bps | 3,713 cps | avg conf time: 503 ms
EPOCH_CLOSE_READY t=1790076646563 epoch=0 value=D97CBAC50B5ACAF43203C92E56DA2479F47D5A7BAAF1AE1F33AA38653F33E565
[2m2026-09-22T11:30:47.116418Z[0m [32m INFO[0m [2mnanospam::app[0m[2m:[0m Confirmed 20,415 blocks | 2,000 bps | 1,831 cps | avg conf time: 111 ms
EPOCH_CLOSE_READY t=1790076647171 epoch=0 value=F4C77249F7C27ACD7828795375C0E3B85229E312125751DE68B16EDD7E93C505
EPOCH_COMMITTEE t=1790076647176 derived_by=0 members=6 accounts=6803 n=320501315241136541267234731897671494686 digest=8E3F03D9AB135660D4DEDEE20A4D9B2CFECD3833135F9A3C4D432B9BAE4EE0E8 shares=["911999B2:18.1%", "65A90023:16.7%", "A353E45E:16.6%", "735FE217:16.5%", "D315857C:16.2%", "633D9D61:16.0%"]
EPOCH_AGREED t=1790076647176 epoch=0 value=F4C77249F7C27ACD7828795375C0E3B85229E312125751DE68B16EDD7E93C505
[2m2026-09-22T11:30:48.117085Z[0m [32m INFO[0m [2mnanospam::app[0m[2m:[0m Confirmed 22,255 blocks | 2,000 bps | 1,838 cps | avg conf time: 100 ms
[2m2026-09-22T11:30:49.118074Z[0m [32m INFO[0m [2mnanospam::app[0m[2m:[0m Confirmed 24,080 blocks | 2,000 bps | 1,823 cps | avg conf time: 98 ms
[2m2026-09-22T11:30:50.119012Z[0m [32m INFO[0m [2mnanospam::app[0m[2m:[0m Confirmed 25,871 blocks | 2,000 bps | 1,789 cps | avg conf time: 98 ms
[2m2026-09-22T11:30:51.120022Z[0m [32m INFO[0m [2mnanospam::app[0m[2m:[0m Confirmed 27,650 blocks | 2,000 bps | 1,777 cps | avg conf time: 102 ms
EPOCH_ENDED t=1790076651882 epoch=1 elections=1657 active=119
EPOCH_ENDED t=1790076651886 epoch=1 elections=1693 active=146
EPOCH_ENDED t=1790076651887 epoch=1 elections=1693 active=146
EPOCH_ENDED t=1790076651892 epoch=1 elections=1673 active=126
EPOCH_ENDED t=1790076651893 epoch=1 elections=1711 active=164
EPOCH_ENDED t=1790076651893 epoch=1 elections=1704 active=164
EPOCH_DRAIN_WAIT t=1790076652072 epoch=1 unterminated=4 previous_closed=true first=["26BB62CAA882C6557601AF18ABB5BF007B07DD067A2ADDF815A16C33FB5063AB:active:1:3", "A4D825B82DF594D17B7617AFC7A0C0F16EC149CA7E988F2F3C2B78023CD9E9FC:active:1:3", "54D990F08925A1BD198B2C5D716772D39B266180687FF8EE9674BC603B802100:active:1:3"]
EPOCH_DRAIN_WAIT t=1790076652072 epoch=1 unterminated=4 previous_closed=true first=["26BB62CAA882C6557601AF18ABB5BF007B07DD067A2ADDF815A16C33FB5063AB:active:1:3", "A4D825B82DF594D17B7617AFC7A0C0F16EC149CA7E988F2F3C2B78023CD9E9FC:active:1:3", "54D990F08925A1BD198B2C5D716772D39B266180687FF8EE9674BC603B802100:active:1:3"]
EPOCH_DRAIN_WAIT t=1790076652101 epoch=1 unterminated=2 previous_closed=true first=["26BB62CAA882C6557601AF18ABB5BF007B07DD067A2ADDF815A16C33FB5063AB:active:2:6", "A4D825B82DF594D17B7617AFC7A0C0F16EC149CA7E988F2F3C2B78023CD9E9FC:active:2:6"]
[2m2026-09-22T11:30:52.120968Z[0m [32m INFO[0m [2mnanospam::app[0m[2m:[0m Confirmed 29,226 blocks | 2,000 bps | 1,574 cps | avg conf time: 107 ms
EPOCH_DRAIN_WAIT t=1790076652168 epoch=1 unterminated=1 previous_closed=true first=["7636928605293B9322819DEFC22EEA8FAF41569CEDF0892753709B6EB8B41159:active:1:3"]
EPOCH_CLOSE_READY t=1790076652400 epoch=1 value=07D8157D7FD17C9094A1F2C569648A87F98E1E7CD788B3C2C9F34AD63F43EE83
EPOCH_CLOSE_ROUND t=1790076652400 epoch=1 round=0 leader=65A90023F6C0D2181AAA63F005D81BBC0C04650505E21D5123F9AE1F9E992BFF leads=false
EPOCH_CLOSE_READY t=1790076652400 epoch=1 value=07D8157D7FD17C9094A1F2C569648A87F98E1E7CD788B3C2C9F34AD63F43EE83
EPOCH_CLOSE_ROUND t=1790076652400 epoch=1 round=0 leader=65A90023F6C0D2181AAA63F005D81BBC0C04650505E21D5123F9AE1F9E992BFF leads=false
EPOCH_ADVANCED t=1790076652401 epoch=2 elections=1575 active=0
EPOCH_ADVANCED t=1790076652401 epoch=2 elections=1575 active=0
EPOCH_CLOSE_READY t=1790076652594 epoch=1 value=051C51DAC98FBC6EC9F151EB125B2AC81D7F365F0B524D438CA0828F3164DFFA
EPOCH_CLOSE_ROUND t=1790076652594 epoch=1 round=0 leader=65A90023F6C0D2181AAA63F005D81BBC0C04650505E21D5123F9AE1F9E992BFF leads=false
EPOCH_ADVANCED t=1790076652595 epoch=2 elections=1568 active=0
EPOCH_CLOSE_READY t=1790076652700 epoch=1 value=07D8157D7FD17C9094A1F2C569648A87F98E1E7CD788B3C2C9F34AD63F43EE83
EPOCH_CLOSE_ROUND t=1790076652700 epoch=1 round=0 leader=65A90023F6C0D2181AAA63F005D81BBC0C04650505E21D5123F9AE1F9E992BFF leads=false
EPOCH_ADVANCED t=1790076652701 epoch=2 elections=1575 active=0
EPOCH_CLOSE_READY t=1790076652904 epoch=1 value=07D8157D7FD17C9094A1F2C569648A87F98E1E7CD788B3C2C9F34AD63F43EE83
EPOCH_CLOSE_ROUND t=1790076652904 epoch=1 round=0 leader=65A90023F6C0D2181AAA63F005D81BBC0C04650505E21D5123F9AE1F9E992BFF leads=true
EPOCH_ADVANCED t=1790076652905 epoch=2 elections=1575 active=0
[2m2026-09-22T11:30:53.122039Z[0m [32m INFO[0m [2mnanospam::app[0m[2m:[0m Confirmed 30,640 blocks | 2,000 bps | 1,412 cps | avg conf time: 751 ms
EPOCH_CLOSE_READY t=1790076653399 epoch=1 value=07D8157D7FD17C9094A1F2C569648A87F98E1E7CD788B3C2C9F34AD63F43EE83
EPOCH_CLOSE_ROUND t=1790076653399 epoch=1 round=0 leader=65A90023F6C0D2181AAA63F005D81BBC0C04650505E21D5123F9AE1F9E992BFF leads=false
EPOCH_ADVANCED t=1790076653400 epoch=2 elections=1575 active=0
EPOCH_CLOSE_READY t=1790076653498 epoch=1 value=49DCCA61B75A33203155C9AED60BFD62DB56E74CC599C67E39D2C8C0DA1CAA57
EPOCH_CLOSED t=1790076653726 epoch=1 round=0 value=07D8157D7FD17C9094A1F2C569648A87F98E1E7CD788B3C2C9F34AD63F43EE83 own=true
EPOCH_COMMITTEE t=1790076653732 derived_by=1 members=6 accounts=11565 n=312057733927690158782643893467682778289 digest=CE9101B989A080BD19727BD52653AD18F536E9C4F85DD86DCBD282D29C84506C shares=["911999B2:17.5%", "65A90023:17.1%", "A353E45E:16.8%", "D315857C:16.3%", "633D9D61:16.3%", "735FE217:15.9%"]
EPOCH_AGREED t=1790076653733 epoch=1 value=07D8157D7FD17C9094A1F2C569648A87F98E1E7CD788B3C2C9F34AD63F43EE83
EPOCH_CLOSE_ROUND t=1790076653812 epoch=1 round=1 leader=735FE217D91E88EA82324C5883296385FA0041C2FAC85C827BAA46DA1E14B83F leads=false
EPOCH_CLOSED t=1790076653825 epoch=1 round=0 value=07D8157D7FD17C9094A1F2C569648A87F98E1E7CD788B3C2C9F34AD63F43EE83 own=true
EPOCH_COMMITTEE t=1790076653836 derived_by=1 members=6 accounts=11565 n=312057733927690158782643893467682778289 digest=CE9101B989A080BD19727BD52653AD18F536E9C4F85DD86DCBD282D29C84506C shares=["911999B2:17.5%", "65A90023:17.1%", "A353E45E:16.8%", "D315857C:16.3%", "633D9D61:16.3%", "735FE217:15.9%"]
EPOCH_AGREED t=1790076653836 epoch=1 value=07D8157D7FD17C9094A1F2C569648A87F98E1E7CD788B3C2C9F34AD63F43EE83
EPOCH_CLOSED t=1790076653839 epoch=1 round=0 value=07D8157D7FD17C9094A1F2C569648A87F98E1E7CD788B3C2C9F34AD63F43EE83 own=true
EPOCH_CLOSED t=1790076653839 epoch=1 round=0 value=07D8157D7FD17C9094A1F2C569648A87F98E1E7CD788B3C2C9F34AD63F43EE83 own=true
EPOCH_CLOSED t=1790076653841 epoch=1 round=0 value=07D8157D7FD17C9094A1F2C569648A87F98E1E7CD788B3C2C9F34AD63F43EE83 own=true
EPOCH_COMMITTEE t=1790076653846 derived_by=1 members=6 accounts=11565 n=312057733927690158782643893467682778289 digest=CE9101B989A080BD19727BD52653AD18F536E9C4F85DD86DCBD282D29C84506C shares=["911999B2:17.5%", "65A90023:17.1%", "A353E45E:16.8%", "D315857C:16.3%", "633D9D61:16.3%", "735FE217:15.9%"]
EPOCH_AGREED t=1790076653846 epoch=1 value=07D8157D7FD17C9094A1F2C569648A87F98E1E7CD788B3C2C9F34AD63F43EE83
EPOCH_COMMITTEE t=1790076653848 derived_by=1 members=6 accounts=11565 n=312057733927690158782643893467682778289 digest=CE9101B989A080BD19727BD52653AD18F536E9C4F85DD86DCBD282D29C84506C shares=["911999B2:17.5%", "65A90023:17.1%", "A353E45E:16.8%", "D315857C:16.3%", "633D9D61:16.3%", "735FE217:15.9%"]
EPOCH_AGREED t=1790076653848 epoch=1 value=07D8157D7FD17C9094A1F2C569648A87F98E1E7CD788B3C2C9F34AD63F43EE83
EPOCH_COMMITTEE t=1790076653851 derived_by=1 members=6 accounts=11565 n=312057733927690158782643893467682778289 digest=CE9101B989A080BD19727BD52653AD18F536E9C4F85DD86DCBD282D29C84506C shares=["911999B2:17.5%", "65A90023:17.1%", "A353E45E:16.8%", "D315857C:16.3%", "633D9D61:16.3%", "735FE217:15.9%"]
EPOCH_AGREED t=1790076653851 epoch=1 value=07D8157D7FD17C9094A1F2C569648A87F98E1E7CD788B3C2C9F34AD63F43EE83
[2m2026-09-22T11:30:54.124304Z[0m [32m INFO[0m [2mnanospam::app[0m[2m:[0m Confirmed 32,994 blocks | 2,000 bps | 2,351 cps | avg conf time: 302 ms
EPOCH_CLOSE_READY t=1790076654646 epoch=1 value=07D8157D7FD17C9094A1F2C569648A87F98E1E7CD788B3C2C9F34AD63F43EE83
EPOCH_CLOSED t=1790076654840 epoch=1 round=0 value=07D8157D7FD17C9094A1F2C569648A87F98E1E7CD788B3C2C9F34AD63F43EE83 own=true
EPOCH_COMMITTEE t=1790076654852 derived_by=1 members=6 accounts=11565 n=312057733927690158782643893467682778289 digest=CE9101B989A080BD19727BD52653AD18F536E9C4F85DD86DCBD282D29C84506C shares=["911999B2:17.5%", "65A90023:17.1%", "A353E45E:16.8%", "D315857C:16.3%", "633D9D61:16.3%", "735FE217:15.9%"]
EPOCH_AGREED t=1790076654852 epoch=1 value=07D8157D7FD17C9094A1F2C569648A87F98E1E7CD788B3C2C9F34AD63F43EE83
[2m2026-09-22T11:30:55.128021Z[0m [32m INFO[0m [2mnanospam::app[0m[2m:[0m Confirmed 34,804 blocks | 2,000 bps | 1,806 cps | avg conf time: 122 ms
[2m2026-09-22T11:30:56.129244Z[0m [32m INFO[0m [2mnanospam::app[0m[2m:[0m Confirmed 36,581 blocks | 2,000 bps | 1,769 cps | avg conf time: 114 ms
[2m2026-09-22T11:30:57.130459Z[0m [32m INFO[0m [2mnanospam::app[0m[2m:[0m Confirmed 38,275 blocks | 2,000 bps | 1,692 cps | avg conf time: 125 ms
[2m2026-09-22T11:30:58.130942Z[0m [32m INFO[0m [2mnanospam::app[0m[2m:[0m Confirmed 40,051 blocks | 2,000 bps | 1,774 cps | avg conf time: 119 ms
[2m2026-09-22T11:30:59.132349Z[0m [32m INFO[0m [2mnanospam::app[0m[2m:[0m Confirmed 41,850 blocks | 2,000 bps | 1,796 cps | avg conf time: 107 ms
EPOCH_ENDED t=1790076659924 epoch=2 elections=2253 active=0
EPOCH_CLOSE_READY t=1790076660064 epoch=2 value=24AF32D3D11E5B4BEC502CA1CA6E396B8F27556A6BCBC6F2664EA4102C299549
EPOCH_CLOSE_ROUND t=1790076660064 epoch=2 round=0 leader=735FE217D91E88EA82324C5883296385FA0041C2FAC85C827BAA46DA1E14B83F leads=false
EPOCH_ADVANCED t=1790076660065 epoch=3 elections=2253 active=0
EPOCH_ENDED t=1790076660072 epoch=2 elections=2253 active=0
EPOCH_ENDED t=1790076660092 epoch=2 elections=2253 active=0
EPOCH_ENDED t=1790076660102 epoch=2 elections=2253 active=0
[2m2026-09-22T11:31:00.133225Z[0m [32m INFO[0m [2mnanospam::app[0m[2m:[0m Confirmed 42,681 blocks | 2,000 bps | 830 cps | avg conf time: 112 ms
EPOCH_ENDED t=1790076660142 epoch=2 elections=2253 active=0
EPOCH_ENDED t=1790076660161 epoch=2 elections=2237 active=0
EPOCH_CLOSE_READY t=1790076660221 epoch=2 value=F9E14633A7C301C30777504781A1860827B1316F7767A943C95240AB2961D37F
EPOCH_CLOSE_ROUND t=1790076660222 epoch=2 round=0 leader=735FE217D91E88EA82324C5883296385FA0041C2FAC85C827BAA46DA1E14B83F leads=false
EPOCH_ADVANCED t=1790076660223 epoch=3 elections=2253 active=0
EPOCH_CLOSE_READY t=1790076660255 epoch=2 value=F73902DE4732FE4C37881DA8E77343C2728406EC28E525113AD52C1D9DA5EF20
EPOCH_CLOSE_ROUND t=1790076660256 epoch=2 round=0 leader=735FE217D91E88EA82324C5883296385FA0041C2FAC85C827BAA46DA1E14B83F leads=false
EPOCH_ADVANCED t=1790076660257 epoch=3 elections=2253 active=0
EPOCH_CLOSE_READY t=1790076660266 epoch=2 value=24AF32D3D11E5B4BEC502CA1CA6E396B8F27556A6BCBC6F2664EA4102C299549
EPOCH_CLOSE_ROUND t=1790076660266 epoch=2 round=0 leader=735FE217D91E88EA82324C5883296385FA0041C2FAC85C827BAA46DA1E14B83F leads=false
EPOCH_ADVANCED t=1790076660267 epoch=3 elections=2253 active=0
EPOCH_CLOSE_READY t=1790076660305 epoch=2 value=96F03174A90E59C7F59BCDFE315E253ECD66642CBE98FD90108E5BCE13D56EFA
EPOCH_CLOSE_ROUND t=1790076660305 epoch=2 round=0 leader=735FE217D91E88EA82324C5883296385FA0041C2FAC85C827BAA46DA1E14B83F leads=false
EPOCH_ADVANCED t=1790076660306 epoch=3 elections=2253 active=0
EPOCH_CLOSE_READY t=1790076660311 epoch=2 value=6EAE41D405F99CA51E1E328EF277422F2637D427F04A2341FDC356A808E3A2FA
EPOCH_CLOSE_ROUND t=1790076660311 epoch=2 round=0 leader=735FE217D91E88EA82324C5883296385FA0041C2FAC85C827BAA46DA1E14B83F leads=true
EPOCH_ADVANCED t=1790076660312 epoch=3 elections=2237 active=0
EPOCH_CLOSE_READY t=1790076660522 epoch=2 value=24AF32D3D11E5B4BEC502CA1CA6E396B8F27556A6BCBC6F2664EA4102C299549
EPOCH_CLOSE_READY t=1790076660541 epoch=2 value=24AF32D3D11E5B4BEC502CA1CA6E396B8F27556A6BCBC6F2664EA4102C299549
EPOCH_CLOSE_READY t=1790076660585 epoch=2 value=24AF32D3D11E5B4BEC502CA1CA6E396B8F27556A6BCBC6F2664EA4102C299549
EPOCH_CLOSE_READY t=1790076660608 epoch=2 value=C566372626650D1ADDD5C3F1D2BAEA1C46C291126B4CF8A9850BF35297B185F2
[2m2026-09-22T11:31:01.135633Z[0m [32m INFO[0m [2mnanospam::app[0m[2m:[0m Confirmed 42,681 blocks | 2,000 bps | 0 cps | avg conf time: 0 ms
EPOCH_CLOSE_READY t=1790076661823 epoch=2 value=24AF32D3D11E5B4BEC502CA1CA6E396B8F27556A6BCBC6F2664EA4102C299549
EPOCH_CLOSED t=1790076661960 epoch=2 round=0 value=24AF32D3D11E5B4BEC502CA1CA6E396B8F27556A6BCBC6F2664EA4102C299549 own=true
EPOCH_CLOSED t=1790076661960 epoch=2 round=0 value=24AF32D3D11E5B4BEC502CA1CA6E396B8F27556AEPOCH_CLOSED t=1790076661960 epoch=2 round=0 value=24AF32D3D11E5B4BEC502CA1CA6E396B8F27EPOCH_CLOSED t=1790076661960 epoch=2 round=6BCBC6F2664EA4102C299549 own=true
556A6BCBC6F2664EA4102C299549 own=true
EPOCH_CLOSED t=1790076661960 epoch=2 round=0 value=24AF32D3D11E5B4BEC502CA1CA6E396B8F27556A6BCBC6F2664EA4102C299549 own=true
0 value=24AF32D3D11E5B4BEC502CA1CA6E396B8F27556A6BCBC6F2664EA4102C299549 own=true
EPOCH_CLOSED t=1790076661960 epoch=2 round=0 value=24AF32D3D11E5B4BEC502CA1CA6E396B8F27556A6BCBC6F2664EA4102C299549 own=true
EPOCH_COMMITTEE t=1790076661967 derived_by=2 members=6 accounts=14609 n=304122038475958306981732357517686747049 digest=2F51E00997EE8C0D114BCB7858603B07CD9F10089FEC1D8BB1DC5BE7702B7E02 shares=["911999B2:17.3%", "65A90023:17.1%", "A353E45E:16.8%", "633D9D61:16.4%", "D315857C:16.2%", "735FE217:16.2%"]
EPOCH_AGREED t=1790076661967 epoch=2 value=24AF32D3D11E5B4BEC502CA1CA6E396B8F27556A6BCBC6F2664EA4102C299549
EPOCH_COMMITTEE t=1790076661968 derived_by=2 members=6 accounts=14609 n=304122038475958306981732357517686747049 digest=2F51E00997EE8C0D114BCB7858603B07CD9F10089FEC1D8BB1DC5BE7702B7E02 shares=["911999B2:17.3%", "65A90023:17.1%", "A353E45E:16.8%", "633D9D61:16.4%", "D315857C:16.2%", "735FE217:16.2%"]
EPOCH_AGREED t=1790076661968 epoch=2 value=24AF32D3D11E5B4BEC502CA1CA6E396B8F27556A6BCBC6F2664EA4102C299549
EPOCH_COMMITTEE t=1790076661969 derived_by=2 members=EPOCH_COMMITTEE t=61790076661969 accounts=14609 n=304122038475958306981732357517686747049 digest=2F51E00997EE8C0D114BCB7858603B07CD9F10089FEC1D8BB1DC5BE7702B7E02 shares=["911999B2:17.3%" derived_by=, 2" members=65A90023:17.1%6 accounts=14609 n=304122038475958306981732357517686747049 digest=2F51E00997EE8C0D114BCB7858603B07CD9F10089FEC1D8BB1DC5BE7702B7E02 shares=["911999B2:17.3%", "65A90023:17.1%", "A353E45E:16.8%", "633D9D61:16.4%", "D315857C:16.2%", "735FE217:16.2%"]
", "A353E45E:16.8%", "633D9D61:16.4%", "D315857C:16.2%"EPOCH_AGREED t=1790076661969,  epoch=2" value=735FE217:16.2%"]
24AF32D3D11E5B4BEC502CEPOCH_AGREED t=1790076661969 epoch=2 value=24AF32D3D11E5B4BEC502CA1CA6E396B8F27556A6BA1CA6E396B8F27556A6BCBC6F2664EA4102C299549
CBC6F2664EA4102C299549
EPOCH_COMMITTEE t=1790076661970 derived_by=2 members=6 accounts=14609 n=304122038475958306981732357517686747049 digest=2F51E00997EE8C0D114BCB7858603B07CD9F10089FEC1D8BB1DC5BE7702B7E02 shares=["911999B2:17.3%", "65A90023:17.1%", "A353E45E:16.8%", "633D9D61:16.4%", "D315857C:16.2%", "735FE217:16.2%"]
EPOCH_AGREED t=1790076661970 epoch=2 value=24AF32D3D11E5B4BEC502CA1CA6E396B8F27556A6BCBC6F2664EA4102C299549
EPOCH_COMMITTEE t=1790076661972 derived_by=2 members=6 accounts=14609 n=304122038475958306981732357517686747049 digest=2F51E00997EE8C0D114BCB7858603B07CD9F10089FEC1D8BB1DC5BE7702B7E02 shares=["911999B2:17.3%", "65A90023:17.1%", "A353E45E:16.8%", "633D9D61:16.4%", "D315857C:16.2%", "735FE217:16.2%"]
EPOCH_AGREED t=1790076661972 epoch=2 value=24AF32D3D11E5B4BEC502CA1CA6E396B8F27556A6BCBC6F2664EA4102C299549
[2m2026-09-22T11:31:02.137305Z[0m [32m INFO[0m [2mnanospam::app[0m[2m:[0m Confirmed 42,681 blocks | 2,000 bps | 0 cps | avg conf time: 0 ms
[2m2026-09-22T11:31:03.139049Z[0m [32m INFO[0m [2mnanospam::app[0m[2m:[0m Confirmed 42,681 blocks | 2,000 bps | 0 cps | avg conf time: 0 ms
[2m2026-09-22T11:31:04.141438Z[0m [32m INFO[0m [2mnanospam::app[0m[2m:[0m Confirmed 42,681 blocks | 2,000 bps | 0 cps | avg conf time: 0 ms
[2m2026-09-22T11:31:05.142944Z[0m [32m INFO[0m [2mnanospam::app[0m[2m:[0m Confirmed 42,681 blocks | 2,000 bps | 0 cps | avg conf time: 0 ms
[2m2026-09-22T11:31:06.145011Z[0m [32m INFO[0m [2mnanospam::app[0m[2m:[0m Confirmed 42,681 blocks | 2,000 bps | 0 cps | avg conf time: 0 ms
[2m2026-09-22T11:31:07.147442Z[0m [32m INFO[0m [2mnanospam::app[0m[2m:[0m Confirmed 42,681 blocks | 2,000 bps | 0 cps | avg conf time: 0 ms
[2m2026-09-22T11:31:08.148619Z[0m [32m INFO[0m [2mnanospam::app[0m[2m:[0m Confirmed 42,681 blocks | 2,000 bps | 0 cps | avg conf time: 0 ms
[2m2026-09-22T11:31:09.151072Z[0m [32m INFO[0m [2mnanospam::app[0m[2m:[0m Confirmed 42,681 blocks | 2,000 bps | 0 cps | avg conf time: 0 ms
[2m2026-09-22T11:31:10.152566Z[0m [32m INFO[0m [2mnanospam::app[0m[2m:[0m Confirmed 42,681 blocks | 2,000 bps | 0 cps | avg conf time: 0 ms
[2m2026-09-22T11:31:11.155081Z[0m [32m INFO[0m [2mnanospam::app[0m[2m:[0m Confirmed 42,681 blocks | 2,000 bps | 0 cps | avg conf time: 0 ms
[2m2026-09-22T11:31:12.156178Z[0m [32m INFO[0m [2mnanospam::app[0m[2m:[0m Confirmed 42,681 blocks | 2,000 bps | 0 cps | avg conf time: 0 ms
[2m2026-09-22T11:31:13.157227Z[0m [32m INFO[0m [2mnanospam::app[0m[2m:[0m Confirmed 42,681 blocks | 2,000 bps | 0 cps | avg conf time: 0 ms
[2m2026-09-22T11:31:14.158559Z[0m [32m INFO[0m [2mnanospam::app[0m[2m:[0m Confirmed 42,693 blocks | 2,000 bps | 11 cps | avg conf time: 35608 ms
[2m2026-09-22T11:31:15.160812Z[0m [32m INFO[0m [2mnanospam::app[0m[2m:[0m Confirmed 42,693 blocks | 2,000 bps | 0 cps | avg conf time: 0 ms
[2m2026-09-22T11:31:16.162799Z[0m [32m INFO[0m [2mnanospam::app[0m[2m:[0m Confirmed 42,693 blocks | 2,000 bps | 0 cps | avg conf time: 0 ms
[2m2026-09-22T11:31:17.164017Z[0m [32m INFO[0m [2mnanospam::app[0m[2m:[0m Confirmed 42,693 blocks | 2,000 bps | 0 cps | avg conf time: 0 ms
[2m2026-09-22T11:31:18.165715Z[0m [32m INFO[0m [2mnanospam::app[0m[2m:[0m Confirmed 42,693 blocks | 2,000 bps | 0 cps | avg conf time: 0 ms
[2m2026-09-22T11:31:19.166301Z[0m [32m INFO[0m [2mnanospam::app[0m[2m:[0m Confirmed 42,693 blocks | 2,000 bps | 0 cps | avg conf time: 0 ms
[2m2026-09-22T11:31:20.167953Z[0m [32m INFO[0m [2mnanospam::app[0m[2m:[0m Confirmed 42,693 blocks | 2,000 bps | 0 cps | avg conf time: 0 ms
[2m2026-09-22T11:31:21.170105Z[0m [32m INFO[0m [2mnanospam::app[0m[2m:[0m Confirmed 42,693 blocks | 2,000 bps | 0 cps | avg conf time: 0 ms
[2m2026-09-22T11:31:22.172157Z[0m [32m INFO[0m [2mnanospam::app[0m[2m:[0m Confirmed 42,693 blocks | 2,000 bps | 0 cps | avg conf time: 0 ms
[2m2026-09-22T11:31:23.173728Z[0m [32m INFO[0m [2mnanospam::app[0m[2m:[0m Confirmed 42,693 blocks | 2,000 bps | 0 cps | avg conf time: 0 ms
[2m2026-09-22T11:31:24.175301Z[0m [32m INFO[0m [2mnanospam::app[0m[2m:[0m Confirmed 42,693 blocks | 2,000 bps | 0 cps | avg conf time: 0 ms
[2m2026-09-22T11:31:25.176143Z[0m [32m INFO[0m [2mnanospam::app[0m[2m:[0m Confirmed 42,693 blocks | 2,000 bps | 0 cps | avg conf time: 0 ms
[2m2026-09-22T11:31:26.179118Z[0m [32m INFO[0m [2mnanospam::app[0m[2m:[0m Confirmed 42,693 blocks | 2,000 bps | 0 cps | avg conf time: 0 ms
[2m2026-09-22T11:31:27.182020Z[0m [32m INFO[0m [2mnanospam::app[0m[2m:[0m Confirmed 42,693 blocks | 2,000 bps | 0 cps | avg conf time: 0 ms
[2m2026-09-22T11:31:28.184310Z[0m [32m INFO[0m [2mnanospam::app[0m[2m:[0m Confirmed 42,693 blocks | 2,000 bps | 0 cps | avg conf time: 0 ms
[2m2026-09-22T11:31:29.186784Z[0m [32m INFO[0m [2mnanospam::app[0m[2m:[0m Confirmed 42,693 blocks | 2,000 bps | 0 cps | avg conf time: 0 ms
[2m2026-09-22T11:31:30.188223Z[0m [32m INFO[0m [2mnanospam::app[0m[2m:[0m Confirmed 42,693 blocks | 2,000 bps | 0 cps | avg conf time: 0 ms
[2m2026-09-22T11:31:31.190247Z[0m [32m INFO[0m [2mnanospam::app[0m[2m:[0m Confirmed 42,693 blocks | 2,000 bps | 0 cps | avg conf time: 0 ms
[2m2026-09-22T11:31:32.192385Z[0m [32m INFO[0m [2mnanospam::app[0m[2m:[0m Confirmed 42,693 blocks | 2,000 bps | 0 cps | avg conf time: 0 ms
[2m2026-09-22T11:31:33.194553Z[0m [32m INFO[0m [2mnanospam::app[0m[2m:[0m Confirmed 42,693 blocks | 2,000 bps | 0 cps | avg conf time: 0 ms
[2m2026-09-22T11:31:34.195610Z[0m [32m INFO[0m [2mnanospam::app[0m[2m:[0m Confirmed 42,693 blocks | 2,000 bps | 0 cps | avg conf time: 0 ms
[2m2026-09-22T11:31:35.197810Z[0m [32m INFO[0m [2mnanospam::app[0m[2m:[0m Confirmed 42,693 blocks | 2,000 bps | 0 cps | avg conf time: 0 ms
cleanup done
