2026-10-07T12:09:50.894251Z  INFO nanospam::setup::account_map_factory: Creating account keys file with 45000 keys: "/var/folders/1y/px089b2s6f9d893xp1p4c7wh0000gn/T/rai-gate-b-5z7ecpd9/account_keys.txt"
2026-10-07T12:09:51.607523Z  INFO nanospam::setup::node_config_factory: ********************************************************************************
2026-10-07T12:09:51.607538Z  INFO nanospam::setup::node_config_factory: Setting up node PR0...
2026-10-07T12:09:51.607542Z  INFO nanospam::setup::node_config_factory: Creating directory "/var/folders/1y/px089b2s6f9d893xp1p4c7wh0000gn/T/rai-gate-b-5z7ecpd9/pr0"
2026-10-07T12:09:51.607614Z  INFO nanospam::setup::node_config_factory: Creating node config file: "/var/folders/1y/px089b2s6f9d893xp1p4c7wh0000gn/T/rai-gate-b-5z7ecpd9/pr0/config-node.toml"
2026-10-07T12:09:51.607710Z  INFO nanospam::setup::node_config_factory: Creating rpc config file: "/var/folders/1y/px089b2s6f9d893xp1p4c7wh0000gn/T/rai-gate-b-5z7ecpd9/pr0/config-rpc.toml"
2026-10-07T12:09:51.607779Z  INFO nanospam::setup::node_config_factory: ********************************************************************************
2026-10-07T12:09:51.607783Z  INFO nanospam::setup::node_config_factory: Setting up node PR1...
2026-10-07T12:09:51.607786Z  INFO nanospam::setup::node_config_factory: Creating directory "/var/folders/1y/px089b2s6f9d893xp1p4c7wh0000gn/T/rai-gate-b-5z7ecpd9/pr1"
2026-10-07T12:09:51.607827Z  INFO nanospam::setup::node_config_factory: Creating node config file: "/var/folders/1y/px089b2s6f9d893xp1p4c7wh0000gn/T/rai-gate-b-5z7ecpd9/pr1/config-node.toml"
2026-10-07T12:09:51.607899Z  INFO nanospam::setup::node_config_factory: Creating rpc config file: "/var/folders/1y/px089b2s6f9d893xp1p4c7wh0000gn/T/rai-gate-b-5z7ecpd9/pr1/config-rpc.toml"
2026-10-07T12:09:51.607962Z  INFO nanospam::setup::node_config_factory: ********************************************************************************
2026-10-07T12:09:51.607966Z  INFO nanospam::setup::node_config_factory: Setting up node PR2...
2026-10-07T12:09:51.607969Z  INFO nanospam::setup::node_config_factory: Creating directory "/var/folders/1y/px089b2s6f9d893xp1p4c7wh0000gn/T/rai-gate-b-5z7ecpd9/pr2"
2026-10-07T12:09:51.608010Z  INFO nanospam::setup::node_config_factory: Creating node config file: "/var/folders/1y/px089b2s6f9d893xp1p4c7wh0000gn/T/rai-gate-b-5z7ecpd9/pr2/config-node.toml"
2026-10-07T12:09:51.608077Z  INFO nanospam::setup::node_config_factory: Creating rpc config file: "/var/folders/1y/px089b2s6f9d893xp1p4c7wh0000gn/T/rai-gate-b-5z7ecpd9/pr2/config-rpc.toml"
2026-10-07T12:09:51.608140Z  INFO nanospam::setup::node_config_factory: ********************************************************************************
2026-10-07T12:09:51.608144Z  INFO nanospam::setup::node_config_factory: Setting up node PR3...
2026-10-07T12:09:51.608147Z  INFO nanospam::setup::node_config_factory: Creating directory "/var/folders/1y/px089b2s6f9d893xp1p4c7wh0000gn/T/rai-gate-b-5z7ecpd9/pr3"
2026-10-07T12:09:51.608187Z  INFO nanospam::setup::node_config_factory: Creating node config file: "/var/folders/1y/px089b2s6f9d893xp1p4c7wh0000gn/T/rai-gate-b-5z7ecpd9/pr3/config-node.toml"
2026-10-07T12:09:51.608264Z  INFO nanospam::setup::node_config_factory: Creating rpc config file: "/var/folders/1y/px089b2s6f9d893xp1p4c7wh0000gn/T/rai-gate-b-5z7ecpd9/pr3/config-rpc.toml"
2026-10-07T12:09:51.608325Z  INFO nanospam::setup::node_config_factory: ********************************************************************************
2026-10-07T12:09:51.608331Z  INFO nanospam::setup::node_config_factory: Setting up node PR4...
2026-10-07T12:09:51.608335Z  INFO nanospam::setup::node_config_factory: Creating directory "/var/folders/1y/px089b2s6f9d893xp1p4c7wh0000gn/T/rai-gate-b-5z7ecpd9/pr4"
2026-10-07T12:09:51.608376Z  INFO nanospam::setup::node_config_factory: Creating node config file: "/var/folders/1y/px089b2s6f9d893xp1p4c7wh0000gn/T/rai-gate-b-5z7ecpd9/pr4/config-node.toml"
2026-10-07T12:09:51.608452Z  INFO nanospam::setup::node_config_factory: Creating rpc config file: "/var/folders/1y/px089b2s6f9d893xp1p4c7wh0000gn/T/rai-gate-b-5z7ecpd9/pr4/config-rpc.toml"
2026-10-07T12:09:51.608560Z  INFO nanospam::setup::node_launcher: Starting node: NANO_TEST_GENESIS_BLOCK="{\n    \"type\": \"open\",\n    \"account\": \"nano_3nroioygg54nusrmyun4woimqex36sp3drnctdt5955uqu47fxbkrxk7n7ne\",\n    \"source\": \"D315857CE70C54DE713F6E82E5613BB3A1266C15E28AD2F4338C7BBEC456F532\",\n    \"representative\": \"nano_3nroioygg54nusrmyun4woimqex36sp3drnctdt5955uqu47fxbkrxk7n7ne\",\n    \"signature\": \"3F6792C2DC623DF2E8643777160AB983B66B337E2478E13D2C3448126A8F4CD8DCCD19803C158A057FA44060AE0EFC09B1C311CB4FBF42F8D240610B38F56E08\",\n    \"work\": \"70FEF01F7EC45DEC\"\n    }" NANO_TEST_GENESIS_PRV ="49643F9B10CA1AA34F9AF8ED4AABD29F436104CCC375974B108534A48EAE3FE1" "rsnano" "--network" "test" "--data-path" "/var/folders/1y/px089b2s6f9d893xp1p4c7wh0000gn/T/rai-gate-b-5z7ecpd9/pr0" "node" "run"
2026-10-07T12:09:51.609191Z  INFO nanospam::setup::node_launcher: Waiting for RPC...
2026-10-07T12:09:51.712647Z  INFO nanospam::setup::node_launcher: Starting node: NANO_TEST_GENESIS_BLOCK="{\n    \"type\": \"open\",\n    \"account\": \"nano_3nroioygg54nusrmyun4woimqex36sp3drnctdt5955uqu47fxbkrxk7n7ne\",\n    \"source\": \"D315857CE70C54DE713F6E82E5613BB3A1266C15E28AD2F4338C7BBEC456F532\",\n    \"representative\": \"nano_3nroioygg54nusrmyun4woimqex36sp3drnctdt5955uqu47fxbkrxk7n7ne\",\n    \"signature\": \"3F6792C2DC623DF2E8643777160AB983B66B337E2478E13D2C3448126A8F4CD8DCCD19803C158A057FA44060AE0EFC09B1C311CB4FBF42F8D240610B38F56E08\",\n    \"work\": \"70FEF01F7EC45DEC\"\n    }" NANO_TEST_GENESIS_PRV ="49643F9B10CA1AA34F9AF8ED4AABD29F436104CCC375974B108534A48EAE3FE1" "rsnano" "--network" "test" "--data-path" "/var/folders/1y/px089b2s6f9d893xp1p4c7wh0000gn/T/rai-gate-b-5z7ecpd9/pr1" "node" "run"
2026-10-07T12:09:51.713366Z  INFO nanospam::setup::node_launcher: Waiting for RPC...
2026-10-07T12:09:51.817127Z  INFO nanospam::setup::node_launcher: Starting node: NANO_TEST_GENESIS_BLOCK="{\n    \"type\": \"open\",\n    \"account\": \"nano_3nroioygg54nusrmyun4woimqex36sp3drnctdt5955uqu47fxbkrxk7n7ne\",\n    \"source\": \"D315857CE70C54DE713F6E82E5613BB3A1266C15E28AD2F4338C7BBEC456F532\",\n    \"representative\": \"nano_3nroioygg54nusrmyun4woimqex36sp3drnctdt5955uqu47fxbkrxk7n7ne\",\n    \"signature\": \"3F6792C2DC623DF2E8643777160AB983B66B337E2478E13D2C3448126A8F4CD8DCCD19803C158A057FA44060AE0EFC09B1C311CB4FBF42F8D240610B38F56E08\",\n    \"work\": \"70FEF01F7EC45DEC\"\n    }" NANO_TEST_GENESIS_PRV ="49643F9B10CA1AA34F9AF8ED4AABD29F436104CCC375974B108534A48EAE3FE1" "rsnano" "--network" "test" "--data-path" "/var/folders/1y/px089b2s6f9d893xp1p4c7wh0000gn/T/rai-gate-b-5z7ecpd9/pr2" "node" "run"
2026-10-07T12:09:51.818203Z  INFO nanospam::setup::node_launcher: Waiting for RPC...
2026-10-07T12:09:51.920574Z  INFO nanospam::setup::node_launcher: Starting node: NANO_TEST_GENESIS_BLOCK="{\n    \"type\": \"open\",\n    \"account\": \"nano_3nroioygg54nusrmyun4woimqex36sp3drnctdt5955uqu47fxbkrxk7n7ne\",\n    \"source\": \"D315857CE70C54DE713F6E82E5613BB3A1266C15E28AD2F4338C7BBEC456F532\",\n    \"representative\": \"nano_3nroioygg54nusrmyun4woimqex36sp3drnctdt5955uqu47fxbkrxk7n7ne\",\n    \"signature\": \"3F6792C2DC623DF2E8643777160AB983B66B337E2478E13D2C3448126A8F4CD8DCCD19803C158A057FA44060AE0EFC09B1C311CB4FBF42F8D240610B38F56E08\",\n    \"work\": \"70FEF01F7EC45DEC\"\n    }" NANO_TEST_GENESIS_PRV ="49643F9B10CA1AA34F9AF8ED4AABD29F436104CCC375974B108534A48EAE3FE1" "rsnano" "--network" "test" "--data-path" "/var/folders/1y/px089b2s6f9d893xp1p4c7wh0000gn/T/rai-gate-b-5z7ecpd9/pr3" "node" "run"
2026-10-07T12:09:51.921634Z  INFO nanospam::setup::node_launcher: Waiting for RPC...
2026-10-07T12:09:52.025741Z  INFO nanospam::setup::node_launcher: Starting node: NANO_TEST_GENESIS_BLOCK="{\n    \"type\": \"open\",\n    \"account\": \"nano_3nroioygg54nusrmyun4woimqex36sp3drnctdt5955uqu47fxbkrxk7n7ne\",\n    \"source\": \"D315857CE70C54DE713F6E82E5613BB3A1266C15E28AD2F4338C7BBEC456F532\",\n    \"representative\": \"nano_3nroioygg54nusrmyun4woimqex36sp3drnctdt5955uqu47fxbkrxk7n7ne\",\n    \"signature\": \"3F6792C2DC623DF2E8643777160AB983B66B337E2478E13D2C3448126A8F4CD8DCCD19803C158A057FA44060AE0EFC09B1C311CB4FBF42F8D240610B38F56E08\",\n    \"work\": \"70FEF01F7EC45DEC\"\n    }" NANO_TEST_GENESIS_PRV ="49643F9B10CA1AA34F9AF8ED4AABD29F436104CCC375974B108534A48EAE3FE1" "rsnano" "--network" "test" "--data-path" "/var/folders/1y/px089b2s6f9d893xp1p4c7wh0000gn/T/rai-gate-b-5z7ecpd9/pr4" "node" "run"
2026-10-07T12:09:52.027568Z  INFO nanospam::setup::node_launcher: Waiting for RPC...
2026-10-07T12:09:52.130279Z  INFO nanospam::wallets_factory: Creating wallet...
2026-10-07T12:09:52.206958Z  INFO nanospam::wallets_factory: Setting default representative...
2026-10-07T12:09:52.207155Z  INFO nanospam::wallets_factory: Creating wallet...
2026-10-07T12:09:52.251132Z  INFO nanospam::wallets_factory: Setting default representative...
2026-10-07T12:09:52.251574Z  INFO nanospam::wallets_factory: Sending Ӿ56,547,061 to PR1 wallet nano_3atmwjh8t11psdqf3qx6xjfiei94oajch6zsyauowxzjogbbgz168g5mp8f1 ...
2026-10-07T12:09:52.252048Z  INFO nanospam::wallets_factory: Waiting for confirmation for 70B574FB519B8DEA27D8F4952C2E7B0378B009608D6FC967984D3C83440C9C3D
2026-10-07T12:10:07.370475Z  INFO nanospam::wallets_factory: Receiving...
2026-10-07T12:10:07.371915Z  INFO nanospam::wallets_factory: Waiting for confirmation for 011C6AC2721054F46B03A50885AF48083A4A685154A55D85116DBCE413673F86
2026-10-07T12:10:07.474654Z  INFO nanospam::wallets_factory: DONE
2026-10-07T12:10:07.474806Z  INFO nanospam::wallets_factory: ********************************************************************************
2026-10-07T12:10:07.474833Z  INFO nanospam::wallets_factory: Creating wallet...
2026-10-07T12:10:07.556390Z  INFO nanospam::wallets_factory: Setting default representative...
2026-10-07T12:10:07.556626Z  INFO nanospam::wallets_factory: Sending Ӿ56,547,061 to PR2 wallet nano_36asm8scxymtsjmgqp14per3zxpgaec1c65qb9en1buscq7qzqa93tfyyzs3 ...
2026-10-07T12:10:07.557044Z  INFO nanospam::wallets_factory: Waiting for confirmation for 76B3937072C015B69E45D5458B47CF52A54A38F8ED441B0E21561A3048243E90
2026-10-07T12:10:07.762798Z  INFO nanospam::wallets_factory: Receiving...
2026-10-07T12:10:07.764878Z  INFO nanospam::wallets_factory: Waiting for confirmation for 402DCF4725254BECF5C5CB5F707C169725EE114819D289F8A5477C2FFF19BDC0
2026-10-07T12:10:07.970400Z  INFO nanospam::wallets_factory: DONE
2026-10-07T12:10:07.970537Z  INFO nanospam::wallets_factory: ********************************************************************************
2026-10-07T12:10:07.970563Z  INFO nanospam::wallets_factory: Creating wallet...
2026-10-07T12:10:08.050413Z  INFO nanospam::wallets_factory: Setting default representative...
2026-10-07T12:10:08.050804Z  INFO nanospam::wallets_factory: Sending Ӿ56,547,061 to PR3 wallet nano_1sfb11jzfi8k51fcnrzi1qe3qh1e1jkic3h45oak9yfg5yhbkczzxfwtat7m ...
2026-10-07T12:10:08.051240Z  INFO nanospam::wallets_factory: Waiting for confirmation for FF4589BE1759B38CC94ABA0AE4FE6644845FE957C02EA9CEA669A28C8D1ADE97
2026-10-07T12:10:23.568742Z  INFO nanospam::wallets_factory: Receiving...
2026-10-07T12:10:23.570637Z  INFO nanospam::wallets_factory: Waiting for confirmation for 1210B877FF188F4FF352C0EDE856AA702A1D6763EFA96EA84BB10519898BE6D0
2026-10-07T12:10:23.673590Z  INFO nanospam::wallets_factory: DONE
2026-10-07T12:10:23.673685Z  INFO nanospam::wallets_factory: ********************************************************************************
2026-10-07T12:10:23.673699Z  INFO nanospam::wallets_factory: Creating wallet...
2026-10-07T12:10:23.750079Z  INFO nanospam::wallets_factory: Setting default representative...
2026-10-07T12:10:23.750355Z  INFO nanospam::wallets_factory: Sending Ӿ56,547,061 to PR4 wallet nano_1rsxmoinip7d4wafdp855194n43fs7s1jgne6tx8ruatiu6g89815pddzijp ...
2026-10-07T12:10:23.750796Z  INFO nanospam::wallets_factory: Waiting for confirmation for 23D89F3531AC5EE2378D3606C70B24D2A7B9016B8ADB1A970E6B1D9E7576186D
2026-10-07T12:10:23.956394Z  INFO nanospam::wallets_factory: Receiving...
2026-10-07T12:10:23.958127Z  INFO nanospam::wallets_factory: Waiting for confirmation for 8D401F6072C9B3A9EFBA68DA33CC97FF1D15EEB9F09CE4731C1A7614578C3E56
2026-10-07T12:10:24.164380Z  INFO nanospam::wallets_factory: DONE
2026-10-07T12:10:24.164525Z  INFO nanospam::wallets_factory: ********************************************************************************
2026-10-07T12:10:24.164679Z  INFO nanospam::wallets_factory: Sending Ӿ56,547,061 to PR5 (no node) nano_1wtzwadxk9naxc356m4rienp93ht131w7ypadk39qck8uah3bg3zohsmj9th ...
2026-10-07T12:10:24.166324Z  INFO nanospam::wallets_factory: Waiting for confirmation for A5666BC59C8DD98A7E52D6F61006629E4EDB37063C12A73BFB41D35538B371CA
2026-10-07T12:10:39.283925Z  INFO nanospam::wallets_factory: Waiting for confirmation for 49EEF9EFFD843E7FE6FB8D0DE0A19E8B88DBE91F26F5FDDB0E8862DEF7553864
2026-10-07T12:10:39.490907Z  INFO nanospam::wallets_factory: DONE
2026-10-07T12:10:39.491046Z  INFO nanospam::wallets_factory: Sending initial spam amount...
2026-10-07T12:10:39.492357Z  INFO nanospam::wallets_factory: Waiting for confirmation for 3E9FCF547A7111277EFB3A01D68181EACA213908DEDD7E3545A27137F4C3C797
2026-10-07T12:10:39.596118Z  INFO nanospam::wallets_factory: Receiving initial spam amount...
2026-10-07T12:10:39.597220Z  INFO nanospam::wallets_factory: Waiting for confirmation for 898AE927AB5107B6476F68CAF66ED70F78671E0968453B11920E8B931992A3C7
2026-10-07T12:10:39.701031Z  INFO nanospam::wallets_factory: Seeding Ӿ142,857 to nano_1zoax5p4g9premhun1isjco3maneawpgryoqo86oueafp1kq3g5tdakyud5e for representative D315857CE70C54DE713F6E82E5613BB3A1266C15E28AD2F4338C7BBEC456F532
2026-10-07T12:10:39.701898Z  INFO nanospam::wallets_factory: Waiting for confirmation for F8337ED5B096901ED7C0C1E224F895D6CB2B7BF31F8344CD1554FE0FA0EF1E79
2026-10-07T12:10:39.910128Z  INFO nanospam::wallets_factory: Waiting for confirmation for 081A840826F9444315EFC00E78FA35E3FE6B14B21FA881E515D3D18E924E096F
2026-10-07T12:10:40.116274Z  INFO nanospam::wallets_factory: Seeding Ӿ142,857 to nano_1et1waphg8wsrimiw1oypsgx98eqn8acxkj453upca7edx49ombqog7c3ubi for representative A353E45E6D0016CAEED0DFA4EC5B0640E2AA22A793F9F2375E77F1AB92977C04
2026-10-07T12:10:40.117409Z  INFO nanospam::wallets_factory: Waiting for confirmation for CFBF8AD4DD560B065549B27708C005BC5B7E6E1CBEE4020276BA90D6525C9B9B
2026-10-07T12:10:40.324873Z  INFO nanospam::wallets_factory: Waiting for confirmation for 9D7C74246299CFD90CC78C92CB8EBE26C60392569EC0727687229C24B33A015C
2026-10-07T12:10:40.429166Z  INFO nanospam::wallets_factory: Seeding Ӿ142,857 to nano_1d9pns3qzaja6wftrc7skr8yzrsmb8u8gxukuef8e43o3kj5aqjasccqyfb5 for representative 911999B2AEFA7ACC66EBD802B3301FF6CE431405107749D940277955CB7FDD07
2026-10-07T12:10:40.430489Z  INFO nanospam::wallets_factory: Waiting for confirmation for 7D2DFC49AA685B41175D2D9418FFDA12F09B2C2A107587ECA0BB2B0267D10970
2026-10-07T12:10:40.637895Z  INFO nanospam::wallets_factory: Waiting for confirmation for F50E5FF7E1B22085F1873C40104D06EED3A26CBC9F61A64681794D164567B605
2026-10-07T12:10:40.742176Z  INFO nanospam::wallets_factory: Seeding Ӿ142,857 to nano_1ebh9og1a8n9nhm7cxiy4ffhkpyzzpqedach15af8s1epx8yn1een86waoie for representative 65A90023F6C0D2181AAA63F005D81BBC0C04650505E21D5123F9AE1F9E992BFF
2026-10-07T12:10:40.743494Z  INFO nanospam::wallets_factory: Waiting for confirmation for 70C8CEB9A8ED096F315F6BC3F39957713B691656A5A1AFC1132FE29046AC294C
2026-10-07T12:10:40.951814Z  INFO nanospam::wallets_factory: Waiting for confirmation for 7E29637191A830E047BBF80688FEC9D83CE281E6A6E89D20159111AFC8DFF27D
2026-10-07T12:10:41.158290Z  INFO nanospam::wallets_factory: Seeding Ӿ142,857 to nano_1zm986t8mhbix646z6qsf14j8iijb5ta5rs3xqwwswb9hznxjhhmfjmjp8rk for representative 633D9D614858AB1710D5D8C3180E2A082DC97208BA8C26BA6C6D1A86C8E31CC0
2026-10-07T12:10:41.159295Z  INFO nanospam::wallets_factory: Waiting for confirmation for 23CD9092C05AD853B58186B38ED2CA3CB4F391448882FED349DCF76578F63B44
2026-10-07T12:10:41.367092Z  INFO nanospam::wallets_factory: Waiting for confirmation for C4BAD2371CE4343A2F0853BE816B42D2CBB65A40508424A4479B21388B208CD6
2026-10-07T12:10:41.470661Z  INFO nanospam::wallets_factory: Seeding Ӿ142,857 to nano_31fmhryioipxhdimoknannuijas4phn3abdb1h6ez1xc3brx6s3tx6sa975u for representative 735FE217D91E88EA82324C5883296385FA0041C2FAC85C827BAA46DA1E14B83F
2026-10-07T12:10:41.471432Z  INFO nanospam::wallets_factory: Waiting for confirmation for 790A13C5BA9475F2DEFC5BF9C6FFACADCD55CE0F0B16F30456155525DCB92D34
2026-10-07T12:10:41.679382Z  INFO nanospam::wallets_factory: Waiting for confirmation for 00AD35FEA0229396860D4F77C86DCC3ED71A146FEA4FA5429DFF81EB88B46195
2026-10-07T12:10:41.887167Z  INFO nanospam::high_prio_check: Creating high priority accounts...
2026-10-07T12:10:41.915224Z  INFO nanospam::high_prio_check: Waiting for confirmations...
2026-10-07T12:10:44.072038Z  INFO nanospam::app: Waiting for all PRs to see the full quorum...
2026-10-07T12:10:44.074935Z  INFO nanospam::app: All PRs see the full quorum after 2.781917ms
2026-10-07T12:10:44.075031Z  INFO nanospam::app: Waiting for all PRs to hold the same cemented ledger...
2026-10-07T12:10:44.076027Z  INFO nanospam::app: All PRs hold the same ledger of 65 blocks after 984.375µs
EPOCH_COMMITTEE derived_by=genesis members=6 accounts=33 n=6 digest=95D409445152DD075E6A4799205DFA5689496EB8EE1A22AC2A200B9DBC2DCF27 shares=["A353E45E:16.7%", "65A90023:16.7%", "D315857C:16.7%", "911999B2:16.7%", "633D9D61:16.7%", "735FE217:16.7%"] t=1791375044076
EPOCH_START epoch=0 elections=0 t=1791375044076
EPOCH_COMMITTEE derived_by=genesis members=6 accounts=33 n=6 digest=95D409445152DD075E6A4799205DFA5689496EB8EE1A22AC2A200B9DBC2DCF27 shares=["A353E45E:16.7%", "65A90023:16.7%", "D315857C:16.7%", "911999B2:16.7%", "633D9D61:16.7%", "735FE217:16.7%"] t=1791375044076
EPOCH_START epoch=0 elections=0 t=1791375044076
EPOCH_COMMITTEE derived_by=genesis members=6 accounts=33 n=6 digest=95D409445152DD075E6A4799205DFA5689496EB8EE1A22AC2A200B9DBC2DCF27 shares=["A353E45E:16.7%", "65A90023:16.7%", "D315857C:16.7%", "911999B2:16.7%", "633D9D61:16.7%", "735FE217:16.7%"] t=1791375044076
EPOCH_START epoch=0 elections=0 t=1791375044076
EPOCH_COMMITTEE derived_by=genesis members=6 accounts=33 n=6 digest=95D409445152DD075E6A4799205DFA5689496EB8EE1A22AC2A200B9DBC2DCF27 shares=["A353E45E:16.7%", "65A90023:16.7%", "D315857C:16.7%", "911999B2:16.7%", "633D9D61:16.7%", "735FE217:16.7%"] t=1791375044077
EPOCH_START epoch=0 elections=0 t=1791375044077
EPOCH_COMMITTEE derived_by=genesis members=6 accounts=33 n=6 digest=95D409445152DD075E6A4799205DFA5689496EB8EE1A22AC2A200B9DBC2DCF27 shares=["A353E45E:16.7%", "65A90023:16.7%", "D315857C:16.7%", "911999B2:16.7%", "633D9D61:16.7%", "735FE217:16.7%"] t=1791375044077
EPOCH_START epoch=0 elections=0 t=1791375044077
2026-10-07T12:10:44.077799Z  INFO nanospam::app: Started the epochs on every PR
2026-10-07T12:10:44.077838Z  INFO nanospam::app: Connecting to node PR0... peer_addr=[::1]:17075
2026-10-07T12:10:44.078208Z  INFO nanospam::app: Performing handshake...
2026-10-07T12:10:44.078966Z  INFO nanospam::app: Performing handshake...
2026-10-07T12:10:44.091571Z  INFO nanospam::app: Performing handshake...
2026-10-07T12:10:44.102583Z  INFO nanospam::app: Performing handshake...
2026-10-07T12:10:44.113356Z  INFO nanospam::app: Connecting to node PR1... peer_addr=[::1]:17085
2026-10-07T12:10:44.113673Z  INFO nanospam::app: Performing handshake...
2026-10-07T12:10:44.114316Z  INFO nanospam::app: Performing handshake...
2026-10-07T12:10:44.125422Z  INFO nanospam::app: Performing handshake...
2026-10-07T12:10:44.136410Z  INFO nanospam::app: Performing handshake...
2026-10-07T12:10:44.148197Z  INFO nanospam::app: Connecting to node PR2... peer_addr=[::1]:17095
2026-10-07T12:10:44.148513Z  INFO nanospam::app: Performing handshake...
2026-10-07T12:10:44.149170Z  INFO nanospam::app: Performing handshake...
2026-10-07T12:10:44.161420Z  INFO nanospam::app: Performing handshake...
2026-10-07T12:10:44.172492Z  INFO nanospam::app: Performing handshake...
2026-10-07T12:10:44.183667Z  INFO nanospam::app: Connecting to node PR3... peer_addr=[::1]:17105
2026-10-07T12:10:44.184089Z  INFO nanospam::app: Performing handshake...
2026-10-07T12:10:44.185057Z  INFO nanospam::app: Performing handshake...
2026-10-07T12:10:44.196722Z  INFO nanospam::app: Performing handshake...
2026-10-07T12:10:44.207594Z  INFO nanospam::app: Performing handshake...
2026-10-07T12:10:44.218686Z  INFO nanospam::app: Connecting to node PR4... peer_addr=[::1]:17115
2026-10-07T12:10:44.219020Z  INFO nanospam::app: Performing handshake...
2026-10-07T12:10:44.219942Z  INFO nanospam::app: Performing handshake...
2026-10-07T12:10:44.231243Z  INFO nanospam::app: Performing handshake...
2026-10-07T12:10:44.243492Z  INFO nanospam::app: Performing handshake...
2026-10-07T12:10:44.254353Z  INFO nanospam::app: Connecting to websocket...
2026-10-07T12:10:44.255152Z  INFO nanospam::app: Starting with 2000 BPS
2026-10-07T12:10:45.258735Z  INFO nanospam::app: Confirmed 486 blocks | 2,000 bps | 549 cps | avg conf time: 96 ms
2026-10-07T12:10:46.259345Z  INFO nanospam::app: Confirmed 3,896 blocks | 2,000 bps | 3,401 cps | avg conf time: 116 ms
2026-10-07T12:10:47.260501Z  INFO nanospam::app: Confirmed 5,718 blocks | 2,000 bps | 1,819 cps | avg conf time: 106 ms
2026-10-07T12:10:48.261189Z  INFO nanospam::app: Confirmed 7,482 blocks | 2,000 bps | 1,762 cps | avg conf time: 106 ms
2026-10-07T12:10:49.262157Z  INFO nanospam::app: Confirmed 9,157 blocks | 2,000 bps | 1,673 cps | avg conf time: 105 ms
2026-10-07T12:10:50.263327Z  INFO nanospam::app: Confirmed 10,926 blocks | 2,000 bps | 1,766 cps | avg conf time: 109 ms
2026-10-07T12:10:51.264199Z  INFO nanospam::app: Confirmed 12,605 blocks | 2,000 bps | 1,677 cps | avg conf time: 114 ms
EPOCH_ENDED epoch=0 elections=1659 active=1646 t=1791375052077
EPOCH_ADVANCED epoch=1 elections=1659 active=1646 vote_records=147226 t=1791375052096
EPOCH_REPORT epoch=0 certified=14136 residual=1607 root=58F5A07A9266FE853A4059BD5AF44397991704B4D63EFC1B85E147A387A09FCE reports=1 t=1791375052102
EPOCH_ENDED epoch=0 elections=1743 active=1730 t=1791375052119
EPOCH_ENDED epoch=0 elections=1745 active=1732 t=1791375052119
EPOCH_ENDED epoch=0 elections=1745 active=1732 t=1791375052119
EPOCH_ENDED epoch=0 elections=1745 active=1732 t=1791375052119
EPOCH_ADVANCED epoch=1 elections=1745 active=1732 vote_records=147225 t=1791375052138
EPOCH_ADVANCED epoch=1 elections=1745 active=1732 vote_records=147208 t=1791375052140
EPOCH_ADVANCED epoch=1 elections=1743 active=1730 vote_records=147227 t=1791375052141
EPOCH_ADVANCED epoch=1 elections=1745 active=1732 vote_records=147232 t=1791375052141
EPOCH_REPORT epoch=0 certified=14136 residual=1723 root=58F5A07A9266FE853A4059BD5AF44397991704B4D63EFC1B85E147A387A09FCE reports=1 t=1791375052144
EPOCH_REPORT epoch=0 certified=14136 residual=1739 root=58F5A07A9266FE853A4059BD5AF44397991704B4D63EFC1B85E147A387A09FCE reports=1 t=1791375052149
EPOCH_REPORT epoch=0 certified=14136 residual=1739 root=58F5A07A9266FE853A4059BD5AF44397991704B4D63EFC1B85E147A387A09FCE reports=1 t=1791375052149
EPOCH_REPORT epoch=0 certified=14136 residual=1740 root=58F5A07A9266FE853A4059BD5AF44397991704B4D63EFC1B85E147A387A09FCE reports=1 t=1791375052152
EPOCH_RECONCILED epoch=0 reporter=A353E45E6D0016CAEED0DFA4EC5B0640E2AA22A793F9F2375E77F1AB92977C04 complete=false entries=0 total=14136 symbols=0 dropped=false t=1791375052158
EPOCH_RECONCILED epoch=0 reporter=633D9D614858AB1710D5D8C3180E2A082DC97208BA8C26BA6C6D1A86C8E31CC0 complete=false entries=0 total=14136 symbols=0 dropped=false t=1791375052158
EPOCH_RECONCILED epoch=0 reporter=633D9D614858AB1710D5D8C3180E2A082DC97208BA8C26BA6C6D1A86C8E31CC0 complete=false entries=1573 total=1573 symbols=0 dropped=false t=1791375052162
EPOCH_CLOSE_UNREADY epoch=0 short_of=reports usable=1 weight=1 required=5 held=4 theirs=["D315857C:58F5A07A:DEF275A2", "911999B2:58F5A07A:64DEAE8A", "65A90023:58F5A07A:C9894A34", "633D9D61:58F5A07A:3F093854"] t=1791375052164
EPOCH_RECONCILED epoch=0 reporter=A353E45E6D0016CAEED0DFA4EC5B0640E2AA22A793F9F2375E77F1AB92977C04 complete=false entries=1573 total=1573 symbols=0 dropped=false t=1791375052165
EPOCH_CLOSE_UNREADY epoch=0 short_of=reports usable=1 weight=1 required=5 held=4 theirs=["D315857C:58F5A07A:DEF275A2", "65A90023:58F5A07A:C9894A34", "911999B2:58F5A07A:64DEAE8A", "A353E45E:58F5A07A:F2A7E2A7"] t=1791375052165
EPOCH_RECONCILED epoch=0 reporter=A353E45E6D0016CAEED0DFA4EC5B0640E2AA22A793F9F2375E77F1AB92977C04 complete=true entries=34 total=1607 symbols=72 dropped=false t=1791375052183
EPOCH_RECONCILED epoch=0 reporter=633D9D614858AB1710D5D8C3180E2A082DC97208BA8C26BA6C6D1A86C8E31CC0 complete=true entries=150 total=1723 symbols=243 dropped=false t=1791375052190
EPOCH_RECONCILED epoch=0 reporter=D315857CE70C54DE713F6E82E5613BB3A1266C15E28AD2F4338C7BBEC456F532 complete=false entries=0 total=14136 symbols=0 dropped=false t=1791375052235
EPOCH_RECONCILED epoch=0 reporter=D315857CE70C54DE713F6E82E5613BB3A1266C15E28AD2F4338C7BBEC456F532 complete=true entries=1740 total=1740 symbols=0 dropped=false t=1791375052238
EPOCH_RECONCILED epoch=0 reporter=633D9D614858AB1710D5D8C3180E2A082DC97208BA8C26BA6C6D1A86C8E31CC0 complete=false entries=0 total=14136 symbols=0 dropped=false t=1791375052239
EPOCH_RECONCILED epoch=0 reporter=633D9D614858AB1710D5D8C3180E2A082DC97208BA8C26BA6C6D1A86C8E31CC0 complete=true entries=1723 total=1723 symbols=0 dropped=false t=1791375052242
EPOCH_RECONCILED epoch=0 reporter=A353E45E6D0016CAEED0DFA4EC5B0640E2AA22A793F9F2375E77F1AB92977C04 complete=false entries=0 total=14136 symbols=0 dropped=false t=1791375052242
EPOCH_RECONCILED epoch=0 reporter=A353E45E6D0016CAEED0DFA4EC5B0640E2AA22A793F9F2375E77F1AB92977C04 complete=false entries=1583 total=1583 symbols=0 dropped=false t=1791375052257
EPOCH_RECONCILED epoch=0 reporter=65A90023F6C0D2181AAA63F005D81BBC0C04650505E21D5123F9AE1F9E992BFF complete=false entries=0 total=14136 symbols=0 dropped=false t=1791375052257
EPOCH_RECONCILED epoch=0 reporter=65A90023F6C0D2181AAA63F005D81BBC0C04650505E21D5123F9AE1F9E992BFF complete=false entries=1722 total=1722 symbols=0 dropped=false t=1791375052262
EPOCH_CLOSE_UNREADY epoch=0 short_of=reports usable=3 weight=3 required=5 held=4 theirs=["D315857C:58F5A07A:DEF275A2", "633D9D61:58F5A07A:3F093854", "A353E45E:58F5A07A:F2A7E2A7", "65A90023:58F5A07A:C9894A34"] t=1791375052262
EPOCH_RECONCILED epoch=0 reporter=A353E45E6D0016CAEED0DFA4EC5B0640E2AA22A793F9F2375E77F1AB92977C04 complete=true entries=24 total=1607 symbols=32 dropped=false t=1791375052263
EPOCH_RECONCILED epoch=0 reporter=65A90023F6C0D2181AAA63F005D81BBC0C04650505E21D5123F9AE1F9E992BFF complete=true entries=17 total=1739 symbols=32 dropped=false t=1791375052264
2026-10-07T12:10:52.265192Z  INFO nanospam::app: Confirmed 14,144 blocks | 2,000 bps | 1,537 cps | avg conf time: 113 ms
EPOCH_RECONCILED epoch=0 reporter=911999B2AEFA7ACC66EBD802B3301FF6CE431405107749D940277955CB7FDD07 complete=false entries=0 total=14136 symbols=0 dropped=false t=1791375052328
EPOCH_RECONCILED epoch=0 reporter=D315857CE70C54DE713F6E82E5613BB3A1266C15E28AD2F4338C7BBEC456F532 complete=false entries=0 total=14136 symbols=0 dropped=false t=1791375052341
EPOCH_RECONCILED epoch=0 reporter=911999B2AEFA7ACC66EBD802B3301FF6CE431405107749D940277955CB7FDD07 complete=true entries=1739 total=1739 symbols=0 dropped=false t=1791375052351
EPOCH_RECONCILED epoch=0 reporter=65A90023F6C0D2181AAA63F005D81BBC0C04650505E21D5123F9AE1F9E992BFF complete=false entries=0 total=14136 symbols=0 dropped=false t=1791375052353
EPOCH_RECONCILED epoch=0 reporter=D315857CE70C54DE713F6E82E5613BB3A1266C15E28AD2F4338C7BBEC456F532 complete=true entries=1740 total=1740 symbols=0 dropped=false t=1791375052354
EPOCH_RECONCILED epoch=0 reporter=911999B2AEFA7ACC66EBD802B3301FF6CE431405107749D940277955CB7FDD07 complete=false entries=0 total=14136 symbols=0 dropped=false t=1791375052354
EPOCH_RECONCILED epoch=0 reporter=65A90023F6C0D2181AAA63F005D81BBC0C04650505E21D5123F9AE1F9E992BFF complete=true entries=1739 total=1739 symbols=0 dropped=false t=1791375052357
EPOCH_RECONCILED epoch=0 reporter=A353E45E6D0016CAEED0DFA4EC5B0640E2AA22A793F9F2375E77F1AB92977C04 complete=false entries=0 total=14136 symbols=0 dropped=false t=1791375052358
EPOCH_RECONCILED epoch=0 reporter=911999B2AEFA7ACC66EBD802B3301FF6CE431405107749D940277955CB7FDD07 complete=true entries=1739 total=1739 symbols=0 dropped=false t=1791375052359
EPOCH_RECONCILED epoch=0 reporter=A353E45E6D0016CAEED0DFA4EC5B0640E2AA22A793F9F2375E77F1AB92977C04 complete=false entries=0 total=14136 symbols=0 dropped=false t=1791375052360
EPOCH_RECONCILED epoch=0 reporter=A353E45E6D0016CAEED0DFA4EC5B0640E2AA22A793F9F2375E77F1AB92977C04 complete=false entries=1585 total=1585 symbols=0 dropped=false t=1791375052363
EPOCH_RECONCILED epoch=0 reporter=633D9D614858AB1710D5D8C3180E2A082DC97208BA8C26BA6C6D1A86C8E31CC0 complete=false entries=0 total=14136 symbols=0 dropped=false t=1791375052364
EPOCH_RECONCILED epoch=0 reporter=A353E45E6D0016CAEED0DFA4EC5B0640E2AA22A793F9F2375E77F1AB92977C04 complete=false entries=1599 total=1599 symbols=0 dropped=false t=1791375052365
EPOCH_RECONCILED epoch=0 reporter=633D9D614858AB1710D5D8C3180E2A082DC97208BA8C26BA6C6D1A86C8E31CC0 complete=false entries=0 total=14136 symbols=0 dropped=false t=1791375052365
EPOCH_RECONCILED epoch=0 reporter=633D9D614858AB1710D5D8C3180E2A082DC97208BA8C26BA6C6D1A86C8E31CC0 complete=true entries=1723 total=1723 symbols=0 dropped=false t=1791375052369
EPOCH_CLOSE_UNREADY epoch=0 short_of=reports usable=4 weight=4 required=5 held=4 theirs=["911999B2:58F5A07A:64DEAE8A", "65A90023:58F5A07A:C9894A34", "A353E45E:58F5A07A:F2A7E2A7", "633D9D61:58F5A07A:3F093854"] t=1791375052369
EPOCH_RECONCILED epoch=0 reporter=A353E45E6D0016CAEED0DFA4EC5B0640E2AA22A793F9F2375E77F1AB92977C04 complete=true entries=22 total=1607 symbols=32 dropped=false t=1791375052370
EPOCH_RECONCILED epoch=0 reporter=633D9D614858AB1710D5D8C3180E2A082DC97208BA8C26BA6C6D1A86C8E31CC0 complete=true entries=1723 total=1723 symbols=0 dropped=false t=1791375052370
EPOCH_CLOSE_UNREADY epoch=0 short_of=reports usable=4 weight=4 required=5 held=4 theirs=["D315857C:58F5A07A:DEF275A2", "911999B2:58F5A07A:64DEAE8A", "A353E45E:58F5A07A:F2A7E2A7", "633D9D61:58F5A07A:3F093854"] t=1791375052370
EPOCH_RECONCILED epoch=0 reporter=A353E45E6D0016CAEED0DFA4EC5B0640E2AA22A793F9F2375E77F1AB92977C04 complete=true entries=8 total=1607 symbols=32 dropped=false t=1791375052371
EPOCH_RECONCILED epoch=0 reporter=D315857CE70C54DE713F6E82E5613BB3A1266C15E28AD2F4338C7BBEC456F532 complete=false entries=0 total=14136 symbols=0 dropped=false t=1791375052453
EPOCH_RECONCILED epoch=0 reporter=D315857CE70C54DE713F6E82E5613BB3A1266C15E28AD2F4338C7BBEC456F532 complete=false entries=0 total=14136 symbols=0 dropped=false t=1791375052465
EPOCH_RECONCILED epoch=0 reporter=D315857CE70C54DE713F6E82E5613BB3A1266C15E28AD2F4338C7BBEC456F532 complete=true entries=1740 total=1740 symbols=0 dropped=false t=1791375052474
EPOCH_RECONCILED epoch=0 reporter=65A90023F6C0D2181AAA63F005D81BBC0C04650505E21D5123F9AE1F9E992BFF complete=false entries=0 total=14136 symbols=0 dropped=false t=1791375052474
EPOCH_RECONCILED epoch=0 reporter=D315857CE70C54DE713F6E82E5613BB3A1266C15E28AD2F4338C7BBEC456F532 complete=true entries=1740 total=1740 symbols=0 dropped=false t=1791375052474
EPOCH_RECONCILED epoch=0 reporter=911999B2AEFA7ACC66EBD802B3301FF6CE431405107749D940277955CB7FDD07 complete=false entries=0 total=14136 symbols=0 dropped=false t=1791375052475
EPOCH_RECONCILED epoch=0 reporter=65A90023F6C0D2181AAA63F005D81BBC0C04650505E21D5123F9AE1F9E992BFF complete=true entries=1739 total=1739 symbols=0 dropped=false t=1791375052477
EPOCH_RECONCILED epoch=0 reporter=911999B2AEFA7ACC66EBD802B3301FF6CE431405107749D940277955CB7FDD07 complete=false entries=0 total=14136 symbols=0 dropped=false t=1791375052478
EPOCH_RECONCILED epoch=0 reporter=911999B2AEFA7ACC66EBD802B3301FF6CE431405107749D940277955CB7FDD07 complete=false entries=1723 total=1723 symbols=0 dropped=false t=1791375052479
EPOCH_RECONCILED epoch=0 reporter=65A90023F6C0D2181AAA63F005D81BBC0C04650505E21D5123F9AE1F9E992BFF complete=false entries=0 total=14136 symbols=0 dropped=false t=1791375052479
EPOCH_RECONCILED epoch=0 reporter=911999B2AEFA7ACC66EBD802B3301FF6CE431405107749D940277955CB7FDD07 complete=true entries=1739 total=1739 symbols=0 dropped=false t=1791375052482
EPOCH_CLOSE_READY epoch=0 t=1791375052482
EPOCH_RECONCILED epoch=0 reporter=65A90023F6C0D2181AAA63F005D81BBC0C04650505E21D5123F9AE1F9E992BFF complete=true entries=1739 total=1739 symbols=0 dropped=false t=1791375052482
EPOCH_RECONCILED epoch=0 reporter=911999B2AEFA7ACC66EBD802B3301FF6CE431405107749D940277955CB7FDD07 complete=true entries=16 total=1739 symbols=32 dropped=false t=1791375052484
EPOCH_CLOSE_READY epoch=0 t=1791375052541
EPOCH_CLOSE_READY epoch=0 t=1791375052607
EPOCH_CLOSE_READY epoch=0 t=1791375052616
EPOCH_PROPOSED epoch=0 round=0 value=B15CC08A208DC8A5BD88E8FC4EA32C4585038961F978949B790ACA126A80FE98 state=AD74A35CEFB58FEC87AE0E6D9D7F521AE20030DCDB83F29C9279CE9609E50A6C reports=5 t=1791375052676
EPOCH_VALUE epoch=0 value=B15CC08A208DC8A5BD88E8FC4EA32C4585038961F978949B790ACA126A80FE98 state=AD74A35CEFB58FEC87AE0E6D9D7F521AE20030DCDB83F29C9279CE9609E50A6C t=1791375052676
EPOCH_CLOSE_ROUND epoch=0 round=0 leader=633D9D614858AB1710D5D8C3180E2A082DC97208BA8C26BA6C6D1A86C8E31CC0 leads=true t=1791375052737
EPOCH_CLOSE_ROUND epoch=0 round=0 leader=633D9D614858AB1710D5D8C3180E2A082DC97208BA8C26BA6C6D1A86C8E31CC0 leads=false t=1791375052823
EPOCH_CLOSE_ROUND epoch=0 round=0 leader=633D9D614858AB1710D5D8C3180E2A082DC97208BA8C26BA6C6D1A86C8E31CC0 leads=false t=1791375052903
EPOCH_CLOSE_ROUND epoch=0 round=0 leader=633D9D614858AB1710D5D8C3180E2A082DC97208BA8C26BA6C6D1A86C8E31CC0 leads=false t=1791375052909
EPOCH_VALUE epoch=0 value=B15CC08A208DC8A5BD88E8FC4EA32C4585038961F978949B790ACA126A80FE98 state=AD74A35CEFB58FEC87AE0E6D9D7F521AE20030DCDB83F29C9279CE9609E50A6C t=1791375052969
EPOCH_VALUE epoch=0 value=B15CC08A208DC8A5BD88E8FC4EA32C4585038961F978949B790ACA126A80FE98 state=AD74A35CEFB58FEC87AE0E6D9D7F521AE20030DCDB83F29C9279CE9609E50A6C t=1791375052984
EPOCH_VALUE epoch=0 value=B15CC08A208DC8A5BD88E8FC4EA32C4585038961F978949B790ACA126A80FE98 state=AD74A35CEFB58FEC87AE0E6D9D7F521AE20030DCDB83F29C9279CE9609E50A6C t=1791375053022
EPOCH_VALUE epoch=0 value=B15CC08A208DC8A5BD88E8FC4EA32C4585038961F978949B790ACA126A80FE98 state=AD74A35CEFB58FEC87AE0E6D9D7F521AE20030DCDB83F29C9279CE9609E50A6C t=1791375053035
EPOCH_CLOSE_READY epoch=0 t=1791375053167
EPOCH_CLOSE_ROUND epoch=0 round=0 leader=633D9D614858AB1710D5D8C3180E2A082DC97208BA8C26BA6C6D1A86C8E31CC0 leads=false t=1791375053168
EPOCH_CLOSE_ROUND epoch=0 round=1 leader=65A90023F6C0D2181AAA63F005D81BBC0C04650505E21D5123F9AE1F9E992BFF leads=false t=1791375053206
EPOCH_CLOSE_ROUND epoch=0 round=1 leader=65A90023F6C0D2181AAA63F005D81BBC0C04650505E21D5123F9AE1F9E992BFF leads=true t=1791375053208
EPOCH_INSTALL epoch=0 finalized=15829 instances_confirmed=1645 t=1791375053208
EPOCH_CLOSE_ROUND epoch=0 round=1 leader=65A90023F6C0D2181AAA63F005D81BBC0C04650505E21D5123F9AE1F9E992BFF leads=false t=1791375053215
EPOCH_PROPOSED epoch=0 round=1 value=B0E63666A036170739DD214817A1E1954E31BB655BDEF8603DB7DA9E4CF5FC23 state=AD74A35CEFB58FEC87AE0E6D9D7F521AE20030DCDB83F29C9279CE9609E50A6C reports=5 t=1791375053226
EPOCH_VALUE epoch=0 value=B0E63666A036170739DD214817A1E1954E31BB655BDEF8603DB7DA9E4CF5FC23 state=AD74A35CEFB58FEC87AE0E6D9D7F521AE20030DCDB83F29C9279CE9609E50A6C t=1791375053226
2026-10-07T12:10:53.266129Z  INFO nanospam::app: Confirmed 14,144 blocks | 2,000 bps | 0 cps | avg conf time: 0 ms
EPOCH_INSTALL epoch=0 finalized=15829 instances_confirmed=1645 t=1791375053317
EPOCH_INSTALL epoch=0 finalized=15829 instances_confirmed=1645 t=1791375053317
EPOCH_INSTALL epoch=0 finalized=15829 instances_confirmed=1645 t=1791375053318
EPOCH_INSTALL epoch=0 finalized=15829 instances_confirmed=1645 t=1791375053320
EPOCH_COMMITTEE derived_by=0 members=6 accounts=6913 n=6 digest=95D409445152DD075E6A4799205DFA5689496EB8EE1A22AC2A200B9DBC2DCF27 shares=["65A90023:16.7%", "A353E45E:16.7%", "D315857C:16.7%", "911999B2:16.7%", "633D9D61:16.7%", "735FE217:16.7%"] t=1791375053530
EPOCH_OMITTED epoch=0 instances=5 retained=2 t=1791375053530
EPOCH_COMMITTEE derived_by=0 members=6 accounts=6913 n=6 digest=95D409445152DD075E6A4799205DFA5689496EB8EE1A22AC2A200B9DBC2DCF27 shares=["65A90023:16.7%", "A353E45E:16.7%", "D315857C:16.7%", "911999B2:16.7%", "633D9D61:16.7%", "735FE217:16.7%"] t=1791375053532
EPOCH_OMITTED epoch=0 instances=5 retained=2 t=1791375053532
EPOCH_GATE epoch=1 released=2021 finalized=1604 t=1791375053544
EPOCH_CLOSED epoch=0 round=0 value=B15CC08A208DC8A5BD88E8FC4EA32C4585038961F978949B790ACA126A80FE98 state=AD74A35CEFB58FEC87AE0E6D9D7F521AE20030DCDB83F29C9279CE9609E50A6C t=1791375053544
EPOCH_COMMITTEE derived_by=0 members=6 accounts=6913 n=6 digest=95D409445152DD075E6A4799205DFA5689496EB8EE1A22AC2A200B9DBC2DCF27 shares=["65A90023:16.7%", "A353E45E:16.7%", "D315857C:16.7%", "911999B2:16.7%", "633D9D61:16.7%", "735FE217:16.7%"] t=1791375053554
EPOCH_OMITTED epoch=0 instances=5 retained=2 t=1791375053554
EPOCH_GATE epoch=1 released=2235 finalized=1665 t=1791375053566
EPOCH_CLOSED epoch=0 round=0 value=B15CC08A208DC8A5BD88E8FC4EA32C4585038961F978949B790ACA126A80FE98 state=AD74A35CEFB58FEC87AE0E6D9D7F521AE20030DCDB83F29C9279CE9609E50A6C t=1791375053566
EPOCH_GATE epoch=1 released=2232 finalized=1665 t=1791375053591
EPOCH_CLOSED epoch=0 round=0 value=B15CC08A208DC8A5BD88E8FC4EA32C4585038961F978949B790ACA126A80FE98 state=AD74A35CEFB58FEC87AE0E6D9D7F521AE20030DCDB83F29C9279CE9609E50A6C t=1791375053591
EPOCH_INSTALLED epoch=0 finalized=15829 cemented=14216 queued=129 missing=1484 t=1791375053650
EPOCH_INSTALLED epoch=0 finalized=15829 cemented=14447 queued=1371 missing=11 t=1791375053656
EPOCH_VALUE epoch=0 value=B0E63666A036170739DD214817A1E1954E31BB655BDEF8603DB7DA9E4CF5FC23 state=AD74A35CEFB58FEC87AE0E6D9D7F521AE20030DCDB83F29C9279CE9609E50A6C t=1791375053690
EPOCH_VALUE epoch=0 value=B0E63666A036170739DD214817A1E1954E31BB655BDEF8603DB7DA9E4CF5FC23 state=AD74A35CEFB58FEC87AE0E6D9D7F521AE20030DCDB83F29C9279CE9609E50A6C t=1791375053707
EPOCH_INSTALLED epoch=0 finalized=15829 cemented=14329 queued=1499 missing=1 t=1791375053716
EPOCH_COMMITTEE derived_by=0 members=6 accounts=6913 n=6 digest=95D409445152DD075E6A4799205DFA5689496EB8EE1A22AC2A200B9DBC2DCF27 shares=["65A90023:16.7%", "A353E45E:16.7%", "D315857C:16.7%", "911999B2:16.7%", "633D9D61:16.7%", "735FE217:16.7%"] t=1791375053748
EPOCH_OMITTED epoch=0 instances=5 retained=2 t=1791375053751
EPOCH_COMMITTEE derived_by=0 members=6 accounts=6913 n=6 digest=95D409445152DD075E6A4799205DFA5689496EB8EE1A22AC2A200B9DBC2DCF27 shares=["65A90023:16.7%", "A353E45E:16.7%", "D315857C:16.7%", "911999B2:16.7%", "633D9D61:16.7%", "735FE217:16.7%"] t=1791375053776
EPOCH_OMITTED epoch=0 instances=5 retained=2 t=1791375053776
EPOCH_GATE epoch=1 released=2232 finalized=1665 t=1791375053807
EPOCH_CLOSED epoch=0 round=0 value=B15CC08A208DC8A5BD88E8FC4EA32C4585038961F978949B790ACA126A80FE98 state=AD74A35CEFB58FEC87AE0E6D9D7F521AE20030DCDB83F29C9279CE9609E50A6C t=1791375053807
EPOCH_GATE epoch=1 released=2235 finalized=1665 t=1791375053820
EPOCH_CLOSED epoch=0 round=0 value=B15CC08A208DC8A5BD88E8FC4EA32C4585038961F978949B790ACA126A80FE98 state=AD74A35CEFB58FEC87AE0E6D9D7F521AE20030DCDB83F29C9279CE9609E50A6C t=1791375053820
EPOCH_VALUE epoch=0 value=B0E63666A036170739DD214817A1E1954E31BB655BDEF8603DB7DA9E4CF5FC23 state=AD74A35CEFB58FEC87AE0E6D9D7F521AE20030DCDB83F29C9279CE9609E50A6C t=1791375053860
EPOCH_INSTALLED epoch=0 finalized=15829 cemented=14565 queued=1256 missing=8 t=1791375053894
EPOCH_INSTALLED epoch=0 finalized=15829 cemented=14312 queued=0 missing=1517 t=1791375053963
2026-10-07T12:10:54.269376Z  INFO nanospam::app: Confirmed 17,541 blocks | 2,000 bps | 3,391 cps | avg conf time: 835 ms
EPOCH_VALUE epoch=0 value=B0E63666A036170739DD214817A1E1954E31BB655BDEF8603DB7DA9E4CF5FC23 state=AD74A35CEFB58FEC87AE0E6D9D7F521AE20030DCDB83F29C9279CE9609E50A6C t=1791375054346
2026-10-07T12:10:55.270100Z  INFO nanospam::app: Confirmed 19,466 blocks | 2,000 bps | 1,920 cps | avg conf time: 121 ms
2026-10-07T12:10:56.271242Z  INFO nanospam::app: Confirmed 21,151 blocks | 2,000 bps | 1,683 cps | avg conf time: 112 ms
2026-10-07T12:10:57.272243Z  INFO nanospam::app: Confirmed 22,947 blocks | 2,000 bps | 1,794 cps | avg conf time: 111 ms
2026-10-07T12:10:58.273038Z  INFO nanospam::app: Confirmed 24,617 blocks | 2,000 bps | 1,668 cps | avg conf time: 110 ms
2026-10-07T12:10:59.273919Z  INFO nanospam::app: Confirmed 26,323 blocks | 2,000 bps | 1,704 cps | avg conf time: 116 ms
EPOCH_ENDED epoch=1 elections=1664 active=1629 t=1791375060091
EPOCH_ENDED epoch=1 elections=1665 active=1630 t=1791375060091
EPOCH_ENDED epoch=1 elections=1665 active=1630 t=1791375060091
EPOCH_ENDED epoch=1 elections=1665 active=1630 t=1791375060091
EPOCH_ENDED epoch=1 elections=1665 active=1630 t=1791375060091
EPOCH_ADVANCED epoch=2 elections=1664 active=1629 vote_records=290100 t=1791375060112
EPOCH_ADVANCED epoch=2 elections=1665 active=1630 vote_records=290123 t=1791375060112
EPOCH_ADVANCED epoch=2 elections=1665 active=1630 vote_records=290108 t=1791375060112
EPOCH_ADVANCED epoch=2 elections=1665 active=1630 vote_records=290096 t=1791375060112
EPOCH_ADVANCED epoch=2 elections=1665 active=1630 vote_records=290124 t=1791375060120
EPOCH_REPORT epoch=1 certified=13480 residual=1718 root=C2818DED859C5F7199F2F600AB7715CDCB860F8D80931037AE93D5EAFAD082FD reports=1 t=1791375060122
EPOCH_REPORT epoch=1 certified=13480 residual=1704 root=C2818DED859C5F7199F2F600AB7715CDCB860F8D80931037AE93D5EAFAD082FD reports=1 t=1791375060122
EPOCH_REPORT epoch=1 certified=13480 residual=1736 root=C2818DED859C5F7199F2F600AB7715CDCB860F8D80931037AE93D5EAFAD082FD reports=1 t=1791375060123
EPOCH_REPORT epoch=1 certified=13483 residual=1719 root=BF64CF2BC308B93DE646008DB86A5FFD7A3DAB54A0ACBCCD324A39928C0A0A35 reports=1 t=1791375060126
EPOCH_REPORT epoch=1 certified=13480 residual=1704 root=C2818DED859C5F7199F2F600AB7715CDCB860F8D80931037AE93D5EAFAD082FD reports=1 t=1791375060130
EPOCH_CLOSE_UNREADY epoch=1 short_of=reports usable=1 weight=1 required=5 held=4 theirs=["D315857C:C2818DED:5F011DD7", "633D9D61:C2818DED:5EA1BA02", "911999B2:C2818DED:F34B4B73", "65A90023:C2818DED:ADAAED88"] t=1791375060163
EPOCH_RECONCILED epoch=1 reporter=65A90023F6C0D2181AAA63F005D81BBC0C04650505E21D5123F9AE1F9E992BFF complete=false entries=0 total=13480 symbols=0 dropped=false t=1791375060205
EPOCH_RECONCILED epoch=1 reporter=65A90023F6C0D2181AAA63F005D81BBC0C04650505E21D5123F9AE1F9E992BFF complete=false entries=1726 total=1726 symbols=0 dropped=false t=1791375060209
EPOCH_RECONCILED epoch=1 reporter=D315857CE70C54DE713F6E82E5613BB3A1266C15E28AD2F4338C7BBEC456F532 complete=false entries=0 total=13480 symbols=0 dropped=false t=1791375060209
EPOCH_RECONCILED epoch=1 reporter=D315857CE70C54DE713F6E82E5613BB3A1266C15E28AD2F4338C7BBEC456F532 complete=false entries=1704 total=1704 symbols=0 dropped=false t=1791375060213
EPOCH_RECONCILED epoch=1 reporter=633D9D614858AB1710D5D8C3180E2A082DC97208BA8C26BA6C6D1A86C8E31CC0 complete=false entries=0 total=13480 symbols=0 dropped=false t=1791375060214
EPOCH_RECONCILED epoch=1 reporter=633D9D614858AB1710D5D8C3180E2A082DC97208BA8C26BA6C6D1A86C8E31CC0 complete=false entries=1704 total=1704 symbols=0 dropped=false t=1791375060220
EPOCH_RECONCILED epoch=1 reporter=D315857CE70C54DE713F6E82E5613BB3A1266C15E28AD2F4338C7BBEC456F532 complete=false entries=146 total=13480 symbols=243 dropped=false t=1791375060230
EPOCH_RECONCILED epoch=1 reporter=633D9D614858AB1710D5D8C3180E2A082DC97208BA8C26BA6C6D1A86C8E31CC0 complete=false entries=146 total=13480 symbols=243 dropped=false t=1791375060230
EPOCH_RECONCILED epoch=1 reporter=911999B2AEFA7ACC66EBD802B3301FF6CE431405107749D940277955CB7FDD07 complete=false entries=146 total=13480 symbols=243 dropped=false t=1791375060230
EPOCH_RECONCILED epoch=1 reporter=65A90023F6C0D2181AAA63F005D81BBC0C04650505E21D5123F9AE1F9E992BFF complete=false entries=146 total=13480 symbols=243 dropped=false t=1791375060230
EPOCH_RECONCILED epoch=1 reporter=633D9D614858AB1710D5D8C3180E2A082DC97208BA8C26BA6C6D1A86C8E31CC0 complete=true entries=32 total=1704 symbols=72 dropped=false t=1791375060231
EPOCH_RECONCILED epoch=1 reporter=D315857CE70C54DE713F6E82E5613BB3A1266C15E28AD2F4338C7BBEC456F532 complete=true entries=62 total=1704 symbols=108 dropped=false t=1791375060232
EPOCH_RECONCILED epoch=1 reporter=65A90023F6C0D2181AAA63F005D81BBC0C04650505E21D5123F9AE1F9E992BFF complete=true entries=70 total=1736 symbols=108 dropped=false t=1791375060232
EPOCH_RECONCILED epoch=1 reporter=911999B2AEFA7ACC66EBD802B3301FF6CE431405107749D940277955CB7FDD07 complete=false entries=0 total=13480 symbols=0 dropped=false t=1791375060243
EPOCH_RECONCILED epoch=1 reporter=911999B2AEFA7ACC66EBD802B3301FF6CE431405107749D940277955CB7FDD07 complete=false entries=1718 total=1718 symbols=0 dropped=false t=1791375060246
EPOCH_CLOSE_UNREADY epoch=1 short_of=reports usable=4 weight=4 required=5 held=4 theirs=["65A90023:C2818DED:ADAAED88", "D315857C:C2818DED:5F011DD7", "633D9D61:C2818DED:5EA1BA02", "A353E45E:BF64CF2B:8AD1CBA6"] t=1791375060261
EPOCH_RECONCILED epoch=1 reporter=A353E45E6D0016CAEED0DFA4EC5B0640E2AA22A793F9F2375E77F1AB92977C04 complete=false entries=222 total=13483 symbols=364 dropped=false t=1791375060273
2026-10-07T12:11:00.274849Z  INFO nanospam::app: Confirmed 27,899 blocks | 2,000 bps | 1,574 cps | avg conf time: 121 ms
EPOCH_RECONCILED epoch=1 reporter=911999B2AEFA7ACC66EBD802B3301FF6CE431405107749D940277955CB7FDD07 complete=false entries=0 total=13480 symbols=0 dropped=false t=1791375060278
EPOCH_RECONCILED epoch=1 reporter=D315857CE70C54DE713F6E82E5613BB3A1266C15E28AD2F4338C7BBEC456F532 complete=false entries=0 total=13480 symbols=0 dropped=false t=1791375060281
EPOCH_RECONCILED epoch=1 reporter=911999B2AEFA7ACC66EBD802B3301FF6CE431405107749D940277955CB7FDD07 complete=false entries=1718 total=1718 symbols=0 dropped=false t=1791375060282
EPOCH_RECONCILED epoch=1 reporter=633D9D614858AB1710D5D8C3180E2A082DC97208BA8C26BA6C6D1A86C8E31CC0 complete=false entries=0 total=13480 symbols=0 dropped=false t=1791375060282
EPOCH_RECONCILED epoch=1 reporter=633D9D614858AB1710D5D8C3180E2A082DC97208BA8C26BA6C6D1A86C8E31CC0 complete=false entries=1704 total=1704 symbols=0 dropped=false t=1791375060286
EPOCH_RECONCILED epoch=1 reporter=65A90023F6C0D2181AAA63F005D81BBC0C04650505E21D5123F9AE1F9E992BFF complete=false entries=0 total=13480 symbols=0 dropped=false t=1791375060286
EPOCH_RECONCILED epoch=1 reporter=D315857CE70C54DE713F6E82E5613BB3A1266C15E28AD2F4338C7BBEC456F532 complete=false entries=1704 total=1704 symbols=0 dropped=false t=1791375060288
EPOCH_RECONCILED epoch=1 reporter=633D9D614858AB1710D5D8C3180E2A082DC97208BA8C26BA6C6D1A86C8E31CC0 complete=false entries=0 total=13480 symbols=0 dropped=false t=1791375060289
EPOCH_RECONCILED epoch=1 reporter=65A90023F6C0D2181AAA63F005D81BBC0C04650505E21D5123F9AE1F9E992BFF complete=false entries=1736 total=1736 symbols=0 dropped=false t=1791375060289
EPOCH_RECONCILED epoch=1 reporter=633D9D614858AB1710D5D8C3180E2A082DC97208BA8C26BA6C6D1A86C8E31CC0 complete=false entries=1693 total=1693 symbols=0 dropped=false t=1791375060292
EPOCH_RECONCILED epoch=1 reporter=633D9D614858AB1710D5D8C3180E2A082DC97208BA8C26BA6C6D1A86C8E31CC0 complete=true entries=43 total=1704 symbols=108 dropped=false t=1791375060303
EPOCH_RECONCILED epoch=1 reporter=633D9D614858AB1710D5D8C3180E2A082DC97208BA8C26BA6C6D1A86C8E31CC0 complete=true entries=32 total=1704 symbols=72 dropped=false t=1791375060306
EPOCH_RECONCILED epoch=1 reporter=D315857CE70C54DE713F6E82E5613BB3A1266C15E28AD2F4338C7BBEC456F532 complete=true entries=62 total=1704 symbols=108 dropped=false t=1791375060308
EPOCH_CLOSE_UNREADY epoch=1 short_of=reports usable=2 weight=2 required=5 held=4 theirs=["911999B2:C2818DED:F34B4B73", "633D9D61:C2818DED:5EA1BA02", "65A90023:C2818DED:ADAAED88", "A353E45E:BF64CF2B:8AD1CBA6"] t=1791375060309
EPOCH_RECONCILED epoch=1 reporter=65A90023F6C0D2181AAA63F005D81BBC0C04650505E21D5123F9AE1F9E992BFF complete=true entries=60 total=1736 symbols=108 dropped=false t=1791375060310
EPOCH_RECONCILED epoch=1 reporter=A353E45E6D0016CAEED0DFA4EC5B0640E2AA22A793F9F2375E77F1AB92977C04 complete=false entries=222 total=13483 symbols=364 dropped=false t=1791375060314
EPOCH_RECONCILED epoch=1 reporter=A353E45E6D0016CAEED0DFA4EC5B0640E2AA22A793F9F2375E77F1AB92977C04 complete=false entries=222 total=13483 symbols=364 dropped=false t=1791375060315
EPOCH_RECONCILED epoch=1 reporter=911999B2AEFA7ACC66EBD802B3301FF6CE431405107749D940277955CB7FDD07 complete=true entries=60 total=1718 symbols=108 dropped=false t=1791375060315
EPOCH_CLOSE_UNREADY epoch=1 short_of=reports usable=4 weight=4 required=5 held=4 theirs=["911999B2:C2818DED:F34B4B73", "A353E45E:BF64CF2B:8AD1CBA6", "D315857C:C2818DED:5F011DD7", "633D9D61:C2818DED:5EA1BA02"] t=1791375060323
EPOCH_RECONCILED epoch=1 reporter=911999B2AEFA7ACC66EBD802B3301FF6CE431405107749D940277955CB7FDD07 complete=true entries=60 total=1718 symbols=108 dropped=false t=1791375060344
EPOCH_RECONCILED epoch=1 reporter=65A90023F6C0D2181AAA63F005D81BBC0C04650505E21D5123F9AE1F9E992BFF complete=false entries=0 total=13480 symbols=0 dropped=false t=1791375060363
EPOCH_RECONCILED epoch=1 reporter=65A90023F6C0D2181AAA63F005D81BBC0C04650505E21D5123F9AE1F9E992BFF complete=false entries=1735 total=1735 symbols=0 dropped=false t=1791375060367
EPOCH_RECONCILED epoch=1 reporter=D315857CE70C54DE713F6E82E5613BB3A1266C15E28AD2F4338C7BBEC456F532 complete=false entries=0 total=13480 symbols=0 dropped=false t=1791375060368
EPOCH_RECONCILED epoch=1 reporter=D315857CE70C54DE713F6E82E5613BB3A1266C15E28AD2F4338C7BBEC456F532 complete=false entries=1704 total=1704 symbols=0 dropped=false t=1791375060373
EPOCH_RECONCILED epoch=1 reporter=911999B2AEFA7ACC66EBD802B3301FF6CE431405107749D940277955CB7FDD07 complete=false entries=0 total=13480 symbols=0 dropped=false t=1791375060379
EPOCH_RECONCILED epoch=1 reporter=911999B2AEFA7ACC66EBD802B3301FF6CE431405107749D940277955CB7FDD07 complete=false entries=1718 total=1718 symbols=0 dropped=false t=1791375060383
EPOCH_RECONCILED epoch=1 reporter=911999B2AEFA7ACC66EBD802B3301FF6CE431405107749D940277955CB7FDD07 complete=true entries=60 total=1718 symbols=108 dropped=false t=1791375060394
EPOCH_RECONCILED epoch=1 reporter=D315857CE70C54DE713F6E82E5613BB3A1266C15E28AD2F4338C7BBEC456F532 complete=true entries=62 total=1704 symbols=108 dropped=false t=1791375060396
EPOCH_RECONCILED epoch=1 reporter=65A90023F6C0D2181AAA63F005D81BBC0C04650505E21D5123F9AE1F9E992BFF complete=true entries=61 total=1736 symbols=108 dropped=false t=1791375060396
EPOCH_RECONCILED epoch=1 reporter=A353E45E6D0016CAEED0DFA4EC5B0640E2AA22A793F9F2375E77F1AB92977C04 complete=false entries=222 total=13483 symbols=364 dropped=false t=1791375060402
EPOCH_CLOSE_UNREADY epoch=1 short_of=reports usable=4 weight=4 required=5 held=4 theirs=["65A90023:C2818DED:ADAAED88", "D315857C:C2818DED:5F011DD7", "A353E45E:BF64CF2B:8AD1CBA6", "911999B2:C2818DED:F34B4B73"] t=1791375060402
EPOCH_RECONCILED epoch=1 reporter=D315857CE70C54DE713F6E82E5613BB3A1266C15E28AD2F4338C7BBEC456F532 complete=false entries=1705 total=1705 symbols=0 dropped=false t=1791375060460
EPOCH_RECONCILED epoch=1 reporter=633D9D614858AB1710D5D8C3180E2A082DC97208BA8C26BA6C6D1A86C8E31CC0 complete=false entries=1699 total=1699 symbols=0 dropped=false t=1791375060469
EPOCH_RECONCILED epoch=1 reporter=911999B2AEFA7ACC66EBD802B3301FF6CE431405107749D940277955CB7FDD07 complete=false entries=1721 total=1721 symbols=0 dropped=false t=1791375060474
EPOCH_RECONCILED epoch=1 reporter=65A90023F6C0D2181AAA63F005D81BBC0C04650505E21D5123F9AE1F9E992BFF complete=false entries=1739 total=1739 symbols=0 dropped=false t=1791375060479
EPOCH_RECONCILED epoch=1 reporter=633D9D614858AB1710D5D8C3180E2A082DC97208BA8C26BA6C6D1A86C8E31CC0 complete=true entries=43 total=1704 symbols=72 dropped=false t=1791375060482
EPOCH_RECONCILED epoch=1 reporter=D315857CE70C54DE713F6E82E5613BB3A1266C15E28AD2F4338C7BBEC456F532 complete=true entries=67 total=1704 symbols=108 dropped=false t=1791375060482
EPOCH_RECONCILED epoch=1 reporter=911999B2AEFA7ACC66EBD802B3301FF6CE431405107749D940277955CB7FDD07 complete=true entries=63 total=1718 symbols=108 dropped=false t=1791375060483
EPOCH_RECONCILED epoch=1 reporter=65A90023F6C0D2181AAA63F005D81BBC0C04650505E21D5123F9AE1F9E992BFF complete=true entries=63 total=1736 symbols=108 dropped=false t=1791375060487
EPOCH_CLOSE_READY epoch=1 t=1791375060488
EPOCH_RECONCILED epoch=1 reporter=A353E45E6D0016CAEED0DFA4EC5B0640E2AA22A793F9F2375E77F1AB92977C04 complete=true entries=1719 total=1719 symbols=0 dropped=false t=1791375060519
EPOCH_CLOSE_READY epoch=1 t=1791375060525
EPOCH_RECONCILED epoch=1 reporter=A353E45E6D0016CAEED0DFA4EC5B0640E2AA22A793F9F2375E77F1AB92977C04 complete=true entries=1719 total=1719 symbols=0 dropped=false t=1791375060576
EPOCH_CLOSE_READY epoch=1 t=1791375060591
EPOCH_RECONCILED epoch=1 reporter=A353E45E6D0016CAEED0DFA4EC5B0640E2AA22A793F9F2375E77F1AB92977C04 complete=false entries=1715 total=1715 symbols=0 dropped=false t=1791375060598
EPOCH_RECONCILED epoch=1 reporter=A353E45E6D0016CAEED0DFA4EC5B0640E2AA22A793F9F2375E77F1AB92977C04 complete=true entries=4 total=1719 symbols=16 dropped=false t=1791375060600
EPOCH_CLOSE_READY epoch=1 t=1791375060602
EPOCH_RECONCILED epoch=1 reporter=A353E45E6D0016CAEED0DFA4EC5B0640E2AA22A793F9F2375E77F1AB92977C04 complete=true entries=1719 total=1719 symbols=0 dropped=false t=1791375060665
EPOCH_CLOSE_READY epoch=1 t=1791375060668
EPOCH_CLOSE_ROUND epoch=1 round=0 leader=65A90023F6C0D2181AAA63F005D81BBC0C04650505E21D5123F9AE1F9E992BFF leads=false t=1791375060734
EPOCH_CLOSE_ROUND epoch=1 round=0 leader=65A90023F6C0D2181AAA63F005D81BBC0C04650505E21D5123F9AE1F9E992BFF leads=false t=1791375060791
EPOCH_PROPOSED epoch=1 round=0 value=013AC750585964876B37982E71F33BA801593917296B8E1D8F9ABABF430E04E0 state=B096863BA89A8733EF03E9FF0B45A76D08A96083DE4203C1F4EDA5B10537B279 reports=5 t=1791375060798
EPOCH_VALUE epoch=1 value=013AC750585964876B37982E71F33BA801593917296B8E1D8F9ABABF430E04E0 state=B096863BA89A8733EF03E9FF0B45A76D08A96083DE4203C1F4EDA5B10537B279 t=1791375060798
EPOCH_CLOSE_ROUND epoch=1 round=0 leader=65A90023F6C0D2181AAA63F005D81BBC0C04650505E21D5123F9AE1F9E992BFF leads=true t=1791375060832
EPOCH_CLOSE_ROUND epoch=1 round=0 leader=65A90023F6C0D2181AAA63F005D81BBC0C04650505E21D5123F9AE1F9E992BFF leads=false t=1791375060892
EPOCH_CLOSE_ROUND epoch=1 round=0 leader=65A90023F6C0D2181AAA63F005D81BBC0C04650505E21D5123F9AE1F9E992BFF leads=false t=1791375060953
EPOCH_VALUE epoch=1 value=013AC750585964876B37982E71F33BA801593917296B8E1D8F9ABABF430E04E0 state=B096863BA89A8733EF03E9FF0B45A76D08A96083DE4203C1F4EDA5B10537B279 t=1791375061110
EPOCH_VALUE epoch=1 value=013AC750585964876B37982E71F33BA801593917296B8E1D8F9ABABF430E04E0 state=B096863BA89A8733EF03E9FF0B45A76D08A96083DE4203C1F4EDA5B10537B279 t=1791375061123
EPOCH_VALUE epoch=1 value=013AC750585964876B37982E71F33BA801593917296B8E1D8F9ABABF430E04E0 state=B096863BA89A8733EF03E9FF0B45A76D08A96083DE4203C1F4EDA5B10537B279 t=1791375061124
EPOCH_VALUE epoch=1 value=013AC750585964876B37982E71F33BA801593917296B8E1D8F9ABABF430E04E0 state=B096863BA89A8733EF03E9FF0B45A76D08A96083DE4203C1F4EDA5B10537B279 t=1791375061142
2026-10-07T12:11:01.275994Z  INFO nanospam::app: Confirmed 27,899 blocks | 2,000 bps | 0 cps | avg conf time: 0 ms
EPOCH_CLOSE_ROUND epoch=1 round=1 leader=735FE217D91E88EA82324C5883296385FA0041C2FAC85C827BAA46DA1E14B83F leads=false t=1791375061322
EPOCH_INSTALL epoch=1 finalized=15100 instances_confirmed=1471 t=1791375061337
EPOCH_INSTALL epoch=1 finalized=15100 instances_confirmed=1471 t=1791375061338
EPOCH_INSTALL epoch=1 finalized=15100 instances_confirmed=1471 t=1791375061338
EPOCH_INSTALL epoch=1 finalized=15100 instances_confirmed=1471 t=1791375061341
EPOCH_INSTALL epoch=1 finalized=15100 instances_confirmed=1471 t=1791375061344
EPOCH_COMMITTEE derived_by=1 members=6 accounts=10843 n=6 digest=95D409445152DD075E6A4799205DFA5689496EB8EE1A22AC2A200B9DBC2DCF27 shares=["65A90023:16.7%", "A353E45E:16.7%", "D315857C:16.7%", "911999B2:16.7%", "633D9D61:16.7%", "735FE217:16.7%"] t=1791375061508
EPOCH_OMITTED epoch=1 instances=7 retained=1 t=1791375061508
EPOCH_COMMITTEE derived_by=1 members=6 accounts=10843 n=6 digest=95D409445152DD075E6A4799205DFA5689496EB8EE1A22AC2A200B9DBC2DCF27 shares=["65A90023:16.7%", "A353E45E:16.7%", "D315857C:16.7%", "911999B2:16.7%", "633D9D61:16.7%", "735FE217:16.7%"] t=1791375061511
EPOCH_OMITTED epoch=1 instances=7 retained=1 t=1791375061512
EPOCH_COMMITTEE derived_by=1 members=6 accounts=10843 n=6 digest=95D409445152DD075E6A4799205DFA5689496EB8EE1A22AC2A200B9DBC2DCF27 shares=["65A90023:16.7%", "A353E45E:16.7%", "D315857C:16.7%", "911999B2:16.7%", "633D9D61:16.7%", "735FE217:16.7%"] t=1791375061514
EPOCH_OMITTED epoch=1 instances=7 retained=1 t=1791375061514
EPOCH_GATE epoch=2 released=2315 finalized=1764 t=1791375061522
EPOCH_CLOSED epoch=1 round=0 value=013AC750585964876B37982E71F33BA801593917296B8E1D8F9ABABF430E04E0 state=B096863BA89A8733EF03E9FF0B45A76D08A96083DE4203C1F4EDA5B10537B279 t=1791375061523
EPOCH_GATE epoch=2 released=2315 finalized=1764 t=1791375061524
EPOCH_CLOSED epoch=1 round=0 value=013AC750585964876B37982E71F33BA801593917296B8E1D8F9ABABF430E04E0 state=B096863BA89A8733EF03E9FF0B45A76D08A96083DE4203C1F4EDA5B10537B279 t=1791375061524
EPOCH_GATE epoch=2 released=2317 finalized=1764 t=1791375061526
EPOCH_CLOSED epoch=1 round=0 value=013AC750585964876B37982E71F33BA801593917296B8E1D8F9ABABF430E04E0 state=B096863BA89A8733EF03E9FF0B45A76D08A96083DE4203C1F4EDA5B10537B279 t=1791375061526
EPOCH_COMMITTEE derived_by=1 members=6 accounts=10843 n=6 digest=95D409445152DD075E6A4799205DFA5689496EB8EE1A22AC2A200B9DBC2DCF27 shares=["65A90023:16.7%", "A353E45E:16.7%", "D315857C:16.7%", "911999B2:16.7%", "633D9D61:16.7%", "735FE217:16.7%"] t=1791375061529
EPOCH_OMITTED epoch=1 instances=7 retained=1 t=1791375061529
EPOCH_COMMITTEE derived_by=1 members=6 accounts=10843 n=6 digest=95D409445152DD075E6A4799205DFA5689496EB8EE1A22AC2A200B9DBC2DCF27 shares=["65A90023:16.7%", "A353E45E:16.7%", "D315857C:16.7%", "911999B2:16.7%", "633D9D61:16.7%", "735FE217:16.7%"] t=1791375061534
EPOCH_OMITTED epoch=1 instances=7 retained=1 t=1791375061534
EPOCH_GATE epoch=2 released=2317 finalized=1764 t=1791375061540
EPOCH_CLOSED epoch=1 round=0 value=013AC750585964876B37982E71F33BA801593917296B8E1D8F9ABABF430E04E0 state=B096863BA89A8733EF03E9FF0B45A76D08A96083DE4203C1F4EDA5B10537B279 t=1791375061540
EPOCH_GATE epoch=2 released=2309 finalized=1764 t=1791375061549
EPOCH_CLOSED epoch=1 round=0 value=013AC750585964876B37982E71F33BA801593917296B8E1D8F9ABABF430E04E0 state=B096863BA89A8733EF03E9FF0B45A76D08A96083DE4203C1F4EDA5B10537B279 t=1791375061549
EPOCH_INSTALLED epoch=1 finalized=15100 cemented=13629 queued=1468 missing=3 t=1791375061610
EPOCH_INSTALLED epoch=1 finalized=15100 cemented=13630 queued=29 missing=1441 t=1791375061611
EPOCH_INSTALLED epoch=1 finalized=15100 cemented=13630 queued=1467 missing=3 t=1791375061708
EPOCH_INSTALLED epoch=1 finalized=15100 cemented=13631 queued=28 missing=1441 t=1791375061744
EPOCH_INSTALLED epoch=1 finalized=15100 cemented=13630 queued=1467 missing=3 t=1791375061754
2026-10-07T12:11:02.279522Z  INFO nanospam::app: Confirmed 31,286 blocks | 2,000 bps | 3,383 cps | avg conf time: 851 ms
2026-10-07T12:11:03.279747Z  INFO nanospam::app: Confirmed 33,102 blocks | 2,000 bps | 1,811 cps | avg conf time: 114 ms
2026-10-07T12:11:04.282079Z  INFO nanospam::app: Confirmed 34,791 blocks | 2,000 bps | 1,685 cps | avg conf time: 114 ms
2026-10-07T12:11:05.282845Z  INFO nanospam::app: Confirmed 36,543 blocks | 2,000 bps | 1,750 cps | avg conf time: 110 ms
2026-10-07T12:11:06.284618Z  INFO nanospam::app: Confirmed 38,232 blocks | 2,000 bps | 1,685 cps | avg conf time: 108 ms
2026-10-07T12:11:07.285740Z  INFO nanospam::app: Confirmed 39,978 blocks | 2,000 bps | 1,743 cps | avg conf time: 111 ms
EPOCH_ENDED epoch=2 elections=1423 active=1423 t=1791375068089
EPOCH_ADVANCED epoch=3 elections=1423 active=1423 vote_records=423735 t=1791375068105
EPOCH_REPORT epoch=2 certified=12680 residual=1422 root=F8DAEB1A3450F42C42F21F82555CA33EE5F6CDDC635DF4A1767998A89E13C99F reports=1 t=1791375068114
EPOCH_CLOSE_UNREADY epoch=2 short_of=reports usable=1 weight=1 required=5 held=0 theirs=[] t=1791375068120
EPOCH_ENDED epoch=2 elections=1423 active=1423 t=1791375068202
EPOCH_ADVANCED epoch=3 elections=1423 active=1423 vote_records=423704 t=1791375068220
EPOCH_REPORT epoch=2 certified=12680 residual=1422 root=F8DAEB1A3450F42C42F21F82555CA33EE5F6CDDC635DF4A1767998A89E13C99F reports=1 t=1791375068231
EPOCH_RECONCILED epoch=2 reporter=65A90023F6C0D2181AAA63F005D81BBC0C04650505E21D5123F9AE1F9E992BFF complete=false entries=0 total=12680 symbols=0 dropped=false t=1791375068239
EPOCH_RECONCILED epoch=2 reporter=65A90023F6C0D2181AAA63F005D81BBC0C04650505E21D5123F9AE1F9E992BFF complete=false entries=1397 total=1397 symbols=0 dropped=false t=1791375068242
EPOCH_RECONCILED epoch=2 reporter=65A90023F6C0D2181AAA63F005D81BBC0C04650505E21D5123F9AE1F9E992BFF complete=true entries=25 total=1422 symbols=48 dropped=false t=1791375068243
EPOCH_CLOSE_UNREADY epoch=2 short_of=reports usable=2 weight=2 required=5 held=1 theirs=["65A90023:F8DAEB1A:4BBE3E48"] t=1791375068247
EPOCH_ENDED epoch=2 elections=1423 active=1423 t=1791375068266
EPOCH_ADVANCED epoch=3 elections=1423 active=1423 vote_records=423723 t=1791375068282
2026-10-07T12:11:08.288428Z  INFO nanospam::app: Confirmed 40,609 blocks | 2,000 bps | 629 cps | avg conf time: 114 ms
EPOCH_REPORT epoch=2 certified=12680 residual=1422 root=F8DAEB1A3450F42C42F21F82555CA33EE5F6CDDC635DF4A1767998A89E13C99F reports=1 t=1791375068292
EPOCH_RECONCILED epoch=2 reporter=65A90023F6C0D2181AAA63F005D81BBC0C04650505E21D5123F9AE1F9E992BFF complete=false entries=0 total=12680 symbols=0 dropped=false t=1791375068299
EPOCH_ENDED epoch=2 elections=1423 active=1423 t=1791375068302
EPOCH_RECONCILED epoch=2 reporter=65A90023F6C0D2181AAA63F005D81BBC0C04650505E21D5123F9AE1F9E992BFF complete=false entries=1417 total=1417 symbols=0 dropped=false t=1791375068302
EPOCH_RECONCILED epoch=2 reporter=633D9D614858AB1710D5D8C3180E2A082DC97208BA8C26BA6C6D1A86C8E31CC0 complete=false entries=0 total=12680 symbols=0 dropped=false t=1791375068302
EPOCH_RECONCILED epoch=2 reporter=633D9D614858AB1710D5D8C3180E2A082DC97208BA8C26BA6C6D1A86C8E31CC0 complete=true entries=1422 total=1422 symbols=0 dropped=false t=1791375068305
EPOCH_RECONCILED epoch=2 reporter=65A90023F6C0D2181AAA63F005D81BBC0C04650505E21D5123F9AE1F9E992BFF complete=true entries=5 total=1422 symbols=16 dropped=false t=1791375068306
EPOCH_CLOSE_UNREADY epoch=2 short_of=reports usable=3 weight=3 required=5 held=2 theirs=["65A90023:F8DAEB1A:4BBE3E48", "633D9D61:F8DAEB1A:4E358866"] t=1791375068310
EPOCH_ADVANCED epoch=3 elections=1423 active=1423 vote_records=423742 t=1791375068315
EPOCH_REPORT epoch=2 certified=12680 residual=1422 root=F8DAEB1A3450F42C42F21F82555CA33EE5F6CDDC635DF4A1767998A89E13C99F reports=1 t=1791375068325
EPOCH_RECONCILED epoch=2 reporter=65A90023F6C0D2181AAA63F005D81BBC0C04650505E21D5123F9AE1F9E992BFF complete=false entries=0 total=12680 symbols=0 dropped=false t=1791375068333
EPOCH_RECONCILED epoch=2 reporter=65A90023F6C0D2181AAA63F005D81BBC0C04650505E21D5123F9AE1F9E992BFF complete=true entries=1422 total=1422 symbols=0 dropped=false t=1791375068335
EPOCH_RECONCILED epoch=2 reporter=633D9D614858AB1710D5D8C3180E2A082DC97208BA8C26BA6C6D1A86C8E31CC0 complete=false entries=0 total=12680 symbols=0 dropped=false t=1791375068335
EPOCH_RECONCILED epoch=2 reporter=633D9D614858AB1710D5D8C3180E2A082DC97208BA8C26BA6C6D1A86C8E31CC0 complete=true entries=1422 total=1422 symbols=0 dropped=false t=1791375068338
EPOCH_RECONCILED epoch=2 reporter=D315857CE70C54DE713F6E82E5613BB3A1266C15E28AD2F4338C7BBEC456F532 complete=false entries=0 total=12680 symbols=0 dropped=false t=1791375068338
EPOCH_RECONCILED epoch=2 reporter=D315857CE70C54DE713F6E82E5613BB3A1266C15E28AD2F4338C7BBEC456F532 complete=true entries=1422 total=1422 symbols=0 dropped=false t=1791375068340
EPOCH_CLOSE_UNREADY epoch=2 short_of=reports usable=4 weight=4 required=5 held=3 theirs=["65A90023:F8DAEB1A:4BBE3E48", "633D9D61:F8DAEB1A:4E358866", "D315857C:F8DAEB1A:4E358866"] t=1791375068345
EPOCH_ENDED epoch=2 elections=1423 active=1423 t=1791375068366
EPOCH_ADVANCED epoch=3 elections=1423 active=1423 vote_records=423713 t=1791375068382
EPOCH_REPORT epoch=2 certified=12680 residual=1422 root=F8DAEB1A3450F42C42F21F82555CA33EE5F6CDDC635DF4A1767998A89E13C99F reports=1 t=1791375068392
EPOCH_RECONCILED epoch=2 reporter=65A90023F6C0D2181AAA63F005D81BBC0C04650505E21D5123F9AE1F9E992BFF complete=false entries=0 total=12680 symbols=0 dropped=false t=1791375068400
EPOCH_RECONCILED epoch=2 reporter=65A90023F6C0D2181AAA63F005D81BBC0C04650505E21D5123F9AE1F9E992BFF complete=true entries=1422 total=1422 symbols=0 dropped=false t=1791375068402
EPOCH_RECONCILED epoch=2 reporter=633D9D614858AB1710D5D8C3180E2A082DC97208BA8C26BA6C6D1A86C8E31CC0 complete=false entries=0 total=12680 symbols=0 dropped=false t=1791375068403
EPOCH_RECONCILED epoch=2 reporter=D315857CE70C54DE713F6E82E5613BB3A1266C15E28AD2F4338C7BBEC456F532 complete=false entries=0 total=12680 symbols=0 dropped=false t=1791375068405
EPOCH_RECONCILED epoch=2 reporter=633D9D614858AB1710D5D8C3180E2A082DC97208BA8C26BA6C6D1A86C8E31CC0 complete=true entries=1422 total=1422 symbols=0 dropped=false t=1791375068405
EPOCH_RECONCILED epoch=2 reporter=D315857CE70C54DE713F6E82E5613BB3A1266C15E28AD2F4338C7BBEC456F532 complete=false entries=0 total=12680 symbols=0 dropped=false t=1791375068406
EPOCH_RECONCILED epoch=2 reporter=D315857CE70C54DE713F6E82E5613BB3A1266C15E28AD2F4338C7BBEC456F532 complete=true entries=1422 total=1422 symbols=0 dropped=false t=1791375068407
EPOCH_RECONCILED epoch=2 reporter=911999B2AEFA7ACC66EBD802B3301FF6CE431405107749D940277955CB7FDD07 complete=false entries=0 total=12680 symbols=0 dropped=false t=1791375068408
EPOCH_RECONCILED epoch=2 reporter=D315857CE70C54DE713F6E82E5613BB3A1266C15E28AD2F4338C7BBEC456F532 complete=true entries=1422 total=1422 symbols=0 dropped=false t=1791375068408
EPOCH_RECONCILED epoch=2 reporter=A353E45E6D0016CAEED0DFA4EC5B0640E2AA22A793F9F2375E77F1AB92977C04 complete=false entries=0 total=12680 symbols=0 dropped=false t=1791375068409
EPOCH_RECONCILED epoch=2 reporter=911999B2AEFA7ACC66EBD802B3301FF6CE431405107749D940277955CB7FDD07 complete=true entries=1422 total=1422 symbols=0 dropped=false t=1791375068410
EPOCH_RECONCILED epoch=2 reporter=633D9D614858AB1710D5D8C3180E2A082DC97208BA8C26BA6C6D1A86C8E31CC0 complete=false entries=0 total=12680 symbols=0 dropped=false t=1791375068411
EPOCH_RECONCILED epoch=2 reporter=A353E45E6D0016CAEED0DFA4EC5B0640E2AA22A793F9F2375E77F1AB92977C04 complete=true entries=1422 total=1422 symbols=0 dropped=false t=1791375068411
EPOCH_RECONCILED epoch=2 reporter=633D9D614858AB1710D5D8C3180E2A082DC97208BA8C26BA6C6D1A86C8E31CC0 complete=true entries=1422 total=1422 symbols=0 dropped=false t=1791375068413
EPOCH_RECONCILED epoch=2 reporter=A353E45E6D0016CAEED0DFA4EC5B0640E2AA22A793F9F2375E77F1AB92977C04 complete=false entries=0 total=12680 symbols=0 dropped=false t=1791375068414
EPOCH_CLOSE_READY epoch=2 t=1791375068416
EPOCH_RECONCILED epoch=2 reporter=A353E45E6D0016CAEED0DFA4EC5B0640E2AA22A793F9F2375E77F1AB92977C04 complete=true entries=1422 total=1422 symbols=0 dropped=false t=1791375068416
EPOCH_CLOSE_READY epoch=2 t=1791375068421
EPOCH_RECONCILED epoch=2 reporter=A353E45E6D0016CAEED0DFA4EC5B0640E2AA22A793F9F2375E77F1AB92977C04 complete=false entries=0 total=12680 symbols=0 dropped=false t=1791375068522
EPOCH_RECONCILED epoch=2 reporter=A353E45E6D0016CAEED0DFA4EC5B0640E2AA22A793F9F2375E77F1AB92977C04 complete=true entries=1422 total=1422 symbols=0 dropped=false t=1791375068524
EPOCH_RECONCILED epoch=2 reporter=911999B2AEFA7ACC66EBD802B3301FF6CE431405107749D940277955CB7FDD07 complete=false entries=0 total=12680 symbols=0 dropped=false t=1791375068525
EPOCH_RECONCILED epoch=2 reporter=911999B2AEFA7ACC66EBD802B3301FF6CE431405107749D940277955CB7FDD07 complete=true entries=1422 total=1422 symbols=0 dropped=false t=1791375068528
EPOCH_RECONCILED epoch=2 reporter=D315857CE70C54DE713F6E82E5613BB3A1266C15E28AD2F4338C7BBEC456F532 complete=false entries=0 total=12680 symbols=0 dropped=false t=1791375068528
EPOCH_RECONCILED epoch=2 reporter=D315857CE70C54DE713F6E82E5613BB3A1266C15E28AD2F4338C7BBEC456F532 complete=true entries=1422 total=1422 symbols=0 dropped=false t=1791375068531
EPOCH_CLOSE_READY epoch=2 t=1791375068536
EPOCH_RECONCILED epoch=2 reporter=A353E45E6D0016CAEED0DFA4EC5B0640E2AA22A793F9F2375E77F1AB92977C04 complete=false entries=0 total=12680 symbols=0 dropped=false t=1791375068582
EPOCH_RECONCILED epoch=2 reporter=A353E45E6D0016CAEED0DFA4EC5B0640E2AA22A793F9F2375E77F1AB92977C04 complete=true entries=1422 total=1422 symbols=0 dropped=false t=1791375068585
EPOCH_RECONCILED epoch=2 reporter=911999B2AEFA7ACC66EBD802B3301FF6CE431405107749D940277955CB7FDD07 complete=false entries=0 total=12680 symbols=0 dropped=false t=1791375068585
EPOCH_RECONCILED epoch=2 reporter=911999B2AEFA7ACC66EBD802B3301FF6CE431405107749D940277955CB7FDD07 complete=true entries=1422 total=1422 symbols=0 dropped=false t=1791375068588
EPOCH_CLOSE_READY epoch=2 t=1791375068593
EPOCH_RECONCILED epoch=2 reporter=911999B2AEFA7ACC66EBD802B3301FF6CE431405107749D940277955CB7FDD07 complete=false entries=0 total=12680 symbols=0 dropped=false t=1791375068620
EPOCH_RECONCILED epoch=2 reporter=911999B2AEFA7ACC66EBD802B3301FF6CE431405107749D940277955CB7FDD07 complete=true entries=1422 total=1422 symbols=0 dropped=false t=1791375068623
EPOCH_CLOSE_READY epoch=2 t=1791375068628
EPOCH_CLOSE_ROUND epoch=2 round=0 leader=735FE217D91E88EA82324C5883296385FA0041C2FAC85C827BAA46DA1E14B83F leads=false t=1791375068671
EPOCH_CLOSE_ROUND epoch=2 round=0 leader=735FE217D91E88EA82324C5883296385FA0041C2FAC85C827BAA46DA1E14B83F leads=false t=1791375068696
EPOCH_CLOSE_ROUND epoch=2 round=0 leader=735FE217D91E88EA82324C5883296385FA0041C2FAC85C827BAA46DA1E14B83F leads=false t=1791375068812
EPOCH_CLOSE_ROUND epoch=2 round=0 leader=735FE217D91E88EA82324C5883296385FA0041C2FAC85C827BAA46DA1E14B83F leads=false t=1791375068873
EPOCH_CLOSE_ROUND epoch=2 round=0 leader=735FE217D91E88EA82324C5883296385FA0041C2FAC85C827BAA46DA1E14B83F leads=false t=1791375068912
2026-10-07T12:11:09.289690Z  INFO nanospam::app: Confirmed 40,609 blocks | 2,000 bps | 0 cps | avg conf time: 0 ms
2026-10-07T12:11:10.292277Z  INFO nanospam::app: Confirmed 40,609 blocks | 2,000 bps | 0 cps | avg conf time: 0 ms
EPOCH_CLOSE_ROUND epoch=2 round=1 leader=911999B2AEFA7ACC66EBD802B3301FF6CE431405107749D940277955CB7FDD07 leads=true t=1791375071110
EPOCH_CLOSE_ROUND epoch=2 round=1 leader=911999B2AEFA7ACC66EBD802B3301FF6CE431405107749D940277955CB7FDD07 leads=false t=1791375071125
EPOCH_PROPOSED epoch=2 round=1 value=F6C3FFB0B7ACF138DA8AF38116EF632CCDDCC9CD5D814C8FFF0975DF44CDABB5 state=00C2828D5ACFAF4A0938268736E61EFD6D2FD73A5E3279426C95BE39DCBCB09A reports=5 t=1791375071235
EPOCH_VALUE epoch=2 value=F6C3FFB0B7ACF138DA8AF38116EF632CCDDCC9CD5D814C8FFF0975DF44CDABB5 state=00C2828D5ACFAF4A0938268736E61EFD6D2FD73A5E3279426C95BE39DCBCB09A t=1791375071235
EPOCH_CLOSE_ROUND epoch=2 round=1 leader=911999B2AEFA7ACC66EBD802B3301FF6CE431405107749D940277955CB7FDD07 leads=false t=1791375071239
2026-10-07T12:11:11.292573Z  INFO nanospam::app: Confirmed 40,609 blocks | 2,000 bps | 0 cps | avg conf time: 0 ms
EPOCH_CLOSE_ROUND epoch=2 round=1 leader=911999B2AEFA7ACC66EBD802B3301FF6CE431405107749D940277955CB7FDD07 leads=false t=1791375071311
EPOCH_CLOSE_ROUND epoch=2 round=1 leader=911999B2AEFA7ACC66EBD802B3301FF6CE431405107749D940277955CB7FDD07 leads=false t=1791375071338
EPOCH_VALUE epoch=2 value=F6C3FFB0B7ACF138DA8AF38116EF632CCDDCC9CD5D814C8FFF0975DF44CDABB5 state=00C2828D5ACFAF4A0938268736E61EFD6D2FD73A5E3279426C95BE39DCBCB09A t=1791375071374
EPOCH_VALUE epoch=2 value=F6C3FFB0B7ACF138DA8AF38116EF632CCDDCC9CD5D814C8FFF0975DF44CDABB5 state=00C2828D5ACFAF4A0938268736E61EFD6D2FD73A5E3279426C95BE39DCBCB09A t=1791375071376
EPOCH_VALUE epoch=2 value=F6C3FFB0B7ACF138DA8AF38116EF632CCDDCC9CD5D814C8FFF0975DF44CDABB5 state=00C2828D5ACFAF4A0938268736E61EFD6D2FD73A5E3279426C95BE39DCBCB09A t=1791375071377
EPOCH_VALUE epoch=2 value=F6C3FFB0B7ACF138DA8AF38116EF632CCDDCC9CD5D814C8FFF0975DF44CDABB5 state=00C2828D5ACFAF4A0938268736E61EFD6D2FD73A5E3279426C95BE39DCBCB09A t=1791375071385
EPOCH_INSTALL epoch=2 finalized=14102 instances_confirmed=1422 t=1791375071499
EPOCH_INSTALL epoch=2 finalized=14102 instances_confirmed=1422 t=1791375071501
EPOCH_INSTALL epoch=2 finalized=14102 instances_confirmed=1422 t=1791375071501
EPOCH_INSTALL epoch=2 finalized=14102 instances_confirmed=1422 t=1791375071502
EPOCH_INSTALL epoch=2 finalized=14102 instances_confirmed=1422 t=1791375071508
EPOCH_COMMITTEE derived_by=2 members=6 accounts=12315 n=6 digest=95D409445152DD075E6A4799205DFA5689496EB8EE1A22AC2A200B9DBC2DCF27 shares=["65A90023:16.7%", "A353E45E:16.7%", "D315857C:16.7%", "911999B2:16.7%", "633D9D61:16.7%", "735FE217:16.7%"] t=1791375071643
EPOCH_CLOSED epoch=2 round=1 value=F6C3FFB0B7ACF138DA8AF38116EF632CCDDCC9CD5D814C8FFF0975DF44CDABB5 state=00C2828D5ACFAF4A0938268736E61EFD6D2FD73A5E3279426C95BE39DCBCB09A t=1791375071643
EPOCH_COMMITTEE derived_by=2 members=6 accounts=12315 n=6 digest=95D409445152DD075E6A4799205DFA5689496EB8EE1A22AC2A200B9DBC2DCF27 shares=["65A90023:16.7%", "A353E45E:16.7%", "D315857C:16.7%", "911999B2:16.7%", "633D9D61:16.7%", "735FE217:16.7%"] t=1791375071651
EPOCH_CLOSED epoch=2 round=1 value=F6C3FFB0B7ACF138DA8AF38116EF632CCDDCC9CD5D814C8FFF0975DF44CDABB5 state=00C2828D5ACFAF4A0938268736E61EFD6D2FD73A5E3279426C95BE39DCBCB09A t=1791375071651
EPOCH_COMMITTEE derived_by=2 members=6 accounts=12315 n=6 digest=95D409445152DD075E6A4799205DFA5689496EB8EE1A22AC2A200B9DBC2DCF27 shares=["65A90023:16.7%", "A353E45E:16.7%", "D315857C:16.7%", "911999B2:16.7%", "633D9D61:16.7%", "735FE217:16.7%"] t=1791375071655
EPOCH_CLOSED epoch=2 round=1 value=F6C3FFB0B7ACF138DA8AF38116EF632CCDDCC9CD5D814C8FFF0975DF44CDABB5 state=00C2828D5ACFAF4A0938268736E61EFD6D2FD73A5E3279426C95BE39DCBCB09A t=1791375071655
EPOCH_COMMITTEE derived_by=2 members=6 accounts=12315 n=6 digest=95D409445152DD075E6A4799205DFA5689496EB8EE1A22AC2A200B9DBC2DCF27 shares=["65A90023:16.7%", "A353E45E:16.7%", "D315857C:16.7%", "911999B2:16.7%", "633D9D61:16.7%", "735FE217:16.7%"] t=1791375071672
EPOCH_CLOSED epoch=2 round=1 value=F6C3FFB0B7ACF138DA8AF38116EF632CCDDCC9CD5D814C8FFF0975DF44CDABB5 state=00C2828D5ACFAF4A0938268736E61EFD6D2FD73A5E3279426C95BE39DCBCB09A t=1791375071673
EPOCH_INSTALLED epoch=2 finalized=14102 cemented=12681 queued=6 missing=1415 t=1791375071681
EPOCH_INSTALLED epoch=2 finalized=14102 cemented=14101 queued=1 missing=0 t=1791375071724
EPOCH_INSTALLED epoch=2 finalized=14102 cemented=13546 queued=556 missing=0 t=1791375071726
EPOCH_INSTALLED epoch=2 finalized=14102 cemented=12681 queued=6 missing=1415 t=1791375071730
EPOCH_COMMITTEE derived_by=2 members=6 accounts=12315 n=6 digest=95D409445152DD075E6A4799205DFA5689496EB8EE1A22AC2A200B9DBC2DCF27 shares=["65A90023:16.7%", "A353E45E:16.7%", "D315857C:16.7%", "911999B2:16.7%", "633D9D61:16.7%", "735FE217:16.7%"] t=1791375071734
EPOCH_CLOSED epoch=2 round=1 value=F6C3FFB0B7ACF138DA8AF38116EF632CCDDCC9CD5D814C8FFF0975DF44CDABB5 state=00C2828D5ACFAF4A0938268736E61EFD6D2FD73A5E3279426C95BE39DCBCB09A t=1791375071734
EPOCH_INSTALLED epoch=2 finalized=14102 cemented=13887 queued=215 missing=0 t=1791375071775
2026-10-07T12:11:12.294746Z  INFO nanospam::app: Confirmed 40,609 blocks | 2,000 bps | 0 cps | avg conf time: 0 ms
2026-10-07T12:11:13.297096Z  INFO nanospam::app: Confirmed 40,609 blocks | 2,000 bps | 0 cps | avg conf time: 0 ms
2026-10-07T12:11:14.298577Z  INFO nanospam::app: Confirmed 40,609 blocks | 2,000 bps | 0 cps | avg conf time: 0 ms
2026-10-07T12:11:15.299556Z  INFO nanospam::app: Confirmed 40,609 blocks | 2,000 bps | 0 cps | avg conf time: 0 ms
2026-10-07T12:11:16.300414Z  INFO nanospam::app: Confirmed 40,609 blocks | 2,000 bps | 0 cps | avg conf time: 0 ms
2026-10-07T12:11:17.302660Z  INFO nanospam::app: Confirmed 40,609 blocks | 2,000 bps | 0 cps | avg conf time: 0 ms
2026-10-07T12:11:18.305230Z  INFO nanospam::app: Confirmed 40,609 blocks | 2,000 bps | 0 cps | avg conf time: 0 ms
2026-10-07T12:11:19.307340Z  INFO nanospam::app: Confirmed 40,609 blocks | 2,000 bps | 0 cps | avg conf time: 0 ms
2026-10-07T12:11:20.309124Z  INFO nanospam::app: Confirmed 40,609 blocks | 2,000 bps | 0 cps | avg conf time: 0 ms
2026-10-07T12:11:21.311845Z  INFO nanospam::app: Confirmed 40,609 blocks | 2,000 bps | 0 cps | avg conf time: 0 ms
2026-10-07T12:11:22.312155Z  INFO nanospam::app: Confirmed 40,609 blocks | 2,000 bps | 0 cps | avg conf time: 0 ms
2026-10-07T12:11:23.313496Z  INFO nanospam::app: Confirmed 40,609 blocks | 2,000 bps | 0 cps | avg conf time: 0 ms
2026-10-07T12:11:24.315579Z  INFO nanospam::app: Confirmed 40,609 blocks | 2,000 bps | 0 cps | avg conf time: 0 ms
2026-10-07T12:11:25.316608Z  INFO nanospam::app: Confirmed 40,609 blocks | 2,000 bps | 0 cps | avg conf time: 0 ms
2026-10-07T12:11:26.318145Z  INFO nanospam::app: Confirmed 40,609 blocks | 2,000 bps | 0 cps | avg conf time: 0 ms
2026-10-07T12:11:27.320014Z  INFO nanospam::app: Confirmed 40,609 blocks | 2,000 bps | 0 cps | avg conf time: 0 ms
2026-10-07T12:11:28.321012Z  INFO nanospam::app: Confirmed 40,609 blocks | 2,000 bps | 0 cps | avg conf time: 0 ms
2026-10-07T12:11:29.322945Z  INFO nanospam::app: Confirmed 40,609 blocks | 2,000 bps | 0 cps | avg conf time: 0 ms
2026-10-07T12:11:30.325113Z  INFO nanospam::app: Confirmed 40,609 blocks | 2,000 bps | 0 cps | avg conf time: 0 ms
2026-10-07T12:11:31.327147Z  INFO nanospam::app: Confirmed 40,609 blocks | 2,000 bps | 0 cps | avg conf time: 0 ms
2026-10-07T12:11:32.329712Z  INFO nanospam::app: Confirmed 40,609 blocks | 2,000 bps | 0 cps | avg conf time: 0 ms
2026-10-07T12:11:33.331292Z  INFO nanospam::app: Confirmed 40,609 blocks | 2,000 bps | 0 cps | avg conf time: 0 ms
2026-10-07T12:11:34.333145Z  INFO nanospam::app: Confirmed 40,609 blocks | 2,000 bps | 0 cps | avg conf time: 0 ms
2026-10-07T12:11:35.334732Z  INFO nanospam::app: Confirmed 40,609 blocks | 2,000 bps | 0 cps | avg conf time: 0 ms
2026-10-07T12:11:36.336716Z  INFO nanospam::app: Confirmed 40,609 blocks | 2,000 bps | 0 cps | avg conf time: 0 ms
2026-10-07T12:11:37.339094Z  INFO nanospam::app: Confirmed 40,609 blocks | 2,000 bps | 0 cps | avg conf time: 0 ms
2026-10-07T12:11:38.340871Z  INFO nanospam::app: Confirmed 40,609 blocks | 2,000 bps | 0 cps | avg conf time: 0 ms
2026-10-07T12:11:39.342314Z  INFO nanospam::app: Confirmed 40,609 blocks | 2,000 bps | 0 cps | avg conf time: 0 ms
2026-10-07T12:11:40.343634Z  INFO nanospam::app: Confirmed 40,609 blocks | 2,000 bps | 0 cps | avg conf time: 0 ms
2026-10-07T12:11:41.345885Z  INFO nanospam::app: Confirmed 40,609 blocks | 2,000 bps | 0 cps | avg conf time: 0 ms
2026-10-07T12:11:42.347970Z  INFO nanospam::app: Confirmed 40,609 blocks | 2,000 bps | 0 cps | avg conf time: 0 ms
2026-10-07T12:11:43.349678Z  INFO nanospam::app: Confirmed 40,609 blocks | 2,000 bps | 0 cps | avg conf time: 0 ms
2026-10-07T12:11:44.352138Z  INFO nanospam::app: Confirmed 40,609 blocks | 2,000 bps | 0 cps | avg conf time: 0 ms
2026-10-07T12:11:45.352794Z  INFO nanospam::app: Confirmed 40,609 blocks | 2,000 bps | 0 cps | avg conf time: 0 ms
2026-10-07T12:11:46.354794Z  INFO nanospam::app: Confirmed 40,609 blocks | 2,000 bps | 0 cps | avg conf time: 0 ms
2026-10-07T12:11:47.357134Z  INFO nanospam::app: Confirmed 40,609 blocks | 2,000 bps | 0 cps | avg conf time: 0 ms
2026-10-07T12:11:48.357603Z  INFO nanospam::app: Confirmed 40,609 blocks | 2,000 bps | 0 cps | avg conf time: 0 ms
2026-10-07T12:11:49.359168Z  INFO nanospam::app: Confirmed 40,609 blocks | 2,000 bps | 0 cps | avg conf time: 0 ms
2026-10-07T12:11:50.361838Z  INFO nanospam::app: Confirmed 40,609 blocks | 2,000 bps | 0 cps | avg conf time: 0 ms
2026-10-07T12:11:51.362310Z  INFO nanospam::app: Confirmed 40,609 blocks | 2,000 bps | 0 cps | avg conf time: 0 ms
2026-10-07T12:11:52.364120Z  INFO nanospam::app: Confirmed 40,609 blocks | 2,000 bps | 0 cps | avg conf time: 0 ms
2026-10-07T12:11:53.366252Z  INFO nanospam::app: Confirmed 40,609 blocks | 2,000 bps | 0 cps | avg conf time: 0 ms
2026-10-07T12:11:54.368708Z  INFO nanospam::app: Confirmed 40,609 blocks | 2,000 bps | 0 cps | avg conf time: 0 ms
2026-10-07T12:11:55.370399Z  INFO nanospam::app: Confirmed 40,609 blocks | 2,000 bps | 0 cps | avg conf time: 0 ms
2026-10-07T12:11:56.371152Z  INFO nanospam::app: Confirmed 40,609 blocks | 2,000 bps | 0 cps | avg conf time: 0 ms
2026-10-07T12:11:57.372294Z  INFO nanospam::app: Confirmed 40,609 blocks | 2,000 bps | 0 cps | avg conf time: 0 ms
2026-10-07T12:11:58.374223Z  INFO nanospam::app: Confirmed 40,609 blocks | 2,000 bps | 0 cps | avg conf time: 0 ms
2026-10-07T12:11:59.375862Z  INFO nanospam::app: Confirmed 40,609 blocks | 2,000 bps | 0 cps | avg conf time: 0 ms
2026-10-07T12:12:00.378145Z  INFO nanospam::app: Confirmed 40,609 blocks | 2,000 bps | 0 cps | avg conf time: 0 ms
2026-10-07T12:12:01.379974Z  INFO nanospam::app: Confirmed 40,609 blocks | 2,000 bps | 0 cps | avg conf time: 0 ms
2026-10-07T12:12:02.381786Z  INFO nanospam::app: Confirmed 40,609 blocks | 2,000 bps | 0 cps | avg conf time: 0 ms
2026-10-07T12:12:03.384090Z  INFO nanospam::app: Confirmed 40,609 blocks | 2,000 bps | 0 cps | avg conf time: 0 ms
2026-10-07T12:12:04.386581Z  INFO nanospam::app: Confirmed 40,609 blocks | 2,000 bps | 0 cps | avg conf time: 0 ms
2026-10-07T12:12:05.389741Z  INFO nanospam::app: Confirmed 40,609 blocks | 2,000 bps | 0 cps | avg conf time: 0 ms
2026-10-07T12:12:06.392651Z  INFO nanospam::app: Confirmed 40,609 blocks | 2,000 bps | 0 cps | avg conf time: 0 ms
2026-10-07T12:12:07.395165Z  INFO nanospam::app: Confirmed 40,609 blocks | 2,000 bps | 0 cps | avg conf time: 0 ms
2026-10-07T12:12:08.397010Z  INFO nanospam::app: Confirmed 40,609 blocks | 2,000 bps | 0 cps | avg conf time: 0 ms
2026-10-07T12:12:09.399532Z  INFO nanospam::app: Confirmed 40,609 blocks | 2,000 bps | 0 cps | avg conf time: 0 ms
2026-10-07T12:12:10.402175Z  INFO nanospam::app: Confirmed 40,609 blocks | 2,000 bps | 0 cps | avg conf time: 0 ms
2026-10-07T12:12:11.404439Z  INFO nanospam::app: Confirmed 40,609 blocks | 2,000 bps | 0 cps | avg conf time: 0 ms
2026-10-07T12:12:12.405402Z  INFO nanospam::app: Confirmed 40,609 blocks | 2,000 bps | 0 cps | avg conf time: 0 ms
2026-10-07T12:12:13.407344Z  INFO nanospam::app: Confirmed 40,609 blocks | 2,000 bps | 0 cps | avg conf time: 0 ms
2026-10-07T12:12:14.408362Z  INFO nanospam::app: Confirmed 40,609 blocks | 2,000 bps | 0 cps | avg conf time: 0 ms
2026-10-07T12:12:15.410577Z  INFO nanospam::app: Confirmed 40,609 blocks | 2,000 bps | 0 cps | avg conf time: 0 ms
2026-10-07T12:12:16.412500Z  INFO nanospam::app: Confirmed 40,609 blocks | 2,000 bps | 0 cps | avg conf time: 0 ms
2026-10-07T12:12:17.415126Z  INFO nanospam::app: Confirmed 40,609 blocks | 2,000 bps | 0 cps | avg conf time: 0 ms
2026-10-07T12:12:18.416568Z  INFO nanospam::app: Confirmed 40,609 blocks | 2,000 bps | 0 cps | avg conf time: 0 ms
2026-10-07T12:12:19.418490Z  INFO nanospam::app: Confirmed 40,609 blocks | 2,000 bps | 0 cps | avg conf time: 0 ms
2026-10-07T12:12:20.419300Z  INFO nanospam::app: Confirmed 40,609 blocks | 2,000 bps | 0 cps | avg conf time: 0 ms
2026-10-07T12:12:21.421156Z  INFO nanospam::app: Confirmed 40,609 blocks | 2,000 bps | 0 cps | avg conf time: 0 ms
2026-10-07T12:12:22.423114Z  INFO nanospam::app: Confirmed 40,609 blocks | 2,000 bps | 0 cps | avg conf time: 0 ms
2026-10-07T12:12:23.426064Z  INFO nanospam::app: Confirmed 40,609 blocks | 2,000 bps | 0 cps | avg conf time: 0 ms
2026-10-07T12:12:24.427700Z  INFO nanospam::app: Confirmed 40,609 blocks | 2,000 bps | 0 cps | avg conf time: 0 ms
2026-10-07T12:12:25.430100Z  INFO nanospam::app: Confirmed 40,609 blocks | 2,000 bps | 0 cps | avg conf time: 0 ms
2026-10-07T12:12:26.431143Z  INFO nanospam::app: Confirmed 40,609 blocks | 2,000 bps | 0 cps | avg conf time: 0 ms
2026-10-07T12:12:27.432551Z  INFO nanospam::app: Confirmed 40,609 blocks | 2,000 bps | 0 cps | avg conf time: 0 ms
2026-10-07T12:12:28.434518Z  INFO nanospam::app: Confirmed 40,609 blocks | 2,000 bps | 0 cps | avg conf time: 0 ms
2026-10-07T12:12:29.436493Z  INFO nanospam::app: Confirmed 40,609 blocks | 2,000 bps | 0 cps | avg conf time: 0 ms
2026-10-07T12:12:30.439595Z  INFO nanospam::app: Confirmed 40,609 blocks | 2,000 bps | 0 cps | avg conf time: 0 ms
2026-10-07T12:12:31.440063Z  INFO nanospam::app: Confirmed 40,609 blocks | 2,000 bps | 0 cps | avg conf time: 0 ms
2026-10-07T12:12:32.443138Z  INFO nanospam::app: Confirmed 40,609 blocks | 2,000 bps | 0 cps | avg conf time: 0 ms
2026-10-07T12:12:33.446445Z  INFO nanospam::app: Confirmed 40,609 blocks | 2,000 bps | 0 cps | avg conf time: 0 ms
2026-10-07T12:12:34.449690Z  INFO nanospam::app: Confirmed 40,609 blocks | 2,000 bps | 0 cps | avg conf time: 0 ms
2026-10-07T12:12:35.453219Z  INFO nanospam::app: Confirmed 40,609 blocks | 2,000 bps | 0 cps | avg conf time: 0 ms
2026-10-07T12:12:36.453852Z  INFO nanospam::app: Confirmed 40,609 blocks | 2,000 bps | 0 cps | avg conf time: 0 ms
2026-10-07T12:12:37.456633Z  INFO nanospam::app: Confirmed 40,609 blocks | 2,000 bps | 0 cps | avg conf time: 0 ms
2026-10-07T12:12:38.459057Z  INFO nanospam::app: Confirmed 40,609 blocks | 2,000 bps | 0 cps | avg conf time: 0 ms
2026-10-07T12:12:39.462468Z  INFO nanospam::app: Confirmed 40,609 blocks | 2,000 bps | 0 cps | avg conf time: 0 ms
2026-10-07T12:12:40.462742Z  INFO nanospam::app: Confirmed 40,609 blocks | 2,000 bps | 0 cps | avg conf time: 0 ms
2026-10-07T12:12:41.466206Z  INFO nanospam::app: Confirmed 40,609 blocks | 2,000 bps | 0 cps | avg conf time: 0 ms
2026-10-07T12:12:42.468902Z  INFO nanospam::app: Confirmed 40,609 blocks | 2,000 bps | 0 cps | avg conf time: 0 ms
2026-10-07T12:12:43.472323Z  INFO nanospam::app: Confirmed 40,609 blocks | 2,000 bps | 0 cps | avg conf time: 0 ms
2026-10-07T12:12:44.473316Z  INFO nanospam::app: Confirmed 40,609 blocks | 2,000 bps | 0 cps | avg conf time: 0 ms
2026-10-07T12:12:45.475883Z  INFO nanospam::app: Confirmed 40,609 blocks | 2,000 bps | 0 cps | avg conf time: 0 ms
2026-10-07T12:12:46.479397Z  INFO nanospam::app: Confirmed 40,609 blocks | 2,000 bps | 0 cps | avg conf time: 0 ms
2026-10-07T12:12:47.481903Z  INFO nanospam::app: Confirmed 40,609 blocks | 2,000 bps | 0 cps | avg conf time: 0 ms
2026-10-07T12:12:48.483488Z  INFO nanospam::app: Confirmed 40,609 blocks | 2,000 bps | 0 cps | avg conf time: 0 ms
2026-10-07T12:12:49.486978Z  INFO nanospam::app: Confirmed 40,609 blocks | 2,000 bps | 0 cps | avg conf time: 0 ms
2026-10-07T12:12:50.489987Z  INFO nanospam::app: Confirmed 40,609 blocks | 2,000 bps | 0 cps | avg conf time: 0 ms
2026-10-07T12:12:51.493034Z  INFO nanospam::app: Confirmed 40,609 blocks | 2,000 bps | 0 cps | avg conf time: 0 ms
2026-10-07T12:12:52.495753Z  INFO nanospam::app: Confirmed 40,609 blocks | 2,000 bps | 0 cps | avg conf time: 0 ms
2026-10-07T12:12:53.498218Z  INFO nanospam::app: Confirmed 40,609 blocks | 2,000 bps | 0 cps | avg conf time: 0 ms
2026-10-07T12:12:54.501845Z  INFO nanospam::app: Confirmed 40,609 blocks | 2,000 bps | 0 cps | avg conf time: 0 ms
2026-10-07T12:12:55.503632Z  INFO nanospam::app: Confirmed 40,609 blocks | 2,000 bps | 0 cps | avg conf time: 0 ms
2026-10-07T12:12:56.506743Z  INFO nanospam::app: Confirmed 40,609 blocks | 2,000 bps | 0 cps | avg conf time: 0 ms
2026-10-07T12:12:57.508284Z  INFO nanospam::app: Confirmed 40,609 blocks | 2,000 bps | 0 cps | avg conf time: 0 ms
2026-10-07T12:12:58.512018Z  INFO nanospam::app: Confirmed 40,609 blocks | 2,000 bps | 0 cps | avg conf time: 0 ms
2026-10-07T12:12:59.514094Z  INFO nanospam::app: Confirmed 40,609 blocks | 2,000 bps | 0 cps | avg conf time: 0 ms
2026-10-07T12:13:00.517460Z  INFO nanospam::app: Confirmed 40,609 blocks | 2,000 bps | 0 cps | avg conf time: 0 ms
2026-10-07T12:13:01.520110Z  INFO nanospam::app: Confirmed 40,609 blocks | 2,000 bps | 0 cps | avg conf time: 0 ms
2026-10-07T12:13:02.521241Z  INFO nanospam::app: Confirmed 40,609 blocks | 2,000 bps | 0 cps | avg conf time: 0 ms
2026-10-07T12:13:03.522951Z  INFO nanospam::app: Confirmed 40,609 blocks | 2,000 bps | 0 cps | avg conf time: 0 ms
2026-10-07T12:13:04.526737Z  INFO nanospam::app: Confirmed 40,609 blocks | 2,000 bps | 0 cps | avg conf time: 0 ms
2026-10-07T12:13:05.529390Z  INFO nanospam::app: Confirmed 40,609 blocks | 2,000 bps | 0 cps | avg conf time: 0 ms
2026-10-07T12:13:06.529915Z  INFO nanospam::app: Confirmed 40,609 blocks | 2,000 bps | 0 cps | avg conf time: 0 ms
2026-10-07T12:13:07.532760Z  INFO nanospam::app: Confirmed 40,609 blocks | 2,000 bps | 0 cps | avg conf time: 0 ms
2026-10-07T12:13:08.536506Z  INFO nanospam::app: Confirmed 40,609 blocks | 2,000 bps | 0 cps | avg conf time: 0 ms
2026-10-07T12:13:09.539349Z  INFO nanospam::app: Confirmed 40,609 blocks | 2,000 bps | 0 cps | avg conf time: 0 ms
2026-10-07T12:13:10.540367Z  INFO nanospam::app: Confirmed 40,609 blocks | 2,000 bps | 0 cps | avg conf time: 0 ms
2026-10-07T12:13:11.542864Z  INFO nanospam::app: Confirmed 40,609 blocks | 2,000 bps | 0 cps | avg conf time: 0 ms
2026-10-07T12:13:12.545681Z  INFO nanospam::app: Confirmed 40,609 blocks | 2,000 bps | 0 cps | avg conf time: 0 ms
2026-10-07T12:13:13.548056Z  INFO nanospam::app: Confirmed 40,609 blocks | 2,000 bps | 0 cps | avg conf time: 0 ms
2026-10-07T12:13:14.550030Z  INFO nanospam::app: Confirmed 40,609 blocks | 2,000 bps | 0 cps | avg conf time: 0 ms
2026-10-07T12:13:15.551136Z  INFO nanospam::app: Confirmed 40,609 blocks | 2,000 bps | 0 cps | avg conf time: 0 ms
2026-10-07T12:13:16.552039Z  INFO nanospam::app: Confirmed 40,609 blocks | 2,000 bps | 0 cps | avg conf time: 0 ms
2026-10-07T12:13:17.553358Z  INFO nanospam::app: Confirmed 40,609 blocks | 2,000 bps | 0 cps | avg conf time: 0 ms
2026-10-07T12:13:18.555531Z  INFO nanospam::app: Confirmed 40,609 blocks | 2,000 bps | 0 cps | avg conf time: 0 ms
2026-10-07T12:13:19.557981Z  INFO nanospam::app: Confirmed 40,609 blocks | 2,000 bps | 0 cps | avg conf time: 0 ms
2026-10-07T12:13:20.559825Z  INFO nanospam::app: Confirmed 40,609 blocks | 2,000 bps | 0 cps | avg conf time: 0 ms
2026-10-07T12:13:21.560570Z  INFO nanospam::app: Confirmed 40,609 blocks | 2,000 bps | 0 cps | avg conf time: 0 ms
2026-10-07T12:13:22.563216Z  INFO nanospam::app: Confirmed 40,609 blocks | 2,000 bps | 0 cps | avg conf time: 0 ms
2026-10-07T12:13:23.565383Z  INFO nanospam::app: Confirmed 40,609 blocks | 2,000 bps | 0 cps | avg conf time: 0 ms
2026-10-07T12:13:24.567641Z  INFO nanospam::app: Confirmed 40,609 blocks | 2,000 bps | 0 cps | avg conf time: 0 ms
2026-10-07T12:13:25.569563Z  INFO nanospam::app: Confirmed 40,609 blocks | 2,000 bps | 0 cps | avg conf time: 0 ms
2026-10-07T12:13:26.570748Z  INFO nanospam::app: Confirmed 40,609 blocks | 2,000 bps | 0 cps | avg conf time: 0 ms
2026-10-07T12:13:27.571648Z  INFO nanospam::app: Confirmed 40,609 blocks | 2,000 bps | 0 cps | avg conf time: 0 ms
2026-10-07T12:13:28.573408Z  INFO nanospam::app: Confirmed 40,609 blocks | 2,000 bps | 0 cps | avg conf time: 0 ms
2026-10-07T12:13:29.575523Z  INFO nanospam::app: Confirmed 40,609 blocks | 2,000 bps | 0 cps | avg conf time: 0 ms
2026-10-07T12:13:30.577917Z  INFO nanospam::app: Confirmed 40,609 blocks | 2,000 bps | 0 cps | avg conf time: 0 ms
2026-10-07T12:13:31.580609Z  INFO nanospam::app: Confirmed 40,609 blocks | 2,000 bps | 0 cps | avg conf time: 0 ms
2026-10-07T12:13:32.582718Z  INFO nanospam::app: Confirmed 40,609 blocks | 2,000 bps | 0 cps | avg conf time: 0 ms
2026-10-07T12:13:33.583124Z  INFO nanospam::app: Confirmed 40,609 blocks | 2,000 bps | 0 cps | avg conf time: 0 ms
2026-10-07T12:13:34.584860Z  INFO nanospam::app: Confirmed 40,609 blocks | 2,000 bps | 0 cps | avg conf time: 0 ms
2026-10-07T12:13:35.587352Z  INFO nanospam::app: Confirmed 40,609 blocks | 2,000 bps | 0 cps | avg conf time: 0 ms
2026-10-07T12:13:36.589136Z  INFO nanospam::app: Confirmed 40,609 blocks | 2,000 bps | 0 cps | avg conf time: 0 ms
2026-10-07T12:13:37.590166Z  INFO nanospam::app: Confirmed 40,609 blocks | 2,000 bps | 0 cps | avg conf time: 0 ms
2026-10-07T12:13:38.592268Z  INFO nanospam::app: Confirmed 40,609 blocks | 2,000 bps | 0 cps | avg conf time: 0 ms
2026-10-07T12:13:39.592842Z  INFO nanospam::app: Confirmed 40,609 blocks | 2,000 bps | 0 cps | avg conf time: 0 ms
2026-10-07T12:13:40.594844Z  INFO nanospam::app: Confirmed 40,609 blocks | 2,000 bps | 0 cps | avg conf time: 0 ms
2026-10-07T12:13:41.597147Z  INFO nanospam::app: Confirmed 40,609 blocks | 2,000 bps | 0 cps | avg conf time: 0 ms
2026-10-07T12:13:42.599681Z  INFO nanospam::app: Confirmed 40,609 blocks | 2,000 bps | 0 cps | avg conf time: 0 ms
2026-10-07T12:13:43.602577Z  INFO nanospam::app: Confirmed 40,609 blocks | 2,000 bps | 0 cps | avg conf time: 0 ms
2026-10-07T12:13:44.604863Z  INFO nanospam::app: Confirmed 40,609 blocks | 2,000 bps | 0 cps | avg conf time: 0 ms
2026-10-07T12:13:45.605655Z  INFO nanospam::app: Confirmed 40,609 blocks | 2,000 bps | 0 cps | avg conf time: 0 ms
2026-10-07T12:13:46.607251Z  INFO nanospam::app: Confirmed 40,609 blocks | 2,000 bps | 0 cps | avg conf time: 0 ms
2026-10-07T12:13:47.608707Z  INFO nanospam::app: Confirmed 40,609 blocks | 2,000 bps | 0 cps | avg conf time: 0 ms
2026-10-07T12:13:48.610618Z  INFO nanospam::app: Confirmed 40,609 blocks | 2,000 bps | 0 cps | avg conf time: 0 ms
2026-10-07T12:13:49.612487Z  INFO nanospam::app: Confirmed 40,609 blocks | 2,000 bps | 0 cps | avg conf time: 0 ms
2026-10-07T12:13:50.613500Z  INFO nanospam::app: Confirmed 40,609 blocks | 2,000 bps | 0 cps | avg conf time: 0 ms
2026-10-07T12:13:51.615593Z  INFO nanospam::app: Confirmed 40,609 blocks | 2,000 bps | 0 cps | avg conf time: 0 ms
