2026-09-23T09:04:30.122548Z  INFO nanospam::setup::account_map_factory: Creating account keys file with 45000 keys: "/tmp/rai-benchmark.A3AKMZ/account_keys.txt"
2026-09-23T09:04:30.839707Z  INFO nanospam::setup::node_config_factory: ********************************************************************************
2026-09-23T09:04:30.839730Z  INFO nanospam::setup::node_config_factory: Setting up node PR0...
2026-09-23T09:04:30.839735Z  INFO nanospam::setup::node_config_factory: Creating directory "/tmp/rai-benchmark.A3AKMZ/pr0"
2026-09-23T09:04:30.839820Z  INFO nanospam::setup::node_config_factory: Creating node config file: "/tmp/rai-benchmark.A3AKMZ/pr0/config-node.toml"
2026-09-23T09:04:30.839922Z  INFO nanospam::setup::node_config_factory: Creating rpc config file: "/tmp/rai-benchmark.A3AKMZ/pr0/config-rpc.toml"
2026-09-23T09:04:30.839983Z  INFO nanospam::setup::node_config_factory: ********************************************************************************
2026-09-23T09:04:30.839987Z  INFO nanospam::setup::node_config_factory: Setting up node PR1...
2026-09-23T09:04:30.839990Z  INFO nanospam::setup::node_config_factory: Creating directory "/tmp/rai-benchmark.A3AKMZ/pr1"
2026-09-23T09:04:30.840032Z  INFO nanospam::setup::node_config_factory: Creating node config file: "/tmp/rai-benchmark.A3AKMZ/pr1/config-node.toml"
2026-09-23T09:04:30.840101Z  INFO nanospam::setup::node_config_factory: Creating rpc config file: "/tmp/rai-benchmark.A3AKMZ/pr1/config-rpc.toml"
2026-09-23T09:04:30.840163Z  INFO nanospam::setup::node_config_factory: ********************************************************************************
2026-09-23T09:04:30.840166Z  INFO nanospam::setup::node_config_factory: Setting up node PR2...
2026-09-23T09:04:30.840170Z  INFO nanospam::setup::node_config_factory: Creating directory "/tmp/rai-benchmark.A3AKMZ/pr2"
2026-09-23T09:04:30.840208Z  INFO nanospam::setup::node_config_factory: Creating node config file: "/tmp/rai-benchmark.A3AKMZ/pr2/config-node.toml"
2026-09-23T09:04:30.840267Z  INFO nanospam::setup::node_config_factory: Creating rpc config file: "/tmp/rai-benchmark.A3AKMZ/pr2/config-rpc.toml"
2026-09-23T09:04:30.840319Z  INFO nanospam::setup::node_config_factory: ********************************************************************************
2026-09-23T09:04:30.840322Z  INFO nanospam::setup::node_config_factory: Setting up node PR3...
2026-09-23T09:04:30.840326Z  INFO nanospam::setup::node_config_factory: Creating directory "/tmp/rai-benchmark.A3AKMZ/pr3"
2026-09-23T09:04:30.840368Z  INFO nanospam::setup::node_config_factory: Creating node config file: "/tmp/rai-benchmark.A3AKMZ/pr3/config-node.toml"
2026-09-23T09:04:30.840428Z  INFO nanospam::setup::node_config_factory: Creating rpc config file: "/tmp/rai-benchmark.A3AKMZ/pr3/config-rpc.toml"
2026-09-23T09:04:30.840483Z  INFO nanospam::setup::node_config_factory: ********************************************************************************
2026-09-23T09:04:30.840489Z  INFO nanospam::setup::node_config_factory: Setting up node PR4...
2026-09-23T09:04:30.840492Z  INFO nanospam::setup::node_config_factory: Creating directory "/tmp/rai-benchmark.A3AKMZ/pr4"
2026-09-23T09:04:30.840537Z  INFO nanospam::setup::node_config_factory: Creating node config file: "/tmp/rai-benchmark.A3AKMZ/pr4/config-node.toml"
2026-09-23T09:04:30.840599Z  INFO nanospam::setup::node_config_factory: Creating rpc config file: "/tmp/rai-benchmark.A3AKMZ/pr4/config-rpc.toml"
2026-09-23T09:04:30.840694Z  INFO nanospam::setup::node_launcher: Starting node: NANO_TEST_GENESIS_BLOCK="{\n    \"type\": \"open\",\n    \"account\": \"nano_3nroioygg54nusrmyun4woimqex36sp3drnctdt5955uqu47fxbkrxk7n7ne\",\n    \"source\": \"D315857CE70C54DE713F6E82E5613BB3A1266C15E28AD2F4338C7BBEC456F532\",\n    \"representative\": \"nano_3nroioygg54nusrmyun4woimqex36sp3drnctdt5955uqu47fxbkrxk7n7ne\",\n    \"signature\": \"3F6792C2DC623DF2E8643777160AB983B66B337E2478E13D2C3448126A8F4CD8DCCD19803C158A057FA44060AE0EFC09B1C311CB4FBF42F8D240610B38F56E08\",\n    \"work\": \"70FEF01F7EC45DEC\"\n    }" NANO_TEST_GENESIS_PRV ="49643F9B10CA1AA34F9AF8ED4AABD29F436104CCC375974B108534A48EAE3FE1" "rsnano" "--network" "test" "--data-path" "/tmp/rai-benchmark.A3AKMZ/pr0" "node" "run"
2026-09-23T09:04:30.841037Z  INFO nanospam::setup::node_launcher: Waiting for RPC...
2026-09-23T09:04:30.841611Z  INFO nanospam::setup::node_launcher: Starting node: NANO_TEST_GENESIS_BLOCK="{\n    \"type\": \"open\",\n    \"account\": \"nano_3nroioygg54nusrmyun4woimqex36sp3drnctdt5955uqu47fxbkrxk7n7ne\",\n    \"source\": \"D315857CE70C54DE713F6E82E5613BB3A1266C15E28AD2F4338C7BBEC456F532\",\n    \"representative\": \"nano_3nroioygg54nusrmyun4woimqex36sp3drnctdt5955uqu47fxbkrxk7n7ne\",\n    \"signature\": \"3F6792C2DC623DF2E8643777160AB983B66B337E2478E13D2C3448126A8F4CD8DCCD19803C158A057FA44060AE0EFC09B1C311CB4FBF42F8D240610B38F56E08\",\n    \"work\": \"70FEF01F7EC45DEC\"\n    }" NANO_TEST_GENESIS_PRV ="49643F9B10CA1AA34F9AF8ED4AABD29F436104CCC375974B108534A48EAE3FE1" "rsnano" "--network" "test" "--data-path" "/tmp/rai-benchmark.A3AKMZ/pr1" "node" "run"
2026-09-23T09:04:30.841869Z  INFO nanospam::setup::node_launcher: Waiting for RPC...
2026-09-23T09:04:30.842214Z  INFO nanospam::setup::node_launcher: Starting node: NANO_TEST_GENESIS_BLOCK="{\n    \"type\": \"open\",\n    \"account\": \"nano_3nroioygg54nusrmyun4woimqex36sp3drnctdt5955uqu47fxbkrxk7n7ne\",\n    \"source\": \"D315857CE70C54DE713F6E82E5613BB3A1266C15E28AD2F4338C7BBEC456F532\",\n    \"representative\": \"nano_3nroioygg54nusrmyun4woimqex36sp3drnctdt5955uqu47fxbkrxk7n7ne\",\n    \"signature\": \"3F6792C2DC623DF2E8643777160AB983B66B337E2478E13D2C3448126A8F4CD8DCCD19803C158A057FA44060AE0EFC09B1C311CB4FBF42F8D240610B38F56E08\",\n    \"work\": \"70FEF01F7EC45DEC\"\n    }" NANO_TEST_GENESIS_PRV ="49643F9B10CA1AA34F9AF8ED4AABD29F436104CCC375974B108534A48EAE3FE1" "rsnano" "--network" "test" "--data-path" "/tmp/rai-benchmark.A3AKMZ/pr2" "node" "run"
2026-09-23T09:04:30.842476Z  INFO nanospam::setup::node_launcher: Waiting for RPC...
2026-09-23T09:04:30.842904Z  INFO nanospam::setup::node_launcher: Starting node: NANO_TEST_GENESIS_BLOCK="{\n    \"type\": \"open\",\n    \"account\": \"nano_3nroioygg54nusrmyun4woimqex36sp3drnctdt5955uqu47fxbkrxk7n7ne\",\n    \"source\": \"D315857CE70C54DE713F6E82E5613BB3A1266C15E28AD2F4338C7BBEC456F532\",\n    \"representative\": \"nano_3nroioygg54nusrmyun4woimqex36sp3drnctdt5955uqu47fxbkrxk7n7ne\",\n    \"signature\": \"3F6792C2DC623DF2E8643777160AB983B66B337E2478E13D2C3448126A8F4CD8DCCD19803C158A057FA44060AE0EFC09B1C311CB4FBF42F8D240610B38F56E08\",\n    \"work\": \"70FEF01F7EC45DEC\"\n    }" NANO_TEST_GENESIS_PRV ="49643F9B10CA1AA34F9AF8ED4AABD29F436104CCC375974B108534A48EAE3FE1" "rsnano" "--network" "test" "--data-path" "/tmp/rai-benchmark.A3AKMZ/pr3" "node" "run"
2026-09-23T09:04:30.843184Z  INFO nanospam::setup::node_launcher: Waiting for RPC...
2026-09-23T09:04:30.843659Z  INFO nanospam::setup::node_launcher: Starting node: NANO_TEST_GENESIS_BLOCK="{\n    \"type\": \"open\",\n    \"account\": \"nano_3nroioygg54nusrmyun4woimqex36sp3drnctdt5955uqu47fxbkrxk7n7ne\",\n    \"source\": \"D315857CE70C54DE713F6E82E5613BB3A1266C15E28AD2F4338C7BBEC456F532\",\n    \"representative\": \"nano_3nroioygg54nusrmyun4woimqex36sp3drnctdt5955uqu47fxbkrxk7n7ne\",\n    \"signature\": \"3F6792C2DC623DF2E8643777160AB983B66B337E2478E13D2C3448126A8F4CD8DCCD19803C158A057FA44060AE0EFC09B1C311CB4FBF42F8D240610B38F56E08\",\n    \"work\": \"70FEF01F7EC45DEC\"\n    }" NANO_TEST_GENESIS_PRV ="49643F9B10CA1AA34F9AF8ED4AABD29F436104CCC375974B108534A48EAE3FE1" "rsnano" "--network" "test" "--data-path" "/tmp/rai-benchmark.A3AKMZ/pr4" "node" "run"
2026-09-23T09:04:30.844133Z  INFO nanospam::setup::node_launcher: Waiting for RPC...
2026-09-23T09:04:30.844947Z  INFO nanospam::wallets_factory: Creating wallet...
Error: Address already in use (os error 48)
Error: Address already in use (os error 48)
Error: Address already in use (os error 48)
Error: Address already in use (os error 48)
Error: Address already in use (os error 48)
2026-09-23T09:04:30.894346Z  INFO nanospam::wallets_factory: Setting default representative...
2026-09-23T09:04:30.894589Z  INFO nanospam::wallets_factory: Creating wallet...
2026-09-23T09:04:30.935080Z  INFO nanospam::wallets_factory: Setting default representative...
2026-09-23T09:04:30.935336Z  INFO nanospam::wallets_factory: Sending Ӿ56,547,061 to PR1 wallet nano_3atmwjh8t11psdqf3qx6xjfiei94oajch6zsyauowxzjogbbgz168g5mp8f1 ...

thread 'main' (1371509) panicked at tools/nanospam/src/wallets_factory.rs:85:18:
called `Result::unwrap()` on an `Err` value: node returned error: "Insufficient balance"
note: run with `RUST_BACKTRACE=1` environment variable to display a backtrace
