[2m2026-09-18T15:23:21.889945Z[0m [32m INFO[0m [2mnanospam::setup::account_map_factory[0m[2m:[0m Creating account keys file with 45000 keys: "/Users/ruimorais/NanoSpam/account_keys.txt"
[2m2026-09-18T15:23:22.617742Z[0m [32m INFO[0m [2mnanospam::setup::node_config_factory[0m[2m:[0m ********************************************************************************
[2m2026-09-18T15:23:22.617753Z[0m [32m INFO[0m [2mnanospam::setup::node_config_factory[0m[2m:[0m Setting up node PR0...
[2m2026-09-18T15:23:22.617760Z[0m [32m INFO[0m [2mnanospam::setup::node_config_factory[0m[2m:[0m Creating directory "/Users/ruimorais/NanoSpam/pr0"
[2m2026-09-18T15:23:22.617839Z[0m [32m INFO[0m [2mnanospam::setup::node_config_factory[0m[2m:[0m Creating node config file: "/Users/ruimorais/NanoSpam/pr0/config-node.toml"
[2m2026-09-18T15:23:22.617954Z[0m [32m INFO[0m [2mnanospam::setup::node_config_factory[0m[2m:[0m Creating rpc config file: "/Users/ruimorais/NanoSpam/pr0/config-rpc.toml"
[2m2026-09-18T15:23:22.618020Z[0m [32m INFO[0m [2mnanospam::setup::node_config_factory[0m[2m:[0m ********************************************************************************
[2m2026-09-18T15:23:22.618024Z[0m [32m INFO[0m [2mnanospam::setup::node_config_factory[0m[2m:[0m Setting up node PR1...
[2m2026-09-18T15:23:22.618027Z[0m [32m INFO[0m [2mnanospam::setup::node_config_factory[0m[2m:[0m Creating directory "/Users/ruimorais/NanoSpam/pr1"
[2m2026-09-18T15:23:22.618069Z[0m [32m INFO[0m [2mnanospam::setup::node_config_factory[0m[2m:[0m Creating node config file: "/Users/ruimorais/NanoSpam/pr1/config-node.toml"
[2m2026-09-18T15:23:22.618138Z[0m [32m INFO[0m [2mnanospam::setup::node_config_factory[0m[2m:[0m Creating rpc config file: "/Users/ruimorais/NanoSpam/pr1/config-rpc.toml"
[2m2026-09-18T15:23:22.618207Z[0m [32m INFO[0m [2mnanospam::setup::node_config_factory[0m[2m:[0m ********************************************************************************
[2m2026-09-18T15:23:22.618211Z[0m [32m INFO[0m [2mnanospam::setup::node_config_factory[0m[2m:[0m Setting up node PR2...
[2m2026-09-18T15:23:22.618214Z[0m [32m INFO[0m [2mnanospam::setup::node_config_factory[0m[2m:[0m Creating directory "/Users/ruimorais/NanoSpam/pr2"
[2m2026-09-18T15:23:22.618253Z[0m [32m INFO[0m [2mnanospam::setup::node_config_factory[0m[2m:[0m Creating node config file: "/Users/ruimorais/NanoSpam/pr2/config-node.toml"
[2m2026-09-18T15:23:22.618316Z[0m [32m INFO[0m [2mnanospam::setup::node_config_factory[0m[2m:[0m Creating rpc config file: "/Users/ruimorais/NanoSpam/pr2/config-rpc.toml"
[2m2026-09-18T15:23:22.618374Z[0m [32m INFO[0m [2mnanospam::setup::node_config_factory[0m[2m:[0m ********************************************************************************
[2m2026-09-18T15:23:22.618378Z[0m [32m INFO[0m [2mnanospam::setup::node_config_factory[0m[2m:[0m Setting up node PR3...
[2m2026-09-18T15:23:22.618382Z[0m [32m INFO[0m [2mnanospam::setup::node_config_factory[0m[2m:[0m Creating directory "/Users/ruimorais/NanoSpam/pr3"
[2m2026-09-18T15:23:22.618424Z[0m [32m INFO[0m [2mnanospam::setup::node_config_factory[0m[2m:[0m Creating node config file: "/Users/ruimorais/NanoSpam/pr3/config-node.toml"
[2m2026-09-18T15:23:22.618485Z[0m [32m INFO[0m [2mnanospam::setup::node_config_factory[0m[2m:[0m Creating rpc config file: "/Users/ruimorais/NanoSpam/pr3/config-rpc.toml"
[2m2026-09-18T15:23:22.618539Z[0m [32m INFO[0m [2mnanospam::setup::node_config_factory[0m[2m:[0m ********************************************************************************
[2m2026-09-18T15:23:22.618543Z[0m [32m INFO[0m [2mnanospam::setup::node_config_factory[0m[2m:[0m Setting up node PR4...
[2m2026-09-18T15:23:22.618547Z[0m [32m INFO[0m [2mnanospam::setup::node_config_factory[0m[2m:[0m Creating directory "/Users/ruimorais/NanoSpam/pr4"
[2m2026-09-18T15:23:22.618589Z[0m [32m INFO[0m [2mnanospam::setup::node_config_factory[0m[2m:[0m Creating node config file: "/Users/ruimorais/NanoSpam/pr4/config-node.toml"
[2m2026-09-18T15:23:22.618681Z[0m [32m INFO[0m [2mnanospam::setup::node_config_factory[0m[2m:[0m Creating rpc config file: "/Users/ruimorais/NanoSpam/pr4/config-rpc.toml"
[2m2026-09-18T15:23:22.618751Z[0m [32m INFO[0m [2mnanospam::setup::node_config_factory[0m[2m:[0m ********************************************************************************
[2m2026-09-18T15:23:22.618755Z[0m [32m INFO[0m [2mnanospam::setup::node_config_factory[0m[2m:[0m Setting up node PR5...
[2m2026-09-18T15:23:22.618757Z[0m [32m INFO[0m [2mnanospam::setup::node_config_factory[0m[2m:[0m Creating directory "/Users/ruimorais/NanoSpam/pr5"
[2m2026-09-18T15:23:22.618808Z[0m [32m INFO[0m [2mnanospam::setup::node_config_factory[0m[2m:[0m Creating node config file: "/Users/ruimorais/NanoSpam/pr5/config-node.toml"
[2m2026-09-18T15:23:22.618892Z[0m [32m INFO[0m [2mnanospam::setup::node_config_factory[0m[2m:[0m Creating rpc config file: "/Users/ruimorais/NanoSpam/pr5/config-rpc.toml"
[2m2026-09-18T15:23:22.619070Z[0m [32m INFO[0m [2mnanospam::setup::node_launcher[0m[2m:[0m Starting node: NANO_TEST_GENESIS_BLOCK="{\n    \"type\": \"open\",\n    \"account\": \"nano_3nroioygg54nusrmyun4woimqex36sp3drnctdt5955uqu47fxbkrxk7n7ne\",\n    \"source\": \"D315857CE70C54DE713F6E82E5613BB3A1266C15E28AD2F4338C7BBEC456F532\",\n    \"representative\": \"nano_3nroioygg54nusrmyun4woimqex36sp3drnctdt5955uqu47fxbkrxk7n7ne\",\n    \"signature\": \"3F6792C2DC623DF2E8643777160AB983B66B337E2478E13D2C3448126A8F4CD8DCCD19803C158A057FA44060AE0EFC09B1C311CB4FBF42F8D240610B38F56E08\",\n    \"work\": \"70FEF01F7EC45DEC\"\n    }" NANO_TEST_GENESIS_PRV ="49643F9B10CA1AA34F9AF8ED4AABD29F436104CCC375974B108534A48EAE3FE1" "rsnano" "--network" "test" "--data-path" "/Users/ruimorais/NanoSpam/pr0" "node" "run"
[2m2026-09-18T15:23:22.619996Z[0m [32m INFO[0m [2mnanospam::setup::node_launcher[0m[2m:[0m Waiting for RPC...
[2m2026-09-18T15:23:22.928016Z[0m [32m INFO[0m [2mnanospam::setup::node_launcher[0m[2m:[0m Starting node: NANO_TEST_GENESIS_BLOCK="{\n    \"type\": \"open\",\n    \"account\": \"nano_3nroioygg54nusrmyun4woimqex36sp3drnctdt5955uqu47fxbkrxk7n7ne\",\n    \"source\": \"D315857CE70C54DE713F6E82E5613BB3A1266C15E28AD2F4338C7BBEC456F532\",\n    \"representative\": \"nano_3nroioygg54nusrmyun4woimqex36sp3drnctdt5955uqu47fxbkrxk7n7ne\",\n    \"signature\": \"3F6792C2DC623DF2E8643777160AB983B66B337E2478E13D2C3448126A8F4CD8DCCD19803C158A057FA44060AE0EFC09B1C311CB4FBF42F8D240610B38F56E08\",\n    \"work\": \"70FEF01F7EC45DEC\"\n    }" NANO_TEST_GENESIS_PRV ="49643F9B10CA1AA34F9AF8ED4AABD29F436104CCC375974B108534A48EAE3FE1" "rsnano" "--network" "test" "--data-path" "/Users/ruimorais/NanoSpam/pr1" "node" "run"
[2m2026-09-18T15:23:22.928326Z[0m [32m INFO[0m [2mnanospam::setup::node_launcher[0m[2m:[0m Waiting for RPC...
[2m2026-09-18T15:23:23.031191Z[0m [32m INFO[0m [2mnanospam::setup::node_launcher[0m[2m:[0m Starting node: NANO_TEST_GENESIS_BLOCK="{\n    \"type\": \"open\",\n    \"account\": \"nano_3nroioygg54nusrmyun4woimqex36sp3drnctdt5955uqu47fxbkrxk7n7ne\",\n    \"source\": \"D315857CE70C54DE713F6E82E5613BB3A1266C15E28AD2F4338C7BBEC456F532\",\n    \"representative\": \"nano_3nroioygg54nusrmyun4woimqex36sp3drnctdt5955uqu47fxbkrxk7n7ne\",\n    \"signature\": \"3F6792C2DC623DF2E8643777160AB983B66B337E2478E13D2C3448126A8F4CD8DCCD19803C158A057FA44060AE0EFC09B1C311CB4FBF42F8D240610B38F56E08\",\n    \"work\": \"70FEF01F7EC45DEC\"\n    }" NANO_TEST_GENESIS_PRV ="49643F9B10CA1AA34F9AF8ED4AABD29F436104CCC375974B108534A48EAE3FE1" "rsnano" "--network" "test" "--data-path" "/Users/ruimorais/NanoSpam/pr2" "node" "run"
[2m2026-09-18T15:23:23.031619Z[0m [32m INFO[0m [2mnanospam::setup::node_launcher[0m[2m:[0m Waiting for RPC...
[2m2026-09-18T15:23:23.133435Z[0m [32m INFO[0m [2mnanospam::setup::node_launcher[0m[2m:[0m Starting node: NANO_TEST_GENESIS_BLOCK="{\n    \"type\": \"open\",\n    \"account\": \"nano_3nroioygg54nusrmyun4woimqex36sp3drnctdt5955uqu47fxbkrxk7n7ne\",\n    \"source\": \"D315857CE70C54DE713F6E82E5613BB3A1266C15E28AD2F4338C7BBEC456F532\",\n    \"representative\": \"nano_3nroioygg54nusrmyun4woimqex36sp3drnctdt5955uqu47fxbkrxk7n7ne\",\n    \"signature\": \"3F6792C2DC623DF2E8643777160AB983B66B337E2478E13D2C3448126A8F4CD8DCCD19803C158A057FA44060AE0EFC09B1C311CB4FBF42F8D240610B38F56E08\",\n    \"work\": \"70FEF01F7EC45DEC\"\n    }" NANO_TEST_GENESIS_PRV ="49643F9B10CA1AA34F9AF8ED4AABD29F436104CCC375974B108534A48EAE3FE1" "rsnano" "--network" "test" "--data-path" "/Users/ruimorais/NanoSpam/pr3" "node" "run"
[2m2026-09-18T15:23:23.133763Z[0m [32m INFO[0m [2mnanospam::setup::node_launcher[0m[2m:[0m Waiting for RPC...
[2m2026-09-18T15:23:23.235561Z[0m [32m INFO[0m [2mnanospam::setup::node_launcher[0m[2m:[0m Starting node: NANO_TEST_GENESIS_BLOCK="{\n    \"type\": \"open\",\n    \"account\": \"nano_3nroioygg54nusrmyun4woimqex36sp3drnctdt5955uqu47fxbkrxk7n7ne\",\n    \"source\": \"D315857CE70C54DE713F6E82E5613BB3A1266C15E28AD2F4338C7BBEC456F532\",\n    \"representative\": \"nano_3nroioygg54nusrmyun4woimqex36sp3drnctdt5955uqu47fxbkrxk7n7ne\",\n    \"signature\": \"3F6792C2DC623DF2E8643777160AB983B66B337E2478E13D2C3448126A8F4CD8DCCD19803C158A057FA44060AE0EFC09B1C311CB4FBF42F8D240610B38F56E08\",\n    \"work\": \"70FEF01F7EC45DEC\"\n    }" NANO_TEST_GENESIS_PRV ="49643F9B10CA1AA34F9AF8ED4AABD29F436104CCC375974B108534A48EAE3FE1" "rsnano" "--network" "test" "--data-path" "/Users/ruimorais/NanoSpam/pr4" "node" "run"
[2m2026-09-18T15:23:23.235875Z[0m [32m INFO[0m [2mnanospam::setup::node_launcher[0m[2m:[0m Waiting for RPC...
[2m2026-09-18T15:23:23.338618Z[0m [32m INFO[0m [2mnanospam::setup::node_launcher[0m[2m:[0m Starting node: NANO_TEST_GENESIS_BLOCK="{\n    \"type\": \"open\",\n    \"account\": \"nano_3nroioygg54nusrmyun4woimqex36sp3drnctdt5955uqu47fxbkrxk7n7ne\",\n    \"source\": \"D315857CE70C54DE713F6E82E5613BB3A1266C15E28AD2F4338C7BBEC456F532\",\n    \"representative\": \"nano_3nroioygg54nusrmyun4woimqex36sp3drnctdt5955uqu47fxbkrxk7n7ne\",\n    \"signature\": \"3F6792C2DC623DF2E8643777160AB983B66B337E2478E13D2C3448126A8F4CD8DCCD19803C158A057FA44060AE0EFC09B1C311CB4FBF42F8D240610B38F56E08\",\n    \"work\": \"70FEF01F7EC45DEC\"\n    }" NANO_TEST_GENESIS_PRV ="49643F9B10CA1AA34F9AF8ED4AABD29F436104CCC375974B108534A48EAE3FE1" "rsnano" "--network" "test" "--data-path" "/Users/ruimorais/NanoSpam/pr5" "node" "run"
[2m2026-09-18T15:23:23.338933Z[0m [32m INFO[0m [2mnanospam::setup::node_launcher[0m[2m:[0m Waiting for RPC...
[2m2026-09-18T15:23:23.441626Z[0m [32m INFO[0m [2mnanospam::wallets_factory[0m[2m:[0m Creating wallet...
[2m2026-09-18T15:23:23.486531Z[0m [32m INFO[0m [2mnanospam::wallets_factory[0m[2m:[0m Setting default representative...
[2m2026-09-18T15:23:23.486873Z[0m [32m INFO[0m [2mnanospam::wallets_factory[0m[2m:[0m Creating wallet...
[2m2026-09-18T15:23:23.531649Z[0m [32m INFO[0m [2mnanospam::wallets_factory[0m[2m:[0m Setting default representative...
[2m2026-09-18T15:23:23.531958Z[0m [32m INFO[0m [2mnanospam::wallets_factory[0m[2m:[0m Sending Ӿ40,047,061 to PR1 wallet nano_3atmwjh8t11psdqf3qx6xjfiei94oajch6zsyauowxzjogbbgz168g5mp8f1 ...
[2m2026-09-18T15:23:23.532389Z[0m [32m INFO[0m [2mnanospam::wallets_factory[0m[2m:[0m Waiting for confirmation for B19EAD8221E07E52EEB7CA7EE50577B662C489ADBA15C0727DB6F8AEDAD50081
[2m2026-09-18T15:23:38.704369Z[0m [32m INFO[0m [2mnanospam::wallets_factory[0m[2m:[0m Receiving...
[2m2026-09-18T15:23:38.706906Z[0m [32m INFO[0m [2mnanospam::wallets_factory[0m[2m:[0m Waiting for confirmation for CBAA8D9FE2AA2CFEB77B87886D76922E22E4C51C0C091A54179A7E5CF79FC967
[2m2026-09-18T15:23:38.810624Z[0m [32m INFO[0m [2mnanospam::wallets_factory[0m[2m:[0m DONE
[2m2026-09-18T15:23:38.810783Z[0m [32m INFO[0m [2mnanospam::wallets_factory[0m[2m:[0m ********************************************************************************
[2m2026-09-18T15:23:38.810813Z[0m [32m INFO[0m [2mnanospam::wallets_factory[0m[2m:[0m Creating wallet...
[2m2026-09-18T15:23:38.891005Z[0m [32m INFO[0m [2mnanospam::wallets_factory[0m[2m:[0m Setting default representative...
[2m2026-09-18T15:23:38.891314Z[0m [32m INFO[0m [2mnanospam::wallets_factory[0m[2m:[0m Sending Ӿ40,047,061 to PR2 wallet nano_36asm8scxymtsjmgqp14per3zxpgaec1c65qb9en1buscq7qzqa93tfyyzs3 ...
[2m2026-09-18T15:23:38.891779Z[0m [32m INFO[0m [2mnanospam::wallets_factory[0m[2m:[0m Waiting for confirmation for CAFB013DCCB20BBF4CC103A0FDD2BF25C8F109B9E984B96D0666840E4B0F89BA
[2m2026-09-18T15:23:38.994453Z[0m [32m INFO[0m [2mnanospam::wallets_factory[0m[2m:[0m Receiving...
[2m2026-09-18T15:23:38.995256Z[0m [32m INFO[0m [2mnanospam::wallets_factory[0m[2m:[0m Waiting for confirmation for 7189E44F408196E8FD1F393F06CDAD4F7C5A415B2A2DDFA8ABEABEE83DA60182
[2m2026-09-18T15:23:39.098125Z[0m [32m INFO[0m [2mnanospam::wallets_factory[0m[2m:[0m DONE
[2m2026-09-18T15:23:39.098195Z[0m [32m INFO[0m [2mnanospam::wallets_factory[0m[2m:[0m ********************************************************************************
[2m2026-09-18T15:23:39.098211Z[0m [32m INFO[0m [2mnanospam::wallets_factory[0m[2m:[0m Creating wallet...
[2m2026-09-18T15:23:39.173628Z[0m [32m INFO[0m [2mnanospam::wallets_factory[0m[2m:[0m Setting default representative...
[2m2026-09-18T15:23:39.173959Z[0m [32m INFO[0m [2mnanospam::wallets_factory[0m[2m:[0m Sending Ӿ40,047,061 to PR3 wallet nano_1sfb11jzfi8k51fcnrzi1qe3qh1e1jkic3h45oak9yfg5yhbkczzxfwtat7m ...
[2m2026-09-18T15:23:39.174396Z[0m [32m INFO[0m [2mnanospam::wallets_factory[0m[2m:[0m Waiting for confirmation for E2CEA882BAF6FE5BE932C387FEB7740D791CAF9E5BECC7CEE8176C7DDEE6378A
[2m2026-09-18T15:23:39.276325Z[0m [32m INFO[0m [2mnanospam::wallets_factory[0m[2m:[0m Receiving...
[2m2026-09-18T15:23:39.277172Z[0m [32m INFO[0m [2mnanospam::wallets_factory[0m[2m:[0m Waiting for confirmation for EA5EC3EAA2535557DB68742DBFA22A64B7B314876EE136F919471550E89D65D4
[2m2026-09-18T15:23:39.379829Z[0m [32m INFO[0m [2mnanospam::wallets_factory[0m[2m:[0m DONE
[2m2026-09-18T15:23:39.379863Z[0m [32m INFO[0m [2mnanospam::wallets_factory[0m[2m:[0m ********************************************************************************
[2m2026-09-18T15:23:39.379869Z[0m [32m INFO[0m [2mnanospam::wallets_factory[0m[2m:[0m Creating wallet...
[2m2026-09-18T15:23:39.432775Z[0m [32m INFO[0m [2mnanospam::wallets_factory[0m[2m:[0m Setting default representative...
[2m2026-09-18T15:23:39.433022Z[0m [32m INFO[0m [2mnanospam::wallets_factory[0m[2m:[0m Sending Ӿ40,047,061 to PR4 wallet nano_1rsxmoinip7d4wafdp855194n43fs7s1jgne6tx8ruatiu6g89815pddzijp ...
[2m2026-09-18T15:23:39.433394Z[0m [32m INFO[0m [2mnanospam::wallets_factory[0m[2m:[0m Waiting for confirmation for 22677C7E74B964C1E24887306A66EAC48330280DFA5744E0E21166EC47B5438A
[2m2026-09-18T15:23:39.638885Z[0m [32m INFO[0m [2mnanospam::wallets_factory[0m[2m:[0m Receiving...
[2m2026-09-18T15:23:39.639676Z[0m [32m INFO[0m [2mnanospam::wallets_factory[0m[2m:[0m Waiting for confirmation for 686B8354F9897585048EDBC473B612A3E2823DE919A66201E69841219A6B5651
[2m2026-09-18T15:23:39.844603Z[0m [32m INFO[0m [2mnanospam::wallets_factory[0m[2m:[0m DONE
[2m2026-09-18T15:23:39.844638Z[0m [32m INFO[0m [2mnanospam::wallets_factory[0m[2m:[0m ********************************************************************************
[2m2026-09-18T15:23:39.844642Z[0m [32m INFO[0m [2mnanospam::wallets_factory[0m[2m:[0m Creating wallet...
[2m2026-09-18T15:23:39.892290Z[0m [32m INFO[0m [2mnanospam::wallets_factory[0m[2m:[0m Setting default representative...
[2m2026-09-18T15:23:39.892605Z[0m [32m INFO[0m [2mnanospam::wallets_factory[0m[2m:[0m Sending Ӿ40,047,061 to PR5 wallet nano_1wtzwadxk9naxc356m4rienp93ht131w7ypadk39qck8uah3bg3zohsmj9th ...
[2m2026-09-18T15:23:39.892990Z[0m [32m INFO[0m [2mnanospam::wallets_factory[0m[2m:[0m Waiting for confirmation for 86B6E149E407121861E950D6B66B56BA39E500C199E580ED6065515C3C25094F
[2m2026-09-18T15:23:47.785116Z[0m [32m INFO[0m [2mnanospam::wallets_factory[0m[2m:[0m Receiving...
[2m2026-09-18T15:23:47.786369Z[0m [32m INFO[0m [2mnanospam::wallets_factory[0m[2m:[0m Waiting for confirmation for 417F8AEA0F6FDD9A5EE6F5896819E98A81FC15AA2CF56207A5BCFB27193E37A9
[2m2026-09-18T15:23:47.889524Z[0m [32m INFO[0m [2mnanospam::wallets_factory[0m[2m:[0m DONE
[2m2026-09-18T15:23:47.889587Z[0m [32m INFO[0m [2mnanospam::wallets_factory[0m[2m:[0m ********************************************************************************
[2m2026-09-18T15:23:47.889602Z[0m [32m INFO[0m [2mnanospam::wallets_factory[0m[2m:[0m Sending initial spam amount...
[2m2026-09-18T15:23:47.890789Z[0m [32m INFO[0m [2mnanospam::wallets_factory[0m[2m:[0m Waiting for confirmation for A636CF709CEFE5EF60F6A30DA2C5E6D1BB1871E44E503160293C62B17764DE06
[2m2026-09-18T15:23:47.994116Z[0m [32m INFO[0m [2mnanospam::wallets_factory[0m[2m:[0m Receiving initial spam amount...
[2m2026-09-18T15:23:47.994982Z[0m [32m INFO[0m [2mnanospam::wallets_factory[0m[2m:[0m Waiting for confirmation for 7519DF87B0FAE91A531E56D915C43BA73AEFD1ECD4E20EE64B887C75625E6DAD
[2m2026-09-18T15:23:48.098053Z[0m [32m INFO[0m [2mnanospam::high_prio_check[0m[2m:[0m Creating high priority accounts...
[2m2026-09-18T15:23:48.124630Z[0m [32m INFO[0m [2mnanospam::high_prio_check[0m[2m:[0m Waiting for confirmations...
[2m2026-09-18T15:24:19.363879Z[0m [32m INFO[0m [2mnanospam::app[0m[2m:[0m Waiting for all PRs to see the full quorum...
[2m2026-09-18T15:24:34.952812Z[0m [32m INFO[0m [2mnanospam::app[0m[2m:[0m All PRs see the full quorum after 15.589336417s
[2m2026-09-18T15:24:34.952861Z[0m [32m INFO[0m [2mnanospam::app[0m[2m:[0m Connecting to node PR0... [3mpeer_addr[0m[2m=[0m[::1]:17075
[2m2026-09-18T15:24:34.953184Z[0m [32m INFO[0m [2mnanospam::app[0m[2m:[0m Performing handshake...
[2m2026-09-18T15:24:34.953671Z[0m [32m INFO[0m [2mnanospam::app[0m[2m:[0m Performing handshake...
[2m2026-09-18T15:24:34.964428Z[0m [32m INFO[0m [2mnanospam::app[0m[2m:[0m Performing handshake...
[2m2026-09-18T15:24:34.976158Z[0m [32m INFO[0m [2mnanospam::app[0m[2m:[0m Performing handshake...
[2m2026-09-18T15:24:34.987922Z[0m [32m INFO[0m [2mnanospam::app[0m[2m:[0m Connecting to node PR1... [3mpeer_addr[0m[2m=[0m[::1]:17085
[2m2026-09-18T15:24:34.988135Z[0m [32m INFO[0m [2mnanospam::app[0m[2m:[0m Performing handshake...
[2m2026-09-18T15:24:34.988617Z[0m [32m INFO[0m [2mnanospam::app[0m[2m:[0m Performing handshake...
[2m2026-09-18T15:24:34.999924Z[0m [32m INFO[0m [2mnanospam::app[0m[2m:[0m Performing handshake...
[2m2026-09-18T15:24:35.011582Z[0m [32m INFO[0m [2mnanospam::app[0m[2m:[0m Performing handshake...
[2m2026-09-18T15:24:35.023519Z[0m [32m INFO[0m [2mnanospam::app[0m[2m:[0m Connecting to node PR2... [3mpeer_addr[0m[2m=[0m[::1]:17095
[2m2026-09-18T15:24:35.023817Z[0m [32m INFO[0m [2mnanospam::app[0m[2m:[0m Performing handshake...
[2m2026-09-18T15:24:35.024296Z[0m [32m INFO[0m [2mnanospam::app[0m[2m:[0m Performing handshake...
[2m2026-09-18T15:24:35.035427Z[0m [32m INFO[0m [2mnanospam::app[0m[2m:[0m Performing handshake...
[2m2026-09-18T15:24:35.046538Z[0m [32m INFO[0m [2mnanospam::app[0m[2m:[0m Performing handshake...
[2m2026-09-18T15:24:35.057128Z[0m [32m INFO[0m [2mnanospam::app[0m[2m:[0m Connecting to node PR3... [3mpeer_addr[0m[2m=[0m[::1]:17105
[2m2026-09-18T15:24:35.057314Z[0m [32m INFO[0m [2mnanospam::app[0m[2m:[0m Performing handshake...
[2m2026-09-18T15:24:35.057767Z[0m [32m INFO[0m [2mnanospam::app[0m[2m:[0m Performing handshake...
[2m2026-09-18T15:24:35.068663Z[0m [32m INFO[0m [2mnanospam::app[0m[2m:[0m Performing handshake...
[2m2026-09-18T15:24:35.079459Z[0m [32m INFO[0m [2mnanospam::app[0m[2m:[0m Performing handshake...
[2m2026-09-18T15:24:35.090551Z[0m [32m INFO[0m [2mnanospam::app[0m[2m:[0m Connecting to node PR4... [3mpeer_addr[0m[2m=[0m[::1]:17115
[2m2026-09-18T15:24:35.090802Z[0m [32m INFO[0m [2mnanospam::app[0m[2m:[0m Performing handshake...
[2m2026-09-18T15:24:35.091451Z[0m [32m INFO[0m [2mnanospam::app[0m[2m:[0m Performing handshake...
[2m2026-09-18T15:24:35.103481Z[0m [32m INFO[0m [2mnanospam::app[0m[2m:[0m Performing handshake...
[2m2026-09-18T15:24:35.115535Z[0m [32m INFO[0m [2mnanospam::app[0m[2m:[0m Performing handshake...
[2m2026-09-18T15:24:35.127298Z[0m [32m INFO[0m [2mnanospam::app[0m[2m:[0m Connecting to node PR5... [3mpeer_addr[0m[2m=[0m[::1]:17125
[2m2026-09-18T15:24:35.127540Z[0m [32m INFO[0m [2mnanospam::app[0m[2m:[0m Performing handshake...
[2m2026-09-18T15:24:35.128277Z[0m [32m INFO[0m [2mnanospam::app[0m[2m:[0m Performing handshake...
[2m2026-09-18T15:24:35.138909Z[0m [32m INFO[0m [2mnanospam::app[0m[2m:[0m Performing handshake...
[2m2026-09-18T15:24:35.149822Z[0m [32m INFO[0m [2mnanospam::app[0m[2m:[0m Performing handshake...
[2m2026-09-18T15:24:35.160812Z[0m [32m INFO[0m [2mnanospam::app[0m[2m:[0m Connecting to websocket...
[2m2026-09-18T15:24:35.162033Z[0m [32m INFO[0m [2mnanospam::app[0m[2m:[0m Starting with 2000 BPS
[2m2026-09-18T15:24:36.163763Z[0m [32m INFO[0m [2mnanospam::app[0m[2m:[0m Confirmed 116 blocks | 2,000 bps | 123 cps | avg conf time: 102 ms
[2m2026-09-18T15:24:37.165087Z[0m [32m INFO[0m [2mnanospam::app[0m[2m:[0m Confirmed 1,547 blocks | 2,000 bps | 1,428 cps | avg conf time: 115 ms
[2m2026-09-18T15:24:38.203041Z[0m [32m INFO[0m [2mnanospam::app[0m[2m:[0m Confirmed 4,367 blocks | 2,000 bps | 2,814 cps | avg conf time: 177 ms
[2m2026-09-18T15:24:39.204066Z[0m [32m INFO[0m [2mnanospam::app[0m[2m:[0m Confirmed 6,861 blocks | 2,000 bps | 2,404 cps | avg conf time: 265 ms
[2m2026-09-18T15:24:40.205702Z[0m [32m INFO[0m [2mnanospam::app[0m[2m:[0m Confirmed 8,893 blocks | 2,000 bps | 2,030 cps | avg conf time: 166 ms
[2m2026-09-18T15:24:41.206104Z[0m [32m INFO[0m [2mnanospam::app[0m[2m:[0m Confirmed 10,631 blocks | 2,000 bps | 1,736 cps | avg conf time: 101 ms
[2m2026-09-18T15:24:42.207026Z[0m [32m INFO[0m [2mnanospam::app[0m[2m:[0m Confirmed 12,458 blocks | 2,000 bps | 1,825 cps | avg conf time: 100 ms
[2m2026-09-18T15:24:43.208357Z[0m [32m INFO[0m [2mnanospam::app[0m[2m:[0m Confirmed 14,264 blocks | 2,000 bps | 1,803 cps | avg conf time: 100 ms
[2m2026-09-18T15:24:44.211350Z[0m [32m INFO[0m [2mnanospam::app[0m[2m:[0m Confirmed 16,064 blocks | 2,000 bps | 1,797 cps | avg conf time: 104 ms
[2m2026-09-18T15:24:45.211847Z[0m [32m INFO[0m [2mnanospam::app[0m[2m:[0m Confirmed 17,825 blocks | 2,000 bps | 1,756 cps | avg conf time: 107 ms
[2m2026-09-18T15:24:46.212849Z[0m [32m INFO[0m [2mnanospam::app[0m[2m:[0m Confirmed 19,691 blocks | 2,000 bps | 1,864 cps | avg conf time: 91 ms
[2m2026-09-18T15:24:47.213934Z[0m [32m INFO[0m [2mnanospam::app[0m[2m:[0m Confirmed 21,429 blocks | 2,000 bps | 1,736 cps | avg conf time: 93 ms
[2m2026-09-18T15:24:48.214846Z[0m [32m INFO[0m [2mnanospam::app[0m[2m:[0m Confirmed 23,073 blocks | 2,000 bps | 1,642 cps | avg conf time: 111 ms
[2m2026-09-18T15:24:49.215818Z[0m [32m INFO[0m [2mnanospam::app[0m[2m:[0m Confirmed 24,940 blocks | 2,000 bps | 1,865 cps | avg conf time: 107 ms
[2m2026-09-18T15:24:50.216861Z[0m [32m INFO[0m [2mnanospam::app[0m[2m:[0m Confirmed 26,771 blocks | 2,000 bps | 1,829 cps | avg conf time: 107 ms
[2m2026-09-18T15:24:51.217688Z[0m [32m INFO[0m [2mnanospam::app[0m[2m:[0m Confirmed 28,504 blocks | 2,000 bps | 1,731 cps | avg conf time: 104 ms
[2m2026-09-18T15:24:52.223729Z[0m [32m INFO[0m [2mnanospam::app[0m[2m:[0m Confirmed 30,162 blocks | 2,000 bps | 1,655 cps | avg conf time: 112 ms
[2m2026-09-18T15:24:53.224637Z[0m [32m INFO[0m [2mnanospam::app[0m[2m:[0m Confirmed 31,995 blocks | 2,000 bps | 1,822 cps | avg conf time: 107 ms
[2m2026-09-18T15:24:54.225697Z[0m [32m INFO[0m [2mnanospam::app[0m[2m:[0m Confirmed 33,630 blocks | 2,000 bps | 1,633 cps | avg conf time: 124 ms
[2m2026-09-18T15:24:55.226635Z[0m [32m INFO[0m [2mnanospam::app[0m[2m:[0m Confirmed 35,481 blocks | 2,000 bps | 1,849 cps | avg conf time: 118 ms
[2m2026-09-18T15:24:56.227754Z[0m [32m INFO[0m [2mnanospam::app[0m[2m:[0m Confirmed 37,255 blocks | 2,000 bps | 1,771 cps | avg conf time: 138 ms
[2m2026-09-18T15:24:57.270417Z[0m [32m INFO[0m [2mnanospam::app[0m[2m:[0m Confirmed 38,921 blocks | 2,000 bps | 1,660 cps | avg conf time: 155 ms
[2m2026-09-18T15:24:58.270655Z[0m [32m INFO[0m [2mnanospam::app[0m[2m:[0m Confirmed 40,862 blocks | 2,000 bps | 1,866 cps | avg conf time: 135 ms
[2m2026-09-18T15:24:59.271464Z[0m [32m INFO[0m [2mnanospam::app[0m[2m:[0m Confirmed 42,659 blocks | 2,000 bps | 1,795 cps | avg conf time: 137 ms
[2m2026-09-18T15:25:00.272900Z[0m [32m INFO[0m [2mnanospam::app[0m[2m:[0m Confirmed 42,803 blocks | 2,000 bps | 143 cps | avg conf time: 112 ms
[2m2026-09-18T15:25:01.275393Z[0m [32m INFO[0m [2mnanospam::app[0m[2m:[0m Confirmed 42,803 blocks | 2,000 bps | 0 cps | avg conf time: 0 ms
[2m2026-09-18T15:25:02.277581Z[0m [32m INFO[0m [2mnanospam::app[0m[2m:[0m Confirmed 42,803 blocks | 2,000 bps | 0 cps | avg conf time: 0 ms
[2m2026-09-18T15:25:03.279353Z[0m [32m INFO[0m [2mnanospam::app[0m[2m:[0m Confirmed 42,803 blocks | 2,000 bps | 0 cps | avg conf time: 0 ms
[2m2026-09-18T15:25:04.280758Z[0m [32m INFO[0m [2mnanospam::app[0m[2m:[0m Confirmed 42,803 blocks | 2,000 bps | 0 cps | avg conf time: 0 ms
[2m2026-09-18T15:25:05.281999Z[0m [32m INFO[0m [2mnanospam::app[0m[2m:[0m Confirmed 42,803 blocks | 2,000 bps | 0 cps | avg conf time: 0 ms
[2m2026-09-18T15:25:06.283698Z[0m [32m INFO[0m [2mnanospam::app[0m[2m:[0m Confirmed 42,803 blocks | 2,000 bps | 0 cps | avg conf time: 0 ms
[2m2026-09-18T15:25:07.284885Z[0m [32m INFO[0m [2mnanospam::app[0m[2m:[0m Confirmed 42,803 blocks | 2,000 bps | 0 cps | avg conf time: 0 ms
[2m2026-09-18T15:25:08.285471Z[0m [32m INFO[0m [2mnanospam::app[0m[2m:[0m Confirmed 42,803 blocks | 2,000 bps | 0 cps | avg conf time: 0 ms
[2m2026-09-18T15:25:09.286747Z[0m [32m INFO[0m [2mnanospam::app[0m[2m:[0m Confirmed 42,803 blocks | 2,000 bps | 0 cps | avg conf time: 0 ms
[2m2026-09-18T15:25:10.288077Z[0m [32m INFO[0m [2mnanospam::app[0m[2m:[0m Confirmed 42,803 blocks | 2,000 bps | 0 cps | avg conf time: 0 ms
[2m2026-09-18T15:25:11.289479Z[0m [32m INFO[0m [2mnanospam::app[0m[2m:[0m Confirmed 42,803 blocks | 2,000 bps | 0 cps | avg conf time: 0 ms
[2m2026-09-18T15:25:12.291515Z[0m [32m INFO[0m [2mnanospam::app[0m[2m:[0m Confirmed 42,803 blocks | 2,000 bps | 0 cps | avg conf time: 0 ms
[2m2026-09-18T15:25:13.292651Z[0m [32m INFO[0m [2mnanospam::app[0m[2m:[0m Confirmed 42,803 blocks | 2,000 bps | 0 cps | avg conf time: 0 ms
[2m2026-09-18T15:25:14.294176Z[0m [32m INFO[0m [2mnanospam::app[0m[2m:[0m Confirmed 42,803 blocks | 2,000 bps | 0 cps | avg conf time: 0 ms
[2m2026-09-18T15:25:15.295026Z[0m [32m INFO[0m [2mnanospam::app[0m[2m:[0m Confirmed 42,803 blocks | 2,000 bps | 0 cps | avg conf time: 0 ms
[2m2026-09-18T15:25:16.297040Z[0m [32m INFO[0m [2mnanospam::app[0m[2m:[0m Confirmed 42,803 blocks | 2,000 bps | 0 cps | avg conf time: 0 ms
[2m2026-09-18T15:25:17.298437Z[0m [32m INFO[0m [2mnanospam::app[0m[2m:[0m Confirmed 42,803 blocks | 2,000 bps | 0 cps | avg conf time: 0 ms
[2m2026-09-18T15:25:18.300065Z[0m [32m INFO[0m [2mnanospam::app[0m[2m:[0m Confirmed 42,803 blocks | 2,000 bps | 0 cps | avg conf time: 0 ms
[2m2026-09-18T15:25:19.301938Z[0m [32m INFO[0m [2mnanospam::app[0m[2m:[0m Confirmed 42,803 blocks | 2,000 bps | 0 cps | avg conf time: 0 ms
[2m2026-09-18T15:25:20.304071Z[0m [32m INFO[0m [2mnanospam::app[0m[2m:[0m Confirmed 42,803 blocks | 2,000 bps | 0 cps | avg conf time: 0 ms
[2m2026-09-18T15:25:21.305716Z[0m [32m INFO[0m [2mnanospam::app[0m[2m:[0m Confirmed 42,803 blocks | 2,000 bps | 0 cps | avg conf time: 0 ms
[2m2026-09-18T15:25:22.307446Z[0m [32m INFO[0m [2mnanospam::app[0m[2m:[0m Confirmed 42,803 blocks | 2,000 bps | 0 cps | avg conf time: 0 ms
[2m2026-09-18T15:25:23.307802Z[0m [32m INFO[0m [2mnanospam::app[0m[2m:[0m Confirmed 42,803 blocks | 2,000 bps | 0 cps | avg conf time: 0 ms
[2m2026-09-18T15:25:24.310035Z[0m [32m INFO[0m [2mnanospam::app[0m[2m:[0m Confirmed 42,803 blocks | 2,000 bps | 0 cps | avg conf time: 0 ms
[2m2026-09-18T15:25:25.312578Z[0m [32m INFO[0m [2mnanospam::app[0m[2m:[0m Confirmed 42,803 blocks | 2,000 bps | 0 cps | avg conf time: 0 ms
[2m2026-09-18T15:25:26.313783Z[0m [32m INFO[0m [2mnanospam::app[0m[2m:[0m Confirmed 42,803 blocks | 2,000 bps | 0 cps | avg conf time: 0 ms
[2m2026-09-18T15:25:27.315678Z[0m [32m INFO[0m [2mnanospam::app[0m[2m:[0m Confirmed 42,803 blocks | 2,000 bps | 0 cps | avg conf time: 0 ms
[2m2026-09-18T15:25:28.316976Z[0m [32m INFO[0m [2mnanospam::app[0m[2m:[0m Confirmed 42,803 blocks | 2,000 bps | 0 cps | avg conf time: 0 ms
[2m2026-09-18T15:25:29.318082Z[0m [32m INFO[0m [2mnanospam::app[0m[2m:[0m Confirmed 42,803 blocks | 2,000 bps | 0 cps | avg conf time: 0 ms
[2m2026-09-18T15:25:30.319514Z[0m [32m INFO[0m [2mnanospam::app[0m[2m:[0m Confirmed 42,803 blocks | 2,000 bps | 0 cps | avg conf time: 0 ms
[2m2026-09-18T15:25:31.321586Z[0m [32m INFO[0m [2mnanospam::app[0m[2m:[0m Confirmed 42,803 blocks | 2,000 bps | 0 cps | avg conf time: 0 ms
[2m2026-09-18T15:25:32.323106Z[0m [32m INFO[0m [2mnanospam::app[0m[2m:[0m Confirmed 42,803 blocks | 2,000 bps | 0 cps | avg conf time: 0 ms
[2m2026-09-18T15:25:33.324733Z[0m [32m INFO[0m [2mnanospam::app[0m[2m:[0m Confirmed 42,803 blocks | 2,000 bps | 0 cps | avg conf time: 0 ms
[2m2026-09-18T15:25:34.326432Z[0m [32m INFO[0m [2mnanospam::app[0m[2m:[0m Confirmed 42,803 blocks | 2,000 bps | 0 cps | avg conf time: 0 ms
[2m2026-09-18T15:25:35.327552Z[0m [32m INFO[0m [2mnanospam::app[0m[2m:[0m Confirmed 42,803 blocks | 2,000 bps | 0 cps | avg conf time: 0 ms
[2m2026-09-18T15:25:36.328768Z[0m [32m INFO[0m [2mnanospam::app[0m[2m:[0m Confirmed 42,803 blocks | 2,000 bps | 0 cps | avg conf time: 0 ms
[2m2026-09-18T15:25:37.329911Z[0m [32m INFO[0m [2mnanospam::app[0m[2m:[0m Confirmed 42,803 blocks | 2,000 bps | 0 cps | avg conf time: 0 ms
[2m2026-09-18T15:25:38.330865Z[0m [32m INFO[0m [2mnanospam::app[0m[2m:[0m Confirmed 42,803 blocks | 2,000 bps | 0 cps | avg conf time: 0 ms
[2m2026-09-18T15:25:39.333135Z[0m [32m INFO[0m [2mnanospam::app[0m[2m:[0m Confirmed 42,803 blocks | 2,000 bps | 0 cps | avg conf time: 0 ms
[2m2026-09-18T15:25:40.333540Z[0m [32m INFO[0m [2mnanospam::app[0m[2m:[0m Confirmed 42,803 blocks | 2,000 bps | 0 cps | avg conf time: 0 ms
[2m2026-09-18T15:25:41.335615Z[0m [32m INFO[0m [2mnanospam::app[0m[2m:[0m Confirmed 42,803 blocks | 2,000 bps | 0 cps | avg conf time: 0 ms
[2m2026-09-18T15:25:42.338131Z[0m [32m INFO[0m [2mnanospam::app[0m[2m:[0m Confirmed 42,803 blocks | 2,000 bps | 0 cps | avg conf time: 0 ms
[2m2026-09-18T15:25:43.339984Z[0m [32m INFO[0m [2mnanospam::app[0m[2m:[0m Confirmed 42,803 blocks | 2,000 bps | 0 cps | avg conf time: 0 ms
cleanup done
