2026-09-09T14:17:49.002415Z  INFO nanospam::setup::account_map_factory: Creating account keys file with 15000 keys: "/Users/ruimorais/rsnano-node/workload-results/rai-latency/baseline/data/account_keys.txt"
2026-09-09T14:17:49.279991Z  INFO nanospam::setup::node_config_factory: RAI_COMMITTEE {"fixed":true,"representatives":["D315857CE70C54DE713F6E82E5613BB3A1266C15E28AD2F4338C7BBEC456F532","A353E45E6D0016CAEED0DFA4EC5B0640E2AA22A793F9F2375E77F1AB92977C04","911999B2AEFA7ACC66EBD802B3301FF6CE431405107749D940277955CB7FDD07","65A90023F6C0D2181AAA63F005D81BBC0C04650505E21D5123F9AE1F9E992BFF","633D9D614858AB1710D5D8C3180E2A082DC97208BA8C26BA6C6D1A86C8E31CC0","735FE217D91E88EA82324C5883296385FA0041C2FAC85C827BAA46DA1E14B83F"],"weight_per_pr":"56713727820156410577229101238628035242","total_weight":"340282366920938463463374607431768211452"}
2026-09-09T14:17:49.280044Z  INFO nanospam::setup::node_config_factory: ********************************************************************************
2026-09-09T14:17:49.280048Z  INFO nanospam::setup::node_config_factory: Setting up node PR0...
2026-09-09T14:17:49.280053Z  INFO nanospam::setup::node_config_factory: Creating directory "/Users/ruimorais/rsnano-node/workload-results/rai-latency/baseline/data/pr0"
2026-09-09T14:17:49.280131Z  INFO nanospam::setup::node_config_factory: Creating node config file: "/Users/ruimorais/rsnano-node/workload-results/rai-latency/baseline/data/pr0/config-node.toml"
2026-09-09T14:17:49.280242Z  INFO nanospam::setup::node_config_factory: Creating rpc config file: "/Users/ruimorais/rsnano-node/workload-results/rai-latency/baseline/data/pr0/config-rpc.toml"
2026-09-09T14:17:49.280316Z  INFO nanospam::setup::node_config_factory: ********************************************************************************
2026-09-09T14:17:49.280320Z  INFO nanospam::setup::node_config_factory: Setting up node PR1...
2026-09-09T14:17:49.280324Z  INFO nanospam::setup::node_config_factory: Creating directory "/Users/ruimorais/rsnano-node/workload-results/rai-latency/baseline/data/pr1"
2026-09-09T14:17:49.280368Z  INFO nanospam::setup::node_config_factory: Creating node config file: "/Users/ruimorais/rsnano-node/workload-results/rai-latency/baseline/data/pr1/config-node.toml"
2026-09-09T14:17:49.280439Z  INFO nanospam::setup::node_config_factory: Creating rpc config file: "/Users/ruimorais/rsnano-node/workload-results/rai-latency/baseline/data/pr1/config-rpc.toml"
2026-09-09T14:17:49.280503Z  INFO nanospam::setup::node_config_factory: ********************************************************************************
2026-09-09T14:17:49.280506Z  INFO nanospam::setup::node_config_factory: Setting up node PR2...
2026-09-09T14:17:49.280510Z  INFO nanospam::setup::node_config_factory: Creating directory "/Users/ruimorais/rsnano-node/workload-results/rai-latency/baseline/data/pr2"
2026-09-09T14:17:49.280554Z  INFO nanospam::setup::node_config_factory: Creating node config file: "/Users/ruimorais/rsnano-node/workload-results/rai-latency/baseline/data/pr2/config-node.toml"
2026-09-09T14:17:49.280624Z  INFO nanospam::setup::node_config_factory: Creating rpc config file: "/Users/ruimorais/rsnano-node/workload-results/rai-latency/baseline/data/pr2/config-rpc.toml"
2026-09-09T14:17:49.280685Z  INFO nanospam::setup::node_config_factory: ********************************************************************************
2026-09-09T14:17:49.280689Z  INFO nanospam::setup::node_config_factory: Setting up node PR3...
2026-09-09T14:17:49.280692Z  INFO nanospam::setup::node_config_factory: Creating directory "/Users/ruimorais/rsnano-node/workload-results/rai-latency/baseline/data/pr3"
2026-09-09T14:17:49.280732Z  INFO nanospam::setup::node_config_factory: Creating node config file: "/Users/ruimorais/rsnano-node/workload-results/rai-latency/baseline/data/pr3/config-node.toml"
2026-09-09T14:17:49.280798Z  INFO nanospam::setup::node_config_factory: Creating rpc config file: "/Users/ruimorais/rsnano-node/workload-results/rai-latency/baseline/data/pr3/config-rpc.toml"
2026-09-09T14:17:49.280862Z  INFO nanospam::setup::node_config_factory: ********************************************************************************
2026-09-09T14:17:49.280873Z  INFO nanospam::setup::node_config_factory: Setting up node PR4...
2026-09-09T14:17:49.280876Z  INFO nanospam::setup::node_config_factory: Creating directory "/Users/ruimorais/rsnano-node/workload-results/rai-latency/baseline/data/pr4"
2026-09-09T14:17:49.280914Z  INFO nanospam::setup::node_config_factory: Creating node config file: "/Users/ruimorais/rsnano-node/workload-results/rai-latency/baseline/data/pr4/config-node.toml"
2026-09-09T14:17:49.280986Z  INFO nanospam::setup::node_config_factory: Creating rpc config file: "/Users/ruimorais/rsnano-node/workload-results/rai-latency/baseline/data/pr4/config-rpc.toml"
2026-09-09T14:17:49.281058Z  INFO nanospam::setup::node_config_factory: ********************************************************************************
2026-09-09T14:17:49.281061Z  INFO nanospam::setup::node_config_factory: Setting up node PR5...
2026-09-09T14:17:49.281064Z  INFO nanospam::setup::node_config_factory: Creating directory "/Users/ruimorais/rsnano-node/workload-results/rai-latency/baseline/data/pr5"
2026-09-09T14:17:49.281119Z  INFO nanospam::setup::node_config_factory: Creating node config file: "/Users/ruimorais/rsnano-node/workload-results/rai-latency/baseline/data/pr5/config-node.toml"
2026-09-09T14:17:49.281195Z  INFO nanospam::setup::node_config_factory: Creating rpc config file: "/Users/ruimorais/rsnano-node/workload-results/rai-latency/baseline/data/pr5/config-rpc.toml"
2026-09-09T14:17:49.281446Z  INFO nanospam::setup::node_launcher: Starting node: NANOSPAM_RAI_COMMITTEE="[\"D315857CE70C54DE713F6E82E5613BB3A1266C15E28AD2F4338C7BBEC456F532\",\"A353E45E6D0016CAEED0DFA4EC5B0640E2AA22A793F9F2375E77F1AB92977C04\",\"911999B2AEFA7ACC66EBD802B3301FF6CE431405107749D940277955CB7FDD07\",\"65A90023F6C0D2181AAA63F005D81BBC0C04650505E21D5123F9AE1F9E992BFF\",\"633D9D614858AB1710D5D8C3180E2A082DC97208BA8C26BA6C6D1A86C8E31CC0\",\"735FE217D91E88EA82324C5883296385FA0041C2FAC85C827BAA46DA1E14B83F\"]" NANOSPAM_TERMINATION_AUDIT="1" NANO_TEST_GENESIS_BLOCK="{\n    \"type\": \"open\",\n    \"account\": \"nano_3nroioygg54nusrmyun4woimqex36sp3drnctdt5955uqu47fxbkrxk7n7ne\",\n    \"source\": \"D315857CE70C54DE713F6E82E5613BB3A1266C15E28AD2F4338C7BBEC456F532\",\n    \"representative\": \"nano_3nroioygg54nusrmyun4woimqex36sp3drnctdt5955uqu47fxbkrxk7n7ne\",\n    \"signature\": \"3F6792C2DC623DF2E8643777160AB983B66B337E2478E13D2C3448126A8F4CD8DCCD19803C158A057FA44060AE0EFC09B1C311CB4FBF42F8D240610B38F56E08\",\n    \"work\": \"70FEF01F7EC45DEC\"\n    }" NANO_TEST_GENESIS_PRV ="49643F9B10CA1AA34F9AF8ED4AABD29F436104CCC375974B108534A48EAE3FE1" "rsnano" "--network" "test" "--data-path" "/Users/ruimorais/rsnano-node/workload-results/rai-latency/baseline/data/pr0" "node" "run"
2026-09-09T14:17:49.281986Z  INFO nanospam::setup::node_launcher: Waiting for RPC...
2026-09-09T14:17:49.590621Z  INFO nanospam::setup::node_launcher: Starting node: NANOSPAM_RAI_COMMITTEE="[\"D315857CE70C54DE713F6E82E5613BB3A1266C15E28AD2F4338C7BBEC456F532\",\"A353E45E6D0016CAEED0DFA4EC5B0640E2AA22A793F9F2375E77F1AB92977C04\",\"911999B2AEFA7ACC66EBD802B3301FF6CE431405107749D940277955CB7FDD07\",\"65A90023F6C0D2181AAA63F005D81BBC0C04650505E21D5123F9AE1F9E992BFF\",\"633D9D614858AB1710D5D8C3180E2A082DC97208BA8C26BA6C6D1A86C8E31CC0\",\"735FE217D91E88EA82324C5883296385FA0041C2FAC85C827BAA46DA1E14B83F\"]" NANOSPAM_TERMINATION_AUDIT="1" NANO_TEST_GENESIS_BLOCK="{\n    \"type\": \"open\",\n    \"account\": \"nano_3nroioygg54nusrmyun4woimqex36sp3drnctdt5955uqu47fxbkrxk7n7ne\",\n    \"source\": \"D315857CE70C54DE713F6E82E5613BB3A1266C15E28AD2F4338C7BBEC456F532\",\n    \"representative\": \"nano_3nroioygg54nusrmyun4woimqex36sp3drnctdt5955uqu47fxbkrxk7n7ne\",\n    \"signature\": \"3F6792C2DC623DF2E8643777160AB983B66B337E2478E13D2C3448126A8F4CD8DCCD19803C158A057FA44060AE0EFC09B1C311CB4FBF42F8D240610B38F56E08\",\n    \"work\": \"70FEF01F7EC45DEC\"\n    }" NANO_TEST_GENESIS_PRV ="49643F9B10CA1AA34F9AF8ED4AABD29F436104CCC375974B108534A48EAE3FE1" "rsnano" "--network" "test" "--data-path" "/Users/ruimorais/rsnano-node/workload-results/rai-latency/baseline/data/pr1" "node" "run"
2026-09-09T14:17:49.591491Z  INFO nanospam::setup::node_launcher: Waiting for RPC...
2026-09-09T14:17:49.695019Z  INFO nanospam::setup::node_launcher: Starting node: NANOSPAM_RAI_COMMITTEE="[\"D315857CE70C54DE713F6E82E5613BB3A1266C15E28AD2F4338C7BBEC456F532\",\"A353E45E6D0016CAEED0DFA4EC5B0640E2AA22A793F9F2375E77F1AB92977C04\",\"911999B2AEFA7ACC66EBD802B3301FF6CE431405107749D940277955CB7FDD07\",\"65A90023F6C0D2181AAA63F005D81BBC0C04650505E21D5123F9AE1F9E992BFF\",\"633D9D614858AB1710D5D8C3180E2A082DC97208BA8C26BA6C6D1A86C8E31CC0\",\"735FE217D91E88EA82324C5883296385FA0041C2FAC85C827BAA46DA1E14B83F\"]" NANOSPAM_TERMINATION_AUDIT="1" NANO_TEST_GENESIS_BLOCK="{\n    \"type\": \"open\",\n    \"account\": \"nano_3nroioygg54nusrmyun4woimqex36sp3drnctdt5955uqu47fxbkrxk7n7ne\",\n    \"source\": \"D315857CE70C54DE713F6E82E5613BB3A1266C15E28AD2F4338C7BBEC456F532\",\n    \"representative\": \"nano_3nroioygg54nusrmyun4woimqex36sp3drnctdt5955uqu47fxbkrxk7n7ne\",\n    \"signature\": \"3F6792C2DC623DF2E8643777160AB983B66B337E2478E13D2C3448126A8F4CD8DCCD19803C158A057FA44060AE0EFC09B1C311CB4FBF42F8D240610B38F56E08\",\n    \"work\": \"70FEF01F7EC45DEC\"\n    }" NANO_TEST_GENESIS_PRV ="49643F9B10CA1AA34F9AF8ED4AABD29F436104CCC375974B108534A48EAE3FE1" "rsnano" "--network" "test" "--data-path" "/Users/ruimorais/rsnano-node/workload-results/rai-latency/baseline/data/pr2" "node" "run"
2026-09-09T14:17:49.695654Z  INFO nanospam::setup::node_launcher: Waiting for RPC...
2026-09-09T14:17:49.798751Z  INFO nanospam::setup::node_launcher: Starting node: NANOSPAM_RAI_COMMITTEE="[\"D315857CE70C54DE713F6E82E5613BB3A1266C15E28AD2F4338C7BBEC456F532\",\"A353E45E6D0016CAEED0DFA4EC5B0640E2AA22A793F9F2375E77F1AB92977C04\",\"911999B2AEFA7ACC66EBD802B3301FF6CE431405107749D940277955CB7FDD07\",\"65A90023F6C0D2181AAA63F005D81BBC0C04650505E21D5123F9AE1F9E992BFF\",\"633D9D614858AB1710D5D8C3180E2A082DC97208BA8C26BA6C6D1A86C8E31CC0\",\"735FE217D91E88EA82324C5883296385FA0041C2FAC85C827BAA46DA1E14B83F\"]" NANOSPAM_TERMINATION_AUDIT="1" NANO_TEST_GENESIS_BLOCK="{\n    \"type\": \"open\",\n    \"account\": \"nano_3nroioygg54nusrmyun4woimqex36sp3drnctdt5955uqu47fxbkrxk7n7ne\",\n    \"source\": \"D315857CE70C54DE713F6E82E5613BB3A1266C15E28AD2F4338C7BBEC456F532\",\n    \"representative\": \"nano_3nroioygg54nusrmyun4woimqex36sp3drnctdt5955uqu47fxbkrxk7n7ne\",\n    \"signature\": \"3F6792C2DC623DF2E8643777160AB983B66B337E2478E13D2C3448126A8F4CD8DCCD19803C158A057FA44060AE0EFC09B1C311CB4FBF42F8D240610B38F56E08\",\n    \"work\": \"70FEF01F7EC45DEC\"\n    }" NANO_TEST_GENESIS_PRV ="49643F9B10CA1AA34F9AF8ED4AABD29F436104CCC375974B108534A48EAE3FE1" "rsnano" "--network" "test" "--data-path" "/Users/ruimorais/rsnano-node/workload-results/rai-latency/baseline/data/pr3" "node" "run"
2026-09-09T14:17:49.799367Z  INFO nanospam::setup::node_launcher: Waiting for RPC...
2026-09-09T14:17:49.901822Z  INFO nanospam::setup::node_launcher: Starting node: NANOSPAM_RAI_COMMITTEE="[\"D315857CE70C54DE713F6E82E5613BB3A1266C15E28AD2F4338C7BBEC456F532\",\"A353E45E6D0016CAEED0DFA4EC5B0640E2AA22A793F9F2375E77F1AB92977C04\",\"911999B2AEFA7ACC66EBD802B3301FF6CE431405107749D940277955CB7FDD07\",\"65A90023F6C0D2181AAA63F005D81BBC0C04650505E21D5123F9AE1F9E992BFF\",\"633D9D614858AB1710D5D8C3180E2A082DC97208BA8C26BA6C6D1A86C8E31CC0\",\"735FE217D91E88EA82324C5883296385FA0041C2FAC85C827BAA46DA1E14B83F\"]" NANOSPAM_TERMINATION_AUDIT="1" NANO_TEST_GENESIS_BLOCK="{\n    \"type\": \"open\",\n    \"account\": \"nano_3nroioygg54nusrmyun4woimqex36sp3drnctdt5955uqu47fxbkrxk7n7ne\",\n    \"source\": \"D315857CE70C54DE713F6E82E5613BB3A1266C15E28AD2F4338C7BBEC456F532\",\n    \"representative\": \"nano_3nroioygg54nusrmyun4woimqex36sp3drnctdt5955uqu47fxbkrxk7n7ne\",\n    \"signature\": \"3F6792C2DC623DF2E8643777160AB983B66B337E2478E13D2C3448126A8F4CD8DCCD19803C158A057FA44060AE0EFC09B1C311CB4FBF42F8D240610B38F56E08\",\n    \"work\": \"70FEF01F7EC45DEC\"\n    }" NANO_TEST_GENESIS_PRV ="49643F9B10CA1AA34F9AF8ED4AABD29F436104CCC375974B108534A48EAE3FE1" "rsnano" "--network" "test" "--data-path" "/Users/ruimorais/rsnano-node/workload-results/rai-latency/baseline/data/pr4" "node" "run"
2026-09-09T14:17:49.902173Z  INFO nanospam::setup::node_launcher: Waiting for RPC...
2026-09-09T14:17:50.004336Z  INFO nanospam::setup::node_launcher: Starting node: NANOSPAM_RAI_COMMITTEE="[\"D315857CE70C54DE713F6E82E5613BB3A1266C15E28AD2F4338C7BBEC456F532\",\"A353E45E6D0016CAEED0DFA4EC5B0640E2AA22A793F9F2375E77F1AB92977C04\",\"911999B2AEFA7ACC66EBD802B3301FF6CE431405107749D940277955CB7FDD07\",\"65A90023F6C0D2181AAA63F005D81BBC0C04650505E21D5123F9AE1F9E992BFF\",\"633D9D614858AB1710D5D8C3180E2A082DC97208BA8C26BA6C6D1A86C8E31CC0\",\"735FE217D91E88EA82324C5883296385FA0041C2FAC85C827BAA46DA1E14B83F\"]" NANOSPAM_TERMINATION_AUDIT="1" NANO_TEST_GENESIS_BLOCK="{\n    \"type\": \"open\",\n    \"account\": \"nano_3nroioygg54nusrmyun4woimqex36sp3drnctdt5955uqu47fxbkrxk7n7ne\",\n    \"source\": \"D315857CE70C54DE713F6E82E5613BB3A1266C15E28AD2F4338C7BBEC456F532\",\n    \"representative\": \"nano_3nroioygg54nusrmyun4woimqex36sp3drnctdt5955uqu47fxbkrxk7n7ne\",\n    \"signature\": \"3F6792C2DC623DF2E8643777160AB983B66B337E2478E13D2C3448126A8F4CD8DCCD19803C158A057FA44060AE0EFC09B1C311CB4FBF42F8D240610B38F56E08\",\n    \"work\": \"70FEF01F7EC45DEC\"\n    }" NANO_TEST_GENESIS_PRV ="49643F9B10CA1AA34F9AF8ED4AABD29F436104CCC375974B108534A48EAE3FE1" "rsnano" "--network" "test" "--data-path" "/Users/ruimorais/rsnano-node/workload-results/rai-latency/baseline/data/pr5" "node" "run"
2026-09-09T14:17:50.004783Z  INFO nanospam::setup::node_launcher: Waiting for RPC...
2026-09-09T14:17:50.108598Z  INFO nanospam::app: RAI_QUORUM_SNAPSHOT {"phase":"startup","pr":0,"quorum":{"quorum_delta":"227989185837028770520460986979284701672","online_weight_quorum_percent":"67","online_weight_minimum":"340282366920938463463374607431768211452","online_stake_total":"0","peers_stake_total":"0","trended_stake_total":"340282366920938463463374607431768211452","peers":[]}}
2026-09-09T14:17:50.108918Z  INFO nanospam::app: RAI_QUORUM_SNAPSHOT {"phase":"startup","pr":1,"quorum":{"quorum_delta":"227989185837028770520460986979284701672","online_weight_quorum_percent":"67","online_weight_minimum":"340282366920938463463374607431768211452","online_stake_total":"0","peers_stake_total":"0","trended_stake_total":"340282366920938463463374607431768211452","peers":[]}}
2026-09-09T14:17:50.109197Z  INFO nanospam::app: RAI_QUORUM_SNAPSHOT {"phase":"startup","pr":2,"quorum":{"quorum_delta":"227989185837028770520460986979284701672","online_weight_quorum_percent":"67","online_weight_minimum":"340282366920938463463374607431768211452","online_stake_total":"0","peers_stake_total":"0","trended_stake_total":"340282366920938463463374607431768211452","peers":[]}}
2026-09-09T14:17:50.109469Z  INFO nanospam::app: RAI_QUORUM_SNAPSHOT {"phase":"startup","pr":3,"quorum":{"quorum_delta":"227989185837028770520460986979284701672","online_weight_quorum_percent":"67","online_weight_minimum":"340282366920938463463374607431768211452","online_stake_total":"0","peers_stake_total":"0","trended_stake_total":"340282366920938463463374607431768211452","peers":[]}}
2026-09-09T14:17:50.109745Z  INFO nanospam::app: RAI_QUORUM_SNAPSHOT {"phase":"startup","pr":4,"quorum":{"quorum_delta":"227989185837028770520460986979284701672","online_weight_quorum_percent":"67","online_weight_minimum":"340282366920938463463374607431768211452","online_stake_total":"0","peers_stake_total":"0","trended_stake_total":"340282366920938463463374607431768211452","peers":[]}}
2026-09-09T14:17:50.109994Z  INFO nanospam::app: RAI_QUORUM_SNAPSHOT {"phase":"startup","pr":5,"quorum":{"quorum_delta":"227989185837028770520460986979284701672","online_weight_quorum_percent":"67","online_weight_minimum":"340282366920938463463374607431768211452","online_stake_total":"0","peers_stake_total":"0","trended_stake_total":"340282366920938463463374607431768211452","peers":[]}}
2026-09-09T14:17:50.110086Z  INFO nanospam::wallets_factory: Creating wallet...
2026-09-09T14:17:50.171220Z  INFO nanospam::wallets_factory: Setting default representative...
2026-09-09T14:17:50.171526Z  INFO nanospam::wallets_factory: Creating wallet...
2026-09-09T14:17:50.215029Z  INFO nanospam::wallets_factory: Setting default representative...
2026-09-09T14:17:50.215307Z  INFO nanospam::wallets_factory: Creating wallet...
2026-09-09T14:17:50.258782Z  INFO nanospam::wallets_factory: Setting default representative...
2026-09-09T14:17:50.259044Z  INFO nanospam::wallets_factory: Creating wallet...
2026-09-09T14:17:50.302305Z  INFO nanospam::wallets_factory: Setting default representative...
2026-09-09T14:17:50.302621Z  INFO nanospam::wallets_factory: Creating wallet...
2026-09-09T14:17:50.345710Z  INFO nanospam::wallets_factory: Setting default representative...
2026-09-09T14:17:50.345992Z  INFO nanospam::wallets_factory: Creating wallet...
2026-09-09T14:17:50.389336Z  INFO nanospam::wallets_factory: Setting default representative...
2026-09-09T14:17:50.389590Z  INFO nanospam::wallets_factory: Sending Ӿ40,047,061 to PR1 wallet nano_3atmwjh8t11psdqf3qx6xjfiei94oajch6zsyauowxzjogbbgz168g5mp8f1 ...
2026-09-09T14:17:50.390012Z  INFO nanospam::wallets_factory: Waiting for confirmation for B19EAD8221E07E52EEB7CA7EE50577B662C489ADBA15C0727DB6F8AEDAD50081
2026-09-09T14:18:02.288282Z  INFO nanospam::wallets_factory: Receiving...
2026-09-09T14:18:02.290199Z  INFO nanospam::wallets_factory: Waiting for confirmation for CBAA8D9FE2AA2CFEB77B87886D76922E22E4C51C0C091A54179A7E5CF79FC967
2026-09-09T14:18:02.393749Z  INFO nanospam::wallets_factory: DONE
2026-09-09T14:18:02.393826Z  INFO nanospam::wallets_factory: ********************************************************************************
2026-09-09T14:18:02.393894Z  INFO nanospam::wallets_factory: Sending Ӿ40,047,061 to PR2 wallet nano_36asm8scxymtsjmgqp14per3zxpgaec1c65qb9en1buscq7qzqa93tfyyzs3 ...
2026-09-09T14:18:02.395023Z  INFO nanospam::wallets_factory: Waiting for confirmation for CAFB013DCCB20BBF4CC103A0FDD2BF25C8F109B9E984B96D0666840E4B0F89BA
2026-09-09T14:18:02.498797Z  INFO nanospam::wallets_factory: Receiving...
2026-09-09T14:18:02.500928Z  INFO nanospam::wallets_factory: Waiting for confirmation for 7189E44F408196E8FD1F393F06CDAD4F7C5A415B2A2DDFA8ABEABEE83DA60182
2026-09-09T14:18:02.605385Z  INFO nanospam::wallets_factory: DONE
2026-09-09T14:18:02.605436Z  INFO nanospam::wallets_factory: ********************************************************************************
2026-09-09T14:18:02.605502Z  INFO nanospam::wallets_factory: Sending Ӿ40,047,061 to PR3 wallet nano_1sfb11jzfi8k51fcnrzi1qe3qh1e1jkic3h45oak9yfg5yhbkczzxfwtat7m ...
2026-09-09T14:18:02.606902Z  INFO nanospam::wallets_factory: Waiting for confirmation for E2CEA882BAF6FE5BE932C387FEB7740D791CAF9E5BECC7CEE8176C7DDEE6378A
2026-09-09T14:18:02.710378Z  INFO nanospam::wallets_factory: Receiving...
2026-09-09T14:18:02.713149Z  INFO nanospam::wallets_factory: Waiting for confirmation for EA5EC3EAA2535557DB68742DBFA22A64B7B314876EE136F919471550E89D65D4
2026-09-09T14:18:02.817335Z  INFO nanospam::wallets_factory: DONE
2026-09-09T14:18:02.817407Z  INFO nanospam::wallets_factory: ********************************************************************************
2026-09-09T14:18:02.817504Z  INFO nanospam::wallets_factory: Sending Ӿ40,047,061 to PR4 wallet nano_1rsxmoinip7d4wafdp855194n43fs7s1jgne6tx8ruatiu6g89815pddzijp ...
2026-09-09T14:18:02.818631Z  INFO nanospam::wallets_factory: Waiting for confirmation for 22677C7E74B964C1E24887306A66EAC48330280DFA5744E0E21166EC47B5438A
2026-09-09T14:18:02.922528Z  INFO nanospam::wallets_factory: Receiving...
2026-09-09T14:18:02.924314Z  INFO nanospam::wallets_factory: Waiting for confirmation for 686B8354F9897585048EDBC473B612A3E2823DE919A66201E69841219A6B5651
2026-09-09T14:18:03.027455Z  INFO nanospam::wallets_factory: DONE
2026-09-09T14:18:03.027531Z  INFO nanospam::wallets_factory: ********************************************************************************
2026-09-09T14:18:03.027583Z  INFO nanospam::wallets_factory: Sending Ӿ40,047,061 to PR5 wallet nano_1wtzwadxk9naxc356m4rienp93ht131w7ypadk39qck8uah3bg3zohsmj9th ...
2026-09-09T14:18:03.028715Z  INFO nanospam::wallets_factory: Waiting for confirmation for 86B6E149E407121861E950D6B66B56BA39E500C199E580ED6065515C3C25094F
2026-09-09T14:18:03.132404Z  INFO nanospam::wallets_factory: Receiving...
2026-09-09T14:18:03.133826Z  INFO nanospam::wallets_factory: Waiting for confirmation for 417F8AEA0F6FDD9A5EE6F5896819E98A81FC15AA2CF56207A5BCFB27193E37A9
2026-09-09T14:18:03.236407Z  INFO nanospam::wallets_factory: DONE
2026-09-09T14:18:03.236453Z  INFO nanospam::wallets_factory: ********************************************************************************
2026-09-09T14:18:03.236465Z  INFO nanospam::wallets_factory: Sending initial spam amount...
2026-09-09T14:18:03.237450Z  INFO nanospam::wallets_factory: Waiting for confirmation for 4D04E00AE3C5CB2A9BBCF06B504136A10480DB5CBFD2487F184A217EE15EA800
2026-09-09T14:18:03.338863Z  INFO nanospam::wallets_factory: Receiving initial spam amount...
2026-09-09T14:18:03.339610Z  INFO nanospam::wallets_factory: Waiting for confirmation for 564361C11CACE61A89E6BE748CC50F23459E06D026E8B6C2907E9025C263FC2B
2026-09-09T14:18:03.545880Z  INFO nanospam::high_prio_check: Creating high priority accounts...
2026-09-09T14:18:03.573843Z  INFO nanospam::high_prio_check: Waiting for confirmations...
2026-09-09T14:18:05.216385Z  INFO nanospam::app: RAI_QUORUM_SNAPSHOT {"phase":"workload_start","pr":0,"quorum":{"quorum_delta":"227989185837028770520460986979284701672","online_weight_quorum_percent":"67","online_weight_minimum":"340282366920938463463374607431768211452","online_stake_total":"340282366920938463463374607431768211452","peers_stake_total":"340282366920938463463374607431768211452","trended_stake_total":"340282366920938463463374607431768211452","peers":[{"account":"nano_3atmwjh8t11psdqf3qx6xjfiei94oajch6zsyauowxzjogbbgz168g5mp8f1","ip":"[::1]:54774","weight":"56713727820156410577229101238628035242"},{"account":"nano_1sfb11jzfi8k51fcnrzi1qe3qh1e1jkic3h45oak9yfg5yhbkczzxfwtat7m","ip":"[::1]:54817","weight":"56713727820156410577229101238628035242"},{"account":"nano_3nroioygg54nusrmyun4woimqex36sp3drnctdt5955uqu47fxbkrxk7n7ne","ip":"[::1]:0","weight":"56713727820156410577229101238628035242"},{"account":"nano_36asm8scxymtsjmgqp14per3zxpgaec1c65qb9en1buscq7qzqa93tfyyzs3","ip":"[::1]:54793","weight":"56713727820156410577229101238628035242"},{"account":"nano_1rsxmoinip7d4wafdp855194n43fs7s1jgne6tx8ruatiu6g89815pddzijp","ip":"[::1]:54842","weight":"56713727820156410577229101238628035242"},{"account":"nano_1wtzwadxk9naxc356m4rienp93ht131w7ypadk39qck8uah3bg3zohsmj9th","ip":"[::1]:54868","weight":"56713727820156410577229101238628035242"}]}}
2026-09-09T14:18:05.216752Z  INFO nanospam::app: RAI_QUORUM_SNAPSHOT {"phase":"workload_start","pr":1,"quorum":{"quorum_delta":"227989185837028770520460986979284701672","online_weight_quorum_percent":"67","online_weight_minimum":"340282366920938463463374607431768211452","online_stake_total":"340282366920938463463374607431768211452","peers_stake_total":"340282366920938463463374607431768211452","trended_stake_total":"340282366920938463463374607431768211452","peers":[{"account":"nano_3atmwjh8t11psdqf3qx6xjfiei94oajch6zsyauowxzjogbbgz168g5mp8f1","ip":"[::1]:0","weight":"56713727820156410577229101238628035242"},{"account":"nano_1sfb11jzfi8k51fcnrzi1qe3qh1e1jkic3h45oak9yfg5yhbkczzxfwtat7m","ip":"[::1]:54815","weight":"56713727820156410577229101238628035242"},{"account":"nano_3nroioygg54nusrmyun4woimqex36sp3drnctdt5955uqu47fxbkrxk7n7ne","ip":"[::1]:17075","weight":"56713727820156410577229101238628035242"},{"account":"nano_36asm8scxymtsjmgqp14per3zxpgaec1c65qb9en1buscq7qzqa93tfyyzs3","ip":"[::1]:54794","weight":"56713727820156410577229101238628035242"},{"account":"nano_1rsxmoinip7d4wafdp855194n43fs7s1jgne6tx8ruatiu6g89815pddzijp","ip":"[::1]:54839","weight":"56713727820156410577229101238628035242"},{"account":"nano_1wtzwadxk9naxc356m4rienp93ht131w7ypadk39qck8uah3bg3zohsmj9th","ip":"[::1]:54860","weight":"56713727820156410577229101238628035242"}]}}
2026-09-09T14:18:05.217057Z  INFO nanospam::app: RAI_QUORUM_SNAPSHOT {"phase":"workload_start","pr":2,"quorum":{"quorum_delta":"227989185837028770520460986979284701672","online_weight_quorum_percent":"67","online_weight_minimum":"340282366920938463463374607431768211452","online_stake_total":"340282366920938463463374607431768211452","peers_stake_total":"340282366920938463463374607431768211452","trended_stake_total":"340282366920938463463374607431768211452","peers":[{"account":"nano_3atmwjh8t11psdqf3qx6xjfiei94oajch6zsyauowxzjogbbgz168g5mp8f1","ip":"[::1]:17085","weight":"56713727820156410577229101238628035242"},{"account":"nano_1sfb11jzfi8k51fcnrzi1qe3qh1e1jkic3h45oak9yfg5yhbkczzxfwtat7m","ip":"[::1]:54818","weight":"56713727820156410577229101238628035242"},{"account":"nano_3nroioygg54nusrmyun4woimqex36sp3drnctdt5955uqu47fxbkrxk7n7ne","ip":"[::1]:17075","weight":"56713727820156410577229101238628035242"},{"account":"nano_36asm8scxymtsjmgqp14per3zxpgaec1c65qb9en1buscq7qzqa93tfyyzs3","ip":"[::1]:0","weight":"56713727820156410577229101238628035242"},{"account":"nano_1rsxmoinip7d4wafdp855194n43fs7s1jgne6tx8ruatiu6g89815pddzijp","ip":"[::1]:54840","weight":"56713727820156410577229101238628035242"},{"account":"nano_1wtzwadxk9naxc356m4rienp93ht131w7ypadk39qck8uah3bg3zohsmj9th","ip":"[::1]:54862","weight":"56713727820156410577229101238628035242"}]}}
2026-09-09T14:18:05.217363Z  INFO nanospam::app: RAI_QUORUM_SNAPSHOT {"phase":"workload_start","pr":3,"quorum":{"quorum_delta":"227989185837028770520460986979284701672","online_weight_quorum_percent":"67","online_weight_minimum":"340282366920938463463374607431768211452","online_stake_total":"340282366920938463463374607431768211452","peers_stake_total":"283568639100782052886145506193140176210","trended_stake_total":"340282366920938463463374607431768211452","peers":[{"account":"nano_3atmwjh8t11psdqf3qx6xjfiei94oajch6zsyauowxzjogbbgz168g5mp8f1","ip":"[::1]:17085","weight":"56713727820156410577229101238628035242"},{"account":"nano_1sfb11jzfi8k51fcnrzi1qe3qh1e1jkic3h45oak9yfg5yhbkczzxfwtat7m","ip":"[::1]:0","weight":"56713727820156410577229101238628035242"},{"account":"nano_36asm8scxymtsjmgqp14per3zxpgaec1c65qb9en1buscq7qzqa93tfyyzs3","ip":"[::1]:17095","weight":"56713727820156410577229101238628035242"},{"account":"nano_1rsxmoinip7d4wafdp855194n43fs7s1jgne6tx8ruatiu6g89815pddzijp","ip":"[::1]:54843","weight":"56713727820156410577229101238628035242"},{"account":"nano_1wtzwadxk9naxc356m4rienp93ht131w7ypadk39qck8uah3bg3zohsmj9th","ip":"[::1]:54871","weight":"56713727820156410577229101238628035242"}]}}
2026-09-09T14:18:05.217661Z  INFO nanospam::app: RAI_QUORUM_SNAPSHOT {"phase":"workload_start","pr":4,"quorum":{"quorum_delta":"227989185837028770520460986979284701672","online_weight_quorum_percent":"67","online_weight_minimum":"340282366920938463463374607431768211452","online_stake_total":"340282366920938463463374607431768211452","peers_stake_total":"340282366920938463463374607431768211452","trended_stake_total":"340282366920938463463374607431768211452","peers":[{"account":"nano_3atmwjh8t11psdqf3qx6xjfiei94oajch6zsyauowxzjogbbgz168g5mp8f1","ip":"[::1]:17085","weight":"56713727820156410577229101238628035242"},{"account":"nano_1sfb11jzfi8k51fcnrzi1qe3qh1e1jkic3h45oak9yfg5yhbkczzxfwtat7m","ip":"[::1]:17105","weight":"56713727820156410577229101238628035242"},{"account":"nano_3nroioygg54nusrmyun4woimqex36sp3drnctdt5955uqu47fxbkrxk7n7ne","ip":"[::1]:17075","weight":"56713727820156410577229101238628035242"},{"account":"nano_36asm8scxymtsjmgqp14per3zxpgaec1c65qb9en1buscq7qzqa93tfyyzs3","ip":"[::1]:17095","weight":"56713727820156410577229101238628035242"},{"account":"nano_1rsxmoinip7d4wafdp855194n43fs7s1jgne6tx8ruatiu6g89815pddzijp","ip":"[::1]:0","weight":"56713727820156410577229101238628035242"},{"account":"nano_1wtzwadxk9naxc356m4rienp93ht131w7ypadk39qck8uah3bg3zohsmj9th","ip":"[::1]:54859","weight":"56713727820156410577229101238628035242"}]}}
2026-09-09T14:18:05.218003Z  INFO nanospam::app: RAI_QUORUM_SNAPSHOT {"phase":"workload_start","pr":5,"quorum":{"quorum_delta":"227989185837028770520460986979284701672","online_weight_quorum_percent":"67","online_weight_minimum":"340282366920938463463374607431768211452","online_stake_total":"340282366920938463463374607431768211452","peers_stake_total":"226854911280625642308916404954512140968","trended_stake_total":"340282366920938463463374607431768211452","peers":[{"account":"nano_3atmwjh8t11psdqf3qx6xjfiei94oajch6zsyauowxzjogbbgz168g5mp8f1","ip":"[::1]:17085","weight":"56713727820156410577229101238628035242"},{"account":"nano_36asm8scxymtsjmgqp14per3zxpgaec1c65qb9en1buscq7qzqa93tfyyzs3","ip":"[::1]:17095","weight":"56713727820156410577229101238628035242"},{"account":"nano_1rsxmoinip7d4wafdp855194n43fs7s1jgne6tx8ruatiu6g89815pddzijp","ip":"[::1]:17115","weight":"56713727820156410577229101238628035242"},{"account":"nano_1wtzwadxk9naxc356m4rienp93ht131w7ypadk39qck8uah3bg3zohsmj9th","ip":"[::1]:0","weight":"56713727820156410577229101238628035242"}]}}
2026-09-09T14:18:05.218070Z  INFO nanospam::app: Connecting to node PR0... peer_addr=[::1]:17075
2026-09-09T14:18:05.218395Z  INFO nanospam::app: Performing handshake...
2026-09-09T14:18:05.218863Z  INFO nanospam::app: Performing handshake...
2026-09-09T14:18:05.231006Z  INFO nanospam::app: Performing handshake...
2026-09-09T14:18:05.242546Z  INFO nanospam::app: Performing handshake...
2026-09-09T14:18:05.253244Z  INFO nanospam::app: Connecting to node PR1... peer_addr=[::1]:17085
2026-09-09T14:18:05.253520Z  INFO nanospam::app: Performing handshake...
2026-09-09T14:18:05.254134Z  INFO nanospam::app: Performing handshake...
2026-09-09T14:18:05.266294Z  INFO nanospam::app: Performing handshake...
2026-09-09T14:18:05.277591Z  INFO nanospam::app: Performing handshake...
2026-09-09T14:18:05.288359Z  INFO nanospam::app: Connecting to node PR2... peer_addr=[::1]:17095
2026-09-09T14:18:05.288690Z  INFO nanospam::app: Performing handshake...
2026-09-09T14:18:05.289231Z  INFO nanospam::app: Performing handshake...
2026-09-09T14:18:05.300785Z  INFO nanospam::app: Performing handshake...
2026-09-09T14:18:05.311769Z  INFO nanospam::app: Performing handshake...
2026-09-09T14:18:05.322816Z  INFO nanospam::app: Connecting to node PR3... peer_addr=[::1]:17105
2026-09-09T14:18:05.323093Z  INFO nanospam::app: Performing handshake...
2026-09-09T14:18:05.323751Z  INFO nanospam::app: Performing handshake...
2026-09-09T14:18:05.335238Z  INFO nanospam::app: Performing handshake...
2026-09-09T14:18:05.347650Z  INFO nanospam::app: Performing handshake...
2026-09-09T14:18:05.358503Z  INFO nanospam::app: Connecting to node PR4... peer_addr=[::1]:17115
2026-09-09T14:18:05.358840Z  INFO nanospam::app: Performing handshake...
2026-09-09T14:18:05.359646Z  INFO nanospam::app: Performing handshake...
2026-09-09T14:18:05.371709Z  INFO nanospam::app: Performing handshake...
2026-09-09T14:18:05.383805Z  INFO nanospam::app: Performing handshake...
2026-09-09T14:18:05.393621Z  INFO nanospam::app: Connecting to node PR5... peer_addr=[::1]:17125
2026-09-09T14:18:05.394043Z  INFO nanospam::app: Performing handshake...
2026-09-09T14:18:05.394662Z  INFO nanospam::app: Performing handshake...
2026-09-09T14:18:05.407035Z  INFO nanospam::app: Performing handshake...
2026-09-09T14:18:05.418816Z  INFO nanospam::app: Performing handshake...
2026-09-09T14:18:05.429587Z  INFO nanospam::app: Connecting to websocket...
2026-09-09T14:18:05.430617Z  INFO nanospam::app: Starting with 1500 BPS
2026-09-09T14:18:06.431706Z  INFO nanospam::app: Confirmed 367 blocks | 1,500 bps | 400 cps | avg conf time: 85 ms
2026-09-09T14:18:07.448166Z  INFO nanospam::app: Confirmed 1,774 blocks | 1,500 bps | 1,404 cps | avg conf time: 100 ms
2026-09-09T14:18:08.449108Z  INFO nanospam::app: Confirmed 3,191 blocks | 1,500 bps | 1,394 cps | avg conf time: 271 ms
2026-09-09T14:18:09.450072Z  INFO nanospam::app: Confirmed 4,556 blocks | 1,500 bps | 1,363 cps | avg conf time: 754 ms
2026-09-09T14:18:10.451012Z  INFO nanospam::app: Confirmed 5,503 blocks | 1,500 bps | 946 cps | avg conf time: 1253 ms
2026-09-09T14:18:11.452577Z  INFO nanospam::app: Confirmed 6,574 blocks | 1,500 bps | 1,069 cps | avg conf time: 1486 ms
2026-09-09T14:18:12.453379Z  INFO nanospam::app: Confirmed 7,691 blocks | 1,500 bps | 1,116 cps | avg conf time: 1598 ms
2026-09-09T14:18:13.453914Z  INFO nanospam::app: Confirmed 8,472 blocks | 1,500 bps | 780 cps | avg conf time: 1871 ms
2026-09-09T14:18:14.456277Z  INFO nanospam::app: Confirmed 8,692 blocks | 1,500 bps | 219 cps | avg conf time: 2270 ms
2026-09-09T14:18:15.457058Z  INFO nanospam::app: Confirmed 9,457 blocks | 1,500 bps | 764 cps | avg conf time: 2366 ms
2026-09-09T14:18:16.458216Z  INFO nanospam::app: Confirmed 10,647 blocks | 1,500 bps | 1,188 cps | avg conf time: 2526 ms
2026-09-09T14:18:17.458788Z  INFO nanospam::app: Confirmed 11,596 blocks | 1,500 bps | 948 cps | avg conf time: 3584 ms
2026-09-09T14:18:18.459821Z  INFO nanospam::app: Confirmed 12,012 blocks | 1,500 bps | 415 cps | avg conf time: 3827 ms
2026-09-09T14:18:19.461000Z  INFO nanospam::app: Confirmed 12,841 blocks | 1,500 bps | 828 cps | avg conf time: 3418 ms
2026-09-09T14:18:20.462169Z  INFO nanospam::app: Confirmed 13,463 blocks | 1,500 bps | 621 cps | avg conf time: 4611 ms
2026-09-09T14:18:21.462990Z  INFO nanospam::app: Confirmed 13,653 blocks | 1,500 bps | 189 cps | avg conf time: 6846 ms
2026-09-09T14:18:22.463692Z  INFO nanospam::app: Confirmed 13,837 blocks | 1,500 bps | 183 cps | avg conf time: 8712 ms
2026-09-09T14:18:23.464688Z  INFO nanospam::app: Confirmed 14,161 blocks | 1,500 bps | 323 cps | avg conf time: 8061 ms
2026-09-09T14:18:24.466473Z  INFO nanospam::app: Confirmed 14,162 blocks | 1,500 bps | 0 cps | avg conf time: 7550 ms
2026-09-09T14:18:25.469119Z  INFO nanospam::app: Confirmed 14,162 blocks | 1,500 bps | 0 cps | avg conf time: 0 ms
2026-09-09T14:18:26.469973Z  INFO nanospam::app: Confirmed 14,162 blocks | 1,500 bps | 0 cps | avg conf time: 0 ms
2026-09-09T14:18:27.471609Z  INFO nanospam::app: Confirmed 14,162 blocks | 1,500 bps | 0 cps | avg conf time: 0 ms
2026-09-09T14:18:28.474355Z  INFO nanospam::app: Confirmed 14,162 blocks | 1,500 bps | 0 cps | avg conf time: 0 ms
2026-09-09T14:18:29.476218Z  INFO nanospam::app: Confirmed 14,162 blocks | 1,500 bps | 0 cps | avg conf time: 0 ms
2026-09-09T14:18:30.477065Z  INFO nanospam::app: Confirmed 14,162 blocks | 1,500 bps | 0 cps | avg conf time: 0 ms
2026-09-09T14:18:31.478691Z  INFO nanospam::app: Confirmed 14,162 blocks | 1,500 bps | 0 cps | avg conf time: 0 ms
2026-09-09T14:18:32.480474Z  INFO nanospam::app: Confirmed 14,162 blocks | 1,500 bps | 0 cps | avg conf time: 0 ms
2026-09-09T14:18:33.483309Z  INFO nanospam::app: Confirmed 14,162 blocks | 1,500 bps | 0 cps | avg conf time: 0 ms
2026-09-09T14:18:34.484670Z  INFO nanospam::app: Confirmed 14,162 blocks | 1,500 bps | 0 cps | avg conf time: 0 ms
2026-09-09T14:18:35.487027Z  INFO nanospam::app: Confirmed 14,162 blocks | 1,500 bps | 0 cps | avg conf time: 0 ms
2026-09-09T14:18:36.488372Z  INFO nanospam::app: Confirmed 14,162 blocks | 1,500 bps | 0 cps | avg conf time: 0 ms
2026-09-09T14:18:37.490676Z  INFO nanospam::app: Confirmed 14,162 blocks | 1,500 bps | 0 cps | avg conf time: 0 ms
2026-09-09T14:18:38.492688Z  INFO nanospam::app: Confirmed 14,162 blocks | 1,500 bps | 0 cps | avg conf time: 0 ms
2026-09-09T14:18:39.494954Z  INFO nanospam::app: Confirmed 14,162 blocks | 1,500 bps | 0 cps | avg conf time: 0 ms
2026-09-09T14:18:40.496780Z  INFO nanospam::app: Confirmed 14,162 blocks | 1,500 bps | 0 cps | avg conf time: 0 ms
2026-09-09T14:18:41.498401Z  INFO nanospam::app: Confirmed 14,162 blocks | 1,500 bps | 0 cps | avg conf time: 0 ms
2026-09-09T14:18:42.500180Z  INFO nanospam::app: Confirmed 14,162 blocks | 1,500 bps | 0 cps | avg conf time: 0 ms
2026-09-09T14:18:43.501773Z  INFO nanospam::app: Confirmed 14,162 blocks | 1,500 bps | 0 cps | avg conf time: 0 ms
2026-09-09T14:18:44.503801Z  INFO nanospam::app: Confirmed 14,162 blocks | 1,500 bps | 0 cps | avg conf time: 0 ms
2026-09-09T14:18:45.505753Z  INFO nanospam::app: Confirmed 14,162 blocks | 1,500 bps | 0 cps | avg conf time: 0 ms
2026-09-09T14:18:46.507493Z  INFO nanospam::app: Confirmed 14,162 blocks | 1,500 bps | 0 cps | avg conf time: 0 ms
2026-09-09T14:18:47.508929Z  INFO nanospam::app: Confirmed 14,162 blocks | 1,500 bps | 0 cps | avg conf time: 0 ms
2026-09-09T14:18:48.511513Z  INFO nanospam::app: Confirmed 14,162 blocks | 1,500 bps | 0 cps | avg conf time: 0 ms
2026-09-09T14:18:49.513323Z  INFO nanospam::app: Confirmed 14,162 blocks | 1,500 bps | 0 cps | avg conf time: 0 ms
2026-09-09T14:18:50.514222Z  INFO nanospam::app: Confirmed 14,162 blocks | 1,500 bps | 0 cps | avg conf time: 0 ms
2026-09-09T14:18:51.515814Z  INFO nanospam::app: Confirmed 14,162 blocks | 1,500 bps | 0 cps | avg conf time: 0 ms
2026-09-09T14:18:52.517904Z  INFO nanospam::app: Confirmed 14,162 blocks | 1,500 bps | 0 cps | avg conf time: 0 ms
2026-09-09T14:18:53.519803Z  INFO nanospam::app: Confirmed 14,162 blocks | 1,500 bps | 0 cps | avg conf time: 0 ms
2026-09-09T14:18:54.521563Z  INFO nanospam::app: Confirmed 14,162 blocks | 1,500 bps | 0 cps | avg conf time: 0 ms
2026-09-09T14:18:55.522157Z  INFO nanospam::app: Confirmed 14,162 blocks | 1,500 bps | 0 cps | avg conf time: 0 ms
2026-09-09T14:18:56.523309Z  INFO nanospam::app: Confirmed 14,162 blocks | 1,500 bps | 0 cps | avg conf time: 0 ms
2026-09-09T14:18:57.524035Z  INFO nanospam::app: Confirmed 14,162 blocks | 1,500 bps | 0 cps | avg conf time: 0 ms
2026-09-09T14:18:58.525195Z  INFO nanospam::app: Confirmed 14,162 blocks | 1,500 bps | 0 cps | avg conf time: 0 ms
2026-09-09T14:18:59.528542Z  INFO nanospam::app: Confirmed 14,162 blocks | 1,500 bps | 0 cps | avg conf time: 0 ms
2026-09-09T14:19:00.530282Z  INFO nanospam::app: Confirmed 14,162 blocks | 1,500 bps | 0 cps | avg conf time: 0 ms
2026-09-09T14:19:01.530804Z  INFO nanospam::app: Confirmed 14,162 blocks | 1,500 bps | 0 cps | avg conf time: 0 ms
2026-09-09T14:19:02.532427Z  INFO nanospam::app: Confirmed 14,162 blocks | 1,500 bps | 0 cps | avg conf time: 0 ms
2026-09-09T14:19:03.534084Z  INFO nanospam::app: Confirmed 14,162 blocks | 1,500 bps | 0 cps | avg conf time: 0 ms
2026-09-09T14:19:04.538360Z  INFO nanospam::app: Confirmed 14,162 blocks | 1,500 bps | 0 cps | avg conf time: 0 ms
2026-09-09T14:19:05.462374Z  INFO nanospam::app: Confirming 15000 blocks took 60.03s
2026-09-09T14:19:05.462413Z  INFO nanospam::app: Confirmation rate: 235.90180480767654 cps
2026-09-09T14:19:05.462417Z  INFO nanospam::app: Average conf time: 2058.363084520477 ms
2026-09-09T14:19:05.463801Z  INFO nanospam::app: BENCHMARK_RESULT {"confirmed_forks":21,"confirmed_nonforks":14141,"average_fork_confirmation_ms":6176.464781857143,"average_nonfork_confirmation_ms":2052.2475244013863,"rai_protocol":true,"epoch_length":7500,"prs":6,"accounts":15000,"created_blocks":15000,"published_blocks":15000,"confirmed_blocks":14162,"duration_seconds":60.033453375,"confirmation_rate_cps":235.90180480767654,"average_confirmation_ms":2058.363084520477}
2026-09-09T14:19:06.932508Z  INFO nanospam::app: PERFORMANCE_WINDOW_TERMINATION_RESULT {"success":true,"workload_roots":15000,"pending_roots":0,"timeout_roots":22,"all_workload_terminated":true,"failed_roots":0,"conflicting_finalization_roots":0,"conflicting_timeout_finalization_roots":0,"examples":[]}
2026-09-09T14:19:06.932573Z  INFO nanospam::app: CANONICAL_AGREEMENT_RESULT {"success":true,"additional_observation_seconds":0.0,"performance_cutoff":1788963545462368000,"agreement_cutoff":1788963545462368000}
2026-09-09T14:19:06.933308Z  INFO nanospam::app: RAI_QUORUM_SNAPSHOT {"phase":"end","pr":0,"quorum":{"quorum_delta":"227989185837028770520460986979284701672","online_weight_quorum_percent":"67","online_weight_minimum":"340282366920938463463374607431768211452","online_stake_total":"340282366920938463463374607431768211452","peers_stake_total":"340282366920938463463374607431768211452","trended_stake_total":"340282366920938463463374607431768211452","peers":[{"account":"nano_3atmwjh8t11psdqf3qx6xjfiei94oajch6zsyauowxzjogbbgz168g5mp8f1","ip":"[::1]:54774","weight":"56713727820156410577229101238628035242"},{"account":"nano_1sfb11jzfi8k51fcnrzi1qe3qh1e1jkic3h45oak9yfg5yhbkczzxfwtat7m","ip":"[::1]:54817","weight":"56713727820156410577229101238628035242"},{"account":"nano_3nroioygg54nusrmyun4woimqex36sp3drnctdt5955uqu47fxbkrxk7n7ne","ip":"[::1]:0","weight":"56713727820156410577229101238628035242"},{"account":"nano_36asm8scxymtsjmgqp14per3zxpgaec1c65qb9en1buscq7qzqa93tfyyzs3","ip":"[::1]:54793","weight":"56713727820156410577229101238628035242"},{"account":"nano_1rsxmoinip7d4wafdp855194n43fs7s1jgne6tx8ruatiu6g89815pddzijp","ip":"[::1]:54842","weight":"56713727820156410577229101238628035242"},{"account":"nano_1wtzwadxk9naxc356m4rienp93ht131w7ypadk39qck8uah3bg3zohsmj9th","ip":"[::1]:54868","weight":"56713727820156410577229101238628035242"}]}}
2026-09-09T14:19:06.933606Z  INFO nanospam::app: RAI_QUORUM_SNAPSHOT {"phase":"end","pr":1,"quorum":{"quorum_delta":"227989185837028770520460986979284701672","online_weight_quorum_percent":"67","online_weight_minimum":"340282366920938463463374607431768211452","online_stake_total":"340282366920938463463374607431768211452","peers_stake_total":"340282366920938463463374607431768211452","trended_stake_total":"340282366920938463463374607431768211452","peers":[{"account":"nano_3atmwjh8t11psdqf3qx6xjfiei94oajch6zsyauowxzjogbbgz168g5mp8f1","ip":"[::1]:0","weight":"56713727820156410577229101238628035242"},{"account":"nano_1sfb11jzfi8k51fcnrzi1qe3qh1e1jkic3h45oak9yfg5yhbkczzxfwtat7m","ip":"[::1]:54815","weight":"56713727820156410577229101238628035242"},{"account":"nano_3nroioygg54nusrmyun4woimqex36sp3drnctdt5955uqu47fxbkrxk7n7ne","ip":"[::1]:17075","weight":"56713727820156410577229101238628035242"},{"account":"nano_36asm8scxymtsjmgqp14per3zxpgaec1c65qb9en1buscq7qzqa93tfyyzs3","ip":"[::1]:54794","weight":"56713727820156410577229101238628035242"},{"account":"nano_1rsxmoinip7d4wafdp855194n43fs7s1jgne6tx8ruatiu6g89815pddzijp","ip":"[::1]:54839","weight":"56713727820156410577229101238628035242"},{"account":"nano_1wtzwadxk9naxc356m4rienp93ht131w7ypadk39qck8uah3bg3zohsmj9th","ip":"[::1]:54860","weight":"56713727820156410577229101238628035242"}]}}
2026-09-09T14:19:06.933867Z  INFO nanospam::app: RAI_QUORUM_SNAPSHOT {"phase":"end","pr":2,"quorum":{"quorum_delta":"227989185837028770520460986979284701672","online_weight_quorum_percent":"67","online_weight_minimum":"340282366920938463463374607431768211452","online_stake_total":"340282366920938463463374607431768211452","peers_stake_total":"340282366920938463463374607431768211452","trended_stake_total":"340282366920938463463374607431768211452","peers":[{"account":"nano_3atmwjh8t11psdqf3qx6xjfiei94oajch6zsyauowxzjogbbgz168g5mp8f1","ip":"[::1]:17085","weight":"56713727820156410577229101238628035242"},{"account":"nano_1sfb11jzfi8k51fcnrzi1qe3qh1e1jkic3h45oak9yfg5yhbkczzxfwtat7m","ip":"[::1]:54818","weight":"56713727820156410577229101238628035242"},{"account":"nano_3nroioygg54nusrmyun4woimqex36sp3drnctdt5955uqu47fxbkrxk7n7ne","ip":"[::1]:17075","weight":"56713727820156410577229101238628035242"},{"account":"nano_36asm8scxymtsjmgqp14per3zxpgaec1c65qb9en1buscq7qzqa93tfyyzs3","ip":"[::1]:0","weight":"56713727820156410577229101238628035242"},{"account":"nano_1rsxmoinip7d4wafdp855194n43fs7s1jgne6tx8ruatiu6g89815pddzijp","ip":"[::1]:54840","weight":"56713727820156410577229101238628035242"},{"account":"nano_1wtzwadxk9naxc356m4rienp93ht131w7ypadk39qck8uah3bg3zohsmj9th","ip":"[::1]:54862","weight":"56713727820156410577229101238628035242"}]}}
2026-09-09T14:19:06.934129Z  INFO nanospam::app: RAI_QUORUM_SNAPSHOT {"phase":"end","pr":3,"quorum":{"quorum_delta":"227989185837028770520460986979284701672","online_weight_quorum_percent":"67","online_weight_minimum":"340282366920938463463374607431768211452","online_stake_total":"340282366920938463463374607431768211452","peers_stake_total":"283568639100782052886145506193140176210","trended_stake_total":"340282366920938463463374607431768211452","peers":[{"account":"nano_3atmwjh8t11psdqf3qx6xjfiei94oajch6zsyauowxzjogbbgz168g5mp8f1","ip":"[::1]:17085","weight":"56713727820156410577229101238628035242"},{"account":"nano_1sfb11jzfi8k51fcnrzi1qe3qh1e1jkic3h45oak9yfg5yhbkczzxfwtat7m","ip":"[::1]:0","weight":"56713727820156410577229101238628035242"},{"account":"nano_36asm8scxymtsjmgqp14per3zxpgaec1c65qb9en1buscq7qzqa93tfyyzs3","ip":"[::1]:17095","weight":"56713727820156410577229101238628035242"},{"account":"nano_1rsxmoinip7d4wafdp855194n43fs7s1jgne6tx8ruatiu6g89815pddzijp","ip":"[::1]:54843","weight":"56713727820156410577229101238628035242"},{"account":"nano_1wtzwadxk9naxc356m4rienp93ht131w7ypadk39qck8uah3bg3zohsmj9th","ip":"[::1]:54871","weight":"56713727820156410577229101238628035242"}]}}
2026-09-09T14:19:06.934318Z  INFO nanospam::app: RAI_QUORUM_SNAPSHOT {"phase":"end","pr":4,"quorum":{"quorum_delta":"227989185837028770520460986979284701672","online_weight_quorum_percent":"67","online_weight_minimum":"340282366920938463463374607431768211452","online_stake_total":"340282366920938463463374607431768211452","peers_stake_total":"340282366920938463463374607431768211452","trended_stake_total":"340282366920938463463374607431768211452","peers":[{"account":"nano_3atmwjh8t11psdqf3qx6xjfiei94oajch6zsyauowxzjogbbgz168g5mp8f1","ip":"[::1]:17085","weight":"56713727820156410577229101238628035242"},{"account":"nano_1sfb11jzfi8k51fcnrzi1qe3qh1e1jkic3h45oak9yfg5yhbkczzxfwtat7m","ip":"[::1]:17105","weight":"56713727820156410577229101238628035242"},{"account":"nano_3nroioygg54nusrmyun4woimqex36sp3drnctdt5955uqu47fxbkrxk7n7ne","ip":"[::1]:17075","weight":"56713727820156410577229101238628035242"},{"account":"nano_36asm8scxymtsjmgqp14per3zxpgaec1c65qb9en1buscq7qzqa93tfyyzs3","ip":"[::1]:17095","weight":"56713727820156410577229101238628035242"},{"account":"nano_1rsxmoinip7d4wafdp855194n43fs7s1jgne6tx8ruatiu6g89815pddzijp","ip":"[::1]:0","weight":"56713727820156410577229101238628035242"},{"account":"nano_1wtzwadxk9naxc356m4rienp93ht131w7ypadk39qck8uah3bg3zohsmj9th","ip":"[::1]:54859","weight":"56713727820156410577229101238628035242"}]}}
2026-09-09T14:19:06.934502Z  INFO nanospam::app: RAI_QUORUM_SNAPSHOT {"phase":"end","pr":5,"quorum":{"quorum_delta":"227989185837028770520460986979284701672","online_weight_quorum_percent":"67","online_weight_minimum":"340282366920938463463374607431768211452","online_stake_total":"340282366920938463463374607431768211452","peers_stake_total":"226854911280625642308916404954512140968","trended_stake_total":"340282366920938463463374607431768211452","peers":[{"account":"nano_3atmwjh8t11psdqf3qx6xjfiei94oajch6zsyauowxzjogbbgz168g5mp8f1","ip":"[::1]:17085","weight":"56713727820156410577229101238628035242"},{"account":"nano_36asm8scxymtsjmgqp14per3zxpgaec1c65qb9en1buscq7qzqa93tfyyzs3","ip":"[::1]:17095","weight":"56713727820156410577229101238628035242"},{"account":"nano_1rsxmoinip7d4wafdp855194n43fs7s1jgne6tx8ruatiu6g89815pddzijp","ip":"[::1]:17115","weight":"56713727820156410577229101238628035242"},{"account":"nano_1wtzwadxk9naxc356m4rienp93ht131w7ypadk39qck8uah3bg3zohsmj9th","ip":"[::1]:0","weight":"56713727820156410577229101238628035242"}]}}
2026-09-09T14:19:08.565821Z  INFO nanospam::app: TERMINATION_RESULT {"success":true,"workload_roots":15000,"pending_roots":0,"timeout_roots":22,"all_workload_terminated":true,"failed_roots":0,"conflicting_finalization_roots":0,"conflicting_timeout_finalization_roots":0,"examples":[]}
2026-09-09T14:19:08.610889Z  INFO nanospam::app: ELECTION_RESULT {"pr":0,"terminated":16543,"timeout_notarized":1753,"notarized":15102,"notarized_not_finalized":940,"finalized":14162,"fast":13609,"nonfast_explicit":553,"implicit":0}
2026-09-09T14:19:08.658479Z  INFO nanospam::app: ELECTION_RESULT {"pr":1,"terminated":16867,"timeout_notarized":2077,"notarized":15102,"notarized_not_finalized":940,"finalized":14162,"fast":13407,"nonfast_explicit":755,"implicit":2}
2026-09-09T14:19:08.705839Z  INFO nanospam::app: ELECTION_RESULT {"pr":2,"terminated":16541,"timeout_notarized":1751,"notarized":15102,"notarized_not_finalized":940,"finalized":14162,"fast":13462,"nonfast_explicit":700,"implicit":0}
2026-09-09T14:19:08.753343Z  INFO nanospam::app: ELECTION_RESULT {"pr":3,"terminated":16885,"timeout_notarized":2095,"notarized":15102,"notarized_not_finalized":940,"finalized":14162,"fast":13574,"nonfast_explicit":588,"implicit":0}
2026-09-09T14:19:08.804951Z  INFO nanospam::app: ELECTION_RESULT {"pr":4,"terminated":17200,"timeout_notarized":2410,"notarized":15102,"notarized_not_finalized":940,"finalized":14162,"fast":13668,"nonfast_explicit":494,"implicit":0}
2026-09-09T14:19:08.850291Z  INFO nanospam::app: ELECTION_RESULT {"pr":5,"terminated":16537,"timeout_notarized":1747,"notarized":15102,"notarized_not_finalized":940,"finalized":14162,"fast":13730,"nonfast_explicit":432,"implicit":0}
2026-09-09T14:19:08.852642Z  INFO nanospam::app: PR0 ledger: {"current_epoch":"1","confirmation_epochs":{"0":{"count":"9029","digest":"4BA050E8CB2D92396BEC5D2112052CB4FD9E9315615055FD50B595C36DB45CB6"},"1":{"count":"5186","digest":"936688BF374242162E0D2D45B35B8D4627F918095C4660DF7D1A6F2C3AC37FD6"}},"count":"15053","unchecked":"0","cemented":"14215"}
2026-09-09T14:19:08.854285Z  INFO nanospam::app: PR1 ledger: {"current_epoch":"1","confirmation_epochs":{"0":{"count":"9029","digest":"4BA050E8CB2D92396BEC5D2112052CB4FD9E9315615055FD50B595C36DB45CB6"},"1":{"count":"5186","digest":"936688BF374242162E0D2D45B35B8D4627F918095C4660DF7D1A6F2C3AC37FD6"}},"count":"15053","unchecked":"0","cemented":"14215"}
2026-09-09T14:19:08.855903Z  INFO nanospam::app: PR2 ledger: {"current_epoch":"1","confirmation_epochs":{"0":{"count":"9029","digest":"4BA050E8CB2D92396BEC5D2112052CB4FD9E9315615055FD50B595C36DB45CB6"},"1":{"count":"5186","digest":"936688BF374242162E0D2D45B35B8D4627F918095C4660DF7D1A6F2C3AC37FD6"}},"count":"15053","unchecked":"0","cemented":"14215"}
2026-09-09T14:19:08.857645Z  INFO nanospam::app: PR3 ledger: {"current_epoch":"1","confirmation_epochs":{"0":{"count":"9029","digest":"4BA050E8CB2D92396BEC5D2112052CB4FD9E9315615055FD50B595C36DB45CB6"},"1":{"count":"5186","digest":"936688BF374242162E0D2D45B35B8D4627F918095C4660DF7D1A6F2C3AC37FD6"}},"count":"15053","unchecked":"0","cemented":"14215"}
2026-09-09T14:19:08.859210Z  INFO nanospam::app: PR4 ledger: {"current_epoch":"1","confirmation_epochs":{"0":{"count":"9029","digest":"4BA050E8CB2D92396BEC5D2112052CB4FD9E9315615055FD50B595C36DB45CB6"},"1":{"count":"5186","digest":"936688BF374242162E0D2D45B35B8D4627F918095C4660DF7D1A6F2C3AC37FD6"}},"count":"15053","unchecked":"0","cemented":"14215"}
2026-09-09T14:19:08.860737Z  INFO nanospam::app: PR5 ledger: {"current_epoch":"1","confirmation_epochs":{"0":{"count":"9029","digest":"4BA050E8CB2D92396BEC5D2112052CB4FD9E9315615055FD50B595C36DB45CB6"},"1":{"count":"5186","digest":"936688BF374242162E0D2D45B35B8D4627F918095C4660DF7D1A6F2C3AC37FD6"}},"count":"15053","unchecked":"0","cemented":"14215"}
