[2m2026-09-23T07:56:10.658602Z[0m [32m INFO[0m [2mnanospam::setup::account_map_factory[0m[2m:[0m Creating account keys file with 45000 keys: "/Users/ruimorais/NanoSpam/account_keys.txt"
[2m2026-09-23T07:56:11.457566Z[0m [32m INFO[0m [2mnanospam::setup::node_config_factory[0m[2m:[0m ********************************************************************************
[2m2026-09-23T07:56:11.457594Z[0m [32m INFO[0m [2mnanospam::setup::node_config_factory[0m[2m:[0m Setting up node PR0...
[2m2026-09-23T07:56:11.457602Z[0m [32m INFO[0m [2mnanospam::setup::node_config_factory[0m[2m:[0m Creating directory "/Users/ruimorais/NanoSpam/pr0"
[2m2026-09-23T07:56:11.457689Z[0m [32m INFO[0m [2mnanospam::setup::node_config_factory[0m[2m:[0m Creating node config file: "/Users/ruimorais/NanoSpam/pr0/config-node.toml"
[2m2026-09-23T07:56:11.457833Z[0m [32m INFO[0m [2mnanospam::setup::node_config_factory[0m[2m:[0m Creating rpc config file: "/Users/ruimorais/NanoSpam/pr0/config-rpc.toml"
[2m2026-09-23T07:56:11.457906Z[0m [32m INFO[0m [2mnanospam::setup::node_config_factory[0m[2m:[0m ********************************************************************************
[2m2026-09-23T07:56:11.457910Z[0m [32m INFO[0m [2mnanospam::setup::node_config_factory[0m[2m:[0m Setting up node PR1...
[2m2026-09-23T07:56:11.457914Z[0m [32m INFO[0m [2mnanospam::setup::node_config_factory[0m[2m:[0m Creating directory "/Users/ruimorais/NanoSpam/pr1"
[2m2026-09-23T07:56:11.457953Z[0m [32m INFO[0m [2mnanospam::setup::node_config_factory[0m[2m:[0m Creating node config file: "/Users/ruimorais/NanoSpam/pr1/config-node.toml"
[2m2026-09-23T07:56:11.458034Z[0m [32m INFO[0m [2mnanospam::setup::node_config_factory[0m[2m:[0m Creating rpc config file: "/Users/ruimorais/NanoSpam/pr1/config-rpc.toml"
[2m2026-09-23T07:56:11.458105Z[0m [32m INFO[0m [2mnanospam::setup::node_config_factory[0m[2m:[0m ********************************************************************************
[2m2026-09-23T07:56:11.458109Z[0m [32m INFO[0m [2mnanospam::setup::node_config_factory[0m[2m:[0m Setting up node PR2...
[2m2026-09-23T07:56:11.458113Z[0m [32m INFO[0m [2mnanospam::setup::node_config_factory[0m[2m:[0m Creating directory "/Users/ruimorais/NanoSpam/pr2"
[2m2026-09-23T07:56:11.458153Z[0m [32m INFO[0m [2mnanospam::setup::node_config_factory[0m[2m:[0m Creating node config file: "/Users/ruimorais/NanoSpam/pr2/config-node.toml"
[2m2026-09-23T07:56:11.458217Z[0m [32m INFO[0m [2mnanospam::setup::node_config_factory[0m[2m:[0m Creating rpc config file: "/Users/ruimorais/NanoSpam/pr2/config-rpc.toml"
[2m2026-09-23T07:56:11.458270Z[0m [32m INFO[0m [2mnanospam::setup::node_config_factory[0m[2m:[0m ********************************************************************************
[2m2026-09-23T07:56:11.458274Z[0m [32m INFO[0m [2mnanospam::setup::node_config_factory[0m[2m:[0m Setting up node PR3...
[2m2026-09-23T07:56:11.458278Z[0m [32m INFO[0m [2mnanospam::setup::node_config_factory[0m[2m:[0m Creating directory "/Users/ruimorais/NanoSpam/pr3"
[2m2026-09-23T07:56:11.458318Z[0m [32m INFO[0m [2mnanospam::setup::node_config_factory[0m[2m:[0m Creating node config file: "/Users/ruimorais/NanoSpam/pr3/config-node.toml"
[2m2026-09-23T07:56:11.458377Z[0m [32m INFO[0m [2mnanospam::setup::node_config_factory[0m[2m:[0m Creating rpc config file: "/Users/ruimorais/NanoSpam/pr3/config-rpc.toml"
[2m2026-09-23T07:56:11.458432Z[0m [32m INFO[0m [2mnanospam::setup::node_config_factory[0m[2m:[0m ********************************************************************************
[2m2026-09-23T07:56:11.458437Z[0m [32m INFO[0m [2mnanospam::setup::node_config_factory[0m[2m:[0m Setting up node PR4...
[2m2026-09-23T07:56:11.458441Z[0m [32m INFO[0m [2mnanospam::setup::node_config_factory[0m[2m:[0m Creating directory "/Users/ruimorais/NanoSpam/pr4"
[2m2026-09-23T07:56:11.458491Z[0m [32m INFO[0m [2mnanospam::setup::node_config_factory[0m[2m:[0m Creating node config file: "/Users/ruimorais/NanoSpam/pr4/config-node.toml"
[2m2026-09-23T07:56:11.458577Z[0m [32m INFO[0m [2mnanospam::setup::node_config_factory[0m[2m:[0m Creating rpc config file: "/Users/ruimorais/NanoSpam/pr4/config-rpc.toml"
[2m2026-09-23T07:56:11.458639Z[0m [32m INFO[0m [2mnanospam::setup::node_config_factory[0m[2m:[0m ********************************************************************************
[2m2026-09-23T07:56:11.458642Z[0m [32m INFO[0m [2mnanospam::setup::node_config_factory[0m[2m:[0m Setting up node PR5...
[2m2026-09-23T07:56:11.458645Z[0m [32m INFO[0m [2mnanospam::setup::node_config_factory[0m[2m:[0m Creating directory "/Users/ruimorais/NanoSpam/pr5"
[2m2026-09-23T07:56:11.458685Z[0m [32m INFO[0m [2mnanospam::setup::node_config_factory[0m[2m:[0m Creating node config file: "/Users/ruimorais/NanoSpam/pr5/config-node.toml"
[2m2026-09-23T07:56:11.458749Z[0m [32m INFO[0m [2mnanospam::setup::node_config_factory[0m[2m:[0m Creating rpc config file: "/Users/ruimorais/NanoSpam/pr5/config-rpc.toml"
[2m2026-09-23T07:56:11.458937Z[0m [32m INFO[0m [2mnanospam::setup::node_launcher[0m[2m:[0m Starting node: NANO_TEST_GENESIS_BLOCK="{\n    \"type\": \"open\",\n    \"account\": \"nano_3nroioygg54nusrmyun4woimqex36sp3drnctdt5955uqu47fxbkrxk7n7ne\",\n    \"source\": \"D315857CE70C54DE713F6E82E5613BB3A1266C15E28AD2F4338C7BBEC456F532\",\n    \"representative\": \"nano_3nroioygg54nusrmyun4woimqex36sp3drnctdt5955uqu47fxbkrxk7n7ne\",\n    \"signature\": \"3F6792C2DC623DF2E8643777160AB983B66B337E2478E13D2C3448126A8F4CD8DCCD19803C158A057FA44060AE0EFC09B1C311CB4FBF42F8D240610B38F56E08\",\n    \"work\": \"70FEF01F7EC45DEC\"\n    }" NANO_TEST_GENESIS_PRV ="49643F9B10CA1AA34F9AF8ED4AABD29F436104CCC375974B108534A48EAE3FE1" "rsnano" "--network" "test" "--data-path" "/Users/ruimorais/NanoSpam/pr0" "node" "run"
[2m2026-09-23T07:56:11.459894Z[0m [32m INFO[0m [2mnanospam::setup::node_launcher[0m[2m:[0m Waiting for RPC...
[2m2026-09-23T07:56:11.777811Z[0m [32m INFO[0m [2mnanospam::setup::node_launcher[0m[2m:[0m Starting node: NANO_TEST_GENESIS_BLOCK="{\n    \"type\": \"open\",\n    \"account\": \"nano_3nroioygg54nusrmyun4woimqex36sp3drnctdt5955uqu47fxbkrxk7n7ne\",\n    \"source\": \"D315857CE70C54DE713F6E82E5613BB3A1266C15E28AD2F4338C7BBEC456F532\",\n    \"representative\": \"nano_3nroioygg54nusrmyun4woimqex36sp3drnctdt5955uqu47fxbkrxk7n7ne\",\n    \"signature\": \"3F6792C2DC623DF2E8643777160AB983B66B337E2478E13D2C3448126A8F4CD8DCCD19803C158A057FA44060AE0EFC09B1C311CB4FBF42F8D240610B38F56E08\",\n    \"work\": \"70FEF01F7EC45DEC\"\n    }" NANO_TEST_GENESIS_PRV ="49643F9B10CA1AA34F9AF8ED4AABD29F436104CCC375974B108534A48EAE3FE1" "rsnano" "--network" "test" "--data-path" "/Users/ruimorais/NanoSpam/pr1" "node" "run"
[2m2026-09-23T07:56:11.779650Z[0m [32m INFO[0m [2mnanospam::setup::node_launcher[0m[2m:[0m Waiting for RPC...
[2m2026-09-23T07:56:11.882331Z[0m [32m INFO[0m [2mnanospam::setup::node_launcher[0m[2m:[0m Starting node: NANO_TEST_GENESIS_BLOCK="{\n    \"type\": \"open\",\n    \"account\": \"nano_3nroioygg54nusrmyun4woimqex36sp3drnctdt5955uqu47fxbkrxk7n7ne\",\n    \"source\": \"D315857CE70C54DE713F6E82E5613BB3A1266C15E28AD2F4338C7BBEC456F532\",\n    \"representative\": \"nano_3nroioygg54nusrmyun4woimqex36sp3drnctdt5955uqu47fxbkrxk7n7ne\",\n    \"signature\": \"3F6792C2DC623DF2E8643777160AB983B66B337E2478E13D2C3448126A8F4CD8DCCD19803C158A057FA44060AE0EFC09B1C311CB4FBF42F8D240610B38F56E08\",\n    \"work\": \"70FEF01F7EC45DEC\"\n    }" NANO_TEST_GENESIS_PRV ="49643F9B10CA1AA34F9AF8ED4AABD29F436104CCC375974B108534A48EAE3FE1" "rsnano" "--network" "test" "--data-path" "/Users/ruimorais/NanoSpam/pr2" "node" "run"
[2m2026-09-23T07:56:11.882657Z[0m [32m INFO[0m [2mnanospam::setup::node_launcher[0m[2m:[0m Waiting for RPC...
[2m2026-09-23T07:56:11.985521Z[0m [32m INFO[0m [2mnanospam::setup::node_launcher[0m[2m:[0m Starting node: NANO_TEST_GENESIS_BLOCK="{\n    \"type\": \"open\",\n    \"account\": \"nano_3nroioygg54nusrmyun4woimqex36sp3drnctdt5955uqu47fxbkrxk7n7ne\",\n    \"source\": \"D315857CE70C54DE713F6E82E5613BB3A1266C15E28AD2F4338C7BBEC456F532\",\n    \"representative\": \"nano_3nroioygg54nusrmyun4woimqex36sp3drnctdt5955uqu47fxbkrxk7n7ne\",\n    \"signature\": \"3F6792C2DC623DF2E8643777160AB983B66B337E2478E13D2C3448126A8F4CD8DCCD19803C158A057FA44060AE0EFC09B1C311CB4FBF42F8D240610B38F56E08\",\n    \"work\": \"70FEF01F7EC45DEC\"\n    }" NANO_TEST_GENESIS_PRV ="49643F9B10CA1AA34F9AF8ED4AABD29F436104CCC375974B108534A48EAE3FE1" "rsnano" "--network" "test" "--data-path" "/Users/ruimorais/NanoSpam/pr3" "node" "run"
[2m2026-09-23T07:56:11.985937Z[0m [32m INFO[0m [2mnanospam::setup::node_launcher[0m[2m:[0m Waiting for RPC...
[2m2026-09-23T07:56:12.088826Z[0m [32m INFO[0m [2mnanospam::setup::node_launcher[0m[2m:[0m Starting node: NANO_TEST_GENESIS_BLOCK="{\n    \"type\": \"open\",\n    \"account\": \"nano_3nroioygg54nusrmyun4woimqex36sp3drnctdt5955uqu47fxbkrxk7n7ne\",\n    \"source\": \"D315857CE70C54DE713F6E82E5613BB3A1266C15E28AD2F4338C7BBEC456F532\",\n    \"representative\": \"nano_3nroioygg54nusrmyun4woimqex36sp3drnctdt5955uqu47fxbkrxk7n7ne\",\n    \"signature\": \"3F6792C2DC623DF2E8643777160AB983B66B337E2478E13D2C3448126A8F4CD8DCCD19803C158A057FA44060AE0EFC09B1C311CB4FBF42F8D240610B38F56E08\",\n    \"work\": \"70FEF01F7EC45DEC\"\n    }" NANO_TEST_GENESIS_PRV ="49643F9B10CA1AA34F9AF8ED4AABD29F436104CCC375974B108534A48EAE3FE1" "rsnano" "--network" "test" "--data-path" "/Users/ruimorais/NanoSpam/pr4" "node" "run"
[2m2026-09-23T07:56:12.089247Z[0m [32m INFO[0m [2mnanospam::setup::node_launcher[0m[2m:[0m Waiting for RPC...
[2m2026-09-23T07:56:12.192375Z[0m [32m INFO[0m [2mnanospam::setup::node_launcher[0m[2m:[0m Starting node: NANO_TEST_GENESIS_BLOCK="{\n    \"type\": \"open\",\n    \"account\": \"nano_3nroioygg54nusrmyun4woimqex36sp3drnctdt5955uqu47fxbkrxk7n7ne\",\n    \"source\": \"D315857CE70C54DE713F6E82E5613BB3A1266C15E28AD2F4338C7BBEC456F532\",\n    \"representative\": \"nano_3nroioygg54nusrmyun4woimqex36sp3drnctdt5955uqu47fxbkrxk7n7ne\",\n    \"signature\": \"3F6792C2DC623DF2E8643777160AB983B66B337E2478E13D2C3448126A8F4CD8DCCD19803C158A057FA44060AE0EFC09B1C311CB4FBF42F8D240610B38F56E08\",\n    \"work\": \"70FEF01F7EC45DEC\"\n    }" NANO_TEST_GENESIS_PRV ="49643F9B10CA1AA34F9AF8ED4AABD29F436104CCC375974B108534A48EAE3FE1" "rsnano" "--network" "test" "--data-path" "/Users/ruimorais/NanoSpam/pr5" "node" "run"
[2m2026-09-23T07:56:12.192939Z[0m [32m INFO[0m [2mnanospam::setup::node_launcher[0m[2m:[0m Waiting for RPC...
[2m2026-09-23T07:56:12.296483Z[0m [32m INFO[0m [2mnanospam::wallets_factory[0m[2m:[0m Creating wallet...
[2m2026-09-23T07:56:12.363933Z[0m [32m INFO[0m [2mnanospam::wallets_factory[0m[2m:[0m Setting default representative...
[2m2026-09-23T07:56:12.364280Z[0m [32m INFO[0m [2mnanospam::wallets_factory[0m[2m:[0m Creating wallet...
[2m2026-09-23T07:56:12.410933Z[0m [32m INFO[0m [2mnanospam::wallets_factory[0m[2m:[0m Setting default representative...
[2m2026-09-23T07:56:12.411255Z[0m [32m INFO[0m [2mnanospam::wallets_factory[0m[2m:[0m Sending Ӿ40,047,061 to PR1 wallet nano_3atmwjh8t11psdqf3qx6xjfiei94oajch6zsyauowxzjogbbgz168g5mp8f1 ...
[2m2026-09-23T07:56:12.411684Z[0m [32m INFO[0m [2mnanospam::wallets_factory[0m[2m:[0m Waiting for confirmation for B19EAD8221E07E52EEB7CA7EE50577B662C489ADBA15C0727DB6F8AEDAD50081
[2m2026-09-23T07:56:27.510865Z[0m [32m INFO[0m [2mnanospam::wallets_factory[0m[2m:[0m Receiving...
[2m2026-09-23T07:56:27.511617Z[0m [32m INFO[0m [2mnanospam::wallets_factory[0m[2m:[0m Waiting for confirmation for CBAA8D9FE2AA2CFEB77B87886D76922E22E4C51C0C091A54179A7E5CF79FC967
[2m2026-09-23T07:56:27.613857Z[0m [32m INFO[0m [2mnanospam::wallets_factory[0m[2m:[0m DONE
[2m2026-09-23T07:56:27.613931Z[0m [32m INFO[0m [2mnanospam::wallets_factory[0m[2m:[0m ********************************************************************************
[2m2026-09-23T07:56:27.613941Z[0m [32m INFO[0m [2mnanospam::wallets_factory[0m[2m:[0m Creating wallet...
[2m2026-09-23T07:56:27.678832Z[0m [32m INFO[0m [2mnanospam::wallets_factory[0m[2m:[0m Setting default representative...
[2m2026-09-23T07:56:27.679168Z[0m [32m INFO[0m [2mnanospam::wallets_factory[0m[2m:[0m Sending Ӿ40,047,061 to PR2 wallet nano_36asm8scxymtsjmgqp14per3zxpgaec1c65qb9en1buscq7qzqa93tfyyzs3 ...
[2m2026-09-23T07:56:27.679653Z[0m [32m INFO[0m [2mnanospam::wallets_factory[0m[2m:[0m Waiting for confirmation for CAFB013DCCB20BBF4CC103A0FDD2BF25C8F109B9E984B96D0666840E4B0F89BA
[2m2026-09-23T07:56:27.782339Z[0m [32m INFO[0m [2mnanospam::wallets_factory[0m[2m:[0m Receiving...
[2m2026-09-23T07:56:27.783234Z[0m [32m INFO[0m [2mnanospam::wallets_factory[0m[2m:[0m Waiting for confirmation for 7189E44F408196E8FD1F393F06CDAD4F7C5A415B2A2DDFA8ABEABEE83DA60182
[2m2026-09-23T07:56:27.886572Z[0m [32m INFO[0m [2mnanospam::wallets_factory[0m[2m:[0m DONE
[2m2026-09-23T07:56:27.886636Z[0m [32m INFO[0m [2mnanospam::wallets_factory[0m[2m:[0m ********************************************************************************
[2m2026-09-23T07:56:27.886651Z[0m [32m INFO[0m [2mnanospam::wallets_factory[0m[2m:[0m Creating wallet...
[2m2026-09-23T07:56:27.962504Z[0m [32m INFO[0m [2mnanospam::wallets_factory[0m[2m:[0m Setting default representative...
[2m2026-09-23T07:56:27.962942Z[0m [32m INFO[0m [2mnanospam::wallets_factory[0m[2m:[0m Sending Ӿ40,047,061 to PR3 wallet nano_1sfb11jzfi8k51fcnrzi1qe3qh1e1jkic3h45oak9yfg5yhbkczzxfwtat7m ...
[2m2026-09-23T07:56:27.963347Z[0m [32m INFO[0m [2mnanospam::wallets_factory[0m[2m:[0m Waiting for confirmation for E2CEA882BAF6FE5BE932C387FEB7740D791CAF9E5BECC7CEE8176C7DDEE6378A
[2m2026-09-23T07:56:31.550067Z[0m [32m INFO[0m [2mnanospam::wallets_factory[0m[2m:[0m Receiving...
[2m2026-09-23T07:56:31.551203Z[0m [32m INFO[0m [2mnanospam::wallets_factory[0m[2m:[0m Waiting for confirmation for EA5EC3EAA2535557DB68742DBFA22A64B7B314876EE136F919471550E89D65D4
[2m2026-09-23T07:56:31.653480Z[0m [32m INFO[0m [2mnanospam::wallets_factory[0m[2m:[0m DONE
[2m2026-09-23T07:56:31.653516Z[0m [32m INFO[0m [2mnanospam::wallets_factory[0m[2m:[0m ********************************************************************************
[2m2026-09-23T07:56:31.653523Z[0m [32m INFO[0m [2mnanospam::wallets_factory[0m[2m:[0m Creating wallet...
[2m2026-09-23T07:56:31.706291Z[0m [32m INFO[0m [2mnanospam::wallets_factory[0m[2m:[0m Setting default representative...
[2m2026-09-23T07:56:31.706477Z[0m [32m INFO[0m [2mnanospam::wallets_factory[0m[2m:[0m Sending Ӿ40,047,061 to PR4 wallet nano_1rsxmoinip7d4wafdp855194n43fs7s1jgne6tx8ruatiu6g89815pddzijp ...
[2m2026-09-23T07:56:31.706829Z[0m [32m INFO[0m [2mnanospam::wallets_factory[0m[2m:[0m Waiting for confirmation for 22677C7E74B964C1E24887306A66EAC48330280DFA5744E0E21166EC47B5438A
[2m2026-09-23T07:56:31.911801Z[0m [32m INFO[0m [2mnanospam::wallets_factory[0m[2m:[0m Receiving...
[2m2026-09-23T07:56:31.913451Z[0m [32m INFO[0m [2mnanospam::wallets_factory[0m[2m:[0m Waiting for confirmation for 686B8354F9897585048EDBC473B612A3E2823DE919A66201E69841219A6B5651
[2m2026-09-23T07:56:32.119501Z[0m [32m INFO[0m [2mnanospam::wallets_factory[0m[2m:[0m DONE
[2m2026-09-23T07:56:32.119590Z[0m [32m INFO[0m [2mnanospam::wallets_factory[0m[2m:[0m ********************************************************************************
[2m2026-09-23T07:56:32.119608Z[0m [32m INFO[0m [2mnanospam::wallets_factory[0m[2m:[0m Creating wallet...
[2m2026-09-23T07:56:32.199044Z[0m [32m INFO[0m [2mnanospam::wallets_factory[0m[2m:[0m Setting default representative...
[2m2026-09-23T07:56:32.199418Z[0m [32m INFO[0m [2mnanospam::wallets_factory[0m[2m:[0m Sending Ӿ40,047,061 to PR5 wallet nano_1wtzwadxk9naxc356m4rienp93ht131w7ypadk39qck8uah3bg3zohsmj9th ...
[2m2026-09-23T07:56:32.199825Z[0m [32m INFO[0m [2mnanospam::wallets_factory[0m[2m:[0m Waiting for confirmation for 86B6E149E407121861E950D6B66B56BA39E500C199E580ED6065515C3C25094F
[2m2026-09-23T07:56:32.405176Z[0m [32m INFO[0m [2mnanospam::wallets_factory[0m[2m:[0m Receiving...
[2m2026-09-23T07:56:32.406361Z[0m [32m INFO[0m [2mnanospam::wallets_factory[0m[2m:[0m Waiting for confirmation for 417F8AEA0F6FDD9A5EE6F5896819E98A81FC15AA2CF56207A5BCFB27193E37A9
[2m2026-09-23T07:56:32.610668Z[0m [32m INFO[0m [2mnanospam::wallets_factory[0m[2m:[0m DONE
[2m2026-09-23T07:56:32.610709Z[0m [32m INFO[0m [2mnanospam::wallets_factory[0m[2m:[0m ********************************************************************************
[2m2026-09-23T07:56:32.610715Z[0m [32m INFO[0m [2mnanospam::wallets_factory[0m[2m:[0m Sending initial spam amount...
[2m2026-09-23T07:56:32.611206Z[0m [32m INFO[0m [2mnanospam::wallets_factory[0m[2m:[0m Waiting for confirmation for 6AB2171153AE7C45C57EEAAD5A1B2D1040E7B85A75D7FE5EB46B7EDCF336515A
[2m2026-09-23T07:56:32.816024Z[0m [32m INFO[0m [2mnanospam::wallets_factory[0m[2m:[0m Receiving initial spam amount...
[2m2026-09-23T07:56:32.816758Z[0m [32m INFO[0m [2mnanospam::wallets_factory[0m[2m:[0m Waiting for confirmation for 11F753F7F211A8E3F975833C6EE17823F8A6B59868D041E39A918B4B6A946814
[2m2026-09-23T07:56:34.252951Z[0m [32m INFO[0m [2mnanospam::wallets_factory[0m[2m:[0m Seeding Ӿ14,285,714 to nano_3zobscsopf4oduapq9d7ffxm47ese63pctt77hcexb99uqdwhqzewdyoets1 for representative D315857CE70C54DE713F6E82E5613BB3A1266C15E28AD2F4338C7BBEC456F532
[2m2026-09-23T07:56:34.254198Z[0m [32m INFO[0m [2mnanospam::wallets_factory[0m[2m:[0m Waiting for confirmation for A67FFD0834496529E31A7B04FD5B96C60BE2CDAE32D712CBF2F7B1092D41F4D7
[2m2026-09-23T07:56:34.460923Z[0m [32m INFO[0m [2mnanospam::wallets_factory[0m[2m:[0m Waiting for confirmation for A7784B3F1D6E852B52C4079DB73434F58B0008E751C114826324818E5A838763
[2m2026-09-23T07:56:34.872044Z[0m [32m INFO[0m [2mnanospam::wallets_factory[0m[2m:[0m Seeding Ӿ14,285,714 to nano_3quh54ojy76r4io4e9y15exbm1hahmga554q6hmjdpnr3aywwmmrj1xipx9g for representative A353E45E6D0016CAEED0DFA4EC5B0640E2AA22A793F9F2375E77F1AB92977C04
[2m2026-09-23T07:56:34.872614Z[0m [32m INFO[0m [2mnanospam::wallets_factory[0m[2m:[0m Waiting for confirmation for EE8EA4D195E5759E4CA96F14B8DCAFE9D8A3C2E002DD42ADC0C201DCFF7B8C5C
[2m2026-09-23T07:56:35.386440Z[0m [32m INFO[0m [2mnanospam::wallets_factory[0m[2m:[0m Waiting for confirmation for 13107167169F068189824F36C4A9F7AF73E54E87B8042660A7AC4C2CA60A58C9
[2m2026-09-23T07:56:40.617413Z[0m [32m INFO[0m [2mnanospam::wallets_factory[0m[2m:[0m Seeding Ӿ14,285,714 to nano_3wnswua8pjqohyj9ohiwer7dnymfb57735xfpqd1iadrci5cebexpzw8um6w for representative 911999B2AEFA7ACC66EBD802B3301FF6CE431405107749D940277955CB7FDD07
[2m2026-09-23T07:56:40.618199Z[0m [32m INFO[0m [2mnanospam::wallets_factory[0m[2m:[0m Waiting for confirmation for FB4003A28DEF2E47D5C30D90601172AB61CE09D33FC5FF8E74A72C8E1C9EE29A
[2m2026-09-23T07:56:40.825576Z[0m [32m INFO[0m [2mnanospam::wallets_factory[0m[2m:[0m Waiting for confirmation for 011FF4FC6105D4BDD8D0773FBB38F337A010C4AE55288137EA46EE5436AD8CF4
[2m2026-09-23T07:56:41.031522Z[0m [32m INFO[0m [2mnanospam::wallets_factory[0m[2m:[0m Seeding Ӿ14,285,714 to nano_3ta38hd4bhdpc8ope8g8bf3j7eoki1zx6rt85xigjctxo7nt9whm1d4rp7hz for representative 65A90023F6C0D2181AAA63F005D81BBC0C04650505E21D5123F9AE1F9E992BFF
[2m2026-09-23T07:56:41.032445Z[0m [32m INFO[0m [2mnanospam::wallets_factory[0m[2m:[0m Waiting for confirmation for 7CDE922F63EDC8B40E251828D5739979D43863BC3F5ECD7175DC82A161F738E1
[2m2026-09-23T07:56:41.340558Z[0m [32m INFO[0m [2mnanospam::wallets_factory[0m[2m:[0m Waiting for confirmation for 2490DB38D9EB2111848DD9906758D1C2509F3F349F79D1DBD466587E5A0A4493
[2m2026-09-23T07:56:41.442842Z[0m [32m INFO[0m [2mnanospam::wallets_factory[0m[2m:[0m Seeding Ӿ14,285,714 to nano_1183ujjwzsq5izccsrowb1yg3mfyqx9o8cihfbbf4ounyfqzejeyjsafnhmf for representative 633D9D614858AB1710D5D8C3180E2A082DC97208BA8C26BA6C6D1A86C8E31CC0
[2m2026-09-23T07:56:41.443738Z[0m [32m INFO[0m [2mnanospam::wallets_factory[0m[2m:[0m Waiting for confirmation for BF8C38383FB710569F275EACF13E4ADE39D38A1E5F25D8031AB1E5C8C09A167C
[2m2026-09-23T07:56:41.546721Z[0m [32m INFO[0m [2mnanospam::wallets_factory[0m[2m:[0m Waiting for confirmation for 67C8B35BC56A64D51E45EE56DCE5E1B5981F923F228370529105DED7C2055694
[2m2026-09-23T07:56:41.650662Z[0m [32m INFO[0m [2mnanospam::wallets_factory[0m[2m:[0m Seeding Ӿ14,285,714 to nano_1cs7qzff8bijomaw7dii7j9s7qff8a8q65badcudsc51xw8czqbnpnhrbhsy for representative 735FE217D91E88EA82324C5883296385FA0041C2FAC85C827BAA46DA1E14B83F
[2m2026-09-23T07:56:41.651701Z[0m [32m INFO[0m [2mnanospam::wallets_factory[0m[2m:[0m Waiting for confirmation for 4E3FE71BBE2AFA38AA44503EDF714BCDE0E30723ECBDC13A923C333AB0271176
[2m2026-09-23T07:56:41.859663Z[0m [32m INFO[0m [2mnanospam::wallets_factory[0m[2m:[0m Waiting for confirmation for 6DBFB51BCFAAF4CB64BCBD2E60817784CFD343374F0323C47B1EE7EFEDAA8C26
[2m2026-09-23T07:56:42.068420Z[0m [32m INFO[0m [2mnanospam::high_prio_check[0m[2m:[0m Creating high priority accounts...
[2m2026-09-23T07:56:42.096740Z[0m [32m INFO[0m [2mnanospam::high_prio_check[0m[2m:[0m Waiting for confirmations...
[2m2026-09-23T07:56:44.211108Z[0m [32m INFO[0m [2mnanospam::app[0m[2m:[0m Waiting for all PRs to see the full quorum...
[2m2026-09-23T07:56:44.213780Z[0m [32m INFO[0m [2mnanospam::app[0m[2m:[0m All PRs see the full quorum after 2.561917ms
[2m2026-09-23T07:56:44.213868Z[0m [32m INFO[0m [2mnanospam::app[0m[2m:[0m Waiting for all PRs to hold the same cemented ledger...
[2m2026-09-23T07:57:27.477844Z[0m [32m INFO[0m [2mnanospam::app[0m[2m:[0m All PRs hold the same ledger of 65 blocks after 43.26568575s
EPOCH_COMMITTEE derived_by=genesis members=6 accounts=33 n=340282366920938463463374607431768211455 digest=F86D81972D51B72B0B6EBD14698D9274FA62362921269BD5E595E4E716D4EE3A shares=["A353E45E:20.2%", "735FE217:16.0%", "633D9D61:16.0%", "65A90023:16.0%", "911999B2:16.0%", "D315857C:16.0%"] t=1790150247478
EPOCH_START epoch=0 elections=0 t=1790150247478
EPOCH_COMMITTEE derived_by=genesis members=6 accounts=33 n=340282366920938463463374607431768211455 digest=F86D81972D51B72B0B6EBD14698D9274FA62362921269BD5E595E4E716D4EE3A shares=["A353E45E:20.2%", "735FE217:16.0%", "633D9D61:16.0%", "65A90023:16.0%", "911999B2:16.0%", "D315857C:16.0%"] t=1790150247478
EPOCH_START epoch=0 elections=0 t=1790150247478
EPOCH_COMMITTEE derived_by=genesis members=6 accounts=33 n=340282366920938463463374607431768211455 digest=F86D81972D51B72B0B6EBD14698D9274FA62362921269BD5E595E4E716D4EE3A shares=["A353E45E:20.2%", "735FE217:16.0%", "633D9D61:16.0%", "65A90023:16.0%", "911999B2:16.0%", "D315857C:16.0%"] t=1790150247478
EPOCH_START epoch=0 elections=0 t=1790150247478
EPOCH_COMMITTEE derived_by=genesis members=6 accounts=33 n=340282366920938463463374607431768211455 digest=F86D81972D51B72B0B6EBD14698D9274FA62362921269BD5E595E4E716D4EE3A shares=["A353E45E:20.2%", "735FE217:16.0%", "633D9D61:16.0%", "65A90023:16.0%", "911999B2:16.0%", "D315857C:16.0%"] t=1790150247478
EPOCH_START epoch=0 elections=0 t=1790150247478
EPOCH_COMMITTEE derived_by=genesis members=6 accounts=33 n=340282366920938463463374607431768211455 digest=F86D81972D51B72B0B6EBD14698D9274FA62362921269BD5E595E4E716D4EE3A shares=["A353E45E:20.2%", "735FE217:16.0%", "633D9D61:16.0%", "65A90023:16.0%", "911999B2:16.0%", "D315857C:16.0%"] t=1790150247479
EPOCH_START epoch=0 elections=0 t=1790150247479
EPOCH_COMMITTEE derived_by=genesis members=6 accounts=33 n=340282366920938463463374607431768211455 digest=F86D81972D51B72B0B6EBD14698D9274FA62362921269BD5E595E4E716D4EE3A shares=["A353E45E:20.2%", "735FE217:16.0%", "633D9D61:16.0%", "65A90023:16.0%", "911999B2:16.0%", "D315857C:16.0%"] t=1790150247479
EPOCH_START epoch=0 elections=0 t=1790150247479
[2m2026-09-23T07:57:27.479388Z[0m [32m INFO[0m [2mnanospam::app[0m[2m:[0m Started the epochs on every PR
[2m2026-09-23T07:57:27.479398Z[0m [32m INFO[0m [2mnanospam::app[0m[2m:[0m Connecting to node PR0... [3mpeer_addr[0m[2m=[0m[::1]:17075
[2m2026-09-23T07:57:27.479693Z[0m [32m INFO[0m [2mnanospam::app[0m[2m:[0m Performing handshake...
[2m2026-09-23T07:57:27.480122Z[0m [32m INFO[0m [2mnanospam::app[0m[2m:[0m Performing handshake...
[2m2026-09-23T07:57:27.491992Z[0m [32m INFO[0m [2mnanospam::app[0m[2m:[0m Performing handshake...
[2m2026-09-23T07:57:27.503815Z[0m [32m INFO[0m [2mnanospam::app[0m[2m:[0m Performing handshake...
[2m2026-09-23T07:57:27.515481Z[0m [32m INFO[0m [2mnanospam::app[0m[2m:[0m Connecting to node PR1... [3mpeer_addr[0m[2m=[0m[::1]:17085
[2m2026-09-23T07:57:27.515672Z[0m [32m INFO[0m [2mnanospam::app[0m[2m:[0m Performing handshake...
[2m2026-09-23T07:57:27.516122Z[0m [32m INFO[0m [2mnanospam::app[0m[2m:[0m Performing handshake...
[2m2026-09-23T07:57:27.527436Z[0m [32m INFO[0m [2mnanospam::app[0m[2m:[0m Performing handshake...
[2m2026-09-23T07:57:27.539332Z[0m [32m INFO[0m [2mnanospam::app[0m[2m:[0m Performing handshake...
[2m2026-09-23T07:57:27.551430Z[0m [32m INFO[0m [2mnanospam::app[0m[2m:[0m Connecting to node PR2... [3mpeer_addr[0m[2m=[0m[::1]:17095
[2m2026-09-23T07:57:27.551629Z[0m [32m INFO[0m [2mnanospam::app[0m[2m:[0m Performing handshake...
[2m2026-09-23T07:57:27.552070Z[0m [32m INFO[0m [2mnanospam::app[0m[2m:[0m Performing handshake...
[2m2026-09-23T07:57:27.563881Z[0m [32m INFO[0m [2mnanospam::app[0m[2m:[0m Performing handshake...
[2m2026-09-23T07:57:27.575539Z[0m [32m INFO[0m [2mnanospam::app[0m[2m:[0m Performing handshake...
[2m2026-09-23T07:57:27.585655Z[0m [32m INFO[0m [2mnanospam::app[0m[2m:[0m Connecting to node PR3... [3mpeer_addr[0m[2m=[0m[::1]:17105
[2m2026-09-23T07:57:27.585794Z[0m [32m INFO[0m [2mnanospam::app[0m[2m:[0m Performing handshake...
[2m2026-09-23T07:57:27.586232Z[0m [32m INFO[0m [2mnanospam::app[0m[2m:[0m Performing handshake...
[2m2026-09-23T07:57:27.596895Z[0m [32m INFO[0m [2mnanospam::app[0m[2m:[0m Performing handshake...
[2m2026-09-23T07:57:27.608549Z[0m [32m INFO[0m [2mnanospam::app[0m[2m:[0m Performing handshake...
[2m2026-09-23T07:57:27.620126Z[0m [32m INFO[0m [2mnanospam::app[0m[2m:[0m Connecting to node PR4... [3mpeer_addr[0m[2m=[0m[::1]:17115
[2m2026-09-23T07:57:27.620321Z[0m [32m INFO[0m [2mnanospam::app[0m[2m:[0m Performing handshake...
[2m2026-09-23T07:57:27.620854Z[0m [32m INFO[0m [2mnanospam::app[0m[2m:[0m Performing handshake...
[2m2026-09-23T07:57:27.632307Z[0m [32m INFO[0m [2mnanospam::app[0m[2m:[0m Performing handshake...
[2m2026-09-23T07:57:27.643174Z[0m [32m INFO[0m [2mnanospam::app[0m[2m:[0m Performing handshake...
[2m2026-09-23T07:57:27.653780Z[0m [32m INFO[0m [2mnanospam::app[0m[2m:[0m Connecting to node PR5... [3mpeer_addr[0m[2m=[0m[::1]:17125
[2m2026-09-23T07:57:27.654035Z[0m [32m INFO[0m [2mnanospam::app[0m[2m:[0m Performing handshake...
[2m2026-09-23T07:57:27.654672Z[0m [32m INFO[0m [2mnanospam::app[0m[2m:[0m Performing handshake...
[2m2026-09-23T07:57:27.667085Z[0m [32m INFO[0m [2mnanospam::app[0m[2m:[0m Performing handshake...
[2m2026-09-23T07:57:27.677891Z[0m [32m INFO[0m [2mnanospam::app[0m[2m:[0m Performing handshake...
[2m2026-09-23T07:57:27.689860Z[0m [32m INFO[0m [2mnanospam::app[0m[2m:[0m Connecting to websocket...
[2m2026-09-23T07:57:27.690963Z[0m [32m INFO[0m [2mnanospam::app[0m[2m:[0m Starting with 2000 BPS
[2m2026-09-23T07:57:28.692049Z[0m [32m INFO[0m [2mnanospam::app[0m[2m:[0m Confirmed 905 blocks | 2,000 bps | 990 cps | avg conf time: 81 ms
[2m2026-09-23T07:57:29.693437Z[0m [32m INFO[0m [2mnanospam::app[0m[2m:[0m Confirmed 3,653 blocks | 2,000 bps | 2,745 cps | avg conf time: 135 ms
[2m2026-09-23T07:57:30.694089Z[0m [32m INFO[0m [2mnanospam::app[0m[2m:[0m Confirmed 6,107 blocks | 2,000 bps | 2,451 cps | avg conf time: 164 ms
[2m2026-09-23T07:57:31.694713Z[0m [32m INFO[0m [2mnanospam::app[0m[2m:[0m Confirmed 8,009 blocks | 2,000 bps | 1,900 cps | avg conf time: 103 ms
[2m2026-09-23T07:57:32.695766Z[0m [32m INFO[0m [2mnanospam::app[0m[2m:[0m Confirmed 9,824 blocks | 2,000 bps | 1,813 cps | avg conf time: 100 ms
[2m2026-09-23T07:57:33.696650Z[0m [32m INFO[0m [2mnanospam::app[0m[2m:[0m Confirmed 11,639 blocks | 2,000 bps | 1,813 cps | avg conf time: 103 ms
[2m2026-09-23T07:57:34.697696Z[0m [32m INFO[0m [2mnanospam::app[0m[2m:[0m Confirmed 13,492 blocks | 2,000 bps | 1,850 cps | avg conf time: 101 ms
EPOCH_ENDED epoch=0 elections=971 active=160 t=1790150255480
EPOCH_ENDED epoch=0 elections=972 active=161 t=1790150255481
EPOCH_ENDED epoch=0 elections=971 active=168 t=1790150255481
EPOCH_ENDED epoch=0 elections=972 active=161 t=1790150255481
EPOCH_ENDED epoch=0 elections=972 active=161 t=1790150255481
EPOCH_ENDED epoch=0 elections=972 active=162 t=1790150255481
EPOCH_ADVANCED epoch=1 elections=971 active=160 vote_records=180045 t=1790150255500
EPOCH_ADVANCED epoch=1 elections=972 active=162 vote_records=180048 t=1790150255507
EPOCH_ADVANCED epoch=1 elections=972 active=161 vote_records=180049 t=1790150255508
EPOCH_ADVANCED epoch=1 elections=972 active=161 vote_records=180055 t=1790150255510
EPOCH_ADVANCED epoch=1 elections=972 active=161 vote_records=180022 t=1790150255511
EPOCH_REPORT epoch=0 certified=15016 residual=941 root=2A1F47094471B41D20F9452705028F8956B794C1EE3ED2DC2DC5C30167F86D51 reports=1 t=1790150255512
EPOCH_CLOSE_UNREADY epoch=0 short_of=reports usable=1 weight=54332751439204029624848148857675654294 required=275628717205960155405333432019732251279 held=0 theirs=[] t=1790150255513
EPOCH_ADVANCED epoch=1 elections=971 active=168 vote_records=180036 t=1790150255513
EPOCH_REPORT epoch=0 certified=15016 residual=964 root=2A1F47094471B41D20F9452705028F8956B794C1EE3ED2DC2DC5C30167F86D51 reports=1 t=1790150255514
EPOCH_REPORT epoch=0 certified=15016 residual=929 root=2A1F47094471B41D20F9452705028F8956B794C1EE3ED2DC2DC5C30167F86D51 reports=1 t=1790150255518
EPOCH_REPORT epoch=0 certified=15016 residual=912 root=2A1F47094471B41D20F9452705028F8956B794C1EE3ED2DC2DC5C30167F86D51 reports=1 t=1790150255520
EPOCH_REPORT epoch=0 certified=15016 residual=918 root=2A1F47094471B41D20F9452705028F8956B794C1EE3ED2DC2DC5C30167F86D51 reports=1 t=1790150255522
EPOCH_REPORT epoch=0 certified=15016 residual=928 root=2A1F47094471B41D20F9452705028F8956B794C1EE3ED2DC2DC5C30167F86D51 reports=1 t=1790150255525
EPOCH_RECONCILED epoch=0 reporter=633D9D614858AB1710D5D8C3180E2A082DC97208BA8C26BA6C6D1A86C8E31CC0 complete=false entries=0 total=15016 t=1790150255583
EPOCH_RESIDUAL epoch=0 reporter=633D9D614858AB1710D5D8C3180E2A082DC97208BA8C26BA6C6D1A86C8E31CC0 votes=29517 derived=906 complete=false sketch_cells=64 t=1790150255603
EPOCH_RECONCILED epoch=0 reporter=735FE217D91E88EA82324C5883296385FA0041C2FAC85C827BAA46DA1E14B83F complete=false entries=0 total=15016 t=1790150255603
EPOCH_RESIDUAL_SKETCH epoch=0 reporter=633D9D614858AB1710D5D8C3180E2A082DC97208BA8C26BA6C6D1A86C8E31CC0 incomplete=false edits=6 complete=true t=1790150255604
EPOCH_RECONCILED epoch=0 reporter=A353E45E6D0016CAEED0DFA4EC5B0640E2AA22A793F9F2375E77F1AB92977C04 complete=false entries=0 total=15016 t=1790150255613
EPOCH_RESIDUAL epoch=0 reporter=A353E45E6D0016CAEED0DFA4EC5B0640E2AA22A793F9F2375E77F1AB92977C04 votes=30023 derived=963 complete=false sketch_cells=64 t=1790150255616
EPOCH_RECONCILED epoch=0 reporter=911999B2AEFA7ACC66EBD802B3301FF6CE431405107749D940277955CB7FDD07 complete=false entries=0 total=15016 t=1790150255616
EPOCH_RESIDUAL epoch=0 reporter=735FE217D91E88EA82324C5883296385FA0041C2FAC85C827BAA46DA1E14B83F votes=30209 derived=925 complete=false sketch_cells=64 t=1790150255633
EPOCH_RESIDUAL_SKETCH epoch=0 reporter=A353E45E6D0016CAEED0DFA4EC5B0640E2AA22A793F9F2375E77F1AB92977C04 incomplete=false edits=1 complete=true t=1790150255634
EPOCH_RECONCILED epoch=0 reporter=D315857CE70C54DE713F6E82E5613BB3A1266C15E28AD2F4338C7BBEC456F532 complete=false entries=0 total=15016 t=1790150255635
EPOCH_RESIDUAL_SKETCH epoch=0 reporter=735FE217D91E88EA82324C5883296385FA0041C2FAC85C827BAA46DA1E14B83F incomplete=false edits=3 complete=true t=1790150255635
EPOCH_RESIDUAL epoch=0 reporter=911999B2AEFA7ACC66EBD802B3301FF6CE431405107749D940277955CB7FDD07 votes=30798 derived=915 complete=false sketch_cells=64 t=1790150255637
EPOCH_RESIDUAL epoch=0 reporter=D315857CE70C54DE713F6E82E5613BB3A1266C15E28AD2F4338C7BBEC456F532 votes=30355 derived=941 complete=true sketch_cells=0 t=1790150255644
EPOCH_RECONCILED epoch=0 reporter=65A90023F6C0D2181AAA63F005D81BBC0C04650505E21D5123F9AE1F9E992BFF complete=false entries=0 total=15016 t=1790150255647
EPOCH_RECONCILED epoch=0 reporter=65A90023F6C0D2181AAA63F005D81BBC0C04650505E21D5123F9AE1F9E992BFF complete=false entries=0 total=15016 t=1790150255647
EPOCH_RESIDUAL_SKETCH epoch=0 reporter=911999B2AEFA7ACC66EBD802B3301FF6CE431405107749D940277955CB7FDD07 incomplete=false edits=14 complete=true t=1790150255648
EPOCH_RESIDUAL epoch=0 reporter=65A90023F6C0D2181AAA63F005D81BBC0C04650505E21D5123F9AE1F9E992BFF votes=30208 derived=915 complete=false sketch_cells=64 t=1790150255662
EPOCH_RECONCILED epoch=0 reporter=911999B2AEFA7ACC66EBD802B3301FF6CE431405107749D940277955CB7FDD07 complete=false entries=0 total=15016 t=1790150255662
EPOCH_RECONCILED epoch=0 reporter=A353E45E6D0016CAEED0DFA4EC5B0640E2AA22A793F9F2375E77F1AB92977C04 complete=false entries=0 total=15016 t=1790150255670
EPOCH_RESIDUAL epoch=0 reporter=A353E45E6D0016CAEED0DFA4EC5B0640E2AA22A793F9F2375E77F1AB92977C04 votes=30019 derived=959 complete=false sketch_cells=64 t=1790150255674
EPOCH_RECONCILED epoch=0 reporter=911999B2AEFA7ACC66EBD802B3301FF6CE431405107749D940277955CB7FDD07 complete=false entries=0 total=15016 t=1790150255675
EPOCH_RESIDUAL epoch=0 reporter=65A90023F6C0D2181AAA63F005D81BBC0C04650505E21D5123F9AE1F9E992BFF votes=30210 derived=917 complete=false sketch_cells=64 t=1790150255681
EPOCH_RESIDUAL_SKETCH epoch=0 reporter=65A90023F6C0D2181AAA63F005D81BBC0C04650505E21D5123F9AE1F9E992BFF incomplete=false edits=1 complete=true t=1790150255682
[2m2026-09-23T07:57:35.698574Z[0m [32m INFO[0m [2mnanospam::app[0m[2m:[0m Confirmed 15,060 blocks | 2,000 bps | 1,566 cps | avg conf time: 103 ms
EPOCH_RECONCILED epoch=0 reporter=735FE217D91E88EA82324C5883296385FA0041C2FAC85C827BAA46DA1E14B83F complete=false entries=0 total=15016 t=1790150255699
EPOCH_RESIDUAL epoch=0 reporter=911999B2AEFA7ACC66EBD802B3301FF6CE431405107749D940277955CB7FDD07 votes=30806 derived=923 complete=false sketch_cells=64 t=1790150255700
EPOCH_RECONCILED epoch=0 reporter=65A90023F6C0D2181AAA63F005D81BBC0C04650505E21D5123F9AE1F9E992BFF complete=false entries=0 total=15016 t=1790150255700
EPOCH_RECONCILED epoch=0 reporter=D315857CE70C54DE713F6E82E5613BB3A1266C15E28AD2F4338C7BBEC456F532 complete=false entries=0 total=15016 t=1790150255701
EPOCH_RESIDUAL_SKETCH epoch=0 reporter=A353E45E6D0016CAEED0DFA4EC5B0640E2AA22A793F9F2375E77F1AB92977C04 incomplete=false edits=5 complete=true t=1790150255701
EPOCH_RESIDUAL epoch=0 reporter=D315857CE70C54DE713F6E82E5613BB3A1266C15E28AD2F4338C7BBEC456F532 votes=30352 derived=938 complete=false sketch_cells=64 t=1790150255704
EPOCH_RECONCILED epoch=0 reporter=A353E45E6D0016CAEED0DFA4EC5B0640E2AA22A793F9F2375E77F1AB92977C04 complete=false entries=0 total=15016 t=1790150255705
EPOCH_RESIDUAL_SKETCH epoch=0 reporter=D315857CE70C54DE713F6E82E5613BB3A1266C15E28AD2F4338C7BBEC456F532 incomplete=false edits=3 complete=true t=1790150255705
EPOCH_RESIDUAL epoch=0 reporter=65A90023F6C0D2181AAA63F005D81BBC0C04650505E21D5123F9AE1F9E992BFF votes=30206 derived=913 complete=false sketch_cells=64 t=1790150255707
EPOCH_RESIDUAL_SKETCH epoch=0 reporter=911999B2AEFA7ACC66EBD802B3301FF6CE431405107749D940277955CB7FDD07 incomplete=false edits=6 complete=true t=1790150255707
EPOCH_RESIDUAL_SKETCH epoch=0 reporter=65A90023F6C0D2181AAA63F005D81BBC0C04650505E21D5123F9AE1F9E992BFF incomplete=false edits=5 complete=true t=1790150255708
EPOCH_RESIDUAL epoch=0 reporter=A353E45E6D0016CAEED0DFA4EC5B0640E2AA22A793F9F2375E77F1AB92977C04 votes=30023 derived=963 complete=false sketch_cells=64 t=1790150255708
EPOCH_RECONCILED epoch=0 reporter=633D9D614858AB1710D5D8C3180E2A082DC97208BA8C26BA6C6D1A86C8E31CC0 complete=false entries=0 total=15016 t=1790150255710
EPOCH_RESIDUAL_SKETCH epoch=0 reporter=A353E45E6D0016CAEED0DFA4EC5B0640E2AA22A793F9F2375E77F1AB92977C04 incomplete=false edits=1 complete=true t=1790150255711
EPOCH_RESIDUAL epoch=0 reporter=633D9D614858AB1710D5D8C3180E2A082DC97208BA8C26BA6C6D1A86C8E31CC0 votes=29523 derived=912 complete=true sketch_cells=0 t=1790150255713
EPOCH_RECONCILED epoch=0 reporter=65A90023F6C0D2181AAA63F005D81BBC0C04650505E21D5123F9AE1F9E992BFF complete=false entries=0 total=15016 t=1790150255713
EPOCH_RESIDUAL epoch=0 reporter=735FE217D91E88EA82324C5883296385FA0041C2FAC85C827BAA46DA1E14B83F votes=30208 derived=926 complete=false sketch_cells=64 t=1790150255717
EPOCH_RECONCILED epoch=0 reporter=D315857CE70C54DE713F6E82E5613BB3A1266C15E28AD2F4338C7BBEC456F532 complete=false entries=0 total=15016 t=1790150255717
EPOCH_RESIDUAL epoch=0 reporter=65A90023F6C0D2181AAA63F005D81BBC0C04650505E21D5123F9AE1F9E992BFF votes=30210 derived=917 complete=false sketch_cells=64 t=1790150255717
EPOCH_RECONCILED epoch=0 reporter=735FE217D91E88EA82324C5883296385FA0041C2FAC85C827BAA46DA1E14B83F complete=false entries=0 total=15016 t=1790150255718
EPOCH_RESIDUAL_SKETCH epoch=0 reporter=735FE217D91E88EA82324C5883296385FA0041C2FAC85C827BAA46DA1E14B83F incomplete=false edits=2 complete=true t=1790150255719
EPOCH_RESIDUAL epoch=0 reporter=735FE217D91E88EA82324C5883296385FA0041C2FAC85C827BAA46DA1E14B83F votes=30207 derived=925 complete=false sketch_cells=64 t=1790150255721
EPOCH_RESIDUAL_SKETCH epoch=0 reporter=65A90023F6C0D2181AAA63F005D81BBC0C04650505E21D5123F9AE1F9E992BFF incomplete=false edits=1 complete=true t=1790150255722
EPOCH_RECONCILED epoch=0 reporter=D315857CE70C54DE713F6E82E5613BB3A1266C15E28AD2F4338C7BBEC456F532 complete=false entries=0 total=15016 t=1790150255722
EPOCH_RESIDUAL_SKETCH epoch=0 reporter=735FE217D91E88EA82324C5883296385FA0041C2FAC85C827BAA46DA1E14B83F incomplete=false edits=3 complete=true t=1790150255724
EPOCH_RESIDUAL epoch=0 reporter=D315857CE70C54DE713F6E82E5613BB3A1266C15E28AD2F4338C7BBEC456F532 votes=30338 derived=927 complete=false sketch_cells=64 t=1790150255727
EPOCH_CLOSE_READY epoch=0 t=1790150255727
EPOCH_RESIDUAL epoch=0 reporter=D315857CE70C54DE713F6E82E5613BB3A1266C15E28AD2F4338C7BBEC456F532 votes=30346 derived=933 complete=false sketch_cells=64 t=1790150255729
EPOCH_RECONCILED epoch=0 reporter=633D9D614858AB1710D5D8C3180E2A082DC97208BA8C26BA6C6D1A86C8E31CC0 complete=false entries=0 total=15016 t=1790150255731
EPOCH_RESIDUAL_SKETCH epoch=0 reporter=D315857CE70C54DE713F6E82E5613BB3A1266C15E28AD2F4338C7BBEC456F532 incomplete=false edits=8 complete=true t=1790150255732
EPOCH_RESIDUAL epoch=0 reporter=911999B2AEFA7ACC66EBD802B3301FF6CE431405107749D940277955CB7FDD07 votes=30804 derived=921 complete=false sketch_cells=64 t=1790150255734
EPOCH_RESIDUAL epoch=0 reporter=633D9D614858AB1710D5D8C3180E2A082DC97208BA8C26BA6C6D1A86C8E31CC0 votes=29518 derived=907 complete=false sketch_cells=64 t=1790150255734
EPOCH_RESIDUAL_SKETCH epoch=0 reporter=65A90023F6C0D2181AAA63F005D81BBC0C04650505E21D5123F9AE1F9E992BFF incomplete=false edits=3 complete=true t=1790150255736
EPOCH_CLOSE_READY epoch=0 t=1790150255736
EPOCH_RESIDUAL_SKETCH epoch=0 reporter=633D9D614858AB1710D5D8C3180E2A082DC97208BA8C26BA6C6D1A86C8E31CC0 incomplete=false edits=5 complete=true t=1790150255737
EPOCH_RESIDUAL_SKETCH epoch=0 reporter=911999B2AEFA7ACC66EBD802B3301FF6CE431405107749D940277955CB7FDD07 incomplete=false edits=8 complete=true t=1790150255742
EPOCH_CLOSE_READY epoch=0 t=1790150255744
EPOCH_CLOSE_READY epoch=0 t=1790150255744
EPOCH_RECONCILED epoch=0 reporter=911999B2AEFA7ACC66EBD802B3301FF6CE431405107749D940277955CB7FDD07 complete=false entries=0 total=15016 t=1790150255782
EPOCH_RESIDUAL epoch=0 reporter=911999B2AEFA7ACC66EBD802B3301FF6CE431405107749D940277955CB7FDD07 votes=30806 derived=923 complete=false sketch_cells=64 t=1790150255786
EPOCH_RECONCILED epoch=0 reporter=D315857CE70C54DE713F6E82E5613BB3A1266C15E28AD2F4338C7BBEC456F532 complete=false entries=0 total=15016 t=1790150255787
EPOCH_RESIDUAL_SKETCH epoch=0 reporter=911999B2AEFA7ACC66EBD802B3301FF6CE431405107749D940277955CB7FDD07 incomplete=false edits=6 complete=true t=1790150255787
EPOCH_RESIDUAL epoch=0 reporter=D315857CE70C54DE713F6E82E5613BB3A1266C15E28AD2F4338C7BBEC456F532 votes=30357 derived=941 complete=true sketch_cells=0 t=1790150255791
EPOCH_RECONCILED epoch=0 reporter=633D9D614858AB1710D5D8C3180E2A082DC97208BA8C26BA6C6D1A86C8E31CC0 complete=false entries=0 total=15016 t=1790150255791
EPOCH_RESIDUAL epoch=0 reporter=633D9D614858AB1710D5D8C3180E2A082DC97208BA8C26BA6C6D1A86C8E31CC0 votes=29518 derived=907 complete=false sketch_cells=64 t=1790150255796
EPOCH_RECONCILED epoch=0 reporter=735FE217D91E88EA82324C5883296385FA0041C2FAC85C827BAA46DA1E14B83F complete=false entries=0 total=15016 t=1790150255797
EPOCH_RESIDUAL_SKETCH epoch=0 reporter=633D9D614858AB1710D5D8C3180E2A082DC97208BA8C26BA6C6D1A86C8E31CC0 incomplete=false edits=5 complete=true t=1790150255798
EPOCH_RESIDUAL epoch=0 reporter=735FE217D91E88EA82324C5883296385FA0041C2FAC85C827BAA46DA1E14B83F votes=30209 derived=927 complete=false sketch_cells=64 t=1790150255800
EPOCH_RECONCILED epoch=0 reporter=A353E45E6D0016CAEED0DFA4EC5B0640E2AA22A793F9F2375E77F1AB92977C04 complete=false entries=0 total=15016 t=1790150255801
EPOCH_RECONCILED epoch=0 reporter=911999B2AEFA7ACC66EBD802B3301FF6CE431405107749D940277955CB7FDD07 complete=false entries=0 total=15016 t=1790150255805
EPOCH_RESIDUAL epoch=0 reporter=911999B2AEFA7ACC66EBD802B3301FF6CE431405107749D940277955CB7FDD07 votes=30805 derived=922 complete=false sketch_cells=64 t=1790150255809
EPOCH_RECONCILED epoch=0 reporter=633D9D614858AB1710D5D8C3180E2A082DC97208BA8C26BA6C6D1A86C8E31CC0 complete=false entries=0 total=15016 t=1790150255812
EPOCH_RESIDUAL epoch=0 reporter=A353E45E6D0016CAEED0DFA4EC5B0640E2AA22A793F9F2375E77F1AB92977C04 votes=30023 derived=963 complete=false sketch_cells=64 t=1790150255812
EPOCH_RESIDUAL_SKETCH epoch=0 reporter=911999B2AEFA7ACC66EBD802B3301FF6CE431405107749D940277955CB7FDD07 incomplete=false edits=7 complete=true t=1790150255812
EPOCH_RESIDUAL_SKETCH epoch=0 reporter=735FE217D91E88EA82324C5883296385FA0041C2FAC85C827BAA46DA1E14B83F incomplete=false edits=1 complete=true t=1790150255812
EPOCH_RESIDUAL_SKETCH epoch=0 reporter=A353E45E6D0016CAEED0DFA4EC5B0640E2AA22A793F9F2375E77F1AB92977C04 incomplete=false edits=1 complete=true t=1790150255813
EPOCH_RESIDUAL epoch=0 reporter=633D9D614858AB1710D5D8C3180E2A082DC97208BA8C26BA6C6D1A86C8E31CC0 votes=29518 derived=907 complete=false sketch_cells=64 t=1790150255818
EPOCH_CLOSE_READY epoch=0 t=1790150255820
EPOCH_RECONCILED epoch=0 reporter=A353E45E6D0016CAEED0DFA4EC5B0640E2AA22A793F9F2375E77F1AB92977C04 complete=false entries=0 total=15016 t=1790150255821
EPOCH_RESIDUAL_SKETCH epoch=0 reporter=633D9D614858AB1710D5D8C3180E2A082DC97208BA8C26BA6C6D1A86C8E31CC0 incomplete=false edits=5 complete=true t=1790150255821
EPOCH_RESIDUAL epoch=0 reporter=A353E45E6D0016CAEED0DFA4EC5B0640E2AA22A793F9F2375E77F1AB92977C04 votes=30023 derived=963 complete=false sketch_cells=64 t=1790150255829
EPOCH_RESIDUAL_SKETCH epoch=0 reporter=A353E45E6D0016CAEED0DFA4EC5B0640E2AA22A793F9F2375E77F1AB92977C04 incomplete=false edits=1 complete=true t=1790150255830
EPOCH_RECONCILED epoch=0 reporter=735FE217D91E88EA82324C5883296385FA0041C2FAC85C827BAA46DA1E14B83F complete=false entries=0 total=15016 t=1790150255832
EPOCH_RESIDUAL epoch=0 reporter=735FE217D91E88EA82324C5883296385FA0041C2FAC85C827BAA46DA1E14B83F votes=30210 derived=928 complete=true sketch_cells=0 t=1790150255836
EPOCH_RECONCILED epoch=0 reporter=65A90023F6C0D2181AAA63F005D81BBC0C04650505E21D5123F9AE1F9E992BFF complete=false entries=0 total=15016 t=1790150255840
EPOCH_RESIDUAL epoch=0 reporter=65A90023F6C0D2181AAA63F005D81BBC0C04650505E21D5123F9AE1F9E992BFF votes=30210 derived=917 complete=false sketch_cells=64 t=1790150255845
EPOCH_CLOSE_READY epoch=0 t=1790150255845
EPOCH_RESIDUAL_SKETCH epoch=0 reporter=65A90023F6C0D2181AAA63F005D81BBC0C04650505E21D5123F9AE1F9E992BFF incomplete=false edits=1 complete=true t=1790150255846
EPOCH_CLOSE_ROUND epoch=0 round=0 leader=633D9D614858AB1710D5D8C3180E2A082DC97208BA8C26BA6C6D1A86C8E31CC0 leads=false t=1790150255869
EPOCH_PROPOSED epoch=0 round=0 value=F393FCF5501F797E5740DD851A49D8699185FA17C45FA6536D97F3C1449F4BCE state=0785AB295DE1F955028F20075A54C897A558BBBF6984B774D7031983A76622A3 reports=5 t=1790150255939
EPOCH_VALUE epoch=0 value=F393FCF5501F797E5740DD851A49D8699185FA17C45FA6536D97F3C1449F4BCE state=0785AB295DE1F955028F20075A54C897A558BBBF6984B774D7031983A76622A3 t=1790150255939
EPOCH_CLOSE_ROUND epoch=0 round=0 leader=633D9D614858AB1710D5D8C3180E2A082DC97208BA8C26BA6C6D1A86C8E31CC0 leads=true t=1790150255940
EPOCH_RESIDUAL_SKETCH epoch=0 reporter=D315857CE70C54DE713F6E82E5613BB3A1266C15E28AD2F4338C7BBEC456F532 incomplete=false edits=14 complete=true t=1790150255940
EPOCH_CLOSE_ROUND epoch=0 round=0 leader=633D9D614858AB1710D5D8C3180E2A082DC97208BA8C26BA6C6D1A86C8E31CC0 leads=false t=1790150255958
EPOCH_CLOSE_ROUND epoch=0 round=0 leader=633D9D614858AB1710D5D8C3180E2A082DC97208BA8C26BA6C6D1A86C8E31CC0 leads=false t=1790150255990
EPOCH_VALUE epoch=0 value=F393FCF5501F797E5740DD851A49D8699185FA17C45FA6536D97F3C1449F4BCE state=0785AB295DE1F955028F20075A54C897A558BBBF6984B774D7031983A76622A3 t=1790150256067
EPOCH_CLOSE_ROUND epoch=0 round=0 leader=633D9D614858AB1710D5D8C3180E2A082DC97208BA8C26BA6C6D1A86C8E31CC0 leads=false t=1790150256076
EPOCH_CLOSE_ROUND epoch=0 round=0 leader=633D9D614858AB1710D5D8C3180E2A082DC97208BA8C26BA6C6D1A86C8E31CC0 leads=false t=1790150256096
EPOCH_VALUE epoch=0 value=F393FCF5501F797E5740DD851A49D8699185FA17C45FA6536D97F3C1449F4BCE state=0785AB295DE1F955028F20075A54C897A558BBBF6984B774D7031983A76622A3 t=1790150256184
EPOCH_VALUE epoch=0 value=F393FCF5501F797E5740DD851A49D8699185FA17C45FA6536D97F3C1449F4BCE state=0785AB295DE1F955028F20075A54C897A558BBBF6984B774D7031983A76622A3 t=1790150256222
EPOCH_VALUE epoch=0 value=F393FCF5501F797E5740DD851A49D8699185FA17C45FA6536D97F3C1449F4BCE state=0785AB295DE1F955028F20075A54C897A558BBBF6984B774D7031983A76622A3 t=1790150256260
EPOCH_VALUE epoch=0 value=F393FCF5501F797E5740DD851A49D8699185FA17C45FA6536D97F3C1449F4BCE state=0785AB295DE1F955028F20075A54C897A558BBBF6984B774D7031983A76622A3 t=1790150256295
EPOCH_CLOSE_ROUND epoch=0 round=1 leader=65A90023F6C0D2181AAA63F005D81BBC0C04650505E21D5123F9AE1F9E992BFF leads=false t=1790150256434
EPOCH_INSTALL epoch=0 finalized=15912 instances_confirmed=810 t=1790150256434
EPOCH_INSTALL epoch=0 finalized=15912 instances_confirmed=810 t=1790150256434
EPOCH_INSTALL epoch=0 finalized=15912 instances_confirmed=810 t=1790150256434
EPOCH_INSTALL epoch=0 finalized=15912 instances_confirmed=810 t=1790150256437
EPOCH_INSTALL epoch=0 finalized=15912 instances_confirmed=810 t=1790150256437
EPOCH_INSTALL epoch=0 finalized=15912 instances_confirmed=810 t=1790150256440
[2m2026-09-23T07:57:36.699546Z[0m [32m INFO[0m [2mnanospam::app[0m[2m:[0m Confirmed 15,060 blocks | 2,000 bps | 0 cps | avg conf time: 0 ms
EPOCH_COMMITTEE derived_by=0 members=6 accounts=7093 n=323967154076312963263597595235446557784 digest=7794DF717C467EB41FEF13FA885B20319D2EA9603C5B903E89FB779D2C1BDB6B shares=["A353E45E:19.1%", "633D9D61:17.1%", "D315857C:16.6%", "735FE217:16.3%", "911999B2:16.1%", "65A90023:14.8%"] t=1790150256734
EPOCH_OMITTED epoch=0 instances=14 retained=0 t=1790150256735
EPOCH_GATE epoch=1 released=1781 finalized=1456 t=1790150256744
EPOCH_CLOSED epoch=0 round=0 value=F393FCF5501F797E5740DD851A49D8699185FA17C45FA6536D97F3C1449F4BCE state=0785AB295DE1F955028F20075A54C897A558BBBF6984B774D7031983A76622A3 t=1790150256744
EPOCH_COMMITTEE derived_by=0 members=6 accounts=7093 n=323967154076312963263597595235446557784 digest=7794DF717C467EB41FEF13FA885B20319D2EA9603C5B903E89FB779D2C1BDB6B shares=["A353E45E:19.1%", "633D9D61:17.1%", "D315857C:16.6%", "735FE217:16.3%", "911999B2:16.1%", "65A90023:14.8%"] t=1790150256764
EPOCH_COMMITTEE derived_by=0 members=6 accounts=7093 n=323967154076312963263597595235446557784 digest=7794DF717C467EB41FEF13FA885B20319D2EA9603C5B903E89FB779D2C1BDB6B shares=["A353E45E:19.1%", "633D9D61:17.1%", "D315857C:16.6%", "735FE217:16.3%", "911999B2:16.1%", "65A90023:14.8%"] t=1790150256767
EPOCH_OMITTED epoch=0 instances=14 retained=0 t=1790150256768
EPOCH_OMITTED epoch=0 instances=14 retained=0 t=1790150256772
EPOCH_INSTALLED epoch=0 finalized=15912 cemented=15116 queued=33 missing=763 t=1790150256785
EPOCH_COMMITTEE derived_by=0 members=6 accounts=7093 n=323967154076312963263597595235446557784 digest=7794DF717C467EB41FEF13FA885B20319D2EA9603C5B903E89FB779D2C1BDB6B shares=["A353E45E:19.1%", "633D9D61:17.1%", "D315857C:16.6%", "735FE217:16.3%", "911999B2:16.1%", "65A90023:14.8%"] t=1790150256789
EPOCH_OMITTED epoch=0 instances=14 retained=0 t=1790150256789
EPOCH_GATE epoch=1 released=1781 finalized=1456 t=1790150256792
EPOCH_CLOSED epoch=0 round=0 value=F393FCF5501F797E5740DD851A49D8699185FA17C45FA6536D97F3C1449F4BCE state=0785AB295DE1F955028F20075A54C897A558BBBF6984B774D7031983A76622A3 t=1790150256792
EPOCH_GATE epoch=1 released=1782 finalized=1456 t=1790150256794
EPOCH_CLOSED epoch=0 round=0 value=F393FCF5501F797E5740DD851A49D8699185FA17C45FA6536D97F3C1449F4BCE state=0785AB295DE1F955028F20075A54C897A558BBBF6984B774D7031983A76622A3 t=1790150256794
EPOCH_INSTALLED epoch=0 finalized=15912 cemented=15103 queued=20 missing=789 t=1790150256840
EPOCH_INSTALLED epoch=0 finalized=15912 cemented=15912 queued=0 missing=0 t=1790150256879
EPOCH_COMMITTEE derived_by=0 members=6 accounts=7093 n=323967154076312963263597595235446557784 digest=7794DF717C467EB41FEF13FA885B20319D2EA9603C5B903E89FB779D2C1BDB6B shares=["A353E45E:19.1%", "633D9D61:17.1%", "D315857C:16.6%", "735FE217:16.3%", "911999B2:16.1%", "65A90023:14.8%"] t=1790150256928
EPOCH_OMITTED epoch=0 instances=14 retained=0 t=1790150256928
EPOCH_COMMITTEE derived_by=0 members=6 accounts=7093 n=323967154076312963263597595235446557784 digest=7794DF717C467EB41FEF13FA885B20319D2EA9603C5B903E89FB779D2C1BDB6B shares=["A353E45E:19.1%", "633D9D61:17.1%", "D315857C:16.6%", "735FE217:16.3%", "911999B2:16.1%", "65A90023:14.8%"] t=1790150256949
EPOCH_OMITTED epoch=0 instances=14 retained=0 t=1790150256949
EPOCH_GATE epoch=1 released=1781 finalized=1456 t=1790150256964
EPOCH_CLOSED epoch=0 round=0 value=F393FCF5501F797E5740DD851A49D8699185FA17C45FA6536D97F3C1449F4BCE state=0785AB295DE1F955028F20075A54C897A558BBBF6984B774D7031983A76622A3 t=1790150256964
EPOCH_GATE epoch=1 released=1781 finalized=1455 t=1790150256977
EPOCH_CLOSED epoch=0 round=0 value=F393FCF5501F797E5740DD851A49D8699185FA17C45FA6536D97F3C1449F4BCE state=0785AB295DE1F955028F20075A54C897A558BBBF6984B774D7031983A76622A3 t=1790150256977
EPOCH_INSTALLED epoch=0 finalized=15912 cemented=15121 queued=790 missing=1 t=1790150257067
EPOCH_INSTALLED epoch=0 finalized=15912 cemented=15102 queued=21 missing=789 t=1790150257134
EPOCH_GATE epoch=1 released=1781 finalized=1456 t=1790150257321
EPOCH_CLOSED epoch=0 round=0 value=F393FCF5501F797E5740DD851A49D8699185FA17C45FA6536D97F3C1449F4BCE state=0785AB295DE1F955028F20075A54C897A558BBBF6984B774D7031983A76622A3 t=1790150257321
EPOCH_INSTALLED epoch=0 finalized=15912 cemented=15402 queued=510 missing=0 t=1790150257437
[2m2026-09-23T07:57:37.700636Z[0m [32m INFO[0m [2mnanospam::app[0m[2m:[0m Confirmed 17,729 blocks | 2,000 bps | 2,665 cps | avg conf time: 2624 ms
[2m2026-09-23T07:57:38.701905Z[0m [32m INFO[0m [2mnanospam::app[0m[2m:[0m Confirmed 21,315 blocks | 2,000 bps | 3,581 cps | avg conf time: 557 ms
[2m2026-09-23T07:57:39.702412Z[0m [32m INFO[0m [2mnanospam::app[0m[2m:[0m Confirmed 23,149 blocks | 2,000 bps | 1,833 cps | avg conf time: 101 ms
[2m2026-09-23T07:57:40.703571Z[0m [32m INFO[0m [2mnanospam::app[0m[2m:[0m Confirmed 24,966 blocks | 2,000 bps | 1,814 cps | avg conf time: 96 ms
[2m2026-09-23T07:57:41.704332Z[0m [32m INFO[0m [2mnanospam::app[0m[2m:[0m Confirmed 26,798 blocks | 2,000 bps | 1,830 cps | avg conf time: 96 ms
[2m2026-09-23T07:57:42.705401Z[0m [32m INFO[0m [2mnanospam::app[0m[2m:[0m Confirmed 28,563 blocks | 2,000 bps | 1,763 cps | avg conf time: 98 ms
EPOCH_ENDED epoch=1 elections=932 active=178 t=1790150263489
EPOCH_ENDED epoch=1 elections=932 active=170 t=1790150263489
EPOCH_ENDED epoch=1 elections=933 active=170 t=1790150263490
EPOCH_ENDED epoch=1 elections=932 active=172 t=1790150263490
EPOCH_ENDED epoch=1 elections=932 active=170 t=1790150263490
EPOCH_ENDED epoch=1 elections=933 active=178 t=1790150263490
EPOCH_ADVANCED epoch=2 elections=932 active=170 vote_records=353708 t=1790150263512
EPOCH_ADVANCED epoch=2 elections=933 active=170 vote_records=353689 t=1790150263513
EPOCH_ADVANCED epoch=2 elections=933 active=178 vote_records=353700 t=1790150263514
EPOCH_ADVANCED epoch=2 elections=932 active=170 vote_records=353731 t=1790150263518
EPOCH_REPORT epoch=1 certified=14198 residual=893 root=A3C6DCBD25C17D5A08AA7F9E5D63DC68626C28EF7518F7100C37D91206527187 reports=1 t=1790150263523
EPOCH_REPORT epoch=1 certified=14198 residual=915 root=A3C6DCBD25C17D5A08AA7F9E5D63DC68626C28EF7518F7100C37D91206527187 reports=1 t=1790150263524
EPOCH_CLOSE_UNREADY epoch=1 short_of=reports usable=1 weight=54332779939204029624848148857675654289 required=275628717205960155405333432019732251279 held=1 theirs=["633D9D61:A3C6DCBD:A2B14D5D"] t=1790150263527
EPOCH_REPORT epoch=1 certified=14198 residual=958 root=A3C6DCBD25C17D5A08AA7F9E5D63DC68626C28EF7518F7100C37D91206527187 reports=1 t=1790150263528
EPOCH_REPORT epoch=1 certified=14198 residual=909 root=A3C6DCBD25C17D5A08AA7F9E5D63DC68626C28EF7518F7100C37D91206527187 reports=1 t=1790150263531
EPOCH_ADVANCED epoch=2 elections=932 active=172 vote_records=353687 t=1790150263546
EPOCH_REPORT epoch=1 certified=14198 residual=931 root=A3C6DCBD25C17D5A08AA7F9E5D63DC68626C28EF7518F7100C37D91206527187 reports=1 t=1790150263566
EPOCH_ADVANCED epoch=2 elections=932 active=178 vote_records=353718 t=1790150263582
EPOCH_REPORT epoch=1 certified=14198 residual=920 root=A3C6DCBD25C17D5A08AA7F9E5D63DC68626C28EF7518F7100C37D91206527187 reports=1 t=1790150263604
EPOCH_RECONCILED epoch=1 reporter=633D9D614858AB1710D5D8C3180E2A082DC97208BA8C26BA6C6D1A86C8E31CC0 complete=false entries=0 total=14198 t=1790150263626
EPOCH_RESIDUAL epoch=1 reporter=633D9D614858AB1710D5D8C3180E2A082DC97208BA8C26BA6C6D1A86C8E31CC0 votes=28709 derived=893 complete=true sketch_cells=0 t=1790150263646
EPOCH_RECONCILED epoch=1 reporter=A353E45E6D0016CAEED0DFA4EC5B0640E2AA22A793F9F2375E77F1AB92977C04 complete=false entries=0 total=14198 t=1790150263647
EPOCH_RECONCILED epoch=1 reporter=A353E45E6D0016CAEED0DFA4EC5B0640E2AA22A793F9F2375E77F1AB92977C04 complete=false entries=0 total=14198 t=1790150263648
EPOCH_RESIDUAL epoch=1 reporter=A353E45E6D0016CAEED0DFA4EC5B0640E2AA22A793F9F2375E77F1AB92977C04 votes=29037 derived=931 complete=true sketch_cells=0 t=1790150263651
EPOCH_RECONCILED epoch=1 reporter=911999B2AEFA7ACC66EBD802B3301FF6CE431405107749D940277955CB7FDD07 complete=false entries=0 total=14198 t=1790150263651
EPOCH_RESIDUAL epoch=1 reporter=911999B2AEFA7ACC66EBD802B3301FF6CE431405107749D940277955CB7FDD07 votes=29081 derived=913 complete=false sketch_cells=64 t=1790150263654
EPOCH_RECONCILED epoch=1 reporter=D315857CE70C54DE713F6E82E5613BB3A1266C15E28AD2F4338C7BBEC456F532 complete=false entries=0 total=14198 t=1790150263676
EPOCH_RESIDUAL epoch=1 reporter=D315857CE70C54DE713F6E82E5613BB3A1266C15E28AD2F4338C7BBEC456F532 votes=28899 derived=909 complete=true sketch_cells=0 t=1790150263678
EPOCH_RECONCILED epoch=1 reporter=633D9D614858AB1710D5D8C3180E2A082DC97208BA8C26BA6C6D1A86C8E31CC0 complete=false entries=0 total=14198 t=1790150263679
EPOCH_RESIDUAL epoch=1 reporter=633D9D614858AB1710D5D8C3180E2A082DC97208BA8C26BA6C6D1A86C8E31CC0 votes=28706 derived=890 complete=false sketch_cells=64 t=1790150263682
EPOCH_RECONCILED epoch=1 reporter=735FE217D91E88EA82324C5883296385FA0041C2FAC85C827BAA46DA1E14B83F complete=false entries=0 total=14198 t=1790150263682
EPOCH_RESIDUAL_SKETCH epoch=1 reporter=633D9D614858AB1710D5D8C3180E2A082DC97208BA8C26BA6C6D1A86C8E31CC0 incomplete=false edits=3 complete=true t=1790150263683
EPOCH_RECONCILED epoch=1 reporter=65A90023F6C0D2181AAA63F005D81BBC0C04650505E21D5123F9AE1F9E992BFF complete=false entries=0 total=14198 t=1790150263687
EPOCH_RESIDUAL_SKETCH epoch=1 reporter=911999B2AEFA7ACC66EBD802B3301FF6CE431405107749D940277955CB7FDD07 incomplete=false edits=7 complete=true t=1790150263687
EPOCH_RESIDUAL epoch=1 reporter=65A90023F6C0D2181AAA63F005D81BBC0C04650505E21D5123F9AE1F9E992BFF votes=29263 derived=957 complete=false sketch_cells=64 t=1790150263691
EPOCH_RECONCILED epoch=1 reporter=633D9D614858AB1710D5D8C3180E2A082DC97208BA8C26BA6C6D1A86C8E31CC0 complete=false entries=0 total=14198 t=1790150263692
EPOCH_RESIDUAL_SKETCH epoch=1 reporter=65A90023F6C0D2181AAA63F005D81BBC0C04650505E21D5123F9AE1F9E992BFF incomplete=false edits=1 complete=true t=1790150263693
EPOCH_RESIDUAL epoch=1 reporter=633D9D614858AB1710D5D8C3180E2A082DC97208BA8C26BA6C6D1A86C8E31CC0 votes=28702 derived=886 complete=false sketch_cells=64 t=1790150263695
EPOCH_RECONCILED epoch=1 reporter=735FE217D91E88EA82324C5883296385FA0041C2FAC85C827BAA46DA1E14B83F complete=false entries=0 total=14198 t=1790150263696
EPOCH_RESIDUAL_SKETCH epoch=1 reporter=633D9D614858AB1710D5D8C3180E2A082DC97208BA8C26BA6C6D1A86C8E31CC0 incomplete=false edits=7 complete=true t=1790150263697
EPOCH_RESIDUAL epoch=1 reporter=A353E45E6D0016CAEED0DFA4EC5B0640E2AA22A793F9F2375E77F1AB92977C04 votes=29035 derived=929 complete=false sketch_cells=64 t=1790150263697
EPOCH_RECONCILED epoch=1 reporter=65A90023F6C0D2181AAA63F005D81BBC0C04650505E21D5123F9AE1F9E992BFF complete=false entries=0 total=14198 t=1790150263700
EPOCH_RESIDUAL epoch=1 reporter=735FE217D91E88EA82324C5883296385FA0041C2FAC85C827BAA46DA1E14B83F votes=29234 derived=915 complete=true sketch_cells=0 t=1790150263701
[2m2026-09-23T07:57:43.708722Z[0m [32m INFO[0m [2mnanospam::app[0m[2m:[0m Confirmed 30,166 blocks | 2,000 bps | 1,597 cps | avg conf time: 98 ms
EPOCH_RESIDUAL epoch=1 reporter=65A90023F6C0D2181AAA63F005D81BBC0C04650505E21D5123F9AE1F9E992BFF votes=29261 derived=955 complete=false sketch_cells=64 t=1790150263716
EPOCH_RESIDUAL_SKETCH epoch=1 reporter=A353E45E6D0016CAEED0DFA4EC5B0640E2AA22A793F9F2375E77F1AB92977C04 incomplete=false edits=2 complete=true t=1790150263716
EPOCH_CLOSE_READY epoch=1 t=1790150263717
EPOCH_RESIDUAL_SKETCH epoch=1 reporter=65A90023F6C0D2181AAA63F005D81BBC0C04650505E21D5123F9AE1F9E992BFF incomplete=false edits=3 complete=true t=1790150263717
EPOCH_RECONCILED epoch=1 reporter=D315857CE70C54DE713F6E82E5613BB3A1266C15E28AD2F4338C7BBEC456F532 complete=false entries=0 total=14198 t=1790150263724
EPOCH_RECONCILED epoch=1 reporter=633D9D614858AB1710D5D8C3180E2A082DC97208BA8C26BA6C6D1A86C8E31CC0 complete=false entries=0 total=14198 t=1790150263726
EPOCH_RESIDUAL epoch=1 reporter=D315857CE70C54DE713F6E82E5613BB3A1266C15E28AD2F4338C7BBEC456F532 votes=28891 derived=901 complete=false sketch_cells=64 t=1790150263728
EPOCH_RECONCILED epoch=1 reporter=911999B2AEFA7ACC66EBD802B3301FF6CE431405107749D940277955CB7FDD07 complete=false entries=0 total=14198 t=1790150263729
EPOCH_RESIDUAL_SKETCH epoch=1 reporter=D315857CE70C54DE713F6E82E5613BB3A1266C15E28AD2F4338C7BBEC456F532 incomplete=false edits=8 complete=true t=1790150263729
EPOCH_RESIDUAL epoch=1 reporter=911999B2AEFA7ACC66EBD802B3301FF6CE431405107749D940277955CB7FDD07 votes=29088 derived=920 complete=true sketch_cells=0 t=1790150263737
EPOCH_CLOSE_READY epoch=1 t=1790150263744
EPOCH_RESIDUAL epoch=1 reporter=735FE217D91E88EA82324C5883296385FA0041C2FAC85C827BAA46DA1E14B83F votes=29221 derived=901 complete=false sketch_cells=64 t=1790150263756
EPOCH_RESIDUAL_SKETCH epoch=1 reporter=735FE217D91E88EA82324C5883296385FA0041C2FAC85C827BAA46DA1E14B83F incomplete=false edits=14 complete=true t=1790150263758
EPOCH_RECONCILED epoch=1 reporter=911999B2AEFA7ACC66EBD802B3301FF6CE431405107749D940277955CB7FDD07 complete=false entries=0 total=14198 t=1790150263769
EPOCH_RESIDUAL epoch=1 reporter=911999B2AEFA7ACC66EBD802B3301FF6CE431405107749D940277955CB7FDD07 votes=29087 derived=919 complete=false sketch_cells=64 t=1790150263773
EPOCH_RECONCILED epoch=1 reporter=A353E45E6D0016CAEED0DFA4EC5B0640E2AA22A793F9F2375E77F1AB92977C04 complete=false entries=0 total=14198 t=1790150263774
EPOCH_RESIDUAL_SKETCH epoch=1 reporter=911999B2AEFA7ACC66EBD802B3301FF6CE431405107749D940277955CB7FDD07 incomplete=false edits=1 complete=true t=1790150263775
EPOCH_RESIDUAL epoch=1 reporter=A353E45E6D0016CAEED0DFA4EC5B0640E2AA22A793F9F2375E77F1AB92977C04 votes=29037 derived=931 complete=true sketch_cells=0 t=1790150263776
EPOCH_RECONCILED epoch=1 reporter=633D9D614858AB1710D5D8C3180E2A082DC97208BA8C26BA6C6D1A86C8E31CC0 complete=false entries=0 total=14198 t=1790150263777
EPOCH_RESIDUAL epoch=1 reporter=633D9D614858AB1710D5D8C3180E2A082DC97208BA8C26BA6C6D1A86C8E31CC0 votes=28709 derived=893 complete=true sketch_cells=0 t=1790150263788
EPOCH_RECONCILED epoch=1 reporter=735FE217D91E88EA82324C5883296385FA0041C2FAC85C827BAA46DA1E14B83F complete=false entries=0 total=14198 t=1790150263789
EPOCH_RECONCILED epoch=1 reporter=65A90023F6C0D2181AAA63F005D81BBC0C04650505E21D5123F9AE1F9E992BFF complete=false entries=0 total=14198 t=1790150263795
EPOCH_RESIDUAL epoch=1 reporter=633D9D614858AB1710D5D8C3180E2A082DC97208BA8C26BA6C6D1A86C8E31CC0 votes=28709 derived=893 complete=true sketch_cells=0 t=1790150263795
EPOCH_RESIDUAL epoch=1 reporter=735FE217D91E88EA82324C5883296385FA0041C2FAC85C827BAA46DA1E14B83F votes=29225 derived=905 complete=false sketch_cells=64 t=1790150263796
EPOCH_RECONCILED epoch=1 reporter=65A90023F6C0D2181AAA63F005D81BBC0C04650505E21D5123F9AE1F9E992BFF complete=false entries=0 total=14198 t=1790150263797
EPOCH_RESIDUAL_SKETCH epoch=1 reporter=735FE217D91E88EA82324C5883296385FA0041C2FAC85C827BAA46DA1E14B83F incomplete=false edits=10 complete=true t=1790150263798
EPOCH_RECONCILED epoch=1 reporter=735FE217D91E88EA82324C5883296385FA0041C2FAC85C827BAA46DA1E14B83F complete=false entries=0 total=14198 t=1790150263798
EPOCH_RESIDUAL epoch=1 reporter=735FE217D91E88EA82324C5883296385FA0041C2FAC85C827BAA46DA1E14B83F votes=29235 derived=915 complete=true sketch_cells=0 t=1790150263801
EPOCH_RECONCILED epoch=1 reporter=D315857CE70C54DE713F6E82E5613BB3A1266C15E28AD2F4338C7BBEC456F532 complete=false entries=0 total=14198 t=1790150263802
EPOCH_RESIDUAL epoch=1 reporter=D315857CE70C54DE713F6E82E5613BB3A1266C15E28AD2F4338C7BBEC456F532 votes=28899 derived=909 complete=true sketch_cells=0 t=1790150263804
EPOCH_RESIDUAL epoch=1 reporter=65A90023F6C0D2181AAA63F005D81BBC0C04650505E21D5123F9AE1F9E992BFF votes=29264 derived=958 complete=true sketch_cells=0 t=1790150263806
EPOCH_RECONCILED epoch=1 reporter=A353E45E6D0016CAEED0DFA4EC5B0640E2AA22A793F9F2375E77F1AB92977C04 complete=false entries=0 total=14198 t=1790150263807
EPOCH_RESIDUAL epoch=1 reporter=65A90023F6C0D2181AAA63F005D81BBC0C04650505E21D5123F9AE1F9E992BFF votes=29249 derived=943 complete=false sketch_cells=64 t=1790150263807
EPOCH_CLOSE_READY epoch=1 t=1790150263807
EPOCH_RECONCILED epoch=1 reporter=911999B2AEFA7ACC66EBD802B3301FF6CE431405107749D940277955CB7FDD07 complete=false entries=0 total=14198 t=1790150263809
EPOCH_RESIDUAL_SKETCH epoch=1 reporter=65A90023F6C0D2181AAA63F005D81BBC0C04650505E21D5123F9AE1F9E992BFF incomplete=false edits=15 complete=true t=1790150263810
EPOCH_RESIDUAL epoch=1 reporter=A353E45E6D0016CAEED0DFA4EC5B0640E2AA22A793F9F2375E77F1AB92977C04 votes=29037 derived=931 complete=true sketch_cells=0 t=1790150263816
EPOCH_RECONCILED epoch=1 reporter=D315857CE70C54DE713F6E82E5613BB3A1266C15E28AD2F4338C7BBEC456F532 complete=false entries=0 total=14198 t=1790150263817
EPOCH_RESIDUAL epoch=1 reporter=911999B2AEFA7ACC66EBD802B3301FF6CE431405107749D940277955CB7FDD07 votes=29082 derived=914 complete=false sketch_cells=64 t=1790150263822
EPOCH_RESIDUAL_SKETCH epoch=1 reporter=911999B2AEFA7ACC66EBD802B3301FF6CE431405107749D940277955CB7FDD07 incomplete=false edits=6 complete=true t=1790150263823
EPOCH_RESIDUAL epoch=1 reporter=D315857CE70C54DE713F6E82E5613BB3A1266C15E28AD2F4338C7BBEC456F532 votes=28899 derived=909 complete=true sketch_cells=0 t=1790150263824
EPOCH_RECONCILED epoch=1 reporter=A353E45E6D0016CAEED0DFA4EC5B0640E2AA22A793F9F2375E77F1AB92977C04 complete=false entries=0 total=14198 t=1790150263834
EPOCH_RESIDUAL epoch=1 reporter=A353E45E6D0016CAEED0DFA4EC5B0640E2AA22A793F9F2375E77F1AB92977C04 votes=29037 derived=931 complete=true sketch_cells=0 t=1790150263840
EPOCH_RECONCILED epoch=1 reporter=911999B2AEFA7ACC66EBD802B3301FF6CE431405107749D940277955CB7FDD07 complete=false entries=0 total=14198 t=1790150263841
EPOCH_CLOSE_READY epoch=1 t=1790150263844
EPOCH_RESIDUAL epoch=1 reporter=911999B2AEFA7ACC66EBD802B3301FF6CE431405107749D940277955CB7FDD07 votes=29082 derived=914 complete=false sketch_cells=64 t=1790150263846
EPOCH_RECONCILED epoch=1 reporter=735FE217D91E88EA82324C5883296385FA0041C2FAC85C827BAA46DA1E14B83F complete=false entries=0 total=14198 t=1790150263848
EPOCH_RESIDUAL_SKETCH epoch=1 reporter=911999B2AEFA7ACC66EBD802B3301FF6CE431405107749D940277955CB7FDD07 incomplete=false edits=6 complete=true t=1790150263848
EPOCH_RESIDUAL epoch=1 reporter=735FE217D91E88EA82324C5883296385FA0041C2FAC85C827BAA46DA1E14B83F votes=29235 derived=915 complete=true sketch_cells=0 t=1790150263861
EPOCH_RECONCILED epoch=1 reporter=D315857CE70C54DE713F6E82E5613BB3A1266C15E28AD2F4338C7BBEC456F532 complete=false entries=0 total=14198 t=1790150263862
EPOCH_RESIDUAL epoch=1 reporter=D315857CE70C54DE713F6E82E5613BB3A1266C15E28AD2F4338C7BBEC456F532 votes=28893 derived=903 complete=false sketch_cells=64 t=1790150263865
EPOCH_RECONCILED epoch=1 reporter=65A90023F6C0D2181AAA63F005D81BBC0C04650505E21D5123F9AE1F9E992BFF complete=false entries=0 total=14198 t=1790150263866
EPOCH_RESIDUAL_SKETCH epoch=1 reporter=D315857CE70C54DE713F6E82E5613BB3A1266C15E28AD2F4338C7BBEC456F532 incomplete=false edits=6 complete=true t=1790150263866
EPOCH_RESIDUAL epoch=1 reporter=65A90023F6C0D2181AAA63F005D81BBC0C04650505E21D5123F9AE1F9E992BFF votes=29264 derived=958 complete=true sketch_cells=0 t=1790150263873
EPOCH_CLOSE_READY epoch=1 t=1790150263878
EPOCH_CLOSE_READY epoch=1 t=1790150263878
EPOCH_CLOSE_ROUND epoch=1 round=0 leader=65A90023F6C0D2181AAA63F005D81BBC0C04650505E21D5123F9AE1F9E992BFF leads=false t=1790150263911
EPOCH_CLOSE_ROUND epoch=1 round=0 leader=65A90023F6C0D2181AAA63F005D81BBC0C04650505E21D5123F9AE1F9E992BFF leads=false t=1790150263928
EPOCH_CLOSE_ROUND epoch=1 round=0 leader=65A90023F6C0D2181AAA63F005D81BBC0C04650505E21D5123F9AE1F9E992BFF leads=false t=1790150263956
EPOCH_PROPOSED epoch=1 round=0 value=7384F876381AD755CEAFC19EBDB0079AEDC31BF4FE055E12393553D4C3CFF6F3 state=85627F1360A58C1252A669A1671DB3CF8A778FD6F0E9DDCEAE358169DB296100 reports=5 t=1790150264000
EPOCH_VALUE epoch=1 value=7384F876381AD755CEAFC19EBDB0079AEDC31BF4FE055E12393553D4C3CFF6F3 state=85627F1360A58C1252A669A1671DB3CF8A778FD6F0E9DDCEAE358169DB296100 t=1790150264000
EPOCH_CLOSE_ROUND epoch=1 round=0 leader=65A90023F6C0D2181AAA63F005D81BBC0C04650505E21D5123F9AE1F9E992BFF leads=false t=1790150264002
EPOCH_CLOSE_ROUND epoch=1 round=0 leader=65A90023F6C0D2181AAA63F005D81BBC0C04650505E21D5123F9AE1F9E992BFF leads=true t=1790150264093
EPOCH_CLOSE_ROUND epoch=1 round=0 leader=65A90023F6C0D2181AAA63F005D81BBC0C04650505E21D5123F9AE1F9E992BFF leads=false t=1790150264099
EPOCH_VALUE epoch=1 value=7384F876381AD755CEAFC19EBDB0079AEDC31BF4FE055E12393553D4C3CFF6F3 state=85627F1360A58C1252A669A1671DB3CF8A778FD6F0E9DDCEAE358169DB296100 t=1790150264293
EPOCH_VALUE epoch=1 value=7384F876381AD755CEAFC19EBDB0079AEDC31BF4FE055E12393553D4C3CFF6F3 state=85627F1360A58C1252A669A1671DB3CF8A778FD6F0E9DDCEAE358169DB296100 t=1790150264354
EPOCH_VALUE epoch=1 value=7384F876381AD755CEAFC19EBDB0079AEDC31BF4FE055E12393553D4C3CFF6F3 state=85627F1360A58C1252A669A1671DB3CF8A778FD6F0E9DDCEAE358169DB296100 t=1790150264520
EPOCH_VALUE epoch=1 value=7384F876381AD755CEAFC19EBDB0079AEDC31BF4FE055E12393553D4C3CFF6F3 state=85627F1360A58C1252A669A1671DB3CF8A778FD6F0E9DDCEAE358169DB296100 t=1790150264550
EPOCH_VALUE epoch=1 value=7384F876381AD755CEAFC19EBDB0079AEDC31BF4FE055E12393553D4C3CFF6F3 state=85627F1360A58C1252A669A1671DB3CF8A778FD6F0E9DDCEAE358169DB296100 t=1790150264590
EPOCH_CLOSE_ROUND epoch=1 round=1 leader=735FE217D91E88EA82324C5883296385FA0041C2FAC85C827BAA46DA1E14B83F leads=false t=1790150264680
[2m2026-09-23T07:57:44.709581Z[0m [32m INFO[0m [2mnanospam::app[0m[2m:[0m Confirmed 30,166 blocks | 2,000 bps | 0 cps | avg conf time: 0 ms
EPOCH_INSTALL epoch=1 finalized=15111 instances_confirmed=782 t=1790150264751
EPOCH_INSTALL epoch=1 finalized=15111 instances_confirmed=782 t=1790150264752
EPOCH_INSTALL epoch=1 finalized=15111 instances_confirmed=782 t=1790150264754
EPOCH_INSTALL epoch=1 finalized=15111 instances_confirmed=782 t=1790150264755
EPOCH_INSTALL epoch=1 finalized=15111 instances_confirmed=782 t=1790150264759
EPOCH_INSTALL epoch=1 finalized=15111 instances_confirmed=782 t=1790150264760
EPOCH_COMMITTEE derived_by=1 members=6 accounts=12965 n=338493015776304810248791737002311262891 digest=38F00A462CE761C2AF4E2FEDB7E15E7FA65FF42197E1A9F7B26BBE418B311570 shares=["A353E45E:20.9%", "911999B2:16.2%", "D315857C:16.1%", "735FE217:16.1%", "633D9D61:15.6%", "65A90023:15.1%"] t=1790150265066
EPOCH_OMITTED epoch=1 instances=4 retained=0 t=1790150265066
EPOCH_GATE epoch=2 released=2343 finalized=2040 t=1790150265081
EPOCH_CLOSED epoch=1 round=0 value=7384F876381AD755CEAFC19EBDB0079AEDC31BF4FE055E12393553D4C3CFF6F3 state=85627F1360A58C1252A669A1671DB3CF8A778FD6F0E9DDCEAE358169DB296100 t=1790150265081
EPOCH_COMMITTEE derived_by=1 members=6 accounts=12965 n=338493015776304810248791737002311262891 digest=38F00A462CE761C2AF4E2FEDB7E15E7FA65FF42197E1A9F7B26BBE418B311570 shares=["A353E45E:20.9%", "911999B2:16.2%", "D315857C:16.1%", "735FE217:16.1%", "633D9D61:15.6%", "65A90023:15.1%"] t=1790150265100
EPOCH_OMITTED epoch=1 instances=4 retained=0 t=1790150265101
EPOCH_COMMITTEE derived_by=1 members=6 accounts=12965 n=338493015776304810248791737002311262891 digest=38F00A462CE761C2AF4E2FEDB7E15E7FA65FF42197E1A9F7B26BBE418B311570 shares=["A353E45E:20.9%", "911999B2:16.2%", "D315857C:16.1%", "735FE217:16.1%", "633D9D61:15.6%", "65A90023:15.1%"] t=1790150265114
EPOCH_OMITTED epoch=1 instances=4 retained=0 t=1790150265114
EPOCH_INSTALLED epoch=1 finalized=15111 cemented=14330 queued=28 missing=753 t=1790150265127
EPOCH_COMMITTEE derived_by=1 members=6 accounts=12965 n=338493015776304810248791737002311262891 digest=38F00A462CE761C2AF4E2FEDB7E15E7FA65FF42197E1A9F7B26BBE418B311570 shares=["A353E45E:20.9%", "911999B2:16.2%", "D315857C:16.1%", "735FE217:16.1%", "633D9D61:15.6%", "65A90023:15.1%"] t=1790150265129
EPOCH_OMITTED epoch=1 instances=4 retained=0 t=1790150265129
EPOCH_GATE epoch=2 released=2343 finalized=2040 t=1790150265131
EPOCH_CLOSED epoch=1 round=0 value=7384F876381AD755CEAFC19EBDB0079AEDC31BF4FE055E12393553D4C3CFF6F3 state=85627F1360A58C1252A669A1671DB3CF8A778FD6F0E9DDCEAE358169DB296100 t=1790150265132
EPOCH_GATE epoch=2 released=2343 finalized=2040 t=1790150265135
EPOCH_CLOSED epoch=1 round=0 value=7384F876381AD755CEAFC19EBDB0079AEDC31BF4FE055E12393553D4C3CFF6F3 state=85627F1360A58C1252A669A1671DB3CF8A778FD6F0E9DDCEAE358169DB296100 t=1790150265135
EPOCH_INSTALLED epoch=1 finalized=15111 cemented=14534 queued=577 missing=0 t=1790150265186
EPOCH_INSTALLED epoch=1 finalized=15111 cemented=14330 queued=28 missing=753 t=1790150265196
EPOCH_COMMITTEE derived_by=1 members=6 accounts=12965 n=338493015776304810248791737002311262891 digest=38F00A462CE761C2AF4E2FEDB7E15E7FA65FF42197E1A9F7B26BBE418B311570 shares=["A353E45E:20.9%", "911999B2:16.2%", "D315857C:16.1%", "735FE217:16.1%", "633D9D61:15.6%", "65A90023:15.1%"] t=1790150265267
EPOCH_OMITTED epoch=1 instances=4 retained=0 t=1790150265267
EPOCH_COMMITTEE derived_by=1 members=6 accounts=12965 n=338493015776304810248791737002311262891 digest=38F00A462CE761C2AF4E2FEDB7E15E7FA65FF42197E1A9F7B26BBE418B311570 shares=["A353E45E:20.9%", "911999B2:16.2%", "D315857C:16.1%", "735FE217:16.1%", "633D9D61:15.6%", "65A90023:15.1%"] t=1790150265296
EPOCH_OMITTED epoch=1 instances=4 retained=0 t=1790150265296
EPOCH_GATE epoch=2 released=2337 finalized=2038 t=1790150265301
EPOCH_CLOSED epoch=1 round=0 value=7384F876381AD755CEAFC19EBDB0079AEDC31BF4FE055E12393553D4C3CFF6F3 state=85627F1360A58C1252A669A1671DB3CF8A778FD6F0E9DDCEAE358169DB296100 t=1790150265301
EPOCH_INSTALLED epoch=1 finalized=15111 cemented=14341 queued=17 missing=753 t=1790150265350
EPOCH_GATE epoch=2 released=2344 finalized=2040 t=1790150265402
EPOCH_CLOSED epoch=1 round=0 value=7384F876381AD755CEAFC19EBDB0079AEDC31BF4FE055E12393553D4C3CFF6F3 state=85627F1360A58C1252A669A1671DB3CF8A778FD6F0E9DDCEAE358169DB296100 t=1790150265402
EPOCH_INSTALLED epoch=1 finalized=15111 cemented=14786 queued=325 missing=0 t=1790150265500
EPOCH_GATE epoch=2 released=2342 finalized=2040 t=1790150265662
EPOCH_CLOSED epoch=1 round=0 value=7384F876381AD755CEAFC19EBDB0079AEDC31BF4FE055E12393553D4C3CFF6F3 state=85627F1360A58C1252A669A1671DB3CF8A778FD6F0E9DDCEAE358169DB296100 t=1790150265662
[2m2026-09-23T07:57:45.738569Z[0m [32m INFO[0m [2mnanospam::app[0m[2m:[0m Confirmed 34,414 blocks | 2,000 bps | 4,245 cps | avg conf time: 1806 ms
EPOCH_INSTALLED epoch=1 finalized=15111 cemented=15065 queued=46 missing=0 t=1790150265759
[2m2026-09-23T07:57:46.739742Z[0m [32m INFO[0m [2mnanospam::app[0m[2m:[0m Confirmed 36,369 blocks | 2,000 bps | 1,898 cps | avg conf time: 191 ms
[2m2026-09-23T07:57:47.740499Z[0m [32m INFO[0m [2mnanospam::app[0m[2m:[0m Confirmed 38,303 blocks | 2,000 bps | 1,932 cps | avg conf time: 98 ms
[2m2026-09-23T07:57:48.741051Z[0m [32m INFO[0m [2mnanospam::app[0m[2m:[0m Confirmed 40,119 blocks | 2,000 bps | 1,814 cps | avg conf time: 88 ms
[2m2026-09-23T07:57:49.742150Z[0m [32m INFO[0m [2mnanospam::app[0m[2m:[0m Confirmed 41,913 blocks | 2,000 bps | 1,792 cps | avg conf time: 96 ms
[2m2026-09-23T07:57:50.743316Z[0m [32m INFO[0m [2mnanospam::app[0m[2m:[0m Confirmed 43,708 blocks | 2,000 bps | 1,792 cps | avg conf time: 97 ms
EPOCH_ENDED epoch=2 elections=638 active=15 t=1790150271481
EPOCH_ENDED epoch=2 elections=638 active=2 t=1790150271489
EPOCH_ADVANCED epoch=3 elections=638 active=15 vote_records=516674 t=1790150271515
EPOCH_ADVANCED epoch=3 elections=638 active=2 vote_records=516740 t=1790150271520
EPOCH_REPORT epoch=2 certified=13371 residual=695 root=7BA8FB2091E1DFEC9E44116CFA8458BE3ED18DB762A47079B5808B07FE46FB0E reports=1 t=1790150271536
EPOCH_CLOSE_UNREADY epoch=2 short_of=reports usable=1 weight=52817547613627032725651335786122785781 required=262413394801813500243514052140711711806 held=0 theirs=[] t=1790150271537
EPOCH_REPORT epoch=2 certified=13371 residual=638 root=7BA8FB2091E1DFEC9E44116CFA8458BE3ED18DB762A47079B5808B07FE46FB0E reports=1 t=1790150271542
EPOCH_CLOSE_UNREADY epoch=2 short_of=reports usable=1 weight=52177417791869092718492277432948893771 required=262413394801813500243514052140711711806 held=0 theirs=[] t=1790150271542
EPOCH_ENDED epoch=2 elections=638 active=0 t=1790150271636
EPOCH_ADVANCED epoch=3 elections=638 active=0 vote_records=516751 t=1790150271656
EPOCH_ENDED epoch=2 elections=638 active=1 t=1790150271659
EPOCH_REPORT epoch=2 certified=13371 residual=727 root=7BA8FB2091E1DFEC9E44116CFA8458BE3ED18DB762A47079B5808B07FE46FB0E reports=1 t=1790150271671
EPOCH_RECONCILED epoch=2 reporter=911999B2AEFA7ACC66EBD802B3301FF6CE431405107749D940277955CB7FDD07 complete=false entries=0 total=13371 t=1790150271674
EPOCH_RESIDUAL epoch=2 reporter=911999B2AEFA7ACC66EBD802B3301FF6CE431405107749D940277955CB7FDD07 votes=27374 derived=638 complete=true sketch_cells=0 t=1790150271676
EPOCH_RECONCILED epoch=2 reporter=735FE217D91E88EA82324C5883296385FA0041C2FAC85C827BAA46DA1E14B83F complete=false entries=0 total=13371 t=1790150271677
EPOCH_ADVANCED epoch=3 elections=638 active=1 vote_records=516713 t=1790150271678
EPOCH_RESIDUAL epoch=2 reporter=735FE217D91E88EA82324C5883296385FA0041C2FAC85C827BAA46DA1E14B83F votes=26950 derived=694 complete=false sketch_cells=64 t=1790150271680
EPOCH_RESIDUAL_SKETCH epoch=2 reporter=735FE217D91E88EA82324C5883296385FA0041C2FAC85C827BAA46DA1E14B83F incomplete=false edits=1 complete=true t=1790150271683
EPOCH_CLOSE_UNREADY epoch=2 short_of=reports usable=3 weight=153079676230392805099388741596059544518 required=262413394801813500243514052140711711806 held=3 theirs=["911999B2:7BA8FB20:1313CF22", "65A90023:7BA8FB20:555D50CE", "735FE217:7BA8FB20:DB2F4DDE"] t=1790150271686
EPOCH_REPORT epoch=2 certified=13371 residual=638 root=7BA8FB2091E1DFEC9E44116CFA8458BE3ED18DB762A47079B5808B07FE46FB0E reports=1 t=1790150271689
EPOCH_RECONCILED epoch=2 reporter=911999B2AEFA7ACC66EBD802B3301FF6CE431405107749D940277955CB7FDD07 complete=false entries=0 total=13371 t=1790150271692
EPOCH_RESIDUAL epoch=2 reporter=911999B2AEFA7ACC66EBD802B3301FF6CE431405107749D940277955CB7FDD07 votes=27374 derived=638 complete=true sketch_cells=0 t=1790150271694
EPOCH_RECONCILED epoch=2 reporter=65A90023F6C0D2181AAA63F005D81BBC0C04650505E21D5123F9AE1F9E992BFF complete=false entries=0 total=13371 t=1790150271695
EPOCH_RESIDUAL epoch=2 reporter=65A90023F6C0D2181AAA63F005D81BBC0C04650505E21D5123F9AE1F9E992BFF votes=27289 derived=725 complete=false sketch_cells=64 t=1790150271697
EPOCH_RECONCILED epoch=2 reporter=735FE217D91E88EA82324C5883296385FA0041C2FAC85C827BAA46DA1E14B83F complete=false entries=0 total=13371 t=1790150271698
EPOCH_RESIDUAL_SKETCH epoch=2 reporter=65A90023F6C0D2181AAA63F005D81BBC0C04650505E21D5123F9AE1F9E992BFF incomplete=false edits=2 complete=true t=1790150271698
EPOCH_RESIDUAL epoch=2 reporter=735FE217D91E88EA82324C5883296385FA0041C2FAC85C827BAA46DA1E14B83F votes=26948 derived=692 complete=false sketch_cells=64 t=1790150271700
EPOCH_RESIDUAL_SKETCH epoch=2 reporter=735FE217D91E88EA82324C5883296385FA0041C2FAC85C827BAA46DA1E14B83F incomplete=false edits=3 complete=true t=1790150271701
EPOCH_CLOSE_UNREADY epoch=2 short_of=reports usable=4 weight=208333290050234366851785984202487126296 required=262413394801813500243514052140711711806 held=4 theirs=["633D9D61:7BA8FB20:1313CF22", "735FE217:7BA8FB20:DB2F4DDE", "911999B2:7BA8FB20:1313CF22", "65A90023:7BA8FB20:555D50CE"] t=1790150271705
EPOCH_ENDED epoch=2 elections=638 active=3 t=1790150271709
EPOCH_ADVANCED epoch=3 elections=638 active=3 vote_records=516630 t=1790150271723
EPOCH_REPORT epoch=2 certified=13371 residual=639 root=7BA8FB2091E1DFEC9E44116CFA8458BE3ED18DB762A47079B5808B07FE46FB0E reports=1 t=1790150271733
EPOCH_RECONCILED epoch=2 reporter=633D9D614858AB1710D5D8C3180E2A082DC97208BA8C26BA6C6D1A86C8E31CC0 complete=false entries=0 total=13371 t=1790150271735
EPOCH_RESIDUAL epoch=2 reporter=633D9D614858AB1710D5D8C3180E2A082DC97208BA8C26BA6C6D1A86C8E31CC0 votes=26735 derived=638 complete=true sketch_cells=0 t=1790150271738
EPOCH_RECONCILED epoch=2 reporter=735FE217D91E88EA82324C5883296385FA0041C2FAC85C827BAA46DA1E14B83F complete=false entries=0 total=13371 t=1790150271738
EPOCH_ENDED epoch=2 elections=638 active=2 t=1790150271741
EPOCH_RESIDUAL epoch=2 reporter=735FE217D91E88EA82324C5883296385FA0041C2FAC85C827BAA46DA1E14B83F votes=26931 derived=675 complete=false sketch_cells=64 t=1790150271741
EPOCH_RECONCILED epoch=2 reporter=65A90023F6C0D2181AAA63F005D81BBC0C04650505E21D5123F9AE1F9E992BFF complete=false entries=0 total=13371 t=1790150271742
EPOCH_RESIDUAL_SKETCH epoch=2 reporter=735FE217D91E88EA82324C5883296385FA0041C2FAC85C827BAA46DA1E14B83F incomplete=false edits=20 complete=true t=1790150271742
EPOCH_RESIDUAL epoch=2 reporter=65A90023F6C0D2181AAA63F005D81BBC0C04650505E21D5123F9AE1F9E992BFF votes=27238 derived=674 complete=false sketch_cells=64 t=1790150271744
[2m2026-09-23T07:57:51.744887Z[0m [32m INFO[0m [2mnanospam::app[0m[2m:[0m Confirmed 44,229 blocks | 2,000 bps | 520 cps | avg conf time: 105 ms
EPOCH_RECONCILED epoch=2 reporter=911999B2AEFA7ACC66EBD802B3301FF6CE431405107749D940277955CB7FDD07 complete=false entries=0 total=13371 t=1790150271745
EPOCH_RESIDUAL_SKETCH epoch=2 reporter=65A90023F6C0D2181AAA63F005D81BBC0C04650505E21D5123F9AE1F9E992BFF incomplete=false edits=53 complete=true t=1790150271745
EPOCH_RESIDUAL epoch=2 reporter=911999B2AEFA7ACC66EBD802B3301FF6CE431405107749D940277955CB7FDD07 votes=27371 derived=635 complete=false sketch_cells=64 t=1790150271748
EPOCH_RESIDUAL_SKETCH epoch=2 reporter=911999B2AEFA7ACC66EBD802B3301FF6CE431405107749D940277955CB7FDD07 incomplete=false edits=3 complete=true t=1790150271748
EPOCH_CLOSE_READY epoch=2 t=1790150271752
EPOCH_ADVANCED epoch=3 elections=638 active=2 vote_records=516731 t=1790150271757
EPOCH_REPORT epoch=2 certified=13371 residual=638 root=7BA8FB2091E1DFEC9E44116CFA8458BE3ED18DB762A47079B5808B07FE46FB0E reports=1 t=1790150271766
EPOCH_RECONCILED epoch=2 reporter=735FE217D91E88EA82324C5883296385FA0041C2FAC85C827BAA46DA1E14B83F complete=false entries=0 total=13371 t=1790150271768
EPOCH_RESIDUAL epoch=2 reporter=735FE217D91E88EA82324C5883296385FA0041C2FAC85C827BAA46DA1E14B83F votes=26949 derived=693 complete=false sketch_cells=64 t=1790150271772
EPOCH_RECONCILED epoch=2 reporter=65A90023F6C0D2181AAA63F005D81BBC0C04650505E21D5123F9AE1F9E992BFF complete=false entries=0 total=13371 t=1790150271773
EPOCH_RESIDUAL_SKETCH epoch=2 reporter=735FE217D91E88EA82324C5883296385FA0041C2FAC85C827BAA46DA1E14B83F incomplete=false edits=2 complete=true t=1790150271773
EPOCH_RESIDUAL epoch=2 reporter=65A90023F6C0D2181AAA63F005D81BBC0C04650505E21D5123F9AE1F9E992BFF votes=27289 derived=725 complete=false sketch_cells=64 t=1790150271776
EPOCH_RECONCILED epoch=2 reporter=911999B2AEFA7ACC66EBD802B3301FF6CE431405107749D940277955CB7FDD07 complete=false entries=0 total=13371 t=1790150271776
EPOCH_RESIDUAL_SKETCH epoch=2 reporter=65A90023F6C0D2181AAA63F005D81BBC0C04650505E21D5123F9AE1F9E992BFF incomplete=false edits=2 complete=true t=1790150271777
EPOCH_RESIDUAL epoch=2 reporter=911999B2AEFA7ACC66EBD802B3301FF6CE431405107749D940277955CB7FDD07 votes=27374 derived=638 complete=true sketch_cells=0 t=1790150271779
EPOCH_RECONCILED epoch=2 reporter=A353E45E6D0016CAEED0DFA4EC5B0640E2AA22A793F9F2375E77F1AB92977C04 complete=false entries=0 total=13371 t=1790150271779
EPOCH_RESIDUAL epoch=2 reporter=A353E45E6D0016CAEED0DFA4EC5B0640E2AA22A793F9F2375E77F1AB92977C04 votes=25672 derived=637 complete=false sketch_cells=64 t=1790150271782
EPOCH_RECONCILED epoch=2 reporter=633D9D614858AB1710D5D8C3180E2A082DC97208BA8C26BA6C6D1A86C8E31CC0 complete=false entries=0 total=13371 t=1790150271782
EPOCH_RESIDUAL_SKETCH epoch=2 reporter=A353E45E6D0016CAEED0DFA4EC5B0640E2AA22A793F9F2375E77F1AB92977C04 incomplete=false edits=2 complete=true t=1790150271782
EPOCH_RESIDUAL epoch=2 reporter=633D9D614858AB1710D5D8C3180E2A082DC97208BA8C26BA6C6D1A86C8E31CC0 votes=26738 derived=638 complete=true sketch_cells=0 t=1790150271784
EPOCH_CLOSE_READY epoch=2 t=1790150271789
EPOCH_RECONCILED epoch=2 reporter=633D9D614858AB1710D5D8C3180E2A082DC97208BA8C26BA6C6D1A86C8E31CC0 complete=false entries=0 total=13371 t=1790150271796
EPOCH_RESIDUAL epoch=2 reporter=633D9D614858AB1710D5D8C3180E2A082DC97208BA8C26BA6C6D1A86C8E31CC0 votes=26723 derived=623 complete=false sketch_cells=64 t=1790150271798
EPOCH_RECONCILED epoch=2 reporter=65A90023F6C0D2181AAA63F005D81BBC0C04650505E21D5123F9AE1F9E992BFF complete=false entries=0 total=13371 t=1790150271799
EPOCH_RESIDUAL_SKETCH epoch=2 reporter=633D9D614858AB1710D5D8C3180E2A082DC97208BA8C26BA6C6D1A86C8E31CC0 incomplete=false edits=15 complete=true t=1790150271800
EPOCH_RESIDUAL epoch=2 reporter=65A90023F6C0D2181AAA63F005D81BBC0C04650505E21D5123F9AE1F9E992BFF votes=27258 derived=694 complete=false sketch_cells=64 t=1790150271802
EPOCH_RECONCILED epoch=2 reporter=911999B2AEFA7ACC66EBD802B3301FF6CE431405107749D940277955CB7FDD07 complete=false entries=0 total=13371 t=1790150271803
EPOCH_RESIDUAL_SKETCH epoch=2 reporter=65A90023F6C0D2181AAA63F005D81BBC0C04650505E21D5123F9AE1F9E992BFF incomplete=false edits=33 complete=true t=1790150271803
EPOCH_RESIDUAL epoch=2 reporter=911999B2AEFA7ACC66EBD802B3301FF6CE431405107749D940277955CB7FDD07 votes=27374 derived=638 complete=true sketch_cells=0 t=1790150271805
EPOCH_RECONCILED epoch=2 reporter=735FE217D91E88EA82324C5883296385FA0041C2FAC85C827BAA46DA1E14B83F complete=false entries=0 total=13371 t=1790150271805
EPOCH_RECONCILED epoch=2 reporter=A353E45E6D0016CAEED0DFA4EC5B0640E2AA22A793F9F2375E77F1AB92977C04 complete=false entries=0 total=13371 t=1790150271806
EPOCH_RESIDUAL epoch=2 reporter=A353E45E6D0016CAEED0DFA4EC5B0640E2AA22A793F9F2375E77F1AB92977C04 votes=25674 derived=639 complete=true sketch_cells=0 t=1790150271808
EPOCH_RESIDUAL epoch=2 reporter=735FE217D91E88EA82324C5883296385FA0041C2FAC85C827BAA46DA1E14B83F votes=26947 derived=691 complete=false sketch_cells=64 t=1790150271808
EPOCH_RECONCILED epoch=2 reporter=D315857CE70C54DE713F6E82E5613BB3A1266C15E28AD2F4338C7BBEC456F532 complete=false entries=0 total=13371 t=1790150271809
EPOCH_RECONCILED epoch=2 reporter=A353E45E6D0016CAEED0DFA4EC5B0640E2AA22A793F9F2375E77F1AB92977C04 complete=false entries=0 total=13371 t=1790150271809
EPOCH_RESIDUAL_SKETCH epoch=2 reporter=735FE217D91E88EA82324C5883296385FA0041C2FAC85C827BAA46DA1E14B83F incomplete=false edits=4 complete=true t=1790150271809
EPOCH_RESIDUAL epoch=2 reporter=D315857CE70C54DE713F6E82E5613BB3A1266C15E28AD2F4338C7BBEC456F532 votes=27370 derived=638 complete=true sketch_cells=0 t=1790150271811
EPOCH_RESIDUAL epoch=2 reporter=A353E45E6D0016CAEED0DFA4EC5B0640E2AA22A793F9F2375E77F1AB92977C04 votes=25673 derived=638 complete=false sketch_cells=64 t=1790150271812
EPOCH_RECONCILED epoch=2 reporter=D315857CE70C54DE713F6E82E5613BB3A1266C15E28AD2F4338C7BBEC456F532 complete=false entries=0 total=13371 t=1790150271812
EPOCH_RESIDUAL_SKETCH epoch=2 reporter=A353E45E6D0016CAEED0DFA4EC5B0640E2AA22A793F9F2375E77F1AB92977C04 incomplete=false edits=1 complete=true t=1790150271812
EPOCH_RESIDUAL epoch=2 reporter=D315857CE70C54DE713F6E82E5613BB3A1266C15E28AD2F4338C7BBEC456F532 votes=27370 derived=638 complete=true sketch_cells=0 t=1790150271815
EPOCH_RECONCILED epoch=2 reporter=633D9D614858AB1710D5D8C3180E2A082DC97208BA8C26BA6C6D1A86C8E31CC0 complete=false entries=0 total=13371 t=1790150271815
EPOCH_CLOSE_READY epoch=2 t=1790150271816
EPOCH_RESIDUAL epoch=2 reporter=633D9D614858AB1710D5D8C3180E2A082DC97208BA8C26BA6C6D1A86C8E31CC0 votes=26738 derived=638 complete=true sketch_cells=0 t=1790150271817
EPOCH_RECONCILED epoch=2 reporter=65A90023F6C0D2181AAA63F005D81BBC0C04650505E21D5123F9AE1F9E992BFF complete=false entries=0 total=13371 t=1790150271818
EPOCH_RESIDUAL epoch=2 reporter=65A90023F6C0D2181AAA63F005D81BBC0C04650505E21D5123F9AE1F9E992BFF votes=27289 derived=725 complete=false sketch_cells=64 t=1790150271821
EPOCH_RESIDUAL_SKETCH epoch=2 reporter=65A90023F6C0D2181AAA63F005D81BBC0C04650505E21D5123F9AE1F9E992BFF incomplete=false edits=2 complete=true t=1790150271821
EPOCH_CLOSE_READY epoch=2 t=1790150271825
EPOCH_PROPOSED epoch=2 round=0 value=90569B7DF836AC30C37600A69486BE7E22A1216F4279738B73AAA887F789C3F1 state=9AE01D061E8AD3255222C6DE6BA8DE41F7B50D4EAAA2546193DB6D518D84CBB0 reports=5 t=1790150271891
EPOCH_VALUE epoch=2 value=90569B7DF836AC30C37600A69486BE7E22A1216F4279738B73AAA887F789C3F1 state=9AE01D061E8AD3255222C6DE6BA8DE41F7B50D4EAAA2546193DB6D518D84CBB0 t=1790150271891
EPOCH_RECONCILED epoch=2 reporter=633D9D614858AB1710D5D8C3180E2A082DC97208BA8C26BA6C6D1A86C8E31CC0 complete=false entries=0 total=13371 t=1790150271953
EPOCH_RESIDUAL epoch=2 reporter=633D9D614858AB1710D5D8C3180E2A082DC97208BA8C26BA6C6D1A86C8E31CC0 votes=26738 derived=638 complete=true sketch_cells=0 t=1790150271955
EPOCH_RECONCILED epoch=2 reporter=A353E45E6D0016CAEED0DFA4EC5B0640E2AA22A793F9F2375E77F1AB92977C04 complete=false entries=0 total=13371 t=1790150271956
EPOCH_RESIDUAL epoch=2 reporter=A353E45E6D0016CAEED0DFA4EC5B0640E2AA22A793F9F2375E77F1AB92977C04 votes=25673 derived=638 complete=false sketch_cells=64 t=1790150271959
EPOCH_RECONCILED epoch=2 reporter=D315857CE70C54DE713F6E82E5613BB3A1266C15E28AD2F4338C7BBEC456F532 complete=false entries=0 total=13371 t=1790150271959
EPOCH_RESIDUAL epoch=2 reporter=D315857CE70C54DE713F6E82E5613BB3A1266C15E28AD2F4338C7BBEC456F532 votes=27370 derived=638 complete=true sketch_cells=0 t=1790150271962
EPOCH_RESIDUAL_SKETCH epoch=2 reporter=A353E45E6D0016CAEED0DFA4EC5B0640E2AA22A793F9F2375E77F1AB92977C04 incomplete=false edits=1 complete=true t=1790150271962
EPOCH_CLOSE_READY epoch=2 t=1790150271967
EPOCH_RECONCILED epoch=2 reporter=A353E45E6D0016CAEED0DFA4EC5B0640E2AA22A793F9F2375E77F1AB92977C04 complete=false entries=0 total=13371 t=1790150271976
EPOCH_RESIDUAL epoch=2 reporter=A353E45E6D0016CAEED0DFA4EC5B0640E2AA22A793F9F2375E77F1AB92977C04 votes=25674 derived=639 complete=true sketch_cells=0 t=1790150271978
EPOCH_RECONCILED epoch=2 reporter=D315857CE70C54DE713F6E82E5613BB3A1266C15E28AD2F4338C7BBEC456F532 complete=false entries=0 total=13371 t=1790150271979
EPOCH_RESIDUAL epoch=2 reporter=D315857CE70C54DE713F6E82E5613BB3A1266C15E28AD2F4338C7BBEC456F532 votes=27370 derived=638 complete=true sketch_cells=0 t=1790150271982
EPOCH_CLOSE_READY epoch=2 t=1790150271987
EPOCH_VALUE epoch=2 value=90569B7DF836AC30C37600A69486BE7E22A1216F4279738B73AAA887F789C3F1 state=9AE01D061E8AD3255222C6DE6BA8DE41F7B50D4EAAA2546193DB6D518D84CBB0 t=1790150271989
EPOCH_VALUE epoch=2 value=90569B7DF836AC30C37600A69486BE7E22A1216F4279738B73AAA887F789C3F1 state=9AE01D061E8AD3255222C6DE6BA8DE41F7B50D4EAAA2546193DB6D518D84CBB0 t=1790150271989
EPOCH_VALUE epoch=2 value=90569B7DF836AC30C37600A69486BE7E22A1216F4279738B73AAA887F789C3F1 state=9AE01D061E8AD3255222C6DE6BA8DE41F7B50D4EAAA2546193DB6D518D84CBB0 t=1790150271990
EPOCH_CLOSE_ROUND epoch=2 round=0 leader=735FE217D91E88EA82324C5883296385FA0041C2FAC85C827BAA46DA1E14B83F leads=false t=1790150272013
EPOCH_CLOSE_ROUND epoch=2 round=0 leader=735FE217D91E88EA82324C5883296385FA0041C2FAC85C827BAA46DA1E14B83F leads=false t=1790150272044
EPOCH_CLOSE_ROUND epoch=2 round=0 leader=735FE217D91E88EA82324C5883296385FA0041C2FAC85C827BAA46DA1E14B83F leads=true t=1790150272087
EPOCH_RECONCILED epoch=2 reporter=D315857CE70C54DE713F6E82E5613BB3A1266C15E28AD2F4338C7BBEC456F532 complete=false entries=0 total=13371 t=1790150272093
EPOCH_RESIDUAL epoch=2 reporter=D315857CE70C54DE713F6E82E5613BB3A1266C15E28AD2F4338C7BBEC456F532 votes=27370 derived=638 complete=true sketch_cells=0 t=1790150272095
EPOCH_CLOSE_ROUND epoch=2 round=0 leader=735FE217D91E88EA82324C5883296385FA0041C2FAC85C827BAA46DA1E14B83F leads=false t=1790150272099
EPOCH_VALUE epoch=2 value=90569B7DF836AC30C37600A69486BE7E22A1216F4279738B73AAA887F789C3F1 state=9AE01D061E8AD3255222C6DE6BA8DE41F7B50D4EAAA2546193DB6D518D84CBB0 t=1790150272182
EPOCH_VALUE epoch=2 value=90569B7DF836AC30C37600A69486BE7E22A1216F4279738B73AAA887F789C3F1 state=9AE01D061E8AD3255222C6DE6BA8DE41F7B50D4EAAA2546193DB6D518D84CBB0 t=1790150272185
EPOCH_CLOSE_ROUND epoch=2 round=0 leader=735FE217D91E88EA82324C5883296385FA0041C2FAC85C827BAA46DA1E14B83F leads=false t=1790150272246
EPOCH_CLOSE_ROUND epoch=2 round=1 leader=911999B2AEFA7ACC66EBD802B3301FF6CE431405107749D940277955CB7FDD07 leads=false t=1790150272247
EPOCH_CLOSE_ROUND epoch=2 round=0 leader=735FE217D91E88EA82324C5883296385FA0041C2FAC85C827BAA46DA1E14B83F leads=false t=1790150272262
EPOCH_CLOSE_ROUND epoch=2 round=1 leader=911999B2AEFA7ACC66EBD802B3301FF6CE431405107749D940277955CB7FDD07 leads=false t=1790150272262
EPOCH_INSTALL epoch=2 finalized=14009 instances_confirmed=638 t=1790150272272
EPOCH_INSTALL epoch=2 finalized=14009 instances_confirmed=638 t=1790150272279
EPOCH_INSTALL epoch=2 finalized=14009 instances_confirmed=638 t=1790150272291
EPOCH_INSTALL epoch=2 finalized=14009 instances_confirmed=638 t=1790150272293
EPOCH_INSTALL epoch=2 finalized=14009 instances_confirmed=638 t=1790150272294
EPOCH_INSTALL epoch=2 finalized=14009 instances_confirmed=638 t=1790150272295
EPOCH_COMMITTEE derived_by=2 members=6 accounts=17610 n=338466483964168245468502424011198413447 digest=D7F4E40258D6A3CF9EF776A3B246A6DAE0AE1CB857AFCBDB50C9C3A8C304C08A shares=["A353E45E:20.6%", "735FE217:16.3%", "911999B2:16.2%", "D315857C:16.0%", "633D9D61:15.7%", "65A90023:15.1%"] t=1790150272471
EPOCH_CLOSED epoch=2 round=0 value=90569B7DF836AC30C37600A69486BE7E22A1216F4279738B73AAA887F789C3F1 state=9AE01D061E8AD3255222C6DE6BA8DE41F7B50D4EAAA2546193DB6D518D84CBB0 t=1790150272471
EPOCH_COMMITTEE derived_by=2 members=6 accounts=17610 n=338466483964168245468502424011198413447 digest=D7F4E40258D6A3CF9EF776A3B246A6DAE0AE1CB857AFCBDB50C9C3A8C304C08A shares=["A353E45E:20.6%", "735FE217:16.3%", "911999B2:16.2%", "D315857C:16.0%", "633D9D61:15.7%", "65A90023:15.1%"] t=1790150272492
EPOCH_CLOSED epoch=2 round=0 value=90569B7DF836AC30C37600A69486BE7E22A1216F4279738B73AAA887F789C3F1 state=9AE01D061E8AD3255222C6DE6BA8DE41F7B50D4EAAA2546193DB6D518D84CBB0 t=1790150272492
EPOCH_COMMITTEE derived_by=2 members=6 accounts=17610 n=338466483964168245468502424011198413447 digest=D7F4E40258D6A3CF9EF776A3B246A6DAE0AE1CB857AFCBDB50C9C3A8C304C08A shares=["A353E45E:20.6%", "735FE217:16.3%", "911999B2:16.2%", "D315857C:16.0%", "633D9D61:15.7%", "65A90023:15.1%"] t=1790150272493
EPOCH_CLOSED epoch=2 round=0 value=90569B7DF836AC30C37600A69486BE7E22A1216F4279738B73AAA887F789C3F1 state=9AE01D061E8AD3255222C6DE6BA8DE41F7B50D4EAAA2546193DB6D518D84CBB0 t=1790150272493
EPOCH_INSTALLED epoch=2 finalized=14009 cemented=13373 queued=3 missing=633 t=1790150272523
EPOCH_COMMITTEE derived_by=2 members=6 accounts=17610 n=338466483964168245468502424011198413447 digest=D7F4E40258D6A3CF9EF776A3B246A6DAE0AE1CB857AFCBDB50C9C3A8C304C08A shares=["A353E45E:20.6%", "735FE217:16.3%", "911999B2:16.2%", "D315857C:16.0%", "633D9D61:15.7%", "65A90023:15.1%"] t=1790150272528
EPOCH_CLOSED epoch=2 round=0 value=90569B7DF836AC30C37600A69486BE7E22A1216F4279738B73AAA887F789C3F1 state=9AE01D061E8AD3255222C6DE6BA8DE41F7B50D4EAAA2546193DB6D518D84CBB0 t=1790150272528
EPOCH_COMMITTEE derived_by=2 members=6 accounts=17610 n=338466483964168245468502424011198413447 digest=D7F4E40258D6A3CF9EF776A3B246A6DAE0AE1CB857AFCBDB50C9C3A8C304C08A shares=["A353E45E:20.6%", "735FE217:16.3%", "911999B2:16.2%", "D315857C:16.0%", "633D9D61:15.7%", "65A90023:15.1%"] t=1790150272532
EPOCH_CLOSED epoch=2 round=0 value=90569B7DF836AC30C37600A69486BE7E22A1216F4279738B73AAA887F789C3F1 state=9AE01D061E8AD3255222C6DE6BA8DE41F7B50D4EAAA2546193DB6D518D84CBB0 t=1790150272532
EPOCH_INSTALLED epoch=2 finalized=14009 cemented=13691 queued=318 missing=0 t=1790150272534
EPOCH_COMMITTEE derived_by=2 members=6 accounts=17610 n=338466483964168245468502424011198413447 digest=D7F4E40258D6A3CF9EF776A3B246A6DAE0AE1CB857AFCBDB50C9C3A8C304C08A shares=["A353E45E:20.6%", "735FE217:16.3%", "911999B2:16.2%", "D315857C:16.0%", "633D9D61:15.7%", "65A90023:15.1%"] t=1790150272543
EPOCH_CLOSED epoch=2 round=0 value=90569B7DF836AC30C37600A69486BE7E22A1216F4279738B73AAA887F789C3F1 state=9AE01D061E8AD3255222C6DE6BA8DE41F7B50D4EAAA2546193DB6D518D84CBB0 t=1790150272543
EPOCH_INSTALLED epoch=2 finalized=14009 cemented=13541 queued=468 missing=0 t=1790150272550
EPOCH_INSTALLED epoch=2 finalized=14009 cemented=13371 queued=1 missing=637 t=1790150272569
EPOCH_INSTALLED epoch=2 finalized=14009 cemented=13909 queued=100 missing=0 t=1790150272579
EPOCH_INSTALLED epoch=2 finalized=14009 cemented=13372 queued=0 missing=637 t=1790150272581
[2m2026-09-23T07:57:52.747040Z[0m [32m INFO[0m [2mnanospam::app[0m[2m:[0m Confirmed 44,867 blocks | 2,000 bps | 636 cps | avg conf time: 4981 ms
[2m2026-09-23T07:57:53.749686Z[0m [32m INFO[0m [2mnanospam::app[0m[2m:[0m Confirmed 44,867 blocks | 2,000 bps | 0 cps | avg conf time: 0 ms
[2m2026-09-23T07:57:54.751721Z[0m [32m INFO[0m [2mnanospam::app[0m[2m:[0m Confirmed 44,867 blocks | 2,000 bps | 0 cps | avg conf time: 0 ms
[2m2026-09-23T07:57:55.753107Z[0m [32m INFO[0m [2mnanospam::app[0m[2m:[0m Confirmed 44,867 blocks | 2,000 bps | 0 cps | avg conf time: 0 ms
[2m2026-09-23T07:57:56.754469Z[0m [32m INFO[0m [2mnanospam::app[0m[2m:[0m Confirmed 44,867 blocks | 2,000 bps | 0 cps | avg conf time: 0 ms
[2m2026-09-23T07:57:57.755173Z[0m [32m INFO[0m [2mnanospam::app[0m[2m:[0m Confirmed 44,867 blocks | 2,000 bps | 0 cps | avg conf time: 0 ms
[2m2026-09-23T07:57:58.756556Z[0m [32m INFO[0m [2mnanospam::app[0m[2m:[0m Confirmed 44,867 blocks | 2,000 bps | 0 cps | avg conf time: 0 ms
[2m2026-09-23T07:57:59.758713Z[0m [32m INFO[0m [2mnanospam::app[0m[2m:[0m Confirmed 44,867 blocks | 2,000 bps | 0 cps | avg conf time: 0 ms
[2m2026-09-23T07:58:00.761136Z[0m [32m INFO[0m [2mnanospam::app[0m[2m:[0m Confirmed 44,867 blocks | 2,000 bps | 0 cps | avg conf time: 0 ms
[2m2026-09-23T07:58:01.762268Z[0m [32m INFO[0m [2mnanospam::app[0m[2m:[0m Confirmed 44,867 blocks | 2,000 bps | 0 cps | avg conf time: 0 ms
[2m2026-09-23T07:58:02.764279Z[0m [32m INFO[0m [2mnanospam::app[0m[2m:[0m Confirmed 44,867 blocks | 2,000 bps | 0 cps | avg conf time: 0 ms
[2m2026-09-23T07:58:03.765489Z[0m [32m INFO[0m [2mnanospam::app[0m[2m:[0m Confirmed 44,867 blocks | 2,000 bps | 0 cps | avg conf time: 0 ms
[2m2026-09-23T07:58:04.766695Z[0m [32m INFO[0m [2mnanospam::app[0m[2m:[0m Confirmed 44,867 blocks | 2,000 bps | 0 cps | avg conf time: 0 ms
[2m2026-09-23T07:58:05.768738Z[0m [32m INFO[0m [2mnanospam::app[0m[2m:[0m Confirmed 44,867 blocks | 2,000 bps | 0 cps | avg conf time: 0 ms
[2m2026-09-23T07:58:06.771094Z[0m [32m INFO[0m [2mnanospam::app[0m[2m:[0m Confirmed 44,867 blocks | 2,000 bps | 0 cps | avg conf time: 0 ms
[2m2026-09-23T07:58:07.772857Z[0m [32m INFO[0m [2mnanospam::app[0m[2m:[0m Confirmed 44,867 blocks | 2,000 bps | 0 cps | avg conf time: 0 ms
[2m2026-09-23T07:58:08.774440Z[0m [32m INFO[0m [2mnanospam::app[0m[2m:[0m Confirmed 44,867 blocks | 2,000 bps | 0 cps | avg conf time: 0 ms
[2m2026-09-23T07:58:09.777100Z[0m [32m INFO[0m [2mnanospam::app[0m[2m:[0m Confirmed 44,867 blocks | 2,000 bps | 0 cps | avg conf time: 0 ms
[2m2026-09-23T07:58:10.778727Z[0m [32m INFO[0m [2mnanospam::app[0m[2m:[0m Confirmed 44,867 blocks | 2,000 bps | 0 cps | avg conf time: 0 ms
[2m2026-09-23T07:58:11.780346Z[0m [32m INFO[0m [2mnanospam::app[0m[2m:[0m Confirmed 44,867 blocks | 2,000 bps | 0 cps | avg conf time: 0 ms
cleanup done
