[2m2026-09-22T23:17:21.569787Z[0m [32m INFO[0m [2mnanospam::setup::account_map_factory[0m[2m:[0m Creating account keys file with 45000 keys: "/Users/ruimorais/NanoSpam/account_keys.txt"
[2m2026-09-22T23:17:22.312407Z[0m [32m INFO[0m [2mnanospam::setup::node_config_factory[0m[2m:[0m ********************************************************************************
[2m2026-09-22T23:17:22.312418Z[0m [32m INFO[0m [2mnanospam::setup::node_config_factory[0m[2m:[0m Setting up node PR0...
[2m2026-09-22T23:17:22.312422Z[0m [32m INFO[0m [2mnanospam::setup::node_config_factory[0m[2m:[0m Creating directory "/Users/ruimorais/NanoSpam/pr0"
[2m2026-09-22T23:17:22.312651Z[0m [32m INFO[0m [2mnanospam::setup::node_config_factory[0m[2m:[0m Creating node config file: "/Users/ruimorais/NanoSpam/pr0/config-node.toml"
[2m2026-09-22T23:17:22.312788Z[0m [32m INFO[0m [2mnanospam::setup::node_config_factory[0m[2m:[0m Creating rpc config file: "/Users/ruimorais/NanoSpam/pr0/config-rpc.toml"
[2m2026-09-22T23:17:22.312852Z[0m [32m INFO[0m [2mnanospam::setup::node_config_factory[0m[2m:[0m ********************************************************************************
[2m2026-09-22T23:17:22.312856Z[0m [32m INFO[0m [2mnanospam::setup::node_config_factory[0m[2m:[0m Setting up node PR1...
[2m2026-09-22T23:17:22.312860Z[0m [32m INFO[0m [2mnanospam::setup::node_config_factory[0m[2m:[0m Creating directory "/Users/ruimorais/NanoSpam/pr1"
[2m2026-09-22T23:17:22.312901Z[0m [32m INFO[0m [2mnanospam::setup::node_config_factory[0m[2m:[0m Creating node config file: "/Users/ruimorais/NanoSpam/pr1/config-node.toml"
[2m2026-09-22T23:17:22.312974Z[0m [32m INFO[0m [2mnanospam::setup::node_config_factory[0m[2m:[0m Creating rpc config file: "/Users/ruimorais/NanoSpam/pr1/config-rpc.toml"
[2m2026-09-22T23:17:22.313029Z[0m [32m INFO[0m [2mnanospam::setup::node_config_factory[0m[2m:[0m ********************************************************************************
[2m2026-09-22T23:17:22.313033Z[0m [32m INFO[0m [2mnanospam::setup::node_config_factory[0m[2m:[0m Setting up node PR2...
[2m2026-09-22T23:17:22.313037Z[0m [32m INFO[0m [2mnanospam::setup::node_config_factory[0m[2m:[0m Creating directory "/Users/ruimorais/NanoSpam/pr2"
[2m2026-09-22T23:17:22.313080Z[0m [32m INFO[0m [2mnanospam::setup::node_config_factory[0m[2m:[0m Creating node config file: "/Users/ruimorais/NanoSpam/pr2/config-node.toml"
[2m2026-09-22T23:17:22.313142Z[0m [32m INFO[0m [2mnanospam::setup::node_config_factory[0m[2m:[0m Creating rpc config file: "/Users/ruimorais/NanoSpam/pr2/config-rpc.toml"
[2m2026-09-22T23:17:22.313197Z[0m [32m INFO[0m [2mnanospam::setup::node_config_factory[0m[2m:[0m ********************************************************************************
[2m2026-09-22T23:17:22.313201Z[0m [32m INFO[0m [2mnanospam::setup::node_config_factory[0m[2m:[0m Setting up node PR3...
[2m2026-09-22T23:17:22.313204Z[0m [32m INFO[0m [2mnanospam::setup::node_config_factory[0m[2m:[0m Creating directory "/Users/ruimorais/NanoSpam/pr3"
[2m2026-09-22T23:17:22.313240Z[0m [32m INFO[0m [2mnanospam::setup::node_config_factory[0m[2m:[0m Creating node config file: "/Users/ruimorais/NanoSpam/pr3/config-node.toml"
[2m2026-09-22T23:17:22.313315Z[0m [32m INFO[0m [2mnanospam::setup::node_config_factory[0m[2m:[0m Creating rpc config file: "/Users/ruimorais/NanoSpam/pr3/config-rpc.toml"
[2m2026-09-22T23:17:22.313373Z[0m [32m INFO[0m [2mnanospam::setup::node_config_factory[0m[2m:[0m ********************************************************************************
[2m2026-09-22T23:17:22.313377Z[0m [32m INFO[0m [2mnanospam::setup::node_config_factory[0m[2m:[0m Setting up node PR4...
[2m2026-09-22T23:17:22.313380Z[0m [32m INFO[0m [2mnanospam::setup::node_config_factory[0m[2m:[0m Creating directory "/Users/ruimorais/NanoSpam/pr4"
[2m2026-09-22T23:17:22.313421Z[0m [32m INFO[0m [2mnanospam::setup::node_config_factory[0m[2m:[0m Creating node config file: "/Users/ruimorais/NanoSpam/pr4/config-node.toml"
[2m2026-09-22T23:17:22.313497Z[0m [32m INFO[0m [2mnanospam::setup::node_config_factory[0m[2m:[0m Creating rpc config file: "/Users/ruimorais/NanoSpam/pr4/config-rpc.toml"
[2m2026-09-22T23:17:22.313548Z[0m [32m INFO[0m [2mnanospam::setup::node_config_factory[0m[2m:[0m ********************************************************************************
[2m2026-09-22T23:17:22.313551Z[0m [32m INFO[0m [2mnanospam::setup::node_config_factory[0m[2m:[0m Setting up node PR5...
[2m2026-09-22T23:17:22.313553Z[0m [32m INFO[0m [2mnanospam::setup::node_config_factory[0m[2m:[0m Creating directory "/Users/ruimorais/NanoSpam/pr5"
[2m2026-09-22T23:17:22.313590Z[0m [32m INFO[0m [2mnanospam::setup::node_config_factory[0m[2m:[0m Creating node config file: "/Users/ruimorais/NanoSpam/pr5/config-node.toml"
[2m2026-09-22T23:17:22.313649Z[0m [32m INFO[0m [2mnanospam::setup::node_config_factory[0m[2m:[0m Creating rpc config file: "/Users/ruimorais/NanoSpam/pr5/config-rpc.toml"
[2m2026-09-22T23:17:22.313828Z[0m [32m INFO[0m [2mnanospam::setup::node_launcher[0m[2m:[0m Starting node: NANO_TEST_GENESIS_BLOCK="{\n    \"type\": \"open\",\n    \"account\": \"nano_3nroioygg54nusrmyun4woimqex36sp3drnctdt5955uqu47fxbkrxk7n7ne\",\n    \"source\": \"D315857CE70C54DE713F6E82E5613BB3A1266C15E28AD2F4338C7BBEC456F532\",\n    \"representative\": \"nano_3nroioygg54nusrmyun4woimqex36sp3drnctdt5955uqu47fxbkrxk7n7ne\",\n    \"signature\": \"3F6792C2DC623DF2E8643777160AB983B66B337E2478E13D2C3448126A8F4CD8DCCD19803C158A057FA44060AE0EFC09B1C311CB4FBF42F8D240610B38F56E08\",\n    \"work\": \"70FEF01F7EC45DEC\"\n    }" NANO_TEST_GENESIS_PRV ="49643F9B10CA1AA34F9AF8ED4AABD29F436104CCC375974B108534A48EAE3FE1" "rsnano" "--network" "test" "--data-path" "/Users/ruimorais/NanoSpam/pr0" "node" "run"
[2m2026-09-22T23:17:22.314595Z[0m [32m INFO[0m [2mnanospam::setup::node_launcher[0m[2m:[0m Waiting for RPC...
[2m2026-09-22T23:17:22.621353Z[0m [32m INFO[0m [2mnanospam::setup::node_launcher[0m[2m:[0m Starting node: NANO_TEST_GENESIS_BLOCK="{\n    \"type\": \"open\",\n    \"account\": \"nano_3nroioygg54nusrmyun4woimqex36sp3drnctdt5955uqu47fxbkrxk7n7ne\",\n    \"source\": \"D315857CE70C54DE713F6E82E5613BB3A1266C15E28AD2F4338C7BBEC456F532\",\n    \"representative\": \"nano_3nroioygg54nusrmyun4woimqex36sp3drnctdt5955uqu47fxbkrxk7n7ne\",\n    \"signature\": \"3F6792C2DC623DF2E8643777160AB983B66B337E2478E13D2C3448126A8F4CD8DCCD19803C158A057FA44060AE0EFC09B1C311CB4FBF42F8D240610B38F56E08\",\n    \"work\": \"70FEF01F7EC45DEC\"\n    }" NANO_TEST_GENESIS_PRV ="49643F9B10CA1AA34F9AF8ED4AABD29F436104CCC375974B108534A48EAE3FE1" "rsnano" "--network" "test" "--data-path" "/Users/ruimorais/NanoSpam/pr1" "node" "run"
[2m2026-09-22T23:17:22.621660Z[0m [32m INFO[0m [2mnanospam::setup::node_launcher[0m[2m:[0m Waiting for RPC...
[2m2026-09-22T23:17:22.723354Z[0m [32m INFO[0m [2mnanospam::setup::node_launcher[0m[2m:[0m Starting node: NANO_TEST_GENESIS_BLOCK="{\n    \"type\": \"open\",\n    \"account\": \"nano_3nroioygg54nusrmyun4woimqex36sp3drnctdt5955uqu47fxbkrxk7n7ne\",\n    \"source\": \"D315857CE70C54DE713F6E82E5613BB3A1266C15E28AD2F4338C7BBEC456F532\",\n    \"representative\": \"nano_3nroioygg54nusrmyun4woimqex36sp3drnctdt5955uqu47fxbkrxk7n7ne\",\n    \"signature\": \"3F6792C2DC623DF2E8643777160AB983B66B337E2478E13D2C3448126A8F4CD8DCCD19803C158A057FA44060AE0EFC09B1C311CB4FBF42F8D240610B38F56E08\",\n    \"work\": \"70FEF01F7EC45DEC\"\n    }" NANO_TEST_GENESIS_PRV ="49643F9B10CA1AA34F9AF8ED4AABD29F436104CCC375974B108534A48EAE3FE1" "rsnano" "--network" "test" "--data-path" "/Users/ruimorais/NanoSpam/pr2" "node" "run"
[2m2026-09-22T23:17:22.723772Z[0m [32m INFO[0m [2mnanospam::setup::node_launcher[0m[2m:[0m Waiting for RPC...
[2m2026-09-22T23:17:22.826409Z[0m [32m INFO[0m [2mnanospam::setup::node_launcher[0m[2m:[0m Starting node: NANO_TEST_GENESIS_BLOCK="{\n    \"type\": \"open\",\n    \"account\": \"nano_3nroioygg54nusrmyun4woimqex36sp3drnctdt5955uqu47fxbkrxk7n7ne\",\n    \"source\": \"D315857CE70C54DE713F6E82E5613BB3A1266C15E28AD2F4338C7BBEC456F532\",\n    \"representative\": \"nano_3nroioygg54nusrmyun4woimqex36sp3drnctdt5955uqu47fxbkrxk7n7ne\",\n    \"signature\": \"3F6792C2DC623DF2E8643777160AB983B66B337E2478E13D2C3448126A8F4CD8DCCD19803C158A057FA44060AE0EFC09B1C311CB4FBF42F8D240610B38F56E08\",\n    \"work\": \"70FEF01F7EC45DEC\"\n    }" NANO_TEST_GENESIS_PRV ="49643F9B10CA1AA34F9AF8ED4AABD29F436104CCC375974B108534A48EAE3FE1" "rsnano" "--network" "test" "--data-path" "/Users/ruimorais/NanoSpam/pr3" "node" "run"
[2m2026-09-22T23:17:22.826756Z[0m [32m INFO[0m [2mnanospam::setup::node_launcher[0m[2m:[0m Waiting for RPC...
[2m2026-09-22T23:17:22.929579Z[0m [32m INFO[0m [2mnanospam::setup::node_launcher[0m[2m:[0m Starting node: NANO_TEST_GENESIS_BLOCK="{\n    \"type\": \"open\",\n    \"account\": \"nano_3nroioygg54nusrmyun4woimqex36sp3drnctdt5955uqu47fxbkrxk7n7ne\",\n    \"source\": \"D315857CE70C54DE713F6E82E5613BB3A1266C15E28AD2F4338C7BBEC456F532\",\n    \"representative\": \"nano_3nroioygg54nusrmyun4woimqex36sp3drnctdt5955uqu47fxbkrxk7n7ne\",\n    \"signature\": \"3F6792C2DC623DF2E8643777160AB983B66B337E2478E13D2C3448126A8F4CD8DCCD19803C158A057FA44060AE0EFC09B1C311CB4FBF42F8D240610B38F56E08\",\n    \"work\": \"70FEF01F7EC45DEC\"\n    }" NANO_TEST_GENESIS_PRV ="49643F9B10CA1AA34F9AF8ED4AABD29F436104CCC375974B108534A48EAE3FE1" "rsnano" "--network" "test" "--data-path" "/Users/ruimorais/NanoSpam/pr4" "node" "run"
[2m2026-09-22T23:17:22.930002Z[0m [32m INFO[0m [2mnanospam::setup::node_launcher[0m[2m:[0m Waiting for RPC...
[2m2026-09-22T23:17:23.032740Z[0m [32m INFO[0m [2mnanospam::setup::node_launcher[0m[2m:[0m Starting node: NANO_TEST_GENESIS_BLOCK="{\n    \"type\": \"open\",\n    \"account\": \"nano_3nroioygg54nusrmyun4woimqex36sp3drnctdt5955uqu47fxbkrxk7n7ne\",\n    \"source\": \"D315857CE70C54DE713F6E82E5613BB3A1266C15E28AD2F4338C7BBEC456F532\",\n    \"representative\": \"nano_3nroioygg54nusrmyun4woimqex36sp3drnctdt5955uqu47fxbkrxk7n7ne\",\n    \"signature\": \"3F6792C2DC623DF2E8643777160AB983B66B337E2478E13D2C3448126A8F4CD8DCCD19803C158A057FA44060AE0EFC09B1C311CB4FBF42F8D240610B38F56E08\",\n    \"work\": \"70FEF01F7EC45DEC\"\n    }" NANO_TEST_GENESIS_PRV ="49643F9B10CA1AA34F9AF8ED4AABD29F436104CCC375974B108534A48EAE3FE1" "rsnano" "--network" "test" "--data-path" "/Users/ruimorais/NanoSpam/pr5" "node" "run"
[2m2026-09-22T23:17:23.033043Z[0m [32m INFO[0m [2mnanospam::setup::node_launcher[0m[2m:[0m Waiting for RPC...
[2m2026-09-22T23:17:23.136263Z[0m [32m INFO[0m [2mnanospam::wallets_factory[0m[2m:[0m Creating wallet...
[2m2026-09-22T23:17:23.181823Z[0m [32m INFO[0m [2mnanospam::wallets_factory[0m[2m:[0m Setting default representative...
[2m2026-09-22T23:17:23.182178Z[0m [32m INFO[0m [2mnanospam::wallets_factory[0m[2m:[0m Creating wallet...
[2m2026-09-22T23:17:23.225825Z[0m [32m INFO[0m [2mnanospam::wallets_factory[0m[2m:[0m Setting default representative...
[2m2026-09-22T23:17:23.226089Z[0m [32m INFO[0m [2mnanospam::wallets_factory[0m[2m:[0m Sending Ӿ40,047,061 to PR1 wallet nano_3atmwjh8t11psdqf3qx6xjfiei94oajch6zsyauowxzjogbbgz168g5mp8f1 ...
[2m2026-09-22T23:17:23.226540Z[0m [32m INFO[0m [2mnanospam::wallets_factory[0m[2m:[0m Waiting for confirmation for B19EAD8221E07E52EEB7CA7EE50577B662C489ADBA15C0727DB6F8AEDAD50081
[2m2026-09-22T23:17:38.299874Z[0m [32m INFO[0m [2mnanospam::wallets_factory[0m[2m:[0m Receiving...
[2m2026-09-22T23:17:38.301201Z[0m [32m INFO[0m [2mnanospam::wallets_factory[0m[2m:[0m Waiting for confirmation for CBAA8D9FE2AA2CFEB77B87886D76922E22E4C51C0C091A54179A7E5CF79FC967
[2m2026-09-22T23:17:38.403302Z[0m [32m INFO[0m [2mnanospam::wallets_factory[0m[2m:[0m DONE
[2m2026-09-22T23:17:38.403334Z[0m [32m INFO[0m [2mnanospam::wallets_factory[0m[2m:[0m ********************************************************************************
[2m2026-09-22T23:17:38.403342Z[0m [32m INFO[0m [2mnanospam::wallets_factory[0m[2m:[0m Creating wallet...
[2m2026-09-22T23:17:38.479238Z[0m [32m INFO[0m [2mnanospam::wallets_factory[0m[2m:[0m Setting default representative...
[2m2026-09-22T23:17:38.479554Z[0m [32m INFO[0m [2mnanospam::wallets_factory[0m[2m:[0m Sending Ӿ40,047,061 to PR2 wallet nano_36asm8scxymtsjmgqp14per3zxpgaec1c65qb9en1buscq7qzqa93tfyyzs3 ...
[2m2026-09-22T23:17:38.480016Z[0m [32m INFO[0m [2mnanospam::wallets_factory[0m[2m:[0m Waiting for confirmation for CAFB013DCCB20BBF4CC103A0FDD2BF25C8F109B9E984B96D0666840E4B0F89BA
[2m2026-09-22T23:17:42.166141Z[0m [32m INFO[0m [2mnanospam::wallets_factory[0m[2m:[0m Receiving...
[2m2026-09-22T23:17:42.166940Z[0m [32m INFO[0m [2mnanospam::wallets_factory[0m[2m:[0m Waiting for confirmation for 7189E44F408196E8FD1F393F06CDAD4F7C5A415B2A2DDFA8ABEABEE83DA60182
[2m2026-09-22T23:17:42.269782Z[0m [32m INFO[0m [2mnanospam::wallets_factory[0m[2m:[0m DONE
[2m2026-09-22T23:17:42.269851Z[0m [32m INFO[0m [2mnanospam::wallets_factory[0m[2m:[0m ********************************************************************************
[2m2026-09-22T23:17:42.269866Z[0m [32m INFO[0m [2mnanospam::wallets_factory[0m[2m:[0m Creating wallet...
[2m2026-09-22T23:17:42.334844Z[0m [32m INFO[0m [2mnanospam::wallets_factory[0m[2m:[0m Setting default representative...
[2m2026-09-22T23:17:42.335217Z[0m [32m INFO[0m [2mnanospam::wallets_factory[0m[2m:[0m Sending Ӿ40,047,061 to PR3 wallet nano_1sfb11jzfi8k51fcnrzi1qe3qh1e1jkic3h45oak9yfg5yhbkczzxfwtat7m ...
[2m2026-09-22T23:17:42.335651Z[0m [32m INFO[0m [2mnanospam::wallets_factory[0m[2m:[0m Waiting for confirmation for E2CEA882BAF6FE5BE932C387FEB7740D791CAF9E5BECC7CEE8176C7DDEE6378A
[2m2026-09-22T23:17:42.438222Z[0m [32m INFO[0m [2mnanospam::wallets_factory[0m[2m:[0m Receiving...
[2m2026-09-22T23:17:42.438897Z[0m [32m INFO[0m [2mnanospam::wallets_factory[0m[2m:[0m Waiting for confirmation for EA5EC3EAA2535557DB68742DBFA22A64B7B314876EE136F919471550E89D65D4
[2m2026-09-22T23:17:42.541426Z[0m [32m INFO[0m [2mnanospam::wallets_factory[0m[2m:[0m DONE
[2m2026-09-22T23:17:42.541470Z[0m [32m INFO[0m [2mnanospam::wallets_factory[0m[2m:[0m ********************************************************************************
[2m2026-09-22T23:17:42.541479Z[0m [32m INFO[0m [2mnanospam::wallets_factory[0m[2m:[0m Creating wallet...
[2m2026-09-22T23:17:42.604698Z[0m [32m INFO[0m [2mnanospam::wallets_factory[0m[2m:[0m Setting default representative...
[2m2026-09-22T23:17:42.605048Z[0m [32m INFO[0m [2mnanospam::wallets_factory[0m[2m:[0m Sending Ӿ40,047,061 to PR4 wallet nano_1rsxmoinip7d4wafdp855194n43fs7s1jgne6tx8ruatiu6g89815pddzijp ...
[2m2026-09-22T23:17:42.605414Z[0m [32m INFO[0m [2mnanospam::wallets_factory[0m[2m:[0m Waiting for confirmation for 22677C7E74B964C1E24887306A66EAC48330280DFA5744E0E21166EC47B5438A
[2m2026-09-22T23:17:42.708528Z[0m [32m INFO[0m [2mnanospam::wallets_factory[0m[2m:[0m Receiving...
[2m2026-09-22T23:17:42.709310Z[0m [32m INFO[0m [2mnanospam::wallets_factory[0m[2m:[0m Waiting for confirmation for 686B8354F9897585048EDBC473B612A3E2823DE919A66201E69841219A6B5651
[2m2026-09-22T23:17:42.813030Z[0m [32m INFO[0m [2mnanospam::wallets_factory[0m[2m:[0m DONE
[2m2026-09-22T23:17:42.813093Z[0m [32m INFO[0m [2mnanospam::wallets_factory[0m[2m:[0m ********************************************************************************
[2m2026-09-22T23:17:42.813107Z[0m [32m INFO[0m [2mnanospam::wallets_factory[0m[2m:[0m Creating wallet...
[2m2026-09-22T23:17:42.889475Z[0m [32m INFO[0m [2mnanospam::wallets_factory[0m[2m:[0m Setting default representative...
[2m2026-09-22T23:17:42.889821Z[0m [32m INFO[0m [2mnanospam::wallets_factory[0m[2m:[0m Sending Ӿ40,047,061 to PR5 wallet nano_1wtzwadxk9naxc356m4rienp93ht131w7ypadk39qck8uah3bg3zohsmj9th ...
[2m2026-09-22T23:17:42.890246Z[0m [32m INFO[0m [2mnanospam::wallets_factory[0m[2m:[0m Waiting for confirmation for 86B6E149E407121861E950D6B66B56BA39E500C199E580ED6065515C3C25094F
[2m2026-09-22T23:17:42.992931Z[0m [32m INFO[0m [2mnanospam::wallets_factory[0m[2m:[0m Receiving...
[2m2026-09-22T23:17:42.993829Z[0m [32m INFO[0m [2mnanospam::wallets_factory[0m[2m:[0m Waiting for confirmation for 417F8AEA0F6FDD9A5EE6F5896819E98A81FC15AA2CF56207A5BCFB27193E37A9
[2m2026-09-22T23:17:43.198394Z[0m [32m INFO[0m [2mnanospam::wallets_factory[0m[2m:[0m DONE
[2m2026-09-22T23:17:43.198432Z[0m [32m INFO[0m [2mnanospam::wallets_factory[0m[2m:[0m ********************************************************************************
[2m2026-09-22T23:17:43.198437Z[0m [32m INFO[0m [2mnanospam::wallets_factory[0m[2m:[0m Sending initial spam amount...
[2m2026-09-22T23:17:43.198893Z[0m [32m INFO[0m [2mnanospam::wallets_factory[0m[2m:[0m Waiting for confirmation for 0B10E7B278743929697ECC06973E83AE60DE3B5BEEB95DF3E7E2E126AE4DE438
[2m2026-09-22T23:17:43.404115Z[0m [32m INFO[0m [2mnanospam::wallets_factory[0m[2m:[0m Receiving initial spam amount...
[2m2026-09-22T23:17:43.404793Z[0m [32m INFO[0m [2mnanospam::wallets_factory[0m[2m:[0m Waiting for confirmation for 740F775C314F6F482727ECCF1DE05AEC9B5AFB771E8D4B68253CACDCB8A222CB
[2m2026-09-22T23:17:43.610268Z[0m [32m INFO[0m [2mnanospam::wallets_factory[0m[2m:[0m Seeding Ӿ14,285,714 to nano_1357pdtw43chff8rem14x1n6qgbuy3nh6wswd1tfos4sqor6jdfq3ieibtjq for representative D315857CE70C54DE713F6E82E5613BB3A1266C15E28AD2F4338C7BBEC456F532
[2m2026-09-22T23:17:43.611016Z[0m [32m INFO[0m [2mnanospam::wallets_factory[0m[2m:[0m Waiting for confirmation for 74CE6C0EDBBA3D39E597510E8D55E99EFD5BF401D801D9A1DD8EF05178B08459
[2m2026-09-22T23:17:43.817745Z[0m [32m INFO[0m [2mnanospam::wallets_factory[0m[2m:[0m Waiting for confirmation for BC850AF49B35C6DE5AE7E4A60C4281AF4071E2A2D219B640B63801000E6BE621
[2m2026-09-22T23:17:44.124833Z[0m [32m INFO[0m [2mnanospam::wallets_factory[0m[2m:[0m Seeding Ӿ14,285,714 to nano_3gatt47az3bnxza3s4angbucc4a7uwmnqw5anwhdo96okx4o4osspimhknpy for representative A353E45E6D0016CAEED0DFA4EC5B0640E2AA22A793F9F2375E77F1AB92977C04
[2m2026-09-22T23:17:44.125670Z[0m [32m INFO[0m [2mnanospam::wallets_factory[0m[2m:[0m Waiting for confirmation for 09E50F1A7C83F64F195482104D373BD527CCFF9A79A88E1D289F72B5A9190344
[2m2026-09-22T23:17:44.330078Z[0m [32m INFO[0m [2mnanospam::wallets_factory[0m[2m:[0m Waiting for confirmation for 745C8817AF67B10E2D3C882CDA57472F59E78D3E9C13702E2517B9CE689A3FF7
[2m2026-09-22T23:17:44.638353Z[0m [32m INFO[0m [2mnanospam::wallets_factory[0m[2m:[0m Seeding Ӿ14,285,714 to nano_1xkyy11zho9obphin8h77kk68e4wixsis1g751bga9b35dszu3ic5hhkfgse for representative 911999B2AEFA7ACC66EBD802B3301FF6CE431405107749D940277955CB7FDD07
[2m2026-09-22T23:17:44.639451Z[0m [32m INFO[0m [2mnanospam::wallets_factory[0m[2m:[0m Waiting for confirmation for C836F48A91F112E31ACCA2762C9BA619B6C416BDF19680B6D7246E0D124ABC59
[2m2026-09-22T23:17:44.948948Z[0m [32m INFO[0m [2mnanospam::wallets_factory[0m[2m:[0m Waiting for confirmation for BFE0EDA005089B792BD665D7ED0F87B2A001F5E83D0DD45F8F55A780845A5B84
[2m2026-09-22T23:17:45.257932Z[0m [32m INFO[0m [2mnanospam::wallets_factory[0m[2m:[0m Seeding Ӿ14,285,714 to nano_1gzjgmtbensyaoaoy8azeywkje19jy1cmb8jfo7spp53dts8h8pb69nc1mwq for representative 65A90023F6C0D2181AAA63F005D81BBC0C04650505E21D5123F9AE1F9E992BFF
[2m2026-09-22T23:17:45.258768Z[0m [32m INFO[0m [2mnanospam::wallets_factory[0m[2m:[0m Waiting for confirmation for AF49A5E842022FE480EC20192755481CEF51723C27BDC76BAFA3E2E1E4F681DD
[2m2026-09-22T23:17:45.566950Z[0m [32m INFO[0m [2mnanospam::wallets_factory[0m[2m:[0m Waiting for confirmation for 7479E318B1773CE60143FFEBBA32747E9F46326127F3CEFD4F3F704290B85D24
[2m2026-09-22T23:17:45.874238Z[0m [32m INFO[0m [2mnanospam::wallets_factory[0m[2m:[0m Seeding Ӿ14,285,714 to nano_3p6arioy1qon6ncom9iief1x4964k76dx4bqtdn7qxdx3afjuwwia67gzdus for representative 633D9D614858AB1710D5D8C3180E2A082DC97208BA8C26BA6C6D1A86C8E31CC0
[2m2026-09-22T23:17:45.875158Z[0m [32m INFO[0m [2mnanospam::wallets_factory[0m[2m:[0m Waiting for confirmation for 04CE3A52479EBD0834509C292663B006813F61C48C703DF1648CCACA7BD22893
[2m2026-09-22T23:17:46.082388Z[0m [32m INFO[0m [2mnanospam::wallets_factory[0m[2m:[0m Waiting for confirmation for 1F35CB155E1CAA92646CAECE5E016C22E6CDDCC9822A52D712E6CD9E9B708EAB
[2m2026-09-22T23:17:46.390935Z[0m [32m INFO[0m [2mnanospam::wallets_factory[0m[2m:[0m Seeding Ӿ14,285,714 to nano_3hxtmriez7fu8r8qkzmcio17xaymwcxstpqhamaft9x3qcrrkqx5gocz611m for representative 735FE217D91E88EA82324C5883296385FA0041C2FAC85C827BAA46DA1E14B83F
[2m2026-09-22T23:17:46.391547Z[0m [32m INFO[0m [2mnanospam::wallets_factory[0m[2m:[0m Waiting for confirmation for 4F44B2FDD824DDD4C640089746DC8DF70585A149D5634BDE910FA48099BF2498
[2m2026-09-22T23:17:46.699661Z[0m [32m INFO[0m [2mnanospam::wallets_factory[0m[2m:[0m Waiting for confirmation for FE69A44A596049133CBA6D5C94897292828D871A29C35F8808DD659A71D382BE
[2m2026-09-22T23:17:47.009377Z[0m [32m INFO[0m [2mnanospam::high_prio_check[0m[2m:[0m Creating high priority accounts...
[2m2026-09-22T23:17:47.034243Z[0m [32m INFO[0m [2mnanospam::high_prio_check[0m[2m:[0m Waiting for confirmations...
[2m2026-09-22T23:17:49.381640Z[0m [32m INFO[0m [2mnanospam::app[0m[2m:[0m Waiting for all PRs to see the full quorum...
[2m2026-09-22T23:17:52.420266Z[0m [32m INFO[0m [2mnanospam::app[0m[2m:[0m All PRs see the full quorum after 3.038589916s
[2m2026-09-22T23:17:52.420324Z[0m [32m INFO[0m [2mnanospam::app[0m[2m:[0m Waiting for all PRs to hold the same cemented ledger...
[2m2026-09-22T23:17:52.421663Z[0m [32m INFO[0m [2mnanospam::app[0m[2m:[0m All PRs hold the same ledger of 65 blocks after 1.327708ms
EPOCH_COMMITTEE derived_by=genesis members=6 accounts=33 n=340282366920938463463374607431768211455 digest=8D786F577D9D20F76EB1791682057FC0127637AA227D27EA9C8F240CDFAB006D shares=["D315857C:20.2%", "A353E45E:16.0%", "735FE217:16.0%", "633D9D61:16.0%", "65A90023:16.0%", "911999B2:16.0%"] t=1790119072421
EPOCH_START epoch=0 elections=0 t=1790119072421
EPOCH_COMMITTEE derived_by=genesis members=6 accounts=33 n=340282366920938463463374607431768211455 digest=8D786F577D9D20F76EB1791682057FC0127637AA227D27EA9C8F240CDFAB006D shares=["D315857C:20.2%", "A353E45E:16.0%", "735FE217:16.0%", "633D9D61:16.0%", "65A90023:16.0%", "911999B2:16.0%"] t=1790119072422
EPOCH_START epoch=0 elections=0 t=1790119072422
EPOCH_COMMITTEE derived_by=genesis members=6 accounts=33 n=340282366920938463463374607431768211455 digest=8D786F577D9D20F76EB1791682057FC0127637AA227D27EA9C8F240CDFAB006D shares=["D315857C:20.2%", "A353E45E:16.0%", "735FE217:16.0%", "633D9D61:16.0%", "65A90023:16.0%", "911999B2:16.0%"] t=1790119072422
EPOCH_START epoch=0 elections=0 t=1790119072422
EPOCH_COMMITTEE derived_by=genesis members=6 accounts=33 n=340282366920938463463374607431768211455 digest=8D786F577D9D20F76EB1791682057FC0127637AA227D27EA9C8F240CDFAB006D shares=["D315857C:20.2%", "A353E45E:16.0%", "735FE217:16.0%", "633D9D61:16.0%", "65A90023:16.0%", "911999B2:16.0%"] t=1790119072422
EPOCH_START epoch=0 elections=0 t=1790119072422
EPOCH_COMMITTEE derived_by=genesis members=6 accounts=33 n=340282366920938463463374607431768211455 digest=8D786F577D9D20F76EB1791682057FC0127637AA227D27EA9C8F240CDFAB006D shares=["D315857C:20.2%", "A353E45E:16.0%", "735FE217:16.0%", "633D9D61:16.0%", "65A90023:16.0%", "911999B2:16.0%"] t=1790119072423
EPOCH_START epoch=0 elections=0 t=1790119072423
EPOCH_COMMITTEE derived_by=genesis members=6 accounts=33 n=340282366920938463463374607431768211455 digest=8D786F577D9D20F76EB1791682057FC0127637AA227D27EA9C8F240CDFAB006D shares=["D315857C:20.2%", "A353E45E:16.0%", "735FE217:16.0%", "633D9D61:16.0%", "65A90023:16.0%", "911999B2:16.0%"] t=1790119072423
EPOCH_START epoch=0 elections=0 t=1790119072423
[2m2026-09-22T23:17:52.423422Z[0m [32m INFO[0m [2mnanospam::app[0m[2m:[0m Started the epochs on every PR
[2m2026-09-22T23:17:52.423434Z[0m [32m INFO[0m [2mnanospam::app[0m[2m:[0m Connecting to node PR0... [3mpeer_addr[0m[2m=[0m[::1]:17075
[2m2026-09-22T23:17:52.423763Z[0m [32m INFO[0m [2mnanospam::app[0m[2m:[0m Performing handshake...
[2m2026-09-22T23:17:52.424319Z[0m [32m INFO[0m [2mnanospam::app[0m[2m:[0m Performing handshake...
[2m2026-09-22T23:17:52.435328Z[0m [32m INFO[0m [2mnanospam::app[0m[2m:[0m Performing handshake...
[2m2026-09-22T23:17:52.446318Z[0m [32m INFO[0m [2mnanospam::app[0m[2m:[0m Performing handshake...
[2m2026-09-22T23:17:52.457029Z[0m [32m INFO[0m [2mnanospam::app[0m[2m:[0m Connecting to node PR1... [3mpeer_addr[0m[2m=[0m[::1]:17085
[2m2026-09-22T23:17:52.457409Z[0m [32m INFO[0m [2mnanospam::app[0m[2m:[0m Performing handshake...
[2m2026-09-22T23:17:52.457844Z[0m [32m INFO[0m [2mnanospam::app[0m[2m:[0m Performing handshake...
[2m2026-09-22T23:17:52.469963Z[0m [32m INFO[0m [2mnanospam::app[0m[2m:[0m Performing handshake...
[2m2026-09-22T23:17:52.481819Z[0m [32m INFO[0m [2mnanospam::app[0m[2m:[0m Performing handshake...
[2m2026-09-22T23:17:52.493617Z[0m [32m INFO[0m [2mnanospam::app[0m[2m:[0m Connecting to node PR2... [3mpeer_addr[0m[2m=[0m[::1]:17095
[2m2026-09-22T23:17:52.493837Z[0m [32m INFO[0m [2mnanospam::app[0m[2m:[0m Performing handshake...
[2m2026-09-22T23:17:52.494380Z[0m [32m INFO[0m [2mnanospam::app[0m[2m:[0m Performing handshake...
[2m2026-09-22T23:17:52.505890Z[0m [32m INFO[0m [2mnanospam::app[0m[2m:[0m Performing handshake...
[2m2026-09-22T23:17:52.517719Z[0m [32m INFO[0m [2mnanospam::app[0m[2m:[0m Performing handshake...
[2m2026-09-22T23:17:52.529433Z[0m [32m INFO[0m [2mnanospam::app[0m[2m:[0m Connecting to node PR3... [3mpeer_addr[0m[2m=[0m[::1]:17105
[2m2026-09-22T23:17:52.529794Z[0m [32m INFO[0m [2mnanospam::app[0m[2m:[0m Performing handshake...
[2m2026-09-22T23:17:52.530388Z[0m [32m INFO[0m [2mnanospam::app[0m[2m:[0m Performing handshake...
[2m2026-09-22T23:17:52.541383Z[0m [32m INFO[0m [2mnanospam::app[0m[2m:[0m Performing handshake...
[2m2026-09-22T23:17:52.552885Z[0m [32m INFO[0m [2mnanospam::app[0m[2m:[0m Performing handshake...
[2m2026-09-22T23:17:52.563661Z[0m [32m INFO[0m [2mnanospam::app[0m[2m:[0m Connecting to node PR4... [3mpeer_addr[0m[2m=[0m[::1]:17115
[2m2026-09-22T23:17:52.563912Z[0m [32m INFO[0m [2mnanospam::app[0m[2m:[0m Performing handshake...
[2m2026-09-22T23:17:52.564619Z[0m [32m INFO[0m [2mnanospam::app[0m[2m:[0m Performing handshake...
[2m2026-09-22T23:17:52.575477Z[0m [32m INFO[0m [2mnanospam::app[0m[2m:[0m Performing handshake...
[2m2026-09-22T23:17:52.586460Z[0m [32m INFO[0m [2mnanospam::app[0m[2m:[0m Performing handshake...
[2m2026-09-22T23:17:52.597291Z[0m [32m INFO[0m [2mnanospam::app[0m[2m:[0m Connecting to node PR5... [3mpeer_addr[0m[2m=[0m[::1]:17125
[2m2026-09-22T23:17:52.597589Z[0m [32m INFO[0m [2mnanospam::app[0m[2m:[0m Performing handshake...
[2m2026-09-22T23:17:52.598297Z[0m [32m INFO[0m [2mnanospam::app[0m[2m:[0m Performing handshake...
[2m2026-09-22T23:17:52.610356Z[0m [32m INFO[0m [2mnanospam::app[0m[2m:[0m Performing handshake...
[2m2026-09-22T23:17:52.622633Z[0m [32m INFO[0m [2mnanospam::app[0m[2m:[0m Performing handshake...
[2m2026-09-22T23:17:52.634177Z[0m [32m INFO[0m [2mnanospam::app[0m[2m:[0m Connecting to websocket...
[2m2026-09-22T23:17:52.635132Z[0m [32m INFO[0m [2mnanospam::app[0m[2m:[0m Starting with 2000 BPS
[2m2026-09-22T23:17:53.636239Z[0m [32m INFO[0m [2mnanospam::app[0m[2m:[0m Confirmed 1,081 blocks | 2,000 bps | 1,140 cps | avg conf time: 93 ms
[2m2026-09-22T23:17:54.637522Z[0m [32m INFO[0m [2mnanospam::app[0m[2m:[0m Confirmed 3,782 blocks | 2,000 bps | 2,697 cps | avg conf time: 171 ms
[2m2026-09-22T23:17:55.640198Z[0m [32m INFO[0m [2mnanospam::app[0m[2m:[0m Confirmed 6,650 blocks | 2,000 bps | 2,864 cps | avg conf time: 185 ms
[2m2026-09-22T23:17:56.641426Z[0m [32m INFO[0m [2mnanospam::app[0m[2m:[0m Confirmed 8,642 blocks | 2,000 bps | 1,986 cps | avg conf time: 87 ms
[2m2026-09-22T23:17:57.642510Z[0m [32m INFO[0m [2mnanospam::app[0m[2m:[0m Confirmed 10,661 blocks | 2,000 bps | 2,016 cps | avg conf time: 89 ms
[2m2026-09-22T23:17:58.643404Z[0m [32m INFO[0m [2mnanospam::app[0m[2m:[0m Confirmed 12,654 blocks | 2,000 bps | 1,991 cps | avg conf time: 91 ms
[2m2026-09-22T23:17:59.644048Z[0m [32m INFO[0m [2mnanospam::app[0m[2m:[0m Confirmed 14,528 blocks | 2,000 bps | 1,872 cps | avg conf time: 92 ms
EPOCH_ENDED epoch=0 elections=166 active=150 t=1790119080445
EPOCH_DRAIN_WAIT epoch=0 unterminated=150 previous_closed=true first=["929EADA3955FBC7CCC9B1D9AF43FB316B8AA436450B64BAEB6AD97B9B6341909:active:1:1", "F021442EBA9F050FA04ACA8FF7F1FF0968C79FCE6479DB5E5EFE9C2CB122757B:active:1:0", "62135B240D1F5A64683A4BB0587503B0D9D6F7E2732CE13852FB282007120F78:active:1:0"] t=1790119080445
EPOCH_ENDED epoch=0 elections=207 active=191 t=1790119080465
EPOCH_ENDED epoch=0 elections=206 active=190 t=1790119080466
EPOCH_ENDED epoch=0 elections=207 active=191 t=1790119080466
EPOCH_ENDED epoch=0 elections=206 active=190 t=1790119080466
EPOCH_ENDED epoch=0 elections=206 active=190 t=1790119080466
EPOCH_DRAIN_WAIT epoch=0 unterminated=1 previous_closed=true first=["A03D1FFAC7E38E7F2D5106A06572F0E96ABDEC4EEDC4B79C958FAC9B3DDE85F8:active:1:2"] t=1790119080512
EPOCH_DRAIN_WAIT epoch=0 unterminated=1 previous_closed=true first=["A03D1FFAC7E38E7F2D5106A06572F0E96ABDEC4EEDC4B79C958FAC9B3DDE85F8:active:1:4"] t=1790119080534
EPOCH_ADVANCED epoch=1 elections=34 active=0 t=1790119080553
EPOCH_REPORT epoch=0 certified=16379 residual=33 root=435DC080DCCDF92BE986D5E6C29290084B683B94A4914192EAE0D08C57E808AB reports=1 t=1790119080572
EPOCH_CLOSE_UNREADY epoch=0 short_of=reports usable=1 weight=54332782939204029624848148857675654289 required=275628717205960155405333432019732251279 held=1 theirs=["A353E45E:435DC080:32EE974E"] t=1790119080574
[2m2026-09-22T23:18:00.649208Z[0m [32m INFO[0m [2mnanospam::app[0m[2m:[0m Confirmed 16,315 blocks | 2,000 bps | 1,777 cps | avg conf time: 91 ms
EPOCH_ADVANCED epoch=1 elections=1 active=0 t=1790119080664
EPOCH_ADVANCED epoch=1 elections=1 active=0 t=1790119080684
EPOCH_RECON_REQUEST epoch=0 reporter=A353E45E6D0016CAEED0DFA4EC5B0640E2AA22A793F9F2375E77F1AB92977C04 target=435DC080DCCDF92BE986D5E6C29290084B683B94A4914192EAE0D08C57E808AB sources=["2A8118B4"] t=1790119080702
EPOCH_RECON_REQUEST epoch=0 reporter=A353E45E6D0016CAEED0DFA4EC5B0640E2AA22A793F9F2375E77F1AB92977C04 target=435DC080DCCDF92BE986D5E6C29290084B683B94A4914192EAE0D08C57E808AB sources=["2A8118B4"] t=1790119080716
EPOCH_RECON_REFUSED epoch=0 target=435DC080DCCDF92BE986D5E6C29290084B683B94A4914192EAE0D08C57E808AB reason=UnknownTarget sources=["2A8118B4"] t=1790119080716
EPOCH_RECON_REFUSED epoch=0 target=435DC080DCCDF92BE986D5E6C29290084B683B94A4914192EAE0D08C57E808AB reason=UnknownTarget sources=["2A8118B4"] t=1790119080716
EPOCH_RECON_REFUSED epoch=0 target=435DC080DCCDF92BE986D5E6C29290084B683B94A4914192EAE0D08C57E808AB reason=UnknownTarget sources=["2A8118B4"] t=1790119080716
EPOCH_RECON_REFUSED epoch=0 target=435DC080DCCDF92BE986D5E6C29290084B683B94A4914192EAE0D08C57E808AB reason=UnknownSource sources=["2A8118B4"] t=1790119080716
EPOCH_RECONCILED epoch=0 reporter=A353E45E6D0016CAEED0DFA4EC5B0640E2AA22A793F9F2375E77F1AB92977C04 complete=false entries=33 total=33 t=1790119080716
EPOCH_RECON_REFUSED epoch=0 target=435DC080DCCDF92BE986D5E6C29290084B683B94A4914192EAE0D08C57E808AB reason=UnknownTarget sources=["2A8118B4"] t=1790119080716
EPOCH_RECON_REFUSED epoch=0 target=435DC080DCCDF92BE986D5E6C29290084B683B94A4914192EAE0D08C57E808AB reason=UnknownTarget sources=["2A8118B4"] t=1790119080716
EPOCH_REPORT epoch=0 certified=16379 residual=1 root=2A8118B4DB3BE09FF169CD529274CC07CE14C68F1EBA5B5B723DE0F4D06B06BC reports=1 t=1790119080731
EPOCH_CLOSE_UNREADY epoch=0 short_of=reports usable=1 weight=54332776939204029624848148857675654289 required=275628717205960155405333432019732251279 held=2 theirs=["A353E45E:435DC080:32EE974E", "911999B2:2A8118B4:FB09E5E5"] t=1790119080733
EPOCH_REPORT epoch=0 certified=16379 residual=0 root=2A8118B4DB3BE09FF169CD529274CC07CE14C68F1EBA5B5B723DE0F4D06B06BC reports=1 t=1790119080745
EPOCH_ADVANCED epoch=1 elections=1 active=0 t=1790119080745
EPOCH_RECONCILED epoch=0 reporter=A353E45E6D0016CAEED0DFA4EC5B0640E2AA22A793F9F2375E77F1AB92977C04 complete=false entries=33 total=33 t=1790119080745
EPOCH_CLOSE_UNREADY epoch=0 short_of=reports usable=1 weight=54332782939204029624848148857675654289 required=275628717205960155405333432019732251279 held=2 theirs=["911999B2:2A8118B4:FB09E5E5", "A353E45E:435DC080:32EE974E"] t=1790119080745
EPOCH_REPORT epoch=0 certified=16379 residual=0 root=2A8118B4DB3BE09FF169CD529274CC07CE14C68F1EBA5B5B723DE0F4D06B06BC reports=1 t=1790119080783
EPOCH_RECONCILED epoch=0 reporter=735FE217D91E88EA82324C5883296385FA0041C2FAC85C827BAA46DA1E14B83F complete=true entries=0 total=16379 t=1790119080795
EPOCH_RECON_REQUEST epoch=0 reporter=A353E45E6D0016CAEED0DFA4EC5B0640E2AA22A793F9F2375E77F1AB92977C04 target=435DC080DCCDF92BE986D5E6C29290084B683B94A4914192EAE0D08C57E808AB sources=["2A8118B4", "2A8118B4"] t=1790119080795
EPOCH_RECONCILED epoch=0 reporter=911999B2AEFA7ACC66EBD802B3301FF6CE431405107749D940277955CB7FDD07 complete=false entries=0 total=16379 t=1790119080796
EPOCH_RECONCILED epoch=0 reporter=A353E45E6D0016CAEED0DFA4EC5B0640E2AA22A793F9F2375E77F1AB92977C04 complete=false entries=33 total=33 t=1790119080797
EPOCH_CLOSE_UNREADY epoch=0 short_of=reports usable=2 weight=108665561378408059249696297715351308578 required=275628717205960155405333432019732251279 held=4 theirs=["911999B2:2A8118B4:FB09E5E5", "65A90023:2A8118B4:D7A011D4", "735FE217:2A8118B4:D7A011D4", "A353E45E:435DC080:32EE974E"] t=1790119080797
EPOCH_RECONCILED epoch=0 reporter=911999B2AEFA7ACC66EBD802B3301FF6CE431405107749D940277955CB7FDD07 complete=true entries=1 total=1 t=1790119080798
EPOCH_ADVANCED epoch=1 elections=1 active=0 t=1790119080798
EPOCH_ADVANCED epoch=1 elections=1 active=0 t=1790119080798
EPOCH_REPORT epoch=0 certified=16379 residual=0 root=2A8118B4DB3BE09FF169CD529274CC07CE14C68F1EBA5B5B723DE0F4D06B06BC reports=1 t=1790119080821
EPOCH_REPORT epoch=0 certified=16379 residual=1 root=2A8118B4DB3BE09FF169CD529274CC07CE14C68F1EBA5B5B723DE0F4D06B06BC reports=1 t=1790119080822
EPOCH_RECONCILED epoch=0 reporter=911999B2AEFA7ACC66EBD802B3301FF6CE431405107749D940277955CB7FDD07 complete=false entries=0 total=16379 t=1790119080837
EPOCH_RECONCILED epoch=0 reporter=65A90023F6C0D2181AAA63F005D81BBC0C04650505E21D5123F9AE1F9E992BFF complete=true entries=0 total=16379 t=1790119080837
EPOCH_RECON_REQUEST epoch=0 reporter=A353E45E6D0016CAEED0DFA4EC5B0640E2AA22A793F9F2375E77F1AB92977C04 target=435DC080DCCDF92BE986D5E6C29290084B683B94A4914192EAE0D08C57E808AB sources=["2A8118B4", "2A8118B4"] t=1790119080837
EPOCH_RECONCILED epoch=0 reporter=735FE217D91E88EA82324C5883296385FA0041C2FAC85C827BAA46DA1E14B83F complete=true entries=0 total=16379 t=1790119080838
EPOCH_RECONCILED epoch=0 reporter=633D9D614858AB1710D5D8C3180E2A082DC97208BA8C26BA6C6D1A86C8E31CC0 complete=false entries=0 total=16379 t=1790119080838
EPOCH_CLOSE_UNREADY epoch=0 short_of=reports usable=3 weight=177284027103326374588830160858741248588 required=275628717205960155405333432019732251279 held=6 theirs=["911999B2:2A8118B4:FB09E5E5", "65A90023:2A8118B4:D7A011D4", "A353E45E:435DC080:32EE974E", "D315857C:2A8118B4:D7A011D4", "735FE217:2A8118B4:D7A011D4", "633D9D61:2A8118B4:FB09E5E5"] t=1790119080838
EPOCH_RECONCILED epoch=0 reporter=911999B2AEFA7ACC66EBD802B3301FF6CE431405107749D940277955CB7FDD07 complete=true entries=1 total=1 t=1790119080839
EPOCH_RECONCILED epoch=0 reporter=633D9D614858AB1710D5D8C3180E2A082DC97208BA8C26BA6C6D1A86C8E31CC0 complete=true entries=1 total=1 t=1790119080839
EPOCH_RECONCILED epoch=0 reporter=A353E45E6D0016CAEED0DFA4EC5B0640E2AA22A793F9F2375E77F1AB92977C04 complete=false entries=33 total=33 t=1790119080839
EPOCH_RECONCILED epoch=0 reporter=65A90023F6C0D2181AAA63F005D81BBC0C04650505E21D5123F9AE1F9E992BFF complete=true entries=0 total=16379 t=1790119080864
EPOCH_RECON_REQUEST epoch=0 reporter=A353E45E6D0016CAEED0DFA4EC5B0640E2AA22A793F9F2375E77F1AB92977C04 target=435DC080DCCDF92BE986D5E6C29290084B683B94A4914192EAE0D08C57E808AB sources=["2A8118B4", "2A8118B4"] t=1790119080864
EPOCH_RECONCILED epoch=0 reporter=911999B2AEFA7ACC66EBD802B3301FF6CE431405107749D940277955CB7FDD07 complete=true entries=0 total=16379 t=1790119080864
EPOCH_RECONCILED epoch=0 reporter=D315857CE70C54DE713F6E82E5613BB3A1266C15E28AD2F4338C7BBEC456F532 complete=true entries=0 total=16379 t=1790119080865
EPOCH_RECONCILED epoch=0 reporter=735FE217D91E88EA82324C5883296385FA0041C2FAC85C827BAA46DA1E14B83F complete=true entries=0 total=16379 t=1790119080866
EPOCH_CLOSE_READY epoch=0 t=1790119080867
EPOCH_RECONCILED epoch=0 reporter=A353E45E6D0016CAEED0DFA4EC5B0640E2AA22A793F9F2375E77F1AB92977C04 complete=false entries=33 total=33 t=1790119080867
EPOCH_RECONCILED epoch=0 reporter=65A90023F6C0D2181AAA63F005D81BBC0C04650505E21D5123F9AE1F9E992BFF complete=true entries=0 total=16379 t=1790119080870
EPOCH_RECONCILED epoch=0 reporter=735FE217D91E88EA82324C5883296385FA0041C2FAC85C827BAA46DA1E14B83F complete=true entries=0 total=16379 t=1790119080870
EPOCH_RECONCILED epoch=0 reporter=911999B2AEFA7ACC66EBD802B3301FF6CE431405107749D940277955CB7FDD07 complete=false entries=0 total=16379 t=1790119080871
EPOCH_RECONCILED epoch=0 reporter=633D9D614858AB1710D5D8C3180E2A082DC97208BA8C26BA6C6D1A86C8E31CC0 complete=false entries=0 total=16379 t=1790119080872
EPOCH_RECONCILED epoch=0 reporter=D315857CE70C54DE713F6E82E5613BB3A1266C15E28AD2F4338C7BBEC456F532 complete=true entries=0 total=16379 t=1790119080874
EPOCH_RECONCILED epoch=0 reporter=911999B2AEFA7ACC66EBD802B3301FF6CE431405107749D940277955CB7FDD07 complete=true entries=1 total=1 t=1790119080874
EPOCH_RECONCILED epoch=0 reporter=633D9D614858AB1710D5D8C3180E2A082DC97208BA8C26BA6C6D1A86C8E31CC0 complete=true entries=1 total=1 t=1790119080874
EPOCH_PROPOSED epoch=0 round=0 value=38D6DDE70D26016CB9073C32AB157343C1EB607F51B1B5E4B50062C11D53665A state=D467229FB3C61153120BA1CF1A6B69BD7427FC2CAF8D0229C146BAE3457DFF11 reports=5 t=1790119080967
EPOCH_VALUE epoch=0 value=38D6DDE70D26016CB9073C32AB157343C1EB607F51B1B5E4B50062C11D53665A state=D467229FB3C61153120BA1CF1A6B69BD7427FC2CAF8D0229C146BAE3457DFF11 t=1790119080967
EPOCH_RECONCILED epoch=0 reporter=735FE217D91E88EA82324C5883296385FA0041C2FAC85C827BAA46DA1E14B83F complete=true entries=0 total=16379 t=1790119080996
EPOCH_RECONCILED epoch=0 reporter=65A90023F6C0D2181AAA63F005D81BBC0C04650505E21D5123F9AE1F9E992BFF complete=true entries=0 total=16379 t=1790119080997
EPOCH_RECONCILED epoch=0 reporter=D315857CE70C54DE713F6E82E5613BB3A1266C15E28AD2F4338C7BBEC456F532 complete=true entries=0 total=16379 t=1790119080998
EPOCH_RECONCILED epoch=0 reporter=633D9D614858AB1710D5D8C3180E2A082DC97208BA8C26BA6C6D1A86C8E31CC0 complete=true entries=0 total=16379 t=1790119081003
EPOCH_CLOSE_READY epoch=0 t=1790119081003
EPOCH_RECONCILED epoch=0 reporter=D315857CE70C54DE713F6E82E5613BB3A1266C15E28AD2F4338C7BBEC456F532 complete=true entries=0 total=16379 t=1790119081061
EPOCH_RECONCILED epoch=0 reporter=633D9D614858AB1710D5D8C3180E2A082DC97208BA8C26BA6C6D1A86C8E31CC0 complete=false entries=0 total=16379 t=1790119081062
EPOCH_RECONCILED epoch=0 reporter=633D9D614858AB1710D5D8C3180E2A082DC97208BA8C26BA6C6D1A86C8E31CC0 complete=true entries=1 total=1 t=1790119081062
EPOCH_RECONCILED epoch=0 reporter=633D9D614858AB1710D5D8C3180E2A082DC97208BA8C26BA6C6D1A86C8E31CC0 complete=false entries=0 total=16379 t=1790119081063
EPOCH_RECONCILED epoch=0 reporter=633D9D614858AB1710D5D8C3180E2A082DC97208BA8C26BA6C6D1A86C8E31CC0 complete=true entries=1 total=1 t=1790119081063
EPOCH_RECONCILED epoch=0 reporter=911999B2AEFA7ACC66EBD802B3301FF6CE431405107749D940277955CB7FDD07 complete=false entries=1 total=1 t=1790119081063
EPOCH_VALUE epoch=0 value=38D6DDE70D26016CB9073C32AB157343C1EB607F51B1B5E4B50062C11D53665A state=D467229FB3C61153120BA1CF1A6B69BD7427FC2CAF8D0229C146BAE3457DFF11 t=1790119081078
EPOCH_RECONCILED epoch=0 reporter=D315857CE70C54DE713F6E82E5613BB3A1266C15E28AD2F4338C7BBEC456F532 complete=true entries=0 total=16379 t=1790119081078
EPOCH_RECONCILED epoch=0 reporter=911999B2AEFA7ACC66EBD802B3301FF6CE431405107749D940277955CB7FDD07 complete=true entries=0 total=16379 t=1790119081080
EPOCH_RECONCILED epoch=0 reporter=65A90023F6C0D2181AAA63F005D81BBC0C04650505E21D5123F9AE1F9E992BFF complete=true entries=0 total=16379 t=1790119081086
EPOCH_CLOSE_READY epoch=0 t=1790119081086
EPOCH_CLOSE_ROUND epoch=0 round=0 leader=633D9D614858AB1710D5D8C3180E2A082DC97208BA8C26BA6C6D1A86C8E31CC0 leads=true t=1790119081142
EPOCH_CLOSE_READY epoch=0 t=1790119081156
EPOCH_VALUE epoch=0 value=38D6DDE70D26016CB9073C32AB157343C1EB607F51B1B5E4B50062C11D53665A state=D467229FB3C61153120BA1CF1A6B69BD7427FC2CAF8D0229C146BAE3457DFF11 t=1790119081185
EPOCH_RECONCILED epoch=0 reporter=A353E45E6D0016CAEED0DFA4EC5B0640E2AA22A793F9F2375E77F1AB92977C04 complete=true entries=33 total=16379 t=1790119081252
EPOCH_CLOSE_READY epoch=0 t=1790119081256
EPOCH_RECONCILED epoch=0 reporter=A353E45E6D0016CAEED0DFA4EC5B0640E2AA22A793F9F2375E77F1AB92977C04 complete=true entries=33 total=16379 t=1790119081256
EPOCH_CLOSE_ROUND epoch=0 round=0 leader=633D9D614858AB1710D5D8C3180E2A082DC97208BA8C26BA6C6D1A86C8E31CC0 leads=false t=1790119081270
EPOCH_RECONCILED epoch=0 reporter=A353E45E6D0016CAEED0DFA4EC5B0640E2AA22A793F9F2375E77F1AB92977C04 complete=true entries=33 total=16379 t=1790119081290
EPOCH_CLOSE_ROUND epoch=0 round=0 leader=633D9D614858AB1710D5D8C3180E2A082DC97208BA8C26BA6C6D1A86C8E31CC0 leads=false t=1790119081295
EPOCH_CLOSE_READY epoch=0 t=1790119081366
EPOCH_RECONCILED epoch=0 reporter=A353E45E6D0016CAEED0DFA4EC5B0640E2AA22A793F9F2375E77F1AB92977C04 complete=true entries=33 total=16379 t=1790119081372
EPOCH_CLOSE_ROUND epoch=0 round=0 leader=633D9D614858AB1710D5D8C3180E2A082DC97208BA8C26BA6C6D1A86C8E31CC0 leads=false t=1790119081424
EPOCH_RECONCILED epoch=0 reporter=A353E45E6D0016CAEED0DFA4EC5B0640E2AA22A793F9F2375E77F1AB92977C04 complete=true entries=33 total=16379 t=1790119081462
EPOCH_CLOSE_ROUND epoch=0 round=0 leader=633D9D614858AB1710D5D8C3180E2A082DC97208BA8C26BA6C6D1A86C8E31CC0 leads=false t=1790119081464
EPOCH_VALUE epoch=0 value=38D6DDE70D26016CB9073C32AB157343C1EB607F51B1B5E4B50062C11D53665A state=D467229FB3C61153120BA1CF1A6B69BD7427FC2CAF8D0229C146BAE3457DFF11 t=1790119081529
EPOCH_VALUE epoch=0 value=38D6DDE70D26016CB9073C32AB157343C1EB607F51B1B5E4B50062C11D53665A state=D467229FB3C61153120BA1CF1A6B69BD7427FC2CAF8D0229C146BAE3457DFF11 t=1790119081530
EPOCH_VALUE epoch=0 value=38D6DDE70D26016CB9073C32AB157343C1EB607F51B1B5E4B50062C11D53665A state=D467229FB3C61153120BA1CF1A6B69BD7427FC2CAF8D0229C146BAE3457DFF11 t=1790119081531
[2m2026-09-22T23:18:01.650813Z[0m [32m INFO[0m [2mnanospam::app[0m[2m:[0m Confirmed 18,285 blocks | 2,000 bps | 1,968 cps | avg conf time: 162 ms
EPOCH_CLOSE_ROUND epoch=0 round=0 leader=633D9D614858AB1710D5D8C3180E2A082DC97208BA8C26BA6C6D1A86C8E31CC0 leads=false t=1790119081654
EPOCH_FRONTIER_MISSING epoch=0 accounts=1 : blocks this node does not hold t=1790119082017
EPOCH_FRONTIER_MISSING epoch=0 accounts=1 : blocks this node does not hold t=1790119082024
EPOCH_COMMITTEE derived_by=0 members=6 accounts=7458 n=340045414381684634069596612032896616693 digest=306B63809B3737A63443856CBC6D8DC15AF724409EE4A808E097B17CD353359B shares=["911999B2:17.4%", "633D9D61:17.0%", "735FE217:16.8%", "D315857C:16.8%", "65A90023:16.5%", "A353E45E:15.5%"] t=1790119082026
EPOCH_CLOSED epoch=0 round=0 value=38D6DDE70D26016CB9073C32AB157343C1EB607F51B1B5E4B50062C11D53665A state=D467229FB3C61153120BA1CF1A6B69BD7427FC2CAF8D0229C146BAE3457DFF11 t=1790119082026
EPOCH_FRONTIER_MISSING epoch=0 accounts=1 : blocks this node does not hold t=1790119082030
EPOCH_FRONTIER_MISSING epoch=0 accounts=1 : blocks this node does not hold t=1790119082041
EPOCH_COMMITTEE derived_by=0 members=6 accounts=7458 n=340045414381684634069596612032896616693 digest=306B63809B3737A63443856CBC6D8DC15AF724409EE4A808E097B17CD353359B shares=["911999B2:17.4%", "633D9D61:17.0%", "735FE217:16.8%", "D315857C:16.8%", "65A90023:16.5%", "A353E45E:15.5%"] t=1790119082042
EPOCH_CLOSED epoch=0 round=0 value=38D6DDE70D26016CB9073C32AB157343C1EB607F51B1B5E4B50062C11D53665A state=D467229FB3C61153120BA1CF1A6B69BD7427FC2CAF8D0229C146BAE3457DFF11 t=1790119082042
EPOCH_FRONTIER_MISSING epoch=0 accounts=1 : blocks this node does not hold t=1790119082055
EPOCH_COMMITTEE derived_by=0 members=6 accounts=7458 n=340045414381684634069596612032896616693 digest=306B63809B3737A63443856CBC6D8DC15AF724409EE4A808E097B17CD353359B shares=["911999B2:17.4%", "633D9D61:17.0%", "735FE217:16.8%", "D315857C:16.8%", "65A90023:16.5%", "A353E45E:15.5%"] t=1790119082059
EPOCH_COMMITTEE derived_by=0 members=6 accounts=7458 n=340045414381684634069596612032896616693 digest=306B63809B3737A63443856CBC6D8DC15AF724409EE4A808E097B17CD353359B shares=["911999B2:17.4%", "633D9D61:17.0%", "735FE217:16.8%", "D315857C:16.8%", "65A90023:16.5%", "A353E45E:15.5%"] t=1790119082059
EPOCH_CLOSED epoch=0 round=0 value=38D6DDE70D26016CB9073C32AB157343C1EB607F51B1B5E4B50062C11D53665A state=D467229FB3C61153120BA1CF1A6B69BD7427FC2CAF8D0229C146BAE3457DFF11 t=1790119082059
EPOCH_CLOSED epoch=0 round=0 value=38D6DDE70D26016CB9073C32AB157343C1EB607F51B1B5E4B50062C11D53665A state=D467229FB3C61153120BA1CF1A6B69BD7427FC2CAF8D0229C146BAE3457DFF11 t=1790119082059
EPOCH_COMMITTEE derived_by=0 members=6 accounts=7458 n=340045414381684634069596612032896616693 digest=306B63809B3737A63443856CBC6D8DC15AF724409EE4A808E097B17CD353359B shares=["911999B2:17.4%", "633D9D61:17.0%", "735FE217:16.8%", "D315857C:16.8%", "65A90023:16.5%", "A353E45E:15.5%"] t=1790119082139
EPOCH_CLOSED epoch=0 round=0 value=38D6DDE70D26016CB9073C32AB157343C1EB607F51B1B5E4B50062C11D53665A state=D467229FB3C61153120BA1CF1A6B69BD7427FC2CAF8D0229C146BAE3457DFF11 t=1790119082140
EPOCH_FRONTIER_MISSING epoch=0 accounts=1 : blocks this node does not hold t=1790119082301
EPOCH_COMMITTEE derived_by=0 members=6 accounts=7458 n=340045414381684634069596612032896616693 digest=306B63809B3737A63443856CBC6D8DC15AF724409EE4A808E097B17CD353359B shares=["911999B2:17.4%", "633D9D61:17.0%", "735FE217:16.8%", "D315857C:16.8%", "65A90023:16.5%", "A353E45E:15.5%"] t=1790119082319
EPOCH_CLOSED epoch=0 round=0 value=38D6DDE70D26016CB9073C32AB157343C1EB607F51B1B5E4B50062C11D53665A state=D467229FB3C61153120BA1CF1A6B69BD7427FC2CAF8D0229C146BAE3457DFF11 t=1790119082319
[2m2026-09-22T23:18:02.651074Z[0m [32m INFO[0m [2mnanospam::app[0m[2m:[0m Confirmed 20,265 blocks | 2,000 bps | 1,977 cps | avg conf time: 249 ms
[2m2026-09-22T23:18:03.652046Z[0m [32m INFO[0m [2mnanospam::app[0m[2m:[0m Confirmed 22,210 blocks | 2,000 bps | 1,943 cps | avg conf time: 101 ms
[2m2026-09-22T23:18:04.653038Z[0m [32m INFO[0m [2mnanospam::app[0m[2m:[0m Confirmed 24,170 blocks | 2,000 bps | 1,958 cps | avg conf time: 100 ms
[2m2026-09-22T23:18:05.654073Z[0m [32m INFO[0m [2mnanospam::app[0m[2m:[0m Confirmed 26,184 blocks | 2,000 bps | 2,011 cps | avg conf time: 100 ms
[2m2026-09-22T23:18:06.654862Z[0m [32m INFO[0m [2mnanospam::app[0m[2m:[0m Confirmed 28,105 blocks | 2,000 bps | 1,919 cps | avg conf time: 100 ms
[2m2026-09-22T23:18:07.655914Z[0m [32m INFO[0m [2mnanospam::app[0m[2m:[0m Confirmed 30,024 blocks | 2,000 bps | 1,916 cps | avg conf time: 101 ms
EPOCH_ENDED epoch=1 elections=201 active=189 t=1790119088425
EPOCH_DRAIN_WAIT epoch=1 unterminated=189 previous_closed=true first=["F740B70CC6F0B425286613D37C5DEBC9471236A2B8A3FBE3EC358BF9C8859210:active:1:3", "CD9CF092314B479048BA18D37D1A2BF2C48D755D2FA84A84FF05F61C75B79C3C:active:1:3", "7DA023148DEF61D81ECC3816C6270F3B7E406F1A6C538B93A370ECE40A288F36:active:1:3"] t=1790119088425
EPOCH_ENDED epoch=1 elections=222 active=210 t=1790119088435
EPOCH_ENDED epoch=1 elections=221 active=209 t=1790119088435
EPOCH_ENDED epoch=1 elections=221 active=209 t=1790119088435
EPOCH_ENDED epoch=1 elections=221 active=209 t=1790119088436
EPOCH_ENDED epoch=1 elections=221 active=209 t=1790119088436
EPOCH_DRAIN_WAIT epoch=1 unterminated=88 previous_closed=true first=["40C2DFD01E68407D81DAA034ED1B1588FAFD2398A8CF320529D27F3E8884585B:active:1:1", "7F7BA034AF4FF86A202BA6C2EFB116662E04662F62815CE7EA763B1849A5AA00:active:1:2", "1E02AEEAF9EA92F138B27E0F5389AAEEE7E633CB2758CF7796FEC14A3E7B5AE6:active:1:2"] t=1790119088445
EPOCH_DRAIN_WAIT epoch=1 unterminated=1 previous_closed=true first=["140B433F3E5591D0DB4B11E5E568AE26729D2D351E006D813737B040788E12DA:active:1:0"] t=1790119088524
EPOCH_DRAIN_WAIT epoch=1 unterminated=1 previous_closed=true first=["140B433F3E5591D0DB4B11E5E568AE26729D2D351E006D813737B040788E12DA:active:1:0"] t=1790119088525
EPOCH_ADVANCED epoch=2 elections=2 active=0 t=1790119088559
EPOCH_CLOSE_UNREADY epoch=1 short_of=reports usable=0 weight=0 required=275628717205960155405333432019732251279 held=0 theirs=[] t=1790119088559
EPOCH_REPORT epoch=1 certified=15426 residual=0 root=DD602BB2B5920CB6DA9C227ACEA7349CB8D0D746681AA905BDDBC57A5464E08C reports=1 t=1790119088576
[2m2026-09-22T23:18:08.656995Z[0m [32m INFO[0m [2mnanospam::app[0m[2m:[0m Confirmed 31,741 blocks | 2,000 bps | 1,715 cps | avg conf time: 101 ms
EPOCH_ADVANCED epoch=2 elections=2 active=0 t=1790119088675
EPOCH_RECONCILED epoch=1 reporter=735FE217D91E88EA82324C5883296385FA0041C2FAC85C827BAA46DA1E14B83F complete=true entries=0 total=15426 t=1790119088689
EPOCH_REPORT epoch=1 certified=15426 residual=0 root=DD602BB2B5920CB6DA9C227ACEA7349CB8D0D746681AA905BDDBC57A5464E08C reports=1 t=1790119088694
EPOCH_CLOSE_UNREADY epoch=1 short_of=reports usable=2 weight=108665561378408059249696297715351308578 required=275628717205960155405333432019732251279 held=1 theirs=["735FE217:DD602BB2:D7A011D4"] t=1790119088694
EPOCH_ADVANCED epoch=2 elections=2 active=0 t=1790119088726
EPOCH_REPORT epoch=1 certified=15426 residual=0 root=DD602BB2B5920CB6DA9C227ACEA7349CB8D0D746681AA905BDDBC57A5464E08C reports=1 t=1790119088745
EPOCH_ADVANCED epoch=2 elections=2 active=0 t=1790119088748
EPOCH_RECONCILED epoch=1 reporter=735FE217D91E88EA82324C5883296385FA0041C2FAC85C827BAA46DA1E14B83F complete=true entries=0 total=15426 t=1790119088757
EPOCH_RECONCILED epoch=1 reporter=65A90023F6C0D2181AAA63F005D81BBC0C04650505E21D5123F9AE1F9E992BFF complete=true entries=0 total=15426 t=1790119088758
EPOCH_CLOSE_UNREADY epoch=1 short_of=reports usable=3 weight=162998341317612088874544446573026962867 required=275628717205960155405333432019732251279 held=3 theirs=["633D9D61:DD602BB2:D7A011D4", "735FE217:DD602BB2:D7A011D4", "65A90023:DD602BB2:D7A011D4"] t=1790119088758
EPOCH_RECONCILED epoch=1 reporter=735FE217D91E88EA82324C5883296385FA0041C2FAC85C827BAA46DA1E14B83F complete=true entries=0 total=15426 t=1790119088761
EPOCH_RECONCILED epoch=1 reporter=65A90023F6C0D2181AAA63F005D81BBC0C04650505E21D5123F9AE1F9E992BFF complete=true entries=0 total=15426 t=1790119088762
EPOCH_RECONCILED epoch=1 reporter=633D9D614858AB1710D5D8C3180E2A082DC97208BA8C26BA6C6D1A86C8E31CC0 complete=true entries=0 total=15426 t=1790119088763
EPOCH_REPORT epoch=1 certified=15426 residual=0 root=DD602BB2B5920CB6DA9C227ACEA7349CB8D0D746681AA905BDDBC57A5464E08C reports=1 t=1790119088767
EPOCH_CLOSE_UNREADY epoch=1 short_of=reports usable=4 weight=217331124256816118499392595430702617156 required=275628717205960155405333432019732251279 held=4 theirs=["735FE217:DD602BB2:D7A011D4", "65A90023:DD602BB2:D7A011D4", "A353E45E:DD602BB2:D7A011D4", "633D9D61:DD602BB2:D7A011D4"] t=1790119088771
EPOCH_ADVANCED epoch=2 elections=2 active=0 t=1790119088773
EPOCH_ADVANCED epoch=2 elections=2 active=0 t=1790119088774
EPOCH_REPORT epoch=1 certified=15426 residual=0 root=DD602BB2B5920CB6DA9C227ACEA7349CB8D0D746681AA905BDDBC57A5464E08C reports=1 t=1790119088858
EPOCH_REPORT epoch=1 certified=15426 residual=1 root=DD602BB2B5920CB6DA9C227ACEA7349CB8D0D746681AA905BDDBC57A5464E08C reports=1 t=1790119088872
EPOCH_RECONCILED epoch=1 reporter=A353E45E6D0016CAEED0DFA4EC5B0640E2AA22A793F9F2375E77F1AB92977C04 complete=true entries=0 total=15426 t=1790119088915
EPOCH_RECONCILED epoch=1 reporter=D315857CE70C54DE713F6E82E5613BB3A1266C15E28AD2F4338C7BBEC456F532 complete=true entries=0 total=15426 t=1790119088916
EPOCH_RECONCILED epoch=1 reporter=735FE217D91E88EA82324C5883296385FA0041C2FAC85C827BAA46DA1E14B83F complete=true entries=0 total=15426 t=1790119088917
EPOCH_RECONCILED epoch=1 reporter=65A90023F6C0D2181AAA63F005D81BBC0C04650505E21D5123F9AE1F9E992BFF complete=true entries=0 total=15426 t=1790119088918
EPOCH_RECONCILED epoch=1 reporter=633D9D614858AB1710D5D8C3180E2A082DC97208BA8C26BA6C6D1A86C8E31CC0 complete=true entries=0 total=15426 t=1790119088919
EPOCH_CLOSE_READY epoch=1 t=1790119088919
EPOCH_RECONCILED epoch=1 reporter=D315857CE70C54DE713F6E82E5613BB3A1266C15E28AD2F4338C7BBEC456F532 complete=true entries=0 total=15426 t=1790119088923
EPOCH_RECONCILED epoch=1 reporter=65A90023F6C0D2181AAA63F005D81BBC0C04650505E21D5123F9AE1F9E992BFF complete=true entries=0 total=15426 t=1790119088926
EPOCH_RECONCILED epoch=1 reporter=633D9D614858AB1710D5D8C3180E2A082DC97208BA8C26BA6C6D1A86C8E31CC0 complete=true entries=0 total=15426 t=1790119088949
EPOCH_RECONCILED epoch=1 reporter=A353E45E6D0016CAEED0DFA4EC5B0640E2AA22A793F9F2375E77F1AB92977C04 complete=true entries=0 total=15426 t=1790119088950
EPOCH_CLOSE_READY epoch=1 t=1790119088951
EPOCH_RECONCILED epoch=1 reporter=633D9D614858AB1710D5D8C3180E2A082DC97208BA8C26BA6C6D1A86C8E31CC0 complete=true entries=0 total=15426 t=1790119088981
EPOCH_RECONCILED epoch=1 reporter=735FE217D91E88EA82324C5883296385FA0041C2FAC85C827BAA46DA1E14B83F complete=true entries=0 total=15426 t=1790119088982
EPOCH_RECONCILED epoch=1 reporter=D315857CE70C54DE713F6E82E5613BB3A1266C15E28AD2F4338C7BBEC456F532 complete=true entries=0 total=15426 t=1790119088992
EPOCH_RECONCILED epoch=1 reporter=A353E45E6D0016CAEED0DFA4EC5B0640E2AA22A793F9F2375E77F1AB92977C04 complete=true entries=0 total=15426 t=1790119088992
EPOCH_RECONCILED epoch=1 reporter=633D9D614858AB1710D5D8C3180E2A082DC97208BA8C26BA6C6D1A86C8E31CC0 complete=true entries=0 total=15426 t=1790119088993
EPOCH_RECONCILED epoch=1 reporter=911999B2AEFA7ACC66EBD802B3301FF6CE431405107749D940277955CB7FDD07 complete=false entries=0 total=15426 t=1790119088993
EPOCH_CLOSE_READY epoch=1 t=1790119088993
EPOCH_RECONCILED epoch=1 reporter=A353E45E6D0016CAEED0DFA4EC5B0640E2AA22A793F9F2375E77F1AB92977C04 complete=true entries=0 total=15426 t=1790119088998
EPOCH_RECONCILED epoch=1 reporter=65A90023F6C0D2181AAA63F005D81BBC0C04650505E21D5123F9AE1F9E992BFF complete=true entries=0 total=15426 t=1790119089010
EPOCH_CLOSE_READY epoch=1 t=1790119089010
EPOCH_RECONCILED epoch=1 reporter=911999B2AEFA7ACC66EBD802B3301FF6CE431405107749D940277955CB7FDD07 complete=false entries=0 total=15426 t=1790119089050
EPOCH_RECONCILED epoch=1 reporter=D315857CE70C54DE713F6E82E5613BB3A1266C15E28AD2F4338C7BBEC456F532 complete=true entries=0 total=15426 t=1790119089054
EPOCH_RECONCILED epoch=1 reporter=911999B2AEFA7ACC66EBD802B3301FF6CE431405107749D940277955CB7FDD07 complete=true entries=1 total=1 t=1790119089054
EPOCH_RECONCILED epoch=1 reporter=A353E45E6D0016CAEED0DFA4EC5B0640E2AA22A793F9F2375E77F1AB92977C04 complete=true entries=0 total=15426 t=1790119089057
EPOCH_CLOSE_READY epoch=1 t=1790119089059
EPOCH_RECONCILED epoch=1 reporter=D315857CE70C54DE713F6E82E5613BB3A1266C15E28AD2F4338C7BBEC456F532 complete=true entries=0 total=15426 t=1790119089066
EPOCH_RECONCILED epoch=1 reporter=911999B2AEFA7ACC66EBD802B3301FF6CE431405107749D940277955CB7FDD07 complete=false entries=0 total=15426 t=1790119089067
EPOCH_CLOSE_READY epoch=1 t=1790119089067
EPOCH_RECONCILED epoch=1 reporter=911999B2AEFA7ACC66EBD802B3301FF6CE431405107749D940277955CB7FDD07 complete=true entries=1 total=1 t=1790119089067
EPOCH_CLOSE_ROUND epoch=1 round=0 leader=65A90023F6C0D2181AAA63F005D81BBC0C04650505E21D5123F9AE1F9E992BFF leads=false t=1790119089135
EPOCH_CLOSE_ROUND epoch=1 round=0 leader=65A90023F6C0D2181AAA63F005D81BBC0C04650505E21D5123F9AE1F9E992BFF leads=false t=1790119089135
EPOCH_CLOSE_ROUND epoch=1 round=0 leader=65A90023F6C0D2181AAA63F005D81BBC0C04650505E21D5123F9AE1F9E992BFF leads=false t=1790119089168
EPOCH_RECONCILED epoch=1 reporter=911999B2AEFA7ACC66EBD802B3301FF6CE431405107749D940277955CB7FDD07 complete=false entries=0 total=15426 t=1790119089177
EPOCH_RECONCILED epoch=1 reporter=911999B2AEFA7ACC66EBD802B3301FF6CE431405107749D940277955CB7FDD07 complete=true entries=1 total=1 t=1790119089178
EPOCH_RECONCILED epoch=1 reporter=911999B2AEFA7ACC66EBD802B3301FF6CE431405107749D940277955CB7FDD07 complete=false entries=0 total=15426 t=1790119089184
EPOCH_RECONCILED epoch=1 reporter=911999B2AEFA7ACC66EBD802B3301FF6CE431405107749D940277955CB7FDD07 complete=true entries=1 total=1 t=1790119089184
EPOCH_RECONCILED epoch=1 reporter=911999B2AEFA7ACC66EBD802B3301FF6CE431405107749D940277955CB7FDD07 complete=true entries=1 total=1 t=1790119089286
EPOCH_PROPOSED epoch=1 round=0 value=0FE6B3176D0D3727AB2B7CFBD095F93D428E484F85B019622B18469BAD30F5F3 state=8B272E7689A131CBA0B8446D915F0A77968E2EFA1D39E618625E41C502E1DEA9 reports=5 t=1790119089286
EPOCH_VALUE epoch=1 value=0FE6B3176D0D3727AB2B7CFBD095F93D428E484F85B019622B18469BAD30F5F3 state=8B272E7689A131CBA0B8446D915F0A77968E2EFA1D39E618625E41C502E1DEA9 t=1790119089286
EPOCH_CLOSE_ROUND epoch=1 round=0 leader=65A90023F6C0D2181AAA63F005D81BBC0C04650505E21D5123F9AE1F9E992BFF leads=true t=1790119089286
EPOCH_CLOSE_ROUND epoch=1 round=0 leader=65A90023F6C0D2181AAA63F005D81BBC0C04650505E21D5123F9AE1F9E992BFF leads=false t=1790119089333
EPOCH_CLOSE_ROUND epoch=1 round=0 leader=65A90023F6C0D2181AAA63F005D81BBC0C04650505E21D5123F9AE1F9E992BFF leads=false t=1790119089353
EPOCH_VALUE epoch=1 value=0FE6B3176D0D3727AB2B7CFBD095F93D428E484F85B019622B18469BAD30F5F3 state=8B272E7689A131CBA0B8446D915F0A77968E2EFA1D39E618625E41C502E1DEA9 t=1790119089383
EPOCH_VALUE epoch=1 value=0FE6B3176D0D3727AB2B7CFBD095F93D428E484F85B019622B18469BAD30F5F3 state=8B272E7689A131CBA0B8446D915F0A77968E2EFA1D39E618625E41C502E1DEA9 t=1790119089385
EPOCH_VALUE epoch=1 value=0FE6B3176D0D3727AB2B7CFBD095F93D428E484F85B019622B18469BAD30F5F3 state=8B272E7689A131CBA0B8446D915F0A77968E2EFA1D39E618625E41C502E1DEA9 t=1790119089392
EPOCH_VALUE epoch=1 value=0FE6B3176D0D3727AB2B7CFBD095F93D428E484F85B019622B18469BAD30F5F3 state=8B272E7689A131CBA0B8446D915F0A77968E2EFA1D39E618625E41C502E1DEA9 t=1790119089394
EPOCH_VALUE epoch=1 value=0FE6B3176D0D3727AB2B7CFBD095F93D428E484F85B019622B18469BAD30F5F3 state=8B272E7689A131CBA0B8446D915F0A77968E2EFA1D39E618625E41C502E1DEA9 t=1790119089401
[2m2026-09-22T23:18:09.658142Z[0m [32m INFO[0m [2mnanospam::app[0m[2m:[0m Confirmed 33,400 blocks | 2,000 bps | 1,657 cps | avg conf time: 299 ms
EPOCH_FRONTIER_MISSING epoch=1 accounts=1 : blocks this node does not hold t=1790119089834
EPOCH_FRONTIER_MISSING epoch=1 accounts=1 : blocks this node does not hold t=1790119089838
EPOCH_COMMITTEE derived_by=1 members=6 accounts=13373 n=340040635654153196061986727440758123950 digest=169F373A2BFE901BAE7206ADE2E44DEB9CAB3A9F762C286298C384D0BD0B5901 shares=["911999B2:17.7%", "633D9D61:17.0%", "65A90023:16.7%", "D315857C:16.6%", "A353E45E:16.1%", "735FE217:15.9%"] t=1790119089845
EPOCH_CLOSED epoch=1 round=0 value=0FE6B3176D0D3727AB2B7CFBD095F93D428E484F85B019622B18469BAD30F5F3 state=8B272E7689A131CBA0B8446D915F0A77968E2EFA1D39E618625E41C502E1DEA9 t=1790119089845
EPOCH_FRONTIER_MISSING epoch=1 accounts=1 : blocks this node does not hold t=1790119089845
EPOCH_COMMITTEE derived_by=1 members=6 accounts=13373 n=340040635654153196061986727440758123950 digest=169F373A2BFE901BAE7206ADE2E44DEB9CAB3A9F762C286298C384D0BD0B5901 shares=["911999B2:17.7%", "633D9D61:17.0%", "65A90023:16.7%", "D315857C:16.6%", "A353E45E:16.1%", "735FE217:15.9%"] t=1790119089852
EPOCH_CLOSED epoch=1 round=0 value=0FE6B3176D0D3727AB2B7CFBD095F93D428E484F85B019622B18469BAD30F5F3 state=8B272E7689A131CBA0B8446D915F0A77968E2EFA1D39E618625E41C502E1DEA9 t=1790119089852
EPOCH_COMMITTEE derived_by=1 members=6 accounts=13373 n=340040635654153196061986727440758123950 digest=169F373A2BFE901BAE7206ADE2E44DEB9CAB3A9F762C286298C384D0BD0B5901 shares=["911999B2:17.7%", "633D9D61:17.0%", "65A90023:16.7%", "D315857C:16.6%", "A353E45E:16.1%", "735FE217:15.9%"] t=1790119089871
EPOCH_CLOSED epoch=1 round=0 value=0FE6B3176D0D3727AB2B7CFBD095F93D428E484F85B019622B18469BAD30F5F3 state=8B272E7689A131CBA0B8446D915F0A77968E2EFA1D39E618625E41C502E1DEA9 t=1790119089871
EPOCH_FRONTIER_MISSING epoch=1 accounts=1 : blocks this node does not hold t=1790119089913
EPOCH_FRONTIER_MISSING epoch=1 accounts=1 : blocks this node does not hold t=1790119089924
EPOCH_COMMITTEE derived_by=1 members=6 accounts=13373 n=340040635654153196061986727440758123950 digest=169F373A2BFE901BAE7206ADE2E44DEB9CAB3A9F762C286298C384D0BD0B5901 shares=["911999B2:17.7%", "633D9D61:17.0%", "65A90023:16.7%", "D315857C:16.6%", "A353E45E:16.1%", "735FE217:15.9%"] t=1790119089931
EPOCH_CLOSED epoch=1 round=0 value=0FE6B3176D0D3727AB2B7CFBD095F93D428E484F85B019622B18469BAD30F5F3 state=8B272E7689A131CBA0B8446D915F0A77968E2EFA1D39E618625E41C502E1DEA9 t=1790119089931
EPOCH_COMMITTEE derived_by=1 members=6 accounts=13373 n=340040635654153196061986727440758123950 digest=169F373A2BFE901BAE7206ADE2E44DEB9CAB3A9F762C286298C384D0BD0B5901 shares=["911999B2:17.7%", "633D9D61:17.0%", "65A90023:16.7%", "D315857C:16.6%", "A353E45E:16.1%", "735FE217:15.9%"] t=1790119089954
EPOCH_CLOSED epoch=1 round=0 value=0FE6B3176D0D3727AB2B7CFBD095F93D428E484F85B019622B18469BAD30F5F3 state=8B272E7689A131CBA0B8446D915F0A77968E2EFA1D39E618625E41C502E1DEA9 t=1790119089954
EPOCH_FRONTIER_MISSING epoch=1 accounts=1 : blocks this node does not hold t=1790119090114
EPOCH_COMMITTEE derived_by=1 members=6 accounts=13373 n=340040635654153196061986727440758123950 digest=169F373A2BFE901BAE7206ADE2E44DEB9CAB3A9F762C286298C384D0BD0B5901 shares=["911999B2:17.7%", "633D9D61:17.0%", "65A90023:16.7%", "D315857C:16.6%", "A353E45E:16.1%", "735FE217:15.9%"] t=1790119090146
EPOCH_CLOSED epoch=1 round=0 value=0FE6B3176D0D3727AB2B7CFBD095F93D428E484F85B019622B18469BAD30F5F3 state=8B272E7689A131CBA0B8446D915F0A77968E2EFA1D39E618625E41C502E1DEA9 t=1790119090147
[2m2026-09-22T23:18:10.659123Z[0m [32m INFO[0m [2mnanospam::app[0m[2m:[0m Confirmed 35,824 blocks | 2,000 bps | 2,421 cps | avg conf time: 246 ms
[2m2026-09-22T23:18:11.659762Z[0m [32m INFO[0m [2mnanospam::app[0m[2m:[0m Confirmed 37,699 blocks | 2,000 bps | 1,873 cps | avg conf time: 92 ms
[2m2026-09-22T23:18:12.660774Z[0m [32m INFO[0m [2mnanospam::app[0m[2m:[0m Confirmed 39,675 blocks | 2,000 bps | 1,973 cps | avg conf time: 90 ms
[2m2026-09-22T23:18:13.661855Z[0m [32m INFO[0m [2mnanospam::app[0m[2m:[0m Confirmed 41,679 blocks | 2,000 bps | 2,001 cps | avg conf time: 87 ms
[2m2026-09-22T23:18:14.662902Z[0m [32m INFO[0m [2mnanospam::app[0m[2m:[0m Confirmed 43,617 blocks | 2,000 bps | 1,935 cps | avg conf time: 88 ms
[2m2026-09-22T23:18:15.665559Z[0m [32m INFO[0m [2mnanospam::app[0m[2m:[0m Confirmed 44,998 blocks | 2,000 bps | 1,377 cps | avg conf time: 88 ms
EPOCH_ENDED epoch=2 elections=2 active=0 t=1790119096469
EPOCH_ADVANCED epoch=3 elections=2 active=0 t=1790119096469
EPOCH_CLOSE_UNREADY epoch=2 short_of=reports usable=0 weight=0 required=275436785649164553596373255746646259522 held=0 theirs=[] t=1790119096469
EPOCH_REPORT epoch=2 certified=13257 residual=0 root=BDE187C629F61F7EBAB6D22BF76DF48CD957D6B8CF3A61A0A12C5A2689222F3F reports=1 t=1790119096499
EPOCH_ENDED epoch=2 elections=2 active=0 t=1790119096505
EPOCH_ADVANCED epoch=3 elections=2 active=0 t=1790119096505
EPOCH_ENDED epoch=2 elections=2 active=0 t=1790119096511
EPOCH_ADVANCED epoch=3 elections=2 active=0 t=1790119096511
EPOCH_RECONCILED epoch=2 reporter=735FE217D91E88EA82324C5883296385FA0041C2FAC85C827BAA46DA1E14B83F complete=true entries=0 total=13257 t=1790119096523
EPOCH_REPORT epoch=2 certified=13257 residual=0 root=BDE187C629F61F7EBAB6D22BF76DF48CD957D6B8CF3A61A0A12C5A2689222F3F reports=1 t=1790119096527
EPOCH_CLOSE_UNREADY epoch=2 short_of=reports usable=2 weight=116284928427047010038121136904484656950 required=275436785649164553596373255746646259522 held=1 theirs=["735FE217:BDE187C6:D7A011D4"] t=1790119096527
EPOCH_RECONCILED epoch=2 reporter=735FE217D91E88EA82324C5883296385FA0041C2FAC85C827BAA46DA1E14B83F complete=true entries=0 total=13257 t=1790119096528
EPOCH_REPORT epoch=2 certified=13257 residual=0 root=BDE187C629F61F7EBAB6D22BF76DF48CD957D6B8CF3A61A0A12C5A2689222F3F reports=1 t=1790119096531
EPOCH_CLOSE_UNREADY epoch=2 short_of=reports usable=2 weight=115073579273488020641381728970214926968 required=275436785649164553596373255746646259522 held=2 theirs=["735FE217:BDE187C6:D7A011D4", "911999B2:BDE187C6:D7A011D4"] t=1790119096531
EPOCH_ENDED epoch=2 elections=2 active=0 t=1790119096562
EPOCH_ADVANCED epoch=3 elections=2 active=0 t=1790119096562
EPOCH_RECONCILED epoch=2 reporter=633D9D614858AB1710D5D8C3180E2A082DC97208BA8C26BA6C6D1A86C8E31CC0 complete=true entries=0 total=13257 t=1790119096574
EPOCH_RECONCILED epoch=2 reporter=735FE217D91E88EA82324C5883296385FA0041C2FAC85C827BAA46DA1E14B83F complete=true entries=0 total=13257 t=1790119096575
EPOCH_RECONCILED epoch=2 reporter=911999B2AEFA7ACC66EBD802B3301FF6CE431405107749D940277955CB7FDD07 complete=true entries=0 total=13257 t=1790119096575
EPOCH_REPORT epoch=2 certified=13257 residual=0 root=BDE187C629F61F7EBAB6D22BF76DF48CD957D6B8CF3A61A0A12C5A2689222F3F reports=1 t=1790119096577
EPOCH_CLOSE_UNREADY epoch=2 short_of=reports usable=4 weight=231241454124230571901670516189279961296 required=275436785649164553596373255746646259522 held=3 theirs=["633D9D61:BDE187C6:D7A011D4", "735FE217:BDE187C6:D7A011D4", "911999B2:BDE187C6:D7A011D4"] t=1790119096577
EPOCH_ENDED epoch=2 elections=2 active=0 t=1790119096609
EPOCH_ADVANCED epoch=3 elections=2 active=0 t=1790119096609
EPOCH_ENDED epoch=2 elections=2 active=0 t=1790119096619
EPOCH_ADVANCED epoch=3 elections=2 active=0 t=1790119096619
EPOCH_RECONCILED epoch=2 reporter=633D9D614858AB1710D5D8C3180E2A082DC97208BA8C26BA6C6D1A86C8E31CC0 complete=true entries=0 total=13257 t=1790119096621
EPOCH_RECONCILED epoch=2 reporter=D315857CE70C54DE713F6E82E5613BB3A1266C15E28AD2F4338C7BBEC456F532 complete=true entries=0 total=13257 t=1790119096621
EPOCH_RECONCILED epoch=2 reporter=911999B2AEFA7ACC66EBD802B3301FF6CE431405107749D940277955CB7FDD07 complete=true entries=0 total=13257 t=1790119096622
EPOCH_RECONCILED epoch=2 reporter=735FE217D91E88EA82324C5883296385FA0041C2FAC85C827BAA46DA1E14B83F complete=true entries=0 total=13257 t=1790119096622
EPOCH_REPORT epoch=2 certified=13257 residual=0 root=BDE187C629F61F7EBAB6D22BF76DF48CD957D6B8CF3A61A0A12C5A2689222F3F reports=1 t=1790119096624
EPOCH_CLOSE_READY epoch=2 t=1790119096624
EPOCH_RECONCILED epoch=2 reporter=911999B2AEFA7ACC66EBD802B3301FF6CE431405107749D940277955CB7FDD07 complete=true entries=0 total=13257 t=1790119096630
EPOCH_RECONCILED epoch=2 reporter=735FE217D91E88EA82324C5883296385FA0041C2FAC85C827BAA46DA1E14B83F complete=true entries=0 total=13257 t=1790119096631
EPOCH_RECONCILED epoch=2 reporter=633D9D614858AB1710D5D8C3180E2A082DC97208BA8C26BA6C6D1A86C8E31CC0 complete=true entries=0 total=13257 t=1790119096631
EPOCH_RECONCILED epoch=2 reporter=D315857CE70C54DE713F6E82E5613BB3A1266C15E28AD2F4338C7BBEC456F532 complete=true entries=0 total=13257 t=1790119096631
EPOCH_CLOSE_UNREADY epoch=2 short_of=reports usable=4 weight=231241454124230571901670516189279961296 required=275436785649164553596373255746646259522 held=5 theirs=["911999B2:BDE187C6:D7A011D4", "735FE217:BDE187C6:D7A011D4", "633D9D61:BDE187C6:D7A011D4", "65A90023:BDE187C6:D7A011D4", "D315857C:BDE187C6:D7A011D4"] t=1790119096632
EPOCH_REPORT epoch=2 certified=13257 residual=0 root=BDE187C629F61F7EBAB6D22BF76DF48CD957D6B8CF3A61A0A12C5A2689222F3F reports=1 t=1790119096633
[2m2026-09-22T23:18:16.667451Z[0m [32m INFO[0m [2mnanospam::app[0m[2m:[0m Confirmed 44,998 blocks | 2,000 bps | 0 cps | avg conf time: 0 ms
EPOCH_RECONCILED epoch=2 reporter=D315857CE70C54DE713F6E82E5613BB3A1266C15E28AD2F4338C7BBEC456F532 complete=true entries=0 total=13257 t=1790119096788
EPOCH_RECONCILED epoch=2 reporter=A353E45E6D0016CAEED0DFA4EC5B0640E2AA22A793F9F2375E77F1AB92977C04 complete=true entries=0 total=13257 t=1790119096788
EPOCH_RECONCILED epoch=2 reporter=911999B2AEFA7ACC66EBD802B3301FF6CE431405107749D940277955CB7FDD07 complete=true entries=0 total=13257 t=1790119096789
EPOCH_RECONCILED epoch=2 reporter=633D9D614858AB1710D5D8C3180E2A082DC97208BA8C26BA6C6D1A86C8E31CC0 complete=true entries=0 total=13257 t=1790119096790
EPOCH_RECONCILED epoch=2 reporter=65A90023F6C0D2181AAA63F005D81BBC0C04650505E21D5123F9AE1F9E992BFF complete=true entries=0 total=13257 t=1790119096791
EPOCH_CLOSE_READY epoch=2 t=1790119096791
EPOCH_RECONCILED epoch=2 reporter=D315857CE70C54DE713F6E82E5613BB3A1266C15E28AD2F4338C7BBEC456F532 complete=true entries=0 total=13257 t=1790119096820
EPOCH_RECONCILED epoch=2 reporter=A353E45E6D0016CAEED0DFA4EC5B0640E2AA22A793F9F2375E77F1AB92977C04 complete=true entries=0 total=13257 t=1790119096820
EPOCH_RECONCILED epoch=2 reporter=65A90023F6C0D2181AAA63F005D81BBC0C04650505E21D5123F9AE1F9E992BFF complete=true entries=0 total=13257 t=1790119096821
EPOCH_RECONCILED epoch=2 reporter=633D9D614858AB1710D5D8C3180E2A082DC97208BA8C26BA6C6D1A86C8E31CC0 complete=true entries=0 total=13257 t=1790119096821
EPOCH_CLOSE_READY epoch=2 t=1790119096821
EPOCH_RECONCILED epoch=2 reporter=D315857CE70C54DE713F6E82E5613BB3A1266C15E28AD2F4338C7BBEC456F532 complete=true entries=0 total=13257 t=1790119096826
EPOCH_RECONCILED epoch=2 reporter=65A90023F6C0D2181AAA63F005D81BBC0C04650505E21D5123F9AE1F9E992BFF complete=true entries=0 total=13257 t=1790119096826
EPOCH_RECONCILED epoch=2 reporter=A353E45E6D0016CAEED0DFA4EC5B0640E2AA22A793F9F2375E77F1AB92977C04 complete=true entries=0 total=13257 t=1790119096826
EPOCH_RECONCILED epoch=2 reporter=911999B2AEFA7ACC66EBD802B3301FF6CE431405107749D940277955CB7FDD07 complete=true entries=0 total=13257 t=1790119096827
EPOCH_CLOSE_READY epoch=2 t=1790119096827
EPOCH_PROPOSED epoch=2 round=0 value=F7663257864783766C40AAD4A7613974C75DDD1725A962AEB6B3B394416DF50A state=7CA2A911FD0F42CDE20974B0C183B7FFB06FAACEC25ADA78A9DE97AC2221F3F1 reports=5 t=1790119096863
EPOCH_VALUE epoch=2 value=F7663257864783766C40AAD4A7613974C75DDD1725A962AEB6B3B394416DF50A state=7CA2A911FD0F42CDE20974B0C183B7FFB06FAACEC25ADA78A9DE97AC2221F3F1 t=1790119096863
EPOCH_RECONCILED epoch=2 reporter=A353E45E6D0016CAEED0DFA4EC5B0640E2AA22A793F9F2375E77F1AB92977C04 complete=true entries=0 total=13257 t=1790119096875
EPOCH_RECONCILED epoch=2 reporter=65A90023F6C0D2181AAA63F005D81BBC0C04650505E21D5123F9AE1F9E992BFF complete=true entries=0 total=13257 t=1790119096876
EPOCH_CLOSE_READY epoch=2 t=1790119096876
EPOCH_CLOSE_ROUND epoch=2 round=0 leader=735FE217D91E88EA82324C5883296385FA0041C2FAC85C827BAA46DA1E14B83F leads=false t=1790119096913
EPOCH_RECONCILED epoch=2 reporter=A353E45E6D0016CAEED0DFA4EC5B0640E2AA22A793F9F2375E77F1AB92977C04 complete=true entries=0 total=13257 t=1790119096921
EPOCH_VALUE epoch=2 value=F7663257864783766C40AAD4A7613974C75DDD1725A962AEB6B3B394416DF50A state=7CA2A911FD0F42CDE20974B0C183B7FFB06FAACEC25ADA78A9DE97AC2221F3F1 t=1790119096928
EPOCH_VALUE epoch=2 value=F7663257864783766C40AAD4A7613974C75DDD1725A962AEB6B3B394416DF50A state=7CA2A911FD0F42CDE20974B0C183B7FFB06FAACEC25ADA78A9DE97AC2221F3F1 t=1790119096930
EPOCH_RECONCILED epoch=2 reporter=65A90023F6C0D2181AAA63F005D81BBC0C04650505E21D5123F9AE1F9E992BFF complete=true entries=0 total=13257 t=1790119096932
EPOCH_CLOSE_READY epoch=2 t=1790119096932
EPOCH_CLOSE_ROUND epoch=2 round=0 leader=735FE217D91E88EA82324C5883296385FA0041C2FAC85C827BAA46DA1E14B83F leads=true t=1790119097078
EPOCH_CLOSE_ROUND epoch=2 round=0 leader=735FE217D91E88EA82324C5883296385FA0041C2FAC85C827BAA46DA1E14B83F leads=false t=1790119097113
EPOCH_CLOSE_ROUND epoch=2 round=0 leader=735FE217D91E88EA82324C5883296385FA0041C2FAC85C827BAA46DA1E14B83F leads=false t=1790119097121
EPOCH_VALUE epoch=2 value=F7663257864783766C40AAD4A7613974C75DDD1725A962AEB6B3B394416DF50A state=7CA2A911FD0F42CDE20974B0C183B7FFB06FAACEC25ADA78A9DE97AC2221F3F1 t=1790119097155
EPOCH_VALUE epoch=2 value=F7663257864783766C40AAD4A7613974C75DDD1725A962AEB6B3B394416DF50A state=7CA2A911FD0F42CDE20974B0C183B7FFB06FAACEC25ADA78A9DE97AC2221F3F1 t=1790119097156
EPOCH_VALUE epoch=2 value=F7663257864783766C40AAD4A7613974C75DDD1725A962AEB6B3B394416DF50A state=7CA2A911FD0F42CDE20974B0C183B7FFB06FAACEC25ADA78A9DE97AC2221F3F1 t=1790119097157
EPOCH_CLOSE_ROUND epoch=2 round=0 leader=735FE217D91E88EA82324C5883296385FA0041C2FAC85C827BAA46DA1E14B83F leads=false t=1790119097169
EPOCH_CLOSE_ROUND epoch=2 round=0 leader=735FE217D91E88EA82324C5883296385FA0041C2FAC85C827BAA46DA1E14B83F leads=false t=1790119097227
EPOCH_FRONTIER_MISSING epoch=2 accounts=1 : blocks this node does not hold t=1790119097401
EPOCH_COMMITTEE derived_by=2 members=6 accounts=17675 n=340217670894998622516465550663137668946 digest=963532C6268EBD7354869237E6953643C48C72511370D12F837BAD5E2C3AC3CA shares=["911999B2:17.7%", "65A90023:16.7%", "633D9D61:16.7%", "D315857C:16.6%", "A353E45E:16.5%", "735FE217:15.8%"] t=1790119097407
EPOCH_CLOSED epoch=2 round=0 value=F7663257864783766C40AAD4A7613974C75DDD1725A962AEB6B3B394416DF50A state=7CA2A911FD0F42CDE20974B0C183B7FFB06FAACEC25ADA78A9DE97AC2221F3F1 t=1790119097407
EPOCH_FRONTIER_MISSING epoch=2 accounts=1 : blocks this node does not hold t=1790119097413
EPOCH_COMMITTEE derived_by=2 members=6 accounts=17675 n=340217670894998622516465550663137668946 digest=963532C6268EBD7354869237E6953643C48C72511370D12F837BAD5E2C3AC3CA shares=["911999B2:17.7%", "65A90023:16.7%", "633D9D61:16.7%", "D315857C:16.6%", "A353E45E:16.5%", "735FE217:15.8%"] t=1790119097420
EPOCH_CLOSED epoch=2 round=0 value=F7663257864783766C40AAD4A7613974C75DDD1725A962AEB6B3B394416DF50A state=7CA2A911FD0F42CDE20974B0C183B7FFB06FAACEC25ADA78A9DE97AC2221F3F1 t=1790119097420
EPOCH_FRONTIER_MISSING epoch=2 accounts=1 : blocks this node does not hold t=1790119097425
EPOCH_FRONTIER_MISSING epoch=2 accounts=1 : blocks this node does not hold t=1790119097426
EPOCH_FRONTIER_MISSING epoch=2 accounts=1 : blocks this node does not hold t=1790119097427
EPOCH_COMMITTEE derived_by=2 members=6 accounts=17675 n=340217670894998622516465550663137668946 digest=963532C6268EBD7354869237E6953643C48C72511370D12F837BAD5E2C3AC3CA shares=["911999B2:17.7%", "65A90023:16.7%", "633D9D61:16.7%", "D315857C:16.6%", "A353E45E:16.5%", "735FE217:15.8%"] t=1790119097433
EPOCH_CLOSED epoch=2 round=0 value=F7663257864783766C40AAD4A7613974C75DDD1725A962AEB6B3B394416DF50A state=7CA2A911FD0F42CDE20974B0C183B7FFB06FAACEC25ADA78A9DE97AC2221F3F1 t=1790119097433
EPOCH_COMMITTEE derived_by=2 members=6 accounts=17675 n=340217670894998622516465550663137668946 digest=963532C6268EBD7354869237E6953643C48C72511370D12F837BAD5E2C3AC3CA shares=["911999B2:17.7%", "65A90023:16.7%", "633D9D61:16.7%", "D315857C:16.6%", "A353E45E:16.5%", "735FE217:15.8%"] t=1790119097433
EPOCH_CLOSED epoch=2 round=0 value=F7663257864783766C40AAD4A7613974C75DDD1725A962AEB6B3B394416DF50A state=7CA2A911FD0F42CDE20974B0C183B7FFB06FAACEC25ADA78A9DE97AC2221F3F1 t=1790119097433
EPOCH_COMMITTEE derived_by=2 members=6 accounts=17675 n=340217670894998622516465550663137668946 digest=963532C6268EBD7354869237E6953643C48C72511370D12F837BAD5E2C3AC3CA shares=["911999B2:17.7%", "65A90023:16.7%", "633D9D61:16.7%", "D315857C:16.6%", "A353E45E:16.5%", "735FE217:15.8%"] t=1790119097434
EPOCH_CLOSED epoch=2 round=0 value=F7663257864783766C40AAD4A7613974C75DDD1725A962AEB6B3B394416DF50A state=7CA2A911FD0F42CDE20974B0C183B7FFB06FAACEC25ADA78A9DE97AC2221F3F1 t=1790119097434
EPOCH_FRONTIER_MISSING epoch=2 accounts=1 : blocks this node does not hold t=1790119097435
EPOCH_COMMITTEE derived_by=2 members=6 accounts=17675 n=340217670894998622516465550663137668946 digest=963532C6268EBD7354869237E6953643C48C72511370D12F837BAD5E2C3AC3CA shares=["911999B2:17.7%", "65A90023:16.7%", "633D9D61:16.7%", "D315857C:16.6%", "A353E45E:16.5%", "735FE217:15.8%"] t=1790119097441
EPOCH_CLOSED epoch=2 round=0 value=F7663257864783766C40AAD4A7613974C75DDD1725A962AEB6B3B394416DF50A state=7CA2A911FD0F42CDE20974B0C183B7FFB06FAACEC25ADA78A9DE97AC2221F3F1 t=1790119097441
[2m2026-09-22T23:18:17.669394Z[0m [32m INFO[0m [2mnanospam::app[0m[2m:[0m Confirmed 44,998 blocks | 2,000 bps | 0 cps | avg conf time: 0 ms
[2m2026-09-22T23:18:18.670743Z[0m [32m INFO[0m [2mnanospam::app[0m[2m:[0m Confirmed 44,998 blocks | 2,000 bps | 0 cps | avg conf time: 0 ms
[2m2026-09-22T23:18:19.673525Z[0m [32m INFO[0m [2mnanospam::app[0m[2m:[0m Confirmed 44,998 blocks | 2,000 bps | 0 cps | avg conf time: 0 ms
[2m2026-09-22T23:18:20.674975Z[0m [32m INFO[0m [2mnanospam::app[0m[2m:[0m Confirmed 44,998 blocks | 2,000 bps | 0 cps | avg conf time: 0 ms
[2m2026-09-22T23:18:21.677161Z[0m [32m INFO[0m [2mnanospam::app[0m[2m:[0m Confirmed 44,998 blocks | 2,000 bps | 0 cps | avg conf time: 0 ms
[2m2026-09-22T23:18:22.678694Z[0m [32m INFO[0m [2mnanospam::app[0m[2m:[0m Confirmed 44,998 blocks | 2,000 bps | 0 cps | avg conf time: 0 ms
[2m2026-09-22T23:18:23.680630Z[0m [32m INFO[0m [2mnanospam::app[0m[2m:[0m Confirmed 44,998 blocks | 2,000 bps | 0 cps | avg conf time: 0 ms
[2m2026-09-22T23:18:24.682734Z[0m [32m INFO[0m [2mnanospam::app[0m[2m:[0m Confirmed 44,998 blocks | 2,000 bps | 0 cps | avg conf time: 0 ms
[2m2026-09-22T23:18:25.684023Z[0m [32m INFO[0m [2mnanospam::app[0m[2m:[0m Confirmed 44,998 blocks | 2,000 bps | 0 cps | avg conf time: 0 ms
[2m2026-09-22T23:18:26.685640Z[0m [32m INFO[0m [2mnanospam::app[0m[2m:[0m Confirmed 44,998 blocks | 2,000 bps | 0 cps | avg conf time: 0 ms
[2m2026-09-22T23:18:27.687968Z[0m [32m INFO[0m [2mnanospam::app[0m[2m:[0m Confirmed 44,998 blocks | 2,000 bps | 0 cps | avg conf time: 0 ms
[2m2026-09-22T23:18:28.690256Z[0m [32m INFO[0m [2mnanospam::app[0m[2m:[0m Confirmed 44,998 blocks | 2,000 bps | 0 cps | avg conf time: 0 ms
[2m2026-09-22T23:18:29.693041Z[0m [32m INFO[0m [2mnanospam::app[0m[2m:[0m Confirmed 44,998 blocks | 2,000 bps | 0 cps | avg conf time: 0 ms
[2m2026-09-22T23:18:30.693787Z[0m [32m INFO[0m [2mnanospam::app[0m[2m:[0m Confirmed 44,998 blocks | 2,000 bps | 0 cps | avg conf time: 0 ms
[2m2026-09-22T23:18:31.695788Z[0m [32m INFO[0m [2mnanospam::app[0m[2m:[0m Confirmed 44,998 blocks | 2,000 bps | 0 cps | avg conf time: 0 ms
[2m2026-09-22T23:18:32.696994Z[0m [32m INFO[0m [2mnanospam::app[0m[2m:[0m Confirmed 44,998 blocks | 2,000 bps | 0 cps | avg conf time: 0 ms
[2m2026-09-22T23:18:33.697396Z[0m [32m INFO[0m [2mnanospam::app[0m[2m:[0m Confirmed 44,998 blocks | 2,000 bps | 0 cps | avg conf time: 0 ms
cleanup done
