[2m2026-09-18T15:14:33.190381Z[0m [32m INFO[0m [2mnanospam::setup::account_map_factory[0m[2m:[0m Creating account keys file with 45000 keys: "/Users/ruimorais/NanoSpam/account_keys.txt"
[2m2026-09-18T15:14:33.948390Z[0m [32m INFO[0m [2mnanospam::setup::node_config_factory[0m[2m:[0m ********************************************************************************
[2m2026-09-18T15:14:33.948401Z[0m [32m INFO[0m [2mnanospam::setup::node_config_factory[0m[2m:[0m Setting up node PR0...
[2m2026-09-18T15:14:33.948405Z[0m [32m INFO[0m [2mnanospam::setup::node_config_factory[0m[2m:[0m Creating directory "/Users/ruimorais/NanoSpam/pr0"
[2m2026-09-18T15:14:33.948489Z[0m [32m INFO[0m [2mnanospam::setup::node_config_factory[0m[2m:[0m Creating node config file: "/Users/ruimorais/NanoSpam/pr0/config-node.toml"
[2m2026-09-18T15:14:33.948611Z[0m [32m INFO[0m [2mnanospam::setup::node_config_factory[0m[2m:[0m Creating rpc config file: "/Users/ruimorais/NanoSpam/pr0/config-rpc.toml"
[2m2026-09-18T15:14:33.948680Z[0m [32m INFO[0m [2mnanospam::setup::node_config_factory[0m[2m:[0m ********************************************************************************
[2m2026-09-18T15:14:33.948684Z[0m [32m INFO[0m [2mnanospam::setup::node_config_factory[0m[2m:[0m Setting up node PR1...
[2m2026-09-18T15:14:33.948688Z[0m [32m INFO[0m [2mnanospam::setup::node_config_factory[0m[2m:[0m Creating directory "/Users/ruimorais/NanoSpam/pr1"
[2m2026-09-18T15:14:33.948728Z[0m [32m INFO[0m [2mnanospam::setup::node_config_factory[0m[2m:[0m Creating node config file: "/Users/ruimorais/NanoSpam/pr1/config-node.toml"
[2m2026-09-18T15:14:33.948796Z[0m [32m INFO[0m [2mnanospam::setup::node_config_factory[0m[2m:[0m Creating rpc config file: "/Users/ruimorais/NanoSpam/pr1/config-rpc.toml"
[2m2026-09-18T15:14:33.948857Z[0m [32m INFO[0m [2mnanospam::setup::node_config_factory[0m[2m:[0m ********************************************************************************
[2m2026-09-18T15:14:33.948861Z[0m [32m INFO[0m [2mnanospam::setup::node_config_factory[0m[2m:[0m Setting up node PR2...
[2m2026-09-18T15:14:33.948865Z[0m [32m INFO[0m [2mnanospam::setup::node_config_factory[0m[2m:[0m Creating directory "/Users/ruimorais/NanoSpam/pr2"
[2m2026-09-18T15:14:33.948905Z[0m [32m INFO[0m [2mnanospam::setup::node_config_factory[0m[2m:[0m Creating node config file: "/Users/ruimorais/NanoSpam/pr2/config-node.toml"
[2m2026-09-18T15:14:33.948970Z[0m [32m INFO[0m [2mnanospam::setup::node_config_factory[0m[2m:[0m Creating rpc config file: "/Users/ruimorais/NanoSpam/pr2/config-rpc.toml"
[2m2026-09-18T15:14:33.949027Z[0m [32m INFO[0m [2mnanospam::setup::node_config_factory[0m[2m:[0m ********************************************************************************
[2m2026-09-18T15:14:33.949030Z[0m [32m INFO[0m [2mnanospam::setup::node_config_factory[0m[2m:[0m Setting up node PR3...
[2m2026-09-18T15:14:33.949034Z[0m [32m INFO[0m [2mnanospam::setup::node_config_factory[0m[2m:[0m Creating directory "/Users/ruimorais/NanoSpam/pr3"
[2m2026-09-18T15:14:33.949072Z[0m [32m INFO[0m [2mnanospam::setup::node_config_factory[0m[2m:[0m Creating node config file: "/Users/ruimorais/NanoSpam/pr3/config-node.toml"
[2m2026-09-18T15:14:33.949141Z[0m [32m INFO[0m [2mnanospam::setup::node_config_factory[0m[2m:[0m Creating rpc config file: "/Users/ruimorais/NanoSpam/pr3/config-rpc.toml"
[2m2026-09-18T15:14:33.949203Z[0m [32m INFO[0m [2mnanospam::setup::node_config_factory[0m[2m:[0m ********************************************************************************
[2m2026-09-18T15:14:33.949207Z[0m [32m INFO[0m [2mnanospam::setup::node_config_factory[0m[2m:[0m Setting up node PR4...
[2m2026-09-18T15:14:33.949211Z[0m [32m INFO[0m [2mnanospam::setup::node_config_factory[0m[2m:[0m Creating directory "/Users/ruimorais/NanoSpam/pr4"
[2m2026-09-18T15:14:33.949249Z[0m [32m INFO[0m [2mnanospam::setup::node_config_factory[0m[2m:[0m Creating node config file: "/Users/ruimorais/NanoSpam/pr4/config-node.toml"
[2m2026-09-18T15:14:33.949335Z[0m [32m INFO[0m [2mnanospam::setup::node_config_factory[0m[2m:[0m Creating rpc config file: "/Users/ruimorais/NanoSpam/pr4/config-rpc.toml"
[2m2026-09-18T15:14:33.949397Z[0m [32m INFO[0m [2mnanospam::setup::node_config_factory[0m[2m:[0m ********************************************************************************
[2m2026-09-18T15:14:33.949400Z[0m [32m INFO[0m [2mnanospam::setup::node_config_factory[0m[2m:[0m Setting up node PR5...
[2m2026-09-18T15:14:33.949403Z[0m [32m INFO[0m [2mnanospam::setup::node_config_factory[0m[2m:[0m Creating directory "/Users/ruimorais/NanoSpam/pr5"
[2m2026-09-18T15:14:33.949454Z[0m [32m INFO[0m [2mnanospam::setup::node_config_factory[0m[2m:[0m Creating node config file: "/Users/ruimorais/NanoSpam/pr5/config-node.toml"
[2m2026-09-18T15:14:33.949529Z[0m [32m INFO[0m [2mnanospam::setup::node_config_factory[0m[2m:[0m Creating rpc config file: "/Users/ruimorais/NanoSpam/pr5/config-rpc.toml"
[2m2026-09-18T15:14:33.949707Z[0m [32m INFO[0m [2mnanospam::setup::node_launcher[0m[2m:[0m Starting node: NANO_TEST_GENESIS_BLOCK="{\n    \"type\": \"open\",\n    \"account\": \"nano_3nroioygg54nusrmyun4woimqex36sp3drnctdt5955uqu47fxbkrxk7n7ne\",\n    \"source\": \"D315857CE70C54DE713F6E82E5613BB3A1266C15E28AD2F4338C7BBEC456F532\",\n    \"representative\": \"nano_3nroioygg54nusrmyun4woimqex36sp3drnctdt5955uqu47fxbkrxk7n7ne\",\n    \"signature\": \"3F6792C2DC623DF2E8643777160AB983B66B337E2478E13D2C3448126A8F4CD8DCCD19803C158A057FA44060AE0EFC09B1C311CB4FBF42F8D240610B38F56E08\",\n    \"work\": \"70FEF01F7EC45DEC\"\n    }" NANO_TEST_GENESIS_PRV ="49643F9B10CA1AA34F9AF8ED4AABD29F436104CCC375974B108534A48EAE3FE1" "rsnano" "--network" "test" "--data-path" "/Users/ruimorais/NanoSpam/pr0" "node" "run"
[2m2026-09-18T15:14:33.950576Z[0m [32m INFO[0m [2mnanospam::setup::node_launcher[0m[2m:[0m Waiting for RPC...
[2m2026-09-18T15:14:34.257685Z[0m [32m INFO[0m [2mnanospam::setup::node_launcher[0m[2m:[0m Starting node: NANO_TEST_GENESIS_BLOCK="{\n    \"type\": \"open\",\n    \"account\": \"nano_3nroioygg54nusrmyun4woimqex36sp3drnctdt5955uqu47fxbkrxk7n7ne\",\n    \"source\": \"D315857CE70C54DE713F6E82E5613BB3A1266C15E28AD2F4338C7BBEC456F532\",\n    \"representative\": \"nano_3nroioygg54nusrmyun4woimqex36sp3drnctdt5955uqu47fxbkrxk7n7ne\",\n    \"signature\": \"3F6792C2DC623DF2E8643777160AB983B66B337E2478E13D2C3448126A8F4CD8DCCD19803C158A057FA44060AE0EFC09B1C311CB4FBF42F8D240610B38F56E08\",\n    \"work\": \"70FEF01F7EC45DEC\"\n    }" NANO_TEST_GENESIS_PRV ="49643F9B10CA1AA34F9AF8ED4AABD29F436104CCC375974B108534A48EAE3FE1" "rsnano" "--network" "test" "--data-path" "/Users/ruimorais/NanoSpam/pr1" "node" "run"
[2m2026-09-18T15:14:34.257996Z[0m [32m INFO[0m [2mnanospam::setup::node_launcher[0m[2m:[0m Waiting for RPC...
[2m2026-09-18T15:14:34.360547Z[0m [32m INFO[0m [2mnanospam::setup::node_launcher[0m[2m:[0m Starting node: NANO_TEST_GENESIS_BLOCK="{\n    \"type\": \"open\",\n    \"account\": \"nano_3nroioygg54nusrmyun4woimqex36sp3drnctdt5955uqu47fxbkrxk7n7ne\",\n    \"source\": \"D315857CE70C54DE713F6E82E5613BB3A1266C15E28AD2F4338C7BBEC456F532\",\n    \"representative\": \"nano_3nroioygg54nusrmyun4woimqex36sp3drnctdt5955uqu47fxbkrxk7n7ne\",\n    \"signature\": \"3F6792C2DC623DF2E8643777160AB983B66B337E2478E13D2C3448126A8F4CD8DCCD19803C158A057FA44060AE0EFC09B1C311CB4FBF42F8D240610B38F56E08\",\n    \"work\": \"70FEF01F7EC45DEC\"\n    }" NANO_TEST_GENESIS_PRV ="49643F9B10CA1AA34F9AF8ED4AABD29F436104CCC375974B108534A48EAE3FE1" "rsnano" "--network" "test" "--data-path" "/Users/ruimorais/NanoSpam/pr2" "node" "run"
[2m2026-09-18T15:14:34.360809Z[0m [32m INFO[0m [2mnanospam::setup::node_launcher[0m[2m:[0m Waiting for RPC...
[2m2026-09-18T15:14:34.463588Z[0m [32m INFO[0m [2mnanospam::setup::node_launcher[0m[2m:[0m Starting node: NANO_TEST_GENESIS_BLOCK="{\n    \"type\": \"open\",\n    \"account\": \"nano_3nroioygg54nusrmyun4woimqex36sp3drnctdt5955uqu47fxbkrxk7n7ne\",\n    \"source\": \"D315857CE70C54DE713F6E82E5613BB3A1266C15E28AD2F4338C7BBEC456F532\",\n    \"representative\": \"nano_3nroioygg54nusrmyun4woimqex36sp3drnctdt5955uqu47fxbkrxk7n7ne\",\n    \"signature\": \"3F6792C2DC623DF2E8643777160AB983B66B337E2478E13D2C3448126A8F4CD8DCCD19803C158A057FA44060AE0EFC09B1C311CB4FBF42F8D240610B38F56E08\",\n    \"work\": \"70FEF01F7EC45DEC\"\n    }" NANO_TEST_GENESIS_PRV ="49643F9B10CA1AA34F9AF8ED4AABD29F436104CCC375974B108534A48EAE3FE1" "rsnano" "--network" "test" "--data-path" "/Users/ruimorais/NanoSpam/pr3" "node" "run"
[2m2026-09-18T15:14:34.463912Z[0m [32m INFO[0m [2mnanospam::setup::node_launcher[0m[2m:[0m Waiting for RPC...
[2m2026-09-18T15:14:34.566844Z[0m [32m INFO[0m [2mnanospam::setup::node_launcher[0m[2m:[0m Starting node: NANO_TEST_GENESIS_BLOCK="{\n    \"type\": \"open\",\n    \"account\": \"nano_3nroioygg54nusrmyun4woimqex36sp3drnctdt5955uqu47fxbkrxk7n7ne\",\n    \"source\": \"D315857CE70C54DE713F6E82E5613BB3A1266C15E28AD2F4338C7BBEC456F532\",\n    \"representative\": \"nano_3nroioygg54nusrmyun4woimqex36sp3drnctdt5955uqu47fxbkrxk7n7ne\",\n    \"signature\": \"3F6792C2DC623DF2E8643777160AB983B66B337E2478E13D2C3448126A8F4CD8DCCD19803C158A057FA44060AE0EFC09B1C311CB4FBF42F8D240610B38F56E08\",\n    \"work\": \"70FEF01F7EC45DEC\"\n    }" NANO_TEST_GENESIS_PRV ="49643F9B10CA1AA34F9AF8ED4AABD29F436104CCC375974B108534A48EAE3FE1" "rsnano" "--network" "test" "--data-path" "/Users/ruimorais/NanoSpam/pr4" "node" "run"
[2m2026-09-18T15:14:34.567202Z[0m [32m INFO[0m [2mnanospam::setup::node_launcher[0m[2m:[0m Waiting for RPC...
[2m2026-09-18T15:14:34.669375Z[0m [32m INFO[0m [2mnanospam::setup::node_launcher[0m[2m:[0m Starting node: NANO_TEST_GENESIS_BLOCK="{\n    \"type\": \"open\",\n    \"account\": \"nano_3nroioygg54nusrmyun4woimqex36sp3drnctdt5955uqu47fxbkrxk7n7ne\",\n    \"source\": \"D315857CE70C54DE713F6E82E5613BB3A1266C15E28AD2F4338C7BBEC456F532\",\n    \"representative\": \"nano_3nroioygg54nusrmyun4woimqex36sp3drnctdt5955uqu47fxbkrxk7n7ne\",\n    \"signature\": \"3F6792C2DC623DF2E8643777160AB983B66B337E2478E13D2C3448126A8F4CD8DCCD19803C158A057FA44060AE0EFC09B1C311CB4FBF42F8D240610B38F56E08\",\n    \"work\": \"70FEF01F7EC45DEC\"\n    }" NANO_TEST_GENESIS_PRV ="49643F9B10CA1AA34F9AF8ED4AABD29F436104CCC375974B108534A48EAE3FE1" "rsnano" "--network" "test" "--data-path" "/Users/ruimorais/NanoSpam/pr5" "node" "run"
[2m2026-09-18T15:14:34.669734Z[0m [32m INFO[0m [2mnanospam::setup::node_launcher[0m[2m:[0m Waiting for RPC...
[2m2026-09-18T15:14:34.773512Z[0m [32m INFO[0m [2mnanospam::wallets_factory[0m[2m:[0m Creating wallet...
[2m2026-09-18T15:14:34.833578Z[0m [32m INFO[0m [2mnanospam::wallets_factory[0m[2m:[0m Setting default representative...
[2m2026-09-18T15:14:34.833958Z[0m [32m INFO[0m [2mnanospam::wallets_factory[0m[2m:[0m Creating wallet...
[2m2026-09-18T15:14:34.879004Z[0m [32m INFO[0m [2mnanospam::wallets_factory[0m[2m:[0m Setting default representative...
[2m2026-09-18T15:14:34.879309Z[0m [32m INFO[0m [2mnanospam::wallets_factory[0m[2m:[0m Sending Ӿ40,047,061 to PR1 wallet nano_3atmwjh8t11psdqf3qx6xjfiei94oajch6zsyauowxzjogbbgz168g5mp8f1 ...
[2m2026-09-18T15:14:34.879726Z[0m [32m INFO[0m [2mnanospam::wallets_factory[0m[2m:[0m Waiting for confirmation for B19EAD8221E07E52EEB7CA7EE50577B662C489ADBA15C0727DB6F8AEDAD50081
[2m2026-09-18T15:14:50.032693Z[0m [32m INFO[0m [2mnanospam::wallets_factory[0m[2m:[0m Receiving...
[2m2026-09-18T15:14:50.033650Z[0m [32m INFO[0m [2mnanospam::wallets_factory[0m[2m:[0m Waiting for confirmation for CBAA8D9FE2AA2CFEB77B87886D76922E22E4C51C0C091A54179A7E5CF79FC967
[2m2026-09-18T15:14:50.136391Z[0m [32m INFO[0m [2mnanospam::wallets_factory[0m[2m:[0m DONE
[2m2026-09-18T15:14:50.136419Z[0m [32m INFO[0m [2mnanospam::wallets_factory[0m[2m:[0m ********************************************************************************
[2m2026-09-18T15:14:50.136423Z[0m [32m INFO[0m [2mnanospam::wallets_factory[0m[2m:[0m Creating wallet...
[2m2026-09-18T15:14:50.183061Z[0m [32m INFO[0m [2mnanospam::wallets_factory[0m[2m:[0m Setting default representative...
[2m2026-09-18T15:14:50.183416Z[0m [32m INFO[0m [2mnanospam::wallets_factory[0m[2m:[0m Sending Ӿ40,047,061 to PR2 wallet nano_36asm8scxymtsjmgqp14per3zxpgaec1c65qb9en1buscq7qzqa93tfyyzs3 ...
[2m2026-09-18T15:14:50.183846Z[0m [32m INFO[0m [2mnanospam::wallets_factory[0m[2m:[0m Waiting for confirmation for CAFB013DCCB20BBF4CC103A0FDD2BF25C8F109B9E984B96D0666840E4B0F89BA
[2m2026-09-18T15:14:53.864233Z[0m [32m INFO[0m [2mnanospam::wallets_factory[0m[2m:[0m Receiving...
[2m2026-09-18T15:14:53.865944Z[0m [32m INFO[0m [2mnanospam::wallets_factory[0m[2m:[0m Waiting for confirmation for 7189E44F408196E8FD1F393F06CDAD4F7C5A415B2A2DDFA8ABEABEE83DA60182
[2m2026-09-18T15:14:53.969105Z[0m [32m INFO[0m [2mnanospam::wallets_factory[0m[2m:[0m DONE
[2m2026-09-18T15:14:53.969161Z[0m [32m INFO[0m [2mnanospam::wallets_factory[0m[2m:[0m ********************************************************************************
[2m2026-09-18T15:14:53.969175Z[0m [32m INFO[0m [2mnanospam::wallets_factory[0m[2m:[0m Creating wallet...
[2m2026-09-18T15:14:54.041201Z[0m [32m INFO[0m [2mnanospam::wallets_factory[0m[2m:[0m Setting default representative...
[2m2026-09-18T15:14:54.041599Z[0m [32m INFO[0m [2mnanospam::wallets_factory[0m[2m:[0m Sending Ӿ40,047,061 to PR3 wallet nano_1sfb11jzfi8k51fcnrzi1qe3qh1e1jkic3h45oak9yfg5yhbkczzxfwtat7m ...
[2m2026-09-18T15:14:54.042038Z[0m [32m INFO[0m [2mnanospam::wallets_factory[0m[2m:[0m Waiting for confirmation for E2CEA882BAF6FE5BE932C387FEB7740D791CAF9E5BECC7CEE8176C7DDEE6378A
[2m2026-09-18T15:14:54.247414Z[0m [32m INFO[0m [2mnanospam::wallets_factory[0m[2m:[0m Receiving...
[2m2026-09-18T15:14:54.248911Z[0m [32m INFO[0m [2mnanospam::wallets_factory[0m[2m:[0m Waiting for confirmation for EA5EC3EAA2535557DB68742DBFA22A64B7B314876EE136F919471550E89D65D4
[2m2026-09-18T15:14:54.353108Z[0m [32m INFO[0m [2mnanospam::wallets_factory[0m[2m:[0m DONE
[2m2026-09-18T15:14:54.353245Z[0m [32m INFO[0m [2mnanospam::wallets_factory[0m[2m:[0m ********************************************************************************
[2m2026-09-18T15:14:54.353273Z[0m [32m INFO[0m [2mnanospam::wallets_factory[0m[2m:[0m Creating wallet...
[2m2026-09-18T15:14:54.432442Z[0m [32m INFO[0m [2mnanospam::wallets_factory[0m[2m:[0m Setting default representative...
[2m2026-09-18T15:14:54.432770Z[0m [32m INFO[0m [2mnanospam::wallets_factory[0m[2m:[0m Sending Ӿ40,047,061 to PR4 wallet nano_1rsxmoinip7d4wafdp855194n43fs7s1jgne6tx8ruatiu6g89815pddzijp ...
[2m2026-09-18T15:14:54.433243Z[0m [32m INFO[0m [2mnanospam::wallets_factory[0m[2m:[0m Waiting for confirmation for 22677C7E74B964C1E24887306A66EAC48330280DFA5744E0E21166EC47B5438A
[2m2026-09-18T15:14:54.535803Z[0m [32m INFO[0m [2mnanospam::wallets_factory[0m[2m:[0m Receiving...
[2m2026-09-18T15:14:54.536381Z[0m [32m INFO[0m [2mnanospam::wallets_factory[0m[2m:[0m Waiting for confirmation for 686B8354F9897585048EDBC473B612A3E2823DE919A66201E69841219A6B5651
[2m2026-09-18T15:14:54.638420Z[0m [32m INFO[0m [2mnanospam::wallets_factory[0m[2m:[0m DONE
[2m2026-09-18T15:14:54.638442Z[0m [32m INFO[0m [2mnanospam::wallets_factory[0m[2m:[0m ********************************************************************************
[2m2026-09-18T15:14:54.638451Z[0m [32m INFO[0m [2mnanospam::wallets_factory[0m[2m:[0m Creating wallet...
[2m2026-09-18T15:14:54.731654Z[0m [32m INFO[0m [2mnanospam::wallets_factory[0m[2m:[0m Setting default representative...
[2m2026-09-18T15:14:54.731876Z[0m [32m INFO[0m [2mnanospam::wallets_factory[0m[2m:[0m Sending Ӿ40,047,061 to PR5 wallet nano_1wtzwadxk9naxc356m4rienp93ht131w7ypadk39qck8uah3bg3zohsmj9th ...
[2m2026-09-18T15:14:54.732245Z[0m [32m INFO[0m [2mnanospam::wallets_factory[0m[2m:[0m Waiting for confirmation for 86B6E149E407121861E950D6B66B56BA39E500C199E580ED6065515C3C25094F
[2m2026-09-18T15:14:54.937110Z[0m [32m INFO[0m [2mnanospam::wallets_factory[0m[2m:[0m Receiving...
[2m2026-09-18T15:14:54.937708Z[0m [32m INFO[0m [2mnanospam::wallets_factory[0m[2m:[0m Waiting for confirmation for 417F8AEA0F6FDD9A5EE6F5896819E98A81FC15AA2CF56207A5BCFB27193E37A9
[2m2026-09-18T15:14:55.141592Z[0m [32m INFO[0m [2mnanospam::wallets_factory[0m[2m:[0m DONE
[2m2026-09-18T15:14:55.141663Z[0m [32m INFO[0m [2mnanospam::wallets_factory[0m[2m:[0m ********************************************************************************
[2m2026-09-18T15:14:55.141674Z[0m [32m INFO[0m [2mnanospam::wallets_factory[0m[2m:[0m Sending initial spam amount...
[2m2026-09-18T15:14:55.142634Z[0m [32m INFO[0m [2mnanospam::wallets_factory[0m[2m:[0m Waiting for confirmation for F10DEA42918D99DC5AE920E5F05F5D4094A3FC28C7F5B629589E7C7E09EB37A9
[2m2026-09-18T15:14:55.347391Z[0m [32m INFO[0m [2mnanospam::wallets_factory[0m[2m:[0m Receiving initial spam amount...
[2m2026-09-18T15:14:55.348431Z[0m [32m INFO[0m [2mnanospam::wallets_factory[0m[2m:[0m Waiting for confirmation for 86E43372135C252D4F586B2767D0FFA1DFD10AF667E21E6815652AAA090B7EFA
[2m2026-09-18T15:14:55.656242Z[0m [32m INFO[0m [2mnanospam::high_prio_check[0m[2m:[0m Creating high priority accounts...
[2m2026-09-18T15:14:55.681955Z[0m [32m INFO[0m [2mnanospam::high_prio_check[0m[2m:[0m Waiting for confirmations...
[2m2026-09-18T15:14:58.276509Z[0m [32m INFO[0m [2mnanospam::app[0m[2m:[0m Waiting for all PRs to see the full quorum...
[2m2026-09-18T15:15:46.237240Z[0m [32m INFO[0m [2mnanospam::app[0m[2m:[0m All PRs see the full quorum after 47.962048458s
[2m2026-09-18T15:15:46.237328Z[0m [32m INFO[0m [2mnanospam::app[0m[2m:[0m Connecting to node PR0... [3mpeer_addr[0m[2m=[0m[::1]:17075
[2m2026-09-18T15:15:46.237649Z[0m [32m INFO[0m [2mnanospam::app[0m[2m:[0m Performing handshake...
[2m2026-09-18T15:15:46.238227Z[0m [32m INFO[0m [2mnanospam::app[0m[2m:[0m Performing handshake...
[2m2026-09-18T15:15:46.250139Z[0m [32m INFO[0m [2mnanospam::app[0m[2m:[0m Performing handshake...
[2m2026-09-18T15:15:46.261109Z[0m [32m INFO[0m [2mnanospam::app[0m[2m:[0m Performing handshake...
[2m2026-09-18T15:15:46.272523Z[0m [32m INFO[0m [2mnanospam::app[0m[2m:[0m Connecting to node PR1... [3mpeer_addr[0m[2m=[0m[::1]:17085
[2m2026-09-18T15:15:46.272735Z[0m [32m INFO[0m [2mnanospam::app[0m[2m:[0m Performing handshake...
[2m2026-09-18T15:15:46.273235Z[0m [32m INFO[0m [2mnanospam::app[0m[2m:[0m Performing handshake...
[2m2026-09-18T15:15:46.283521Z[0m [32m INFO[0m [2mnanospam::app[0m[2m:[0m Performing handshake...
[2m2026-09-18T15:15:46.295597Z[0m [32m INFO[0m [2mnanospam::app[0m[2m:[0m Performing handshake...
[2m2026-09-18T15:15:46.306253Z[0m [32m INFO[0m [2mnanospam::app[0m[2m:[0m Connecting to node PR2... [3mpeer_addr[0m[2m=[0m[::1]:17095
[2m2026-09-18T15:15:46.306513Z[0m [32m INFO[0m [2mnanospam::app[0m[2m:[0m Performing handshake...
[2m2026-09-18T15:15:46.307052Z[0m [32m INFO[0m [2mnanospam::app[0m[2m:[0m Performing handshake...
[2m2026-09-18T15:15:46.318437Z[0m [32m INFO[0m [2mnanospam::app[0m[2m:[0m Performing handshake...
[2m2026-09-18T15:15:46.330274Z[0m [32m INFO[0m [2mnanospam::app[0m[2m:[0m Performing handshake...
[2m2026-09-18T15:15:46.342109Z[0m [32m INFO[0m [2mnanospam::app[0m[2m:[0m Connecting to node PR3... [3mpeer_addr[0m[2m=[0m[::1]:17105
[2m2026-09-18T15:15:46.342344Z[0m [32m INFO[0m [2mnanospam::app[0m[2m:[0m Performing handshake...
[2m2026-09-18T15:15:46.342984Z[0m [32m INFO[0m [2mnanospam::app[0m[2m:[0m Performing handshake...
[2m2026-09-18T15:15:46.353958Z[0m [32m INFO[0m [2mnanospam::app[0m[2m:[0m Performing handshake...
[2m2026-09-18T15:15:46.365171Z[0m [32m INFO[0m [2mnanospam::app[0m[2m:[0m Performing handshake...
[2m2026-09-18T15:15:46.376651Z[0m [32m INFO[0m [2mnanospam::app[0m[2m:[0m Connecting to node PR4... [3mpeer_addr[0m[2m=[0m[::1]:17115
[2m2026-09-18T15:15:46.377020Z[0m [32m INFO[0m [2mnanospam::app[0m[2m:[0m Performing handshake...
[2m2026-09-18T15:15:46.377578Z[0m [32m INFO[0m [2mnanospam::app[0m[2m:[0m Performing handshake...
[2m2026-09-18T15:15:46.388575Z[0m [32m INFO[0m [2mnanospam::app[0m[2m:[0m Performing handshake...
[2m2026-09-18T15:15:46.399364Z[0m [32m INFO[0m [2mnanospam::app[0m[2m:[0m Performing handshake...
[2m2026-09-18T15:15:46.409846Z[0m [32m INFO[0m [2mnanospam::app[0m[2m:[0m Connecting to node PR5... [3mpeer_addr[0m[2m=[0m[::1]:17125
[2m2026-09-18T15:15:46.410089Z[0m [32m INFO[0m [2mnanospam::app[0m[2m:[0m Performing handshake...
[2m2026-09-18T15:15:46.410561Z[0m [32m INFO[0m [2mnanospam::app[0m[2m:[0m Performing handshake...
[2m2026-09-18T15:15:46.421875Z[0m [32m INFO[0m [2mnanospam::app[0m[2m:[0m Performing handshake...
[2m2026-09-18T15:15:46.433608Z[0m [32m INFO[0m [2mnanospam::app[0m[2m:[0m Performing handshake...
[2m2026-09-18T15:15:46.445240Z[0m [32m INFO[0m [2mnanospam::app[0m[2m:[0m Connecting to websocket...
[2m2026-09-18T15:15:46.445757Z[0m [32m INFO[0m [2mnanospam::app[0m[2m:[0m Starting with 2000 BPS
[2m2026-09-18T15:15:47.446926Z[0m [32m INFO[0m [2mnanospam::app[0m[2m:[0m Confirmed 54 blocks | 2,000 bps | 59 cps | avg conf time: 100 ms
[2m2026-09-18T15:15:48.447557Z[0m [32m INFO[0m [2mnanospam::app[0m[2m:[0m Confirmed 1,489 blocks | 2,000 bps | 1,434 cps | avg conf time: 91 ms
[2m2026-09-18T15:15:49.494565Z[0m [32m INFO[0m [2mnanospam::app[0m[2m:[0m Confirmed 3,854 blocks | 2,000 bps | 2,258 cps | avg conf time: 219 ms
[2m2026-09-18T15:15:50.495445Z[0m [32m INFO[0m [2mnanospam::app[0m[2m:[0m Confirmed 6,377 blocks | 2,000 bps | 2,520 cps | avg conf time: 264 ms
[2m2026-09-18T15:15:51.502623Z[0m [32m INFO[0m [2mnanospam::app[0m[2m:[0m Confirmed 8,677 blocks | 2,000 bps | 2,296 cps | avg conf time: 158 ms
[2m2026-09-18T15:15:52.503409Z[0m [32m INFO[0m [2mnanospam::app[0m[2m:[0m Confirmed 10,435 blocks | 2,000 bps | 1,746 cps | avg conf time: 98 ms
[2m2026-09-18T15:15:53.504388Z[0m [32m INFO[0m [2mnanospam::app[0m[2m:[0m Confirmed 12,242 blocks | 2,000 bps | 1,805 cps | avg conf time: 99 ms
[2m2026-09-18T15:15:54.505378Z[0m [32m INFO[0m [2mnanospam::app[0m[2m:[0m Confirmed 14,060 blocks | 2,000 bps | 1,816 cps | avg conf time: 106 ms
[2m2026-09-18T15:15:55.506961Z[0m [32m INFO[0m [2mnanospam::app[0m[2m:[0m Confirmed 15,747 blocks | 2,000 bps | 1,684 cps | avg conf time: 96 ms
[2m2026-09-18T15:15:56.507564Z[0m [32m INFO[0m [2mnanospam::app[0m[2m:[0m Confirmed 17,484 blocks | 2,000 bps | 1,735 cps | avg conf time: 94 ms
[2m2026-09-18T15:15:57.509407Z[0m [32m INFO[0m [2mnanospam::app[0m[2m:[0m Confirmed 19,214 blocks | 2,000 bps | 1,728 cps | avg conf time: 96 ms
[2m2026-09-18T15:15:58.510266Z[0m [32m INFO[0m [2mnanospam::app[0m[2m:[0m Confirmed 20,978 blocks | 2,000 bps | 1,760 cps | avg conf time: 98 ms
[2m2026-09-18T15:15:59.511535Z[0m [32m INFO[0m [2mnanospam::app[0m[2m:[0m Confirmed 22,679 blocks | 2,000 bps | 1,698 cps | avg conf time: 109 ms
[2m2026-09-18T15:16:00.512223Z[0m [32m INFO[0m [2mnanospam::app[0m[2m:[0m Confirmed 24,547 blocks | 2,000 bps | 1,866 cps | avg conf time: 108 ms
[2m2026-09-18T15:16:01.514173Z[0m [32m INFO[0m [2mnanospam::app[0m[2m:[0m Confirmed 26,213 blocks | 2,000 bps | 1,662 cps | avg conf time: 103 ms
[2m2026-09-18T15:16:02.515340Z[0m [32m INFO[0m [2mnanospam::app[0m[2m:[0m Confirmed 27,984 blocks | 2,000 bps | 1,768 cps | avg conf time: 96 ms
[2m2026-09-18T15:16:03.516127Z[0m [32m INFO[0m [2mnanospam::app[0m[2m:[0m Confirmed 29,663 blocks | 2,000 bps | 1,677 cps | avg conf time: 101 ms
[2m2026-09-18T15:16:04.517796Z[0m [32m INFO[0m [2mnanospam::app[0m[2m:[0m Confirmed 31,433 blocks | 2,000 bps | 1,767 cps | avg conf time: 109 ms
[2m2026-09-18T15:16:05.519653Z[0m [32m INFO[0m [2mnanospam::app[0m[2m:[0m Confirmed 33,169 blocks | 2,000 bps | 1,734 cps | avg conf time: 102 ms
[2m2026-09-18T15:16:06.521537Z[0m [32m INFO[0m [2mnanospam::app[0m[2m:[0m Confirmed 34,951 blocks | 2,000 bps | 1,778 cps | avg conf time: 100 ms
[2m2026-09-18T15:16:07.521997Z[0m [32m INFO[0m [2mnanospam::app[0m[2m:[0m Confirmed 36,633 blocks | 2,000 bps | 1,679 cps | avg conf time: 95 ms
[2m2026-09-18T15:16:08.523057Z[0m [32m INFO[0m [2mnanospam::app[0m[2m:[0m Confirmed 38,358 blocks | 2,000 bps | 1,723 cps | avg conf time: 111 ms
[2m2026-09-18T15:16:09.524436Z[0m [32m INFO[0m [2mnanospam::app[0m[2m:[0m Confirmed 40,022 blocks | 2,000 bps | 1,661 cps | avg conf time: 104 ms
[2m2026-09-18T15:16:10.526205Z[0m [32m INFO[0m [2mnanospam::app[0m[2m:[0m Confirmed 41,743 blocks | 2,000 bps | 1,719 cps | avg conf time: 113 ms
[2m2026-09-18T15:16:11.526848Z[0m [32m INFO[0m [2mnanospam::app[0m[2m:[0m Confirmed 42,823 blocks | 2,000 bps | 1,077 cps | avg conf time: 126 ms
[2m2026-09-18T15:16:12.528911Z[0m [32m INFO[0m [2mnanospam::app[0m[2m:[0m Confirmed 42,823 blocks | 2,000 bps | 0 cps | avg conf time: 0 ms
[2m2026-09-18T15:16:13.530953Z[0m [32m INFO[0m [2mnanospam::app[0m[2m:[0m Confirmed 42,823 blocks | 2,000 bps | 0 cps | avg conf time: 0 ms
[2m2026-09-18T15:16:14.532150Z[0m [32m INFO[0m [2mnanospam::app[0m[2m:[0m Confirmed 42,823 blocks | 2,000 bps | 0 cps | avg conf time: 0 ms
[2m2026-09-18T15:16:15.533798Z[0m [32m INFO[0m [2mnanospam::app[0m[2m:[0m Confirmed 42,823 blocks | 2,000 bps | 0 cps | avg conf time: 0 ms
[2m2026-09-18T15:16:16.536109Z[0m [32m INFO[0m [2mnanospam::app[0m[2m:[0m Confirmed 42,823 blocks | 2,000 bps | 0 cps | avg conf time: 0 ms
[2m2026-09-18T15:16:17.537120Z[0m [32m INFO[0m [2mnanospam::app[0m[2m:[0m Confirmed 42,823 blocks | 2,000 bps | 0 cps | avg conf time: 0 ms
[2m2026-09-18T15:16:18.538690Z[0m [32m INFO[0m [2mnanospam::app[0m[2m:[0m Confirmed 42,823 blocks | 2,000 bps | 0 cps | avg conf time: 0 ms
[2m2026-09-18T15:16:19.540156Z[0m [32m INFO[0m [2mnanospam::app[0m[2m:[0m Confirmed 42,823 blocks | 2,000 bps | 0 cps | avg conf time: 0 ms
[2m2026-09-18T15:16:20.541039Z[0m [32m INFO[0m [2mnanospam::app[0m[2m:[0m Confirmed 42,823 blocks | 2,000 bps | 0 cps | avg conf time: 0 ms
[2m2026-09-18T15:16:21.541609Z[0m [32m INFO[0m [2mnanospam::app[0m[2m:[0m Confirmed 42,823 blocks | 2,000 bps | 0 cps | avg conf time: 0 ms
[2m2026-09-18T15:16:22.543729Z[0m [32m INFO[0m [2mnanospam::app[0m[2m:[0m Confirmed 42,823 blocks | 2,000 bps | 0 cps | avg conf time: 0 ms
[2m2026-09-18T15:16:23.545966Z[0m [32m INFO[0m [2mnanospam::app[0m[2m:[0m Confirmed 42,823 blocks | 2,000 bps | 0 cps | avg conf time: 0 ms
[2m2026-09-18T15:16:24.547704Z[0m [32m INFO[0m [2mnanospam::app[0m[2m:[0m Confirmed 42,823 blocks | 2,000 bps | 0 cps | avg conf time: 0 ms
[2m2026-09-18T15:16:25.548979Z[0m [32m INFO[0m [2mnanospam::app[0m[2m:[0m Confirmed 42,823 blocks | 2,000 bps | 0 cps | avg conf time: 0 ms
[2m2026-09-18T15:16:26.550158Z[0m [32m INFO[0m [2mnanospam::app[0m[2m:[0m Confirmed 42,823 blocks | 2,000 bps | 0 cps | avg conf time: 0 ms
[2m2026-09-18T15:16:27.551360Z[0m [32m INFO[0m [2mnanospam::app[0m[2m:[0m Confirmed 42,823 blocks | 2,000 bps | 0 cps | avg conf time: 0 ms
[2m2026-09-18T15:16:28.553936Z[0m [32m INFO[0m [2mnanospam::app[0m[2m:[0m Confirmed 42,823 blocks | 2,000 bps | 0 cps | avg conf time: 0 ms
[2m2026-09-18T15:16:29.554957Z[0m [32m INFO[0m [2mnanospam::app[0m[2m:[0m Confirmed 42,823 blocks | 2,000 bps | 0 cps | avg conf time: 0 ms
[2m2026-09-18T15:16:30.556070Z[0m [32m INFO[0m [2mnanospam::app[0m[2m:[0m Confirmed 42,823 blocks | 2,000 bps | 0 cps | avg conf time: 0 ms
[2m2026-09-18T15:16:31.557567Z[0m [32m INFO[0m [2mnanospam::app[0m[2m:[0m Confirmed 42,823 blocks | 2,000 bps | 0 cps | avg conf time: 0 ms
[2m2026-09-18T15:16:32.558805Z[0m [32m INFO[0m [2mnanospam::app[0m[2m:[0m Confirmed 42,823 blocks | 2,000 bps | 0 cps | avg conf time: 0 ms
[2m2026-09-18T15:16:33.560014Z[0m [32m INFO[0m [2mnanospam::app[0m[2m:[0m Confirmed 42,823 blocks | 2,000 bps | 0 cps | avg conf time: 0 ms
[2m2026-09-18T15:16:34.560557Z[0m [32m INFO[0m [2mnanospam::app[0m[2m:[0m Confirmed 42,823 blocks | 2,000 bps | 0 cps | avg conf time: 0 ms
[2m2026-09-18T15:16:35.562464Z[0m [32m INFO[0m [2mnanospam::app[0m[2m:[0m Confirmed 42,823 blocks | 2,000 bps | 0 cps | avg conf time: 0 ms
[2m2026-09-18T15:16:36.563173Z[0m [32m INFO[0m [2mnanospam::app[0m[2m:[0m Confirmed 42,823 blocks | 2,000 bps | 0 cps | avg conf time: 0 ms
[2m2026-09-18T15:16:37.565541Z[0m [32m INFO[0m [2mnanospam::app[0m[2m:[0m Confirmed 42,823 blocks | 2,000 bps | 0 cps | avg conf time: 0 ms
[2m2026-09-18T15:16:38.567232Z[0m [32m INFO[0m [2mnanospam::app[0m[2m:[0m Confirmed 42,823 blocks | 2,000 bps | 0 cps | avg conf time: 0 ms
[2m2026-09-18T15:16:39.568286Z[0m [32m INFO[0m [2mnanospam::app[0m[2m:[0m Confirmed 42,823 blocks | 2,000 bps | 0 cps | avg conf time: 0 ms
[2m2026-09-18T15:16:40.569234Z[0m [32m INFO[0m [2mnanospam::app[0m[2m:[0m Confirmed 42,823 blocks | 2,000 bps | 0 cps | avg conf time: 0 ms
[2m2026-09-18T15:16:41.571823Z[0m [32m INFO[0m [2mnanospam::app[0m[2m:[0m Confirmed 42,823 blocks | 2,000 bps | 0 cps | avg conf time: 0 ms
[2m2026-09-18T15:16:42.572850Z[0m [32m INFO[0m [2mnanospam::app[0m[2m:[0m Confirmed 42,823 blocks | 2,000 bps | 0 cps | avg conf time: 0 ms
[2m2026-09-18T15:16:43.574522Z[0m [32m INFO[0m [2mnanospam::app[0m[2m:[0m Confirmed 42,823 blocks | 2,000 bps | 0 cps | avg conf time: 0 ms
[2m2026-09-18T15:16:44.575325Z[0m [32m INFO[0m [2mnanospam::app[0m[2m:[0m Confirmed 42,823 blocks | 2,000 bps | 0 cps | avg conf time: 0 ms
[2m2026-09-18T15:16:45.576510Z[0m [32m INFO[0m [2mnanospam::app[0m[2m:[0m Confirmed 42,823 blocks | 2,000 bps | 0 cps | avg conf time: 0 ms
[2m2026-09-18T15:16:46.576961Z[0m [32m INFO[0m [2mnanospam::app[0m[2m:[0m Confirmed 42,823 blocks | 2,000 bps | 0 cps | avg conf time: 0 ms
[2m2026-09-18T15:16:47.578354Z[0m [32m INFO[0m [2mnanospam::app[0m[2m:[0m Confirmed 42,823 blocks | 2,000 bps | 0 cps | avg conf time: 0 ms
[2m2026-09-18T15:16:48.579429Z[0m [32m INFO[0m [2mnanospam::app[0m[2m:[0m Confirmed 42,823 blocks | 2,000 bps | 0 cps | avg conf time: 0 ms
[2m2026-09-18T15:16:49.580570Z[0m [32m INFO[0m [2mnanospam::app[0m[2m:[0m Confirmed 42,823 blocks | 2,000 bps | 0 cps | avg conf time: 0 ms
[2m2026-09-18T15:16:50.582364Z[0m [32m INFO[0m [2mnanospam::app[0m[2m:[0m Confirmed 42,823 blocks | 2,000 bps | 0 cps | avg conf time: 0 ms
[2m2026-09-18T15:16:51.583591Z[0m [32m INFO[0m [2mnanospam::app[0m[2m:[0m Confirmed 42,823 blocks | 2,000 bps | 0 cps | avg conf time: 0 ms
[2m2026-09-18T15:16:52.585756Z[0m [32m INFO[0m [2mnanospam::app[0m[2m:[0m Confirmed 42,823 blocks | 2,000 bps | 0 cps | avg conf time: 0 ms
[2m2026-09-18T15:16:53.587922Z[0m [32m INFO[0m [2mnanospam::app[0m[2m:[0m Confirmed 42,823 blocks | 2,000 bps | 0 cps | avg conf time: 0 ms
[2m2026-09-18T15:16:54.588854Z[0m [32m INFO[0m [2mnanospam::app[0m[2m:[0m Confirmed 42,823 blocks | 2,000 bps | 0 cps | avg conf time: 0 ms
[2m2026-09-18T15:16:55.590864Z[0m [32m INFO[0m [2mnanospam::app[0m[2m:[0m Confirmed 42,823 blocks | 2,000 bps | 0 cps | avg conf time: 0 ms
[2m2026-09-18T15:16:56.591892Z[0m [32m INFO[0m [2mnanospam::app[0m[2m:[0m Confirmed 42,823 blocks | 2,000 bps | 0 cps | avg conf time: 0 ms
[2m2026-09-18T15:16:57.594465Z[0m [32m INFO[0m [2mnanospam::app[0m[2m:[0m Confirmed 42,823 blocks | 2,000 bps | 0 cps | avg conf time: 0 ms
[2m2026-09-18T15:16:58.595805Z[0m [32m INFO[0m [2mnanospam::app[0m[2m:[0m Confirmed 42,823 blocks | 2,000 bps | 0 cps | avg conf time: 0 ms
[2m2026-09-18T15:16:59.597230Z[0m [32m INFO[0m [2mnanospam::app[0m[2m:[0m Confirmed 42,823 blocks | 2,000 bps | 0 cps | avg conf time: 0 ms
[2m2026-09-18T15:17:00.598953Z[0m [32m INFO[0m [2mnanospam::app[0m[2m:[0m Confirmed 42,823 blocks | 2,000 bps | 0 cps | avg conf time: 0 ms
[2m2026-09-18T15:17:01.599604Z[0m [32m INFO[0m [2mnanospam::app[0m[2m:[0m Confirmed 42,823 blocks | 2,000 bps | 0 cps | avg conf time: 0 ms
[2m2026-09-18T15:17:02.601172Z[0m [32m INFO[0m [2mnanospam::app[0m[2m:[0m Confirmed 42,823 blocks | 2,000 bps | 0 cps | avg conf time: 0 ms
[2m2026-09-18T15:17:03.602333Z[0m [32m INFO[0m [2mnanospam::app[0m[2m:[0m Confirmed 42,823 blocks | 2,000 bps | 0 cps | avg conf time: 0 ms
[2m2026-09-18T15:17:04.604037Z[0m [32m INFO[0m [2mnanospam::app[0m[2m:[0m Confirmed 42,823 blocks | 2,000 bps | 0 cps | avg conf time: 0 ms
[2m2026-09-18T15:17:05.605284Z[0m [32m INFO[0m [2mnanospam::app[0m[2m:[0m Confirmed 42,823 blocks | 2,000 bps | 0 cps | avg conf time: 0 ms
[2m2026-09-18T15:17:06.607526Z[0m [32m INFO[0m [2mnanospam::app[0m[2m:[0m Confirmed 42,823 blocks | 2,000 bps | 0 cps | avg conf time: 0 ms
[2m2026-09-18T15:17:07.609946Z[0m [32m INFO[0m [2mnanospam::app[0m[2m:[0m Confirmed 42,823 blocks | 2,000 bps | 0 cps | avg conf time: 0 ms
[2m2026-09-18T15:17:08.610562Z[0m [32m INFO[0m [2mnanospam::app[0m[2m:[0m Confirmed 42,823 blocks | 2,000 bps | 0 cps | avg conf time: 0 ms
[2m2026-09-18T15:17:09.612887Z[0m [32m INFO[0m [2mnanospam::app[0m[2m:[0m Confirmed 42,823 blocks | 2,000 bps | 0 cps | avg conf time: 0 ms
[2m2026-09-18T15:17:10.613547Z[0m [32m INFO[0m [2mnanospam::app[0m[2m:[0m Confirmed 42,823 blocks | 2,000 bps | 0 cps | avg conf time: 0 ms
[2m2026-09-18T15:17:11.615640Z[0m [32m INFO[0m [2mnanospam::app[0m[2m:[0m Confirmed 42,823 blocks | 2,000 bps | 0 cps | avg conf time: 0 ms
[2m2026-09-18T15:17:12.617354Z[0m [32m INFO[0m [2mnanospam::app[0m[2m:[0m Confirmed 42,823 blocks | 2,000 bps | 0 cps | avg conf time: 0 ms
[2m2026-09-18T15:17:13.619606Z[0m [32m INFO[0m [2mnanospam::app[0m[2m:[0m Confirmed 42,823 blocks | 2,000 bps | 0 cps | avg conf time: 0 ms
[2m2026-09-18T15:17:14.621075Z[0m [32m INFO[0m [2mnanospam::app[0m[2m:[0m Confirmed 42,823 blocks | 2,000 bps | 0 cps | avg conf time: 0 ms
[2m2026-09-18T15:17:15.622942Z[0m [32m INFO[0m [2mnanospam::app[0m[2m:[0m Confirmed 42,823 blocks | 2,000 bps | 0 cps | avg conf time: 0 ms
[2m2026-09-18T15:17:16.624366Z[0m [32m INFO[0m [2mnanospam::app[0m[2m:[0m Confirmed 42,823 blocks | 2,000 bps | 0 cps | avg conf time: 0 ms
[2m2026-09-18T15:17:17.625708Z[0m [32m INFO[0m [2mnanospam::app[0m[2m:[0m Confirmed 42,823 blocks | 2,000 bps | 0 cps | avg conf time: 0 ms
[2m2026-09-18T15:17:18.625918Z[0m [32m INFO[0m [2mnanospam::app[0m[2m:[0m Confirmed 42,823 blocks | 2,000 bps | 0 cps | avg conf time: 0 ms
[2m2026-09-18T15:17:19.628366Z[0m [32m INFO[0m [2mnanospam::app[0m[2m:[0m Confirmed 42,823 blocks | 2,000 bps | 0 cps | avg conf time: 0 ms
[2m2026-09-18T15:17:20.630455Z[0m [32m INFO[0m [2mnanospam::app[0m[2m:[0m Confirmed 42,823 blocks | 2,000 bps | 0 cps | avg conf time: 0 ms
[2m2026-09-18T15:17:21.631397Z[0m [32m INFO[0m [2mnanospam::app[0m[2m:[0m Confirmed 42,823 blocks | 2,000 bps | 0 cps | avg conf time: 0 ms
[2m2026-09-18T15:17:22.632289Z[0m [32m INFO[0m [2mnanospam::app[0m[2m:[0m Confirmed 42,823 blocks | 2,000 bps | 0 cps | avg conf time: 0 ms
[2m2026-09-18T15:17:23.632819Z[0m [32m INFO[0m [2mnanospam::app[0m[2m:[0m Confirmed 42,823 blocks | 2,000 bps | 0 cps | avg conf time: 0 ms
[2m2026-09-18T15:17:24.635590Z[0m [32m INFO[0m [2mnanospam::app[0m[2m:[0m Confirmed 42,823 blocks | 2,000 bps | 0 cps | avg conf time: 0 ms
[2m2026-09-18T15:17:25.635743Z[0m [32m INFO[0m [2mnanospam::app[0m[2m:[0m Confirmed 42,823 blocks | 2,000 bps | 0 cps | avg conf time: 0 ms
[2m2026-09-18T15:17:26.637397Z[0m [32m INFO[0m [2mnanospam::app[0m[2m:[0m Confirmed 42,823 blocks | 2,000 bps | 0 cps | avg conf time: 0 ms
[2m2026-09-18T15:17:27.638722Z[0m [32m INFO[0m [2mnanospam::app[0m[2m:[0m Confirmed 42,823 blocks | 2,000 bps | 0 cps | avg conf time: 0 ms
[2m2026-09-18T15:17:28.639976Z[0m [32m INFO[0m [2mnanospam::app[0m[2m:[0m Confirmed 42,823 blocks | 2,000 bps | 0 cps | avg conf time: 0 ms
[2m2026-09-18T15:17:29.641228Z[0m [32m INFO[0m [2mnanospam::app[0m[2m:[0m Confirmed 42,823 blocks | 2,000 bps | 0 cps | avg conf time: 0 ms
[2m2026-09-18T15:17:30.642333Z[0m [32m INFO[0m [2mnanospam::app[0m[2m:[0m Confirmed 42,823 blocks | 2,000 bps | 0 cps | avg conf time: 0 ms
[2m2026-09-18T15:17:31.643032Z[0m [32m INFO[0m [2mnanospam::app[0m[2m:[0m Confirmed 42,823 blocks | 2,000 bps | 0 cps | avg conf time: 0 ms
[2m2026-09-18T15:17:32.644247Z[0m [32m INFO[0m [2mnanospam::app[0m[2m:[0m Confirmed 42,823 blocks | 2,000 bps | 0 cps | avg conf time: 0 ms
[2m2026-09-18T15:17:33.645166Z[0m [32m INFO[0m [2mnanospam::app[0m[2m:[0m Confirmed 42,823 blocks | 2,000 bps | 0 cps | avg conf time: 0 ms
[2m2026-09-18T15:17:34.645833Z[0m [32m INFO[0m [2mnanospam::app[0m[2m:[0m Confirmed 42,823 blocks | 2,000 bps | 0 cps | avg conf time: 0 ms
[2m2026-09-18T15:17:35.647560Z[0m [32m INFO[0m [2mnanospam::app[0m[2m:[0m Confirmed 42,823 blocks | 2,000 bps | 0 cps | avg conf time: 0 ms
[2m2026-09-18T15:17:36.648949Z[0m [32m INFO[0m [2mnanospam::app[0m[2m:[0m Confirmed 42,823 blocks | 2,000 bps | 0 cps | avg conf time: 0 ms
[2m2026-09-18T15:17:37.650536Z[0m [32m INFO[0m [2mnanospam::app[0m[2m:[0m Confirmed 42,823 blocks | 2,000 bps | 0 cps | avg conf time: 0 ms
[2m2026-09-18T15:17:38.652159Z[0m [32m INFO[0m [2mnanospam::app[0m[2m:[0m Confirmed 42,823 blocks | 2,000 bps | 0 cps | avg conf time: 0 ms
[2m2026-09-18T15:17:39.653459Z[0m [32m INFO[0m [2mnanospam::app[0m[2m:[0m Confirmed 42,823 blocks | 2,000 bps | 0 cps | avg conf time: 0 ms
[2m2026-09-18T15:17:40.655570Z[0m [32m INFO[0m [2mnanospam::app[0m[2m:[0m Confirmed 42,823 blocks | 2,000 bps | 0 cps | avg conf time: 0 ms
[2m2026-09-18T15:17:41.656615Z[0m [32m INFO[0m [2mnanospam::app[0m[2m:[0m Confirmed 42,823 blocks | 2,000 bps | 0 cps | avg conf time: 0 ms
cleanup done
