2026-10-07T15:43:11.825075Z  INFO nanospam::setup::account_map_factory: Creating account keys file with 45000 keys: "/var/folders/1y/px089b2s6f9d893xp1p4c7wh0000gn/T/rai-gate-b-e4mhmds4/account_keys.txt"
2026-10-07T15:43:12.571624Z  INFO nanospam::setup::node_config_factory: ********************************************************************************
2026-10-07T15:43:12.571637Z  INFO nanospam::setup::node_config_factory: Setting up node PR0...
2026-10-07T15:43:12.571641Z  INFO nanospam::setup::node_config_factory: Creating directory "/var/folders/1y/px089b2s6f9d893xp1p4c7wh0000gn/T/rai-gate-b-e4mhmds4/pr0"
2026-10-07T15:43:12.571718Z  INFO nanospam::setup::node_config_factory: Creating node config file: "/var/folders/1y/px089b2s6f9d893xp1p4c7wh0000gn/T/rai-gate-b-e4mhmds4/pr0/config-node.toml"
2026-10-07T15:43:12.571836Z  INFO nanospam::setup::node_config_factory: Creating rpc config file: "/var/folders/1y/px089b2s6f9d893xp1p4c7wh0000gn/T/rai-gate-b-e4mhmds4/pr0/config-rpc.toml"
2026-10-07T15:43:12.571902Z  INFO nanospam::setup::node_config_factory: ********************************************************************************
2026-10-07T15:43:12.571906Z  INFO nanospam::setup::node_config_factory: Setting up node PR1...
2026-10-07T15:43:12.571914Z  INFO nanospam::setup::node_config_factory: Creating directory "/var/folders/1y/px089b2s6f9d893xp1p4c7wh0000gn/T/rai-gate-b-e4mhmds4/pr1"
2026-10-07T15:43:12.571956Z  INFO nanospam::setup::node_config_factory: Creating node config file: "/var/folders/1y/px089b2s6f9d893xp1p4c7wh0000gn/T/rai-gate-b-e4mhmds4/pr1/config-node.toml"
2026-10-07T15:43:12.572034Z  INFO nanospam::setup::node_config_factory: Creating rpc config file: "/var/folders/1y/px089b2s6f9d893xp1p4c7wh0000gn/T/rai-gate-b-e4mhmds4/pr1/config-rpc.toml"
2026-10-07T15:43:12.572095Z  INFO nanospam::setup::node_config_factory: ********************************************************************************
2026-10-07T15:43:12.572099Z  INFO nanospam::setup::node_config_factory: Setting up node PR2...
2026-10-07T15:43:12.572102Z  INFO nanospam::setup::node_config_factory: Creating directory "/var/folders/1y/px089b2s6f9d893xp1p4c7wh0000gn/T/rai-gate-b-e4mhmds4/pr2"
2026-10-07T15:43:12.572143Z  INFO nanospam::setup::node_config_factory: Creating node config file: "/var/folders/1y/px089b2s6f9d893xp1p4c7wh0000gn/T/rai-gate-b-e4mhmds4/pr2/config-node.toml"
2026-10-07T15:43:12.572210Z  INFO nanospam::setup::node_config_factory: Creating rpc config file: "/var/folders/1y/px089b2s6f9d893xp1p4c7wh0000gn/T/rai-gate-b-e4mhmds4/pr2/config-rpc.toml"
2026-10-07T15:43:12.572267Z  INFO nanospam::setup::node_config_factory: ********************************************************************************
2026-10-07T15:43:12.572270Z  INFO nanospam::setup::node_config_factory: Setting up node PR3...
2026-10-07T15:43:12.572273Z  INFO nanospam::setup::node_config_factory: Creating directory "/var/folders/1y/px089b2s6f9d893xp1p4c7wh0000gn/T/rai-gate-b-e4mhmds4/pr3"
2026-10-07T15:43:12.572311Z  INFO nanospam::setup::node_config_factory: Creating node config file: "/var/folders/1y/px089b2s6f9d893xp1p4c7wh0000gn/T/rai-gate-b-e4mhmds4/pr3/config-node.toml"
2026-10-07T15:43:12.572384Z  INFO nanospam::setup::node_config_factory: Creating rpc config file: "/var/folders/1y/px089b2s6f9d893xp1p4c7wh0000gn/T/rai-gate-b-e4mhmds4/pr3/config-rpc.toml"
2026-10-07T15:43:12.572440Z  INFO nanospam::setup::node_config_factory: ********************************************************************************
2026-10-07T15:43:12.572446Z  INFO nanospam::setup::node_config_factory: Setting up node PR4...
2026-10-07T15:43:12.572449Z  INFO nanospam::setup::node_config_factory: Creating directory "/var/folders/1y/px089b2s6f9d893xp1p4c7wh0000gn/T/rai-gate-b-e4mhmds4/pr4"
2026-10-07T15:43:12.572495Z  INFO nanospam::setup::node_config_factory: Creating node config file: "/var/folders/1y/px089b2s6f9d893xp1p4c7wh0000gn/T/rai-gate-b-e4mhmds4/pr4/config-node.toml"
2026-10-07T15:43:12.572561Z  INFO nanospam::setup::node_config_factory: Creating rpc config file: "/var/folders/1y/px089b2s6f9d893xp1p4c7wh0000gn/T/rai-gate-b-e4mhmds4/pr4/config-rpc.toml"
2026-10-07T15:43:12.572626Z  INFO nanospam::setup::node_config_factory: ********************************************************************************
2026-10-07T15:43:12.572629Z  INFO nanospam::setup::node_config_factory: Setting up node PR5...
2026-10-07T15:43:12.572631Z  INFO nanospam::setup::node_config_factory: Creating directory "/var/folders/1y/px089b2s6f9d893xp1p4c7wh0000gn/T/rai-gate-b-e4mhmds4/pr5"
2026-10-07T15:43:12.572671Z  INFO nanospam::setup::node_config_factory: Creating node config file: "/var/folders/1y/px089b2s6f9d893xp1p4c7wh0000gn/T/rai-gate-b-e4mhmds4/pr5/config-node.toml"
2026-10-07T15:43:12.572739Z  INFO nanospam::setup::node_config_factory: Creating rpc config file: "/var/folders/1y/px089b2s6f9d893xp1p4c7wh0000gn/T/rai-gate-b-e4mhmds4/pr5/config-rpc.toml"
2026-10-07T15:43:12.572961Z  INFO nanospam::setup::node_launcher: Starting node: NANO_TEST_GENESIS_BLOCK="{\n    \"type\": \"open\",\n    \"account\": \"nano_3nroioygg54nusrmyun4woimqex36sp3drnctdt5955uqu47fxbkrxk7n7ne\",\n    \"source\": \"D315857CE70C54DE713F6E82E5613BB3A1266C15E28AD2F4338C7BBEC456F532\",\n    \"representative\": \"nano_3nroioygg54nusrmyun4woimqex36sp3drnctdt5955uqu47fxbkrxk7n7ne\",\n    \"signature\": \"3F6792C2DC623DF2E8643777160AB983B66B337E2478E13D2C3448126A8F4CD8DCCD19803C158A057FA44060AE0EFC09B1C311CB4FBF42F8D240610B38F56E08\",\n    \"work\": \"70FEF01F7EC45DEC\"\n    }" NANO_TEST_GENESIS_PRV ="49643F9B10CA1AA34F9AF8ED4AABD29F436104CCC375974B108534A48EAE3FE1" "rsnano" "--network" "test" "--data-path" "/var/folders/1y/px089b2s6f9d893xp1p4c7wh0000gn/T/rai-gate-b-e4mhmds4/pr0" "node" "run"
2026-10-07T15:43:12.573557Z  INFO nanospam::setup::node_launcher: Waiting for RPC...
2026-10-07T15:43:12.882242Z  INFO nanospam::setup::node_launcher: Starting node: NANO_TEST_GENESIS_BLOCK="{\n    \"type\": \"open\",\n    \"account\": \"nano_3nroioygg54nusrmyun4woimqex36sp3drnctdt5955uqu47fxbkrxk7n7ne\",\n    \"source\": \"D315857CE70C54DE713F6E82E5613BB3A1266C15E28AD2F4338C7BBEC456F532\",\n    \"representative\": \"nano_3nroioygg54nusrmyun4woimqex36sp3drnctdt5955uqu47fxbkrxk7n7ne\",\n    \"signature\": \"3F6792C2DC623DF2E8643777160AB983B66B337E2478E13D2C3448126A8F4CD8DCCD19803C158A057FA44060AE0EFC09B1C311CB4FBF42F8D240610B38F56E08\",\n    \"work\": \"70FEF01F7EC45DEC\"\n    }" NANO_TEST_GENESIS_PRV ="49643F9B10CA1AA34F9AF8ED4AABD29F436104CCC375974B108534A48EAE3FE1" "rsnano" "--network" "test" "--data-path" "/var/folders/1y/px089b2s6f9d893xp1p4c7wh0000gn/T/rai-gate-b-e4mhmds4/pr1" "node" "run"
2026-10-07T15:43:12.882961Z  INFO nanospam::setup::node_launcher: Waiting for RPC...
2026-10-07T15:43:12.986118Z  INFO nanospam::setup::node_launcher: Starting node: NANO_TEST_GENESIS_BLOCK="{\n    \"type\": \"open\",\n    \"account\": \"nano_3nroioygg54nusrmyun4woimqex36sp3drnctdt5955uqu47fxbkrxk7n7ne\",\n    \"source\": \"D315857CE70C54DE713F6E82E5613BB3A1266C15E28AD2F4338C7BBEC456F532\",\n    \"representative\": \"nano_3nroioygg54nusrmyun4woimqex36sp3drnctdt5955uqu47fxbkrxk7n7ne\",\n    \"signature\": \"3F6792C2DC623DF2E8643777160AB983B66B337E2478E13D2C3448126A8F4CD8DCCD19803C158A057FA44060AE0EFC09B1C311CB4FBF42F8D240610B38F56E08\",\n    \"work\": \"70FEF01F7EC45DEC\"\n    }" NANO_TEST_GENESIS_PRV ="49643F9B10CA1AA34F9AF8ED4AABD29F436104CCC375974B108534A48EAE3FE1" "rsnano" "--network" "test" "--data-path" "/var/folders/1y/px089b2s6f9d893xp1p4c7wh0000gn/T/rai-gate-b-e4mhmds4/pr2" "node" "run"
2026-10-07T15:43:12.987099Z  INFO nanospam::setup::node_launcher: Waiting for RPC...
2026-10-07T15:43:13.090435Z  INFO nanospam::setup::node_launcher: Starting node: NANO_TEST_GENESIS_BLOCK="{\n    \"type\": \"open\",\n    \"account\": \"nano_3nroioygg54nusrmyun4woimqex36sp3drnctdt5955uqu47fxbkrxk7n7ne\",\n    \"source\": \"D315857CE70C54DE713F6E82E5613BB3A1266C15E28AD2F4338C7BBEC456F532\",\n    \"representative\": \"nano_3nroioygg54nusrmyun4woimqex36sp3drnctdt5955uqu47fxbkrxk7n7ne\",\n    \"signature\": \"3F6792C2DC623DF2E8643777160AB983B66B337E2478E13D2C3448126A8F4CD8DCCD19803C158A057FA44060AE0EFC09B1C311CB4FBF42F8D240610B38F56E08\",\n    \"work\": \"70FEF01F7EC45DEC\"\n    }" NANO_TEST_GENESIS_PRV ="49643F9B10CA1AA34F9AF8ED4AABD29F436104CCC375974B108534A48EAE3FE1" "rsnano" "--network" "test" "--data-path" "/var/folders/1y/px089b2s6f9d893xp1p4c7wh0000gn/T/rai-gate-b-e4mhmds4/pr3" "node" "run"
2026-10-07T15:43:13.091774Z  INFO nanospam::setup::node_launcher: Waiting for RPC...
2026-10-07T15:43:13.195288Z  INFO nanospam::setup::node_launcher: Starting node: NANO_TEST_GENESIS_BLOCK="{\n    \"type\": \"open\",\n    \"account\": \"nano_3nroioygg54nusrmyun4woimqex36sp3drnctdt5955uqu47fxbkrxk7n7ne\",\n    \"source\": \"D315857CE70C54DE713F6E82E5613BB3A1266C15E28AD2F4338C7BBEC456F532\",\n    \"representative\": \"nano_3nroioygg54nusrmyun4woimqex36sp3drnctdt5955uqu47fxbkrxk7n7ne\",\n    \"signature\": \"3F6792C2DC623DF2E8643777160AB983B66B337E2478E13D2C3448126A8F4CD8DCCD19803C158A057FA44060AE0EFC09B1C311CB4FBF42F8D240610B38F56E08\",\n    \"work\": \"70FEF01F7EC45DEC\"\n    }" NANO_TEST_GENESIS_PRV ="49643F9B10CA1AA34F9AF8ED4AABD29F436104CCC375974B108534A48EAE3FE1" "rsnano" "--network" "test" "--data-path" "/var/folders/1y/px089b2s6f9d893xp1p4c7wh0000gn/T/rai-gate-b-e4mhmds4/pr4" "node" "run"
2026-10-07T15:43:13.196256Z  INFO nanospam::setup::node_launcher: Waiting for RPC...
2026-10-07T15:43:13.298726Z  INFO nanospam::setup::node_launcher: Starting node: NANO_TEST_GENESIS_BLOCK="{\n    \"type\": \"open\",\n    \"account\": \"nano_3nroioygg54nusrmyun4woimqex36sp3drnctdt5955uqu47fxbkrxk7n7ne\",\n    \"source\": \"D315857CE70C54DE713F6E82E5613BB3A1266C15E28AD2F4338C7BBEC456F532\",\n    \"representative\": \"nano_3nroioygg54nusrmyun4woimqex36sp3drnctdt5955uqu47fxbkrxk7n7ne\",\n    \"signature\": \"3F6792C2DC623DF2E8643777160AB983B66B337E2478E13D2C3448126A8F4CD8DCCD19803C158A057FA44060AE0EFC09B1C311CB4FBF42F8D240610B38F56E08\",\n    \"work\": \"70FEF01F7EC45DEC\"\n    }" NANO_TEST_GENESIS_PRV ="49643F9B10CA1AA34F9AF8ED4AABD29F436104CCC375974B108534A48EAE3FE1" "rsnano" "--network" "test" "--data-path" "/var/folders/1y/px089b2s6f9d893xp1p4c7wh0000gn/T/rai-gate-b-e4mhmds4/pr5" "node" "run"
2026-10-07T15:43:13.299637Z  INFO nanospam::setup::node_launcher: Waiting for RPC...
2026-10-07T15:43:13.403326Z  INFO nanospam::wallets_factory: Creating wallet...
2026-10-07T15:43:13.480264Z  INFO nanospam::wallets_factory: Setting default representative...
2026-10-07T15:43:13.480649Z  INFO nanospam::wallets_factory: Creating wallet...
2026-10-07T15:43:13.524879Z  INFO nanospam::wallets_factory: Setting default representative...
2026-10-07T15:43:13.525148Z  INFO nanospam::wallets_factory: Sending Ӿ56,547,061 to PR1 wallet nano_3atmwjh8t11psdqf3qx6xjfiei94oajch6zsyauowxzjogbbgz168g5mp8f1 ...
2026-10-07T15:43:13.525552Z  INFO nanospam::wallets_factory: Waiting for confirmation for 70B574FB519B8DEA27D8F4952C2E7B0378B009608D6FC967984D3C83440C9C3D
2026-10-07T15:43:28.622184Z  INFO nanospam::wallets_factory: Receiving...
2026-10-07T15:43:28.624198Z  INFO nanospam::wallets_factory: Waiting for confirmation for 011C6AC2721054F46B03A50885AF48083A4A685154A55D85116DBCE413673F86
2026-10-07T15:43:28.727024Z  INFO nanospam::wallets_factory: DONE
2026-10-07T15:43:28.727118Z  INFO nanospam::wallets_factory: ********************************************************************************
2026-10-07T15:43:28.727135Z  INFO nanospam::wallets_factory: Creating wallet...
2026-10-07T15:43:28.804461Z  INFO nanospam::wallets_factory: Setting default representative...
2026-10-07T15:43:28.804816Z  INFO nanospam::wallets_factory: Sending Ӿ56,547,061 to PR2 wallet nano_36asm8scxymtsjmgqp14per3zxpgaec1c65qb9en1buscq7qzqa93tfyyzs3 ...
2026-10-07T15:43:28.805351Z  INFO nanospam::wallets_factory: Waiting for confirmation for 76B3937072C015B69E45D5458B47CF52A54A38F8ED441B0E21561A3048243E90
2026-10-07T15:43:28.908022Z  INFO nanospam::wallets_factory: Receiving...
2026-10-07T15:43:28.908783Z  INFO nanospam::wallets_factory: Waiting for confirmation for 402DCF4725254BECF5C5CB5F707C169725EE114819D289F8A5477C2FFF19BDC0
2026-10-07T15:43:29.011561Z  INFO nanospam::wallets_factory: DONE
2026-10-07T15:43:29.011612Z  INFO nanospam::wallets_factory: ********************************************************************************
2026-10-07T15:43:29.011620Z  INFO nanospam::wallets_factory: Creating wallet...
2026-10-07T15:43:29.077085Z  INFO nanospam::wallets_factory: Setting default representative...
2026-10-07T15:43:29.077312Z  INFO nanospam::wallets_factory: Sending Ӿ56,547,061 to PR3 wallet nano_1sfb11jzfi8k51fcnrzi1qe3qh1e1jkic3h45oak9yfg5yhbkczzxfwtat7m ...
2026-10-07T15:43:29.077692Z  INFO nanospam::wallets_factory: Waiting for confirmation for FF4589BE1759B38CC94ABA0AE4FE6644845FE957C02EA9CEA669A28C8D1ADE97
2026-10-07T15:43:44.680340Z  INFO nanospam::wallets_factory: Receiving...
2026-10-07T15:43:44.681649Z  INFO nanospam::wallets_factory: Waiting for confirmation for 1210B877FF188F4FF352C0EDE856AA702A1D6763EFA96EA84BB10519898BE6D0
2026-10-07T15:43:44.784866Z  INFO nanospam::wallets_factory: DONE
2026-10-07T15:43:44.784928Z  INFO nanospam::wallets_factory: ********************************************************************************
2026-10-07T15:43:44.784945Z  INFO nanospam::wallets_factory: Creating wallet...
2026-10-07T15:43:44.862398Z  INFO nanospam::wallets_factory: Setting default representative...
2026-10-07T15:43:44.862768Z  INFO nanospam::wallets_factory: Sending Ӿ56,547,061 to PR4 wallet nano_1rsxmoinip7d4wafdp855194n43fs7s1jgne6tx8ruatiu6g89815pddzijp ...
2026-10-07T15:43:44.863292Z  INFO nanospam::wallets_factory: Waiting for confirmation for 23D89F3531AC5EE2378D3606C70B24D2A7B9016B8ADB1A970E6B1D9E7576186D
2026-10-07T15:43:45.068887Z  INFO nanospam::wallets_factory: Receiving...
2026-10-07T15:43:45.070693Z  INFO nanospam::wallets_factory: Waiting for confirmation for 8D401F6072C9B3A9EFBA68DA33CC97FF1D15EEB9F09CE4731C1A7614578C3E56
2026-10-07T15:43:45.276088Z  INFO nanospam::wallets_factory: DONE
2026-10-07T15:43:45.276158Z  INFO nanospam::wallets_factory: ********************************************************************************
2026-10-07T15:43:45.276176Z  INFO nanospam::wallets_factory: Creating wallet...
2026-10-07T15:43:45.352473Z  INFO nanospam::wallets_factory: Setting default representative...
2026-10-07T15:43:45.352856Z  INFO nanospam::wallets_factory: Sending Ӿ56,547,061 to PR5 wallet nano_1wtzwadxk9naxc356m4rienp93ht131w7ypadk39qck8uah3bg3zohsmj9th ...
2026-10-07T15:43:45.353210Z  INFO nanospam::wallets_factory: Waiting for confirmation for A5666BC59C8DD98A7E52D6F61006629E4EDB37063C12A73BFB41D35538B371CA
2026-10-07T15:44:00.553551Z  INFO nanospam::wallets_factory: Receiving...
2026-10-07T15:44:00.556070Z  INFO nanospam::wallets_factory: Waiting for confirmation for 49EEF9EFFD843E7FE6FB8D0DE0A19E8B88DBE91F26F5FDDB0E8862DEF7553864
2026-10-07T15:44:00.761998Z  INFO nanospam::wallets_factory: DONE
2026-10-07T15:44:00.762141Z  INFO nanospam::wallets_factory: ********************************************************************************
2026-10-07T15:44:00.762174Z  INFO nanospam::wallets_factory: Sending initial spam amount...
2026-10-07T15:44:00.764028Z  INFO nanospam::wallets_factory: Waiting for confirmation for D1EC87C63F4FF91C79F3C21DCE32E3E916134AB049A7241B1381CBECC11F3E69
2026-10-07T15:44:00.867464Z  INFO nanospam::wallets_factory: Receiving initial spam amount...
2026-10-07T15:44:00.868671Z  INFO nanospam::wallets_factory: Waiting for confirmation for C929FAB43612C641E4760480D2B84F805FECE4E783651BB311B9D1A866C10C7A
2026-10-07T15:44:00.972205Z  INFO nanospam::wallets_factory: Seeding Ӿ142,857 to nano_3eqheeb44wbctjwgfqjewfw45su8ejwdmtwtbsmow5w1w8j4fwjf1czm343x for representative D315857CE70C54DE713F6E82E5613BB3A1266C15E28AD2F4338C7BBEC456F532
2026-10-07T15:44:00.973093Z  INFO nanospam::wallets_factory: Waiting for confirmation for 61F1755F7A3D58F6A0FB91F1CA510D2F99A6910A6BC6A1086288A57F902A9F23
2026-10-07T15:44:01.179458Z  INFO nanospam::wallets_factory: Waiting for confirmation for 18AE94D04E825CC2F82E68051D1D312F6D73B3FC9B1977A3921518CFD5F4277F
2026-10-07T15:44:01.386927Z  INFO nanospam::wallets_factory: Seeding Ӿ142,857 to nano_1ie14zusyb6upu5r1udyefjgeb8nej8f7y5bsqk3xsktbecqj5scugf9icx5 for representative A353E45E6D0016CAEED0DFA4EC5B0640E2AA22A793F9F2375E77F1AB92977C04
2026-10-07T15:44:01.388368Z  INFO nanospam::wallets_factory: Waiting for confirmation for 065F131E51D27B5987833D6C8F49600509708D81A253EB79549BF19F2C39E827
2026-10-07T15:44:01.596427Z  INFO nanospam::wallets_factory: Waiting for confirmation for 4FE0C4A8814588D73C4E92D2E5595DD40AEB0A6425C0F743A35FA21C51CD4489
2026-10-07T15:44:01.699905Z  INFO nanospam::wallets_factory: Seeding Ӿ142,857 to nano_37n58r1aw7fgzcpxmty4cne1dfocso63uonqsco57n8txjr1uut51d11qa4m for representative 911999B2AEFA7ACC66EBD802B3301FF6CE431405107749D940277955CB7FDD07
2026-10-07T15:44:01.701046Z  INFO nanospam::wallets_factory: Waiting for confirmation for 1DEA4E81F59BF158EB85122E9AC9A8A3D5B46765E839789B1CD41CB913813647
2026-10-07T15:44:01.907745Z  INFO nanospam::wallets_factory: Waiting for confirmation for 7ECF7DE825CCCE53EF66728793828F1D08E04E5B51BC8B74ED18853A1F2A06A0
2026-10-07T15:44:02.011744Z  INFO nanospam::wallets_factory: Seeding Ӿ142,857 to nano_1hu5xznrb6n3s6rkw7msyhwbbmhc5fy9y8zp6h9od683579b5ksyd5eaeiht for representative 65A90023F6C0D2181AAA63F005D81BBC0C04650505E21D5123F9AE1F9E992BFF
2026-10-07T15:44:02.012588Z  INFO nanospam::wallets_factory: Waiting for confirmation for B6B0AF7923CF402084B7071B77C294C4CF391EBEEAFDDDE9500359EC1C9A06E9
2026-10-07T15:44:02.219343Z  INFO nanospam::wallets_factory: Waiting for confirmation for 3B73A7F364717257204DEEE3EC75EEA79D905195A3769239A21D6B505316C282
2026-10-07T15:44:02.425613Z  INFO nanospam::wallets_factory: Seeding Ӿ142,857 to nano_3ijr368x4p8rr9ikdifgsbcs381qf5iyukes6a39xn3y9z8h8souqydfs1ha for representative 633D9D614858AB1710D5D8C3180E2A082DC97208BA8C26BA6C6D1A86C8E31CC0
2026-10-07T15:44:02.426771Z  INFO nanospam::wallets_factory: Waiting for confirmation for 5350C04D6A9673CF84A5E04C89CAD4D6834E8D0EB38D79398576BBF9FF72C356
2026-10-07T15:44:02.532112Z  INFO nanospam::wallets_factory: Waiting for confirmation for 861C6A4E69BDECA42AC4AE79D40A0D53C98274CB2711DB2C48BB40B11CC4319F
2026-10-07T15:44:02.739402Z  INFO nanospam::wallets_factory: Seeding Ӿ142,857 to nano_1ic75d8hpip4ikhciotu96dedtknyasffswp97o33psw1iyz5u1by4xd378h for representative 735FE217D91E88EA82324C5883296385FA0041C2FAC85C827BAA46DA1E14B83F
2026-10-07T15:44:02.740709Z  INFO nanospam::wallets_factory: Waiting for confirmation for 1D2DCB5C1AFC7D90B27EAB1A89A6D6CA9FAFCCFE221696D0BE76ED12BF9D5DBD
2026-10-07T15:44:02.846014Z  INFO nanospam::wallets_factory: Waiting for confirmation for 408C4D01D4ECE7FEDD3E29A28581986A50818BCD79A2A41ED88054D48591678C
2026-10-07T15:44:03.054353Z  INFO nanospam::high_prio_check: Creating high priority accounts...
2026-10-07T15:44:03.083578Z  INFO nanospam::high_prio_check: Waiting for confirmations...
2026-10-07T15:44:05.205674Z  INFO nanospam::app: Waiting for all PRs to see the full quorum...
2026-10-07T15:44:15.347396Z  INFO nanospam::app: Republished the genesis chain to all PRs
2026-10-07T15:44:20.247313Z  INFO nanospam::app: Republished the genesis chain to all PRs
2026-10-07T15:44:25.351257Z  INFO nanospam::app: Republished the genesis chain to all PRs
2026-10-07T15:44:30.256781Z  INFO nanospam::app: Republished the genesis chain to all PRs
2026-10-07T15:44:30.866569Z  INFO nanospam::app: All PRs see the full quorum after 25.661467375s
2026-10-07T15:44:30.866731Z  INFO nanospam::app: Waiting for all PRs to hold the same cemented ledger...
2026-10-07T15:44:30.868256Z  INFO nanospam::app: All PRs hold the same ledger of 65 blocks after 1.505125ms
EPOCH_COMMITTEE derived_by=genesis members=6 accounts=33 n=6 digest=95D409445152DD075E6A4799205DFA5689496EB8EE1A22AC2A200B9DBC2DCF27 shares=["A353E45E:16.7%", "65A90023:16.7%", "D315857C:16.7%", "911999B2:16.7%", "633D9D61:16.7%", "735FE217:16.7%"] t=1791387870868
EPOCH_START epoch=0 elections=0 t=1791387870868
EPOCH_COMMITTEE derived_by=genesis members=6 accounts=33 n=6 digest=95D409445152DD075E6A4799205DFA5689496EB8EE1A22AC2A200B9DBC2DCF27 shares=["A353E45E:16.7%", "65A90023:16.7%", "D315857C:16.7%", "911999B2:16.7%", "633D9D61:16.7%", "735FE217:16.7%"] t=1791387870869
EPOCH_START epoch=0 elections=0 t=1791387870869
EPOCH_COMMITTEE derived_by=genesis members=6 accounts=33 n=6 digest=95D409445152DD075E6A4799205DFA5689496EB8EE1A22AC2A200B9DBC2DCF27 shares=["A353E45E:16.7%", "65A90023:16.7%", "D315857C:16.7%", "911999B2:16.7%", "633D9D61:16.7%", "735FE217:16.7%"] t=1791387870869
EPOCH_START epoch=0 elections=0 t=1791387870869
EPOCH_COMMITTEE derived_by=genesis members=6 accounts=33 n=6 digest=95D409445152DD075E6A4799205DFA5689496EB8EE1A22AC2A200B9DBC2DCF27 shares=["A353E45E:16.7%", "65A90023:16.7%", "D315857C:16.7%", "911999B2:16.7%", "633D9D61:16.7%", "735FE217:16.7%"] t=1791387870870
EPOCH_START epoch=0 elections=0 t=1791387870870
EPOCH_COMMITTEE derived_by=genesis members=6 accounts=33 n=6 digest=95D409445152DD075E6A4799205DFA5689496EB8EE1A22AC2A200B9DBC2DCF27 shares=["A353E45E:16.7%", "65A90023:16.7%", "D315857C:16.7%", "911999B2:16.7%", "633D9D61:16.7%", "735FE217:16.7%"] t=1791387870870
EPOCH_START epoch=0 elections=0 t=1791387870870
EPOCH_COMMITTEE derived_by=genesis members=6 accounts=33 n=6 digest=95D409445152DD075E6A4799205DFA5689496EB8EE1A22AC2A200B9DBC2DCF27 shares=["A353E45E:16.7%", "65A90023:16.7%", "D315857C:16.7%", "911999B2:16.7%", "633D9D61:16.7%", "735FE217:16.7%"] t=1791387870871
EPOCH_START epoch=0 elections=0 t=1791387870871
2026-10-07T15:44:30.871682Z  INFO nanospam::app: Started the epochs on every PR
2026-10-07T15:44:30.871707Z  INFO nanospam::app: Connecting to node PR0... peer_addr=[::1]:17075
2026-10-07T15:44:30.872048Z  INFO nanospam::app: Performing handshake...
2026-10-07T15:44:30.872970Z  INFO nanospam::app: Performing handshake...
2026-10-07T15:44:30.884077Z  INFO nanospam::app: Performing handshake...
2026-10-07T15:44:30.895332Z  INFO nanospam::app: Performing handshake...
2026-10-07T15:44:30.906172Z  INFO nanospam::app: Connecting to node PR1... peer_addr=[::1]:17085
2026-10-07T15:44:30.906386Z  INFO nanospam::app: Performing handshake...
2026-10-07T15:44:30.907122Z  INFO nanospam::app: Performing handshake...
2026-10-07T15:44:30.919322Z  INFO nanospam::app: Performing handshake...
2026-10-07T15:44:30.930378Z  INFO nanospam::app: Performing handshake...
2026-10-07T15:44:30.941172Z  INFO nanospam::app: Connecting to node PR2... peer_addr=[::1]:17095
2026-10-07T15:44:30.941572Z  INFO nanospam::app: Performing handshake...
2026-10-07T15:44:30.942230Z  INFO nanospam::app: Performing handshake...
2026-10-07T15:44:30.953322Z  INFO nanospam::app: Performing handshake...
2026-10-07T15:44:30.965465Z  INFO nanospam::app: Performing handshake...
2026-10-07T15:44:30.977804Z  INFO nanospam::app: Connecting to node PR3... peer_addr=[::1]:17105
2026-10-07T15:44:30.978225Z  INFO nanospam::app: Performing handshake...
2026-10-07T15:44:30.979335Z  INFO nanospam::app: Performing handshake...
2026-10-07T15:44:30.990750Z  INFO nanospam::app: Performing handshake...
2026-10-07T15:44:31.001714Z  INFO nanospam::app: Performing handshake...
2026-10-07T15:44:31.013669Z  INFO nanospam::app: Connecting to node PR4... peer_addr=[::1]:17115
2026-10-07T15:44:31.013926Z  INFO nanospam::app: Performing handshake...
2026-10-07T15:44:31.014557Z  INFO nanospam::app: Performing handshake...
2026-10-07T15:44:31.026696Z  INFO nanospam::app: Performing handshake...
2026-10-07T15:44:31.038928Z  INFO nanospam::app: Performing handshake...
2026-10-07T15:44:31.050622Z  INFO nanospam::app: Connecting to node PR5... peer_addr=[::1]:17125
2026-10-07T15:44:31.050890Z  INFO nanospam::app: Performing handshake...
2026-10-07T15:44:31.051383Z  INFO nanospam::app: Performing handshake...
2026-10-07T15:44:31.062778Z  INFO nanospam::app: Performing handshake...
2026-10-07T15:44:31.073865Z  INFO nanospam::app: Performing handshake...
2026-10-07T15:44:31.084896Z  INFO nanospam::app: Connecting to websocket...
2026-10-07T15:44:31.086168Z  INFO nanospam::app: Starting with 2000 BPS
2026-10-07T15:44:32.087972Z  INFO nanospam::app: Confirmed 1,078 blocks | 2,000 bps | 1,166 cps | avg conf time: 82 ms
2026-10-07T15:44:33.095461Z  INFO nanospam::app: Confirmed 4,324 blocks | 2,000 bps | 3,239 cps | avg conf time: 134 ms
2026-10-07T15:44:34.096462Z  INFO nanospam::app: Confirmed 6,584 blocks | 2,000 bps | 2,245 cps | avg conf time: 113 ms
2026-10-07T15:44:35.097149Z  INFO nanospam::app: Confirmed 8,549 blocks | 2,000 bps | 1,963 cps | avg conf time: 91 ms
2026-10-07T15:44:36.098048Z  INFO nanospam::app: Confirmed 10,538 blocks | 2,000 bps | 1,987 cps | avg conf time: 91 ms
2026-10-07T15:44:37.099396Z  INFO nanospam::app: Confirmed 12,414 blocks | 2,000 bps | 1,873 cps | avg conf time: 90 ms
2026-10-07T15:44:38.100250Z  INFO nanospam::app: Confirmed 14,354 blocks | 2,000 bps | 1,938 cps | avg conf time: 90 ms
EPOCH_ENDED epoch=0 elections=179 active=174 t=1791387878874
EPOCH_ENDED epoch=0 elections=179 active=174 t=1791387878874
EPOCH_ENDED epoch=0 elections=179 active=174 t=1791387878874
EPOCH_ENDED epoch=0 elections=179 active=174 t=1791387878874
EPOCH_ENDED epoch=0 elections=179 active=174 t=1791387878874
EPOCH_ENDED epoch=0 elections=179 active=174 t=1791387878874
EPOCH_CARRIED epoch=0 instances=6 t=1791387878896
EPOCH_ADVANCED epoch=1 elections=185 active=180 vote_records=187611 t=1791387878896
EPOCH_CARRIED epoch=0 instances=14 t=1791387878896
EPOCH_ADVANCED epoch=1 elections=193 active=188 vote_records=187609 t=1791387878896
EPOCH_CARRIED epoch=0 instances=23 t=1791387878905
EPOCH_ADVANCED epoch=1 elections=202 active=197 vote_records=187608 t=1791387878905
EPOCH_CARRIED epoch=0 instances=9 t=1791387878906
EPOCH_ADVANCED epoch=1 elections=188 active=183 vote_records=187609 t=1791387878906
EPOCH_CARRIED epoch=0 instances=27 t=1791387878914
EPOCH_ADVANCED epoch=1 elections=206 active=201 vote_records=187611 t=1791387878914
EPOCH_REPORT epoch=0 certified=15945 residual=165 root=D9C39D28C343B913B8D1BA526AF9C84B44A5C05AF9A82F3B57416521F8128B2F reports=1 t=1791387878915
EPOCH_CARRIED epoch=0 instances=14 t=1791387878915
EPOCH_ADVANCED epoch=1 elections=193 active=188 vote_records=187611 t=1791387878915
EPOCH_REPORT epoch=0 certified=15945 residual=156 root=D9C39D28C343B913B8D1BA526AF9C84B44A5C05AF9A82F3B57416521F8128B2F reports=1 t=1791387878928
EPOCH_REPORT epoch=0 certified=15945 residual=165 root=D9C39D28C343B913B8D1BA526AF9C84B44A5C05AF9A82F3B57416521F8128B2F reports=1 t=1791387878945
EPOCH_REPORT epoch=0 certified=15945 residual=170 root=D9C39D28C343B913B8D1BA526AF9C84B44A5C05AF9A82F3B57416521F8128B2F reports=1 t=1791387878946
EPOCH_REPORT epoch=0 certified=15945 residual=152 root=D9C39D28C343B913B8D1BA526AF9C84B44A5C05AF9A82F3B57416521F8128B2F reports=1 t=1791387878950
EPOCH_REPORT epoch=0 certified=15945 residual=173 root=D9C39D28C343B913B8D1BA526AF9C84B44A5C05AF9A82F3B57416521F8128B2F reports=1 t=1791387878964
EPOCH_RECONCILED epoch=0 reporter=633D9D614858AB1710D5D8C3180E2A082DC97208BA8C26BA6C6D1A86C8E31CC0 complete=false entries=0 total=15945 symbols=0 dropped=false t=1791387878981
EPOCH_RECONCILED epoch=0 reporter=633D9D614858AB1710D5D8C3180E2A082DC97208BA8C26BA6C6D1A86C8E31CC0 complete=true entries=165 total=165 symbols=0 dropped=false t=1791387878991
EPOCH_RECONCILED epoch=0 reporter=D315857CE70C54DE713F6E82E5613BB3A1266C15E28AD2F4338C7BBEC456F532 complete=false entries=0 total=15945 symbols=0 dropped=false t=1791387878992
EPOCH_RECONCILED epoch=0 reporter=D315857CE70C54DE713F6E82E5613BB3A1266C15E28AD2F4338C7BBEC456F532 complete=true entries=156 total=156 symbols=0 dropped=false t=1791387879000
EPOCH_RECONCILED epoch=0 reporter=65A90023F6C0D2181AAA63F005D81BBC0C04650505E21D5123F9AE1F9E992BFF complete=false entries=0 total=15945 symbols=0 dropped=false t=1791387879047
EPOCH_RECONCILED epoch=0 reporter=A353E45E6D0016CAEED0DFA4EC5B0640E2AA22A793F9F2375E77F1AB92977C04 complete=false entries=0 total=15945 symbols=0 dropped=false t=1791387879053
EPOCH_RECONCILED epoch=0 reporter=65A90023F6C0D2181AAA63F005D81BBC0C04650505E21D5123F9AE1F9E992BFF complete=true entries=170 total=170 symbols=0 dropped=false t=1791387879053
EPOCH_RECONCILED epoch=0 reporter=D315857CE70C54DE713F6E82E5613BB3A1266C15E28AD2F4338C7BBEC456F532 complete=false entries=0 total=15945 symbols=0 dropped=false t=1791387879056
EPOCH_RECONCILED epoch=0 reporter=735FE217D91E88EA82324C5883296385FA0041C2FAC85C827BAA46DA1E14B83F complete=false entries=0 total=15945 symbols=0 dropped=false t=1791387879061
EPOCH_RECONCILED epoch=0 reporter=D315857CE70C54DE713F6E82E5613BB3A1266C15E28AD2F4338C7BBEC456F532 complete=true entries=156 total=156 symbols=0 dropped=false t=1791387879063
EPOCH_RECONCILED epoch=0 reporter=633D9D614858AB1710D5D8C3180E2A082DC97208BA8C26BA6C6D1A86C8E31CC0 complete=false entries=0 total=15945 symbols=0 dropped=false t=1791387879065
EPOCH_RECONCILED epoch=0 reporter=A353E45E6D0016CAEED0DFA4EC5B0640E2AA22A793F9F2375E77F1AB92977C04 complete=true entries=173 total=173 symbols=0 dropped=false t=1791387879068
EPOCH_RECONCILED epoch=0 reporter=735FE217D91E88EA82324C5883296385FA0041C2FAC85C827BAA46DA1E14B83F complete=true entries=165 total=165 symbols=0 dropped=false t=1791387879069
EPOCH_RECONCILED epoch=0 reporter=735FE217D91E88EA82324C5883296385FA0041C2FAC85C827BAA46DA1E14B83F complete=false entries=0 total=15945 symbols=0 dropped=false t=1791387879070
EPOCH_RECONCILED epoch=0 reporter=911999B2AEFA7ACC66EBD802B3301FF6CE431405107749D940277955CB7FDD07 complete=false entries=0 total=15945 symbols=0 dropped=false t=1791387879070
EPOCH_RECONCILED epoch=0 reporter=633D9D614858AB1710D5D8C3180E2A082DC97208BA8C26BA6C6D1A86C8E31CC0 complete=true entries=165 total=165 symbols=0 dropped=false t=1791387879074
EPOCH_RECONCILED epoch=0 reporter=735FE217D91E88EA82324C5883296385FA0041C2FAC85C827BAA46DA1E14B83F complete=true entries=165 total=165 symbols=0 dropped=false t=1791387879074
EPOCH_RECONCILED epoch=0 reporter=735FE217D91E88EA82324C5883296385FA0041C2FAC85C827BAA46DA1E14B83F complete=false entries=0 total=15945 symbols=0 dropped=false t=1791387879075
EPOCH_RECONCILED epoch=0 reporter=735FE217D91E88EA82324C5883296385FA0041C2FAC85C827BAA46DA1E14B83F complete=true entries=165 total=165 symbols=0 dropped=false t=1791387879084
EPOCH_RECONCILED epoch=0 reporter=911999B2AEFA7ACC66EBD802B3301FF6CE431405107749D940277955CB7FDD07 complete=false entries=0 total=15945 symbols=0 dropped=false t=1791387879086
EPOCH_RECONCILED epoch=0 reporter=911999B2AEFA7ACC66EBD802B3301FF6CE431405107749D940277955CB7FDD07 complete=true entries=152 total=152 symbols=0 dropped=false t=1791387879093
EPOCH_RECONCILED epoch=0 reporter=65A90023F6C0D2181AAA63F005D81BBC0C04650505E21D5123F9AE1F9E992BFF complete=false entries=0 total=15945 symbols=0 dropped=false t=1791387879095
EPOCH_RECONCILED epoch=0 reporter=911999B2AEFA7ACC66EBD802B3301FF6CE431405107749D940277955CB7FDD07 complete=true entries=152 total=152 symbols=0 dropped=false t=1791387879098
2026-10-07T15:44:39.101008Z  INFO nanospam::app: Confirmed 16,115 blocks | 2,000 bps | 1,759 cps | avg conf time: 99 ms
EPOCH_RECONCILED epoch=0 reporter=D315857CE70C54DE713F6E82E5613BB3A1266C15E28AD2F4338C7BBEC456F532 complete=false entries=0 total=15945 symbols=0 dropped=false t=1791387879109
EPOCH_RECONCILED epoch=0 reporter=65A90023F6C0D2181AAA63F005D81BBC0C04650505E21D5123F9AE1F9E992BFF complete=true entries=170 total=170 symbols=0 dropped=false t=1791387879128
EPOCH_RECONCILED epoch=0 reporter=911999B2AEFA7ACC66EBD802B3301FF6CE431405107749D940277955CB7FDD07 complete=false entries=0 total=15945 symbols=0 dropped=false t=1791387879129
EPOCH_RECONCILED epoch=0 reporter=911999B2AEFA7ACC66EBD802B3301FF6CE431405107749D940277955CB7FDD07 complete=true entries=152 total=152 symbols=0 dropped=false t=1791387879133
EPOCH_RECONCILED epoch=0 reporter=65A90023F6C0D2181AAA63F005D81BBC0C04650505E21D5123F9AE1F9E992BFF complete=false entries=0 total=15945 symbols=0 dropped=false t=1791387879134
EPOCH_RECONCILED epoch=0 reporter=65A90023F6C0D2181AAA63F005D81BBC0C04650505E21D5123F9AE1F9E992BFF complete=true entries=170 total=170 symbols=0 dropped=false t=1791387879137
EPOCH_RECONCILED epoch=0 reporter=D315857CE70C54DE713F6E82E5613BB3A1266C15E28AD2F4338C7BBEC456F532 complete=false entries=0 total=15945 symbols=0 dropped=false t=1791387879138
EPOCH_RECONCILED epoch=0 reporter=911999B2AEFA7ACC66EBD802B3301FF6CE431405107749D940277955CB7FDD07 complete=false entries=0 total=15945 symbols=0 dropped=false t=1791387879139
EPOCH_RECONCILED epoch=0 reporter=D315857CE70C54DE713F6E82E5613BB3A1266C15E28AD2F4338C7BBEC456F532 complete=true entries=156 total=156 symbols=0 dropped=false t=1791387879140
EPOCH_RECONCILED epoch=0 reporter=633D9D614858AB1710D5D8C3180E2A082DC97208BA8C26BA6C6D1A86C8E31CC0 complete=false entries=0 total=15945 symbols=0 dropped=false t=1791387879142
EPOCH_RECONCILED epoch=0 reporter=D315857CE70C54DE713F6E82E5613BB3A1266C15E28AD2F4338C7BBEC456F532 complete=true entries=156 total=156 symbols=0 dropped=false t=1791387879144
EPOCH_RECONCILED epoch=0 reporter=735FE217D91E88EA82324C5883296385FA0041C2FAC85C827BAA46DA1E14B83F complete=false entries=0 total=15945 symbols=0 dropped=false t=1791387879162
EPOCH_RECONCILED epoch=0 reporter=911999B2AEFA7ACC66EBD802B3301FF6CE431405107749D940277955CB7FDD07 complete=true entries=152 total=152 symbols=0 dropped=false t=1791387879175
EPOCH_RECONCILED epoch=0 reporter=633D9D614858AB1710D5D8C3180E2A082DC97208BA8C26BA6C6D1A86C8E31CC0 complete=false entries=0 total=15945 symbols=0 dropped=false t=1791387879180
EPOCH_RECONCILED epoch=0 reporter=633D9D614858AB1710D5D8C3180E2A082DC97208BA8C26BA6C6D1A86C8E31CC0 complete=false entries=0 total=15945 symbols=0 dropped=false t=1791387879180
EPOCH_RECONCILED epoch=0 reporter=735FE217D91E88EA82324C5883296385FA0041C2FAC85C827BAA46DA1E14B83F complete=true entries=165 total=165 symbols=0 dropped=false t=1791387879182
EPOCH_RECONCILED epoch=0 reporter=633D9D614858AB1710D5D8C3180E2A082DC97208BA8C26BA6C6D1A86C8E31CC0 complete=true entries=165 total=165 symbols=0 dropped=false t=1791387879184
EPOCH_RECONCILED epoch=0 reporter=65A90023F6C0D2181AAA63F005D81BBC0C04650505E21D5123F9AE1F9E992BFF complete=false entries=0 total=15945 symbols=0 dropped=false t=1791387879185
EPOCH_RECONCILED epoch=0 reporter=A353E45E6D0016CAEED0DFA4EC5B0640E2AA22A793F9F2375E77F1AB92977C04 complete=false entries=0 total=15945 symbols=0 dropped=false t=1791387879188
EPOCH_RECONCILED epoch=0 reporter=65A90023F6C0D2181AAA63F005D81BBC0C04650505E21D5123F9AE1F9E992BFF complete=true entries=170 total=170 symbols=0 dropped=false t=1791387879193
EPOCH_RECONCILED epoch=0 reporter=A353E45E6D0016CAEED0DFA4EC5B0640E2AA22A793F9F2375E77F1AB92977C04 complete=true entries=173 total=173 symbols=0 dropped=false t=1791387879194
EPOCH_RECONCILED epoch=0 reporter=633D9D614858AB1710D5D8C3180E2A082DC97208BA8C26BA6C6D1A86C8E31CC0 complete=true entries=165 total=165 symbols=0 dropped=false t=1791387879195
EPOCH_RECONCILED epoch=0 reporter=D315857CE70C54DE713F6E82E5613BB3A1266C15E28AD2F4338C7BBEC456F532 complete=false entries=0 total=15945 symbols=0 dropped=false t=1791387879196
EPOCH_RECONCILED epoch=0 reporter=A353E45E6D0016CAEED0DFA4EC5B0640E2AA22A793F9F2375E77F1AB92977C04 complete=false entries=0 total=15945 symbols=0 dropped=false t=1791387879198
EPOCH_RECONCILED epoch=0 reporter=633D9D614858AB1710D5D8C3180E2A082DC97208BA8C26BA6C6D1A86C8E31CC0 complete=true entries=165 total=165 symbols=0 dropped=false t=1791387879200
EPOCH_RECONCILED epoch=0 reporter=D315857CE70C54DE713F6E82E5613BB3A1266C15E28AD2F4338C7BBEC456F532 complete=true entries=156 total=156 symbols=0 dropped=false t=1791387879203
EPOCH_RECONCILED epoch=0 reporter=735FE217D91E88EA82324C5883296385FA0041C2FAC85C827BAA46DA1E14B83F complete=false entries=0 total=15945 symbols=0 dropped=false t=1791387879204
EPOCH_RECONCILED epoch=0 reporter=A353E45E6D0016CAEED0DFA4EC5B0640E2AA22A793F9F2375E77F1AB92977C04 complete=true entries=173 total=173 symbols=0 dropped=false t=1791387879208
EPOCH_RECONCILED epoch=0 reporter=735FE217D91E88EA82324C5883296385FA0041C2FAC85C827BAA46DA1E14B83F complete=true entries=165 total=165 symbols=0 dropped=false t=1791387879210
EPOCH_RECONCILED epoch=0 reporter=A353E45E6D0016CAEED0DFA4EC5B0640E2AA22A793F9F2375E77F1AB92977C04 complete=false entries=0 total=15945 symbols=0 dropped=false t=1791387879211
EPOCH_CLOSE_UNREADY epoch=0 short_of=reports usable=3 weight=3 required=5 held=5 theirs=["D315857C:D9C39D28:ACC5D0F6", "911999B2:D9C39D28:EE617A0E", "633D9D61:D9C39D28:F3F4CA19", "65A90023:D9C39D28:F4AF8744", "A353E45E:D9C39D28:86AD0606"] t=1791387879212
EPOCH_RECONCILED epoch=0 reporter=A353E45E6D0016CAEED0DFA4EC5B0640E2AA22A793F9F2375E77F1AB92977C04 complete=true entries=173 total=173 symbols=0 dropped=false t=1791387879214
EPOCH_RECONCILED epoch=0 reporter=911999B2AEFA7ACC66EBD802B3301FF6CE431405107749D940277955CB7FDD07 complete=false entries=0 total=15945 symbols=0 dropped=false t=1791387879277
EPOCH_RECONCILED epoch=0 reporter=911999B2AEFA7ACC66EBD802B3301FF6CE431405107749D940277955CB7FDD07 complete=true entries=152 total=152 symbols=0 dropped=false t=1791387879305
EPOCH_RECONCILED epoch=0 reporter=65A90023F6C0D2181AAA63F005D81BBC0C04650505E21D5123F9AE1F9E992BFF complete=false entries=0 total=15945 symbols=0 dropped=false t=1791387879306
EPOCH_CLOSE_READY epoch=0 t=1791387879307
EPOCH_RECONCILED epoch=0 reporter=65A90023F6C0D2181AAA63F005D81BBC0C04650505E21D5123F9AE1F9E992BFF complete=true entries=170 total=170 symbols=0 dropped=false t=1791387879321
EPOCH_RECONCILED epoch=0 reporter=A353E45E6D0016CAEED0DFA4EC5B0640E2AA22A793F9F2375E77F1AB92977C04 complete=false entries=0 total=15945 symbols=0 dropped=false t=1791387879323
EPOCH_CLOSE_ROUND epoch=0 round=0 leader=633D9D614858AB1710D5D8C3180E2A082DC97208BA8C26BA6C6D1A86C8E31CC0 leads=false t=1791387879325
EPOCH_RECONCILED epoch=0 reporter=A353E45E6D0016CAEED0DFA4EC5B0640E2AA22A793F9F2375E77F1AB92977C04 complete=true entries=173 total=173 symbols=0 dropped=false t=1791387879333
EPOCH_CLOSE_READY epoch=0 t=1791387879419
EPOCH_CLOSE_ROUND epoch=0 round=0 leader=633D9D614858AB1710D5D8C3180E2A082DC97208BA8C26BA6C6D1A86C8E31CC0 leads=false t=1791387879420
EPOCH_CLOSE_READY epoch=0 t=1791387879423
EPOCH_CLOSE_READY epoch=0 t=1791387879444
EPOCH_CLOSE_READY epoch=0 t=1791387879444
EPOCH_CLOSE_ROUND epoch=0 round=0 leader=633D9D614858AB1710D5D8C3180E2A082DC97208BA8C26BA6C6D1A86C8E31CC0 leads=false t=1791387879445
EPOCH_CLOSE_ROUND epoch=0 round=0 leader=633D9D614858AB1710D5D8C3180E2A082DC97208BA8C26BA6C6D1A86C8E31CC0 leads=false t=1791387879468
EPOCH_CLOSE_READY epoch=0 t=1791387879471
EPOCH_CLOSE_ROUND epoch=0 round=0 leader=633D9D614858AB1710D5D8C3180E2A082DC97208BA8C26BA6C6D1A86C8E31CC0 leads=false t=1791387879529
EPOCH_PROPOSED epoch=0 round=0 value=AE21FBBF8AC729FD4CA5A3E8FBAF974AD970F5839B18C62504EC689C1C449FF9 state=FF0B7230B21C5CA830F7287724C457BFDC821CED4B55A1662D6FF4A5B59CF543 reports=5 t=1791387879579
EPOCH_VALUE epoch=0 value=AE21FBBF8AC729FD4CA5A3E8FBAF974AD970F5839B18C62504EC689C1C449FF9 state=FF0B7230B21C5CA830F7287724C457BFDC821CED4B55A1662D6FF4A5B59CF543 t=1791387879579
EPOCH_CLOSE_ROUND epoch=0 round=0 leader=633D9D614858AB1710D5D8C3180E2A082DC97208BA8C26BA6C6D1A86C8E31CC0 leads=true t=1791387879579
EPOCH_VALUE epoch=0 value=AE21FBBF8AC729FD4CA5A3E8FBAF974AD970F5839B18C62504EC689C1C449FF9 state=FF0B7230B21C5CA830F7287724C457BFDC821CED4B55A1662D6FF4A5B59CF543 t=1791387879626
EPOCH_VALUE epoch=0 value=AE21FBBF8AC729FD4CA5A3E8FBAF974AD970F5839B18C62504EC689C1C449FF9 state=FF0B7230B21C5CA830F7287724C457BFDC821CED4B55A1662D6FF4A5B59CF543 t=1791387879630
EPOCH_VALUE epoch=0 value=AE21FBBF8AC729FD4CA5A3E8FBAF974AD970F5839B18C62504EC689C1C449FF9 state=FF0B7230B21C5CA830F7287724C457BFDC821CED4B55A1662D6FF4A5B59CF543 t=1791387879631
EPOCH_VALUE epoch=0 value=AE21FBBF8AC729FD4CA5A3E8FBAF974AD970F5839B18C62504EC689C1C449FF9 state=FF0B7230B21C5CA830F7287724C457BFDC821CED4B55A1662D6FF4A5B59CF543 t=1791387879631
EPOCH_VALUE epoch=0 value=AE21FBBF8AC729FD4CA5A3E8FBAF974AD970F5839B18C62504EC689C1C449FF9 state=FF0B7230B21C5CA830F7287724C457BFDC821CED4B55A1662D6FF4A5B59CF543 t=1791387879638
EPOCH_INSTALL epoch=0 finalized=15875 instances_confirmed=0 t=1791387879976
EPOCH_INSTALL epoch=0 finalized=15875 instances_confirmed=0 t=1791387879977
EPOCH_INSTALL epoch=0 finalized=15875 instances_confirmed=0 t=1791387879978
EPOCH_INSTALL epoch=0 finalized=15875 instances_confirmed=0 t=1791387879978
EPOCH_INSTALL epoch=0 finalized=15875 instances_confirmed=0 t=1791387879982
EPOCH_INSTALL epoch=0 finalized=15875 instances_confirmed=0 t=1791387879987
EPOCH_INSTALLED epoch=0 finalized=15875 cemented=15875 queued=0 missing=0 t=1791387880006
EPOCH_RETAINED epoch=0 retained=170 held=170 missing=0 t=1791387880006
EPOCH_INSTALLED epoch=0 finalized=15875 cemented=15875 queued=0 missing=0 t=1791387880012
EPOCH_RETAINED epoch=0 retained=170 held=170 missing=0 t=1791387880012
EPOCH_INSTALLED epoch=0 finalized=15875 cemented=15875 queued=0 missing=0 t=1791387880016
EPOCH_RETAINED epoch=0 retained=170 held=170 missing=0 t=1791387880016
EPOCH_INSTALLED epoch=0 finalized=15875 cemented=15875 queued=0 missing=0 t=1791387880022
EPOCH_RETAINED epoch=0 retained=170 held=170 missing=0 t=1791387880022
EPOCH_INSTALLED epoch=0 finalized=15875 cemented=15875 queued=0 missing=0 t=1791387880024
EPOCH_RETAINED epoch=0 retained=170 held=170 missing=0 t=1791387880024
EPOCH_INSTALLED epoch=0 finalized=15875 cemented=15875 queued=0 missing=0 t=1791387880057
EPOCH_RETAINED epoch=0 retained=170 held=170 missing=0 t=1791387880057
2026-10-07T15:44:40.102442Z  INFO nanospam::app: Confirmed 17,849 blocks | 2,000 bps | 1,731 cps | avg conf time: 118 ms
EPOCH_COMMITTEE derived_by=0 members=6 accounts=7238 n=6 digest=95D409445152DD075E6A4799205DFA5689496EB8EE1A22AC2A200B9DBC2DCF27 shares=["735FE217:16.7%", "65A90023:16.7%", "D315857C:16.7%", "911999B2:16.7%", "633D9D61:16.7%", "A353E45E:16.7%"] t=1791387880284
EPOCH_LOCKS epoch=0 continued=0 kinds={"locks=1 kind=Some(Recovery) nc_here=true saved=true": 9} t=1791387880284
EPOCH_OMITTED epoch=0 instances=9 retained=9 t=1791387880284
EPOCH_GATE epoch=1 released=254 finalized=0 t=1791387880285
EPOCH_CLOSED epoch=0 round=0 value=AE21FBBF8AC729FD4CA5A3E8FBAF974AD970F5839B18C62504EC689C1C449FF9 state=FF0B7230B21C5CA830F7287724C457BFDC821CED4B55A1662D6FF4A5B59CF543 t=1791387880285
EPOCH_COMMITTEE derived_by=0 members=6 accounts=7238 n=6 digest=95D409445152DD075E6A4799205DFA5689496EB8EE1A22AC2A200B9DBC2DCF27 shares=["735FE217:16.7%", "65A90023:16.7%", "D315857C:16.7%", "911999B2:16.7%", "633D9D61:16.7%", "A353E45E:16.7%"] t=1791387880292
EPOCH_LOCKS epoch=0 continued=0 kinds={"locks=1 kind=Some(Recovery) nc_here=true saved=true": 9} t=1791387880292
EPOCH_OMITTED epoch=0 instances=9 retained=9 t=1791387880292
EPOCH_GATE epoch=1 released=254 finalized=0 t=1791387880292
EPOCH_CLOSED epoch=0 round=0 value=AE21FBBF8AC729FD4CA5A3E8FBAF974AD970F5839B18C62504EC689C1C449FF9 state=FF0B7230B21C5CA830F7287724C457BFDC821CED4B55A1662D6FF4A5B59CF543 t=1791387880292
EPOCH_COMMITTEE derived_by=0 members=6 accounts=7238 n=6 digest=95D409445152DD075E6A4799205DFA5689496EB8EE1A22AC2A200B9DBC2DCF27 shares=["735FE217:16.7%", "65A90023:16.7%", "D315857C:16.7%", "911999B2:16.7%", "633D9D61:16.7%", "A353E45E:16.7%"] t=1791387880300
EPOCH_LOCKS epoch=0 continued=0 kinds={"locks=1 kind=Some(Recovery) nc_here=true saved=true": 9} t=1791387880301
EPOCH_OMITTED epoch=0 instances=9 retained=9 t=1791387880301
EPOCH_GATE epoch=1 released=254 finalized=0 t=1791387880301
EPOCH_CLOSED epoch=0 round=0 value=AE21FBBF8AC729FD4CA5A3E8FBAF974AD970F5839B18C62504EC689C1C449FF9 state=FF0B7230B21C5CA830F7287724C457BFDC821CED4B55A1662D6FF4A5B59CF543 t=1791387880301
EPOCH_COMMITTEE derived_by=0 members=6 accounts=7238 n=6 digest=95D409445152DD075E6A4799205DFA5689496EB8EE1A22AC2A200B9DBC2DCF27 shares=["735FE217:16.7%", "65A90023:16.7%", "D315857C:16.7%", "911999B2:16.7%", "633D9D61:16.7%", "A353E45E:16.7%"] t=1791387880302
EPOCH_LOCKS epoch=0 continued=0 kinds={"locks=1 kind=Some(Recovery) nc_here=true saved=true": 9} t=1791387880302
EPOCH_OMITTED epoch=0 instances=9 retained=9 t=1791387880302
EPOCH_GATE epoch=1 released=254 finalized=0 t=1791387880302
EPOCH_CLOSED epoch=0 round=0 value=AE21FBBF8AC729FD4CA5A3E8FBAF974AD970F5839B18C62504EC689C1C449FF9 state=FF0B7230B21C5CA830F7287724C457BFDC821CED4B55A1662D6FF4A5B59CF543 t=1791387880302
EPOCH_COMMITTEE derived_by=0 members=6 accounts=7238 n=6 digest=95D409445152DD075E6A4799205DFA5689496EB8EE1A22AC2A200B9DBC2DCF27 shares=["735FE217:16.7%", "65A90023:16.7%", "D315857C:16.7%", "911999B2:16.7%", "633D9D61:16.7%", "A353E45E:16.7%"] t=1791387880305
EPOCH_LOCKS epoch=0 continued=0 kinds={"locks=1 kind=Some(Recovery) nc_here=true saved=true": 9} t=1791387880305
EPOCH_OMITTED epoch=0 instances=9 retained=9 t=1791387880305
EPOCH_GATE epoch=1 released=254 finalized=0 t=1791387880305
EPOCH_CLOSED epoch=0 round=0 value=AE21FBBF8AC729FD4CA5A3E8FBAF974AD970F5839B18C62504EC689C1C449FF9 state=FF0B7230B21C5CA830F7287724C457BFDC821CED4B55A1662D6FF4A5B59CF543 t=1791387880305
EPOCH_COMMITTEE derived_by=0 members=6 accounts=7238 n=6 digest=95D409445152DD075E6A4799205DFA5689496EB8EE1A22AC2A200B9DBC2DCF27 shares=["735FE217:16.7%", "65A90023:16.7%", "D315857C:16.7%", "911999B2:16.7%", "633D9D61:16.7%", "A353E45E:16.7%"] t=1791387880720
EPOCH_LOCKS epoch=0 continued=0 kinds={"locks=1 kind=Some(Recovery) nc_here=true saved=true": 9} t=1791387880720
EPOCH_OMITTED epoch=0 instances=9 retained=9 t=1791387880720
EPOCH_GATE epoch=1 released=254 finalized=0 t=1791387880721
EPOCH_CLOSED epoch=0 round=0 value=AE21FBBF8AC729FD4CA5A3E8FBAF974AD970F5839B18C62504EC689C1C449FF9 state=FF0B7230B21C5CA830F7287724C457BFDC821CED4B55A1662D6FF4A5B59CF543 t=1791387880721
2026-10-07T15:44:41.103004Z  INFO nanospam::app: Confirmed 20,067 blocks | 2,000 bps | 2,216 cps | avg conf time: 219 ms
2026-10-07T15:44:42.103878Z  INFO nanospam::app: Confirmed 22,046 blocks | 2,000 bps | 1,977 cps | avg conf time: 94 ms
2026-10-07T15:44:43.104839Z  INFO nanospam::app: Confirmed 24,013 blocks | 2,000 bps | 1,965 cps | avg conf time: 94 ms
2026-10-07T15:44:44.105880Z  INFO nanospam::app: Confirmed 25,958 blocks | 2,000 bps | 1,942 cps | avg conf time: 92 ms
2026-10-07T15:44:45.106902Z  INFO nanospam::app: Confirmed 27,896 blocks | 2,000 bps | 1,935 cps | avg conf time: 95 ms
2026-10-07T15:44:46.107850Z  INFO nanospam::app: Confirmed 29,853 blocks | 2,000 bps | 1,955 cps | avg conf time: 96 ms
EPOCH_ENDED epoch=1 elections=198 active=143 t=1791387886875
EPOCH_ENDED epoch=1 elections=206 active=151 t=1791387886879
EPOCH_ENDED epoch=1 elections=206 active=151 t=1791387886879
EPOCH_ENDED epoch=1 elections=207 active=152 t=1791387886879
EPOCH_ENDED epoch=1 elections=206 active=151 t=1791387886879
EPOCH_ENDED epoch=1 elections=206 active=151 t=1791387886879
EPOCH_CARRIED epoch=1 instances=63 t=1791387886925
EPOCH_ADVANCED epoch=2 elections=269 active=214 vote_records=369748 t=1791387886926
EPOCH_CARRIED epoch=1 instances=85 t=1791387886932
EPOCH_ADVANCED epoch=2 elections=291 active=236 vote_records=369745 t=1791387886932
EPOCH_CARRIED epoch=1 instances=50 t=1791387886936
EPOCH_ADVANCED epoch=2 elections=257 active=202 vote_records=369746 t=1791387886936
EPOCH_CARRIED epoch=1 instances=57 t=1791387886970
EPOCH_ADVANCED epoch=2 elections=263 active=208 vote_records=369748 t=1791387886970
EPOCH_REPORT epoch=1 certified=31442 residual=148 root=EA076AEA46396305BA7D586A4DE621CD118D37EC474235ECF5F41B302544E4CA reports=1 t=1791387886975
EPOCH_REPORT epoch=1 certified=31442 residual=112 root=EA076AEA46396305BA7D586A4DE621CD118D37EC474235ECF5F41B302544E4CA reports=1 t=1791387886986
EPOCH_CARRIED epoch=1 instances=63 t=1791387886986
EPOCH_ADVANCED epoch=2 elections=261 active=206 vote_records=369748 t=1791387886986
EPOCH_REPORT epoch=1 certified=31442 residual=140 root=EA076AEA46396305BA7D586A4DE621CD118D37EC474235ECF5F41B302544E4CA reports=1 t=1791387887018
EPOCH_RECONCILED epoch=1 reporter=D315857CE70C54DE713F6E82E5613BB3A1266C15E28AD2F4338C7BBEC456F532 complete=false entries=0 total=31442 symbols=0 dropped=false t=1791387887044
EPOCH_RECONCILED epoch=1 reporter=65A90023F6C0D2181AAA63F005D81BBC0C04650505E21D5123F9AE1F9E992BFF complete=false entries=0 total=31442 symbols=0 dropped=false t=1791387887046
EPOCH_RECONCILED epoch=1 reporter=65A90023F6C0D2181AAA63F005D81BBC0C04650505E21D5123F9AE1F9E992BFF complete=true entries=148 total=148 symbols=0 dropped=false t=1791387887052
EPOCH_REPORT epoch=1 certified=31442 residual=126 root=EA076AEA46396305BA7D586A4DE621CD118D37EC474235ECF5F41B302544E4CA reports=1 t=1791387887056
EPOCH_REPORT epoch=1 certified=31442 residual=134 root=EA076AEA46396305BA7D586A4DE621CD118D37EC474235ECF5F41B302544E4CA reports=1 t=1791387887056
EPOCH_RECONCILED epoch=1 reporter=D315857CE70C54DE713F6E82E5613BB3A1266C15E28AD2F4338C7BBEC456F532 complete=true entries=112 total=112 symbols=0 dropped=false t=1791387887067
EPOCH_RECONCILED epoch=1 reporter=D315857CE70C54DE713F6E82E5613BB3A1266C15E28AD2F4338C7BBEC456F532 complete=false entries=0 total=31442 symbols=0 dropped=false t=1791387887069
EPOCH_RECONCILED epoch=1 reporter=D315857CE70C54DE713F6E82E5613BB3A1266C15E28AD2F4338C7BBEC456F532 complete=true entries=112 total=112 symbols=0 dropped=false t=1791387887078
EPOCH_RECONCILED epoch=1 reporter=65A90023F6C0D2181AAA63F005D81BBC0C04650505E21D5123F9AE1F9E992BFF complete=false entries=0 total=31442 symbols=0 dropped=false t=1791387887080
EPOCH_RECONCILED epoch=1 reporter=65A90023F6C0D2181AAA63F005D81BBC0C04650505E21D5123F9AE1F9E992BFF complete=true entries=148 total=148 symbols=0 dropped=false t=1791387887084
EPOCH_CARRIED epoch=1 instances=78 t=1791387887088
EPOCH_ADVANCED epoch=2 elections=284 active=229 vote_records=369746 t=1791387887088
2026-10-07T15:44:47.108967Z  INFO nanospam::app: Confirmed 31,331 blocks | 2,000 bps | 1,476 cps | avg conf time: 95 ms
EPOCH_RECONCILED epoch=1 reporter=911999B2AEFA7ACC66EBD802B3301FF6CE431405107749D940277955CB7FDD07 complete=false entries=0 total=31442 symbols=0 dropped=false t=1791387887120
EPOCH_RECONCILED epoch=1 reporter=911999B2AEFA7ACC66EBD802B3301FF6CE431405107749D940277955CB7FDD07 complete=true entries=140 total=140 symbols=0 dropped=false t=1791387887124
EPOCH_RECONCILED epoch=1 reporter=D315857CE70C54DE713F6E82E5613BB3A1266C15E28AD2F4338C7BBEC456F532 complete=false entries=0 total=31442 symbols=0 dropped=false t=1791387887125
EPOCH_RECONCILED epoch=1 reporter=D315857CE70C54DE713F6E82E5613BB3A1266C15E28AD2F4338C7BBEC456F532 complete=true entries=112 total=112 symbols=0 dropped=false t=1791387887129
EPOCH_RECONCILED epoch=1 reporter=65A90023F6C0D2181AAA63F005D81BBC0C04650505E21D5123F9AE1F9E992BFF complete=false entries=0 total=31442 symbols=0 dropped=false t=1791387887130
EPOCH_CLOSE_UNREADY epoch=1 short_of=reports usable=2 weight=2 required=5 held=4 theirs=["735FE217:EA076AEA:ABEEA03C", "911999B2:EA076AEA:0FE4F9D2", "65A90023:EA076AEA:4F21F47F", "A353E45E:EA076AEA:C6D4704E"] t=1791387887166
EPOCH_RECONCILED epoch=1 reporter=65A90023F6C0D2181AAA63F005D81BBC0C04650505E21D5123F9AE1F9E992BFF complete=true entries=148 total=148 symbols=0 dropped=false t=1791387887168
EPOCH_RECONCILED epoch=1 reporter=A353E45E6D0016CAEED0DFA4EC5B0640E2AA22A793F9F2375E77F1AB92977C04 complete=false entries=0 total=31442 symbols=0 dropped=false t=1791387887170
EPOCH_REPORT epoch=1 certified=31442 residual=119 root=EA076AEA46396305BA7D586A4DE621CD118D37EC474235ECF5F41B302544E4CA reports=1 t=1791387887192
EPOCH_CLOSE_UNREADY epoch=1 short_of=reports usable=2 weight=2 required=5 held=5 theirs=["633D9D61:EA076AEA:E4FEE424", "735FE217:EA076AEA:ABEEA03C", "D315857C:EA076AEA:E4EDB73A", "911999B2:EA076AEA:0FE4F9D2", "A353E45E:EA076AEA:C6D4704E"] t=1791387887197
EPOCH_RECONCILED epoch=1 reporter=A353E45E6D0016CAEED0DFA4EC5B0640E2AA22A793F9F2375E77F1AB92977C04 complete=true entries=126 total=126 symbols=0 dropped=false t=1791387887202
EPOCH_RECONCILED epoch=1 reporter=65A90023F6C0D2181AAA63F005D81BBC0C04650505E21D5123F9AE1F9E992BFF complete=false entries=0 total=31442 symbols=0 dropped=false t=1791387887263
EPOCH_RECONCILED epoch=1 reporter=65A90023F6C0D2181AAA63F005D81BBC0C04650505E21D5123F9AE1F9E992BFF complete=true entries=148 total=148 symbols=0 dropped=false t=1791387887283
EPOCH_RECONCILED epoch=1 reporter=D315857CE70C54DE713F6E82E5613BB3A1266C15E28AD2F4338C7BBEC456F532 complete=false entries=0 total=31442 symbols=0 dropped=false t=1791387887284
EPOCH_RECONCILED epoch=1 reporter=65A90023F6C0D2181AAA63F005D81BBC0C04650505E21D5123F9AE1F9E992BFF complete=false entries=0 total=31442 symbols=0 dropped=false t=1791387887304
EPOCH_RECONCILED epoch=1 reporter=D315857CE70C54DE713F6E82E5613BB3A1266C15E28AD2F4338C7BBEC456F532 complete=true entries=112 total=112 symbols=0 dropped=false t=1791387887309
EPOCH_RECONCILED epoch=1 reporter=A353E45E6D0016CAEED0DFA4EC5B0640E2AA22A793F9F2375E77F1AB92977C04 complete=false entries=0 total=31442 symbols=0 dropped=false t=1791387887313
EPOCH_CLOSE_UNREADY epoch=1 short_of=reports usable=3 weight=3 required=5 held=5 theirs=["D315857C:EA076AEA:E4EDB73A", "633D9D61:EA076AEA:E4FEE424", "A353E45E:EA076AEA:C6D4704E", "65A90023:EA076AEA:4F21F47F", "735FE217:EA076AEA:ABEEA03C"] t=1791387887371
EPOCH_RECONCILED epoch=1 reporter=65A90023F6C0D2181AAA63F005D81BBC0C04650505E21D5123F9AE1F9E992BFF complete=true entries=148 total=148 symbols=0 dropped=false t=1791387887380
EPOCH_RECONCILED epoch=1 reporter=735FE217D91E88EA82324C5883296385FA0041C2FAC85C827BAA46DA1E14B83F complete=false entries=0 total=31442 symbols=0 dropped=false t=1791387887386
EPOCH_RECONCILED epoch=1 reporter=A353E45E6D0016CAEED0DFA4EC5B0640E2AA22A793F9F2375E77F1AB92977C04 complete=true entries=126 total=126 symbols=0 dropped=false t=1791387887388
EPOCH_RECONCILED epoch=1 reporter=735FE217D91E88EA82324C5883296385FA0041C2FAC85C827BAA46DA1E14B83F complete=false entries=0 total=31442 symbols=0 dropped=false t=1791387887394
EPOCH_RECONCILED epoch=1 reporter=735FE217D91E88EA82324C5883296385FA0041C2FAC85C827BAA46DA1E14B83F complete=true entries=134 total=134 symbols=0 dropped=false t=1791387887400
EPOCH_RECONCILED epoch=1 reporter=D315857CE70C54DE713F6E82E5613BB3A1266C15E28AD2F4338C7BBEC456F532 complete=false entries=0 total=31442 symbols=0 dropped=false t=1791387887405
EPOCH_RECONCILED epoch=1 reporter=735FE217D91E88EA82324C5883296385FA0041C2FAC85C827BAA46DA1E14B83F complete=true entries=134 total=134 symbols=0 dropped=false t=1791387887407
EPOCH_RECONCILED epoch=1 reporter=911999B2AEFA7ACC66EBD802B3301FF6CE431405107749D940277955CB7FDD07 complete=false entries=0 total=31442 symbols=0 dropped=false t=1791387887411
EPOCH_RECONCILED epoch=1 reporter=D315857CE70C54DE713F6E82E5613BB3A1266C15E28AD2F4338C7BBEC456F532 complete=true entries=112 total=112 symbols=0 dropped=false t=1791387887422
EPOCH_RECONCILED epoch=1 reporter=911999B2AEFA7ACC66EBD802B3301FF6CE431405107749D940277955CB7FDD07 complete=false entries=0 total=31442 symbols=0 dropped=false t=1791387887424
EPOCH_RECONCILED epoch=1 reporter=911999B2AEFA7ACC66EBD802B3301FF6CE431405107749D940277955CB7FDD07 complete=true entries=140 total=140 symbols=0 dropped=false t=1791387887426
EPOCH_RECONCILED epoch=1 reporter=911999B2AEFA7ACC66EBD802B3301FF6CE431405107749D940277955CB7FDD07 complete=true entries=140 total=140 symbols=0 dropped=false t=1791387887432
EPOCH_RECONCILED epoch=1 reporter=633D9D614858AB1710D5D8C3180E2A082DC97208BA8C26BA6C6D1A86C8E31CC0 complete=false entries=0 total=31442 symbols=0 dropped=false t=1791387887478
EPOCH_RECONCILED epoch=1 reporter=735FE217D91E88EA82324C5883296385FA0041C2FAC85C827BAA46DA1E14B83F complete=false entries=0 total=31442 symbols=0 dropped=false t=1791387887493
EPOCH_RECONCILED epoch=1 reporter=735FE217D91E88EA82324C5883296385FA0041C2FAC85C827BAA46DA1E14B83F complete=true entries=134 total=134 symbols=0 dropped=false t=1791387887518
EPOCH_RECONCILED epoch=1 reporter=633D9D614858AB1710D5D8C3180E2A082DC97208BA8C26BA6C6D1A86C8E31CC0 complete=false entries=0 total=31442 symbols=0 dropped=false t=1791387887522
EPOCH_RECONCILED epoch=1 reporter=633D9D614858AB1710D5D8C3180E2A082DC97208BA8C26BA6C6D1A86C8E31CC0 complete=true entries=119 total=119 symbols=0 dropped=false t=1791387887522
EPOCH_RECONCILED epoch=1 reporter=735FE217D91E88EA82324C5883296385FA0041C2FAC85C827BAA46DA1E14B83F complete=false entries=0 total=31442 symbols=0 dropped=false t=1791387887524
EPOCH_RECONCILED epoch=1 reporter=633D9D614858AB1710D5D8C3180E2A082DC97208BA8C26BA6C6D1A86C8E31CC0 complete=true entries=119 total=119 symbols=0 dropped=false t=1791387887530
EPOCH_RECONCILED epoch=1 reporter=911999B2AEFA7ACC66EBD802B3301FF6CE431405107749D940277955CB7FDD07 complete=false entries=0 total=31442 symbols=0 dropped=false t=1791387887532
EPOCH_RECONCILED epoch=1 reporter=735FE217D91E88EA82324C5883296385FA0041C2FAC85C827BAA46DA1E14B83F complete=true entries=134 total=134 symbols=0 dropped=false t=1791387887549
EPOCH_RECONCILED epoch=1 reporter=911999B2AEFA7ACC66EBD802B3301FF6CE431405107749D940277955CB7FDD07 complete=false entries=0 total=31442 symbols=0 dropped=false t=1791387887556
EPOCH_RECONCILED epoch=1 reporter=911999B2AEFA7ACC66EBD802B3301FF6CE431405107749D940277955CB7FDD07 complete=true entries=140 total=140 symbols=0 dropped=false t=1791387887566
EPOCH_RECONCILED epoch=1 reporter=911999B2AEFA7ACC66EBD802B3301FF6CE431405107749D940277955CB7FDD07 complete=true entries=140 total=140 symbols=0 dropped=false t=1791387887574
EPOCH_RECONCILED epoch=1 reporter=A353E45E6D0016CAEED0DFA4EC5B0640E2AA22A793F9F2375E77F1AB92977C04 complete=false entries=0 total=31442 symbols=0 dropped=false t=1791387887574
EPOCH_RECONCILED epoch=1 reporter=A353E45E6D0016CAEED0DFA4EC5B0640E2AA22A793F9F2375E77F1AB92977C04 complete=false entries=0 total=31442 symbols=0 dropped=false t=1791387887578
EPOCH_CLOSE_READY epoch=1 t=1791387887590
EPOCH_CLOSE_ROUND epoch=1 round=0 leader=65A90023F6C0D2181AAA63F005D81BBC0C04650505E21D5123F9AE1F9E992BFF leads=false t=1791387887590
EPOCH_RECONCILED epoch=1 reporter=A353E45E6D0016CAEED0DFA4EC5B0640E2AA22A793F9F2375E77F1AB92977C04 complete=true entries=126 total=126 symbols=0 dropped=false t=1791387887595
EPOCH_RECONCILED epoch=1 reporter=633D9D614858AB1710D5D8C3180E2A082DC97208BA8C26BA6C6D1A86C8E31CC0 complete=false entries=0 total=31442 symbols=0 dropped=false t=1791387887625
EPOCH_RECONCILED epoch=1 reporter=A353E45E6D0016CAEED0DFA4EC5B0640E2AA22A793F9F2375E77F1AB92977C04 complete=true entries=126 total=126 symbols=0 dropped=false t=1791387887655
EPOCH_RECONCILED epoch=1 reporter=633D9D614858AB1710D5D8C3180E2A082DC97208BA8C26BA6C6D1A86C8E31CC0 complete=true entries=119 total=119 symbols=0 dropped=false t=1791387887661
EPOCH_RECONCILED epoch=1 reporter=A353E45E6D0016CAEED0DFA4EC5B0640E2AA22A793F9F2375E77F1AB92977C04 complete=false entries=0 total=31442 symbols=0 dropped=false t=1791387887663
EPOCH_RECONCILED epoch=1 reporter=A353E45E6D0016CAEED0DFA4EC5B0640E2AA22A793F9F2375E77F1AB92977C04 complete=true entries=126 total=126 symbols=0 dropped=false t=1791387887682
EPOCH_RECONCILED epoch=1 reporter=735FE217D91E88EA82324C5883296385FA0041C2FAC85C827BAA46DA1E14B83F complete=false entries=0 total=31442 symbols=0 dropped=false t=1791387887685
EPOCH_RECONCILED epoch=1 reporter=735FE217D91E88EA82324C5883296385FA0041C2FAC85C827BAA46DA1E14B83F complete=true entries=134 total=134 symbols=0 dropped=false t=1791387887719
EPOCH_CLOSE_READY epoch=1 t=1791387887784
EPOCH_CLOSE_ROUND epoch=1 round=0 leader=65A90023F6C0D2181AAA63F005D81BBC0C04650505E21D5123F9AE1F9E992BFF leads=false t=1791387887784
EPOCH_RECONCILED epoch=1 reporter=633D9D614858AB1710D5D8C3180E2A082DC97208BA8C26BA6C6D1A86C8E31CC0 complete=false entries=0 total=31442 symbols=0 dropped=false t=1791387887833
EPOCH_RECONCILED epoch=1 reporter=633D9D614858AB1710D5D8C3180E2A082DC97208BA8C26BA6C6D1A86C8E31CC0 complete=true entries=119 total=119 symbols=0 dropped=false t=1791387887858
EPOCH_CLOSE_READY epoch=1 t=1791387887859
EPOCH_CLOSE_ROUND epoch=1 round=0 leader=65A90023F6C0D2181AAA63F005D81BBC0C04650505E21D5123F9AE1F9E992BFF leads=false t=1791387887860
EPOCH_CLOSE_READY epoch=1 t=1791387887912
EPOCH_CLOSE_ROUND epoch=1 round=0 leader=65A90023F6C0D2181AAA63F005D81BBC0C04650505E21D5123F9AE1F9E992BFF leads=false t=1791387887921
EPOCH_CLOSE_READY epoch=1 t=1791387887945
EPOCH_CLOSE_ROUND epoch=1 round=0 leader=65A90023F6C0D2181AAA63F005D81BBC0C04650505E21D5123F9AE1F9E992BFF leads=false t=1791387887946
EPOCH_CLOSE_READY epoch=1 t=1791387887954
EPOCH_RECONCILED epoch=1 reporter=633D9D614858AB1710D5D8C3180E2A082DC97208BA8C26BA6C6D1A86C8E31CC0 complete=false entries=0 total=31442 symbols=0 dropped=false t=1791387888059
EPOCH_RECONCILED epoch=1 reporter=633D9D614858AB1710D5D8C3180E2A082DC97208BA8C26BA6C6D1A86C8E31CC0 complete=true entries=119 total=119 symbols=0 dropped=false t=1791387888093
2026-10-07T15:44:48.110013Z  INFO nanospam::app: Confirmed 33,604 blocks | 2,000 bps | 2,270 cps | avg conf time: 205 ms
EPOCH_PROPOSED epoch=1 round=0 value=1979B4082A212E21307AF3BC150DF7FA5B5F4A190F092244E49BE63186900242 state=01F2E8E008AAE67F565A443DF6B09A9DF93F9E4C89238EB39814DCB232FC2A54 reports=5 t=1791387888384
EPOCH_VALUE epoch=1 value=1979B4082A212E21307AF3BC150DF7FA5B5F4A190F092244E49BE63186900242 state=01F2E8E008AAE67F565A443DF6B09A9DF93F9E4C89238EB39814DCB232FC2A54 t=1791387888384
EPOCH_CLOSE_ROUND epoch=1 round=0 leader=65A90023F6C0D2181AAA63F005D81BBC0C04650505E21D5123F9AE1F9E992BFF leads=true t=1791387888393
EPOCH_VALUE epoch=1 value=1979B4082A212E21307AF3BC150DF7FA5B5F4A190F092244E49BE63186900242 state=01F2E8E008AAE67F565A443DF6B09A9DF93F9E4C89238EB39814DCB232FC2A54 t=1791387888654
EPOCH_VALUE epoch=1 value=1979B4082A212E21307AF3BC150DF7FA5B5F4A190F092244E49BE63186900242 state=01F2E8E008AAE67F565A443DF6B09A9DF93F9E4C89238EB39814DCB232FC2A54 t=1791387888667
EPOCH_VALUE epoch=1 value=1979B4082A212E21307AF3BC150DF7FA5B5F4A190F092244E49BE63186900242 state=01F2E8E008AAE67F565A443DF6B09A9DF93F9E4C89238EB39814DCB232FC2A54 t=1791387888668
EPOCH_VALUE epoch=1 value=1979B4082A212E21307AF3BC150DF7FA5B5F4A190F092244E49BE63186900242 state=01F2E8E008AAE67F565A443DF6B09A9DF93F9E4C89238EB39814DCB232FC2A54 t=1791387888692
EPOCH_VALUE epoch=1 value=1979B4082A212E21307AF3BC150DF7FA5B5F4A190F092244E49BE63186900242 state=01F2E8E008AAE67F565A443DF6B09A9DF93F9E4C89238EB39814DCB232FC2A54 t=1791387888802
EPOCH_INSTALL epoch=1 finalized=15456 instances_confirmed=9 t=1791387888909
EPOCH_INSTALL epoch=1 finalized=15456 instances_confirmed=9 t=1791387888909
EPOCH_INSTALL epoch=1 finalized=15456 instances_confirmed=9 t=1791387888913
EPOCH_INSTALL epoch=1 finalized=15456 instances_confirmed=9 t=1791387888914
EPOCH_INSTALL epoch=1 finalized=15456 instances_confirmed=9 t=1791387888914
EPOCH_INSTALL epoch=1 finalized=15456 instances_confirmed=9 t=1791387888914
2026-10-07T15:44:49.110873Z  INFO nanospam::app: Confirmed 35,158 blocks | 2,000 bps | 1,552 cps | avg conf time: 102 ms
EPOCH_FRONTIER_MISSING epoch=1 accounts=51 : blocks this node does not hold t=1791387889203
EPOCH_FRONTIER_MISSING epoch=1 accounts=51 : blocks this node does not hold t=1791387889207
EPOCH_COMMITTEE derived_by=1 members=6 accounts=13148 n=6 digest=95D409445152DD075E6A4799205DFA5689496EB8EE1A22AC2A200B9DBC2DCF27 shares=["735FE217:16.7%", "65A90023:16.7%", "D315857C:16.7%", "911999B2:16.7%", "633D9D61:16.7%", "A353E45E:16.7%"] t=1791387889211
EPOCH_LOCKS epoch=1 continued=0 kinds={"locks=1 kind=Some(Recovery) nc_here=false saved=true": 8, "locks=1 kind=Some(Recovery) nc_here=true saved=true": 7} t=1791387889211
EPOCH_OMITTED epoch=1 instances=18 retained=15 t=1791387889211
EPOCH_GATE epoch=2 released=148 finalized=0 t=1791387889211
EPOCH_CLOSED epoch=1 round=0 value=1979B4082A212E21307AF3BC150DF7FA5B5F4A190F092244E49BE63186900242 state=01F2E8E008AAE67F565A443DF6B09A9DF93F9E4C89238EB39814DCB232FC2A54 t=1791387889211
EPOCH_FRONTIER_MISSING epoch=1 accounts=51 : blocks this node does not hold t=1791387889212
EPOCH_COMMITTEE derived_by=1 members=6 accounts=13148 n=6 digest=95D409445152DD075E6A4799205DFA5689496EB8EE1A22AC2A200B9DBC2DCF27 shares=["735FE217:16.7%", "65A90023:16.7%", "D315857C:16.7%", "911999B2:16.7%", "633D9D61:16.7%", "A353E45E:16.7%"] t=1791387889215
EPOCH_LOCKS epoch=1 continued=0 kinds={"locks=1 kind=Some(Recovery) nc_here=false saved=true": 8, "locks=1 kind=Some(Recovery) nc_here=true saved=true": 7} t=1791387889215
EPOCH_OMITTED epoch=1 instances=18 retained=15 t=1791387889215
EPOCH_GATE epoch=2 released=148 finalized=0 t=1791387889215
EPOCH_CLOSED epoch=1 round=0 value=1979B4082A212E21307AF3BC150DF7FA5B5F4A190F092244E49BE63186900242 state=01F2E8E008AAE67F565A443DF6B09A9DF93F9E4C89238EB39814DCB232FC2A54 t=1791387889215
EPOCH_FRONTIER_MISSING epoch=1 accounts=51 : blocks this node does not hold t=1791387889216
EPOCH_FRONTIER_MISSING epoch=1 accounts=51 : blocks this node does not hold t=1791387889220
EPOCH_COMMITTEE derived_by=1 members=6 accounts=13148 n=6 digest=95D409445152DD075E6A4799205DFA5689496EB8EE1A22AC2A200B9DBC2DCF27 shares=["735FE217:16.7%", "65A90023:16.7%", "D315857C:16.7%", "911999B2:16.7%", "633D9D61:16.7%", "A353E45E:16.7%"] t=1791387889222
EPOCH_LOCKS epoch=1 continued=0 kinds={"locks=1 kind=Some(Recovery) nc_here=false saved=true": 8, "locks=1 kind=Some(Recovery) nc_here=true saved=true": 7} t=1791387889222
EPOCH_OMITTED epoch=1 instances=18 retained=15 t=1791387889222
EPOCH_GATE epoch=2 released=149 finalized=0 t=1791387889222
EPOCH_CLOSED epoch=1 round=0 value=1979B4082A212E21307AF3BC150DF7FA5B5F4A190F092244E49BE63186900242 state=01F2E8E008AAE67F565A443DF6B09A9DF93F9E4C89238EB39814DCB232FC2A54 t=1791387889222
EPOCH_COMMITTEE derived_by=1 members=6 accounts=13148 n=6 digest=95D409445152DD075E6A4799205DFA5689496EB8EE1A22AC2A200B9DBC2DCF27 shares=["735FE217:16.7%", "65A90023:16.7%", "D315857C:16.7%", "911999B2:16.7%", "633D9D61:16.7%", "A353E45E:16.7%"] t=1791387889223
EPOCH_LOCKS epoch=1 continued=0 kinds={"locks=1 kind=Some(Recovery) nc_here=false saved=true": 8, "locks=1 kind=Some(Recovery) nc_here=true saved=true": 7} t=1791387889223
EPOCH_OMITTED epoch=1 instances=18 retained=15 t=1791387889223
EPOCH_GATE epoch=2 released=149 finalized=0 t=1791387889223
EPOCH_CLOSED epoch=1 round=0 value=1979B4082A212E21307AF3BC150DF7FA5B5F4A190F092244E49BE63186900242 state=01F2E8E008AAE67F565A443DF6B09A9DF93F9E4C89238EB39814DCB232FC2A54 t=1791387889223
EPOCH_COMMITTEE derived_by=1 members=6 accounts=13148 n=6 digest=95D409445152DD075E6A4799205DFA5689496EB8EE1A22AC2A200B9DBC2DCF27 shares=["735FE217:16.7%", "65A90023:16.7%", "D315857C:16.7%", "911999B2:16.7%", "633D9D61:16.7%", "A353E45E:16.7%"] t=1791387889227
EPOCH_LOCKS epoch=1 continued=0 kinds={"locks=1 kind=Some(Recovery) nc_here=false saved=true": 8, "locks=1 kind=Some(Recovery) nc_here=true saved=true": 7} t=1791387889227
EPOCH_OMITTED epoch=1 instances=18 retained=15 t=1791387889227
EPOCH_GATE epoch=2 released=148 finalized=0 t=1791387889227
EPOCH_CLOSED epoch=1 round=0 value=1979B4082A212E21307AF3BC150DF7FA5B5F4A190F092244E49BE63186900242 state=01F2E8E008AAE67F565A443DF6B09A9DF93F9E4C89238EB39814DCB232FC2A54 t=1791387889227
EPOCH_FRONTIER_MISSING epoch=1 accounts=51 : blocks this node does not hold t=1791387889247
EPOCH_INSTALLED epoch=1 finalized=15456 cemented=15456 queued=0 missing=0 t=1791387889247
EPOCH_RETAINED epoch=1 retained=180 held=180 missing=0 t=1791387889248
EPOCH_COMMITTEE derived_by=1 members=6 accounts=13148 n=6 digest=95D409445152DD075E6A4799205DFA5689496EB8EE1A22AC2A200B9DBC2DCF27 shares=["735FE217:16.7%", "65A90023:16.7%", "D315857C:16.7%", "911999B2:16.7%", "633D9D61:16.7%", "A353E45E:16.7%"] t=1791387889263
EPOCH_LOCKS epoch=1 continued=0 kinds={"locks=1 kind=Some(Recovery) nc_here=false saved=true": 8, "locks=1 kind=Some(Recovery) nc_here=true saved=true": 7} t=1791387889263
EPOCH_OMITTED epoch=1 instances=18 retained=15 t=1791387889263
EPOCH_GATE epoch=2 released=148 finalized=0 t=1791387889264
EPOCH_CLOSED epoch=1 round=0 value=1979B4082A212E21307AF3BC150DF7FA5B5F4A190F092244E49BE63186900242 state=01F2E8E008AAE67F565A443DF6B09A9DF93F9E4C89238EB39814DCB232FC2A54 t=1791387889264
EPOCH_INSTALLED epoch=1 finalized=15456 cemented=15456 queued=0 missing=0 t=1791387889273
EPOCH_RETAINED epoch=1 retained=180 held=180 missing=0 t=1791387889273
EPOCH_INSTALLED epoch=1 finalized=15456 cemented=15456 queued=0 missing=0 t=1791387889278
EPOCH_RETAINED epoch=1 retained=180 held=180 missing=0 t=1791387889278
EPOCH_INSTALLED epoch=1 finalized=15456 cemented=15456 queued=0 missing=0 t=1791387889281
EPOCH_RETAINED epoch=1 retained=180 held=180 missing=0 t=1791387889282
EPOCH_INSTALLED epoch=1 finalized=15456 cemented=15456 queued=0 missing=0 t=1791387889297
EPOCH_RETAINED epoch=1 retained=180 held=180 missing=0 t=1791387889297
EPOCH_INSTALLED epoch=1 finalized=15456 cemented=15456 queued=0 missing=0 t=1791387889304
EPOCH_RETAINED epoch=1 retained=180 held=180 missing=0 t=1791387889304
2026-10-07T15:44:50.111637Z  INFO nanospam::app: Confirmed 37,408 blocks | 2,000 bps | 2,248 cps | avg conf time: 223 ms
2026-10-07T15:44:51.112867Z  INFO nanospam::app: Confirmed 39,375 blocks | 2,000 bps | 1,964 cps | avg conf time: 92 ms
2026-10-07T15:44:52.113585Z  INFO nanospam::app: Confirmed 41,352 blocks | 2,000 bps | 1,975 cps | avg conf time: 91 ms
2026-10-07T15:44:53.114594Z  INFO nanospam::app: Confirmed 43,337 blocks | 2,000 bps | 1,982 cps | avg conf time: 91 ms
2026-10-07T15:44:54.099848Z  INFO nanospam::app: Confirming 45000 blocks took 23.01s
2026-10-07T15:44:54.099892Z  INFO nanospam::app: Confirmation rate: 1955 cps
2026-10-07T15:44:54.099900Z  INFO nanospam::app: Average conf time: 116 ms
2026-10-07T15:44:54.099905Z  INFO nanospam::app: Non-fork confirmation rate: 1955 cps (45000 of 45000 non-fork blocks, 0 of 0 forks)
2026-10-07T15:44:54.100020Z  INFO nanospam::app: RAI_BENCH_METRICS {"created":45000,"confirmed":45000,"duration_secs":23.014306375,"confirmation_unit":"primary publication or its confirmed fork alternative","alternative_confirmed":0,"confirmation_histogram_ms":{"38":1,"42":2,"43":16,"44":8,"45":6,"46":19,"47":30,"48":27,"49":20,"50":36,"51":43,"52":53,"53":32,"54":46,"55":58,"56":76,"57":66,"58":69,"59":81,"60":122,"61":114,"62":105,"63":126,"64":146,"65":157,"66":181,"67":203,"68":220,"69":243,"70":278,"71":310,"72":311,"73":342,"74":415,"75":464,"76":438,"77":522,"78":600,"79":602,"80":592,"81":675,"82":713,"83":775,"84":757,"85":838,"86":806,"87":832,"88":841,"89":890,"90":922,"91":951,"92":986,"93":1024,"94":1000,"95":990,"96":1007,"97":1078,"98":1006,"99":1050,"100":1033,"101":1026,"102":1007,"103":963,"104":918,"105":827,"106":729,"107":708,"108":656,"109":602,"110":549,"111":481,"112":471,"113":386,"114":361,"115":315,"116":275,"117":259,"118":264,"119":206,"120":198,"121":176,"122":172,"123":141,"124":119,"125":136,"126":103,"127":105,"128":90,"129":76,"130":70,"131":81,"132":76,"133":88,"134":82,"135":82,"136":70,"137":90,"138":73,"139":71,"140":100,"141":108,"142":100,"143":91,"144":82,"145":80,"146":57,"147":57,"148":57,"149":48,"150":50,"151":43,"152":53,"153":37,"154":45,"155":39,"156":54,"157":58,"158":43,"159":56,"160":62,"161":47,"162":81,"163":70,"164":65,"165":52,"166":58,"167":49,"168":34,"169":38,"170":42,"171":51,"172":40,"173":59,"174":51,"175":48,"176":44,"177":52,"178":35,"179":44,"180":75,"181":69,"182":77,"183":47,"184":27,"185":24,"186":22,"187":38,"188":24,"189":26,"190":19,"191":22,"192":25,"193":26,"194":31,"195":28,"196":36,"197":34,"198":27,"199":14,"200":17,"201":37,"202":26,"203":35,"204":25,"205":57,"206":43,"207":24,"208":38,"209":50,"210":39,"211":42,"212":30,"213":21,"214":26,"215":24,"216":30,"217":28,"218":18,"219":15,"220":19,"221":27,"222":18,"223":23,"224":19,"225":23,"226":17,"227":16,"228":17,"229":14,"230":17,"231":25,"232":38,"233":46,"234":38,"235":32,"236":26,"237":23,"238":26,"239":36,"240":24,"241":29,"242":32,"243":23,"244":14,"245":24,"246":28,"247":27,"248":20,"249":14,"250":17,"251":5,"252":9,"253":10,"254":11,"255":10,"256":9,"257":6,"258":4,"259":8,"260":8,"261":4,"262":3,"263":7,"264":10,"265":10,"266":7,"267":15,"268":7,"269":8,"270":7,"271":16,"272":13,"273":11,"274":19,"275":21,"276":20,"277":29,"278":28,"279":30,"280":10,"281":8,"282":3,"283":8,"284":8,"285":4,"286":13,"287":13,"288":18,"289":12,"290":8,"291":21,"292":18,"293":15,"294":8,"295":16,"296":7,"297":13,"298":16,"299":14,"300":14,"301":13,"302":9,"303":17,"304":5,"305":17,"306":12,"307":15,"308":13,"309":13,"310":10,"311":12,"312":9,"313":9,"314":8,"315":8,"316":8,"317":7,"318":10,"319":4,"320":9,"321":17,"322":9,"323":8,"324":11,"325":10,"326":12,"327":9,"328":10,"329":9,"330":14,"331":8,"332":10,"333":15,"334":9,"335":11,"336":7,"337":6,"338":13,"339":15,"340":5,"341":9,"342":11,"343":10,"344":11,"345":6,"346":8,"347":13,"348":11,"349":8,"350":7,"351":8,"352":14,"353":8,"354":5,"355":8,"356":9,"357":7,"358":4,"359":6,"360":7,"361":5,"362":5,"363":7,"364":5,"365":5,"366":4,"367":4,"368":6,"369":2,"370":3,"371":4,"372":4,"373":6,"374":4,"375":5,"376":6,"377":8,"378":4,"379":7,"380":10,"381":8,"382":7,"383":8,"384":7,"385":10,"386":7,"387":8,"388":4,"389":4,"390":5,"391":3,"392":3,"393":2,"394":5,"395":3,"396":1,"398":3,"400":2,"401":2,"402":2,"404":5,"405":9,"406":1,"407":4,"408":4,"409":6,"410":3,"411":3,"412":3,"413":4,"414":3,"415":8,"416":7,"417":5,"418":6,"419":9,"420":6,"421":10,"422":12,"423":9,"424":8,"425":7,"426":5,"427":6,"428":7,"429":11,"430":5,"431":5,"432":5,"433":7,"434":10,"435":6,"436":7,"437":6,"438":9,"439":10,"440":7,"441":10,"442":6,"443":6,"444":3,"445":9,"446":7,"447":10,"448":3,"449":6,"450":9,"451":5,"452":10,"453":8,"454":6,"455":10,"456":9,"457":8,"458":4,"459":2,"460":4,"461":7,"462":13,"463":7,"464":14,"465":7,"466":8,"467":8,"468":8,"469":10,"470":15,"471":15,"472":12,"473":9,"474":15,"475":12,"476":7,"477":11,"478":15,"479":16,"480":15,"481":14,"482":9,"483":5,"484":9,"485":5,"486":4,"487":8,"488":10,"489":1,"491":5,"493":5,"494":2,"495":1,"496":7,"497":6,"498":8,"499":8,"500":4,"501":8,"502":7,"503":5,"504":4,"505":6,"506":3,"507":7,"508":4,"509":8,"510":3,"511":6,"512":4,"513":3,"514":4,"515":1,"516":4,"517":2,"518":2,"519":3,"520":4,"521":2,"522":3,"523":1,"524":4,"525":1,"528":3,"529":1,"530":2,"531":2,"532":2,"533":1,"536":1,"537":1},"nonfork_created":45000,"nonfork_confirmed":45000,"nonfork_histogram_ms":{"38":1,"42":2,"43":16,"44":8,"45":6,"46":19,"47":30,"48":27,"49":20,"50":36,"51":43,"52":53,"53":32,"54":46,"55":58,"56":76,"57":66,"58":69,"59":81,"60":122,"61":114,"62":105,"63":126,"64":146,"65":157,"66":181,"67":203,"68":220,"69":243,"70":278,"71":310,"72":311,"73":342,"74":415,"75":464,"76":438,"77":522,"78":600,"79":602,"80":592,"81":675,"82":713,"83":775,"84":757,"85":838,"86":806,"87":832,"88":841,"89":890,"90":922,"91":951,"92":986,"93":1024,"94":1000,"95":990,"96":1007,"97":1078,"98":1006,"99":1050,"100":1033,"101":1026,"102":1007,"103":963,"104":918,"105":827,"106":729,"107":708,"108":656,"109":602,"110":549,"111":481,"112":471,"113":386,"114":361,"115":315,"116":275,"117":259,"118":264,"119":206,"120":198,"121":176,"122":172,"123":141,"124":119,"125":136,"126":103,"127":105,"128":90,"129":76,"130":70,"131":81,"132":76,"133":88,"134":82,"135":82,"136":70,"137":90,"138":73,"139":71,"140":100,"141":108,"142":100,"143":91,"144":82,"145":80,"146":57,"147":57,"148":57,"149":48,"150":50,"151":43,"152":53,"153":37,"154":45,"155":39,"156":54,"157":58,"158":43,"159":56,"160":62,"161":47,"162":81,"163":70,"164":65,"165":52,"166":58,"167":49,"168":34,"169":38,"170":42,"171":51,"172":40,"173":59,"174":51,"175":48,"176":44,"177":52,"178":35,"179":44,"180":75,"181":69,"182":77,"183":47,"184":27,"185":24,"186":22,"187":38,"188":24,"189":26,"190":19,"191":22,"192":25,"193":26,"194":31,"195":28,"196":36,"197":34,"198":27,"199":14,"200":17,"201":37,"202":26,"203":35,"204":25,"205":57,"206":43,"207":24,"208":38,"209":50,"210":39,"211":42,"212":30,"213":21,"214":26,"215":24,"216":30,"217":28,"218":18,"219":15,"220":19,"221":27,"222":18,"223":23,"224":19,"225":23,"226":17,"227":16,"228":17,"229":14,"230":17,"231":25,"232":38,"233":46,"234":38,"235":32,"236":26,"237":23,"238":26,"239":36,"240":24,"241":29,"242":32,"243":23,"244":14,"245":24,"246":28,"247":27,"248":20,"249":14,"250":17,"251":5,"252":9,"253":10,"254":11,"255":10,"256":9,"257":6,"258":4,"259":8,"260":8,"261":4,"262":3,"263":7,"264":10,"265":10,"266":7,"267":15,"268":7,"269":8,"270":7,"271":16,"272":13,"273":11,"274":19,"275":21,"276":20,"277":29,"278":28,"279":30,"280":10,"281":8,"282":3,"283":8,"284":8,"285":4,"286":13,"287":13,"288":18,"289":12,"290":8,"291":21,"292":18,"293":15,"294":8,"295":16,"296":7,"297":13,"298":16,"299":14,"300":14,"301":13,"302":9,"303":17,"304":5,"305":17,"306":12,"307":15,"308":13,"309":13,"310":10,"311":12,"312":9,"313":9,"314":8,"315":8,"316":8,"317":7,"318":10,"319":4,"320":9,"321":17,"322":9,"323":8,"324":11,"325":10,"326":12,"327":9,"328":10,"329":9,"330":14,"331":8,"332":10,"333":15,"334":9,"335":11,"336":7,"337":6,"338":13,"339":15,"340":5,"341":9,"342":11,"343":10,"344":11,"345":6,"346":8,"347":13,"348":11,"349":8,"350":7,"351":8,"352":14,"353":8,"354":5,"355":8,"356":9,"357":7,"358":4,"359":6,"360":7,"361":5,"362":5,"363":7,"364":5,"365":5,"366":4,"367":4,"368":6,"369":2,"370":3,"371":4,"372":4,"373":6,"374":4,"375":5,"376":6,"377":8,"378":4,"379":7,"380":10,"381":8,"382":7,"383":8,"384":7,"385":10,"386":7,"387":8,"388":4,"389":4,"390":5,"391":3,"392":3,"393":2,"394":5,"395":3,"396":1,"398":3,"400":2,"401":2,"402":2,"404":5,"405":9,"406":1,"407":4,"408":4,"409":6,"410":3,"411":3,"412":3,"413":4,"414":3,"415":8,"416":7,"417":5,"418":6,"419":9,"420":6,"421":10,"422":12,"423":9,"424":8,"425":7,"426":5,"427":6,"428":7,"429":11,"430":5,"431":5,"432":5,"433":7,"434":10,"435":6,"436":7,"437":6,"438":9,"439":10,"440":7,"441":10,"442":6,"443":6,"444":3,"445":9,"446":7,"447":10,"448":3,"449":6,"450":9,"451":5,"452":10,"453":8,"454":6,"455":10,"456":9,"457":8,"458":4,"459":2,"460":4,"461":7,"462":13,"463":7,"464":14,"465":7,"466":8,"467":8,"468":8,"469":10,"470":15,"471":15,"472":12,"473":9,"474":15,"475":12,"476":7,"477":11,"478":15,"479":16,"480":15,"481":14,"482":9,"483":5,"484":9,"485":5,"486":4,"487":8,"488":10,"489":1,"491":5,"493":5,"494":2,"495":1,"496":7,"497":6,"498":8,"499":8,"500":4,"501":8,"502":7,"503":5,"504":4,"505":6,"506":3,"507":7,"508":4,"509":8,"510":3,"511":6,"512":4,"513":3,"514":4,"515":1,"516":4,"517":2,"518":2,"519":3,"520":4,"521":2,"522":3,"523":1,"524":4,"525":1,"528":3,"529":1,"530":2,"531":2,"532":2,"533":1,"536":1,"537":1},"fork_created":0,"fork_confirmed":0,"fork_unresolved_at_end":0}
EPOCH_ENDED epoch=2 elections=15 active=8 t=1791387894979
EPOCH_ENDED epoch=2 elections=15 active=8 t=1791387894989
EPOCH_ENDED epoch=2 elections=15 active=8 t=1791387895008
EPOCH_ENDED epoch=2 elections=15 active=8 t=1791387895039
EPOCH_ADVANCED epoch=3 elections=15 active=8 vote_records=530768 t=1791387895039
EPOCH_ADVANCED epoch=3 elections=15 active=8 vote_records=530770 t=1791387895044
EPOCH_CLOSE_UNREADY epoch=2 short_of=reports usable=0 weight=0 required=5 held=0 theirs=[] t=1791387895045
EPOCH_CLOSE_UNREADY epoch=2 short_of=reports usable=0 weight=0 required=5 held=0 theirs=[] t=1791387895050
EPOCH_ADVANCED epoch=3 elections=15 active=8 vote_records=530766 t=1791387895062
EPOCH_ENDED epoch=2 elections=15 active=8 t=1791387895062
EPOCH_CLOSE_UNREADY epoch=2 short_of=reports usable=0 weight=0 required=5 held=0 theirs=[] t=1791387895069
EPOCH_REPORT epoch=2 certified=45065 residual=0 root=BC9558C83C4342588FE7170B2C1B9DCF9705181F9CCF01AF34EF9625B2010BF3 reports=1 t=1791387895098
EPOCH_REPORT epoch=2 certified=45065 residual=0 root=BC9558C83C4342588FE7170B2C1B9DCF9705181F9CCF01AF34EF9625B2010BF3 reports=1 t=1791387895100
EPOCH_ADVANCED epoch=3 elections=15 active=8 vote_records=530769 t=1791387895102
EPOCH_REPORT epoch=2 certified=45065 residual=0 root=BC9558C83C4342588FE7170B2C1B9DCF9705181F9CCF01AF34EF9625B2010BF3 reports=1 t=1791387895110
EPOCH_ADVANCED epoch=3 elections=15 active=8 vote_records=530768 t=1791387895119
EPOCH_ENDED epoch=2 elections=15 active=8 t=1791387895126
EPOCH_REPORT epoch=2 certified=45065 residual=0 root=BC9558C83C4342588FE7170B2C1B9DCF9705181F9CCF01AF34EF9625B2010BF3 reports=1 t=1791387895149
EPOCH_RECONCILED epoch=2 reporter=633D9D614858AB1710D5D8C3180E2A082DC97208BA8C26BA6C6D1A86C8E31CC0 complete=true entries=0 total=45065 symbols=0 dropped=false t=1791387895156
EPOCH_RECONCILED epoch=2 reporter=911999B2AEFA7ACC66EBD802B3301FF6CE431405107749D940277955CB7FDD07 complete=true entries=0 total=45065 symbols=0 dropped=false t=1791387895158
EPOCH_ADVANCED epoch=3 elections=15 active=8 vote_records=530769 t=1791387895175
EPOCH_RECONCILED epoch=2 reporter=911999B2AEFA7ACC66EBD802B3301FF6CE431405107749D940277955CB7FDD07 complete=true entries=0 total=45065 symbols=0 dropped=false t=1791387895192
EPOCH_CLOSE_UNREADY epoch=2 short_of=reports usable=3 weight=3 required=5 held=3 theirs=["D315857C:BC9558C8:D7A011D4", "633D9D61:BC9558C8:D7A011D4", "911999B2:BC9558C8:D7A011D4"] t=1791387895195
EPOCH_REPORT epoch=2 certified=45065 residual=0 root=BC9558C83C4342588FE7170B2C1B9DCF9705181F9CCF01AF34EF9625B2010BF3 reports=1 t=1791387895200
EPOCH_RECONCILED epoch=2 reporter=D315857CE70C54DE713F6E82E5613BB3A1266C15E28AD2F4338C7BBEC456F532 complete=true entries=0 total=45065 symbols=0 dropped=false t=1791387895203
EPOCH_RECONCILED epoch=2 reporter=633D9D614858AB1710D5D8C3180E2A082DC97208BA8C26BA6C6D1A86C8E31CC0 complete=true entries=0 total=45065 symbols=0 dropped=false t=1791387895206
EPOCH_REPORT epoch=2 certified=45065 residual=0 root=BC9558C83C4342588FE7170B2C1B9DCF9705181F9CCF01AF34EF9625B2010BF3 reports=1 t=1791387895226
EPOCH_RECONCILED epoch=2 reporter=633D9D614858AB1710D5D8C3180E2A082DC97208BA8C26BA6C6D1A86C8E31CC0 complete=true entries=0 total=45065 symbols=0 dropped=false t=1791387895233
EPOCH_RECONCILED epoch=2 reporter=735FE217D91E88EA82324C5883296385FA0041C2FAC85C827BAA46DA1E14B83F complete=true entries=0 total=45065 symbols=0 dropped=false t=1791387895236
EPOCH_RECONCILED epoch=2 reporter=D315857CE70C54DE713F6E82E5613BB3A1266C15E28AD2F4338C7BBEC456F532 complete=true entries=0 total=45065 symbols=0 dropped=false t=1791387895238
EPOCH_RECONCILED epoch=2 reporter=911999B2AEFA7ACC66EBD802B3301FF6CE431405107749D940277955CB7FDD07 complete=true entries=0 total=45065 symbols=0 dropped=false t=1791387895240
EPOCH_CLOSE_UNREADY epoch=2 short_of=reports usable=4 weight=4 required=5 held=5 theirs=["911999B2:BC9558C8:D7A011D4", "A353E45E:BC9558C8:D7A011D4", "D315857C:BC9558C8:D7A011D4", "633D9D61:BC9558C8:D7A011D4", "735FE217:BC9558C8:D7A011D4"] t=1791387895254
EPOCH_CLOSE_READY epoch=2 t=1791387895297
EPOCH_RECONCILED epoch=2 reporter=A353E45E6D0016CAEED0DFA4EC5B0640E2AA22A793F9F2375E77F1AB92977C04 complete=true entries=0 total=45065 symbols=0 dropped=false t=1791387895328
EPOCH_RECONCILED epoch=2 reporter=65A90023F6C0D2181AAA63F005D81BBC0C04650505E21D5123F9AE1F9E992BFF complete=true entries=0 total=45065 symbols=0 dropped=false t=1791387895331
EPOCH_RECONCILED epoch=2 reporter=D315857CE70C54DE713F6E82E5613BB3A1266C15E28AD2F4338C7BBEC456F532 complete=true entries=0 total=45065 symbols=0 dropped=false t=1791387895333
EPOCH_RECONCILED epoch=2 reporter=735FE217D91E88EA82324C5883296385FA0041C2FAC85C827BAA46DA1E14B83F complete=true entries=0 total=45065 symbols=0 dropped=false t=1791387895336
EPOCH_RECONCILED epoch=2 reporter=911999B2AEFA7ACC66EBD802B3301FF6CE431405107749D940277955CB7FDD07 complete=true entries=0 total=45065 symbols=0 dropped=false t=1791387895339
EPOCH_RECONCILED epoch=2 reporter=633D9D614858AB1710D5D8C3180E2A082DC97208BA8C26BA6C6D1A86C8E31CC0 complete=true entries=0 total=45065 symbols=0 dropped=false t=1791387895340
EPOCH_RECONCILED epoch=2 reporter=D315857CE70C54DE713F6E82E5613BB3A1266C15E28AD2F4338C7BBEC456F532 complete=true entries=0 total=45065 symbols=0 dropped=false t=1791387895343
EPOCH_RECONCILED epoch=2 reporter=735FE217D91E88EA82324C5883296385FA0041C2FAC85C827BAA46DA1E14B83F complete=true entries=0 total=45065 symbols=0 dropped=false t=1791387895346
EPOCH_RECONCILED epoch=2 reporter=65A90023F6C0D2181AAA63F005D81BBC0C04650505E21D5123F9AE1F9E992BFF complete=true entries=0 total=45065 symbols=0 dropped=false t=1791387895350
EPOCH_RECONCILED epoch=2 reporter=A353E45E6D0016CAEED0DFA4EC5B0640E2AA22A793F9F2375E77F1AB92977C04 complete=true entries=0 total=45065 symbols=0 dropped=false t=1791387895353
EPOCH_RECONCILED epoch=2 reporter=65A90023F6C0D2181AAA63F005D81BBC0C04650505E21D5123F9AE1F9E992BFF complete=true entries=0 total=45065 symbols=0 dropped=false t=1791387895361
EPOCH_RECONCILED epoch=2 reporter=633D9D614858AB1710D5D8C3180E2A082DC97208BA8C26BA6C6D1A86C8E31CC0 complete=true entries=0 total=45065 symbols=0 dropped=false t=1791387895364
EPOCH_RECONCILED epoch=2 reporter=735FE217D91E88EA82324C5883296385FA0041C2FAC85C827BAA46DA1E14B83F complete=true entries=0 total=45065 symbols=0 dropped=false t=1791387895366
EPOCH_RECONCILED epoch=2 reporter=911999B2AEFA7ACC66EBD802B3301FF6CE431405107749D940277955CB7FDD07 complete=true entries=0 total=45065 symbols=0 dropped=false t=1791387895369
EPOCH_RECONCILED epoch=2 reporter=A353E45E6D0016CAEED0DFA4EC5B0640E2AA22A793F9F2375E77F1AB92977C04 complete=true entries=0 total=45065 symbols=0 dropped=false t=1791387895376
EPOCH_RECONCILED epoch=2 reporter=65A90023F6C0D2181AAA63F005D81BBC0C04650505E21D5123F9AE1F9E992BFF complete=true entries=0 total=45065 symbols=0 dropped=false t=1791387895402
EPOCH_RECONCILED epoch=2 reporter=A353E45E6D0016CAEED0DFA4EC5B0640E2AA22A793F9F2375E77F1AB92977C04 complete=true entries=0 total=45065 symbols=0 dropped=false t=1791387895404
EPOCH_RECONCILED epoch=2 reporter=D315857CE70C54DE713F6E82E5613BB3A1266C15E28AD2F4338C7BBEC456F532 complete=true entries=0 total=45065 symbols=0 dropped=false t=1791387895407
EPOCH_RECONCILED epoch=2 reporter=A353E45E6D0016CAEED0DFA4EC5B0640E2AA22A793F9F2375E77F1AB92977C04 complete=true entries=0 total=45065 symbols=0 dropped=false t=1791387895421
EPOCH_RECONCILED epoch=2 reporter=735FE217D91E88EA82324C5883296385FA0041C2FAC85C827BAA46DA1E14B83F complete=true entries=0 total=45065 symbols=0 dropped=false t=1791387895428
EPOCH_CLOSE_ROUND epoch=2 round=0 leader=735FE217D91E88EA82324C5883296385FA0041C2FAC85C827BAA46DA1E14B83F leads=false t=1791387895431
EPOCH_CLOSE_READY epoch=2 t=1791387895436
EPOCH_CLOSE_READY epoch=2 t=1791387895458
EPOCH_CLOSE_READY epoch=2 t=1791387895465
EPOCH_CLOSE_READY epoch=2 t=1791387895466
EPOCH_CLOSE_READY epoch=2 t=1791387895471
EPOCH_RECONCILED epoch=2 reporter=65A90023F6C0D2181AAA63F005D81BBC0C04650505E21D5123F9AE1F9E992BFF complete=true entries=0 total=45065 symbols=0 dropped=false t=1791387895478
EPOCH_PROPOSED epoch=2 round=0 value=316E66409306B0A3F8840E9F729E6A3D32C07F8CCA1358A05987E9142E232ECF state=847EB8053E17D0978FADE665BF4D914E5574813FD7F0063DD43FAFBCA1CCCFB6 reports=5 t=1791387895577
EPOCH_VALUE epoch=2 value=316E66409306B0A3F8840E9F729E6A3D32C07F8CCA1358A05987E9142E232ECF state=847EB8053E17D0978FADE665BF4D914E5574813FD7F0063DD43FAFBCA1CCCFB6 t=1791387895577
EPOCH_CLOSE_ROUND epoch=2 round=0 leader=735FE217D91E88EA82324C5883296385FA0041C2FAC85C827BAA46DA1E14B83F leads=false t=1791387895590
EPOCH_CLOSE_ROUND epoch=2 round=0 leader=735FE217D91E88EA82324C5883296385FA0041C2FAC85C827BAA46DA1E14B83F leads=false t=1791387895600
EPOCH_CLOSE_ROUND epoch=2 round=0 leader=735FE217D91E88EA82324C5883296385FA0041C2FAC85C827BAA46DA1E14B83F leads=false t=1791387895611
EPOCH_CLOSE_ROUND epoch=2 round=0 leader=735FE217D91E88EA82324C5883296385FA0041C2FAC85C827BAA46DA1E14B83F leads=true t=1791387895646
EPOCH_CLOSE_ROUND epoch=2 round=0 leader=735FE217D91E88EA82324C5883296385FA0041C2FAC85C827BAA46DA1E14B83F leads=false t=1791387895672
EPOCH_VALUE epoch=2 value=316E66409306B0A3F8840E9F729E6A3D32C07F8CCA1358A05987E9142E232ECF state=847EB8053E17D0978FADE665BF4D914E5574813FD7F0063DD43FAFBCA1CCCFB6 t=1791387895737
EPOCH_VALUE epoch=2 value=316E66409306B0A3F8840E9F729E6A3D32C07F8CCA1358A05987E9142E232ECF state=847EB8053E17D0978FADE665BF4D914E5574813FD7F0063DD43FAFBCA1CCCFB6 t=1791387895740
EPOCH_VALUE epoch=2 value=316E66409306B0A3F8840E9F729E6A3D32C07F8CCA1358A05987E9142E232ECF state=847EB8053E17D0978FADE665BF4D914E5574813FD7F0063DD43FAFBCA1CCCFB6 t=1791387895745
EPOCH_VALUE epoch=2 value=316E66409306B0A3F8840E9F729E6A3D32C07F8CCA1358A05987E9142E232ECF state=847EB8053E17D0978FADE665BF4D914E5574813FD7F0063DD43FAFBCA1CCCFB6 t=1791387895748
EPOCH_VALUE epoch=2 value=316E66409306B0A3F8840E9F729E6A3D32C07F8CCA1358A05987E9142E232ECF state=847EB8053E17D0978FADE665BF4D914E5574813FD7F0063DD43FAFBCA1CCCFB6 t=1791387895752
EPOCH_INSTALL epoch=2 finalized=13669 instances_confirmed=15 t=1791387895895
EPOCH_INSTALL epoch=2 finalized=13669 instances_confirmed=15 t=1791387895897
EPOCH_INSTALL epoch=2 finalized=13669 instances_confirmed=15 t=1791387895901
EPOCH_INSTALL epoch=2 finalized=13669 instances_confirmed=15 t=1791387895902
EPOCH_INSTALL epoch=2 finalized=13669 instances_confirmed=15 t=1791387895905
EPOCH_INSTALL epoch=2 finalized=13669 instances_confirmed=15 t=1791387895906
EPOCH_FRONTIER_MISSING epoch=2 accounts=94 : blocks this node does not hold t=1791387896085
EPOCH_COMMITTEE derived_by=2 members=6 accounts=17593 n=6 digest=95D409445152DD075E6A4799205DFA5689496EB8EE1A22AC2A200B9DBC2DCF27 shares=["735FE217:16.7%", "65A90023:16.7%", "D315857C:16.7%", "911999B2:16.7%", "633D9D61:16.7%", "A353E45E:16.7%"] t=1791387896094
EPOCH_CLOSED epoch=2 round=0 value=316E66409306B0A3F8840E9F729E6A3D32C07F8CCA1358A05987E9142E232ECF state=847EB8053E17D0978FADE665BF4D914E5574813FD7F0063DD43FAFBCA1CCCFB6 t=1791387896094
EPOCH_FRONTIER_MISSING epoch=2 accounts=94 : blocks this node does not hold t=1791387896107
EPOCH_FRONTIER_MISSING epoch=2 accounts=94 : blocks this node does not hold t=1791387896111
EPOCH_FRONTIER_MISSING epoch=2 accounts=94 : blocks this node does not hold t=1791387896113
EPOCH_FRONTIER_MISSING epoch=2 accounts=94 : blocks this node does not hold t=1791387896117
EPOCH_COMMITTEE derived_by=2 members=6 accounts=17593 n=6 digest=95D409445152DD075E6A4799205DFA5689496EB8EE1A22AC2A200B9DBC2DCF27 shares=["735FE217:16.7%", "65A90023:16.7%", "D315857C:16.7%", "911999B2:16.7%", "633D9D61:16.7%", "A353E45E:16.7%"] t=1791387896118
EPOCH_CLOSED epoch=2 round=0 value=316E66409306B0A3F8840E9F729E6A3D32C07F8CCA1358A05987E9142E232ECF state=847EB8053E17D0978FADE665BF4D914E5574813FD7F0063DD43FAFBCA1CCCFB6 t=1791387896118
EPOCH_COMMITTEE derived_by=2 members=6 accounts=17593 n=6 digest=95D409445152DD075E6A4799205DFA5689496EB8EE1A22AC2A200B9DBC2DCF27 shares=["735FE217:16.7%", "65A90023:16.7%", "D315857C:16.7%", "911999B2:16.7%", "633D9D61:16.7%", "A353E45E:16.7%"] t=1791387896118
EPOCH_CLOSED epoch=2 round=0 value=316E66409306B0A3F8840E9F729E6A3D32C07F8CCA1358A05987E9142E232ECF state=847EB8053E17D0978FADE665BF4D914E5574813FD7F0063DD43FAFBCA1CCCFB6 t=1791387896118
EPOCH_COMMITTEE derived_by=2 members=6 accounts=17593 n=6 digest=95D409445152DD075E6A4799205DFA5689496EB8EE1A22AC2A200B9DBC2DCF27 shares=["735FE217:16.7%", "65A90023:16.7%", "D315857C:16.7%", "911999B2:16.7%", "633D9D61:16.7%", "A353E45E:16.7%"] t=1791387896120
EPOCH_CLOSED epoch=2 round=0 value=316E66409306B0A3F8840E9F729E6A3D32C07F8CCA1358A05987E9142E232ECF state=847EB8053E17D0978FADE665BF4D914E5574813FD7F0063DD43FAFBCA1CCCFB6 t=1791387896120
EPOCH_INSTALLED epoch=2 finalized=13669 cemented=13669 queued=0 missing=0 t=1791387896122
EPOCH_COMMITTEE derived_by=2 members=6 accounts=17593 n=6 digest=95D409445152DD075E6A4799205DFA5689496EB8EE1A22AC2A200B9DBC2DCF27 shares=["735FE217:16.7%", "65A90023:16.7%", "D315857C:16.7%", "911999B2:16.7%", "633D9D61:16.7%", "A353E45E:16.7%"] t=1791387896123
EPOCH_CLOSED epoch=2 round=0 value=316E66409306B0A3F8840E9F729E6A3D32C07F8CCA1358A05987E9142E232ECF state=847EB8053E17D0978FADE665BF4D914E5574813FD7F0063DD43FAFBCA1CCCFB6 t=1791387896123
EPOCH_FRONTIER_MISSING epoch=2 accounts=94 : blocks this node does not hold t=1791387896129
EPOCH_COMMITTEE derived_by=2 members=6 accounts=17593 n=6 digest=95D409445152DD075E6A4799205DFA5689496EB8EE1A22AC2A200B9DBC2DCF27 shares=["735FE217:16.7%", "65A90023:16.7%", "D315857C:16.7%", "911999B2:16.7%", "633D9D61:16.7%", "A353E45E:16.7%"] t=1791387896135
EPOCH_CLOSED epoch=2 round=0 value=316E66409306B0A3F8840E9F729E6A3D32C07F8CCA1358A05987E9142E232ECF state=847EB8053E17D0978FADE665BF4D914E5574813FD7F0063DD43FAFBCA1CCCFB6 t=1791387896135
EPOCH_INSTALLED epoch=2 finalized=13669 cemented=13669 queued=0 missing=0 t=1791387896143
EPOCH_INSTALLED epoch=2 finalized=13669 cemented=13669 queued=0 missing=0 t=1791387896145
EPOCH_INSTALLED epoch=2 finalized=13669 cemented=13669 queued=0 missing=0 t=1791387896150
EPOCH_INSTALLED epoch=2 finalized=13669 cemented=13669 queued=0 missing=0 t=1791387896150
EPOCH_INSTALLED epoch=2 finalized=13669 cemented=13669 queued=0 missing=0 t=1791387896157
