2026-09-09T13:56:00.794272Z  INFO nanospam::setup::account_map_factory: Creating account keys file with 15000 keys: "/Users/ruimorais/rsnano-node/workload-results/rai-ramp/b15000-r1500-timeout-fix/data/account_keys.txt"
2026-09-09T13:56:01.070865Z  INFO nanospam::setup::node_config_factory: RAI_COMMITTEE {"fixed":true,"representatives":["D315857CE70C54DE713F6E82E5613BB3A1266C15E28AD2F4338C7BBEC456F532","A353E45E6D0016CAEED0DFA4EC5B0640E2AA22A793F9F2375E77F1AB92977C04","911999B2AEFA7ACC66EBD802B3301FF6CE431405107749D940277955CB7FDD07","65A90023F6C0D2181AAA63F005D81BBC0C04650505E21D5123F9AE1F9E992BFF","633D9D614858AB1710D5D8C3180E2A082DC97208BA8C26BA6C6D1A86C8E31CC0","735FE217D91E88EA82324C5883296385FA0041C2FAC85C827BAA46DA1E14B83F"],"weight_per_pr":"56713727820156410577229101238628035242","total_weight":"340282366920938463463374607431768211452"}
2026-09-09T13:56:01.070910Z  INFO nanospam::setup::node_config_factory: ********************************************************************************
2026-09-09T13:56:01.070915Z  INFO nanospam::setup::node_config_factory: Setting up node PR0...
2026-09-09T13:56:01.070919Z  INFO nanospam::setup::node_config_factory: Creating directory "/Users/ruimorais/rsnano-node/workload-results/rai-ramp/b15000-r1500-timeout-fix/data/pr0"
2026-09-09T13:56:01.070993Z  INFO nanospam::setup::node_config_factory: Creating node config file: "/Users/ruimorais/rsnano-node/workload-results/rai-ramp/b15000-r1500-timeout-fix/data/pr0/config-node.toml"
2026-09-09T13:56:01.071090Z  INFO nanospam::setup::node_config_factory: Creating rpc config file: "/Users/ruimorais/rsnano-node/workload-results/rai-ramp/b15000-r1500-timeout-fix/data/pr0/config-rpc.toml"
2026-09-09T13:56:01.071155Z  INFO nanospam::setup::node_config_factory: ********************************************************************************
2026-09-09T13:56:01.071159Z  INFO nanospam::setup::node_config_factory: Setting up node PR1...
2026-09-09T13:56:01.071163Z  INFO nanospam::setup::node_config_factory: Creating directory "/Users/ruimorais/rsnano-node/workload-results/rai-ramp/b15000-r1500-timeout-fix/data/pr1"
2026-09-09T13:56:01.071206Z  INFO nanospam::setup::node_config_factory: Creating node config file: "/Users/ruimorais/rsnano-node/workload-results/rai-ramp/b15000-r1500-timeout-fix/data/pr1/config-node.toml"
2026-09-09T13:56:01.071274Z  INFO nanospam::setup::node_config_factory: Creating rpc config file: "/Users/ruimorais/rsnano-node/workload-results/rai-ramp/b15000-r1500-timeout-fix/data/pr1/config-rpc.toml"
2026-09-09T13:56:01.071336Z  INFO nanospam::setup::node_config_factory: ********************************************************************************
2026-09-09T13:56:01.071340Z  INFO nanospam::setup::node_config_factory: Setting up node PR2...
2026-09-09T13:56:01.071343Z  INFO nanospam::setup::node_config_factory: Creating directory "/Users/ruimorais/rsnano-node/workload-results/rai-ramp/b15000-r1500-timeout-fix/data/pr2"
2026-09-09T13:56:01.071387Z  INFO nanospam::setup::node_config_factory: Creating node config file: "/Users/ruimorais/rsnano-node/workload-results/rai-ramp/b15000-r1500-timeout-fix/data/pr2/config-node.toml"
2026-09-09T13:56:01.071453Z  INFO nanospam::setup::node_config_factory: Creating rpc config file: "/Users/ruimorais/rsnano-node/workload-results/rai-ramp/b15000-r1500-timeout-fix/data/pr2/config-rpc.toml"
2026-09-09T13:56:01.071510Z  INFO nanospam::setup::node_config_factory: ********************************************************************************
2026-09-09T13:56:01.071514Z  INFO nanospam::setup::node_config_factory: Setting up node PR3...
2026-09-09T13:56:01.071517Z  INFO nanospam::setup::node_config_factory: Creating directory "/Users/ruimorais/rsnano-node/workload-results/rai-ramp/b15000-r1500-timeout-fix/data/pr3"
2026-09-09T13:56:01.071560Z  INFO nanospam::setup::node_config_factory: Creating node config file: "/Users/ruimorais/rsnano-node/workload-results/rai-ramp/b15000-r1500-timeout-fix/data/pr3/config-node.toml"
2026-09-09T13:56:01.071623Z  INFO nanospam::setup::node_config_factory: Creating rpc config file: "/Users/ruimorais/rsnano-node/workload-results/rai-ramp/b15000-r1500-timeout-fix/data/pr3/config-rpc.toml"
2026-09-09T13:56:01.071692Z  INFO nanospam::setup::node_config_factory: ********************************************************************************
2026-09-09T13:56:01.071695Z  INFO nanospam::setup::node_config_factory: Setting up node PR4...
2026-09-09T13:56:01.071697Z  INFO nanospam::setup::node_config_factory: Creating directory "/Users/ruimorais/rsnano-node/workload-results/rai-ramp/b15000-r1500-timeout-fix/data/pr4"
2026-09-09T13:56:01.071741Z  INFO nanospam::setup::node_config_factory: Creating node config file: "/Users/ruimorais/rsnano-node/workload-results/rai-ramp/b15000-r1500-timeout-fix/data/pr4/config-node.toml"
2026-09-09T13:56:01.071807Z  INFO nanospam::setup::node_config_factory: Creating rpc config file: "/Users/ruimorais/rsnano-node/workload-results/rai-ramp/b15000-r1500-timeout-fix/data/pr4/config-rpc.toml"
2026-09-09T13:56:01.071869Z  INFO nanospam::setup::node_config_factory: ********************************************************************************
2026-09-09T13:56:01.071872Z  INFO nanospam::setup::node_config_factory: Setting up node PR5...
2026-09-09T13:56:01.071874Z  INFO nanospam::setup::node_config_factory: Creating directory "/Users/ruimorais/rsnano-node/workload-results/rai-ramp/b15000-r1500-timeout-fix/data/pr5"
2026-09-09T13:56:01.071931Z  INFO nanospam::setup::node_config_factory: Creating node config file: "/Users/ruimorais/rsnano-node/workload-results/rai-ramp/b15000-r1500-timeout-fix/data/pr5/config-node.toml"
2026-09-09T13:56:01.072005Z  INFO nanospam::setup::node_config_factory: Creating rpc config file: "/Users/ruimorais/rsnano-node/workload-results/rai-ramp/b15000-r1500-timeout-fix/data/pr5/config-rpc.toml"
2026-09-09T13:56:01.072258Z  INFO nanospam::setup::node_launcher: Starting node: NANOSPAM_RAI_COMMITTEE="[\"D315857CE70C54DE713F6E82E5613BB3A1266C15E28AD2F4338C7BBEC456F532\",\"A353E45E6D0016CAEED0DFA4EC5B0640E2AA22A793F9F2375E77F1AB92977C04\",\"911999B2AEFA7ACC66EBD802B3301FF6CE431405107749D940277955CB7FDD07\",\"65A90023F6C0D2181AAA63F005D81BBC0C04650505E21D5123F9AE1F9E992BFF\",\"633D9D614858AB1710D5D8C3180E2A082DC97208BA8C26BA6C6D1A86C8E31CC0\",\"735FE217D91E88EA82324C5883296385FA0041C2FAC85C827BAA46DA1E14B83F\"]" NANOSPAM_TERMINATION_AUDIT="1" NANO_TEST_GENESIS_BLOCK="{\n    \"type\": \"open\",\n    \"account\": \"nano_3nroioygg54nusrmyun4woimqex36sp3drnctdt5955uqu47fxbkrxk7n7ne\",\n    \"source\": \"D315857CE70C54DE713F6E82E5613BB3A1266C15E28AD2F4338C7BBEC456F532\",\n    \"representative\": \"nano_3nroioygg54nusrmyun4woimqex36sp3drnctdt5955uqu47fxbkrxk7n7ne\",\n    \"signature\": \"3F6792C2DC623DF2E8643777160AB983B66B337E2478E13D2C3448126A8F4CD8DCCD19803C158A057FA44060AE0EFC09B1C311CB4FBF42F8D240610B38F56E08\",\n    \"work\": \"70FEF01F7EC45DEC\"\n    }" NANO_TEST_GENESIS_PRV ="49643F9B10CA1AA34F9AF8ED4AABD29F436104CCC375974B108534A48EAE3FE1" "rsnano" "--network" "test" "--data-path" "/Users/ruimorais/rsnano-node/workload-results/rai-ramp/b15000-r1500-timeout-fix/data/pr0" "node" "run"
2026-09-09T13:56:01.072750Z  INFO nanospam::setup::node_launcher: Waiting for RPC...
2026-09-09T13:56:01.381923Z  INFO nanospam::setup::node_launcher: Starting node: NANOSPAM_RAI_COMMITTEE="[\"D315857CE70C54DE713F6E82E5613BB3A1266C15E28AD2F4338C7BBEC456F532\",\"A353E45E6D0016CAEED0DFA4EC5B0640E2AA22A793F9F2375E77F1AB92977C04\",\"911999B2AEFA7ACC66EBD802B3301FF6CE431405107749D940277955CB7FDD07\",\"65A90023F6C0D2181AAA63F005D81BBC0C04650505E21D5123F9AE1F9E992BFF\",\"633D9D614858AB1710D5D8C3180E2A082DC97208BA8C26BA6C6D1A86C8E31CC0\",\"735FE217D91E88EA82324C5883296385FA0041C2FAC85C827BAA46DA1E14B83F\"]" NANOSPAM_TERMINATION_AUDIT="1" NANO_TEST_GENESIS_BLOCK="{\n    \"type\": \"open\",\n    \"account\": \"nano_3nroioygg54nusrmyun4woimqex36sp3drnctdt5955uqu47fxbkrxk7n7ne\",\n    \"source\": \"D315857CE70C54DE713F6E82E5613BB3A1266C15E28AD2F4338C7BBEC456F532\",\n    \"representative\": \"nano_3nroioygg54nusrmyun4woimqex36sp3drnctdt5955uqu47fxbkrxk7n7ne\",\n    \"signature\": \"3F6792C2DC623DF2E8643777160AB983B66B337E2478E13D2C3448126A8F4CD8DCCD19803C158A057FA44060AE0EFC09B1C311CB4FBF42F8D240610B38F56E08\",\n    \"work\": \"70FEF01F7EC45DEC\"\n    }" NANO_TEST_GENESIS_PRV ="49643F9B10CA1AA34F9AF8ED4AABD29F436104CCC375974B108534A48EAE3FE1" "rsnano" "--network" "test" "--data-path" "/Users/ruimorais/rsnano-node/workload-results/rai-ramp/b15000-r1500-timeout-fix/data/pr1" "node" "run"
2026-09-09T13:56:01.382634Z  INFO nanospam::setup::node_launcher: Waiting for RPC...
2026-09-09T13:56:01.485173Z  INFO nanospam::setup::node_launcher: Starting node: NANOSPAM_RAI_COMMITTEE="[\"D315857CE70C54DE713F6E82E5613BB3A1266C15E28AD2F4338C7BBEC456F532\",\"A353E45E6D0016CAEED0DFA4EC5B0640E2AA22A793F9F2375E77F1AB92977C04\",\"911999B2AEFA7ACC66EBD802B3301FF6CE431405107749D940277955CB7FDD07\",\"65A90023F6C0D2181AAA63F005D81BBC0C04650505E21D5123F9AE1F9E992BFF\",\"633D9D614858AB1710D5D8C3180E2A082DC97208BA8C26BA6C6D1A86C8E31CC0\",\"735FE217D91E88EA82324C5883296385FA0041C2FAC85C827BAA46DA1E14B83F\"]" NANOSPAM_TERMINATION_AUDIT="1" NANO_TEST_GENESIS_BLOCK="{\n    \"type\": \"open\",\n    \"account\": \"nano_3nroioygg54nusrmyun4woimqex36sp3drnctdt5955uqu47fxbkrxk7n7ne\",\n    \"source\": \"D315857CE70C54DE713F6E82E5613BB3A1266C15E28AD2F4338C7BBEC456F532\",\n    \"representative\": \"nano_3nroioygg54nusrmyun4woimqex36sp3drnctdt5955uqu47fxbkrxk7n7ne\",\n    \"signature\": \"3F6792C2DC623DF2E8643777160AB983B66B337E2478E13D2C3448126A8F4CD8DCCD19803C158A057FA44060AE0EFC09B1C311CB4FBF42F8D240610B38F56E08\",\n    \"work\": \"70FEF01F7EC45DEC\"\n    }" NANO_TEST_GENESIS_PRV ="49643F9B10CA1AA34F9AF8ED4AABD29F436104CCC375974B108534A48EAE3FE1" "rsnano" "--network" "test" "--data-path" "/Users/ruimorais/rsnano-node/workload-results/rai-ramp/b15000-r1500-timeout-fix/data/pr2" "node" "run"
2026-09-09T13:56:01.485775Z  INFO nanospam::setup::node_launcher: Waiting for RPC...
2026-09-09T13:56:01.588438Z  INFO nanospam::setup::node_launcher: Starting node: NANOSPAM_RAI_COMMITTEE="[\"D315857CE70C54DE713F6E82E5613BB3A1266C15E28AD2F4338C7BBEC456F532\",\"A353E45E6D0016CAEED0DFA4EC5B0640E2AA22A793F9F2375E77F1AB92977C04\",\"911999B2AEFA7ACC66EBD802B3301FF6CE431405107749D940277955CB7FDD07\",\"65A90023F6C0D2181AAA63F005D81BBC0C04650505E21D5123F9AE1F9E992BFF\",\"633D9D614858AB1710D5D8C3180E2A082DC97208BA8C26BA6C6D1A86C8E31CC0\",\"735FE217D91E88EA82324C5883296385FA0041C2FAC85C827BAA46DA1E14B83F\"]" NANOSPAM_TERMINATION_AUDIT="1" NANO_TEST_GENESIS_BLOCK="{\n    \"type\": \"open\",\n    \"account\": \"nano_3nroioygg54nusrmyun4woimqex36sp3drnctdt5955uqu47fxbkrxk7n7ne\",\n    \"source\": \"D315857CE70C54DE713F6E82E5613BB3A1266C15E28AD2F4338C7BBEC456F532\",\n    \"representative\": \"nano_3nroioygg54nusrmyun4woimqex36sp3drnctdt5955uqu47fxbkrxk7n7ne\",\n    \"signature\": \"3F6792C2DC623DF2E8643777160AB983B66B337E2478E13D2C3448126A8F4CD8DCCD19803C158A057FA44060AE0EFC09B1C311CB4FBF42F8D240610B38F56E08\",\n    \"work\": \"70FEF01F7EC45DEC\"\n    }" NANO_TEST_GENESIS_PRV ="49643F9B10CA1AA34F9AF8ED4AABD29F436104CCC375974B108534A48EAE3FE1" "rsnano" "--network" "test" "--data-path" "/Users/ruimorais/rsnano-node/workload-results/rai-ramp/b15000-r1500-timeout-fix/data/pr3" "node" "run"
2026-09-09T13:56:01.588748Z  INFO nanospam::setup::node_launcher: Waiting for RPC...
2026-09-09T13:56:01.690725Z  INFO nanospam::setup::node_launcher: Starting node: NANOSPAM_RAI_COMMITTEE="[\"D315857CE70C54DE713F6E82E5613BB3A1266C15E28AD2F4338C7BBEC456F532\",\"A353E45E6D0016CAEED0DFA4EC5B0640E2AA22A793F9F2375E77F1AB92977C04\",\"911999B2AEFA7ACC66EBD802B3301FF6CE431405107749D940277955CB7FDD07\",\"65A90023F6C0D2181AAA63F005D81BBC0C04650505E21D5123F9AE1F9E992BFF\",\"633D9D614858AB1710D5D8C3180E2A082DC97208BA8C26BA6C6D1A86C8E31CC0\",\"735FE217D91E88EA82324C5883296385FA0041C2FAC85C827BAA46DA1E14B83F\"]" NANOSPAM_TERMINATION_AUDIT="1" NANO_TEST_GENESIS_BLOCK="{\n    \"type\": \"open\",\n    \"account\": \"nano_3nroioygg54nusrmyun4woimqex36sp3drnctdt5955uqu47fxbkrxk7n7ne\",\n    \"source\": \"D315857CE70C54DE713F6E82E5613BB3A1266C15E28AD2F4338C7BBEC456F532\",\n    \"representative\": \"nano_3nroioygg54nusrmyun4woimqex36sp3drnctdt5955uqu47fxbkrxk7n7ne\",\n    \"signature\": \"3F6792C2DC623DF2E8643777160AB983B66B337E2478E13D2C3448126A8F4CD8DCCD19803C158A057FA44060AE0EFC09B1C311CB4FBF42F8D240610B38F56E08\",\n    \"work\": \"70FEF01F7EC45DEC\"\n    }" NANO_TEST_GENESIS_PRV ="49643F9B10CA1AA34F9AF8ED4AABD29F436104CCC375974B108534A48EAE3FE1" "rsnano" "--network" "test" "--data-path" "/Users/ruimorais/rsnano-node/workload-results/rai-ramp/b15000-r1500-timeout-fix/data/pr4" "node" "run"
2026-09-09T13:56:01.691167Z  INFO nanospam::setup::node_launcher: Waiting for RPC...
2026-09-09T13:56:01.794384Z  INFO nanospam::setup::node_launcher: Starting node: NANOSPAM_RAI_COMMITTEE="[\"D315857CE70C54DE713F6E82E5613BB3A1266C15E28AD2F4338C7BBEC456F532\",\"A353E45E6D0016CAEED0DFA4EC5B0640E2AA22A793F9F2375E77F1AB92977C04\",\"911999B2AEFA7ACC66EBD802B3301FF6CE431405107749D940277955CB7FDD07\",\"65A90023F6C0D2181AAA63F005D81BBC0C04650505E21D5123F9AE1F9E992BFF\",\"633D9D614858AB1710D5D8C3180E2A082DC97208BA8C26BA6C6D1A86C8E31CC0\",\"735FE217D91E88EA82324C5883296385FA0041C2FAC85C827BAA46DA1E14B83F\"]" NANOSPAM_TERMINATION_AUDIT="1" NANO_TEST_GENESIS_BLOCK="{\n    \"type\": \"open\",\n    \"account\": \"nano_3nroioygg54nusrmyun4woimqex36sp3drnctdt5955uqu47fxbkrxk7n7ne\",\n    \"source\": \"D315857CE70C54DE713F6E82E5613BB3A1266C15E28AD2F4338C7BBEC456F532\",\n    \"representative\": \"nano_3nroioygg54nusrmyun4woimqex36sp3drnctdt5955uqu47fxbkrxk7n7ne\",\n    \"signature\": \"3F6792C2DC623DF2E8643777160AB983B66B337E2478E13D2C3448126A8F4CD8DCCD19803C158A057FA44060AE0EFC09B1C311CB4FBF42F8D240610B38F56E08\",\n    \"work\": \"70FEF01F7EC45DEC\"\n    }" NANO_TEST_GENESIS_PRV ="49643F9B10CA1AA34F9AF8ED4AABD29F436104CCC375974B108534A48EAE3FE1" "rsnano" "--network" "test" "--data-path" "/Users/ruimorais/rsnano-node/workload-results/rai-ramp/b15000-r1500-timeout-fix/data/pr5" "node" "run"
2026-09-09T13:56:01.794980Z  INFO nanospam::setup::node_launcher: Waiting for RPC...
2026-09-09T13:56:01.898866Z  INFO nanospam::app: RAI_QUORUM_SNAPSHOT {"phase":"startup","pr":0,"quorum":{"quorum_delta":"227989185837028770520460986979284701672","online_weight_quorum_percent":"67","online_weight_minimum":"340282366920938463463374607431768211452","online_stake_total":"0","peers_stake_total":"0","trended_stake_total":"340282366920938463463374607431768211452","peers":[]}}
2026-09-09T13:56:01.899297Z  INFO nanospam::app: RAI_QUORUM_SNAPSHOT {"phase":"startup","pr":1,"quorum":{"quorum_delta":"227989185837028770520460986979284701672","online_weight_quorum_percent":"67","online_weight_minimum":"340282366920938463463374607431768211452","online_stake_total":"0","peers_stake_total":"0","trended_stake_total":"340282366920938463463374607431768211452","peers":[]}}
2026-09-09T13:56:01.899678Z  INFO nanospam::app: RAI_QUORUM_SNAPSHOT {"phase":"startup","pr":2,"quorum":{"quorum_delta":"227989185837028770520460986979284701672","online_weight_quorum_percent":"67","online_weight_minimum":"340282366920938463463374607431768211452","online_stake_total":"0","peers_stake_total":"0","trended_stake_total":"340282366920938463463374607431768211452","peers":[]}}
2026-09-09T13:56:01.900074Z  INFO nanospam::app: RAI_QUORUM_SNAPSHOT {"phase":"startup","pr":3,"quorum":{"quorum_delta":"227989185837028770520460986979284701672","online_weight_quorum_percent":"67","online_weight_minimum":"340282366920938463463374607431768211452","online_stake_total":"0","peers_stake_total":"0","trended_stake_total":"340282366920938463463374607431768211452","peers":[]}}
2026-09-09T13:56:01.900389Z  INFO nanospam::app: RAI_QUORUM_SNAPSHOT {"phase":"startup","pr":4,"quorum":{"quorum_delta":"227989185837028770520460986979284701672","online_weight_quorum_percent":"67","online_weight_minimum":"340282366920938463463374607431768211452","online_stake_total":"0","peers_stake_total":"0","trended_stake_total":"340282366920938463463374607431768211452","peers":[]}}
2026-09-09T13:56:01.900675Z  INFO nanospam::app: RAI_QUORUM_SNAPSHOT {"phase":"startup","pr":5,"quorum":{"quorum_delta":"227989185837028770520460986979284701672","online_weight_quorum_percent":"67","online_weight_minimum":"340282366920938463463374607431768211452","online_stake_total":"0","peers_stake_total":"0","trended_stake_total":"340282366920938463463374607431768211452","peers":[]}}
2026-09-09T13:56:01.900804Z  INFO nanospam::wallets_factory: Creating wallet...
2026-09-09T13:56:01.969120Z  INFO nanospam::wallets_factory: Setting default representative...
2026-09-09T13:56:01.969498Z  INFO nanospam::wallets_factory: Creating wallet...
2026-09-09T13:56:02.015238Z  INFO nanospam::wallets_factory: Setting default representative...
2026-09-09T13:56:02.015594Z  INFO nanospam::wallets_factory: Creating wallet...
2026-09-09T13:56:02.061028Z  INFO nanospam::wallets_factory: Setting default representative...
2026-09-09T13:56:02.061299Z  INFO nanospam::wallets_factory: Creating wallet...
2026-09-09T13:56:02.105506Z  INFO nanospam::wallets_factory: Setting default representative...
2026-09-09T13:56:02.105787Z  INFO nanospam::wallets_factory: Creating wallet...
2026-09-09T13:56:02.150447Z  INFO nanospam::wallets_factory: Setting default representative...
2026-09-09T13:56:02.150702Z  INFO nanospam::wallets_factory: Creating wallet...
2026-09-09T13:56:02.194968Z  INFO nanospam::wallets_factory: Setting default representative...
2026-09-09T13:56:02.195278Z  INFO nanospam::wallets_factory: Sending Ӿ40,047,061 to PR1 wallet nano_3atmwjh8t11psdqf3qx6xjfiei94oajch6zsyauowxzjogbbgz168g5mp8f1 ...
2026-09-09T13:56:02.195699Z  INFO nanospam::wallets_factory: Waiting for confirmation for B19EAD8221E07E52EEB7CA7EE50577B662C489ADBA15C0727DB6F8AEDAD50081
2026-09-09T13:56:13.993052Z  INFO nanospam::wallets_factory: Receiving...
2026-09-09T13:56:13.995049Z  INFO nanospam::wallets_factory: Waiting for confirmation for CBAA8D9FE2AA2CFEB77B87886D76922E22E4C51C0C091A54179A7E5CF79FC967
2026-09-09T13:56:14.098008Z  INFO nanospam::wallets_factory: DONE
2026-09-09T13:56:14.098087Z  INFO nanospam::wallets_factory: ********************************************************************************
2026-09-09T13:56:14.098137Z  INFO nanospam::wallets_factory: Sending Ӿ40,047,061 to PR2 wallet nano_36asm8scxymtsjmgqp14per3zxpgaec1c65qb9en1buscq7qzqa93tfyyzs3 ...
2026-09-09T13:56:14.099303Z  INFO nanospam::wallets_factory: Waiting for confirmation for CAFB013DCCB20BBF4CC103A0FDD2BF25C8F109B9E984B96D0666840E4B0F89BA
2026-09-09T13:56:14.202651Z  INFO nanospam::wallets_factory: Receiving...
2026-09-09T13:56:14.204696Z  INFO nanospam::wallets_factory: Waiting for confirmation for 7189E44F408196E8FD1F393F06CDAD4F7C5A415B2A2DDFA8ABEABEE83DA60182
2026-09-09T13:56:14.307616Z  INFO nanospam::wallets_factory: DONE
2026-09-09T13:56:14.307694Z  INFO nanospam::wallets_factory: ********************************************************************************
2026-09-09T13:56:14.307746Z  INFO nanospam::wallets_factory: Sending Ӿ40,047,061 to PR3 wallet nano_1sfb11jzfi8k51fcnrzi1qe3qh1e1jkic3h45oak9yfg5yhbkczzxfwtat7m ...
2026-09-09T13:56:14.308867Z  INFO nanospam::wallets_factory: Waiting for confirmation for E2CEA882BAF6FE5BE932C387FEB7740D791CAF9E5BECC7CEE8176C7DDEE6378A
2026-09-09T13:56:14.413073Z  INFO nanospam::wallets_factory: Receiving...
2026-09-09T13:56:14.415146Z  INFO nanospam::wallets_factory: Waiting for confirmation for EA5EC3EAA2535557DB68742DBFA22A64B7B314876EE136F919471550E89D65D4
2026-09-09T13:56:14.518587Z  INFO nanospam::wallets_factory: DONE
2026-09-09T13:56:14.518680Z  INFO nanospam::wallets_factory: ********************************************************************************
2026-09-09T13:56:14.518732Z  INFO nanospam::wallets_factory: Sending Ӿ40,047,061 to PR4 wallet nano_1rsxmoinip7d4wafdp855194n43fs7s1jgne6tx8ruatiu6g89815pddzijp ...
2026-09-09T13:56:14.519894Z  INFO nanospam::wallets_factory: Waiting for confirmation for 22677C7E74B964C1E24887306A66EAC48330280DFA5744E0E21166EC47B5438A
2026-09-09T13:56:14.623374Z  INFO nanospam::wallets_factory: Receiving...
2026-09-09T13:56:14.624835Z  INFO nanospam::wallets_factory: Waiting for confirmation for 686B8354F9897585048EDBC473B612A3E2823DE919A66201E69841219A6B5651
2026-09-09T13:56:14.728892Z  INFO nanospam::wallets_factory: DONE
2026-09-09T13:56:14.728975Z  INFO nanospam::wallets_factory: ********************************************************************************
2026-09-09T13:56:14.729032Z  INFO nanospam::wallets_factory: Sending Ӿ40,047,061 to PR5 wallet nano_1wtzwadxk9naxc356m4rienp93ht131w7ypadk39qck8uah3bg3zohsmj9th ...
2026-09-09T13:56:14.730441Z  INFO nanospam::wallets_factory: Waiting for confirmation for 86B6E149E407121861E950D6B66B56BA39E500C199E580ED6065515C3C25094F
2026-09-09T13:56:14.835541Z  INFO nanospam::wallets_factory: Receiving...
2026-09-09T13:56:14.837692Z  INFO nanospam::wallets_factory: Waiting for confirmation for 417F8AEA0F6FDD9A5EE6F5896819E98A81FC15AA2CF56207A5BCFB27193E37A9
2026-09-09T13:56:14.940351Z  INFO nanospam::wallets_factory: DONE
2026-09-09T13:56:14.940441Z  INFO nanospam::wallets_factory: ********************************************************************************
2026-09-09T13:56:14.940454Z  INFO nanospam::wallets_factory: Sending initial spam amount...
2026-09-09T13:56:14.941894Z  INFO nanospam::wallets_factory: Waiting for confirmation for 783683F0AF57F0ABBBE2CDA3A2BF75702CB42B5A0B743270319D1BC745A76811
2026-09-09T13:56:15.045379Z  INFO nanospam::wallets_factory: Receiving initial spam amount...
2026-09-09T13:56:15.047056Z  INFO nanospam::wallets_factory: Waiting for confirmation for 0BAA28064BDBA69F858F15C01320DC1B9FE25ABD13B05280F970AB7E7A2C43B9
2026-09-09T13:56:15.255969Z  INFO nanospam::high_prio_check: Creating high priority accounts...
2026-09-09T13:56:15.286819Z  INFO nanospam::high_prio_check: Waiting for confirmations...
2026-09-09T13:56:16.876721Z  INFO nanospam::app: RAI_QUORUM_SNAPSHOT {"phase":"workload_start","pr":0,"quorum":{"quorum_delta":"227989185837028770520460986979284701672","online_weight_quorum_percent":"67","online_weight_minimum":"340282366920938463463374607431768211452","online_stake_total":"340282366920938463463374607431768211452","peers_stake_total":"340282366920938463463374607431768211452","trended_stake_total":"340282366920938463463374607431768211452","peers":[{"account":"nano_1sfb11jzfi8k51fcnrzi1qe3qh1e1jkic3h45oak9yfg5yhbkczzxfwtat7m","ip":"[::1]:51693","weight":"56713727820156410577229101238628035242"},{"account":"nano_3atmwjh8t11psdqf3qx6xjfiei94oajch6zsyauowxzjogbbgz168g5mp8f1","ip":"[::1]:51644","weight":"56713727820156410577229101238628035242"},{"account":"nano_3nroioygg54nusrmyun4woimqex36sp3drnctdt5955uqu47fxbkrxk7n7ne","ip":"[::1]:0","weight":"56713727820156410577229101238628035242"},{"account":"nano_36asm8scxymtsjmgqp14per3zxpgaec1c65qb9en1buscq7qzqa93tfyyzs3","ip":"[::1]:51666","weight":"56713727820156410577229101238628035242"},{"account":"nano_1rsxmoinip7d4wafdp855194n43fs7s1jgne6tx8ruatiu6g89815pddzijp","ip":"[::1]:51714","weight":"56713727820156410577229101238628035242"},{"account":"nano_1wtzwadxk9naxc356m4rienp93ht131w7ypadk39qck8uah3bg3zohsmj9th","ip":"[::1]:51735","weight":"56713727820156410577229101238628035242"}]}}
2026-09-09T13:56:16.877160Z  INFO nanospam::app: RAI_QUORUM_SNAPSHOT {"phase":"workload_start","pr":1,"quorum":{"quorum_delta":"227989185837028770520460986979284701672","online_weight_quorum_percent":"67","online_weight_minimum":"340282366920938463463374607431768211452","online_stake_total":"340282366920938463463374607431768211452","peers_stake_total":"226854911280625642308916404954512140968","trended_stake_total":"340282366920938463463374607431768211452","peers":[{"account":"nano_3atmwjh8t11psdqf3qx6xjfiei94oajch6zsyauowxzjogbbgz168g5mp8f1","ip":"[::1]:0","weight":"56713727820156410577229101238628035242"},{"account":"nano_3nroioygg54nusrmyun4woimqex36sp3drnctdt5955uqu47fxbkrxk7n7ne","ip":"[::1]:17075","weight":"56713727820156410577229101238628035242"},{"account":"nano_1rsxmoinip7d4wafdp855194n43fs7s1jgne6tx8ruatiu6g89815pddzijp","ip":"[::1]:51712","weight":"56713727820156410577229101238628035242"},{"account":"nano_1wtzwadxk9naxc356m4rienp93ht131w7ypadk39qck8uah3bg3zohsmj9th","ip":"[::1]:51743","weight":"56713727820156410577229101238628035242"}]}}
2026-09-09T13:56:16.877580Z  INFO nanospam::app: RAI_QUORUM_SNAPSHOT {"phase":"workload_start","pr":2,"quorum":{"quorum_delta":"227989185837028770520460986979284701672","online_weight_quorum_percent":"67","online_weight_minimum":"340282366920938463463374607431768211452","online_stake_total":"340282366920938463463374607431768211452","peers_stake_total":"340282366920938463463374607431768211452","trended_stake_total":"340282366920938463463374607431768211452","peers":[{"account":"nano_1sfb11jzfi8k51fcnrzi1qe3qh1e1jkic3h45oak9yfg5yhbkczzxfwtat7m","ip":"[::1]:51694","weight":"56713727820156410577229101238628035242"},{"account":"nano_3atmwjh8t11psdqf3qx6xjfiei94oajch6zsyauowxzjogbbgz168g5mp8f1","ip":"[::1]:17085","weight":"56713727820156410577229101238628035242"},{"account":"nano_3nroioygg54nusrmyun4woimqex36sp3drnctdt5955uqu47fxbkrxk7n7ne","ip":"[::1]:17075","weight":"56713727820156410577229101238628035242"},{"account":"nano_36asm8scxymtsjmgqp14per3zxpgaec1c65qb9en1buscq7qzqa93tfyyzs3","ip":"[::1]:0","weight":"56713727820156410577229101238628035242"},{"account":"nano_1rsxmoinip7d4wafdp855194n43fs7s1jgne6tx8ruatiu6g89815pddzijp","ip":"[::1]:51720","weight":"56713727820156410577229101238628035242"},{"account":"nano_1wtzwadxk9naxc356m4rienp93ht131w7ypadk39qck8uah3bg3zohsmj9th","ip":"[::1]:51734","weight":"56713727820156410577229101238628035242"}]}}
2026-09-09T13:56:16.878006Z  INFO nanospam::app: RAI_QUORUM_SNAPSHOT {"phase":"workload_start","pr":3,"quorum":{"quorum_delta":"227989185837028770520460986979284701672","online_weight_quorum_percent":"67","online_weight_minimum":"340282366920938463463374607431768211452","online_stake_total":"340282366920938463463374607431768211452","peers_stake_total":"340282366920938463463374607431768211452","trended_stake_total":"340282366920938463463374607431768211452","peers":[{"account":"nano_1sfb11jzfi8k51fcnrzi1qe3qh1e1jkic3h45oak9yfg5yhbkczzxfwtat7m","ip":"[::1]:0","weight":"56713727820156410577229101238628035242"},{"account":"nano_3atmwjh8t11psdqf3qx6xjfiei94oajch6zsyauowxzjogbbgz168g5mp8f1","ip":"[::1]:17085","weight":"56713727820156410577229101238628035242"},{"account":"nano_3nroioygg54nusrmyun4woimqex36sp3drnctdt5955uqu47fxbkrxk7n7ne","ip":"[::1]:17075","weight":"56713727820156410577229101238628035242"},{"account":"nano_36asm8scxymtsjmgqp14per3zxpgaec1c65qb9en1buscq7qzqa93tfyyzs3","ip":"[::1]:17095","weight":"56713727820156410577229101238628035242"},{"account":"nano_1rsxmoinip7d4wafdp855194n43fs7s1jgne6tx8ruatiu6g89815pddzijp","ip":"[::1]:51716","weight":"56713727820156410577229101238628035242"},{"account":"nano_1wtzwadxk9naxc356m4rienp93ht131w7ypadk39qck8uah3bg3zohsmj9th","ip":"[::1]:51736","weight":"56713727820156410577229101238628035242"}]}}
2026-09-09T13:56:16.878422Z  INFO nanospam::app: RAI_QUORUM_SNAPSHOT {"phase":"workload_start","pr":4,"quorum":{"quorum_delta":"227989185837028770520460986979284701672","online_weight_quorum_percent":"67","online_weight_minimum":"340282366920938463463374607431768211452","online_stake_total":"340282366920938463463374607431768211452","peers_stake_total":"340282366920938463463374607431768211452","trended_stake_total":"340282366920938463463374607431768211452","peers":[{"account":"nano_1sfb11jzfi8k51fcnrzi1qe3qh1e1jkic3h45oak9yfg5yhbkczzxfwtat7m","ip":"[::1]:17105","weight":"56713727820156410577229101238628035242"},{"account":"nano_3atmwjh8t11psdqf3qx6xjfiei94oajch6zsyauowxzjogbbgz168g5mp8f1","ip":"[::1]:17085","weight":"56713727820156410577229101238628035242"},{"account":"nano_3nroioygg54nusrmyun4woimqex36sp3drnctdt5955uqu47fxbkrxk7n7ne","ip":"[::1]:17075","weight":"56713727820156410577229101238628035242"},{"account":"nano_36asm8scxymtsjmgqp14per3zxpgaec1c65qb9en1buscq7qzqa93tfyyzs3","ip":"[::1]:17095","weight":"56713727820156410577229101238628035242"},{"account":"nano_1rsxmoinip7d4wafdp855194n43fs7s1jgne6tx8ruatiu6g89815pddzijp","ip":"[::1]:0","weight":"56713727820156410577229101238628035242"},{"account":"nano_1wtzwadxk9naxc356m4rienp93ht131w7ypadk39qck8uah3bg3zohsmj9th","ip":"[::1]:51732","weight":"56713727820156410577229101238628035242"}]}}
2026-09-09T13:56:16.878792Z  INFO nanospam::app: RAI_QUORUM_SNAPSHOT {"phase":"workload_start","pr":5,"quorum":{"quorum_delta":"227989185837028770520460986979284701672","online_weight_quorum_percent":"67","online_weight_minimum":"340282366920938463463374607431768211452","online_stake_total":"340282366920938463463374607431768211452","peers_stake_total":"226854911280625642308916404954512140968","trended_stake_total":"340282366920938463463374607431768211452","peers":[{"account":"nano_3atmwjh8t11psdqf3qx6xjfiei94oajch6zsyauowxzjogbbgz168g5mp8f1","ip":"[::1]:17085","weight":"56713727820156410577229101238628035242"},{"account":"nano_3nroioygg54nusrmyun4woimqex36sp3drnctdt5955uqu47fxbkrxk7n7ne","ip":"[::1]:17075","weight":"56713727820156410577229101238628035242"},{"account":"nano_1rsxmoinip7d4wafdp855194n43fs7s1jgne6tx8ruatiu6g89815pddzijp","ip":"[::1]:17115","weight":"56713727820156410577229101238628035242"},{"account":"nano_1wtzwadxk9naxc356m4rienp93ht131w7ypadk39qck8uah3bg3zohsmj9th","ip":"[::1]:0","weight":"56713727820156410577229101238628035242"}]}}
2026-09-09T13:56:16.878878Z  INFO nanospam::app: Connecting to node PR0... peer_addr=[::1]:17075
2026-09-09T13:56:16.879284Z  INFO nanospam::app: Performing handshake...
2026-09-09T13:56:16.880511Z  INFO nanospam::app: Performing handshake...
2026-09-09T13:56:16.891948Z  INFO nanospam::app: Performing handshake...
2026-09-09T13:56:16.903597Z  INFO nanospam::app: Performing handshake...
2026-09-09T13:56:16.914176Z  INFO nanospam::app: Connecting to node PR1... peer_addr=[::1]:17085
2026-09-09T13:56:16.914423Z  INFO nanospam::app: Performing handshake...
2026-09-09T13:56:16.914967Z  INFO nanospam::app: Performing handshake...
2026-09-09T13:56:16.926459Z  INFO nanospam::app: Performing handshake...
2026-09-09T13:56:16.938221Z  INFO nanospam::app: Performing handshake...
2026-09-09T13:56:16.947915Z  INFO nanospam::app: Connecting to node PR2... peer_addr=[::1]:17095
2026-09-09T13:56:16.948332Z  INFO nanospam::app: Performing handshake...
2026-09-09T13:56:16.949048Z  INFO nanospam::app: Performing handshake...
2026-09-09T13:56:16.960349Z  INFO nanospam::app: Performing handshake...
2026-09-09T13:56:16.971654Z  INFO nanospam::app: Performing handshake...
2026-09-09T13:56:16.983606Z  INFO nanospam::app: Connecting to node PR3... peer_addr=[::1]:17105
2026-09-09T13:56:16.984050Z  INFO nanospam::app: Performing handshake...
2026-09-09T13:56:16.984727Z  INFO nanospam::app: Performing handshake...
2026-09-09T13:56:16.996986Z  INFO nanospam::app: Performing handshake...
2026-09-09T13:56:17.007934Z  INFO nanospam::app: Performing handshake...
2026-09-09T13:56:17.018766Z  INFO nanospam::app: Connecting to node PR4... peer_addr=[::1]:17115
2026-09-09T13:56:17.019220Z  INFO nanospam::app: Performing handshake...
2026-09-09T13:56:17.019811Z  INFO nanospam::app: Performing handshake...
2026-09-09T13:56:17.031012Z  INFO nanospam::app: Performing handshake...
2026-09-09T13:56:17.042242Z  INFO nanospam::app: Performing handshake...
2026-09-09T13:56:17.053323Z  INFO nanospam::app: Connecting to node PR5... peer_addr=[::1]:17125
2026-09-09T13:56:17.053779Z  INFO nanospam::app: Performing handshake...
2026-09-09T13:56:17.054353Z  INFO nanospam::app: Performing handshake...
2026-09-09T13:56:17.065623Z  INFO nanospam::app: Performing handshake...
2026-09-09T13:56:17.076634Z  INFO nanospam::app: Performing handshake...
2026-09-09T13:56:17.086856Z  INFO nanospam::app: Connecting to websocket...
2026-09-09T13:56:17.087831Z  INFO nanospam::app: Starting with 1500 BPS
2026-09-09T13:56:18.088724Z  INFO nanospam::app: Confirmed 363 blocks | 1,500 bps | 390 cps | avg conf time: 85 ms
2026-09-09T13:56:19.089644Z  INFO nanospam::app: Confirmed 1,963 blocks | 1,500 bps | 1,598 cps | avg conf time: 160 ms
2026-09-09T13:56:20.104270Z  INFO nanospam::app: Confirmed 3,266 blocks | 1,500 bps | 1,301 cps | avg conf time: 326 ms
2026-09-09T13:56:21.108545Z  INFO nanospam::app: Confirmed 4,426 blocks | 1,500 bps | 1,140 cps | avg conf time: 807 ms
2026-09-09T13:56:22.109442Z  INFO nanospam::app: Confirmed 5,635 blocks | 1,500 bps | 1,207 cps | avg conf time: 1184 ms
2026-09-09T13:56:23.141487Z  INFO nanospam::app: Confirmed 6,508 blocks | 1,500 bps | 872 cps | avg conf time: 1456 ms
2026-09-09T13:56:24.142616Z  INFO nanospam::app: Confirmed 7,552 blocks | 1,500 bps | 1,011 cps | avg conf time: 1498 ms
2026-09-09T13:56:25.143387Z  INFO nanospam::app: Confirmed 8,427 blocks | 1,500 bps | 874 cps | avg conf time: 1816 ms
2026-09-09T13:56:26.144988Z  INFO nanospam::app: Confirmed 8,759 blocks | 1,500 bps | 331 cps | avg conf time: 2031 ms
2026-09-09T13:56:27.146652Z  INFO nanospam::app: Confirmed 9,377 blocks | 1,500 bps | 617 cps | avg conf time: 2499 ms
2026-09-09T13:56:28.147401Z  INFO nanospam::app: Confirmed 11,011 blocks | 1,500 bps | 1,632 cps | avg conf time: 2998 ms
2026-09-09T13:56:29.148782Z  INFO nanospam::app: Confirmed 11,633 blocks | 1,500 bps | 621 cps | avg conf time: 3121 ms
2026-09-09T13:56:30.149739Z  INFO nanospam::app: Confirmed 12,080 blocks | 1,500 bps | 446 cps | avg conf time: 2871 ms
2026-09-09T13:56:31.150234Z  INFO nanospam::app: Confirmed 13,486 blocks | 1,500 bps | 1,405 cps | avg conf time: 3428 ms
2026-09-09T13:56:32.152269Z  INFO nanospam::app: Confirmed 13,733 blocks | 1,500 bps | 246 cps | avg conf time: 6098 ms
2026-09-09T13:56:33.153196Z  INFO nanospam::app: Confirmed 13,742 blocks | 1,500 bps | 8 cps | avg conf time: 7615 ms
2026-09-09T13:56:34.154594Z  INFO nanospam::app: Confirmed 14,124 blocks | 1,500 bps | 381 cps | avg conf time: 7939 ms
2026-09-09T13:56:35.155626Z  INFO nanospam::app: Confirmed 14,147 blocks | 1,500 bps | 22 cps | avg conf time: 8075 ms
2026-09-09T13:56:36.157956Z  INFO nanospam::app: Confirmed 14,147 blocks | 1,500 bps | 0 cps | avg conf time: 0 ms
2026-09-09T13:56:37.159696Z  INFO nanospam::app: Confirmed 14,147 blocks | 1,500 bps | 0 cps | avg conf time: 0 ms
2026-09-09T13:56:38.160817Z  INFO nanospam::app: Confirmed 14,147 blocks | 1,500 bps | 0 cps | avg conf time: 0 ms
2026-09-09T13:56:39.162867Z  INFO nanospam::app: Confirmed 14,147 blocks | 1,500 bps | 0 cps | avg conf time: 0 ms
2026-09-09T13:56:40.165136Z  INFO nanospam::app: Confirmed 14,147 blocks | 1,500 bps | 0 cps | avg conf time: 0 ms
2026-09-09T13:56:41.166335Z  INFO nanospam::app: Confirmed 14,147 blocks | 1,500 bps | 0 cps | avg conf time: 0 ms
2026-09-09T13:56:42.168495Z  INFO nanospam::app: Confirmed 14,147 blocks | 1,500 bps | 0 cps | avg conf time: 0 ms
2026-09-09T13:56:43.169305Z  INFO nanospam::app: Confirmed 14,147 blocks | 1,500 bps | 0 cps | avg conf time: 0 ms
2026-09-09T13:56:44.171075Z  INFO nanospam::app: Confirmed 14,147 blocks | 1,500 bps | 0 cps | avg conf time: 0 ms
2026-09-09T13:56:45.172538Z  INFO nanospam::app: Confirmed 14,147 blocks | 1,500 bps | 0 cps | avg conf time: 0 ms
2026-09-09T13:56:46.174185Z  INFO nanospam::app: Confirmed 14,147 blocks | 1,500 bps | 0 cps | avg conf time: 0 ms
2026-09-09T13:56:47.176760Z  INFO nanospam::app: Confirmed 14,147 blocks | 1,500 bps | 0 cps | avg conf time: 0 ms
2026-09-09T13:56:48.179473Z  INFO nanospam::app: Confirmed 14,147 blocks | 1,500 bps | 0 cps | avg conf time: 0 ms
2026-09-09T13:56:49.180828Z  INFO nanospam::app: Confirmed 14,147 blocks | 1,500 bps | 0 cps | avg conf time: 0 ms
2026-09-09T13:56:50.182451Z  INFO nanospam::app: Confirmed 14,147 blocks | 1,500 bps | 0 cps | avg conf time: 0 ms
2026-09-09T13:56:51.184140Z  INFO nanospam::app: Confirmed 14,147 blocks | 1,500 bps | 0 cps | avg conf time: 0 ms
2026-09-09T13:56:52.184859Z  INFO nanospam::app: Confirmed 14,147 blocks | 1,500 bps | 0 cps | avg conf time: 0 ms
2026-09-09T13:56:53.187562Z  INFO nanospam::app: Confirmed 14,147 blocks | 1,500 bps | 0 cps | avg conf time: 0 ms
2026-09-09T13:56:54.188656Z  INFO nanospam::app: Confirmed 14,147 blocks | 1,500 bps | 0 cps | avg conf time: 0 ms
2026-09-09T13:56:55.190764Z  INFO nanospam::app: Confirmed 14,147 blocks | 1,500 bps | 0 cps | avg conf time: 0 ms
2026-09-09T13:56:56.193042Z  INFO nanospam::app: Confirmed 14,147 blocks | 1,500 bps | 0 cps | avg conf time: 0 ms
2026-09-09T13:56:57.195256Z  INFO nanospam::app: Confirmed 14,147 blocks | 1,500 bps | 0 cps | avg conf time: 0 ms
2026-09-09T13:56:58.196623Z  INFO nanospam::app: Confirmed 14,147 blocks | 1,500 bps | 0 cps | avg conf time: 0 ms
2026-09-09T13:56:59.198722Z  INFO nanospam::app: Confirmed 14,147 blocks | 1,500 bps | 0 cps | avg conf time: 0 ms
2026-09-09T13:57:00.199583Z  INFO nanospam::app: Confirmed 14,147 blocks | 1,500 bps | 0 cps | avg conf time: 0 ms
2026-09-09T13:57:01.201815Z  INFO nanospam::app: Confirmed 14,147 blocks | 1,500 bps | 0 cps | avg conf time: 0 ms
2026-09-09T13:57:02.203944Z  INFO nanospam::app: Confirmed 14,147 blocks | 1,500 bps | 0 cps | avg conf time: 0 ms
2026-09-09T13:57:03.205834Z  INFO nanospam::app: Confirmed 14,147 blocks | 1,500 bps | 0 cps | avg conf time: 0 ms
2026-09-09T13:57:04.207600Z  INFO nanospam::app: Confirmed 14,147 blocks | 1,500 bps | 0 cps | avg conf time: 0 ms
2026-09-09T13:57:05.209391Z  INFO nanospam::app: Confirmed 14,147 blocks | 1,500 bps | 0 cps | avg conf time: 0 ms
2026-09-09T13:57:06.211582Z  INFO nanospam::app: Confirmed 14,147 blocks | 1,500 bps | 0 cps | avg conf time: 0 ms
2026-09-09T13:57:07.213819Z  INFO nanospam::app: Confirmed 14,147 blocks | 1,500 bps | 0 cps | avg conf time: 0 ms
2026-09-09T13:57:08.215543Z  INFO nanospam::app: Confirmed 14,147 blocks | 1,500 bps | 0 cps | avg conf time: 0 ms
2026-09-09T13:57:09.217480Z  INFO nanospam::app: Confirmed 14,147 blocks | 1,500 bps | 0 cps | avg conf time: 0 ms
2026-09-09T13:57:10.219385Z  INFO nanospam::app: Confirmed 14,147 blocks | 1,500 bps | 0 cps | avg conf time: 0 ms
2026-09-09T13:57:11.221323Z  INFO nanospam::app: Confirmed 14,147 blocks | 1,500 bps | 0 cps | avg conf time: 0 ms
2026-09-09T13:57:12.223946Z  INFO nanospam::app: Confirmed 14,147 blocks | 1,500 bps | 0 cps | avg conf time: 0 ms
2026-09-09T13:57:13.226131Z  INFO nanospam::app: Confirmed 14,147 blocks | 1,500 bps | 0 cps | avg conf time: 0 ms
2026-09-09T13:57:14.228374Z  INFO nanospam::app: Confirmed 14,147 blocks | 1,500 bps | 0 cps | avg conf time: 0 ms
2026-09-09T13:57:15.230748Z  INFO nanospam::app: Confirmed 14,147 blocks | 1,500 bps | 0 cps | avg conf time: 0 ms
2026-09-09T13:57:16.232588Z  INFO nanospam::app: Confirmed 14,147 blocks | 1,500 bps | 0 cps | avg conf time: 0 ms
2026-09-09T13:57:17.113922Z  INFO nanospam::app: Confirming 15000 blocks took 60.03s
2026-09-09T13:57:17.113973Z  INFO nanospam::app: Confirmation rate: 235.67506437373257 cps
2026-09-09T13:57:17.113980Z  INFO nanospam::app: Average conf time: 1941.3992392312152 ms
2026-09-09T13:57:17.115030Z  INFO nanospam::app: BENCHMARK_RESULT {"confirmed_forks":5,"confirmed_nonforks":14142,"average_fork_confirmation_ms":4638.4529668,"average_nonfork_confirmation_ms":1940.445677596521,"rai_protocol":true,"epoch_length":7500,"prs":6,"accounts":15000,"created_blocks":15000,"published_blocks":15000,"confirmed_blocks":14147,"duration_seconds":60.027563958,"confirmation_rate_cps":235.67506437373257,"average_confirmation_ms":1941.3992392312152}
2026-09-09T13:57:18.379103Z  INFO nanospam::app: PERFORMANCE_WINDOW_TERMINATION_RESULT {"success":true,"workload_roots":15000,"pending_roots":0,"timeout_roots":11,"all_workload_terminated":true,"failed_roots":0,"conflicting_finalization_roots":0,"conflicting_timeout_finalization_roots":0,"examples":[]}
2026-09-09T13:57:18.379180Z  INFO nanospam::app: CANONICAL_AGREEMENT_RESULT {"success":true,"additional_observation_seconds":0.0,"performance_cutoff":1788962237113919000,"agreement_cutoff":1788962237113919000}
2026-09-09T13:57:18.379561Z  INFO nanospam::app: RAI_QUORUM_SNAPSHOT {"phase":"end","pr":0,"quorum":{"quorum_delta":"227989185837028770520460986979284701672","online_weight_quorum_percent":"67","online_weight_minimum":"340282366920938463463374607431768211452","online_stake_total":"340282366920938463463374607431768211452","peers_stake_total":"340282366920938463463374607431768211452","trended_stake_total":"340282366920938463463374607431768211452","peers":[{"account":"nano_1sfb11jzfi8k51fcnrzi1qe3qh1e1jkic3h45oak9yfg5yhbkczzxfwtat7m","ip":"[::1]:51693","weight":"56713727820156410577229101238628035242"},{"account":"nano_3atmwjh8t11psdqf3qx6xjfiei94oajch6zsyauowxzjogbbgz168g5mp8f1","ip":"[::1]:51644","weight":"56713727820156410577229101238628035242"},{"account":"nano_3nroioygg54nusrmyun4woimqex36sp3drnctdt5955uqu47fxbkrxk7n7ne","ip":"[::1]:0","weight":"56713727820156410577229101238628035242"},{"account":"nano_36asm8scxymtsjmgqp14per3zxpgaec1c65qb9en1buscq7qzqa93tfyyzs3","ip":"[::1]:51666","weight":"56713727820156410577229101238628035242"},{"account":"nano_1rsxmoinip7d4wafdp855194n43fs7s1jgne6tx8ruatiu6g89815pddzijp","ip":"[::1]:51714","weight":"56713727820156410577229101238628035242"},{"account":"nano_1wtzwadxk9naxc356m4rienp93ht131w7ypadk39qck8uah3bg3zohsmj9th","ip":"[::1]:51735","weight":"56713727820156410577229101238628035242"}]}}
2026-09-09T13:57:18.379822Z  INFO nanospam::app: RAI_QUORUM_SNAPSHOT {"phase":"end","pr":1,"quorum":{"quorum_delta":"227989185837028770520460986979284701672","online_weight_quorum_percent":"67","online_weight_minimum":"340282366920938463463374607431768211452","online_stake_total":"340282366920938463463374607431768211452","peers_stake_total":"340282366920938463463374607431768211452","trended_stake_total":"340282366920938463463374607431768211452","peers":[{"account":"nano_3atmwjh8t11psdqf3qx6xjfiei94oajch6zsyauowxzjogbbgz168g5mp8f1","ip":"[::1]:0","weight":"56713727820156410577229101238628035242"},{"account":"nano_1sfb11jzfi8k51fcnrzi1qe3qh1e1jkic3h45oak9yfg5yhbkczzxfwtat7m","ip":"[::1]:51689","weight":"56713727820156410577229101238628035242"},{"account":"nano_3nroioygg54nusrmyun4woimqex36sp3drnctdt5955uqu47fxbkrxk7n7ne","ip":"[::1]:17075","weight":"56713727820156410577229101238628035242"},{"account":"nano_36asm8scxymtsjmgqp14per3zxpgaec1c65qb9en1buscq7qzqa93tfyyzs3","ip":"[::1]:51664","weight":"56713727820156410577229101238628035242"},{"account":"nano_1rsxmoinip7d4wafdp855194n43fs7s1jgne6tx8ruatiu6g89815pddzijp","ip":"[::1]:51712","weight":"56713727820156410577229101238628035242"},{"account":"nano_1wtzwadxk9naxc356m4rienp93ht131w7ypadk39qck8uah3bg3zohsmj9th","ip":"[::1]:51743","weight":"56713727820156410577229101238628035242"}]}}
2026-09-09T13:57:18.380022Z  INFO nanospam::app: RAI_QUORUM_SNAPSHOT {"phase":"end","pr":2,"quorum":{"quorum_delta":"227989185837028770520460986979284701672","online_weight_quorum_percent":"67","online_weight_minimum":"340282366920938463463374607431768211452","online_stake_total":"340282366920938463463374607431768211452","peers_stake_total":"340282366920938463463374607431768211452","trended_stake_total":"340282366920938463463374607431768211452","peers":[{"account":"nano_1sfb11jzfi8k51fcnrzi1qe3qh1e1jkic3h45oak9yfg5yhbkczzxfwtat7m","ip":"[::1]:51694","weight":"56713727820156410577229101238628035242"},{"account":"nano_3atmwjh8t11psdqf3qx6xjfiei94oajch6zsyauowxzjogbbgz168g5mp8f1","ip":"[::1]:17085","weight":"56713727820156410577229101238628035242"},{"account":"nano_3nroioygg54nusrmyun4woimqex36sp3drnctdt5955uqu47fxbkrxk7n7ne","ip":"[::1]:17075","weight":"56713727820156410577229101238628035242"},{"account":"nano_36asm8scxymtsjmgqp14per3zxpgaec1c65qb9en1buscq7qzqa93tfyyzs3","ip":"[::1]:0","weight":"56713727820156410577229101238628035242"},{"account":"nano_1rsxmoinip7d4wafdp855194n43fs7s1jgne6tx8ruatiu6g89815pddzijp","ip":"[::1]:51720","weight":"56713727820156410577229101238628035242"},{"account":"nano_1wtzwadxk9naxc356m4rienp93ht131w7ypadk39qck8uah3bg3zohsmj9th","ip":"[::1]:51734","weight":"56713727820156410577229101238628035242"}]}}
2026-09-09T13:57:18.380441Z  INFO nanospam::app: RAI_QUORUM_SNAPSHOT {"phase":"end","pr":3,"quorum":{"quorum_delta":"227989185837028770520460986979284701672","online_weight_quorum_percent":"67","online_weight_minimum":"340282366920938463463374607431768211452","online_stake_total":"340282366920938463463374607431768211452","peers_stake_total":"340282366920938463463374607431768211452","trended_stake_total":"340282366920938463463374607431768211452","peers":[{"account":"nano_1sfb11jzfi8k51fcnrzi1qe3qh1e1jkic3h45oak9yfg5yhbkczzxfwtat7m","ip":"[::1]:0","weight":"56713727820156410577229101238628035242"},{"account":"nano_3atmwjh8t11psdqf3qx6xjfiei94oajch6zsyauowxzjogbbgz168g5mp8f1","ip":"[::1]:17085","weight":"56713727820156410577229101238628035242"},{"account":"nano_3nroioygg54nusrmyun4woimqex36sp3drnctdt5955uqu47fxbkrxk7n7ne","ip":"[::1]:17075","weight":"56713727820156410577229101238628035242"},{"account":"nano_36asm8scxymtsjmgqp14per3zxpgaec1c65qb9en1buscq7qzqa93tfyyzs3","ip":"[::1]:17095","weight":"56713727820156410577229101238628035242"},{"account":"nano_1rsxmoinip7d4wafdp855194n43fs7s1jgne6tx8ruatiu6g89815pddzijp","ip":"[::1]:51716","weight":"56713727820156410577229101238628035242"},{"account":"nano_1wtzwadxk9naxc356m4rienp93ht131w7ypadk39qck8uah3bg3zohsmj9th","ip":"[::1]:51736","weight":"56713727820156410577229101238628035242"}]}}
2026-09-09T13:57:18.380843Z  INFO nanospam::app: RAI_QUORUM_SNAPSHOT {"phase":"end","pr":4,"quorum":{"quorum_delta":"227989185837028770520460986979284701672","online_weight_quorum_percent":"67","online_weight_minimum":"340282366920938463463374607431768211452","online_stake_total":"340282366920938463463374607431768211452","peers_stake_total":"340282366920938463463374607431768211452","trended_stake_total":"340282366920938463463374607431768211452","peers":[{"account":"nano_1sfb11jzfi8k51fcnrzi1qe3qh1e1jkic3h45oak9yfg5yhbkczzxfwtat7m","ip":"[::1]:17105","weight":"56713727820156410577229101238628035242"},{"account":"nano_3atmwjh8t11psdqf3qx6xjfiei94oajch6zsyauowxzjogbbgz168g5mp8f1","ip":"[::1]:17085","weight":"56713727820156410577229101238628035242"},{"account":"nano_3nroioygg54nusrmyun4woimqex36sp3drnctdt5955uqu47fxbkrxk7n7ne","ip":"[::1]:17075","weight":"56713727820156410577229101238628035242"},{"account":"nano_36asm8scxymtsjmgqp14per3zxpgaec1c65qb9en1buscq7qzqa93tfyyzs3","ip":"[::1]:17095","weight":"56713727820156410577229101238628035242"},{"account":"nano_1rsxmoinip7d4wafdp855194n43fs7s1jgne6tx8ruatiu6g89815pddzijp","ip":"[::1]:0","weight":"56713727820156410577229101238628035242"},{"account":"nano_1wtzwadxk9naxc356m4rienp93ht131w7ypadk39qck8uah3bg3zohsmj9th","ip":"[::1]:51732","weight":"56713727820156410577229101238628035242"}]}}
2026-09-09T13:57:18.381093Z  INFO nanospam::app: RAI_QUORUM_SNAPSHOT {"phase":"end","pr":5,"quorum":{"quorum_delta":"227989185837028770520460986979284701672","online_weight_quorum_percent":"67","online_weight_minimum":"340282366920938463463374607431768211452","online_stake_total":"340282366920938463463374607431768211452","peers_stake_total":"283568639100782052886145506193140176210","trended_stake_total":"340282366920938463463374607431768211452","peers":[{"account":"nano_3atmwjh8t11psdqf3qx6xjfiei94oajch6zsyauowxzjogbbgz168g5mp8f1","ip":"[::1]:17085","weight":"56713727820156410577229101238628035242"},{"account":"nano_3nroioygg54nusrmyun4woimqex36sp3drnctdt5955uqu47fxbkrxk7n7ne","ip":"[::1]:17075","weight":"56713727820156410577229101238628035242"},{"account":"nano_36asm8scxymtsjmgqp14per3zxpgaec1c65qb9en1buscq7qzqa93tfyyzs3","ip":"[::1]:17095","weight":"56713727820156410577229101238628035242"},{"account":"nano_1rsxmoinip7d4wafdp855194n43fs7s1jgne6tx8ruatiu6g89815pddzijp","ip":"[::1]:17115","weight":"56713727820156410577229101238628035242"},{"account":"nano_1wtzwadxk9naxc356m4rienp93ht131w7ypadk39qck8uah3bg3zohsmj9th","ip":"[::1]:0","weight":"56713727820156410577229101238628035242"}]}}
2026-09-09T13:57:19.431308Z  INFO nanospam::app: TERMINATION_RESULT {"success":true,"workload_roots":15000,"pending_roots":0,"timeout_roots":11,"all_workload_terminated":true,"failed_roots":0,"conflicting_finalization_roots":0,"conflicting_timeout_finalization_roots":0,"examples":[]}
2026-09-09T13:57:19.465645Z  INFO nanospam::app: ELECTION_RESULT {"pr":0,"terminated":17220,"timeout_notarized":2428,"notarized":15091,"notarized_not_finalized":944,"finalized":14147,"fast":13790,"nonfast_explicit":357,"implicit":0}
2026-09-09T13:57:19.495172Z  INFO nanospam::app: ELECTION_RESULT {"pr":1,"terminated":16722,"timeout_notarized":1930,"notarized":15091,"notarized_not_finalized":944,"finalized":14147,"fast":13856,"nonfast_explicit":291,"implicit":0}
2026-09-09T13:57:19.524485Z  INFO nanospam::app: ELECTION_RESULT {"pr":2,"terminated":16904,"timeout_notarized":2112,"notarized":15091,"notarized_not_finalized":944,"finalized":14147,"fast":13850,"nonfast_explicit":297,"implicit":0}
2026-09-09T13:57:19.562442Z  INFO nanospam::app: ELECTION_RESULT {"pr":3,"terminated":16930,"timeout_notarized":2138,"notarized":15091,"notarized_not_finalized":944,"finalized":14147,"fast":13848,"nonfast_explicit":299,"implicit":0}
2026-09-09T13:57:19.592905Z  INFO nanospam::app: ELECTION_RESULT {"pr":4,"terminated":16618,"timeout_notarized":1826,"notarized":15091,"notarized_not_finalized":944,"finalized":14147,"fast":13721,"nonfast_explicit":426,"implicit":2}
2026-09-09T13:57:19.626195Z  INFO nanospam::app: ELECTION_RESULT {"pr":5,"terminated":16776,"timeout_notarized":1984,"notarized":15091,"notarized_not_finalized":944,"finalized":14147,"fast":13740,"nonfast_explicit":407,"implicit":0}
2026-09-09T13:57:19.628927Z  INFO nanospam::app: PR0 ledger: {"current_epoch":"1","confirmation_epochs":{"0":{"count":"8973","digest":"71A535B40290FFB0C0C933C098937E6917E4BC4D6FB63935E4882E36E7245AF0"},"1":{"count":"5227","digest":"869F8C3AD643FD2EFF419483057D1F1511CA8D6AFE6CF4DF616FA1EA1B97538F"}},"count":"15053","unchecked":"0","cemented":"14200"}
2026-09-09T13:57:19.631156Z  INFO nanospam::app: PR1 ledger: {"current_epoch":"1","confirmation_epochs":{"0":{"count":"8973","digest":"71A535B40290FFB0C0C933C098937E6917E4BC4D6FB63935E4882E36E7245AF0"},"1":{"count":"5227","digest":"869F8C3AD643FD2EFF419483057D1F1511CA8D6AFE6CF4DF616FA1EA1B97538F"}},"count":"15053","unchecked":"0","cemented":"14200"}
2026-09-09T13:57:19.632787Z  INFO nanospam::app: PR2 ledger: {"current_epoch":"1","confirmation_epochs":{"0":{"count":"8973","digest":"71A535B40290FFB0C0C933C098937E6917E4BC4D6FB63935E4882E36E7245AF0"},"1":{"count":"5227","digest":"869F8C3AD643FD2EFF419483057D1F1511CA8D6AFE6CF4DF616FA1EA1B97538F"}},"count":"15053","unchecked":"0","cemented":"14200"}
2026-09-09T13:57:19.634415Z  INFO nanospam::app: PR3 ledger: {"current_epoch":"1","confirmation_epochs":{"0":{"count":"8973","digest":"71A535B40290FFB0C0C933C098937E6917E4BC4D6FB63935E4882E36E7245AF0"},"1":{"count":"5227","digest":"869F8C3AD643FD2EFF419483057D1F1511CA8D6AFE6CF4DF616FA1EA1B97538F"}},"count":"15053","unchecked":"0","cemented":"14200"}
2026-09-09T13:57:19.636025Z  INFO nanospam::app: PR4 ledger: {"current_epoch":"1","confirmation_epochs":{"0":{"count":"8973","digest":"71A535B40290FFB0C0C933C098937E6917E4BC4D6FB63935E4882E36E7245AF0"},"1":{"count":"5227","digest":"869F8C3AD643FD2EFF419483057D1F1511CA8D6AFE6CF4DF616FA1EA1B97538F"}},"count":"15053","unchecked":"0","cemented":"14200"}
2026-09-09T13:57:19.637603Z  INFO nanospam::app: PR5 ledger: {"current_epoch":"1","confirmation_epochs":{"0":{"count":"8973","digest":"71A535B40290FFB0C0C933C098937E6917E4BC4D6FB63935E4882E36E7245AF0"},"1":{"count":"5227","digest":"869F8C3AD643FD2EFF419483057D1F1511CA8D6AFE6CF4DF616FA1EA1B97538F"}},"count":"15053","unchecked":"0","cemented":"14200"}
