2026-10-07T16:36:34.640428Z  INFO nanospam::setup::account_map_factory: Creating account keys file with 45000 keys: "/var/folders/1y/px089b2s6f9d893xp1p4c7wh0000gn/T/rai-gate-b-qj72gv72/account_keys.txt"
2026-10-07T16:36:35.380101Z  INFO nanospam::setup::node_config_factory: ********************************************************************************
2026-10-07T16:36:35.380118Z  INFO nanospam::setup::node_config_factory: Setting up node PR0...
2026-10-07T16:36:35.380124Z  INFO nanospam::setup::node_config_factory: Creating directory "/var/folders/1y/px089b2s6f9d893xp1p4c7wh0000gn/T/rai-gate-b-qj72gv72/pr0"
2026-10-07T16:36:35.380217Z  INFO nanospam::setup::node_config_factory: Creating node config file: "/var/folders/1y/px089b2s6f9d893xp1p4c7wh0000gn/T/rai-gate-b-qj72gv72/pr0/config-node.toml"
2026-10-07T16:36:35.380348Z  INFO nanospam::setup::node_config_factory: Creating rpc config file: "/var/folders/1y/px089b2s6f9d893xp1p4c7wh0000gn/T/rai-gate-b-qj72gv72/pr0/config-rpc.toml"
2026-10-07T16:36:35.380428Z  INFO nanospam::setup::node_config_factory: ********************************************************************************
2026-10-07T16:36:35.380432Z  INFO nanospam::setup::node_config_factory: Setting up node PR1...
2026-10-07T16:36:35.380440Z  INFO nanospam::setup::node_config_factory: Creating directory "/var/folders/1y/px089b2s6f9d893xp1p4c7wh0000gn/T/rai-gate-b-qj72gv72/pr1"
2026-10-07T16:36:35.380485Z  INFO nanospam::setup::node_config_factory: Creating node config file: "/var/folders/1y/px089b2s6f9d893xp1p4c7wh0000gn/T/rai-gate-b-qj72gv72/pr1/config-node.toml"
2026-10-07T16:36:35.380565Z  INFO nanospam::setup::node_config_factory: Creating rpc config file: "/var/folders/1y/px089b2s6f9d893xp1p4c7wh0000gn/T/rai-gate-b-qj72gv72/pr1/config-rpc.toml"
2026-10-07T16:36:35.380632Z  INFO nanospam::setup::node_config_factory: ********************************************************************************
2026-10-07T16:36:35.380636Z  INFO nanospam::setup::node_config_factory: Setting up node PR2...
2026-10-07T16:36:35.380639Z  INFO nanospam::setup::node_config_factory: Creating directory "/var/folders/1y/px089b2s6f9d893xp1p4c7wh0000gn/T/rai-gate-b-qj72gv72/pr2"
2026-10-07T16:36:35.380687Z  INFO nanospam::setup::node_config_factory: Creating node config file: "/var/folders/1y/px089b2s6f9d893xp1p4c7wh0000gn/T/rai-gate-b-qj72gv72/pr2/config-node.toml"
2026-10-07T16:36:35.380760Z  INFO nanospam::setup::node_config_factory: Creating rpc config file: "/var/folders/1y/px089b2s6f9d893xp1p4c7wh0000gn/T/rai-gate-b-qj72gv72/pr2/config-rpc.toml"
2026-10-07T16:36:35.380819Z  INFO nanospam::setup::node_config_factory: ********************************************************************************
2026-10-07T16:36:35.380823Z  INFO nanospam::setup::node_config_factory: Setting up node PR3...
2026-10-07T16:36:35.380826Z  INFO nanospam::setup::node_config_factory: Creating directory "/var/folders/1y/px089b2s6f9d893xp1p4c7wh0000gn/T/rai-gate-b-qj72gv72/pr3"
2026-10-07T16:36:35.380868Z  INFO nanospam::setup::node_config_factory: Creating node config file: "/var/folders/1y/px089b2s6f9d893xp1p4c7wh0000gn/T/rai-gate-b-qj72gv72/pr3/config-node.toml"
2026-10-07T16:36:35.380936Z  INFO nanospam::setup::node_config_factory: Creating rpc config file: "/var/folders/1y/px089b2s6f9d893xp1p4c7wh0000gn/T/rai-gate-b-qj72gv72/pr3/config-rpc.toml"
2026-10-07T16:36:35.381001Z  INFO nanospam::setup::node_config_factory: ********************************************************************************
2026-10-07T16:36:35.381005Z  INFO nanospam::setup::node_config_factory: Setting up node PR4...
2026-10-07T16:36:35.381008Z  INFO nanospam::setup::node_config_factory: Creating directory "/var/folders/1y/px089b2s6f9d893xp1p4c7wh0000gn/T/rai-gate-b-qj72gv72/pr4"
2026-10-07T16:36:35.381052Z  INFO nanospam::setup::node_config_factory: Creating node config file: "/var/folders/1y/px089b2s6f9d893xp1p4c7wh0000gn/T/rai-gate-b-qj72gv72/pr4/config-node.toml"
2026-10-07T16:36:35.381125Z  INFO nanospam::setup::node_config_factory: Creating rpc config file: "/var/folders/1y/px089b2s6f9d893xp1p4c7wh0000gn/T/rai-gate-b-qj72gv72/pr4/config-rpc.toml"
2026-10-07T16:36:35.381194Z  INFO nanospam::setup::node_config_factory: ********************************************************************************
2026-10-07T16:36:35.381196Z  INFO nanospam::setup::node_config_factory: Setting up node PR5...
2026-10-07T16:36:35.381199Z  INFO nanospam::setup::node_config_factory: Creating directory "/var/folders/1y/px089b2s6f9d893xp1p4c7wh0000gn/T/rai-gate-b-qj72gv72/pr5"
2026-10-07T16:36:35.381238Z  INFO nanospam::setup::node_config_factory: Creating node config file: "/var/folders/1y/px089b2s6f9d893xp1p4c7wh0000gn/T/rai-gate-b-qj72gv72/pr5/config-node.toml"
2026-10-07T16:36:35.381306Z  INFO nanospam::setup::node_config_factory: Creating rpc config file: "/var/folders/1y/px089b2s6f9d893xp1p4c7wh0000gn/T/rai-gate-b-qj72gv72/pr5/config-rpc.toml"
2026-10-07T16:36:35.381537Z  INFO nanospam::setup::node_launcher: Starting node: NANO_TEST_GENESIS_BLOCK="{\n    \"type\": \"open\",\n    \"account\": \"nano_3nroioygg54nusrmyun4woimqex36sp3drnctdt5955uqu47fxbkrxk7n7ne\",\n    \"source\": \"D315857CE70C54DE713F6E82E5613BB3A1266C15E28AD2F4338C7BBEC456F532\",\n    \"representative\": \"nano_3nroioygg54nusrmyun4woimqex36sp3drnctdt5955uqu47fxbkrxk7n7ne\",\n    \"signature\": \"3F6792C2DC623DF2E8643777160AB983B66B337E2478E13D2C3448126A8F4CD8DCCD19803C158A057FA44060AE0EFC09B1C311CB4FBF42F8D240610B38F56E08\",\n    \"work\": \"70FEF01F7EC45DEC\"\n    }" NANO_TEST_GENESIS_PRV ="49643F9B10CA1AA34F9AF8ED4AABD29F436104CCC375974B108534A48EAE3FE1" "rsnano" "--network" "test" "--data-path" "/var/folders/1y/px089b2s6f9d893xp1p4c7wh0000gn/T/rai-gate-b-qj72gv72/pr0" "node" "run"
2026-10-07T16:36:35.382198Z  INFO nanospam::setup::node_launcher: Waiting for RPC...
2026-10-07T16:36:35.689274Z  INFO nanospam::setup::node_launcher: Starting node: NANO_TEST_GENESIS_BLOCK="{\n    \"type\": \"open\",\n    \"account\": \"nano_3nroioygg54nusrmyun4woimqex36sp3drnctdt5955uqu47fxbkrxk7n7ne\",\n    \"source\": \"D315857CE70C54DE713F6E82E5613BB3A1266C15E28AD2F4338C7BBEC456F532\",\n    \"representative\": \"nano_3nroioygg54nusrmyun4woimqex36sp3drnctdt5955uqu47fxbkrxk7n7ne\",\n    \"signature\": \"3F6792C2DC623DF2E8643777160AB983B66B337E2478E13D2C3448126A8F4CD8DCCD19803C158A057FA44060AE0EFC09B1C311CB4FBF42F8D240610B38F56E08\",\n    \"work\": \"70FEF01F7EC45DEC\"\n    }" NANO_TEST_GENESIS_PRV ="49643F9B10CA1AA34F9AF8ED4AABD29F436104CCC375974B108534A48EAE3FE1" "rsnano" "--network" "test" "--data-path" "/var/folders/1y/px089b2s6f9d893xp1p4c7wh0000gn/T/rai-gate-b-qj72gv72/pr1" "node" "run"
2026-10-07T16:36:35.689807Z  INFO nanospam::setup::node_launcher: Waiting for RPC...
2026-10-07T16:36:35.792829Z  INFO nanospam::setup::node_launcher: Starting node: NANO_TEST_GENESIS_BLOCK="{\n    \"type\": \"open\",\n    \"account\": \"nano_3nroioygg54nusrmyun4woimqex36sp3drnctdt5955uqu47fxbkrxk7n7ne\",\n    \"source\": \"D315857CE70C54DE713F6E82E5613BB3A1266C15E28AD2F4338C7BBEC456F532\",\n    \"representative\": \"nano_3nroioygg54nusrmyun4woimqex36sp3drnctdt5955uqu47fxbkrxk7n7ne\",\n    \"signature\": \"3F6792C2DC623DF2E8643777160AB983B66B337E2478E13D2C3448126A8F4CD8DCCD19803C158A057FA44060AE0EFC09B1C311CB4FBF42F8D240610B38F56E08\",\n    \"work\": \"70FEF01F7EC45DEC\"\n    }" NANO_TEST_GENESIS_PRV ="49643F9B10CA1AA34F9AF8ED4AABD29F436104CCC375974B108534A48EAE3FE1" "rsnano" "--network" "test" "--data-path" "/var/folders/1y/px089b2s6f9d893xp1p4c7wh0000gn/T/rai-gate-b-qj72gv72/pr2" "node" "run"
2026-10-07T16:36:35.793547Z  INFO nanospam::setup::node_launcher: Waiting for RPC...
2026-10-07T16:36:35.896720Z  INFO nanospam::setup::node_launcher: Starting node: NANO_TEST_GENESIS_BLOCK="{\n    \"type\": \"open\",\n    \"account\": \"nano_3nroioygg54nusrmyun4woimqex36sp3drnctdt5955uqu47fxbkrxk7n7ne\",\n    \"source\": \"D315857CE70C54DE713F6E82E5613BB3A1266C15E28AD2F4338C7BBEC456F532\",\n    \"representative\": \"nano_3nroioygg54nusrmyun4woimqex36sp3drnctdt5955uqu47fxbkrxk7n7ne\",\n    \"signature\": \"3F6792C2DC623DF2E8643777160AB983B66B337E2478E13D2C3448126A8F4CD8DCCD19803C158A057FA44060AE0EFC09B1C311CB4FBF42F8D240610B38F56E08\",\n    \"work\": \"70FEF01F7EC45DEC\"\n    }" NANO_TEST_GENESIS_PRV ="49643F9B10CA1AA34F9AF8ED4AABD29F436104CCC375974B108534A48EAE3FE1" "rsnano" "--network" "test" "--data-path" "/var/folders/1y/px089b2s6f9d893xp1p4c7wh0000gn/T/rai-gate-b-qj72gv72/pr3" "node" "run"
2026-10-07T16:36:35.897565Z  INFO nanospam::setup::node_launcher: Waiting for RPC...
2026-10-07T16:36:36.000686Z  INFO nanospam::setup::node_launcher: Starting node: NANO_TEST_GENESIS_BLOCK="{\n    \"type\": \"open\",\n    \"account\": \"nano_3nroioygg54nusrmyun4woimqex36sp3drnctdt5955uqu47fxbkrxk7n7ne\",\n    \"source\": \"D315857CE70C54DE713F6E82E5613BB3A1266C15E28AD2F4338C7BBEC456F532\",\n    \"representative\": \"nano_3nroioygg54nusrmyun4woimqex36sp3drnctdt5955uqu47fxbkrxk7n7ne\",\n    \"signature\": \"3F6792C2DC623DF2E8643777160AB983B66B337E2478E13D2C3448126A8F4CD8DCCD19803C158A057FA44060AE0EFC09B1C311CB4FBF42F8D240610B38F56E08\",\n    \"work\": \"70FEF01F7EC45DEC\"\n    }" NANO_TEST_GENESIS_PRV ="49643F9B10CA1AA34F9AF8ED4AABD29F436104CCC375974B108534A48EAE3FE1" "rsnano" "--network" "test" "--data-path" "/var/folders/1y/px089b2s6f9d893xp1p4c7wh0000gn/T/rai-gate-b-qj72gv72/pr4" "node" "run"
2026-10-07T16:36:36.001480Z  INFO nanospam::setup::node_launcher: Waiting for RPC...
2026-10-07T16:36:36.105403Z  INFO nanospam::setup::node_launcher: Starting node: NANO_TEST_GENESIS_BLOCK="{\n    \"type\": \"open\",\n    \"account\": \"nano_3nroioygg54nusrmyun4woimqex36sp3drnctdt5955uqu47fxbkrxk7n7ne\",\n    \"source\": \"D315857CE70C54DE713F6E82E5613BB3A1266C15E28AD2F4338C7BBEC456F532\",\n    \"representative\": \"nano_3nroioygg54nusrmyun4woimqex36sp3drnctdt5955uqu47fxbkrxk7n7ne\",\n    \"signature\": \"3F6792C2DC623DF2E8643777160AB983B66B337E2478E13D2C3448126A8F4CD8DCCD19803C158A057FA44060AE0EFC09B1C311CB4FBF42F8D240610B38F56E08\",\n    \"work\": \"70FEF01F7EC45DEC\"\n    }" NANO_TEST_GENESIS_PRV ="49643F9B10CA1AA34F9AF8ED4AABD29F436104CCC375974B108534A48EAE3FE1" "rsnano" "--network" "test" "--data-path" "/var/folders/1y/px089b2s6f9d893xp1p4c7wh0000gn/T/rai-gate-b-qj72gv72/pr5" "node" "run"
2026-10-07T16:36:36.106181Z  INFO nanospam::setup::node_launcher: Waiting for RPC...
2026-10-07T16:36:36.209533Z  INFO nanospam::wallets_factory: Creating wallet...
2026-10-07T16:36:36.273839Z  INFO nanospam::wallets_factory: Setting default representative...
2026-10-07T16:36:36.274221Z  INFO nanospam::wallets_factory: Creating wallet...
2026-10-07T16:36:36.317382Z  INFO nanospam::wallets_factory: Setting default representative...
2026-10-07T16:36:36.317733Z  INFO nanospam::wallets_factory: Sending Ӿ56,547,061 to PR1 wallet nano_3atmwjh8t11psdqf3qx6xjfiei94oajch6zsyauowxzjogbbgz168g5mp8f1 ...
2026-10-07T16:36:36.318177Z  INFO nanospam::wallets_factory: Waiting for confirmation for 70B574FB519B8DEA27D8F4952C2E7B0378B009608D6FC967984D3C83440C9C3D
2026-10-07T16:36:51.414331Z  INFO nanospam::wallets_factory: Receiving...
2026-10-07T16:36:51.416710Z  INFO nanospam::wallets_factory: Waiting for confirmation for 011C6AC2721054F46B03A50885AF48083A4A685154A55D85116DBCE413673F86
2026-10-07T16:36:51.518747Z  INFO nanospam::wallets_factory: DONE
2026-10-07T16:36:51.518806Z  INFO nanospam::wallets_factory: ********************************************************************************
2026-10-07T16:36:51.518815Z  INFO nanospam::wallets_factory: Creating wallet...
2026-10-07T16:36:51.588592Z  INFO nanospam::wallets_factory: Setting default representative...
2026-10-07T16:36:51.588902Z  INFO nanospam::wallets_factory: Sending Ӿ56,547,061 to PR2 wallet nano_36asm8scxymtsjmgqp14per3zxpgaec1c65qb9en1buscq7qzqa93tfyyzs3 ...
2026-10-07T16:36:51.589288Z  INFO nanospam::wallets_factory: Waiting for confirmation for 76B3937072C015B69E45D5458B47CF52A54A38F8ED441B0E21561A3048243E90
2026-10-07T16:36:51.691943Z  INFO nanospam::wallets_factory: Receiving...
2026-10-07T16:36:51.692743Z  INFO nanospam::wallets_factory: Waiting for confirmation for 402DCF4725254BECF5C5CB5F707C169725EE114819D289F8A5477C2FFF19BDC0
2026-10-07T16:36:51.794448Z  INFO nanospam::wallets_factory: DONE
2026-10-07T16:36:51.794506Z  INFO nanospam::wallets_factory: ********************************************************************************
2026-10-07T16:36:51.794516Z  INFO nanospam::wallets_factory: Creating wallet...
2026-10-07T16:36:51.867129Z  INFO nanospam::wallets_factory: Setting default representative...
2026-10-07T16:36:51.867479Z  INFO nanospam::wallets_factory: Sending Ӿ56,547,061 to PR3 wallet nano_1sfb11jzfi8k51fcnrzi1qe3qh1e1jkic3h45oak9yfg5yhbkczzxfwtat7m ...
2026-10-07T16:36:51.867908Z  INFO nanospam::wallets_factory: Waiting for confirmation for FF4589BE1759B38CC94ABA0AE4FE6644845FE957C02EA9CEA669A28C8D1ADE97
2026-10-07T16:37:07.178990Z  INFO nanospam::wallets_factory: Receiving...
2026-10-07T16:37:07.180678Z  INFO nanospam::wallets_factory: Waiting for confirmation for 1210B877FF188F4FF352C0EDE856AA702A1D6763EFA96EA84BB10519898BE6D0
2026-10-07T16:37:07.283386Z  INFO nanospam::wallets_factory: DONE
2026-10-07T16:37:07.283537Z  INFO nanospam::wallets_factory: ********************************************************************************
2026-10-07T16:37:07.283565Z  INFO nanospam::wallets_factory: Creating wallet...
2026-10-07T16:37:07.362978Z  INFO nanospam::wallets_factory: Setting default representative...
2026-10-07T16:37:07.363372Z  INFO nanospam::wallets_factory: Sending Ӿ56,547,061 to PR4 wallet nano_1rsxmoinip7d4wafdp855194n43fs7s1jgne6tx8ruatiu6g89815pddzijp ...
2026-10-07T16:37:07.363883Z  INFO nanospam::wallets_factory: Waiting for confirmation for 23D89F3531AC5EE2378D3606C70B24D2A7B9016B8ADB1A970E6B1D9E7576186D
2026-10-07T16:37:07.568979Z  INFO nanospam::wallets_factory: Receiving...
2026-10-07T16:37:07.571232Z  INFO nanospam::wallets_factory: Waiting for confirmation for 8D401F6072C9B3A9EFBA68DA33CC97FF1D15EEB9F09CE4731C1A7614578C3E56
2026-10-07T16:37:07.776890Z  INFO nanospam::wallets_factory: DONE
2026-10-07T16:37:07.777016Z  INFO nanospam::wallets_factory: ********************************************************************************
2026-10-07T16:37:07.777030Z  INFO nanospam::wallets_factory: Creating wallet...
2026-10-07T16:37:07.852961Z  INFO nanospam::wallets_factory: Setting default representative...
2026-10-07T16:37:07.853367Z  INFO nanospam::wallets_factory: Sending Ӿ56,547,061 to PR5 wallet nano_1wtzwadxk9naxc356m4rienp93ht131w7ypadk39qck8uah3bg3zohsmj9th ...
2026-10-07T16:37:07.853799Z  INFO nanospam::wallets_factory: Waiting for confirmation for A5666BC59C8DD98A7E52D6F61006629E4EDB37063C12A73BFB41D35538B371CA
2026-10-07T16:37:23.050083Z  INFO nanospam::wallets_factory: Receiving...
2026-10-07T16:37:23.052884Z  INFO nanospam::wallets_factory: Waiting for confirmation for 49EEF9EFFD843E7FE6FB8D0DE0A19E8B88DBE91F26F5FDDB0E8862DEF7553864
2026-10-07T16:37:23.258493Z  INFO nanospam::wallets_factory: DONE
2026-10-07T16:37:23.258634Z  INFO nanospam::wallets_factory: ********************************************************************************
2026-10-07T16:37:23.258655Z  INFO nanospam::wallets_factory: Sending initial spam amount...
2026-10-07T16:37:23.260128Z  INFO nanospam::wallets_factory: Waiting for confirmation for B63765D76CDD1988D762E9C1C55182BBB2CE4BBBC2C498C186B23F2BB4E00DDA
2026-10-07T16:37:23.364219Z  INFO nanospam::wallets_factory: Receiving initial spam amount...
2026-10-07T16:37:23.365861Z  INFO nanospam::wallets_factory: Waiting for confirmation for 1C2853B0F206BEF265D139D6077232AC17CC3EAF899D0DED6BB07708B6172F50
2026-10-07T16:37:23.572285Z  INFO nanospam::wallets_factory: Seeding Ӿ142,857 to nano_3jmkotiu1asmuw9amttdon8sccrg7k1qqd558jsjxacgdm5wkxqhffdbb7cx for representative D315857CE70C54DE713F6E82E5613BB3A1266C15E28AD2F4338C7BBEC456F532
2026-10-07T16:37:23.573651Z  INFO nanospam::wallets_factory: Waiting for confirmation for D384EF37F0E6F6A86E940BED2DEBF1294D8AC8F6C0A4E96762257D4682C6C657
2026-10-07T16:37:23.781320Z  INFO nanospam::wallets_factory: Waiting for confirmation for 646774EBD04CB272B389B8DFFD002168C2D30E29A1934D02C4A14304F8E66456
2026-10-07T16:37:23.987675Z  INFO nanospam::wallets_factory: Seeding Ӿ142,857 to nano_3eamxrdnw3bmhhorsoosob4n67dayyu7o9p84qgwoqhd9gc695rp4fkcf8z9 for representative A353E45E6D0016CAEED0DFA4EC5B0640E2AA22A793F9F2375E77F1AB92977C04
2026-10-07T16:37:23.989163Z  INFO nanospam::wallets_factory: Waiting for confirmation for 2CC21B108202F4276D1191C4BDC2555B7ABE8DF9FB790F477C210236388B803C
2026-10-07T16:37:24.197001Z  INFO nanospam::wallets_factory: Waiting for confirmation for 26C1B32589A4CE264D7529F89714911C74D70E755BC16115D8F2E0B8A76DC24F
2026-10-07T16:37:24.301051Z  INFO nanospam::wallets_factory: Seeding Ӿ142,857 to nano_3x6q8gjcbkm3uewpimrd3rst6tkxff1ggbyhppskometeg6t3dfqghcag4pr for representative 911999B2AEFA7ACC66EBD802B3301FF6CE431405107749D940277955CB7FDD07
2026-10-07T16:37:24.302505Z  INFO nanospam::wallets_factory: Waiting for confirmation for 0EE97237EF6753952FC04BDE1818E7BB12273F4BCCB60C20125F2B0FE7285EEC
2026-10-07T16:37:24.510358Z  INFO nanospam::wallets_factory: Waiting for confirmation for 4FA791360B5504100659EE80FF739F3B84311847CF17DD1EADC038389B73A8B8
2026-10-07T16:37:24.717504Z  INFO nanospam::wallets_factory: Seeding Ӿ142,857 to nano_11dt1j1wtjp8ri9zj6iy47burr4nchxhjroq8gwfro5sseerfboew3giwxkp for representative 65A90023F6C0D2181AAA63F005D81BBC0C04650505E21D5123F9AE1F9E992BFF
2026-10-07T16:37:24.718499Z  INFO nanospam::wallets_factory: Waiting for confirmation for 69E06DACF701525EE11D62E52D24BAADC2322BD8C65EA5333F2B54B7F7205742
2026-10-07T16:37:24.925370Z  INFO nanospam::wallets_factory: Waiting for confirmation for 16B03EFEE64211024953100050C070690D4FBFD3FC008CE07892A34564A41BE7
2026-10-07T16:37:25.131562Z  INFO nanospam::wallets_factory: Seeding Ӿ142,857 to nano_1gj3x9danzpje5nke9jskaemcmyqz7uyid6m54hghkki9e9r78a7uxocxnsm for representative 633D9D614858AB1710D5D8C3180E2A082DC97208BA8C26BA6C6D1A86C8E31CC0
2026-10-07T16:37:25.133066Z  INFO nanospam::wallets_factory: Waiting for confirmation for E01437906F0CE10EF18EC8F11693FF844E071C6697FCB1BDFD586C67F2FC04E9
2026-10-07T16:37:25.238449Z  INFO nanospam::wallets_factory: Waiting for confirmation for 88A9C1B4C9B7EF875105B9148718FE684F3BC5A6A3A7209F9B01EFB3F64075B2
2026-10-07T16:37:25.444442Z  INFO nanospam::wallets_factory: Seeding Ӿ142,857 to nano_14c95wku67f8wcr361joe5fig6ukt4qkidrfaf48xtx1y8tsyyac815exroy for representative 735FE217D91E88EA82324C5883296385FA0041C2FAC85C827BAA46DA1E14B83F
2026-10-07T16:37:25.445545Z  INFO nanospam::wallets_factory: Waiting for confirmation for 94C673D4CC21C1B4DED91A09681C31B2C9B9FC87F6ECF71133DF4E7E036D898F
2026-10-07T16:37:25.653673Z  INFO nanospam::wallets_factory: Waiting for confirmation for 54B546DC9D50F6CD0D0D1DFF96D90E5430F67694C99938BFA7F9FAAE18EB394F
2026-10-07T16:37:25.863749Z  INFO nanospam::high_prio_check: Creating high priority accounts...
2026-10-07T16:37:25.892653Z  INFO nanospam::high_prio_check: Waiting for confirmations...
2026-10-07T16:37:28.060361Z  INFO nanospam::app: Waiting for all PRs to see the full quorum...
2026-10-07T16:37:38.233590Z  INFO nanospam::app: Republished the genesis chain to all PRs
2026-10-07T16:37:43.139711Z  INFO nanospam::app: Republished the genesis chain to all PRs
2026-10-07T16:37:48.251499Z  INFO nanospam::app: Republished the genesis chain to all PRs
2026-10-07T16:37:53.158445Z  INFO nanospam::app: Republished the genesis chain to all PRs
2026-10-07T16:37:53.971923Z  INFO nanospam::app: All PRs see the full quorum after 25.912394417s
2026-10-07T16:37:53.972091Z  INFO nanospam::app: Waiting for all PRs to hold the same cemented ledger...
2026-10-07T16:37:53.973490Z  INFO nanospam::app: All PRs hold the same ledger of 65 blocks after 1.374ms
EPOCH_COMMITTEE derived_by=genesis members=6 accounts=33 n=6 digest=95D409445152DD075E6A4799205DFA5689496EB8EE1A22AC2A200B9DBC2DCF27 shares=["A353E45E:16.7%", "65A90023:16.7%", "D315857C:16.7%", "911999B2:16.7%", "633D9D61:16.7%", "735FE217:16.7%"] t=1791391073973
EPOCH_START epoch=0 elections=0 t=1791391073974
EPOCH_COMMITTEE derived_by=genesis members=6 accounts=33 n=6 digest=95D409445152DD075E6A4799205DFA5689496EB8EE1A22AC2A200B9DBC2DCF27 shares=["A353E45E:16.7%", "65A90023:16.7%", "D315857C:16.7%", "911999B2:16.7%", "633D9D61:16.7%", "735FE217:16.7%"] t=1791391073974
EPOCH_START epoch=0 elections=0 t=1791391073974
EPOCH_COMMITTEE derived_by=genesis members=6 accounts=33 n=6 digest=95D409445152DD075E6A4799205DFA5689496EB8EE1A22AC2A200B9DBC2DCF27 shares=["A353E45E:16.7%", "65A90023:16.7%", "D315857C:16.7%", "911999B2:16.7%", "633D9D61:16.7%", "735FE217:16.7%"] t=1791391073975
EPOCH_START epoch=0 elections=0 t=1791391073975
EPOCH_COMMITTEE derived_by=genesis members=6 accounts=33 n=6 digest=95D409445152DD075E6A4799205DFA5689496EB8EE1A22AC2A200B9DBC2DCF27 shares=["A353E45E:16.7%", "65A90023:16.7%", "D315857C:16.7%", "911999B2:16.7%", "633D9D61:16.7%", "735FE217:16.7%"] t=1791391073975
EPOCH_START epoch=0 elections=0 t=1791391073975
EPOCH_COMMITTEE derived_by=genesis members=6 accounts=33 n=6 digest=95D409445152DD075E6A4799205DFA5689496EB8EE1A22AC2A200B9DBC2DCF27 shares=["A353E45E:16.7%", "65A90023:16.7%", "D315857C:16.7%", "911999B2:16.7%", "633D9D61:16.7%", "735FE217:16.7%"] t=1791391073976
EPOCH_START epoch=0 elections=0 t=1791391073976
EPOCH_COMMITTEE derived_by=genesis members=6 accounts=33 n=6 digest=95D409445152DD075E6A4799205DFA5689496EB8EE1A22AC2A200B9DBC2DCF27 shares=["A353E45E:16.7%", "65A90023:16.7%", "D315857C:16.7%", "911999B2:16.7%", "633D9D61:16.7%", "735FE217:16.7%"] t=1791391073976
EPOCH_START epoch=0 elections=0 t=1791391073976
2026-10-07T16:37:53.976849Z  INFO nanospam::app: Started the epochs on every PR
2026-10-07T16:37:53.976863Z  INFO nanospam::app: Connecting to node PR0... peer_addr=[::1]:17075
2026-10-07T16:37:53.977407Z  INFO nanospam::app: Performing handshake...
2026-10-07T16:37:53.978250Z  INFO nanospam::app: Performing handshake...
2026-10-07T16:37:53.989344Z  INFO nanospam::app: Performing handshake...
2026-10-07T16:37:54.000336Z  INFO nanospam::app: Performing handshake...
2026-10-07T16:37:54.011137Z  INFO nanospam::app: Connecting to node PR1... peer_addr=[::1]:17085
2026-10-07T16:37:54.011351Z  INFO nanospam::app: Performing handshake...
2026-10-07T16:37:54.011926Z  INFO nanospam::app: Performing handshake...
2026-10-07T16:37:54.022937Z  INFO nanospam::app: Performing handshake...
2026-10-07T16:37:54.033732Z  INFO nanospam::app: Performing handshake...
2026-10-07T16:37:54.044638Z  INFO nanospam::app: Connecting to node PR2... peer_addr=[::1]:17095
2026-10-07T16:37:54.044894Z  INFO nanospam::app: Performing handshake...
2026-10-07T16:37:54.045641Z  INFO nanospam::app: Performing handshake...
2026-10-07T16:37:54.056736Z  INFO nanospam::app: Performing handshake...
2026-10-07T16:37:54.067476Z  INFO nanospam::app: Performing handshake...
2026-10-07T16:37:54.079301Z  INFO nanospam::app: Connecting to node PR3... peer_addr=[::1]:17105
2026-10-07T16:37:54.079503Z  INFO nanospam::app: Performing handshake...
2026-10-07T16:37:54.080051Z  INFO nanospam::app: Performing handshake...
2026-10-07T16:37:54.091321Z  INFO nanospam::app: Performing handshake...
2026-10-07T16:37:54.102513Z  INFO nanospam::app: Performing handshake...
2026-10-07T16:37:54.113484Z  INFO nanospam::app: Connecting to node PR4... peer_addr=[::1]:17115
2026-10-07T16:37:54.113880Z  INFO nanospam::app: Performing handshake...
2026-10-07T16:37:54.114563Z  INFO nanospam::app: Performing handshake...
2026-10-07T16:37:54.127136Z  INFO nanospam::app: Performing handshake...
2026-10-07T16:37:54.138725Z  INFO nanospam::app: Performing handshake...
2026-10-07T16:37:54.148846Z  INFO nanospam::app: Connecting to node PR5... peer_addr=[::1]:17125
2026-10-07T16:37:54.149118Z  INFO nanospam::app: Performing handshake...
2026-10-07T16:37:54.149777Z  INFO nanospam::app: Performing handshake...
2026-10-07T16:37:54.161250Z  INFO nanospam::app: Performing handshake...
2026-10-07T16:37:54.172240Z  INFO nanospam::app: Performing handshake...
2026-10-07T16:37:54.182861Z  INFO nanospam::app: Connecting to websocket...
2026-10-07T16:37:54.183655Z  INFO nanospam::app: Starting with 2000 BPS
2026-10-07T16:37:55.183983Z  INFO nanospam::app: Confirmed 1,073 blocks | 2,000 bps | 1,184 cps | avg conf time: 81 ms
2026-10-07T16:37:56.184973Z  INFO nanospam::app: Confirmed 4,505 blocks | 2,000 bps | 3,428 cps | avg conf time: 121 ms
2026-10-07T16:37:57.186453Z  INFO nanospam::app: Confirmed 6,565 blocks | 2,000 bps | 2,056 cps | avg conf time: 95 ms
2026-10-07T16:37:58.186957Z  INFO nanospam::app: Confirmed 8,573 blocks | 2,000 bps | 2,006 cps | avg conf time: 96 ms
2026-10-07T16:37:59.189592Z  INFO nanospam::app: Confirmed 10,415 blocks | 2,000 bps | 1,839 cps | avg conf time: 95 ms
2026-10-07T16:38:00.189900Z  INFO nanospam::app: Confirmed 12,411 blocks | 2,000 bps | 1,992 cps | avg conf time: 95 ms
2026-10-07T16:38:01.190759Z  INFO nanospam::app: Confirmed 14,371 blocks | 2,000 bps | 1,958 cps | avg conf time: 94 ms
EPOCH_ENDED epoch=0 elections=188 active=183 t=1791391081975
EPOCH_ENDED epoch=0 elections=190 active=185 t=1791391081976
EPOCH_ENDED epoch=0 elections=192 active=187 t=1791391081976
EPOCH_ENDED epoch=0 elections=190 active=185 t=1791391081976
EPOCH_ENDED epoch=0 elections=191 active=186 t=1791391081976
EPOCH_ENDED epoch=0 elections=189 active=184 t=1791391081976
EPOCH_CARRIED epoch=0 instances=19 t=1791391082001
EPOCH_ADVANCED epoch=1 elections=209 active=204 vote_records=188351 t=1791391082001
EPOCH_CARRIED epoch=0 instances=36 t=1791391082003
EPOCH_ADVANCED epoch=1 elections=228 active=223 vote_records=188351 t=1791391082003
EPOCH_CARRIED epoch=0 instances=10 t=1791391082004
EPOCH_ADVANCED epoch=1 elections=201 active=196 vote_records=188350 t=1791391082004
EPOCH_CARRIED epoch=0 instances=51 t=1791391082005
EPOCH_ADVANCED epoch=1 elections=241 active=236 vote_records=188351 t=1791391082005
EPOCH_CARRIED epoch=0 instances=33 t=1791391082009
EPOCH_ADVANCED epoch=1 elections=221 active=216 vote_records=188351 t=1791391082009
EPOCH_CARRIED epoch=0 instances=41 t=1791391082011
EPOCH_ADVANCED epoch=1 elections=230 active=225 vote_records=188349 t=1791391082011
EPOCH_CLOSE_UNREADY epoch=0 short_of=reports usable=0 weight=0 required=5 held=0 theirs=[] t=1791391082015
EPOCH_REPORT epoch=0 certified=15945 residual=139 root=092651B96C69DBFB6A8B60756C4E8C11B8EF4B45B0C44D1AD42B31A06A644AEB reports=1 t=1791391082026
EPOCH_REPORT epoch=0 certified=15945 residual=181 root=092651B96C69DBFB6A8B60756C4E8C11B8EF4B45B0C44D1AD42B31A06A644AEB reports=1 t=1791391082027
EPOCH_REPORT epoch=0 certified=15945 residual=171 root=092651B96C69DBFB6A8B60756C4E8C11B8EF4B45B0C44D1AD42B31A06A644AEB reports=1 t=1791391082031
EPOCH_REPORT epoch=0 certified=15945 residual=156 root=092651B96C69DBFB6A8B60756C4E8C11B8EF4B45B0C44D1AD42B31A06A644AEB reports=1 t=1791391082031
EPOCH_REPORT epoch=0 certified=15945 residual=148 root=092651B96C69DBFB6A8B60756C4E8C11B8EF4B45B0C44D1AD42B31A06A644AEB reports=1 t=1791391082033
EPOCH_REPORT epoch=0 certified=15945 residual=155 root=092651B96C69DBFB6A8B60756C4E8C11B8EF4B45B0C44D1AD42B31A06A644AEB reports=1 t=1791391082042
EPOCH_RECONCILED epoch=0 reporter=A353E45E6D0016CAEED0DFA4EC5B0640E2AA22A793F9F2375E77F1AB92977C04 complete=false entries=0 total=15945 symbols=0 dropped=false t=1791391082055
EPOCH_RECONCILED epoch=0 reporter=A353E45E6D0016CAEED0DFA4EC5B0640E2AA22A793F9F2375E77F1AB92977C04 complete=true entries=171 total=171 symbols=0 dropped=false t=1791391082058
EPOCH_RECONCILED epoch=0 reporter=65A90023F6C0D2181AAA63F005D81BBC0C04650505E21D5123F9AE1F9E992BFF complete=false entries=0 total=15945 symbols=0 dropped=false t=1791391082059
EPOCH_RECONCILED epoch=0 reporter=65A90023F6C0D2181AAA63F005D81BBC0C04650505E21D5123F9AE1F9E992BFF complete=true entries=139 total=139 symbols=0 dropped=false t=1791391082063
EPOCH_RECONCILED epoch=0 reporter=D315857CE70C54DE713F6E82E5613BB3A1266C15E28AD2F4338C7BBEC456F532 complete=false entries=0 total=15945 symbols=0 dropped=false t=1791391082064
EPOCH_RECONCILED epoch=0 reporter=D315857CE70C54DE713F6E82E5613BB3A1266C15E28AD2F4338C7BBEC456F532 complete=true entries=156 total=156 symbols=0 dropped=false t=1791391082067
EPOCH_RECONCILED epoch=0 reporter=633D9D614858AB1710D5D8C3180E2A082DC97208BA8C26BA6C6D1A86C8E31CC0 complete=false entries=0 total=15945 symbols=0 dropped=false t=1791391082068
EPOCH_RECONCILED epoch=0 reporter=633D9D614858AB1710D5D8C3180E2A082DC97208BA8C26BA6C6D1A86C8E31CC0 complete=true entries=181 total=181 symbols=0 dropped=false t=1791391082072
EPOCH_RECONCILED epoch=0 reporter=A353E45E6D0016CAEED0DFA4EC5B0640E2AA22A793F9F2375E77F1AB92977C04 complete=false entries=0 total=15945 symbols=0 dropped=false t=1791391082137
EPOCH_RECONCILED epoch=0 reporter=911999B2AEFA7ACC66EBD802B3301FF6CE431405107749D940277955CB7FDD07 complete=false entries=0 total=15945 symbols=0 dropped=false t=1791391082140
EPOCH_RECONCILED epoch=0 reporter=A353E45E6D0016CAEED0DFA4EC5B0640E2AA22A793F9F2375E77F1AB92977C04 complete=true entries=171 total=171 symbols=0 dropped=false t=1791391082142
EPOCH_RECONCILED epoch=0 reporter=735FE217D91E88EA82324C5883296385FA0041C2FAC85C827BAA46DA1E14B83F complete=false entries=0 total=15945 symbols=0 dropped=false t=1791391082143
EPOCH_RECONCILED epoch=0 reporter=911999B2AEFA7ACC66EBD802B3301FF6CE431405107749D940277955CB7FDD07 complete=true entries=155 total=155 symbols=0 dropped=false t=1791391082144
EPOCH_RECONCILED epoch=0 reporter=633D9D614858AB1710D5D8C3180E2A082DC97208BA8C26BA6C6D1A86C8E31CC0 complete=false entries=0 total=15945 symbols=0 dropped=false t=1791391082145
EPOCH_RECONCILED epoch=0 reporter=735FE217D91E88EA82324C5883296385FA0041C2FAC85C827BAA46DA1E14B83F complete=true entries=148 total=148 symbols=0 dropped=false t=1791391082146
EPOCH_RECONCILED epoch=0 reporter=633D9D614858AB1710D5D8C3180E2A082DC97208BA8C26BA6C6D1A86C8E31CC0 complete=false entries=0 total=15945 symbols=0 dropped=false t=1791391082147
EPOCH_RECONCILED epoch=0 reporter=633D9D614858AB1710D5D8C3180E2A082DC97208BA8C26BA6C6D1A86C8E31CC0 complete=true entries=181 total=181 symbols=0 dropped=false t=1791391082148
EPOCH_RECONCILED epoch=0 reporter=D315857CE70C54DE713F6E82E5613BB3A1266C15E28AD2F4338C7BBEC456F532 complete=false entries=0 total=15945 symbols=0 dropped=false t=1791391082149
EPOCH_RECONCILED epoch=0 reporter=D315857CE70C54DE713F6E82E5613BB3A1266C15E28AD2F4338C7BBEC456F532 complete=true entries=156 total=156 symbols=0 dropped=false t=1791391082153
EPOCH_RECONCILED epoch=0 reporter=633D9D614858AB1710D5D8C3180E2A082DC97208BA8C26BA6C6D1A86C8E31CC0 complete=true entries=181 total=181 symbols=0 dropped=false t=1791391082153
EPOCH_RECONCILED epoch=0 reporter=735FE217D91E88EA82324C5883296385FA0041C2FAC85C827BAA46DA1E14B83F complete=false entries=0 total=15945 symbols=0 dropped=false t=1791391082153
EPOCH_RECONCILED epoch=0 reporter=65A90023F6C0D2181AAA63F005D81BBC0C04650505E21D5123F9AE1F9E992BFF complete=false entries=0 total=15945 symbols=0 dropped=false t=1791391082154
EPOCH_RECONCILED epoch=0 reporter=735FE217D91E88EA82324C5883296385FA0041C2FAC85C827BAA46DA1E14B83F complete=true entries=148 total=148 symbols=0 dropped=false t=1791391082157
EPOCH_RECONCILED epoch=0 reporter=65A90023F6C0D2181AAA63F005D81BBC0C04650505E21D5123F9AE1F9E992BFF complete=true entries=139 total=139 symbols=0 dropped=false t=1791391082158
EPOCH_RECONCILED epoch=0 reporter=A353E45E6D0016CAEED0DFA4EC5B0640E2AA22A793F9F2375E77F1AB92977C04 complete=false entries=0 total=15945 symbols=0 dropped=false t=1791391082158
EPOCH_RECONCILED epoch=0 reporter=735FE217D91E88EA82324C5883296385FA0041C2FAC85C827BAA46DA1E14B83F complete=false entries=0 total=15945 symbols=0 dropped=false t=1791391082176
EPOCH_RECONCILED epoch=0 reporter=911999B2AEFA7ACC66EBD802B3301FF6CE431405107749D940277955CB7FDD07 complete=false entries=0 total=15945 symbols=0 dropped=false t=1791391082179
EPOCH_RECONCILED epoch=0 reporter=735FE217D91E88EA82324C5883296385FA0041C2FAC85C827BAA46DA1E14B83F complete=true entries=148 total=148 symbols=0 dropped=false t=1791391082183
EPOCH_RECONCILED epoch=0 reporter=A353E45E6D0016CAEED0DFA4EC5B0640E2AA22A793F9F2375E77F1AB92977C04 complete=true entries=171 total=171 symbols=0 dropped=false t=1791391082183
EPOCH_RECONCILED epoch=0 reporter=911999B2AEFA7ACC66EBD802B3301FF6CE431405107749D940277955CB7FDD07 complete=true entries=155 total=155 symbols=0 dropped=false t=1791391082184
EPOCH_RECONCILED epoch=0 reporter=D315857CE70C54DE713F6E82E5613BB3A1266C15E28AD2F4338C7BBEC456F532 complete=false entries=0 total=15945 symbols=0 dropped=false t=1791391082184
EPOCH_RECONCILED epoch=0 reporter=911999B2AEFA7ACC66EBD802B3301FF6CE431405107749D940277955CB7FDD07 complete=false entries=0 total=15945 symbols=0 dropped=false t=1791391082186
EPOCH_RECONCILED epoch=0 reporter=D315857CE70C54DE713F6E82E5613BB3A1266C15E28AD2F4338C7BBEC456F532 complete=true entries=156 total=156 symbols=0 dropped=false t=1791391082187
EPOCH_RECONCILED epoch=0 reporter=911999B2AEFA7ACC66EBD802B3301FF6CE431405107749D940277955CB7FDD07 complete=false entries=0 total=15945 symbols=0 dropped=false t=1791391082188
EPOCH_RECONCILED epoch=0 reporter=911999B2AEFA7ACC66EBD802B3301FF6CE431405107749D940277955CB7FDD07 complete=true entries=155 total=155 symbols=0 dropped=false t=1791391082189
EPOCH_RECONCILED epoch=0 reporter=65A90023F6C0D2181AAA63F005D81BBC0C04650505E21D5123F9AE1F9E992BFF complete=false entries=0 total=15945 symbols=0 dropped=false t=1791391082191
2026-10-07T16:38:02.192641Z  INFO nanospam::app: Confirmed 16,268 blocks | 2,000 bps | 1,893 cps | avg conf time: 105 ms
EPOCH_RECONCILED epoch=0 reporter=911999B2AEFA7ACC66EBD802B3301FF6CE431405107749D940277955CB7FDD07 complete=true entries=155 total=155 symbols=0 dropped=false t=1791391082193
EPOCH_RECONCILED epoch=0 reporter=A353E45E6D0016CAEED0DFA4EC5B0640E2AA22A793F9F2375E77F1AB92977C04 complete=false entries=0 total=15945 symbols=0 dropped=false t=1791391082194
EPOCH_RECONCILED epoch=0 reporter=65A90023F6C0D2181AAA63F005D81BBC0C04650505E21D5123F9AE1F9E992BFF complete=true entries=139 total=139 symbols=0 dropped=false t=1791391082195
EPOCH_CLOSE_READY epoch=0 t=1791391082196
EPOCH_RECONCILED epoch=0 reporter=633D9D614858AB1710D5D8C3180E2A082DC97208BA8C26BA6C6D1A86C8E31CC0 complete=false entries=0 total=15945 symbols=0 dropped=false t=1791391082196
EPOCH_RECONCILED epoch=0 reporter=633D9D614858AB1710D5D8C3180E2A082DC97208BA8C26BA6C6D1A86C8E31CC0 complete=true entries=181 total=181 symbols=0 dropped=false t=1791391082199
EPOCH_RECONCILED epoch=0 reporter=D315857CE70C54DE713F6E82E5613BB3A1266C15E28AD2F4338C7BBEC456F532 complete=false entries=0 total=15945 symbols=0 dropped=false t=1791391082200
EPOCH_RECONCILED epoch=0 reporter=A353E45E6D0016CAEED0DFA4EC5B0640E2AA22A793F9F2375E77F1AB92977C04 complete=true entries=171 total=171 symbols=0 dropped=false t=1791391082202
EPOCH_RECONCILED epoch=0 reporter=65A90023F6C0D2181AAA63F005D81BBC0C04650505E21D5123F9AE1F9E992BFF complete=false entries=0 total=15945 symbols=0 dropped=false t=1791391082204
EPOCH_RECONCILED epoch=0 reporter=65A90023F6C0D2181AAA63F005D81BBC0C04650505E21D5123F9AE1F9E992BFF complete=true entries=139 total=139 symbols=0 dropped=false t=1791391082207
EPOCH_RECONCILED epoch=0 reporter=D315857CE70C54DE713F6E82E5613BB3A1266C15E28AD2F4338C7BBEC456F532 complete=true entries=156 total=156 symbols=0 dropped=false t=1791391082213
EPOCH_RECONCILED epoch=0 reporter=735FE217D91E88EA82324C5883296385FA0041C2FAC85C827BAA46DA1E14B83F complete=false entries=0 total=15945 symbols=0 dropped=false t=1791391082215
EPOCH_RECONCILED epoch=0 reporter=735FE217D91E88EA82324C5883296385FA0041C2FAC85C827BAA46DA1E14B83F complete=true entries=148 total=148 symbols=0 dropped=false t=1791391082230
EPOCH_CLOSE_ROUND epoch=0 round=0 leader=633D9D614858AB1710D5D8C3180E2A082DC97208BA8C26BA6C6D1A86C8E31CC0 leads=false t=1791391082340
EPOCH_RECONCILED epoch=0 reporter=735FE217D91E88EA82324C5883296385FA0041C2FAC85C827BAA46DA1E14B83F complete=false entries=0 total=15945 symbols=0 dropped=false t=1791391082345
EPOCH_RECONCILED epoch=0 reporter=735FE217D91E88EA82324C5883296385FA0041C2FAC85C827BAA46DA1E14B83F complete=true entries=148 total=148 symbols=0 dropped=false t=1791391082353
EPOCH_RECONCILED epoch=0 reporter=A353E45E6D0016CAEED0DFA4EC5B0640E2AA22A793F9F2375E77F1AB92977C04 complete=false entries=0 total=15945 symbols=0 dropped=false t=1791391082354
EPOCH_RECONCILED epoch=0 reporter=A353E45E6D0016CAEED0DFA4EC5B0640E2AA22A793F9F2375E77F1AB92977C04 complete=true entries=171 total=171 symbols=0 dropped=false t=1791391082373
EPOCH_RECONCILED epoch=0 reporter=65A90023F6C0D2181AAA63F005D81BBC0C04650505E21D5123F9AE1F9E992BFF complete=false entries=0 total=15945 symbols=0 dropped=false t=1791391082374
EPOCH_CLOSE_READY epoch=0 t=1791391082375
EPOCH_RECONCILED epoch=0 reporter=65A90023F6C0D2181AAA63F005D81BBC0C04650505E21D5123F9AE1F9E992BFF complete=true entries=139 total=139 symbols=0 dropped=false t=1791391082378
EPOCH_RECONCILED epoch=0 reporter=633D9D614858AB1710D5D8C3180E2A082DC97208BA8C26BA6C6D1A86C8E31CC0 complete=false entries=0 total=15945 symbols=0 dropped=false t=1791391082378
EPOCH_RECONCILED epoch=0 reporter=633D9D614858AB1710D5D8C3180E2A082DC97208BA8C26BA6C6D1A86C8E31CC0 complete=true entries=181 total=181 symbols=0 dropped=false t=1791391082387
EPOCH_RECONCILED epoch=0 reporter=D315857CE70C54DE713F6E82E5613BB3A1266C15E28AD2F4338C7BBEC456F532 complete=false entries=0 total=15945 symbols=0 dropped=false t=1791391082389
EPOCH_CLOSE_READY epoch=0 t=1791391082392
EPOCH_RECONCILED epoch=0 reporter=D315857CE70C54DE713F6E82E5613BB3A1266C15E28AD2F4338C7BBEC456F532 complete=true entries=156 total=156 symbols=0 dropped=false t=1791391082399
EPOCH_RECONCILED epoch=0 reporter=911999B2AEFA7ACC66EBD802B3301FF6CE431405107749D940277955CB7FDD07 complete=false entries=0 total=15945 symbols=0 dropped=false t=1791391082401
EPOCH_RECONCILED epoch=0 reporter=911999B2AEFA7ACC66EBD802B3301FF6CE431405107749D940277955CB7FDD07 complete=true entries=155 total=155 symbols=0 dropped=false t=1791391082406
EPOCH_CLOSE_READY epoch=0 t=1791391082416
EPOCH_CLOSE_ROUND epoch=0 round=0 leader=633D9D614858AB1710D5D8C3180E2A082DC97208BA8C26BA6C6D1A86C8E31CC0 leads=false t=1791391082417
EPOCH_CLOSE_READY epoch=0 t=1791391082439
EPOCH_CLOSE_ROUND epoch=0 round=0 leader=633D9D614858AB1710D5D8C3180E2A082DC97208BA8C26BA6C6D1A86C8E31CC0 leads=false t=1791391082439
EPOCH_CLOSE_ROUND epoch=0 round=0 leader=633D9D614858AB1710D5D8C3180E2A082DC97208BA8C26BA6C6D1A86C8E31CC0 leads=false t=1791391082471
EPOCH_CLOSE_READY epoch=0 t=1791391082553
EPOCH_PROPOSED epoch=0 round=0 value=52B4171F87E78D1A75A9D0A2BA3250B435E0D7A23D7671BB1FF913BD5D02379B state=6C3C29AE155F34BB3EC382A20297DF66AF15E781D5582CC47CB8EC1DE35FFEB5 reports=5 t=1791391082573
EPOCH_VALUE epoch=0 value=52B4171F87E78D1A75A9D0A2BA3250B435E0D7A23D7671BB1FF913BD5D02379B state=6C3C29AE155F34BB3EC382A20297DF66AF15E781D5582CC47CB8EC1DE35FFEB5 t=1791391082573
EPOCH_CLOSE_ROUND epoch=0 round=0 leader=633D9D614858AB1710D5D8C3180E2A082DC97208BA8C26BA6C6D1A86C8E31CC0 leads=true t=1791391082573
EPOCH_CLOSE_ROUND epoch=0 round=0 leader=633D9D614858AB1710D5D8C3180E2A082DC97208BA8C26BA6C6D1A86C8E31CC0 leads=false t=1791391082615
EPOCH_VALUE epoch=0 value=52B4171F87E78D1A75A9D0A2BA3250B435E0D7A23D7671BB1FF913BD5D02379B state=6C3C29AE155F34BB3EC382A20297DF66AF15E781D5582CC47CB8EC1DE35FFEB5 t=1791391082623
EPOCH_VALUE epoch=0 value=52B4171F87E78D1A75A9D0A2BA3250B435E0D7A23D7671BB1FF913BD5D02379B state=6C3C29AE155F34BB3EC382A20297DF66AF15E781D5582CC47CB8EC1DE35FFEB5 t=1791391082629
EPOCH_VALUE epoch=0 value=52B4171F87E78D1A75A9D0A2BA3250B435E0D7A23D7671BB1FF913BD5D02379B state=6C3C29AE155F34BB3EC382A20297DF66AF15E781D5582CC47CB8EC1DE35FFEB5 t=1791391082634
EPOCH_VALUE epoch=0 value=52B4171F87E78D1A75A9D0A2BA3250B435E0D7A23D7671BB1FF913BD5D02379B state=6C3C29AE155F34BB3EC382A20297DF66AF15E781D5582CC47CB8EC1DE35FFEB5 t=1791391082635
EPOCH_VALUE epoch=0 value=52B4171F87E78D1A75A9D0A2BA3250B435E0D7A23D7671BB1FF913BD5D02379B state=6C3C29AE155F34BB3EC382A20297DF66AF15E781D5582CC47CB8EC1DE35FFEB5 t=1791391082673
EPOCH_CLOSE_ROUND epoch=0 round=1 leader=65A90023F6C0D2181AAA63F005D81BBC0C04650505E21D5123F9AE1F9E992BFF leads=false t=1791391082878
EPOCH_INSTALL epoch=0 finalized=15875 instances_confirmed=0 t=1791391082894
EPOCH_INSTALL epoch=0 finalized=15875 instances_confirmed=0 t=1791391082894
EPOCH_INSTALL epoch=0 finalized=15875 instances_confirmed=0 t=1791391082894
EPOCH_INSTALL epoch=0 finalized=15875 instances_confirmed=0 t=1791391082895
EPOCH_INSTALL epoch=0 finalized=15875 instances_confirmed=0 t=1791391082902
EPOCH_INSTALL epoch=0 finalized=15875 instances_confirmed=0 t=1791391082906
EPOCH_INSTALLED epoch=0 finalized=15875 cemented=15875 queued=0 missing=0 t=1791391082920
EPOCH_INSTALLED epoch=0 finalized=15875 cemented=15875 queued=0 missing=0 t=1791391082921
EPOCH_RETAINED epoch=0 retained=160 held=160 missing=0 t=1791391082921
EPOCH_RETAINED epoch=0 retained=160 held=160 missing=0 t=1791391082921
EPOCH_INSTALLED epoch=0 finalized=15875 cemented=15875 queued=0 missing=0 t=1791391082930
EPOCH_RETAINED epoch=0 retained=160 held=160 missing=0 t=1791391082930
EPOCH_INSTALLED epoch=0 finalized=15875 cemented=15875 queued=0 missing=0 t=1791391082939
EPOCH_RETAINED epoch=0 retained=160 held=160 missing=0 t=1791391082939
2026-10-07T16:38:03.192728Z  INFO nanospam::app: Confirmed 17,583 blocks | 2,000 bps | 1,314 cps | avg conf time: 113 ms
EPOCH_COMMITTEE derived_by=0 members=6 accounts=7237 n=6 digest=95D409445152DD075E6A4799205DFA5689496EB8EE1A22AC2A200B9DBC2DCF27 shares=["735FE217:16.7%", "A353E45E:16.7%", "D315857C:16.7%", "911999B2:16.7%", "633D9D61:16.7%", "65A90023:16.7%"] t=1791391083218
EPOCH_LOCKS epoch=0 continued=0 kinds={"locks=1 kind=Some(Recovery) nc_here=true saved=true": 7} t=1791391083218
EPOCH_OMITTED epoch=0 instances=32 retained=7 t=1791391083218
EPOCH_GATE epoch=1 released=209 finalized=0 t=1791391083218
EPOCH_CLOSED epoch=0 round=0 value=52B4171F87E78D1A75A9D0A2BA3250B435E0D7A23D7671BB1FF913BD5D02379B state=6C3C29AE155F34BB3EC382A20297DF66AF15E781D5582CC47CB8EC1DE35FFEB5 t=1791391083218
EPOCH_COMMITTEE derived_by=0 members=6 accounts=7237 n=6 digest=95D409445152DD075E6A4799205DFA5689496EB8EE1A22AC2A200B9DBC2DCF27 shares=["735FE217:16.7%", "A353E45E:16.7%", "D315857C:16.7%", "911999B2:16.7%", "633D9D61:16.7%", "65A90023:16.7%"] t=1791391083223
EPOCH_LOCKS epoch=0 continued=0 kinds={"locks=1 kind=Some(Recovery) nc_here=true saved=true": 7} t=1791391083224
EPOCH_OMITTED epoch=0 instances=32 retained=7 t=1791391083224
EPOCH_GATE epoch=1 released=208 finalized=0 t=1791391083224
EPOCH_CLOSED epoch=0 round=0 value=52B4171F87E78D1A75A9D0A2BA3250B435E0D7A23D7671BB1FF913BD5D02379B state=6C3C29AE155F34BB3EC382A20297DF66AF15E781D5582CC47CB8EC1DE35FFEB5 t=1791391083224
EPOCH_COMMITTEE derived_by=0 members=6 accounts=7237 n=6 digest=95D409445152DD075E6A4799205DFA5689496EB8EE1A22AC2A200B9DBC2DCF27 shares=["735FE217:16.7%", "A353E45E:16.7%", "D315857C:16.7%", "911999B2:16.7%", "633D9D61:16.7%", "65A90023:16.7%"] t=1791391083235
EPOCH_LOCKS epoch=0 continued=0 kinds={"locks=1 kind=Some(Recovery) nc_here=true saved=true": 7} t=1791391083236
EPOCH_OMITTED epoch=0 instances=32 retained=7 t=1791391083236
EPOCH_GATE epoch=1 released=208 finalized=0 t=1791391083236
EPOCH_CLOSED epoch=0 round=0 value=52B4171F87E78D1A75A9D0A2BA3250B435E0D7A23D7671BB1FF913BD5D02379B state=6C3C29AE155F34BB3EC382A20297DF66AF15E781D5582CC47CB8EC1DE35FFEB5 t=1791391083236
EPOCH_COMMITTEE derived_by=0 members=6 accounts=7237 n=6 digest=95D409445152DD075E6A4799205DFA5689496EB8EE1A22AC2A200B9DBC2DCF27 shares=["735FE217:16.7%", "A353E45E:16.7%", "D315857C:16.7%", "911999B2:16.7%", "633D9D61:16.7%", "65A90023:16.7%"] t=1791391083236
EPOCH_LOCKS epoch=0 continued=0 kinds={"locks=1 kind=Some(Recovery) nc_here=true saved=true": 7} t=1791391083237
EPOCH_OMITTED epoch=0 instances=32 retained=7 t=1791391083237
EPOCH_GATE epoch=1 released=209 finalized=0 t=1791391083237
EPOCH_CLOSED epoch=0 round=0 value=52B4171F87E78D1A75A9D0A2BA3250B435E0D7A23D7671BB1FF913BD5D02379B state=6C3C29AE155F34BB3EC382A20297DF66AF15E781D5582CC47CB8EC1DE35FFEB5 t=1791391083237
EPOCH_COMMITTEE derived_by=0 members=6 accounts=7237 n=6 digest=95D409445152DD075E6A4799205DFA5689496EB8EE1A22AC2A200B9DBC2DCF27 shares=["735FE217:16.7%", "A353E45E:16.7%", "D315857C:16.7%", "911999B2:16.7%", "633D9D61:16.7%", "65A90023:16.7%"] t=1791391083241
EPOCH_LOCKS epoch=0 continued=0 kinds={"locks=1 kind=Some(Recovery) nc_here=true saved=true": 7} t=1791391083241
EPOCH_OMITTED epoch=0 instances=32 retained=7 t=1791391083241
EPOCH_GATE epoch=1 released=208 finalized=0 t=1791391083242
EPOCH_CLOSED epoch=0 round=0 value=52B4171F87E78D1A75A9D0A2BA3250B435E0D7A23D7671BB1FF913BD5D02379B state=6C3C29AE155F34BB3EC382A20297DF66AF15E781D5582CC47CB8EC1DE35FFEB5 t=1791391083242
EPOCH_INSTALLED epoch=0 finalized=15875 cemented=15875 queued=0 missing=0 t=1791391083248
EPOCH_RETAINED epoch=0 retained=160 held=160 missing=0 t=1791391083248
EPOCH_COMMITTEE derived_by=0 members=6 accounts=7237 n=6 digest=95D409445152DD075E6A4799205DFA5689496EB8EE1A22AC2A200B9DBC2DCF27 shares=["735FE217:16.7%", "A353E45E:16.7%", "D315857C:16.7%", "911999B2:16.7%", "633D9D61:16.7%", "65A90023:16.7%"] t=1791391083255
EPOCH_LOCKS epoch=0 continued=0 kinds={"locks=1 kind=Some(Recovery) nc_here=true saved=true": 7} t=1791391083255
EPOCH_OMITTED epoch=0 instances=32 retained=7 t=1791391083255
EPOCH_GATE epoch=1 released=208 finalized=0 t=1791391083255
EPOCH_CLOSED epoch=0 round=0 value=52B4171F87E78D1A75A9D0A2BA3250B435E0D7A23D7671BB1FF913BD5D02379B state=6C3C29AE155F34BB3EC382A20297DF66AF15E781D5582CC47CB8EC1DE35FFEB5 t=1791391083255
EPOCH_INSTALLED epoch=0 finalized=15875 cemented=15875 queued=0 missing=0 t=1791391083271
EPOCH_RETAINED epoch=0 retained=160 held=160 missing=0 t=1791391083272
2026-10-07T16:38:04.193786Z  INFO nanospam::app: Confirmed 20,145 blocks | 2,000 bps | 2,559 cps | avg conf time: 208 ms
2026-10-07T16:38:05.194915Z  INFO nanospam::app: Confirmed 22,057 blocks | 2,000 bps | 1,909 cps | avg conf time: 94 ms
2026-10-07T16:38:06.195737Z  INFO nanospam::app: Confirmed 23,965 blocks | 2,000 bps | 1,906 cps | avg conf time: 94 ms
2026-10-07T16:38:07.196784Z  INFO nanospam::app: Confirmed 25,945 blocks | 2,000 bps | 1,977 cps | avg conf time: 92 ms
2026-10-07T16:38:08.197833Z  INFO nanospam::app: Confirmed 27,925 blocks | 2,000 bps | 1,977 cps | avg conf time: 94 ms
2026-10-07T16:38:09.198835Z  INFO nanospam::app: Confirmed 29,818 blocks | 2,000 bps | 1,891 cps | avg conf time: 95 ms
EPOCH_ENDED epoch=1 elections=202 active=181 t=1791391089979
EPOCH_ENDED epoch=1 elections=202 active=181 t=1791391089979
EPOCH_ENDED epoch=1 elections=202 active=181 t=1791391089979
EPOCH_ENDED epoch=1 elections=202 active=181 t=1791391089979
EPOCH_ENDED epoch=1 elections=203 active=182 t=1791391089979
EPOCH_ENDED epoch=1 elections=202 active=181 t=1791391089980
EPOCH_CARRIED epoch=1 instances=49 t=1791391090025
EPOCH_ADVANCED epoch=2 elections=251 active=230 vote_records=372683 t=1791391090025
EPOCH_CARRIED epoch=1 instances=30 t=1791391090026
EPOCH_ADVANCED epoch=2 elections=232 active=211 vote_records=372683 t=1791391090026
EPOCH_CARRIED epoch=1 instances=31 t=1791391090028
EPOCH_ADVANCED epoch=2 elections=233 active=212 vote_records=372682 t=1791391090028
EPOCH_CARRIED epoch=1 instances=19 t=1791391090029
EPOCH_ADVANCED epoch=2 elections=222 active=201 vote_records=372683 t=1791391090029
EPOCH_CARRIED epoch=1 instances=18 t=1791391090034
EPOCH_ADVANCED epoch=2 elections=220 active=199 vote_records=372681 t=1791391090034
EPOCH_CLOSE_UNREADY epoch=1 short_of=reports usable=0 weight=0 required=5 held=0 theirs=[] t=1791391090041
EPOCH_CARRIED epoch=1 instances=48 t=1791391090043
EPOCH_ADVANCED epoch=2 elections=250 active=229 vote_records=372682 t=1791391090043
EPOCH_REPORT epoch=1 certified=31418 residual=177 root=FEFA50E36D903C1F6DD4FAB2942327F4CA97DC61EB8CE771DED741B1371D584C reports=1 t=1791391090079
EPOCH_REPORT epoch=1 certified=31418 residual=164 root=FEFA50E36D903C1F6DD4FAB2942327F4CA97DC61EB8CE771DED741B1371D584C reports=1 t=1791391090079
EPOCH_REPORT epoch=1 certified=31418 residual=165 root=FEFA50E36D903C1F6DD4FAB2942327F4CA97DC61EB8CE771DED741B1371D584C reports=1 t=1791391090081
EPOCH_CLOSE_UNREADY epoch=1 short_of=reports usable=1 weight=1 required=5 held=1 theirs=["D315857C:FEFA50E3:6F059D08"] t=1791391090085
EPOCH_REPORT epoch=1 certified=31418 residual=146 root=FEFA50E36D903C1F6DD4FAB2942327F4CA97DC61EB8CE771DED741B1371D584C reports=1 t=1791391090091
EPOCH_REPORT epoch=1 certified=31418 residual=147 root=FEFA50E36D903C1F6DD4FAB2942327F4CA97DC61EB8CE771DED741B1371D584C reports=1 t=1791391090092
EPOCH_REPORT epoch=1 certified=31418 residual=177 root=FEFA50E36D903C1F6DD4FAB2942327F4CA97DC61EB8CE771DED741B1371D584C reports=1 t=1791391090095
2026-10-07T16:38:10.199880Z  INFO nanospam::app: Confirmed 31,637 blocks | 2,000 bps | 1,817 cps | avg conf time: 104 ms
EPOCH_RECONCILED epoch=1 reporter=A353E45E6D0016CAEED0DFA4EC5B0640E2AA22A793F9F2375E77F1AB92977C04 complete=false entries=0 total=31418 symbols=0 dropped=false t=1791391090235
EPOCH_RECONCILED epoch=1 reporter=A353E45E6D0016CAEED0DFA4EC5B0640E2AA22A793F9F2375E77F1AB92977C04 complete=true entries=165 total=165 symbols=0 dropped=false t=1791391090249
EPOCH_RECONCILED epoch=1 reporter=911999B2AEFA7ACC66EBD802B3301FF6CE431405107749D940277955CB7FDD07 complete=false entries=0 total=31418 symbols=0 dropped=false t=1791391090250
EPOCH_RECONCILED epoch=1 reporter=911999B2AEFA7ACC66EBD802B3301FF6CE431405107749D940277955CB7FDD07 complete=true entries=146 total=146 symbols=0 dropped=false t=1791391090274
EPOCH_RECONCILED epoch=1 reporter=D315857CE70C54DE713F6E82E5613BB3A1266C15E28AD2F4338C7BBEC456F532 complete=false entries=0 total=31418 symbols=0 dropped=false t=1791391090276
EPOCH_RECONCILED epoch=1 reporter=D315857CE70C54DE713F6E82E5613BB3A1266C15E28AD2F4338C7BBEC456F532 complete=false entries=0 total=31418 symbols=0 dropped=false t=1791391090291
EPOCH_RECONCILED epoch=1 reporter=D315857CE70C54DE713F6E82E5613BB3A1266C15E28AD2F4338C7BBEC456F532 complete=true entries=164 total=164 symbols=0 dropped=false t=1791391090292
EPOCH_RECONCILED epoch=1 reporter=65A90023F6C0D2181AAA63F005D81BBC0C04650505E21D5123F9AE1F9E992BFF complete=false entries=0 total=31418 symbols=0 dropped=false t=1791391090292
EPOCH_RECONCILED epoch=1 reporter=735FE217D91E88EA82324C5883296385FA0041C2FAC85C827BAA46DA1E14B83F complete=false entries=0 total=31418 symbols=0 dropped=false t=1791391090294
EPOCH_RECONCILED epoch=1 reporter=65A90023F6C0D2181AAA63F005D81BBC0C04650505E21D5123F9AE1F9E992BFF complete=true entries=177 total=177 symbols=0 dropped=false t=1791391090298
EPOCH_RECONCILED epoch=1 reporter=D315857CE70C54DE713F6E82E5613BB3A1266C15E28AD2F4338C7BBEC456F532 complete=false entries=0 total=31418 symbols=0 dropped=false t=1791391090300
EPOCH_RECONCILED epoch=1 reporter=D315857CE70C54DE713F6E82E5613BB3A1266C15E28AD2F4338C7BBEC456F532 complete=true entries=164 total=164 symbols=0 dropped=false t=1791391090304
EPOCH_RECONCILED epoch=1 reporter=A353E45E6D0016CAEED0DFA4EC5B0640E2AA22A793F9F2375E77F1AB92977C04 complete=false entries=0 total=31418 symbols=0 dropped=false t=1791391090306
EPOCH_RECONCILED epoch=1 reporter=735FE217D91E88EA82324C5883296385FA0041C2FAC85C827BAA46DA1E14B83F complete=true entries=177 total=177 symbols=0 dropped=false t=1791391090307
EPOCH_RECONCILED epoch=1 reporter=A353E45E6D0016CAEED0DFA4EC5B0640E2AA22A793F9F2375E77F1AB92977C04 complete=true entries=165 total=165 symbols=0 dropped=false t=1791391090313
EPOCH_RECONCILED epoch=1 reporter=911999B2AEFA7ACC66EBD802B3301FF6CE431405107749D940277955CB7FDD07 complete=false entries=0 total=31418 symbols=0 dropped=false t=1791391090315
EPOCH_RECONCILED epoch=1 reporter=911999B2AEFA7ACC66EBD802B3301FF6CE431405107749D940277955CB7FDD07 complete=true entries=146 total=146 symbols=0 dropped=false t=1791391090326
EPOCH_RECONCILED epoch=1 reporter=633D9D614858AB1710D5D8C3180E2A082DC97208BA8C26BA6C6D1A86C8E31CC0 complete=false entries=0 total=31418 symbols=0 dropped=false t=1791391090329
EPOCH_RECONCILED epoch=1 reporter=633D9D614858AB1710D5D8C3180E2A082DC97208BA8C26BA6C6D1A86C8E31CC0 complete=false entries=0 total=31418 symbols=0 dropped=false t=1791391090332
EPOCH_RECONCILED epoch=1 reporter=65A90023F6C0D2181AAA63F005D81BBC0C04650505E21D5123F9AE1F9E992BFF complete=false entries=0 total=31418 symbols=0 dropped=false t=1791391090361
EPOCH_RECONCILED epoch=1 reporter=D315857CE70C54DE713F6E82E5613BB3A1266C15E28AD2F4338C7BBEC456F532 complete=true entries=164 total=164 symbols=0 dropped=false t=1791391090364
EPOCH_RECONCILED epoch=1 reporter=A353E45E6D0016CAEED0DFA4EC5B0640E2AA22A793F9F2375E77F1AB92977C04 complete=false entries=0 total=31418 symbols=0 dropped=false t=1791391090367
EPOCH_RECONCILED epoch=1 reporter=633D9D614858AB1710D5D8C3180E2A082DC97208BA8C26BA6C6D1A86C8E31CC0 complete=true entries=147 total=147 symbols=0 dropped=false t=1791391090387
EPOCH_RECONCILED epoch=1 reporter=A353E45E6D0016CAEED0DFA4EC5B0640E2AA22A793F9F2375E77F1AB92977C04 complete=false entries=0 total=31418 symbols=0 dropped=false t=1791391090392
EPOCH_RECONCILED epoch=1 reporter=A353E45E6D0016CAEED0DFA4EC5B0640E2AA22A793F9F2375E77F1AB92977C04 complete=true entries=165 total=165 symbols=0 dropped=false t=1791391090395
EPOCH_RECONCILED epoch=1 reporter=633D9D614858AB1710D5D8C3180E2A082DC97208BA8C26BA6C6D1A86C8E31CC0 complete=false entries=0 total=31418 symbols=0 dropped=false t=1791391090401
EPOCH_RECONCILED epoch=1 reporter=735FE217D91E88EA82324C5883296385FA0041C2FAC85C827BAA46DA1E14B83F complete=false entries=0 total=31418 symbols=0 dropped=false t=1791391090402
EPOCH_RECONCILED epoch=1 reporter=A353E45E6D0016CAEED0DFA4EC5B0640E2AA22A793F9F2375E77F1AB92977C04 complete=true entries=165 total=165 symbols=0 dropped=false t=1791391090409
EPOCH_RECONCILED epoch=1 reporter=65A90023F6C0D2181AAA63F005D81BBC0C04650505E21D5123F9AE1F9E992BFF complete=true entries=177 total=177 symbols=0 dropped=false t=1791391090428
EPOCH_RECONCILED epoch=1 reporter=65A90023F6C0D2181AAA63F005D81BBC0C04650505E21D5123F9AE1F9E992BFF complete=false entries=0 total=31418 symbols=0 dropped=false t=1791391090429
EPOCH_RECONCILED epoch=1 reporter=735FE217D91E88EA82324C5883296385FA0041C2FAC85C827BAA46DA1E14B83F complete=true entries=177 total=177 symbols=0 dropped=false t=1791391090429
EPOCH_RECONCILED epoch=1 reporter=D315857CE70C54DE713F6E82E5613BB3A1266C15E28AD2F4338C7BBEC456F532 complete=false entries=0 total=31418 symbols=0 dropped=false t=1791391090449
EPOCH_RECONCILED epoch=1 reporter=633D9D614858AB1710D5D8C3180E2A082DC97208BA8C26BA6C6D1A86C8E31CC0 complete=true entries=147 total=147 symbols=0 dropped=false t=1791391090464
EPOCH_RECONCILED epoch=1 reporter=735FE217D91E88EA82324C5883296385FA0041C2FAC85C827BAA46DA1E14B83F complete=false entries=0 total=31418 symbols=0 dropped=false t=1791391090476
EPOCH_RECONCILED epoch=1 reporter=65A90023F6C0D2181AAA63F005D81BBC0C04650505E21D5123F9AE1F9E992BFF complete=true entries=177 total=177 symbols=0 dropped=false t=1791391090479
EPOCH_RECONCILED epoch=1 reporter=633D9D614858AB1710D5D8C3180E2A082DC97208BA8C26BA6C6D1A86C8E31CC0 complete=true entries=147 total=147 symbols=0 dropped=false t=1791391090480
EPOCH_RECONCILED epoch=1 reporter=911999B2AEFA7ACC66EBD802B3301FF6CE431405107749D940277955CB7FDD07 complete=false entries=0 total=31418 symbols=0 dropped=false t=1791391090484
EPOCH_RECONCILED epoch=1 reporter=65A90023F6C0D2181AAA63F005D81BBC0C04650505E21D5123F9AE1F9E992BFF complete=false entries=0 total=31418 symbols=0 dropped=false t=1791391090486
EPOCH_RECONCILED epoch=1 reporter=D315857CE70C54DE713F6E82E5613BB3A1266C15E28AD2F4338C7BBEC456F532 complete=true entries=164 total=164 symbols=0 dropped=false t=1791391090488
EPOCH_RECONCILED epoch=1 reporter=735FE217D91E88EA82324C5883296385FA0041C2FAC85C827BAA46DA1E14B83F complete=true entries=177 total=177 symbols=0 dropped=false t=1791391090490
EPOCH_RECONCILED epoch=1 reporter=633D9D614858AB1710D5D8C3180E2A082DC97208BA8C26BA6C6D1A86C8E31CC0 complete=false entries=0 total=31418 symbols=0 dropped=false t=1791391090491
EPOCH_RECONCILED epoch=1 reporter=65A90023F6C0D2181AAA63F005D81BBC0C04650505E21D5123F9AE1F9E992BFF complete=false entries=0 total=31418 symbols=0 dropped=false t=1791391090493
EPOCH_RECONCILED epoch=1 reporter=911999B2AEFA7ACC66EBD802B3301FF6CE431405107749D940277955CB7FDD07 complete=true entries=146 total=146 symbols=0 dropped=false t=1791391090498
EPOCH_RECONCILED epoch=1 reporter=633D9D614858AB1710D5D8C3180E2A082DC97208BA8C26BA6C6D1A86C8E31CC0 complete=true entries=147 total=147 symbols=0 dropped=false t=1791391090501
EPOCH_RECONCILED epoch=1 reporter=65A90023F6C0D2181AAA63F005D81BBC0C04650505E21D5123F9AE1F9E992BFF complete=true entries=177 total=177 symbols=0 dropped=false t=1791391090501
EPOCH_RECONCILED epoch=1 reporter=735FE217D91E88EA82324C5883296385FA0041C2FAC85C827BAA46DA1E14B83F complete=false entries=0 total=31418 symbols=0 dropped=false t=1791391090501
EPOCH_RECONCILED epoch=1 reporter=911999B2AEFA7ACC66EBD802B3301FF6CE431405107749D940277955CB7FDD07 complete=false entries=0 total=31418 symbols=0 dropped=false t=1791391090504
EPOCH_RECONCILED epoch=1 reporter=65A90023F6C0D2181AAA63F005D81BBC0C04650505E21D5123F9AE1F9E992BFF complete=true entries=177 total=177 symbols=0 dropped=false t=1791391090507
EPOCH_RECONCILED epoch=1 reporter=911999B2AEFA7ACC66EBD802B3301FF6CE431405107749D940277955CB7FDD07 complete=false entries=0 total=31418 symbols=0 dropped=false t=1791391090510
EPOCH_RECONCILED epoch=1 reporter=735FE217D91E88EA82324C5883296385FA0041C2FAC85C827BAA46DA1E14B83F complete=true entries=177 total=177 symbols=0 dropped=false t=1791391090510
EPOCH_RECONCILED epoch=1 reporter=911999B2AEFA7ACC66EBD802B3301FF6CE431405107749D940277955CB7FDD07 complete=true entries=146 total=146 symbols=0 dropped=false t=1791391090522
EPOCH_RECONCILED epoch=1 reporter=911999B2AEFA7ACC66EBD802B3301FF6CE431405107749D940277955CB7FDD07 complete=true entries=146 total=146 symbols=0 dropped=false t=1791391090522
EPOCH_RECONCILED epoch=1 reporter=633D9D614858AB1710D5D8C3180E2A082DC97208BA8C26BA6C6D1A86C8E31CC0 complete=false entries=0 total=31418 symbols=0 dropped=false t=1791391090526
EPOCH_RECONCILED epoch=1 reporter=A353E45E6D0016CAEED0DFA4EC5B0640E2AA22A793F9F2375E77F1AB92977C04 complete=false entries=0 total=31418 symbols=0 dropped=false t=1791391090527
EPOCH_RECONCILED epoch=1 reporter=A353E45E6D0016CAEED0DFA4EC5B0640E2AA22A793F9F2375E77F1AB92977C04 complete=true entries=165 total=165 symbols=0 dropped=false t=1791391090531
EPOCH_RECONCILED epoch=1 reporter=633D9D614858AB1710D5D8C3180E2A082DC97208BA8C26BA6C6D1A86C8E31CC0 complete=true entries=147 total=147 symbols=0 dropped=false t=1791391090547
EPOCH_RECONCILED epoch=1 reporter=D315857CE70C54DE713F6E82E5613BB3A1266C15E28AD2F4338C7BBEC456F532 complete=false entries=0 total=31418 symbols=0 dropped=false t=1791391090550
EPOCH_RECONCILED epoch=1 reporter=D315857CE70C54DE713F6E82E5613BB3A1266C15E28AD2F4338C7BBEC456F532 complete=true entries=164 total=164 symbols=0 dropped=false t=1791391090554
EPOCH_RECONCILED epoch=1 reporter=735FE217D91E88EA82324C5883296385FA0041C2FAC85C827BAA46DA1E14B83F complete=false entries=0 total=31418 symbols=0 dropped=false t=1791391090556
EPOCH_RECONCILED epoch=1 reporter=735FE217D91E88EA82324C5883296385FA0041C2FAC85C827BAA46DA1E14B83F complete=true entries=177 total=177 symbols=0 dropped=false t=1791391090579
EPOCH_CLOSE_READY epoch=1 t=1791391090751
EPOCH_CLOSE_ROUND epoch=1 round=0 leader=65A90023F6C0D2181AAA63F005D81BBC0C04650505E21D5123F9AE1F9E992BFF leads=false t=1791391090752
EPOCH_CLOSE_READY epoch=1 t=1791391090811
EPOCH_CLOSE_ROUND epoch=1 round=0 leader=65A90023F6C0D2181AAA63F005D81BBC0C04650505E21D5123F9AE1F9E992BFF leads=false t=1791391090812
EPOCH_CLOSE_READY epoch=1 t=1791391090852
EPOCH_CLOSE_READY epoch=1 t=1791391090877
EPOCH_CLOSE_ROUND epoch=1 round=0 leader=65A90023F6C0D2181AAA63F005D81BBC0C04650505E21D5123F9AE1F9E992BFF leads=false t=1791391090878
EPOCH_CLOSE_READY epoch=1 t=1791391090890
EPOCH_CLOSE_ROUND epoch=1 round=0 leader=65A90023F6C0D2181AAA63F005D81BBC0C04650505E21D5123F9AE1F9E992BFF leads=false t=1791391090891
EPOCH_CLOSE_READY epoch=1 t=1791391090954
EPOCH_CLOSE_ROUND epoch=1 round=0 leader=65A90023F6C0D2181AAA63F005D81BBC0C04650505E21D5123F9AE1F9E992BFF leads=false t=1791391090954
EPOCH_PROPOSED epoch=1 round=0 value=E1A25326539043FC7EB4945C0A1A67F23A5A24A0C178C11C823BBEA5980D2567 state=1CDB2C10CD5365325CDDD05DF1DF14FEC34C4F9E447895BA193056513ACF8D84 reports=5 t=1791391091125
EPOCH_VALUE epoch=1 value=E1A25326539043FC7EB4945C0A1A67F23A5A24A0C178C11C823BBEA5980D2567 state=1CDB2C10CD5365325CDDD05DF1DF14FEC34C4F9E447895BA193056513ACF8D84 t=1791391091126
EPOCH_CLOSE_ROUND epoch=1 round=0 leader=65A90023F6C0D2181AAA63F005D81BBC0C04650505E21D5123F9AE1F9E992BFF leads=true t=1791391091127
2026-10-07T16:38:11.201048Z  INFO nanospam::app: Confirmed 33,501 blocks | 2,000 bps | 1,861 cps | avg conf time: 138 ms
EPOCH_VALUE epoch=1 value=E1A25326539043FC7EB4945C0A1A67F23A5A24A0C178C11C823BBEA5980D2567 state=1CDB2C10CD5365325CDDD05DF1DF14FEC34C4F9E447895BA193056513ACF8D84 t=1791391091234
EPOCH_VALUE epoch=1 value=E1A25326539043FC7EB4945C0A1A67F23A5A24A0C178C11C823BBEA5980D2567 state=1CDB2C10CD5365325CDDD05DF1DF14FEC34C4F9E447895BA193056513ACF8D84 t=1791391091319
EPOCH_VALUE epoch=1 value=E1A25326539043FC7EB4945C0A1A67F23A5A24A0C178C11C823BBEA5980D2567 state=1CDB2C10CD5365325CDDD05DF1DF14FEC34C4F9E447895BA193056513ACF8D84 t=1791391091331
EPOCH_VALUE epoch=1 value=E1A25326539043FC7EB4945C0A1A67F23A5A24A0C178C11C823BBEA5980D2567 state=1CDB2C10CD5365325CDDD05DF1DF14FEC34C4F9E447895BA193056513ACF8D84 t=1791391091332
EPOCH_VALUE epoch=1 value=E1A25326539043FC7EB4945C0A1A67F23A5A24A0C178C11C823BBEA5980D2567 state=1CDB2C10CD5365325CDDD05DF1DF14FEC34C4F9E447895BA193056513ACF8D84 t=1791391091366
EPOCH_INSTALL epoch=1 finalized=15464 instances_confirmed=7 t=1791391091549
EPOCH_INSTALL epoch=1 finalized=15464 instances_confirmed=7 t=1791391091550
EPOCH_INSTALL epoch=1 finalized=15464 instances_confirmed=7 t=1791391091556
EPOCH_INSTALL epoch=1 finalized=15464 instances_confirmed=7 t=1791391091558
EPOCH_INSTALL epoch=1 finalized=15464 instances_confirmed=7 t=1791391091558
EPOCH_INSTALL epoch=1 finalized=15464 instances_confirmed=7 t=1791391091568
EPOCH_FRONTIER_MISSING epoch=1 accounts=39 : blocks this node does not hold t=1791391091816
EPOCH_FRONTIER_MISSING epoch=1 accounts=39 : blocks this node does not hold t=1791391091820
EPOCH_COMMITTEE derived_by=1 members=6 accounts=13160 n=6 digest=95D409445152DD075E6A4799205DFA5689496EB8EE1A22AC2A200B9DBC2DCF27 shares=["A353E45E:16.7%", "65A90023:16.7%", "D315857C:16.7%", "911999B2:16.7%", "633D9D61:16.7%", "735FE217:16.7%"] t=1791391091823
EPOCH_LOCKS epoch=1 continued=0 kinds={"locks=1 kind=Some(Recovery) nc_here=false saved=true": 1, "locks=1 kind=Some(Recovery) nc_here=true saved=true": 17} t=1791391091823
EPOCH_OMITTED epoch=1 instances=17 retained=18 t=1791391091823
EPOCH_GATE epoch=2 released=221 finalized=0 t=1791391091823
EPOCH_CLOSED epoch=1 round=0 value=E1A25326539043FC7EB4945C0A1A67F23A5A24A0C178C11C823BBEA5980D2567 state=1CDB2C10CD5365325CDDD05DF1DF14FEC34C4F9E447895BA193056513ACF8D84 t=1791391091823
EPOCH_COMMITTEE derived_by=1 members=6 accounts=13160 n=6 digest=95D409445152DD075E6A4799205DFA5689496EB8EE1A22AC2A200B9DBC2DCF27 shares=["A353E45E:16.7%", "65A90023:16.7%", "D315857C:16.7%", "911999B2:16.7%", "633D9D61:16.7%", "735FE217:16.7%"] t=1791391091826
EPOCH_LOCKS epoch=1 continued=0 kinds={"locks=1 kind=Some(Recovery) nc_here=false saved=true": 1, "locks=1 kind=Some(Recovery) nc_here=true saved=true": 17} t=1791391091827
EPOCH_OMITTED epoch=1 instances=17 retained=18 t=1791391091827
EPOCH_GATE epoch=2 released=222 finalized=0 t=1791391091827
EPOCH_CLOSED epoch=1 round=0 value=E1A25326539043FC7EB4945C0A1A67F23A5A24A0C178C11C823BBEA5980D2567 state=1CDB2C10CD5365325CDDD05DF1DF14FEC34C4F9E447895BA193056513ACF8D84 t=1791391091827
EPOCH_FRONTIER_MISSING epoch=1 accounts=39 : blocks this node does not hold t=1791391091835
EPOCH_FRONTIER_MISSING epoch=1 accounts=39 : blocks this node does not hold t=1791391091843
EPOCH_COMMITTEE derived_by=1 members=6 accounts=13160 n=6 digest=95D409445152DD075E6A4799205DFA5689496EB8EE1A22AC2A200B9DBC2DCF27 shares=["A353E45E:16.7%", "65A90023:16.7%", "D315857C:16.7%", "911999B2:16.7%", "633D9D61:16.7%", "735FE217:16.7%"] t=1791391091850
EPOCH_LOCKS epoch=1 continued=0 kinds={"locks=1 kind=Some(Recovery) nc_here=false saved=true": 1, "locks=1 kind=Some(Recovery) nc_here=true saved=true": 17} t=1791391091850
EPOCH_OMITTED epoch=1 instances=17 retained=18 t=1791391091850
EPOCH_FRONTIER_MISSING epoch=1 accounts=39 : blocks this node does not hold t=1791391091850
EPOCH_GATE epoch=2 released=211 finalized=0 t=1791391091851
EPOCH_CLOSED epoch=1 round=0 value=E1A25326539043FC7EB4945C0A1A67F23A5A24A0C178C11C823BBEA5980D2567 state=1CDB2C10CD5365325CDDD05DF1DF14FEC34C4F9E447895BA193056513ACF8D84 t=1791391091851
EPOCH_COMMITTEE derived_by=1 members=6 accounts=13160 n=6 digest=95D409445152DD075E6A4799205DFA5689496EB8EE1A22AC2A200B9DBC2DCF27 shares=["A353E45E:16.7%", "65A90023:16.7%", "D315857C:16.7%", "911999B2:16.7%", "633D9D61:16.7%", "735FE217:16.7%"] t=1791391091857
EPOCH_LOCKS epoch=1 continued=0 kinds={"locks=1 kind=Some(Recovery) nc_here=false saved=true": 1, "locks=1 kind=Some(Recovery) nc_here=true saved=true": 17} t=1791391091857
EPOCH_OMITTED epoch=1 instances=17 retained=18 t=1791391091857
EPOCH_GATE epoch=2 released=228 finalized=0 t=1791391091857
EPOCH_CLOSED epoch=1 round=0 value=E1A25326539043FC7EB4945C0A1A67F23A5A24A0C178C11C823BBEA5980D2567 state=1CDB2C10CD5365325CDDD05DF1DF14FEC34C4F9E447895BA193056513ACF8D84 t=1791391091857
EPOCH_INSTALLED epoch=1 finalized=15464 cemented=15464 queued=0 missing=0 t=1791391091864
EPOCH_RETAINED epoch=1 retained=179 held=179 missing=0 t=1791391091864
EPOCH_INSTALLED epoch=1 finalized=15464 cemented=15464 queued=0 missing=0 t=1791391091899
EPOCH_RETAINED epoch=1 retained=179 held=179 missing=0 t=1791391091899
EPOCH_INSTALLED epoch=1 finalized=15464 cemented=15464 queued=0 missing=0 t=1791391091963
EPOCH_RETAINED epoch=1 retained=179 held=179 missing=0 t=1791391091964
EPOCH_COMMITTEE derived_by=1 members=6 accounts=13160 n=6 digest=95D409445152DD075E6A4799205DFA5689496EB8EE1A22AC2A200B9DBC2DCF27 shares=["A353E45E:16.7%", "65A90023:16.7%", "D315857C:16.7%", "911999B2:16.7%", "633D9D61:16.7%", "735FE217:16.7%"] t=1791391091969
EPOCH_LOCKS epoch=1 continued=0 kinds={"locks=1 kind=Some(Recovery) nc_here=false saved=true": 1, "locks=1 kind=Some(Recovery) nc_here=true saved=true": 17} t=1791391091970
EPOCH_OMITTED epoch=1 instances=17 retained=18 t=1791391091970
EPOCH_GATE epoch=2 released=211 finalized=0 t=1791391091973
EPOCH_CLOSED epoch=1 round=0 value=E1A25326539043FC7EB4945C0A1A67F23A5A24A0C178C11C823BBEA5980D2567 state=1CDB2C10CD5365325CDDD05DF1DF14FEC34C4F9E447895BA193056513ACF8D84 t=1791391091973
EPOCH_INSTALLED epoch=1 finalized=15464 cemented=15464 queued=0 missing=0 t=1791391091975
EPOCH_RETAINED epoch=1 retained=179 held=179 missing=0 t=1791391091975
EPOCH_INSTALLED epoch=1 finalized=15464 cemented=15464 queued=0 missing=0 t=1791391092177
EPOCH_RETAINED epoch=1 retained=179 held=179 missing=0 t=1791391092189
2026-10-07T16:38:12.201634Z  INFO nanospam::app: Confirmed 34,136 blocks | 2,000 bps | 634 cps | avg conf time: 159 ms
EPOCH_FRONTIER_MISSING epoch=1 accounts=39 : blocks this node does not hold t=1791391092247
EPOCH_COMMITTEE derived_by=1 members=6 accounts=13160 n=6 digest=95D409445152DD075E6A4799205DFA5689496EB8EE1A22AC2A200B9DBC2DCF27 shares=["A353E45E:16.7%", "65A90023:16.7%", "D315857C:16.7%", "911999B2:16.7%", "633D9D61:16.7%", "735FE217:16.7%"] t=1791391092255
EPOCH_LOCKS epoch=1 continued=0 kinds={"locks=1 kind=Some(Recovery) nc_here=false saved=true": 1, "locks=1 kind=Some(Recovery) nc_here=true saved=true": 17} t=1791391092255
EPOCH_OMITTED epoch=1 instances=17 retained=18 t=1791391092255
EPOCH_GATE epoch=2 released=213 finalized=0 t=1791391092255
EPOCH_CLOSED epoch=1 round=0 value=E1A25326539043FC7EB4945C0A1A67F23A5A24A0C178C11C823BBEA5980D2567 state=1CDB2C10CD5365325CDDD05DF1DF14FEC34C4F9E447895BA193056513ACF8D84 t=1791391092255
EPOCH_INSTALLED epoch=1 finalized=15464 cemented=15464 queued=0 missing=0 t=1791391092298
EPOCH_RETAINED epoch=1 retained=179 held=179 missing=0 t=1791391092299
2026-10-07T16:38:13.202479Z  INFO nanospam::app: Confirmed 37,441 blocks | 2,000 bps | 3,302 cps | avg conf time: 386 ms
2026-10-07T16:38:14.203532Z  INFO nanospam::app: Confirmed 39,416 blocks | 2,000 bps | 1,972 cps | avg conf time: 90 ms
2026-10-07T16:38:15.204484Z  INFO nanospam::app: Confirmed 41,386 blocks | 2,000 bps | 1,968 cps | avg conf time: 93 ms
2026-10-07T16:38:16.205451Z  INFO nanospam::app: Confirmed 43,246 blocks | 2,000 bps | 1,858 cps | avg conf time: 93 ms
2026-10-07T16:38:17.052511Z  INFO nanospam::app: Confirming 45000 blocks took 22.87s
2026-10-07T16:38:17.052543Z  INFO nanospam::app: Confirmation rate: 1967 cps
2026-10-07T16:38:17.052548Z  INFO nanospam::app: Average conf time: 128 ms
2026-10-07T16:38:17.052553Z  INFO nanospam::app: Non-fork confirmation rate: 1967 cps (45000 of 45000 non-fork blocks, 0 of 0 forks)
2026-10-07T16:38:17.052689Z  INFO nanospam::app: RAI_BENCH_METRICS {"created":45000,"confirmed":45000,"duration_secs":22.869622458,"confirmation_unit":"primary publication or its confirmed fork alternative","alternative_confirmed":0,"confirmation_histogram_ms":{"36":2,"37":2,"38":2,"39":3,"40":3,"41":1,"42":1,"43":4,"44":5,"45":11,"46":8,"47":12,"48":27,"49":22,"50":33,"51":31,"52":38,"53":35,"54":49,"55":44,"56":55,"57":79,"58":84,"59":96,"60":87,"61":126,"62":119,"63":155,"64":153,"65":190,"66":195,"67":231,"68":289,"69":292,"70":301,"71":335,"72":340,"73":401,"74":450,"75":462,"76":512,"77":536,"78":585,"79":567,"80":627,"81":686,"82":725,"83":760,"84":708,"85":756,"86":781,"87":827,"88":788,"89":861,"90":867,"91":893,"92":906,"93":938,"94":870,"95":869,"96":895,"97":865,"98":947,"99":893,"100":895,"101":919,"102":880,"103":947,"104":873,"105":824,"106":800,"107":812,"108":785,"109":721,"110":700,"111":680,"112":603,"113":543,"114":487,"115":448,"116":397,"117":346,"118":305,"119":278,"120":292,"121":246,"122":219,"123":232,"124":188,"125":164,"126":150,"127":156,"128":154,"129":106,"130":112,"131":127,"132":121,"133":103,"134":92,"135":101,"136":89,"137":64,"138":62,"139":51,"140":68,"141":71,"142":69,"143":71,"144":72,"145":47,"146":42,"147":49,"148":41,"149":49,"150":41,"151":31,"152":41,"153":57,"154":48,"155":55,"156":54,"157":68,"158":68,"159":65,"160":72,"161":64,"162":45,"163":49,"164":38,"165":38,"166":35,"167":44,"168":45,"169":50,"170":40,"171":38,"172":45,"173":35,"174":28,"175":30,"176":30,"177":38,"178":41,"179":44,"180":45,"181":48,"182":38,"183":35,"184":43,"185":46,"186":52,"187":35,"188":18,"189":33,"190":48,"191":60,"192":40,"193":40,"194":43,"195":42,"196":30,"197":18,"198":24,"199":18,"200":23,"201":19,"202":11,"203":14,"204":16,"205":10,"206":14,"207":11,"208":6,"209":16,"210":17,"211":18,"212":10,"213":9,"214":6,"215":5,"216":10,"217":6,"218":6,"219":8,"220":7,"221":9,"222":8,"223":6,"224":8,"225":3,"226":5,"227":3,"228":5,"229":2,"230":5,"231":5,"232":7,"233":6,"234":7,"235":6,"236":9,"237":6,"238":2,"239":2,"240":3,"241":3,"242":5,"243":1,"244":2,"245":3,"246":4,"247":4,"248":4,"249":2,"250":7,"251":3,"252":5,"253":5,"254":3,"255":3,"256":1,"257":5,"258":3,"259":1,"260":2,"261":6,"262":4,"263":5,"264":4,"265":1,"266":3,"267":3,"268":3,"269":2,"270":8,"271":10,"272":4,"273":12,"274":8,"275":4,"276":5,"277":8,"278":6,"279":8,"280":12,"281":5,"282":4,"283":6,"284":8,"285":4,"286":6,"287":10,"288":18,"289":19,"290":9,"291":11,"292":10,"293":7,"294":10,"295":4,"296":1,"297":5,"298":4,"299":5,"300":3,"301":2,"302":4,"303":1,"304":4,"305":2,"306":4,"307":5,"308":3,"309":4,"310":4,"311":2,"312":3,"313":4,"314":1,"315":3,"316":2,"317":3,"318":3,"319":3,"320":3,"321":2,"322":2,"323":1,"324":1,"325":2,"326":4,"327":5,"328":2,"329":6,"330":1,"331":3,"332":3,"333":3,"334":2,"335":4,"336":4,"337":2,"338":5,"339":3,"340":1,"341":3,"342":2,"343":4,"344":2,"345":1,"346":4,"347":2,"348":3,"349":3,"350":5,"351":2,"352":4,"353":4,"354":5,"355":3,"356":4,"357":5,"358":5,"359":5,"360":5,"361":5,"362":4,"363":5,"364":6,"365":6,"366":4,"367":2,"368":2,"369":7,"370":4,"371":5,"372":2,"373":1,"374":1,"375":4,"376":1,"377":1,"378":3,"379":4,"380":2,"381":4,"382":2,"383":2,"384":2,"385":5,"386":2,"387":4,"388":4,"389":4,"390":2,"391":2,"392":3,"393":3,"394":3,"395":3,"396":3,"397":2,"398":2,"399":2,"400":2,"401":2,"402":3,"403":1,"404":2,"405":2,"406":3,"407":4,"408":3,"409":1,"410":2,"411":1,"412":3,"413":2,"414":4,"416":1,"417":1,"418":1,"419":2,"420":2,"421":2,"422":2,"423":2,"424":2,"426":1,"427":3,"428":2,"429":3,"430":2,"432":2,"433":2,"434":3,"435":1,"436":3,"437":2,"438":1,"439":2,"440":4,"441":1,"442":2,"443":2,"444":2,"445":2,"446":2,"447":2,"449":4,"451":2,"452":1,"453":1,"454":3,"455":1,"456":3,"457":1,"458":1,"459":3,"460":4,"461":1,"462":6,"465":1,"466":1,"467":5,"468":1,"469":1,"470":8,"471":4,"473":1,"474":3,"475":2,"476":2,"477":3,"478":2,"479":3,"480":5,"481":7,"482":4,"483":6,"484":2,"485":3,"486":6,"487":5,"488":8,"489":4,"490":2,"494":1,"498":1,"500":1,"501":3,"502":4,"503":4,"504":6,"505":5,"506":4,"507":7,"508":14,"509":9,"510":4,"511":6,"512":7,"513":8,"514":10,"515":10,"516":14,"517":5,"518":11,"519":8,"520":3,"521":7,"522":8,"523":8,"524":7,"525":6,"526":8,"527":3,"528":7,"529":5,"530":6,"531":7,"532":8,"533":9,"534":4,"535":5,"536":6,"537":7,"538":8,"539":2,"540":6,"541":9,"542":3,"543":10,"544":8,"545":4,"546":11,"547":10,"548":2,"549":4,"550":3,"551":2,"552":4,"553":3,"554":2,"555":3,"556":6,"557":8,"558":5,"559":5,"560":2,"561":2,"562":3,"563":4,"564":7,"565":6,"566":3,"567":5,"568":1,"569":7,"570":2,"571":4,"572":2,"573":5,"574":4,"575":3,"576":2,"577":1,"578":3,"579":4,"580":3,"581":2,"583":2,"584":1,"585":3,"587":2,"588":3,"589":4,"591":2,"592":4,"593":1,"595":2,"596":4,"597":4,"598":8,"599":4,"600":3,"601":1,"602":3,"603":2,"604":3,"606":4,"608":4,"609":2,"610":1,"611":1,"612":2,"613":2,"614":1,"615":1,"616":5,"617":3,"618":8,"619":5,"620":2,"621":9,"622":4,"623":1,"624":1,"625":2,"626":5,"627":5,"628":2,"629":5,"630":3,"631":15,"632":8,"633":8,"634":5,"635":9,"636":5,"637":6,"638":1,"639":5,"640":4,"641":3,"642":2,"644":3,"646":1,"649":1,"651":1,"652":1,"653":1,"656":1,"657":1,"660":1,"664":1,"666":1,"676":2,"679":1,"682":2,"685":1,"686":2,"687":2,"688":1,"689":3,"692":1,"693":3,"695":2,"696":2,"698":1,"699":2,"700":1,"701":1,"702":2,"703":1,"704":4,"705":6,"706":2,"707":3,"708":1,"709":3,"710":2,"711":1,"712":1,"713":2,"714":1,"715":2,"716":2,"717":2,"718":3,"719":2,"720":2,"721":4,"722":1,"723":2,"724":3,"725":2,"726":1,"727":1,"729":1,"730":1,"731":1,"740":1,"743":1,"744":2,"745":1,"747":1,"748":2,"749":2,"750":2,"751":3,"752":1,"754":1,"755":2,"756":1,"757":1,"758":2,"759":2,"760":3,"761":2,"762":4,"764":2,"765":1,"766":2,"767":1,"768":2,"769":4,"771":3,"772":1,"774":4,"775":1,"776":2,"777":2,"778":2,"779":2,"780":2,"781":3,"782":2,"783":1,"784":2,"785":2,"786":1,"787":2,"788":5,"789":1,"790":2,"791":2,"792":1,"793":3,"794":1,"795":2,"796":2,"797":7,"798":2,"799":1,"800":1,"801":4,"802":3,"804":3,"805":4,"806":2,"807":1,"808":2,"809":4,"810":7,"811":3,"812":2,"813":6,"814":2,"815":3,"816":6,"817":7,"818":5,"819":10,"820":6,"821":5,"822":4,"823":4,"825":6,"826":4,"827":4,"828":4,"829":4,"830":4,"831":3,"832":2,"833":3,"834":4,"835":4,"836":5,"837":2,"838":1,"839":4,"840":1,"841":4,"842":5,"843":2,"845":4,"846":3,"847":1,"848":2,"849":2,"850":1,"851":2,"852":3,"853":3,"854":2,"855":4,"856":3,"857":3,"858":1,"859":1,"860":3,"861":4,"862":2,"863":1,"864":3,"865":4,"866":6,"867":3,"868":5,"869":6,"870":3,"871":2,"872":2,"873":6,"874":2,"875":5,"876":5,"877":2,"878":4,"879":3,"880":5,"881":3,"882":4,"883":4,"884":6,"885":3,"886":3,"887":5,"888":1,"889":7,"890":1,"891":5,"892":3,"893":7,"894":1,"895":1,"896":4,"897":12,"898":1,"899":1,"901":3,"902":4,"903":6,"904":5,"905":8,"906":6,"907":7,"908":8,"909":2,"910":2,"911":7,"912":7,"913":3,"914":4,"915":13,"916":13,"917":16,"918":9,"919":5,"920":4,"921":3,"922":2,"923":5,"924":7,"925":10,"926":11,"927":10,"928":5,"929":3,"930":5,"931":1,"932":3,"933":2,"934":3,"935":2,"936":13,"937":10,"938":8,"939":5,"940":6,"941":3,"942":2,"944":1,"945":1,"946":4,"947":1,"948":1,"949":2,"950":2,"951":4,"952":3,"953":2,"955":1,"956":2,"957":3,"958":4,"959":2,"964":3,"967":1,"968":3,"969":1,"970":1,"977":2,"978":2,"979":4,"980":4,"981":5,"982":6,"983":5,"984":2,"992":1,"994":1,"997":2,"998":2,"999":1,"1000":1,"1014":1,"1015":2,"1016":3,"1017":1,"1018":1,"1020":3,"1021":3,"1022":1,"1024":4,"1025":2,"1027":2,"1028":2,"1029":3,"1031":1,"1034":1,"1035":1,"1036":1,"1037":5,"1038":1,"1039":1,"1040":1,"1200":1,"1205":1,"1391":1},"nonfork_created":45000,"nonfork_confirmed":45000,"nonfork_histogram_ms":{"36":2,"37":2,"38":2,"39":3,"40":3,"41":1,"42":1,"43":4,"44":5,"45":11,"46":8,"47":12,"48":27,"49":22,"50":33,"51":31,"52":38,"53":35,"54":49,"55":44,"56":55,"57":79,"58":84,"59":96,"60":87,"61":126,"62":119,"63":155,"64":153,"65":190,"66":195,"67":231,"68":289,"69":292,"70":301,"71":335,"72":340,"73":401,"74":450,"75":462,"76":512,"77":536,"78":585,"79":567,"80":627,"81":686,"82":725,"83":760,"84":708,"85":756,"86":781,"87":827,"88":788,"89":861,"90":867,"91":893,"92":906,"93":938,"94":870,"95":869,"96":895,"97":865,"98":947,"99":893,"100":895,"101":919,"102":880,"103":947,"104":873,"105":824,"106":800,"107":812,"108":785,"109":721,"110":700,"111":680,"112":603,"113":543,"114":487,"115":448,"116":397,"117":346,"118":305,"119":278,"120":292,"121":246,"122":219,"123":232,"124":188,"125":164,"126":150,"127":156,"128":154,"129":106,"130":112,"131":127,"132":121,"133":103,"134":92,"135":101,"136":89,"137":64,"138":62,"139":51,"140":68,"141":71,"142":69,"143":71,"144":72,"145":47,"146":42,"147":49,"148":41,"149":49,"150":41,"151":31,"152":41,"153":57,"154":48,"155":55,"156":54,"157":68,"158":68,"159":65,"160":72,"161":64,"162":45,"163":49,"164":38,"165":38,"166":35,"167":44,"168":45,"169":50,"170":40,"171":38,"172":45,"173":35,"174":28,"175":30,"176":30,"177":38,"178":41,"179":44,"180":45,"181":48,"182":38,"183":35,"184":43,"185":46,"186":52,"187":35,"188":18,"189":33,"190":48,"191":60,"192":40,"193":40,"194":43,"195":42,"196":30,"197":18,"198":24,"199":18,"200":23,"201":19,"202":11,"203":14,"204":16,"205":10,"206":14,"207":11,"208":6,"209":16,"210":17,"211":18,"212":10,"213":9,"214":6,"215":5,"216":10,"217":6,"218":6,"219":8,"220":7,"221":9,"222":8,"223":6,"224":8,"225":3,"226":5,"227":3,"228":5,"229":2,"230":5,"231":5,"232":7,"233":6,"234":7,"235":6,"236":9,"237":6,"238":2,"239":2,"240":3,"241":3,"242":5,"243":1,"244":2,"245":3,"246":4,"247":4,"248":4,"249":2,"250":7,"251":3,"252":5,"253":5,"254":3,"255":3,"256":1,"257":5,"258":3,"259":1,"260":2,"261":6,"262":4,"263":5,"264":4,"265":1,"266":3,"267":3,"268":3,"269":2,"270":8,"271":10,"272":4,"273":12,"274":8,"275":4,"276":5,"277":8,"278":6,"279":8,"280":12,"281":5,"282":4,"283":6,"284":8,"285":4,"286":6,"287":10,"288":18,"289":19,"290":9,"291":11,"292":10,"293":7,"294":10,"295":4,"296":1,"297":5,"298":4,"299":5,"300":3,"301":2,"302":4,"303":1,"304":4,"305":2,"306":4,"307":5,"308":3,"309":4,"310":4,"311":2,"312":3,"313":4,"314":1,"315":3,"316":2,"317":3,"318":3,"319":3,"320":3,"321":2,"322":2,"323":1,"324":1,"325":2,"326":4,"327":5,"328":2,"329":6,"330":1,"331":3,"332":3,"333":3,"334":2,"335":4,"336":4,"337":2,"338":5,"339":3,"340":1,"341":3,"342":2,"343":4,"344":2,"345":1,"346":4,"347":2,"348":3,"349":3,"350":5,"351":2,"352":4,"353":4,"354":5,"355":3,"356":4,"357":5,"358":5,"359":5,"360":5,"361":5,"362":4,"363":5,"364":6,"365":6,"366":4,"367":2,"368":2,"369":7,"370":4,"371":5,"372":2,"373":1,"374":1,"375":4,"376":1,"377":1,"378":3,"379":4,"380":2,"381":4,"382":2,"383":2,"384":2,"385":5,"386":2,"387":4,"388":4,"389":4,"390":2,"391":2,"392":3,"393":3,"394":3,"395":3,"396":3,"397":2,"398":2,"399":2,"400":2,"401":2,"402":3,"403":1,"404":2,"405":2,"406":3,"407":4,"408":3,"409":1,"410":2,"411":1,"412":3,"413":2,"414":4,"416":1,"417":1,"418":1,"419":2,"420":2,"421":2,"422":2,"423":2,"424":2,"426":1,"427":3,"428":2,"429":3,"430":2,"432":2,"433":2,"434":3,"435":1,"436":3,"437":2,"438":1,"439":2,"440":4,"441":1,"442":2,"443":2,"444":2,"445":2,"446":2,"447":2,"449":4,"451":2,"452":1,"453":1,"454":3,"455":1,"456":3,"457":1,"458":1,"459":3,"460":4,"461":1,"462":6,"465":1,"466":1,"467":5,"468":1,"469":1,"470":8,"471":4,"473":1,"474":3,"475":2,"476":2,"477":3,"478":2,"479":3,"480":5,"481":7,"482":4,"483":6,"484":2,"485":3,"486":6,"487":5,"488":8,"489":4,"490":2,"494":1,"498":1,"500":1,"501":3,"502":4,"503":4,"504":6,"505":5,"506":4,"507":7,"508":14,"509":9,"510":4,"511":6,"512":7,"513":8,"514":10,"515":10,"516":14,"517":5,"518":11,"519":8,"520":3,"521":7,"522":8,"523":8,"524":7,"525":6,"526":8,"527":3,"528":7,"529":5,"530":6,"531":7,"532":8,"533":9,"534":4,"535":5,"536":6,"537":7,"538":8,"539":2,"540":6,"541":9,"542":3,"543":10,"544":8,"545":4,"546":11,"547":10,"548":2,"549":4,"550":3,"551":2,"552":4,"553":3,"554":2,"555":3,"556":6,"557":8,"558":5,"559":5,"560":2,"561":2,"562":3,"563":4,"564":7,"565":6,"566":3,"567":5,"568":1,"569":7,"570":2,"571":4,"572":2,"573":5,"574":4,"575":3,"576":2,"577":1,"578":3,"579":4,"580":3,"581":2,"583":2,"584":1,"585":3,"587":2,"588":3,"589":4,"591":2,"592":4,"593":1,"595":2,"596":4,"597":4,"598":8,"599":4,"600":3,"601":1,"602":3,"603":2,"604":3,"606":4,"608":4,"609":2,"610":1,"611":1,"612":2,"613":2,"614":1,"615":1,"616":5,"617":3,"618":8,"619":5,"620":2,"621":9,"622":4,"623":1,"624":1,"625":2,"626":5,"627":5,"628":2,"629":5,"630":3,"631":15,"632":8,"633":8,"634":5,"635":9,"636":5,"637":6,"638":1,"639":5,"640":4,"641":3,"642":2,"644":3,"646":1,"649":1,"651":1,"652":1,"653":1,"656":1,"657":1,"660":1,"664":1,"666":1,"676":2,"679":1,"682":2,"685":1,"686":2,"687":2,"688":1,"689":3,"692":1,"693":3,"695":2,"696":2,"698":1,"699":2,"700":1,"701":1,"702":2,"703":1,"704":4,"705":6,"706":2,"707":3,"708":1,"709":3,"710":2,"711":1,"712":1,"713":2,"714":1,"715":2,"716":2,"717":2,"718":3,"719":2,"720":2,"721":4,"722":1,"723":2,"724":3,"725":2,"726":1,"727":1,"729":1,"730":1,"731":1,"740":1,"743":1,"744":2,"745":1,"747":1,"748":2,"749":2,"750":2,"751":3,"752":1,"754":1,"755":2,"756":1,"757":1,"758":2,"759":2,"760":3,"761":2,"762":4,"764":2,"765":1,"766":2,"767":1,"768":2,"769":4,"771":3,"772":1,"774":4,"775":1,"776":2,"777":2,"778":2,"779":2,"780":2,"781":3,"782":2,"783":1,"784":2,"785":2,"786":1,"787":2,"788":5,"789":1,"790":2,"791":2,"792":1,"793":3,"794":1,"795":2,"796":2,"797":7,"798":2,"799":1,"800":1,"801":4,"802":3,"804":3,"805":4,"806":2,"807":1,"808":2,"809":4,"810":7,"811":3,"812":2,"813":6,"814":2,"815":3,"816":6,"817":7,"818":5,"819":10,"820":6,"821":5,"822":4,"823":4,"825":6,"826":4,"827":4,"828":4,"829":4,"830":4,"831":3,"832":2,"833":3,"834":4,"835":4,"836":5,"837":2,"838":1,"839":4,"840":1,"841":4,"842":5,"843":2,"845":4,"846":3,"847":1,"848":2,"849":2,"850":1,"851":2,"852":3,"853":3,"854":2,"855":4,"856":3,"857":3,"858":1,"859":1,"860":3,"861":4,"862":2,"863":1,"864":3,"865":4,"866":6,"867":3,"868":5,"869":6,"870":3,"871":2,"872":2,"873":6,"874":2,"875":5,"876":5,"877":2,"878":4,"879":3,"880":5,"881":3,"882":4,"883":4,"884":6,"885":3,"886":3,"887":5,"888":1,"889":7,"890":1,"891":5,"892":3,"893":7,"894":1,"895":1,"896":4,"897":12,"898":1,"899":1,"901":3,"902":4,"903":6,"904":5,"905":8,"906":6,"907":7,"908":8,"909":2,"910":2,"911":7,"912":7,"913":3,"914":4,"915":13,"916":13,"917":16,"918":9,"919":5,"920":4,"921":3,"922":2,"923":5,"924":7,"925":10,"926":11,"927":10,"928":5,"929":3,"930":5,"931":1,"932":3,"933":2,"934":3,"935":2,"936":13,"937":10,"938":8,"939":5,"940":6,"941":3,"942":2,"944":1,"945":1,"946":4,"947":1,"948":1,"949":2,"950":2,"951":4,"952":3,"953":2,"955":1,"956":2,"957":3,"958":4,"959":2,"964":3,"967":1,"968":3,"969":1,"970":1,"977":2,"978":2,"979":4,"980":4,"981":5,"982":6,"983":5,"984":2,"992":1,"994":1,"997":2,"998":2,"999":1,"1000":1,"1014":1,"1015":2,"1016":3,"1017":1,"1018":1,"1020":3,"1021":3,"1022":1,"1024":4,"1025":2,"1027":2,"1028":2,"1029":3,"1031":1,"1034":1,"1035":1,"1036":1,"1037":5,"1038":1,"1039":1,"1040":1,"1200":1,"1205":1,"1391":1},"fork_created":0,"fork_confirmed":0,"fork_unresolved_at_end":0}
EPOCH_ENDED epoch=2 elections=18 active=1 t=1791391098011
EPOCH_ENDED epoch=2 elections=18 active=1 t=1791391098049
EPOCH_ADVANCED epoch=3 elections=18 active=1 vote_records=534270 t=1791391098072
EPOCH_CLOSE_UNREADY epoch=2 short_of=reports usable=0 weight=0 required=5 held=0 theirs=[] t=1791391098077
EPOCH_ADVANCED epoch=3 elections=18 active=1 vote_records=534269 t=1791391098096
EPOCH_CLOSE_UNREADY epoch=2 short_of=reports usable=0 weight=0 required=5 held=0 theirs=[] t=1791391098101
EPOCH_REPORT epoch=2 certified=45065 residual=0 root=55CBB85BF747E7BC8CD9DFFA18162D1F340B300797CE5EBFE082569D65653BCE reports=1 t=1791391098116
EPOCH_ENDED epoch=2 elections=18 active=1 t=1791391098132
EPOCH_REPORT epoch=2 certified=45065 residual=0 root=55CBB85BF747E7BC8CD9DFFA18162D1F340B300797CE5EBFE082569D65653BCE reports=1 t=1791391098138
EPOCH_ADVANCED epoch=3 elections=18 active=1 vote_records=534271 t=1791391098168
EPOCH_ENDED epoch=2 elections=18 active=1 t=1791391098169
EPOCH_ENDED epoch=2 elections=18 active=1 t=1791391098209
EPOCH_REPORT epoch=2 certified=45065 residual=0 root=55CBB85BF747E7BC8CD9DFFA18162D1F340B300797CE5EBFE082569D65653BCE reports=1 t=1791391098215
EPOCH_ADVANCED epoch=3 elections=18 active=1 vote_records=534271 t=1791391098217
EPOCH_ENDED epoch=2 elections=18 active=1 t=1791391098222
EPOCH_RECONCILED epoch=2 reporter=735FE217D91E88EA82324C5883296385FA0041C2FAC85C827BAA46DA1E14B83F complete=true entries=0 total=45065 symbols=0 dropped=false t=1791391098223
EPOCH_RECONCILED epoch=2 reporter=D315857CE70C54DE713F6E82E5613BB3A1266C15E28AD2F4338C7BBEC456F532 complete=true entries=0 total=45065 symbols=0 dropped=false t=1791391098229
EPOCH_ADVANCED epoch=3 elections=18 active=1 vote_records=534270 t=1791391098260
EPOCH_CLOSE_UNREADY epoch=2 short_of=reports usable=3 weight=3 required=5 held=2 theirs=["735FE217:55CBB85B:D7A011D4", "D315857C:55CBB85B:D7A011D4"] t=1791391098271
EPOCH_REPORT epoch=2 certified=45065 residual=0 root=55CBB85BF747E7BC8CD9DFFA18162D1F340B300797CE5EBFE082569D65653BCE reports=1 t=1791391098272
EPOCH_ADVANCED epoch=3 elections=18 active=1 vote_records=534271 t=1791391098277
EPOCH_RECONCILED epoch=2 reporter=D315857CE70C54DE713F6E82E5613BB3A1266C15E28AD2F4338C7BBEC456F532 complete=true entries=0 total=45065 symbols=0 dropped=false t=1791391098283
EPOCH_RECONCILED epoch=2 reporter=735FE217D91E88EA82324C5883296385FA0041C2FAC85C827BAA46DA1E14B83F complete=true entries=0 total=45065 symbols=0 dropped=false t=1791391098288
EPOCH_RECONCILED epoch=2 reporter=65A90023F6C0D2181AAA63F005D81BBC0C04650505E21D5123F9AE1F9E992BFF complete=true entries=0 total=45065 symbols=0 dropped=false t=1791391098291
EPOCH_REPORT epoch=2 certified=45065 residual=0 root=55CBB85BF747E7BC8CD9DFFA18162D1F340B300797CE5EBFE082569D65653BCE reports=1 t=1791391098315
EPOCH_RECONCILED epoch=2 reporter=D315857CE70C54DE713F6E82E5613BB3A1266C15E28AD2F4338C7BBEC456F532 complete=true entries=0 total=45065 symbols=0 dropped=false t=1791391098322
EPOCH_RECONCILED epoch=2 reporter=735FE217D91E88EA82324C5883296385FA0041C2FAC85C827BAA46DA1E14B83F complete=true entries=0 total=45065 symbols=0 dropped=false t=1791391098325
EPOCH_RECONCILED epoch=2 reporter=65A90023F6C0D2181AAA63F005D81BBC0C04650505E21D5123F9AE1F9E992BFF complete=true entries=0 total=45065 symbols=0 dropped=false t=1791391098328
EPOCH_CLOSE_UNREADY epoch=2 short_of=reports usable=4 weight=4 required=5 held=4 theirs=["735FE217:55CBB85B:D7A011D4", "633D9D61:55CBB85B:D7A011D4", "D315857C:55CBB85B:D7A011D4", "65A90023:55CBB85B:D7A011D4"] t=1791391098351
EPOCH_RECONCILED epoch=2 reporter=735FE217D91E88EA82324C5883296385FA0041C2FAC85C827BAA46DA1E14B83F complete=true entries=0 total=45065 symbols=0 dropped=false t=1791391098353
EPOCH_REPORT epoch=2 certified=45065 residual=0 root=55CBB85BF747E7BC8CD9DFFA18162D1F340B300797CE5EBFE082569D65653BCE reports=1 t=1791391098360
EPOCH_RECONCILED epoch=2 reporter=911999B2AEFA7ACC66EBD802B3301FF6CE431405107749D940277955CB7FDD07 complete=true entries=0 total=45065 symbols=0 dropped=false t=1791391098364
EPOCH_RECONCILED epoch=2 reporter=D315857CE70C54DE713F6E82E5613BB3A1266C15E28AD2F4338C7BBEC456F532 complete=true entries=0 total=45065 symbols=0 dropped=false t=1791391098369
EPOCH_RECONCILED epoch=2 reporter=65A90023F6C0D2181AAA63F005D81BBC0C04650505E21D5123F9AE1F9E992BFF complete=true entries=0 total=45065 symbols=0 dropped=false t=1791391098372
EPOCH_RECONCILED epoch=2 reporter=633D9D614858AB1710D5D8C3180E2A082DC97208BA8C26BA6C6D1A86C8E31CC0 complete=true entries=0 total=45065 symbols=0 dropped=false t=1791391098372
EPOCH_RECONCILED epoch=2 reporter=735FE217D91E88EA82324C5883296385FA0041C2FAC85C827BAA46DA1E14B83F complete=true entries=0 total=45065 symbols=0 dropped=false t=1791391098375
EPOCH_RECONCILED epoch=2 reporter=65A90023F6C0D2181AAA63F005D81BBC0C04650505E21D5123F9AE1F9E992BFF complete=true entries=0 total=45065 symbols=0 dropped=false t=1791391098378
EPOCH_RECONCILED epoch=2 reporter=911999B2AEFA7ACC66EBD802B3301FF6CE431405107749D940277955CB7FDD07 complete=true entries=0 total=45065 symbols=0 dropped=false t=1791391098380
EPOCH_CLOSE_UNREADY epoch=2 short_of=reports usable=4 weight=4 required=5 held=5 theirs=["A353E45E:55CBB85B:D7A011D4", "65A90023:55CBB85B:D7A011D4", "911999B2:55CBB85B:D7A011D4", "D315857C:55CBB85B:D7A011D4", "735FE217:55CBB85B:D7A011D4"] t=1791391098381
EPOCH_RECONCILED epoch=2 reporter=633D9D614858AB1710D5D8C3180E2A082DC97208BA8C26BA6C6D1A86C8E31CC0 complete=true entries=0 total=45065 symbols=0 dropped=false t=1791391098409
EPOCH_RECONCILED epoch=2 reporter=911999B2AEFA7ACC66EBD802B3301FF6CE431405107749D940277955CB7FDD07 complete=true entries=0 total=45065 symbols=0 dropped=false t=1791391098412
EPOCH_RECONCILED epoch=2 reporter=65A90023F6C0D2181AAA63F005D81BBC0C04650505E21D5123F9AE1F9E992BFF complete=true entries=0 total=45065 symbols=0 dropped=false t=1791391098414
EPOCH_RECONCILED epoch=2 reporter=D315857CE70C54DE713F6E82E5613BB3A1266C15E28AD2F4338C7BBEC456F532 complete=true entries=0 total=45065 symbols=0 dropped=false t=1791391098417
EPOCH_CLOSE_READY epoch=2 t=1791391098439
EPOCH_CLOSE_READY epoch=2 t=1791391098444
EPOCH_RECONCILED epoch=2 reporter=633D9D614858AB1710D5D8C3180E2A082DC97208BA8C26BA6C6D1A86C8E31CC0 complete=true entries=0 total=45065 symbols=0 dropped=false t=1791391098480
EPOCH_CLOSE_READY epoch=2 t=1791391098481
EPOCH_RECONCILED epoch=2 reporter=911999B2AEFA7ACC66EBD802B3301FF6CE431405107749D940277955CB7FDD07 complete=true entries=0 total=45065 symbols=0 dropped=false t=1791391098482
EPOCH_RECONCILED epoch=2 reporter=A353E45E6D0016CAEED0DFA4EC5B0640E2AA22A793F9F2375E77F1AB92977C04 complete=true entries=0 total=45065 symbols=0 dropped=false t=1791391098484
EPOCH_RECONCILED epoch=2 reporter=A353E45E6D0016CAEED0DFA4EC5B0640E2AA22A793F9F2375E77F1AB92977C04 complete=true entries=0 total=45065 symbols=0 dropped=false t=1791391098518
EPOCH_RECONCILED epoch=2 reporter=633D9D614858AB1710D5D8C3180E2A082DC97208BA8C26BA6C6D1A86C8E31CC0 complete=true entries=0 total=45065 symbols=0 dropped=false t=1791391098520
EPOCH_CLOSE_ROUND epoch=2 round=0 leader=735FE217D91E88EA82324C5883296385FA0041C2FAC85C827BAA46DA1E14B83F leads=false t=1791391098527
EPOCH_CLOSE_READY epoch=2 t=1791391098534
EPOCH_CLOSE_READY epoch=2 t=1791391098557
EPOCH_RECONCILED epoch=2 reporter=A353E45E6D0016CAEED0DFA4EC5B0640E2AA22A793F9F2375E77F1AB92977C04 complete=true entries=0 total=45065 symbols=0 dropped=false t=1791391098564
EPOCH_RECONCILED epoch=2 reporter=911999B2AEFA7ACC66EBD802B3301FF6CE431405107749D940277955CB7FDD07 complete=true entries=0 total=45065 symbols=0 dropped=false t=1791391098566
EPOCH_RECONCILED epoch=2 reporter=633D9D614858AB1710D5D8C3180E2A082DC97208BA8C26BA6C6D1A86C8E31CC0 complete=true entries=0 total=45065 symbols=0 dropped=false t=1791391098576
EPOCH_CLOSE_READY epoch=2 t=1791391098601
EPOCH_CLOSE_ROUND epoch=2 round=0 leader=735FE217D91E88EA82324C5883296385FA0041C2FAC85C827BAA46DA1E14B83F leads=false t=1791391098619
EPOCH_PROPOSED epoch=2 round=0 value=9D5E30CD7E0FF781CEE61D2A7E5B896F481658B940F431F8BC16EE09466169C7 state=ACFAEB2EFDF92F9EDE6C34183B7CBEE1AB620CCA2F058546C64DC6169C341833 reports=5 t=1791391098624
EPOCH_VALUE epoch=2 value=9D5E30CD7E0FF781CEE61D2A7E5B896F481658B940F431F8BC16EE09466169C7 state=ACFAEB2EFDF92F9EDE6C34183B7CBEE1AB620CCA2F058546C64DC6169C341833 t=1791391098624
EPOCH_CLOSE_ROUND epoch=2 round=0 leader=735FE217D91E88EA82324C5883296385FA0041C2FAC85C827BAA46DA1E14B83F leads=true t=1791391098659
EPOCH_RECONCILED epoch=2 reporter=A353E45E6D0016CAEED0DFA4EC5B0640E2AA22A793F9F2375E77F1AB92977C04 complete=true entries=0 total=45065 symbols=0 dropped=false t=1791391098689
EPOCH_RECONCILED epoch=2 reporter=A353E45E6D0016CAEED0DFA4EC5B0640E2AA22A793F9F2375E77F1AB92977C04 complete=true entries=0 total=45065 symbols=0 dropped=false t=1791391098730
EPOCH_CLOSE_ROUND epoch=2 round=0 leader=735FE217D91E88EA82324C5883296385FA0041C2FAC85C827BAA46DA1E14B83F leads=false t=1791391098742
EPOCH_CLOSE_ROUND epoch=2 round=0 leader=735FE217D91E88EA82324C5883296385FA0041C2FAC85C827BAA46DA1E14B83F leads=false t=1791391098774
EPOCH_VALUE epoch=2 value=9D5E30CD7E0FF781CEE61D2A7E5B896F481658B940F431F8BC16EE09466169C7 state=ACFAEB2EFDF92F9EDE6C34183B7CBEE1AB620CCA2F058546C64DC6169C341833 t=1791391098789
EPOCH_VALUE epoch=2 value=9D5E30CD7E0FF781CEE61D2A7E5B896F481658B940F431F8BC16EE09466169C7 state=ACFAEB2EFDF92F9EDE6C34183B7CBEE1AB620CCA2F058546C64DC6169C341833 t=1791391098790
EPOCH_VALUE epoch=2 value=9D5E30CD7E0FF781CEE61D2A7E5B896F481658B940F431F8BC16EE09466169C7 state=ACFAEB2EFDF92F9EDE6C34183B7CBEE1AB620CCA2F058546C64DC6169C341833 t=1791391098794
EPOCH_VALUE epoch=2 value=9D5E30CD7E0FF781CEE61D2A7E5B896F481658B940F431F8BC16EE09466169C7 state=ACFAEB2EFDF92F9EDE6C34183B7CBEE1AB620CCA2F058546C64DC6169C341833 t=1791391098797
EPOCH_CLOSE_ROUND epoch=2 round=0 leader=735FE217D91E88EA82324C5883296385FA0041C2FAC85C827BAA46DA1E14B83F leads=false t=1791391098819
EPOCH_VALUE epoch=2 value=9D5E30CD7E0FF781CEE61D2A7E5B896F481658B940F431F8BC16EE09466169C7 state=ACFAEB2EFDF92F9EDE6C34183B7CBEE1AB620CCA2F058546C64DC6169C341833 t=1791391098864
EPOCH_INSTALL epoch=2 finalized=13661 instances_confirmed=18 t=1791391098918
EPOCH_INSTALL epoch=2 finalized=13661 instances_confirmed=18 t=1791391098922
EPOCH_INSTALL epoch=2 finalized=13661 instances_confirmed=18 t=1791391098924
EPOCH_INSTALL epoch=2 finalized=13661 instances_confirmed=18 t=1791391098927
EPOCH_INSTALL epoch=2 finalized=13661 instances_confirmed=18 t=1791391098928
EPOCH_INSTALL epoch=2 finalized=13661 instances_confirmed=18 t=1791391098935
EPOCH_FRONTIER_MISSING epoch=2 accounts=99 : blocks this node does not hold t=1791391099105
EPOCH_COMMITTEE derived_by=2 members=6 accounts=17622 n=6 digest=95D409445152DD075E6A4799205DFA5689496EB8EE1A22AC2A200B9DBC2DCF27 shares=["65A90023:16.7%", "A353E45E:16.7%", "D315857C:16.7%", "911999B2:16.7%", "633D9D61:16.7%", "735FE217:16.7%"] t=1791391099111
EPOCH_CLOSED epoch=2 round=0 value=9D5E30CD7E0FF781CEE61D2A7E5B896F481658B940F431F8BC16EE09466169C7 state=ACFAEB2EFDF92F9EDE6C34183B7CBEE1AB620CCA2F058546C64DC6169C341833 t=1791391099111
EPOCH_FRONTIER_MISSING epoch=2 accounts=99 : blocks this node does not hold t=1791391099114
EPOCH_COMMITTEE derived_by=2 members=6 accounts=17622 n=6 digest=95D409445152DD075E6A4799205DFA5689496EB8EE1A22AC2A200B9DBC2DCF27 shares=["65A90023:16.7%", "A353E45E:16.7%", "D315857C:16.7%", "911999B2:16.7%", "633D9D61:16.7%", "735FE217:16.7%"] t=1791391099126
EPOCH_CLOSED epoch=2 round=0 value=9D5E30CD7E0FF781CEE61D2A7E5B896F481658B940F431F8BC16EE09466169C7 state=ACFAEB2EFDF92F9EDE6C34183B7CBEE1AB620CCA2F058546C64DC6169C341833 t=1791391099126
EPOCH_FRONTIER_MISSING epoch=2 accounts=99 : blocks this node does not hold t=1791391099130
EPOCH_COMMITTEE derived_by=2 members=6 accounts=17622 n=6 digest=95D409445152DD075E6A4799205DFA5689496EB8EE1A22AC2A200B9DBC2DCF27 shares=["65A90023:16.7%", "A353E45E:16.7%", "D315857C:16.7%", "911999B2:16.7%", "633D9D61:16.7%", "735FE217:16.7%"] t=1791391099141
EPOCH_CLOSED epoch=2 round=0 value=9D5E30CD7E0FF781CEE61D2A7E5B896F481658B940F431F8BC16EE09466169C7 state=ACFAEB2EFDF92F9EDE6C34183B7CBEE1AB620CCA2F058546C64DC6169C341833 t=1791391099141
EPOCH_INSTALLED epoch=2 finalized=13661 cemented=13661 queued=0 missing=0 t=1791391099143
EPOCH_FRONTIER_MISSING epoch=2 accounts=99 : blocks this node does not hold t=1791391099145
EPOCH_COMMITTEE derived_by=2 members=6 accounts=17622 n=6 digest=95D409445152DD075E6A4799205DFA5689496EB8EE1A22AC2A200B9DBC2DCF27 shares=["65A90023:16.7%", "A353E45E:16.7%", "D315857C:16.7%", "911999B2:16.7%", "633D9D61:16.7%", "735FE217:16.7%"] t=1791391099151
EPOCH_CLOSED epoch=2 round=0 value=9D5E30CD7E0FF781CEE61D2A7E5B896F481658B940F431F8BC16EE09466169C7 state=ACFAEB2EFDF92F9EDE6C34183B7CBEE1AB620CCA2F058546C64DC6169C341833 t=1791391099151
EPOCH_INSTALLED epoch=2 finalized=13661 cemented=13661 queued=0 missing=0 t=1791391099155
EPOCH_FRONTIER_MISSING epoch=2 accounts=99 : blocks this node does not hold t=1791391099156
EPOCH_FRONTIER_MISSING epoch=2 accounts=99 : blocks this node does not hold t=1791391099159
EPOCH_COMMITTEE derived_by=2 members=6 accounts=17622 n=6 digest=95D409445152DD075E6A4799205DFA5689496EB8EE1A22AC2A200B9DBC2DCF27 shares=["65A90023:16.7%", "A353E45E:16.7%", "D315857C:16.7%", "911999B2:16.7%", "633D9D61:16.7%", "735FE217:16.7%"] t=1791391099163
EPOCH_CLOSED epoch=2 round=0 value=9D5E30CD7E0FF781CEE61D2A7E5B896F481658B940F431F8BC16EE09466169C7 state=ACFAEB2EFDF92F9EDE6C34183B7CBEE1AB620CCA2F058546C64DC6169C341833 t=1791391099163
EPOCH_COMMITTEE derived_by=2 members=6 accounts=17622 n=6 digest=95D409445152DD075E6A4799205DFA5689496EB8EE1A22AC2A200B9DBC2DCF27 shares=["65A90023:16.7%", "A353E45E:16.7%", "D315857C:16.7%", "911999B2:16.7%", "633D9D61:16.7%", "735FE217:16.7%"] t=1791391099166
EPOCH_CLOSED epoch=2 round=0 value=9D5E30CD7E0FF781CEE61D2A7E5B896F481658B940F431F8BC16EE09466169C7 state=ACFAEB2EFDF92F9EDE6C34183B7CBEE1AB620CCA2F058546C64DC6169C341833 t=1791391099166
EPOCH_INSTALLED epoch=2 finalized=13661 cemented=13661 queued=0 missing=0 t=1791391099166
EPOCH_INSTALLED epoch=2 finalized=13661 cemented=13661 queued=0 missing=0 t=1791391099174
EPOCH_INSTALLED epoch=2 finalized=13661 cemented=13661 queued=0 missing=0 t=1791391099185
EPOCH_INSTALLED epoch=2 finalized=13661 cemented=13661 queued=0 missing=0 t=1791391099187
