EPOCH_COMMITTEE derived_by=genesis members=7 accounts=33 n=340282366920938463463374607431768211455 digest=C50AF0645254F5C689C7853A44449A9B736018163CAF1394298126007C07D2C9 shares=["735FE217:16.7%", "A353E45E:16.7%", "633D9D61:16.7%", "65A90023:16.7%", "911999B2:16.7%", "D315857C:16.7%", "87C13ABF:0.0%"] t=1790154045814
EPOCH_START epoch=0 elections=0 t=1790154045814
EPOCH_COMMITTEE derived_by=genesis members=7 accounts=33 n=340282366920938463463374607431768211455 digest=C50AF0645254F5C689C7853A44449A9B736018163CAF1394298126007C07D2C9 shares=["735FE217:16.7%", "A353E45E:16.7%", "633D9D61:16.7%", "65A90023:16.7%", "911999B2:16.7%", "D315857C:16.7%", "87C13ABF:0.0%"] t=1790154045814
EPOCH_START epoch=0 elections=0 t=1790154045814
EPOCH_COMMITTEE derived_by=genesis members=7 accounts=33 n=340282366920938463463374607431768211455 digest=C50AF0645254F5C689C7853A44449A9B736018163CAF1394298126007C07D2C9 shares=["735FE217:16.7%", "A353E45E:16.7%", "633D9D61:16.7%", "65A90023:16.7%", "911999B2:16.7%", "D315857C:16.7%", "87C13ABF:0.0%"] t=1790154045815
EPOCH_START epoch=0 elections=0 t=1790154045815
EPOCH_COMMITTEE derived_by=genesis members=7 accounts=33 n=340282366920938463463374607431768211455 digest=C50AF0645254F5C689C7853A44449A9B736018163CAF1394298126007C07D2C9 shares=["735FE217:16.7%", "A353E45E:16.7%", "633D9D61:16.7%", "65A90023:16.7%", "911999B2:16.7%", "D315857C:16.7%", "87C13ABF:0.0%"] t=1790154045815
EPOCH_START epoch=0 elections=0 t=1790154045815
EPOCH_COMMITTEE derived_by=genesis members=7 accounts=33 n=340282366920938463463374607431768211455 digest=C50AF0645254F5C689C7853A44449A9B736018163CAF1394298126007C07D2C9 shares=["735FE217:16.7%", "A353E45E:16.7%", "633D9D61:16.7%", "65A90023:16.7%", "911999B2:16.7%", "D315857C:16.7%", "87C13ABF:0.0%"] t=1790154045815
EPOCH_START epoch=0 elections=0 t=1790154045815
EPOCH_COMMITTEE derived_by=genesis members=7 accounts=33 n=340282366920938463463374607431768211455 digest=C50AF0645254F5C689C7853A44449A9B736018163CAF1394298126007C07D2C9 shares=["735FE217:16.7%", "A353E45E:16.7%", "633D9D61:16.7%", "65A90023:16.7%", "911999B2:16.7%", "D315857C:16.7%", "87C13ABF:0.0%"] t=1790154045815
EPOCH_START epoch=0 elections=0 t=1790154045815
EPOCH_ENDED epoch=0 elections=203 active=203 t=1790154053835
EPOCH_ENDED epoch=0 elections=204 active=204 t=1790154053835
EPOCH_ENDED epoch=0 elections=203 active=203 t=1790154053835
EPOCH_ENDED epoch=0 elections=204 active=204 t=1790154053835
EPOCH_ENDED epoch=0 elections=203 active=203 t=1790154053835
EPOCH_ENDED epoch=0 elections=203 active=203 t=1790154053837
EPOCH_ADVANCED epoch=1 elections=204 active=204 vote_records=188427 t=1790154053857
EPOCH_ADVANCED epoch=1 elections=203 active=203 vote_records=188423 t=1790154053859
EPOCH_ADVANCED epoch=1 elections=203 active=203 vote_records=188423 t=1790154053862
EPOCH_ADVANCED epoch=1 elections=203 active=203 vote_records=188423 t=1790154053863
EPOCH_ADVANCED epoch=1 elections=203 active=203 vote_records=188425 t=1790154053864
EPOCH_ADVANCED epoch=1 elections=204 active=204 vote_records=188423 t=1790154053866
EPOCH_REPORT epoch=0 certified=16045 residual=179 root=833509ECAE36E930C1A75673E457B8E10971F67EF57C7B6B4F57EDBFBB1CA94F reports=1 t=1790154053868
EPOCH_REPORT epoch=0 certified=16045 residual=196 root=833509ECAE36E930C1A75673E457B8E10971F67EF57C7B6B4F57EDBFBB1CA94F reports=1 t=1790154053868
EPOCH_CLOSE_UNREADY epoch=0 short_of=reports usable=1 weight=56689919796346886767705291714818511432 required=275628717205960155405333432019732251279 held=1 theirs=["911999B2:833509EC:325DFAC2"] t=1790154053871
EPOCH_REPORT epoch=0 certified=16045 residual=173 root=833509ECAE36E930C1A75673E457B8E10971F67EF57C7B6B4F57EDBFBB1CA94F reports=1 t=1790154053872
EPOCH_REPORT epoch=0 certified=16045 residual=178 root=833509ECAE36E930C1A75673E457B8E10971F67EF57C7B6B4F57EDBFBB1CA94F reports=1 t=1790154053875
EPOCH_REPORT epoch=0 certified=16045 residual=184 root=833509ECAE36E930C1A75673E457B8E10971F67EF57C7B6B4F57EDBFBB1CA94F reports=1 t=1790154053876
EPOCH_REPORT epoch=0 certified=16045 residual=157 root=833509ECAE36E930C1A75673E457B8E10971F67EF57C7B6B4F57EDBFBB1CA94F reports=1 t=1790154053875
EPOCH_RECONCILED epoch=0 reporter=65A90023F6C0D2181AAA63F005D81BBC0C04650505E21D5123F9AE1F9E992BFF complete=false entries=0 total=16045 t=1790154053908
EPOCH_RESIDUAL epoch=0 reporter=65A90023F6C0D2181AAA63F005D81BBC0C04650505E21D5123F9AE1F9E992BFF votes=31850 derived=196 complete=true sketch_cells=0 t=1790154053911
EPOCH_RECONCILED epoch=0 reporter=D315857CE70C54DE713F6E82E5613BB3A1266C15E28AD2F4338C7BBEC456F532 complete=false entries=0 total=16045 t=1790154053912
EPOCH_RESIDUAL epoch=0 reporter=D315857CE70C54DE713F6E82E5613BB3A1266C15E28AD2F4338C7BBEC456F532 votes=32075 derived=157 complete=true sketch_cells=0 t=1790154053915
EPOCH_RECONCILED epoch=0 reporter=911999B2AEFA7ACC66EBD802B3301FF6CE431405107749D940277955CB7FDD07 complete=false entries=0 total=16045 t=1790154053916
EPOCH_RESIDUAL epoch=0 reporter=911999B2AEFA7ACC66EBD802B3301FF6CE431405107749D940277955CB7FDD07 votes=31191 derived=179 complete=true sketch_cells=0 t=1790154053919
EPOCH_RECONCILED epoch=0 reporter=633D9D614858AB1710D5D8C3180E2A082DC97208BA8C26BA6C6D1A86C8E31CC0 complete=false entries=0 total=16045 t=1790154053920
EPOCH_RESIDUAL epoch=0 reporter=633D9D614858AB1710D5D8C3180E2A082DC97208BA8C26BA6C6D1A86C8E31CC0 votes=31765 derived=173 complete=true sketch_cells=0 t=1790154053923
EPOCH_RECONCILED epoch=0 reporter=A353E45E6D0016CAEED0DFA4EC5B0640E2AA22A793F9F2375E77F1AB92977C04 complete=false entries=0 total=16045 t=1790154053924
EPOCH_RESIDUAL epoch=0 reporter=A353E45E6D0016CAEED0DFA4EC5B0640E2AA22A793F9F2375E77F1AB92977C04 votes=31660 derived=178 complete=true sketch_cells=0 t=1790154053926
EPOCH_CLOSE_READY epoch=0 t=1790154053927
EPOCH_RECONCILED epoch=0 reporter=A353E45E6D0016CAEED0DFA4EC5B0640E2AA22A793F9F2375E77F1AB92977C04 complete=false entries=0 total=16045 t=1790154053994
EPOCH_RESIDUAL epoch=0 reporter=A353E45E6D0016CAEED0DFA4EC5B0640E2AA22A793F9F2375E77F1AB92977C04 votes=31662 derived=178 complete=true sketch_cells=0 t=1790154053997
EPOCH_RECONCILED epoch=0 reporter=735FE217D91E88EA82324C5883296385FA0041C2FAC85C827BAA46DA1E14B83F complete=false entries=0 total=16045 t=1790154053998
EPOCH_RESIDUAL epoch=0 reporter=735FE217D91E88EA82324C5883296385FA0041C2FAC85C827BAA46DA1E14B83F votes=31695 derived=184 complete=true sketch_cells=0 t=1790154054001
EPOCH_RECONCILED epoch=0 reporter=633D9D614858AB1710D5D8C3180E2A082DC97208BA8C26BA6C6D1A86C8E31CC0 complete=false entries=0 total=16045 t=1790154054001
EPOCH_RESIDUAL epoch=0 reporter=633D9D614858AB1710D5D8C3180E2A082DC97208BA8C26BA6C6D1A86C8E31CC0 votes=31765 derived=173 complete=true sketch_cells=0 t=1790154054004
EPOCH_RECONCILED epoch=0 reporter=911999B2AEFA7ACC66EBD802B3301FF6CE431405107749D940277955CB7FDD07 complete=false entries=0 total=16045 t=1790154054005
EPOCH_RESIDUAL epoch=0 reporter=911999B2AEFA7ACC66EBD802B3301FF6CE431405107749D940277955CB7FDD07 votes=31193 derived=179 complete=true sketch_cells=0 t=1790154054008
EPOCH_RECONCILED epoch=0 reporter=D315857CE70C54DE713F6E82E5613BB3A1266C15E28AD2F4338C7BBEC456F532 complete=false entries=0 total=16045 t=1790154054009
EPOCH_RESIDUAL epoch=0 reporter=D315857CE70C54DE713F6E82E5613BB3A1266C15E28AD2F4338C7BBEC456F532 votes=32075 derived=157 complete=true sketch_cells=0 t=1790154054012
EPOCH_CLOSE_READY epoch=0 t=1790154054012
EPOCH_RECONCILED epoch=0 reporter=65A90023F6C0D2181AAA63F005D81BBC0C04650505E21D5123F9AE1F9E992BFF complete=false entries=0 total=16045 t=1790154054020
EPOCH_RESIDUAL epoch=0 reporter=65A90023F6C0D2181AAA63F005D81BBC0C04650505E21D5123F9AE1F9E992BFF votes=31850 derived=196 complete=true sketch_cells=0 t=1790154054023
EPOCH_RECONCILED epoch=0 reporter=633D9D614858AB1710D5D8C3180E2A082DC97208BA8C26BA6C6D1A86C8E31CC0 complete=false entries=0 total=16045 t=1790154054024
EPOCH_RESIDUAL epoch=0 reporter=633D9D614858AB1710D5D8C3180E2A082DC97208BA8C26BA6C6D1A86C8E31CC0 votes=31765 derived=173 complete=true sketch_cells=0 t=1790154054027
EPOCH_RECONCILED epoch=0 reporter=735FE217D91E88EA82324C5883296385FA0041C2FAC85C827BAA46DA1E14B83F complete=false entries=0 total=16045 t=1790154054028
EPOCH_RESIDUAL epoch=0 reporter=735FE217D91E88EA82324C5883296385FA0041C2FAC85C827BAA46DA1E14B83F votes=31695 derived=184 complete=true sketch_cells=0 t=1790154054031
EPOCH_RECONCILED epoch=0 reporter=A353E45E6D0016CAEED0DFA4EC5B0640E2AA22A793F9F2375E77F1AB92977C04 complete=false entries=0 total=16045 t=1790154054032
EPOCH_RESIDUAL epoch=0 reporter=A353E45E6D0016CAEED0DFA4EC5B0640E2AA22A793F9F2375E77F1AB92977C04 votes=31660 derived=178 complete=true sketch_cells=0 t=1790154054035
EPOCH_RECONCILED epoch=0 reporter=911999B2AEFA7ACC66EBD802B3301FF6CE431405107749D940277955CB7FDD07 complete=false entries=0 total=16045 t=1790154054035
EPOCH_RESIDUAL epoch=0 reporter=911999B2AEFA7ACC66EBD802B3301FF6CE431405107749D940277955CB7FDD07 votes=31191 derived=179 complete=true sketch_cells=0 t=1790154054039
EPOCH_CLOSE_READY epoch=0 t=1790154054039
EPOCH_RECONCILED epoch=0 reporter=D315857CE70C54DE713F6E82E5613BB3A1266C15E28AD2F4338C7BBEC456F532 complete=false entries=0 total=16045 t=1790154054042
EPOCH_RESIDUAL epoch=0 reporter=D315857CE70C54DE713F6E82E5613BB3A1266C15E28AD2F4338C7BBEC456F532 votes=32075 derived=157 complete=true sketch_cells=0 t=1790154054045
EPOCH_RECONCILED epoch=0 reporter=735FE217D91E88EA82324C5883296385FA0041C2FAC85C827BAA46DA1E14B83F complete=false entries=0 total=16045 t=1790154054046
EPOCH_RESIDUAL epoch=0 reporter=735FE217D91E88EA82324C5883296385FA0041C2FAC85C827BAA46DA1E14B83F votes=31695 derived=184 complete=true sketch_cells=0 t=1790154054049
EPOCH_RECONCILED epoch=0 reporter=911999B2AEFA7ACC66EBD802B3301FF6CE431405107749D940277955CB7FDD07 complete=false entries=0 total=16045 t=1790154054050
EPOCH_RESIDUAL epoch=0 reporter=911999B2AEFA7ACC66EBD802B3301FF6CE431405107749D940277955CB7FDD07 votes=31193 derived=179 complete=true sketch_cells=0 t=1790154054053
EPOCH_RECONCILED epoch=0 reporter=633D9D614858AB1710D5D8C3180E2A082DC97208BA8C26BA6C6D1A86C8E31CC0 complete=false entries=0 total=16045 t=1790154054053
EPOCH_RESIDUAL epoch=0 reporter=633D9D614858AB1710D5D8C3180E2A082DC97208BA8C26BA6C6D1A86C8E31CC0 votes=31765 derived=173 complete=true sketch_cells=0 t=1790154054056
EPOCH_RECONCILED epoch=0 reporter=65A90023F6C0D2181AAA63F005D81BBC0C04650505E21D5123F9AE1F9E992BFF complete=false entries=0 total=16045 t=1790154054057
EPOCH_RESIDUAL epoch=0 reporter=65A90023F6C0D2181AAA63F005D81BBC0C04650505E21D5123F9AE1F9E992BFF votes=31850 derived=196 complete=true sketch_cells=0 t=1790154054060
EPOCH_CLOSE_READY epoch=0 t=1790154054060
EPOCH_RECONCILED epoch=0 reporter=A353E45E6D0016CAEED0DFA4EC5B0640E2AA22A793F9F2375E77F1AB92977C04 complete=false entries=0 total=16045 t=1790154054078
EPOCH_RESIDUAL epoch=0 reporter=A353E45E6D0016CAEED0DFA4EC5B0640E2AA22A793F9F2375E77F1AB92977C04 votes=31660 derived=178 complete=true sketch_cells=0 t=1790154054081
EPOCH_RECONCILED epoch=0 reporter=911999B2AEFA7ACC66EBD802B3301FF6CE431405107749D940277955CB7FDD07 complete=false entries=0 total=16045 t=1790154054082
EPOCH_RESIDUAL epoch=0 reporter=911999B2AEFA7ACC66EBD802B3301FF6CE431405107749D940277955CB7FDD07 votes=31191 derived=179 complete=true sketch_cells=0 t=1790154054085
EPOCH_RECONCILED epoch=0 reporter=65A90023F6C0D2181AAA63F005D81BBC0C04650505E21D5123F9AE1F9E992BFF complete=false entries=0 total=16045 t=1790154054086
EPOCH_RESIDUAL epoch=0 reporter=65A90023F6C0D2181AAA63F005D81BBC0C04650505E21D5123F9AE1F9E992BFF votes=31850 derived=196 complete=true sketch_cells=0 t=1790154054089
EPOCH_RECONCILED epoch=0 reporter=D315857CE70C54DE713F6E82E5613BB3A1266C15E28AD2F4338C7BBEC456F532 complete=false entries=0 total=16045 t=1790154054090
EPOCH_RESIDUAL epoch=0 reporter=D315857CE70C54DE713F6E82E5613BB3A1266C15E28AD2F4338C7BBEC456F532 votes=32075 derived=157 complete=true sketch_cells=0 t=1790154054093
EPOCH_RECONCILED epoch=0 reporter=735FE217D91E88EA82324C5883296385FA0041C2FAC85C827BAA46DA1E14B83F complete=false entries=0 total=16045 t=1790154054093
EPOCH_RESIDUAL epoch=0 reporter=735FE217D91E88EA82324C5883296385FA0041C2FAC85C827BAA46DA1E14B83F votes=31695 derived=184 complete=true sketch_cells=0 t=1790154054096
EPOCH_CLOSE_READY epoch=0 t=1790154054097
EPOCH_PROPOSED epoch=0 round=0 value=D016474033126C4CBF3D1E8767871EE782DCDBE9FDFE51B249C176EF0804DE34 state=62653638F6A12DCD1A76AE1A7F709673B8649577F0170D10F3D9A82749A7035A reports=5 t=1790154054158
EPOCH_VALUE epoch=0 value=D016474033126C4CBF3D1E8767871EE782DCDBE9FDFE51B249C176EF0804DE34 state=62653638F6A12DCD1A76AE1A7F709673B8649577F0170D10F3D9A82749A7035A t=1790154054158
EPOCH_RECONCILED epoch=0 reporter=A353E45E6D0016CAEED0DFA4EC5B0640E2AA22A793F9F2375E77F1AB92977C04 complete=false entries=0 total=16045 t=1790154054171
EPOCH_RESIDUAL epoch=0 reporter=A353E45E6D0016CAEED0DFA4EC5B0640E2AA22A793F9F2375E77F1AB92977C04 votes=31660 derived=178 complete=true sketch_cells=0 t=1790154054174
EPOCH_RECONCILED epoch=0 reporter=65A90023F6C0D2181AAA63F005D81BBC0C04650505E21D5123F9AE1F9E992BFF complete=false entries=0 total=16045 t=1790154054174
EPOCH_RESIDUAL epoch=0 reporter=65A90023F6C0D2181AAA63F005D81BBC0C04650505E21D5123F9AE1F9E992BFF votes=31850 derived=196 complete=true sketch_cells=0 t=1790154054177
EPOCH_RECONCILED epoch=0 reporter=D315857CE70C54DE713F6E82E5613BB3A1266C15E28AD2F4338C7BBEC456F532 complete=false entries=0 total=16045 t=1790154054179
EPOCH_RESIDUAL epoch=0 reporter=D315857CE70C54DE713F6E82E5613BB3A1266C15E28AD2F4338C7BBEC456F532 votes=32075 derived=157 complete=true sketch_cells=0 t=1790154054182
EPOCH_RECONCILED epoch=0 reporter=735FE217D91E88EA82324C5883296385FA0041C2FAC85C827BAA46DA1E14B83F complete=false entries=0 total=16045 t=1790154054183
EPOCH_RESIDUAL epoch=0 reporter=735FE217D91E88EA82324C5883296385FA0041C2FAC85C827BAA46DA1E14B83F votes=31695 derived=184 complete=true sketch_cells=0 t=1790154054186
EPOCH_RECONCILED epoch=0 reporter=633D9D614858AB1710D5D8C3180E2A082DC97208BA8C26BA6C6D1A86C8E31CC0 complete=false entries=0 total=16045 t=1790154054186
EPOCH_RESIDUAL epoch=0 reporter=633D9D614858AB1710D5D8C3180E2A082DC97208BA8C26BA6C6D1A86C8E31CC0 votes=31765 derived=173 complete=true sketch_cells=0 t=1790154054192
EPOCH_CLOSE_READY epoch=0 t=1790154054192
EPOCH_CLOSE_ROUND epoch=0 round=0 leader=633D9D614858AB1710D5D8C3180E2A082DC97208BA8C26BA6C6D1A86C8E31CC0 leads=false t=1790154054201
EPOCH_CLOSE_ROUND epoch=0 round=0 leader=633D9D614858AB1710D5D8C3180E2A082DC97208BA8C26BA6C6D1A86C8E31CC0 leads=false t=1790154054285
EPOCH_CLOSE_ROUND epoch=0 round=0 leader=633D9D614858AB1710D5D8C3180E2A082DC97208BA8C26BA6C6D1A86C8E31CC0 leads=false t=1790154054312
EPOCH_CLOSE_ROUND epoch=0 round=0 leader=633D9D614858AB1710D5D8C3180E2A082DC97208BA8C26BA6C6D1A86C8E31CC0 leads=false t=1790154054332
EPOCH_VALUE epoch=0 value=D016474033126C4CBF3D1E8767871EE782DCDBE9FDFE51B249C176EF0804DE34 state=62653638F6A12DCD1A76AE1A7F709673B8649577F0170D10F3D9A82749A7035A t=1790154054340
EPOCH_VALUE epoch=0 value=D016474033126C4CBF3D1E8767871EE782DCDBE9FDFE51B249C176EF0804DE34 state=62653638F6A12DCD1A76AE1A7F709673B8649577F0170D10F3D9A82749A7035A t=1790154054351
EPOCH_VALUE epoch=0 value=D016474033126C4CBF3D1E8767871EE782DCDBE9FDFE51B249C176EF0804DE34 state=62653638F6A12DCD1A76AE1A7F709673B8649577F0170D10F3D9A82749A7035A t=1790154054354
EPOCH_CLOSE_ROUND epoch=0 round=0 leader=633D9D614858AB1710D5D8C3180E2A082DC97208BA8C26BA6C6D1A86C8E31CC0 leads=true t=1790154054364
EPOCH_VALUE epoch=0 value=D016474033126C4CBF3D1E8767871EE782DCDBE9FDFE51B249C176EF0804DE34 state=62653638F6A12DCD1A76AE1A7F709673B8649577F0170D10F3D9A82749A7035A t=1790154054375
EPOCH_CLOSE_ROUND epoch=0 round=0 leader=633D9D614858AB1710D5D8C3180E2A082DC97208BA8C26BA6C6D1A86C8E31CC0 leads=false t=1790154054459
EPOCH_VALUE epoch=0 value=D016474033126C4CBF3D1E8767871EE782DCDBE9FDFE51B249C176EF0804DE34 state=62653638F6A12DCD1A76AE1A7F709673B8649577F0170D10F3D9A82749A7035A t=1790154054506
EPOCH_INSTALL epoch=0 finalized=16209 instances_confirmed=23 t=1790154054711
EPOCH_INSTALL epoch=0 finalized=16209 instances_confirmed=23 t=1790154054714
EPOCH_INSTALL epoch=0 finalized=16209 instances_confirmed=23 t=1790154054714
EPOCH_INSTALL epoch=0 finalized=16209 instances_confirmed=23 t=1790154054714
EPOCH_INSTALL epoch=0 finalized=16209 instances_confirmed=23 t=1790154054715
EPOCH_INSTALL epoch=0 finalized=16209 instances_confirmed=23 t=1790154054716
EPOCH_COMMITTEE derived_by=0 members=7 accounts=7422 n=340265811494749042706984559366445618127 digest=F9397B3825BA5832808AFE00A0E627E3727D8C14B71D239ED1537A0F498AFF54 shares=["65A90023:16.7%", "735FE217:16.7%", "911999B2:16.7%", "D315857C:16.7%", "A353E45E:16.7%", "633D9D61:16.7%", "87C13ABF:0.0%"] t=1790154055029
EPOCH_OMITTED epoch=0 instances=8 retained=0 t=1790154055029
EPOCH_GATE epoch=1 released=1665 finalized=1434 t=1790154055039
EPOCH_CLOSED epoch=0 round=0 value=D016474033126C4CBF3D1E8767871EE782DCDBE9FDFE51B249C176EF0804DE34 state=62653638F6A12DCD1A76AE1A7F709673B8649577F0170D10F3D9A82749A7035A t=1790154055039
EPOCH_COMMITTEE derived_by=0 members=7 accounts=7422 n=340265811494749042706984559366445618127 digest=F9397B3825BA5832808AFE00A0E627E3727D8C14B71D239ED1537A0F498AFF54 shares=["65A90023:16.7%", "735FE217:16.7%", "911999B2:16.7%", "D315857C:16.7%", "A353E45E:16.7%", "633D9D61:16.7%", "87C13ABF:0.0%"] t=1790154055041
EPOCH_OMITTED epoch=0 instances=8 retained=0 t=1790154055041
EPOCH_COMMITTEE derived_by=0 members=7 accounts=7422 n=340265811494749042706984559366445618127 digest=F9397B3825BA5832808AFE00A0E627E3727D8C14B71D239ED1537A0F498AFF54 shares=["65A90023:16.7%", "735FE217:16.7%", "911999B2:16.7%", "D315857C:16.7%", "A353E45E:16.7%", "633D9D61:16.7%", "87C13ABF:0.0%"] t=1790154055045
EPOCH_OMITTED epoch=0 instances=8 retained=0 t=1790154055045
EPOCH_GATE epoch=1 released=1672 finalized=1434 t=1790154055049
EPOCH_CLOSED epoch=0 round=0 value=D016474033126C4CBF3D1E8767871EE782DCDBE9FDFE51B249C176EF0804DE34 state=62653638F6A12DCD1A76AE1A7F709673B8649577F0170D10F3D9A82749A7035A t=1790154055049
EPOCH_COMMITTEE derived_by=0 members=7 accounts=7422 n=340265811494749042706984559366445618127 digest=F9397B3825BA5832808AFE00A0E627E3727D8C14B71D239ED1537A0F498AFF54 shares=["65A90023:16.7%", "735FE217:16.7%", "911999B2:16.7%", "D315857C:16.7%", "A353E45E:16.7%", "633D9D61:16.7%", "87C13ABF:0.0%"] t=1790154055050
EPOCH_OMITTED epoch=0 instances=8 retained=0 t=1790154055050
EPOCH_GATE epoch=1 released=1671 finalized=1434 t=1790154055060
EPOCH_CLOSED epoch=0 round=0 value=D016474033126C4CBF3D1E8767871EE782DCDBE9FDFE51B249C176EF0804DE34 state=62653638F6A12DCD1A76AE1A7F709673B8649577F0170D10F3D9A82749A7035A t=1790154055060
EPOCH_COMMITTEE derived_by=0 members=7 accounts=7422 n=340265811494749042706984559366445618127 digest=F9397B3825BA5832808AFE00A0E627E3727D8C14B71D239ED1537A0F498AFF54 shares=["65A90023:16.7%", "735FE217:16.7%", "911999B2:16.7%", "D315857C:16.7%", "A353E45E:16.7%", "633D9D61:16.7%", "87C13ABF:0.0%"] t=1790154055065
EPOCH_OMITTED epoch=0 instances=8 retained=0 t=1790154055066
EPOCH_GATE epoch=1 released=1671 finalized=1434 t=1790154055073
EPOCH_CLOSED epoch=0 round=0 value=D016474033126C4CBF3D1E8767871EE782DCDBE9FDFE51B249C176EF0804DE34 state=62653638F6A12DCD1A76AE1A7F709673B8649577F0170D10F3D9A82749A7035A t=1790154055073
EPOCH_GATE epoch=1 released=1671 finalized=1434 t=1790154055127
EPOCH_CLOSED epoch=0 round=0 value=D016474033126C4CBF3D1E8767871EE782DCDBE9FDFE51B249C176EF0804DE34 state=62653638F6A12DCD1A76AE1A7F709673B8649577F0170D10F3D9A82749A7035A t=1790154055185
EPOCH_INSTALLED epoch=0 finalized=16209 cemented=16188 queued=21 missing=0 t=1790154055186
EPOCH_INSTALLED epoch=0 finalized=16209 cemented=16187 queued=22 missing=0 t=1790154055221
EPOCH_INSTALLED epoch=0 finalized=16209 cemented=16187 queued=22 missing=0 t=1790154055267
EPOCH_INSTALLED epoch=0 finalized=16209 cemented=16195 queued=14 missing=0 t=1790154055288
EPOCH_COMMITTEE derived_by=0 members=7 accounts=7422 n=340265811494749042706984559366445618127 digest=F9397B3825BA5832808AFE00A0E627E3727D8C14B71D239ED1537A0F498AFF54 shares=["65A90023:16.7%", "735FE217:16.7%", "911999B2:16.7%", "D315857C:16.7%", "A353E45E:16.7%", "633D9D61:16.7%", "87C13ABF:0.0%"] t=1790154055297
EPOCH_OMITTED epoch=0 instances=8 retained=0 t=1790154055298
EPOCH_INSTALLED epoch=0 finalized=16209 cemented=16186 queued=23 missing=0 t=1790154055317
EPOCH_GATE epoch=1 released=1672 finalized=1434 t=1790154055423
EPOCH_CLOSED epoch=0 round=0 value=D016474033126C4CBF3D1E8767871EE782DCDBE9FDFE51B249C176EF0804DE34 state=62653638F6A12DCD1A76AE1A7F709673B8649577F0170D10F3D9A82749A7035A t=1790154055423
EPOCH_INSTALLED epoch=0 finalized=16209 cemented=16188 queued=21 missing=0 t=1790154055542
EPOCH_ENDED epoch=1 elections=160 active=158 t=1790154061817
EPOCH_ENDED epoch=1 elections=160 active=158 t=1790154061817
EPOCH_ENDED epoch=1 elections=160 active=158 t=1790154061817
EPOCH_ENDED epoch=1 elections=160 active=158 t=1790154061817
EPOCH_ENDED epoch=1 elections=160 active=158 t=1790154061817
EPOCH_ENDED epoch=1 elections=160 active=158 t=1790154061817
EPOCH_ADVANCED epoch=2 elections=160 active=158 vote_records=371076 t=1790154061841
EPOCH_ADVANCED epoch=2 elections=160 active=158 vote_records=371078 t=1790154061842
EPOCH_ADVANCED epoch=2 elections=160 active=158 vote_records=371076 t=1790154061843
EPOCH_ADVANCED epoch=2 elections=160 active=158 vote_records=371076 t=1790154061844
EPOCH_ADVANCED epoch=2 elections=160 active=158 vote_records=371080 t=1790154061844
EPOCH_ADVANCED epoch=2 elections=160 active=158 vote_records=371076 t=1790154061846
EPOCH_REPORT epoch=1 certified=15176 residual=138 root=39E02C22D17EB794C7976057991D9641766A67F616F5F6C20334FD0D8F23617E reports=1 t=1790154061852
EPOCH_REPORT epoch=1 certified=15176 residual=149 root=39E02C22D17EB794C7976057991D9641766A67F616F5F6C20334FD0D8F23617E reports=1 t=1790154061852
EPOCH_REPORT epoch=1 certified=15176 residual=149 root=39E02C22D17EB794C7976057991D9641766A67F616F5F6C20334FD0D8F23617E reports=1 t=1790154061858
EPOCH_REPORT epoch=1 certified=15176 residual=151 root=39E02C22D17EB794C7976057991D9641766A67F616F5F6C20334FD0D8F23617E reports=1 t=1790154061859
EPOCH_REPORT epoch=1 certified=15176 residual=136 root=39E02C22D17EB794C7976057991D9641766A67F616F5F6C20334FD0D8F23617E reports=1 t=1790154061860
EPOCH_REPORT epoch=1 certified=15176 residual=144 root=39E02C22D17EB794C7976057991D9641766A67F616F5F6C20334FD0D8F23617E reports=1 t=1790154061861
EPOCH_RECONCILED epoch=1 reporter=911999B2AEFA7ACC66EBD802B3301FF6CE431405107749D940277955CB7FDD07 complete=false entries=0 total=15176 t=1790154061902
EPOCH_RESIDUAL epoch=1 reporter=911999B2AEFA7ACC66EBD802B3301FF6CE431405107749D940277955CB7FDD07 votes=30478 derived=138 complete=true sketch_cells=0 t=1790154061905
EPOCH_RECONCILED epoch=1 reporter=735FE217D91E88EA82324C5883296385FA0041C2FAC85C827BAA46DA1E14B83F complete=false entries=0 total=15176 t=1790154061906
EPOCH_RESIDUAL epoch=1 reporter=735FE217D91E88EA82324C5883296385FA0041C2FAC85C827BAA46DA1E14B83F votes=30497 derived=151 complete=true sketch_cells=0 t=1790154061909
EPOCH_RECONCILED epoch=1 reporter=633D9D614858AB1710D5D8C3180E2A082DC97208BA8C26BA6C6D1A86C8E31CC0 complete=false entries=0 total=15176 t=1790154061909
EPOCH_RESIDUAL epoch=1 reporter=633D9D614858AB1710D5D8C3180E2A082DC97208BA8C26BA6C6D1A86C8E31CC0 votes=30494 derived=144 complete=true sketch_cells=0 t=1790154061912
EPOCH_RECONCILED epoch=1 reporter=A353E45E6D0016CAEED0DFA4EC5B0640E2AA22A793F9F2375E77F1AB92977C04 complete=false entries=0 total=15176 t=1790154061913
EPOCH_RESIDUAL epoch=1 reporter=A353E45E6D0016CAEED0DFA4EC5B0640E2AA22A793F9F2375E77F1AB92977C04 votes=30497 derived=149 complete=true sketch_cells=0 t=1790154061915
EPOCH_RECONCILED epoch=1 reporter=65A90023F6C0D2181AAA63F005D81BBC0C04650505E21D5123F9AE1F9E992BFF complete=false entries=0 total=15176 t=1790154061916
EPOCH_RECONCILED epoch=1 reporter=D315857CE70C54DE713F6E82E5613BB3A1266C15E28AD2F4338C7BBEC456F532 complete=false entries=0 total=15176 t=1790154061916
EPOCH_RESIDUAL epoch=1 reporter=65A90023F6C0D2181AAA63F005D81BBC0C04650505E21D5123F9AE1F9E992BFF votes=30497 derived=149 complete=true sketch_cells=0 t=1790154061919
EPOCH_RESIDUAL epoch=1 reporter=D315857CE70C54DE713F6E82E5613BB3A1266C15E28AD2F4338C7BBEC456F532 votes=30040 derived=136 complete=true sketch_cells=0 t=1790154061919
EPOCH_RECONCILED epoch=1 reporter=735FE217D91E88EA82324C5883296385FA0041C2FAC85C827BAA46DA1E14B83F complete=false entries=0 total=15176 t=1790154061919
EPOCH_RESIDUAL epoch=1 reporter=735FE217D91E88EA82324C5883296385FA0041C2FAC85C827BAA46DA1E14B83F votes=30497 derived=151 complete=true sketch_cells=0 t=1790154061922
EPOCH_CLOSE_READY epoch=1 t=1790154061923
EPOCH_RECONCILED epoch=1 reporter=911999B2AEFA7ACC66EBD802B3301FF6CE431405107749D940277955CB7FDD07 complete=false entries=0 total=15176 t=1790154061923
EPOCH_RESIDUAL epoch=1 reporter=911999B2AEFA7ACC66EBD802B3301FF6CE431405107749D940277955CB7FDD07 votes=30478 derived=138 complete=true sketch_cells=0 t=1790154061926
EPOCH_RECONCILED epoch=1 reporter=D315857CE70C54DE713F6E82E5613BB3A1266C15E28AD2F4338C7BBEC456F532 complete=false entries=0 total=15176 t=1790154061926
EPOCH_RESIDUAL epoch=1 reporter=D315857CE70C54DE713F6E82E5613BB3A1266C15E28AD2F4338C7BBEC456F532 votes=30040 derived=136 complete=true sketch_cells=0 t=1790154061929
EPOCH_RECONCILED epoch=1 reporter=633D9D614858AB1710D5D8C3180E2A082DC97208BA8C26BA6C6D1A86C8E31CC0 complete=false entries=0 total=15176 t=1790154061930
EPOCH_RESIDUAL epoch=1 reporter=633D9D614858AB1710D5D8C3180E2A082DC97208BA8C26BA6C6D1A86C8E31CC0 votes=30494 derived=144 complete=true sketch_cells=0 t=1790154061932
EPOCH_CLOSE_READY epoch=1 t=1790154061935
EPOCH_RECONCILED epoch=1 reporter=911999B2AEFA7ACC66EBD802B3301FF6CE431405107749D940277955CB7FDD07 complete=false entries=0 total=15176 t=1790154061951
EPOCH_RESIDUAL epoch=1 reporter=911999B2AEFA7ACC66EBD802B3301FF6CE431405107749D940277955CB7FDD07 votes=30478 derived=138 complete=true sketch_cells=0 t=1790154061954
EPOCH_RECONCILED epoch=1 reporter=A353E45E6D0016CAEED0DFA4EC5B0640E2AA22A793F9F2375E77F1AB92977C04 complete=false entries=0 total=15176 t=1790154061955
EPOCH_RESIDUAL epoch=1 reporter=A353E45E6D0016CAEED0DFA4EC5B0640E2AA22A793F9F2375E77F1AB92977C04 votes=30497 derived=149 complete=true sketch_cells=0 t=1790154061957
EPOCH_RECONCILED epoch=1 reporter=735FE217D91E88EA82324C5883296385FA0041C2FAC85C827BAA46DA1E14B83F complete=false entries=0 total=15176 t=1790154061958
EPOCH_RESIDUAL epoch=1 reporter=735FE217D91E88EA82324C5883296385FA0041C2FAC85C827BAA46DA1E14B83F votes=30497 derived=151 complete=true sketch_cells=0 t=1790154061966
EPOCH_RECONCILED epoch=1 reporter=65A90023F6C0D2181AAA63F005D81BBC0C04650505E21D5123F9AE1F9E992BFF complete=false entries=0 total=15176 t=1790154061967
EPOCH_RESIDUAL epoch=1 reporter=65A90023F6C0D2181AAA63F005D81BBC0C04650505E21D5123F9AE1F9E992BFF votes=30497 derived=149 complete=true sketch_cells=0 t=1790154061978
EPOCH_RECONCILED epoch=1 reporter=D315857CE70C54DE713F6E82E5613BB3A1266C15E28AD2F4338C7BBEC456F532 complete=false entries=0 total=15176 t=1790154061980
EPOCH_RESIDUAL epoch=1 reporter=D315857CE70C54DE713F6E82E5613BB3A1266C15E28AD2F4338C7BBEC456F532 votes=30040 derived=136 complete=true sketch_cells=0 t=1790154061984
EPOCH_CLOSE_READY epoch=1 t=1790154061989
EPOCH_RECONCILED epoch=1 reporter=633D9D614858AB1710D5D8C3180E2A082DC97208BA8C26BA6C6D1A86C8E31CC0 complete=false entries=0 total=15176 t=1790154062052
EPOCH_RESIDUAL epoch=1 reporter=633D9D614858AB1710D5D8C3180E2A082DC97208BA8C26BA6C6D1A86C8E31CC0 votes=30494 derived=144 complete=true sketch_cells=0 t=1790154062054
EPOCH_RECONCILED epoch=1 reporter=735FE217D91E88EA82324C5883296385FA0041C2FAC85C827BAA46DA1E14B83F complete=false entries=0 total=15176 t=1790154062055
EPOCH_RESIDUAL epoch=1 reporter=735FE217D91E88EA82324C5883296385FA0041C2FAC85C827BAA46DA1E14B83F votes=30497 derived=151 complete=true sketch_cells=0 t=1790154062057
EPOCH_RECONCILED epoch=1 reporter=65A90023F6C0D2181AAA63F005D81BBC0C04650505E21D5123F9AE1F9E992BFF complete=false entries=0 total=15176 t=1790154062058
EPOCH_PROPOSED epoch=1 round=0 value=143844562BBB56D42BA8F894839A8C3EE23B2DD8172248104674FDD033C62FA0 state=AE74BB81D443FB8A4DAAB2AC3A28168134D020077985E645F03F889EC583A03B reports=5 t=1790154062059
EPOCH_VALUE epoch=1 value=143844562BBB56D42BA8F894839A8C3EE23B2DD8172248104674FDD033C62FA0 state=AE74BB81D443FB8A4DAAB2AC3A28168134D020077985E645F03F889EC583A03B t=1790154062059
EPOCH_RESIDUAL epoch=1 reporter=65A90023F6C0D2181AAA63F005D81BBC0C04650505E21D5123F9AE1F9E992BFF votes=30497 derived=149 complete=true sketch_cells=0 t=1790154062091
EPOCH_RECONCILED epoch=1 reporter=A353E45E6D0016CAEED0DFA4EC5B0640E2AA22A793F9F2375E77F1AB92977C04 complete=false entries=0 total=15176 t=1790154062101
EPOCH_RECONCILED epoch=1 reporter=633D9D614858AB1710D5D8C3180E2A082DC97208BA8C26BA6C6D1A86C8E31CC0 complete=false entries=0 total=15176 t=1790154062102
EPOCH_RESIDUAL epoch=1 reporter=633D9D614858AB1710D5D8C3180E2A082DC97208BA8C26BA6C6D1A86C8E31CC0 votes=30494 derived=144 complete=true sketch_cells=0 t=1790154062106
EPOCH_RECONCILED epoch=1 reporter=A353E45E6D0016CAEED0DFA4EC5B0640E2AA22A793F9F2375E77F1AB92977C04 complete=false entries=0 total=15176 t=1790154062107
EPOCH_RESIDUAL epoch=1 reporter=A353E45E6D0016CAEED0DFA4EC5B0640E2AA22A793F9F2375E77F1AB92977C04 votes=30497 derived=149 complete=true sketch_cells=0 t=1790154062110
EPOCH_RESIDUAL epoch=1 reporter=A353E45E6D0016CAEED0DFA4EC5B0640E2AA22A793F9F2375E77F1AB92977C04 votes=30497 derived=149 complete=true sketch_cells=0 t=1790154062112
EPOCH_RECONCILED epoch=1 reporter=D315857CE70C54DE713F6E82E5613BB3A1266C15E28AD2F4338C7BBEC456F532 complete=false entries=0 total=15176 t=1790154062113
EPOCH_RECONCILED epoch=1 reporter=65A90023F6C0D2181AAA63F005D81BBC0C04650505E21D5123F9AE1F9E992BFF complete=false entries=0 total=15176 t=1790154062114
EPOCH_RESIDUAL epoch=1 reporter=65A90023F6C0D2181AAA63F005D81BBC0C04650505E21D5123F9AE1F9E992BFF votes=30497 derived=149 complete=true sketch_cells=0 t=1790154062118
EPOCH_RECONCILED epoch=1 reporter=911999B2AEFA7ACC66EBD802B3301FF6CE431405107749D940277955CB7FDD07 complete=false entries=0 total=15176 t=1790154062119
EPOCH_RESIDUAL epoch=1 reporter=D315857CE70C54DE713F6E82E5613BB3A1266C15E28AD2F4338C7BBEC456F532 votes=30040 derived=136 complete=true sketch_cells=0 t=1790154062123
EPOCH_RESIDUAL epoch=1 reporter=911999B2AEFA7ACC66EBD802B3301FF6CE431405107749D940277955CB7FDD07 votes=30478 derived=138 complete=true sketch_cells=0 t=1790154062125
EPOCH_RECONCILED epoch=1 reporter=735FE217D91E88EA82324C5883296385FA0041C2FAC85C827BAA46DA1E14B83F complete=false entries=0 total=15176 t=1790154062126
EPOCH_RESIDUAL epoch=1 reporter=735FE217D91E88EA82324C5883296385FA0041C2FAC85C827BAA46DA1E14B83F votes=30497 derived=151 complete=true sketch_cells=0 t=1790154062133
EPOCH_RECONCILED epoch=1 reporter=D315857CE70C54DE713F6E82E5613BB3A1266C15E28AD2F4338C7BBEC456F532 complete=false entries=0 total=15176 t=1790154062135
EPOCH_CLOSE_READY epoch=1 t=1790154062136
EPOCH_CLOSE_READY epoch=1 t=1790154062138
EPOCH_RESIDUAL epoch=1 reporter=D315857CE70C54DE713F6E82E5613BB3A1266C15E28AD2F4338C7BBEC456F532 votes=30040 derived=136 complete=true sketch_cells=0 t=1790154062140
EPOCH_RECONCILED epoch=1 reporter=911999B2AEFA7ACC66EBD802B3301FF6CE431405107749D940277955CB7FDD07 complete=false entries=0 total=15176 t=1790154062140
EPOCH_RESIDUAL epoch=1 reporter=911999B2AEFA7ACC66EBD802B3301FF6CE431405107749D940277955CB7FDD07 votes=30478 derived=138 complete=true sketch_cells=0 t=1790154062144
EPOCH_RECONCILED epoch=1 reporter=A353E45E6D0016CAEED0DFA4EC5B0640E2AA22A793F9F2375E77F1AB92977C04 complete=false entries=0 total=15176 t=1790154062145
EPOCH_RESIDUAL epoch=1 reporter=A353E45E6D0016CAEED0DFA4EC5B0640E2AA22A793F9F2375E77F1AB92977C04 votes=30497 derived=149 complete=true sketch_cells=0 t=1790154062149
EPOCH_RECONCILED epoch=1 reporter=65A90023F6C0D2181AAA63F005D81BBC0C04650505E21D5123F9AE1F9E992BFF complete=false entries=0 total=15176 t=1790154062150
EPOCH_RESIDUAL epoch=1 reporter=65A90023F6C0D2181AAA63F005D81BBC0C04650505E21D5123F9AE1F9E992BFF votes=30497 derived=149 complete=true sketch_cells=0 t=1790154062156
EPOCH_RECONCILED epoch=1 reporter=633D9D614858AB1710D5D8C3180E2A082DC97208BA8C26BA6C6D1A86C8E31CC0 complete=false entries=0 total=15176 t=1790154062157
EPOCH_RESIDUAL epoch=1 reporter=633D9D614858AB1710D5D8C3180E2A082DC97208BA8C26BA6C6D1A86C8E31CC0 votes=30494 derived=144 complete=true sketch_cells=0 t=1790154062162
EPOCH_CLOSE_READY epoch=1 t=1790154062168
EPOCH_CLOSE_ROUND epoch=1 round=0 leader=65A90023F6C0D2181AAA63F005D81BBC0C04650505E21D5123F9AE1F9E992BFF leads=true t=1790154062194
EPOCH_CLOSE_ROUND epoch=1 round=0 leader=65A90023F6C0D2181AAA63F005D81BBC0C04650505E21D5123F9AE1F9E992BFF leads=false t=1790154062205
EPOCH_VALUE epoch=1 value=143844562BBB56D42BA8F894839A8C3EE23B2DD8172248104674FDD033C62FA0 state=AE74BB81D443FB8A4DAAB2AC3A28168134D020077985E645F03F889EC583A03B t=1790154062223
EPOCH_VALUE epoch=1 value=143844562BBB56D42BA8F894839A8C3EE23B2DD8172248104674FDD033C62FA0 state=AE74BB81D443FB8A4DAAB2AC3A28168134D020077985E645F03F889EC583A03B t=1790154062225
EPOCH_CLOSE_ROUND epoch=1 round=0 leader=65A90023F6C0D2181AAA63F005D81BBC0C04650505E21D5123F9AE1F9E992BFF leads=false t=1790154062243
EPOCH_CLOSE_ROUND epoch=1 round=0 leader=65A90023F6C0D2181AAA63F005D81BBC0C04650505E21D5123F9AE1F9E992BFF leads=false t=1790154062342
EPOCH_CLOSE_ROUND epoch=1 round=0 leader=65A90023F6C0D2181AAA63F005D81BBC0C04650505E21D5123F9AE1F9E992BFF leads=false t=1790154062387
EPOCH_CLOSE_ROUND epoch=1 round=0 leader=65A90023F6C0D2181AAA63F005D81BBC0C04650505E21D5123F9AE1F9E992BFF leads=false t=1790154062423
EPOCH_VALUE epoch=1 value=143844562BBB56D42BA8F894839A8C3EE23B2DD8172248104674FDD033C62FA0 state=AE74BB81D443FB8A4DAAB2AC3A28168134D020077985E645F03F889EC583A03B t=1790154062721
EPOCH_VALUE epoch=1 value=143844562BBB56D42BA8F894839A8C3EE23B2DD8172248104674FDD033C62FA0 state=AE74BB81D443FB8A4DAAB2AC3A28168134D020077985E645F03F889EC583A03B t=1790154062767
EPOCH_VALUE epoch=1 value=143844562BBB56D42BA8F894839A8C3EE23B2DD8172248104674FDD033C62FA0 state=AE74BB81D443FB8A4DAAB2AC3A28168134D020077985E645F03F889EC583A03B t=1790154062775
EPOCH_INSTALL epoch=1 finalized=15325 instances_confirmed=13 t=1790154062905
EPOCH_INSTALL epoch=1 finalized=15325 instances_confirmed=13 t=1790154062905
EPOCH_INSTALL epoch=1 finalized=15325 instances_confirmed=13 t=1790154062906
EPOCH_INSTALL epoch=1 finalized=15325 instances_confirmed=13 t=1790154062906
EPOCH_INSTALL epoch=1 finalized=15325 instances_confirmed=13 t=1790154062907
EPOCH_INSTALL epoch=1 finalized=15325 instances_confirmed=13 t=1790154062908
EPOCH_COMMITTEE derived_by=1 members=7 accounts=13359 n=340281293449442793549167433923406631226 digest=9D5AFE42FD1C67AD854A0726A0312F26C480E8D3443A5F7A3CCCB540C8E840EE shares=["65A90023:16.7%", "735FE217:16.7%", "633D9D61:16.7%", "911999B2:16.7%", "D315857C:16.7%", "A353E45E:16.7%", "87C13ABF:0.0%"] t=1790154063199
EPOCH_OMITTED epoch=1 instances=9 retained=0 t=1790154063199
EPOCH_COMMITTEE derived_by=1 members=7 accounts=13359 n=340281293449442793549167433923406631226 digest=9D5AFE42FD1C67AD854A0726A0312F26C480E8D3443A5F7A3CCCB540C8E840EE shares=["65A90023:16.7%", "735FE217:16.7%", "633D9D61:16.7%", "911999B2:16.7%", "D315857C:16.7%", "A353E45E:16.7%", "87C13ABF:0.0%"] t=1790154063204
EPOCH_OMITTED epoch=1 instances=9 retained=0 t=1790154063204
EPOCH_COMMITTEE derived_by=1 members=7 accounts=13359 n=340281293449442793549167433923406631226 digest=9D5AFE42FD1C67AD854A0726A0312F26C480E8D3443A5F7A3CCCB540C8E840EE shares=["65A90023:16.7%", "735FE217:16.7%", "633D9D61:16.7%", "911999B2:16.7%", "D315857C:16.7%", "A353E45E:16.7%", "87C13ABF:0.0%"] t=1790154063206
EPOCH_OMITTED epoch=1 instances=9 retained=0 t=1790154063206
EPOCH_COMMITTEE derived_by=1 members=7 accounts=13359 n=340281293449442793549167433923406631226 digest=9D5AFE42FD1C67AD854A0726A0312F26C480E8D3443A5F7A3CCCB540C8E840EE shares=["65A90023:16.7%", "735FE217:16.7%", "633D9D61:16.7%", "911999B2:16.7%", "D315857C:16.7%", "A353E45E:16.7%", "87C13ABF:0.0%"] t=1790154063206
EPOCH_OMITTED epoch=1 instances=9 retained=0 t=1790154063206
EPOCH_GATE epoch=2 released=2070 finalized=1857 t=1790154063214
EPOCH_CLOSED epoch=1 round=0 value=143844562BBB56D42BA8F894839A8C3EE23B2DD8172248104674FDD033C62FA0 state=AE74BB81D443FB8A4DAAB2AC3A28168134D020077985E645F03F889EC583A03B t=1790154063214
EPOCH_COMMITTEE derived_by=1 members=7 accounts=13359 n=340281293449442793549167433923406631226 digest=9D5AFE42FD1C67AD854A0726A0312F26C480E8D3443A5F7A3CCCB540C8E840EE shares=["65A90023:16.7%", "735FE217:16.7%", "633D9D61:16.7%", "911999B2:16.7%", "D315857C:16.7%", "A353E45E:16.7%", "87C13ABF:0.0%"] t=1790154063214
EPOCH_OMITTED epoch=1 instances=9 retained=0 t=1790154063214
EPOCH_GATE epoch=2 released=2070 finalized=1857 t=1790154063216
EPOCH_CLOSED epoch=1 round=0 value=143844562BBB56D42BA8F894839A8C3EE23B2DD8172248104674FDD033C62FA0 state=AE74BB81D443FB8A4DAAB2AC3A28168134D020077985E645F03F889EC583A03B t=1790154063216
EPOCH_GATE epoch=2 released=2070 finalized=1857 t=1790154063218
EPOCH_CLOSED epoch=1 round=0 value=143844562BBB56D42BA8F894839A8C3EE23B2DD8172248104674FDD033C62FA0 state=AE74BB81D443FB8A4DAAB2AC3A28168134D020077985E645F03F889EC583A03B t=1790154063218
EPOCH_COMMITTEE derived_by=1 members=7 accounts=13359 n=340281293449442793549167433923406631226 digest=9D5AFE42FD1C67AD854A0726A0312F26C480E8D3443A5F7A3CCCB540C8E840EE shares=["65A90023:16.7%", "735FE217:16.7%", "633D9D61:16.7%", "911999B2:16.7%", "D315857C:16.7%", "A353E45E:16.7%", "87C13ABF:0.0%"] t=1790154063219
EPOCH_OMITTED epoch=1 instances=9 retained=0 t=1790154063220
EPOCH_GATE epoch=2 released=2070 finalized=1857 t=1790154063225
EPOCH_CLOSED epoch=1 round=0 value=143844562BBB56D42BA8F894839A8C3EE23B2DD8172248104674FDD033C62FA0 state=AE74BB81D443FB8A4DAAB2AC3A28168134D020077985E645F03F889EC583A03B t=1790154063225
EPOCH_GATE epoch=2 released=2070 finalized=1857 t=1790154063233
EPOCH_CLOSED epoch=1 round=0 value=143844562BBB56D42BA8F894839A8C3EE23B2DD8172248104674FDD033C62FA0 state=AE74BB81D443FB8A4DAAB2AC3A28168134D020077985E645F03F889EC583A03B t=1790154063233
EPOCH_GATE epoch=2 released=2070 finalized=1857 t=1790154063244
EPOCH_CLOSED epoch=1 round=0 value=143844562BBB56D42BA8F894839A8C3EE23B2DD8172248104674FDD033C62FA0 state=AE74BB81D443FB8A4DAAB2AC3A28168134D020077985E645F03F889EC583A03B t=1790154063244
EPOCH_INSTALLED epoch=1 finalized=15325 cemented=15313 queued=12 missing=0 t=1790154063265
EPOCH_INSTALLED epoch=1 finalized=15325 cemented=15313 queued=12 missing=0 t=1790154063305
EPOCH_INSTALLED epoch=1 finalized=15325 cemented=15312 queued=13 missing=0 t=1790154063314
EPOCH_INSTALLED epoch=1 finalized=15325 cemented=15313 queued=12 missing=0 t=1790154063316
EPOCH_INSTALLED epoch=1 finalized=15325 cemented=15313 queued=12 missing=0 t=1790154063316
EPOCH_INSTALLED epoch=1 finalized=15325 cemented=15313 queued=12 missing=0 t=1790154063467
