[2m2026-09-22T19:13:04.250735Z[0m [32m INFO[0m [2mnanospam::setup::account_map_factory[0m[2m:[0m Creating account keys file with 45000 keys: "/Users/ruimorais/NanoSpam/account_keys.txt"
[2m2026-09-22T19:13:04.987947Z[0m [32m INFO[0m [2mnanospam::setup::node_config_factory[0m[2m:[0m ********************************************************************************
[2m2026-09-22T19:13:04.987962Z[0m [32m INFO[0m [2mnanospam::setup::node_config_factory[0m[2m:[0m Setting up node PR0...
[2m2026-09-22T19:13:04.987967Z[0m [32m INFO[0m [2mnanospam::setup::node_config_factory[0m[2m:[0m Creating directory "/Users/ruimorais/NanoSpam/pr0"
[2m2026-09-22T19:13:04.988060Z[0m [32m INFO[0m [2mnanospam::setup::node_config_factory[0m[2m:[0m Creating node config file: "/Users/ruimorais/NanoSpam/pr0/config-node.toml"
[2m2026-09-22T19:13:04.988185Z[0m [32m INFO[0m [2mnanospam::setup::node_config_factory[0m[2m:[0m Creating rpc config file: "/Users/ruimorais/NanoSpam/pr0/config-rpc.toml"
[2m2026-09-22T19:13:04.988265Z[0m [32m INFO[0m [2mnanospam::setup::node_config_factory[0m[2m:[0m ********************************************************************************
[2m2026-09-22T19:13:04.988270Z[0m [32m INFO[0m [2mnanospam::setup::node_config_factory[0m[2m:[0m Setting up node PR1...
[2m2026-09-22T19:13:04.988273Z[0m [32m INFO[0m [2mnanospam::setup::node_config_factory[0m[2m:[0m Creating directory "/Users/ruimorais/NanoSpam/pr1"
[2m2026-09-22T19:13:04.988312Z[0m [32m INFO[0m [2mnanospam::setup::node_config_factory[0m[2m:[0m Creating node config file: "/Users/ruimorais/NanoSpam/pr1/config-node.toml"
[2m2026-09-22T19:13:04.988394Z[0m [32m INFO[0m [2mnanospam::setup::node_config_factory[0m[2m:[0m Creating rpc config file: "/Users/ruimorais/NanoSpam/pr1/config-rpc.toml"
[2m2026-09-22T19:13:04.988469Z[0m [32m INFO[0m [2mnanospam::setup::node_config_factory[0m[2m:[0m ********************************************************************************
[2m2026-09-22T19:13:04.988473Z[0m [32m INFO[0m [2mnanospam::setup::node_config_factory[0m[2m:[0m Setting up node PR2...
[2m2026-09-22T19:13:04.988477Z[0m [32m INFO[0m [2mnanospam::setup::node_config_factory[0m[2m:[0m Creating directory "/Users/ruimorais/NanoSpam/pr2"
[2m2026-09-22T19:13:04.988518Z[0m [32m INFO[0m [2mnanospam::setup::node_config_factory[0m[2m:[0m Creating node config file: "/Users/ruimorais/NanoSpam/pr2/config-node.toml"
[2m2026-09-22T19:13:04.988590Z[0m [32m INFO[0m [2mnanospam::setup::node_config_factory[0m[2m:[0m Creating rpc config file: "/Users/ruimorais/NanoSpam/pr2/config-rpc.toml"
[2m2026-09-22T19:13:04.988648Z[0m [32m INFO[0m [2mnanospam::setup::node_config_factory[0m[2m:[0m ********************************************************************************
[2m2026-09-22T19:13:04.988652Z[0m [32m INFO[0m [2mnanospam::setup::node_config_factory[0m[2m:[0m Setting up node PR3...
[2m2026-09-22T19:13:04.988656Z[0m [32m INFO[0m [2mnanospam::setup::node_config_factory[0m[2m:[0m Creating directory "/Users/ruimorais/NanoSpam/pr3"
[2m2026-09-22T19:13:04.988693Z[0m [32m INFO[0m [2mnanospam::setup::node_config_factory[0m[2m:[0m Creating node config file: "/Users/ruimorais/NanoSpam/pr3/config-node.toml"
[2m2026-09-22T19:13:04.988776Z[0m [32m INFO[0m [2mnanospam::setup::node_config_factory[0m[2m:[0m Creating rpc config file: "/Users/ruimorais/NanoSpam/pr3/config-rpc.toml"
[2m2026-09-22T19:13:04.988841Z[0m [32m INFO[0m [2mnanospam::setup::node_config_factory[0m[2m:[0m ********************************************************************************
[2m2026-09-22T19:13:04.988846Z[0m [32m INFO[0m [2mnanospam::setup::node_config_factory[0m[2m:[0m Setting up node PR4...
[2m2026-09-22T19:13:04.988849Z[0m [32m INFO[0m [2mnanospam::setup::node_config_factory[0m[2m:[0m Creating directory "/Users/ruimorais/NanoSpam/pr4"
[2m2026-09-22T19:13:04.988891Z[0m [32m INFO[0m [2mnanospam::setup::node_config_factory[0m[2m:[0m Creating node config file: "/Users/ruimorais/NanoSpam/pr4/config-node.toml"
[2m2026-09-22T19:13:04.988966Z[0m [32m INFO[0m [2mnanospam::setup::node_config_factory[0m[2m:[0m Creating rpc config file: "/Users/ruimorais/NanoSpam/pr4/config-rpc.toml"
[2m2026-09-22T19:13:04.989018Z[0m [32m INFO[0m [2mnanospam::setup::node_config_factory[0m[2m:[0m ********************************************************************************
[2m2026-09-22T19:13:04.989021Z[0m [32m INFO[0m [2mnanospam::setup::node_config_factory[0m[2m:[0m Setting up node PR5...
[2m2026-09-22T19:13:04.989024Z[0m [32m INFO[0m [2mnanospam::setup::node_config_factory[0m[2m:[0m Creating directory "/Users/ruimorais/NanoSpam/pr5"
[2m2026-09-22T19:13:04.989061Z[0m [32m INFO[0m [2mnanospam::setup::node_config_factory[0m[2m:[0m Creating node config file: "/Users/ruimorais/NanoSpam/pr5/config-node.toml"
[2m2026-09-22T19:13:04.989141Z[0m [32m INFO[0m [2mnanospam::setup::node_config_factory[0m[2m:[0m Creating rpc config file: "/Users/ruimorais/NanoSpam/pr5/config-rpc.toml"
[2m2026-09-22T19:13:04.989344Z[0m [32m INFO[0m [2mnanospam::setup::node_launcher[0m[2m:[0m Starting node: NANO_TEST_GENESIS_BLOCK="{\n    \"type\": \"open\",\n    \"account\": \"nano_3nroioygg54nusrmyun4woimqex36sp3drnctdt5955uqu47fxbkrxk7n7ne\",\n    \"source\": \"D315857CE70C54DE713F6E82E5613BB3A1266C15E28AD2F4338C7BBEC456F532\",\n    \"representative\": \"nano_3nroioygg54nusrmyun4woimqex36sp3drnctdt5955uqu47fxbkrxk7n7ne\",\n    \"signature\": \"3F6792C2DC623DF2E8643777160AB983B66B337E2478E13D2C3448126A8F4CD8DCCD19803C158A057FA44060AE0EFC09B1C311CB4FBF42F8D240610B38F56E08\",\n    \"work\": \"70FEF01F7EC45DEC\"\n    }" NANO_TEST_GENESIS_PRV ="49643F9B10CA1AA34F9AF8ED4AABD29F436104CCC375974B108534A48EAE3FE1" "rsnano" "--network" "test" "--data-path" "/Users/ruimorais/NanoSpam/pr0" "node" "run"
[2m2026-09-22T19:13:04.990058Z[0m [32m INFO[0m [2mnanospam::setup::node_launcher[0m[2m:[0m Waiting for RPC...
[2m2026-09-22T19:13:05.403604Z[0m [32m INFO[0m [2mnanospam::setup::node_launcher[0m[2m:[0m Starting node: NANO_TEST_GENESIS_BLOCK="{\n    \"type\": \"open\",\n    \"account\": \"nano_3nroioygg54nusrmyun4woimqex36sp3drnctdt5955uqu47fxbkrxk7n7ne\",\n    \"source\": \"D315857CE70C54DE713F6E82E5613BB3A1266C15E28AD2F4338C7BBEC456F532\",\n    \"representative\": \"nano_3nroioygg54nusrmyun4woimqex36sp3drnctdt5955uqu47fxbkrxk7n7ne\",\n    \"signature\": \"3F6792C2DC623DF2E8643777160AB983B66B337E2478E13D2C3448126A8F4CD8DCCD19803C158A057FA44060AE0EFC09B1C311CB4FBF42F8D240610B38F56E08\",\n    \"work\": \"70FEF01F7EC45DEC\"\n    }" NANO_TEST_GENESIS_PRV ="49643F9B10CA1AA34F9AF8ED4AABD29F436104CCC375974B108534A48EAE3FE1" "rsnano" "--network" "test" "--data-path" "/Users/ruimorais/NanoSpam/pr1" "node" "run"
[2m2026-09-22T19:13:05.403946Z[0m [32m INFO[0m [2mnanospam::setup::node_launcher[0m[2m:[0m Waiting for RPC...
[2m2026-09-22T19:13:05.508273Z[0m [32m INFO[0m [2mnanospam::setup::node_launcher[0m[2m:[0m Starting node: NANO_TEST_GENESIS_BLOCK="{\n    \"type\": \"open\",\n    \"account\": \"nano_3nroioygg54nusrmyun4woimqex36sp3drnctdt5955uqu47fxbkrxk7n7ne\",\n    \"source\": \"D315857CE70C54DE713F6E82E5613BB3A1266C15E28AD2F4338C7BBEC456F532\",\n    \"representative\": \"nano_3nroioygg54nusrmyun4woimqex36sp3drnctdt5955uqu47fxbkrxk7n7ne\",\n    \"signature\": \"3F6792C2DC623DF2E8643777160AB983B66B337E2478E13D2C3448126A8F4CD8DCCD19803C158A057FA44060AE0EFC09B1C311CB4FBF42F8D240610B38F56E08\",\n    \"work\": \"70FEF01F7EC45DEC\"\n    }" NANO_TEST_GENESIS_PRV ="49643F9B10CA1AA34F9AF8ED4AABD29F436104CCC375974B108534A48EAE3FE1" "rsnano" "--network" "test" "--data-path" "/Users/ruimorais/NanoSpam/pr2" "node" "run"
[2m2026-09-22T19:13:05.508688Z[0m [32m INFO[0m [2mnanospam::setup::node_launcher[0m[2m:[0m Waiting for RPC...
[2m2026-09-22T19:13:05.610700Z[0m [32m INFO[0m [2mnanospam::setup::node_launcher[0m[2m:[0m Starting node: NANO_TEST_GENESIS_BLOCK="{\n    \"type\": \"open\",\n    \"account\": \"nano_3nroioygg54nusrmyun4woimqex36sp3drnctdt5955uqu47fxbkrxk7n7ne\",\n    \"source\": \"D315857CE70C54DE713F6E82E5613BB3A1266C15E28AD2F4338C7BBEC456F532\",\n    \"representative\": \"nano_3nroioygg54nusrmyun4woimqex36sp3drnctdt5955uqu47fxbkrxk7n7ne\",\n    \"signature\": \"3F6792C2DC623DF2E8643777160AB983B66B337E2478E13D2C3448126A8F4CD8DCCD19803C158A057FA44060AE0EFC09B1C311CB4FBF42F8D240610B38F56E08\",\n    \"work\": \"70FEF01F7EC45DEC\"\n    }" NANO_TEST_GENESIS_PRV ="49643F9B10CA1AA34F9AF8ED4AABD29F436104CCC375974B108534A48EAE3FE1" "rsnano" "--network" "test" "--data-path" "/Users/ruimorais/NanoSpam/pr3" "node" "run"
[2m2026-09-22T19:13:05.611081Z[0m [32m INFO[0m [2mnanospam::setup::node_launcher[0m[2m:[0m Waiting for RPC...
[2m2026-09-22T19:13:05.713047Z[0m [32m INFO[0m [2mnanospam::setup::node_launcher[0m[2m:[0m Starting node: NANO_TEST_GENESIS_BLOCK="{\n    \"type\": \"open\",\n    \"account\": \"nano_3nroioygg54nusrmyun4woimqex36sp3drnctdt5955uqu47fxbkrxk7n7ne\",\n    \"source\": \"D315857CE70C54DE713F6E82E5613BB3A1266C15E28AD2F4338C7BBEC456F532\",\n    \"representative\": \"nano_3nroioygg54nusrmyun4woimqex36sp3drnctdt5955uqu47fxbkrxk7n7ne\",\n    \"signature\": \"3F6792C2DC623DF2E8643777160AB983B66B337E2478E13D2C3448126A8F4CD8DCCD19803C158A057FA44060AE0EFC09B1C311CB4FBF42F8D240610B38F56E08\",\n    \"work\": \"70FEF01F7EC45DEC\"\n    }" NANO_TEST_GENESIS_PRV ="49643F9B10CA1AA34F9AF8ED4AABD29F436104CCC375974B108534A48EAE3FE1" "rsnano" "--network" "test" "--data-path" "/Users/ruimorais/NanoSpam/pr4" "node" "run"
[2m2026-09-22T19:13:05.713494Z[0m [32m INFO[0m [2mnanospam::setup::node_launcher[0m[2m:[0m Waiting for RPC...
[2m2026-09-22T19:13:05.817567Z[0m [32m INFO[0m [2mnanospam::setup::node_launcher[0m[2m:[0m Starting node: NANO_TEST_GENESIS_BLOCK="{\n    \"type\": \"open\",\n    \"account\": \"nano_3nroioygg54nusrmyun4woimqex36sp3drnctdt5955uqu47fxbkrxk7n7ne\",\n    \"source\": \"D315857CE70C54DE713F6E82E5613BB3A1266C15E28AD2F4338C7BBEC456F532\",\n    \"representative\": \"nano_3nroioygg54nusrmyun4woimqex36sp3drnctdt5955uqu47fxbkrxk7n7ne\",\n    \"signature\": \"3F6792C2DC623DF2E8643777160AB983B66B337E2478E13D2C3448126A8F4CD8DCCD19803C158A057FA44060AE0EFC09B1C311CB4FBF42F8D240610B38F56E08\",\n    \"work\": \"70FEF01F7EC45DEC\"\n    }" NANO_TEST_GENESIS_PRV ="49643F9B10CA1AA34F9AF8ED4AABD29F436104CCC375974B108534A48EAE3FE1" "rsnano" "--network" "test" "--data-path" "/Users/ruimorais/NanoSpam/pr5" "node" "run"
[2m2026-09-22T19:13:05.818085Z[0m [32m INFO[0m [2mnanospam::setup::node_launcher[0m[2m:[0m Waiting for RPC...
[2m2026-09-22T19:13:05.920624Z[0m [32m INFO[0m [2mnanospam::wallets_factory[0m[2m:[0m Creating wallet...
[2m2026-09-22T19:13:05.988196Z[0m [32m INFO[0m [2mnanospam::wallets_factory[0m[2m:[0m Setting default representative...
[2m2026-09-22T19:13:05.988538Z[0m [32m INFO[0m [2mnanospam::wallets_factory[0m[2m:[0m Creating wallet...
[2m2026-09-22T19:13:06.034220Z[0m [32m INFO[0m [2mnanospam::wallets_factory[0m[2m:[0m Setting default representative...
[2m2026-09-22T19:13:06.034496Z[0m [32m INFO[0m [2mnanospam::wallets_factory[0m[2m:[0m Sending Ӿ40,047,061 to PR1 wallet nano_3atmwjh8t11psdqf3qx6xjfiei94oajch6zsyauowxzjogbbgz168g5mp8f1 ...
[2m2026-09-22T19:13:06.035014Z[0m [32m INFO[0m [2mnanospam::wallets_factory[0m[2m:[0m Waiting for confirmation for B19EAD8221E07E52EEB7CA7EE50577B662C489ADBA15C0727DB6F8AEDAD50081
[2m2026-09-22T19:13:21.114369Z[0m [32m INFO[0m [2mnanospam::wallets_factory[0m[2m:[0m Receiving...
[2m2026-09-22T19:13:21.116001Z[0m [32m INFO[0m [2mnanospam::wallets_factory[0m[2m:[0m Waiting for confirmation for CBAA8D9FE2AA2CFEB77B87886D76922E22E4C51C0C091A54179A7E5CF79FC967
[2m2026-09-22T19:13:21.322607Z[0m [32m INFO[0m [2mnanospam::wallets_factory[0m[2m:[0m DONE
[2m2026-09-22T19:13:21.322655Z[0m [32m INFO[0m [2mnanospam::wallets_factory[0m[2m:[0m ********************************************************************************
[2m2026-09-22T19:13:21.322663Z[0m [32m INFO[0m [2mnanospam::wallets_factory[0m[2m:[0m Creating wallet...
[2m2026-09-22T19:13:21.376028Z[0m [32m INFO[0m [2mnanospam::wallets_factory[0m[2m:[0m Setting default representative...
[2m2026-09-22T19:13:21.376323Z[0m [32m INFO[0m [2mnanospam::wallets_factory[0m[2m:[0m Sending Ӿ40,047,061 to PR2 wallet nano_36asm8scxymtsjmgqp14per3zxpgaec1c65qb9en1buscq7qzqa93tfyyzs3 ...
[2m2026-09-22T19:13:21.376691Z[0m [32m INFO[0m [2mnanospam::wallets_factory[0m[2m:[0m Waiting for confirmation for CAFB013DCCB20BBF4CC103A0FDD2BF25C8F109B9E984B96D0666840E4B0F89BA
[2m2026-09-22T19:13:21.480421Z[0m [32m INFO[0m [2mnanospam::wallets_factory[0m[2m:[0m Receiving...
[2m2026-09-22T19:13:21.481173Z[0m [32m INFO[0m [2mnanospam::wallets_factory[0m[2m:[0m Waiting for confirmation for 7189E44F408196E8FD1F393F06CDAD4F7C5A415B2A2DDFA8ABEABEE83DA60182
[2m2026-09-22T19:13:21.584190Z[0m [32m INFO[0m [2mnanospam::wallets_factory[0m[2m:[0m DONE
[2m2026-09-22T19:13:21.584227Z[0m [32m INFO[0m [2mnanospam::wallets_factory[0m[2m:[0m ********************************************************************************
[2m2026-09-22T19:13:21.584233Z[0m [32m INFO[0m [2mnanospam::wallets_factory[0m[2m:[0m Creating wallet...
[2m2026-09-22T19:13:21.642707Z[0m [32m INFO[0m [2mnanospam::wallets_factory[0m[2m:[0m Setting default representative...
[2m2026-09-22T19:13:21.642940Z[0m [32m INFO[0m [2mnanospam::wallets_factory[0m[2m:[0m Sending Ӿ40,047,061 to PR3 wallet nano_1sfb11jzfi8k51fcnrzi1qe3qh1e1jkic3h45oak9yfg5yhbkczzxfwtat7m ...
[2m2026-09-22T19:13:21.643276Z[0m [32m INFO[0m [2mnanospam::wallets_factory[0m[2m:[0m Waiting for confirmation for E2CEA882BAF6FE5BE932C387FEB7740D791CAF9E5BECC7CEE8176C7DDEE6378A
[2m2026-09-22T19:13:21.746901Z[0m [32m INFO[0m [2mnanospam::wallets_factory[0m[2m:[0m Receiving...
[2m2026-09-22T19:13:21.747650Z[0m [32m INFO[0m [2mnanospam::wallets_factory[0m[2m:[0m Waiting for confirmation for EA5EC3EAA2535557DB68742DBFA22A64B7B314876EE136F919471550E89D65D4
[2m2026-09-22T19:13:21.850952Z[0m [32m INFO[0m [2mnanospam::wallets_factory[0m[2m:[0m DONE
[2m2026-09-22T19:13:21.850998Z[0m [32m INFO[0m [2mnanospam::wallets_factory[0m[2m:[0m ********************************************************************************
[2m2026-09-22T19:13:21.851014Z[0m [32m INFO[0m [2mnanospam::wallets_factory[0m[2m:[0m Creating wallet...
[2m2026-09-22T19:13:21.914584Z[0m [32m INFO[0m [2mnanospam::wallets_factory[0m[2m:[0m Setting default representative...
[2m2026-09-22T19:13:21.914889Z[0m [32m INFO[0m [2mnanospam::wallets_factory[0m[2m:[0m Sending Ӿ40,047,061 to PR4 wallet nano_1rsxmoinip7d4wafdp855194n43fs7s1jgne6tx8ruatiu6g89815pddzijp ...
[2m2026-09-22T19:13:21.915352Z[0m [32m INFO[0m [2mnanospam::wallets_factory[0m[2m:[0m Waiting for confirmation for 22677C7E74B964C1E24887306A66EAC48330280DFA5744E0E21166EC47B5438A
[2m2026-09-22T19:13:22.122573Z[0m [32m INFO[0m [2mnanospam::wallets_factory[0m[2m:[0m Receiving...
[2m2026-09-22T19:13:22.123327Z[0m [32m INFO[0m [2mnanospam::wallets_factory[0m[2m:[0m Waiting for confirmation for 686B8354F9897585048EDBC473B612A3E2823DE919A66201E69841219A6B5651
[2m2026-09-22T19:13:22.330163Z[0m [32m INFO[0m [2mnanospam::wallets_factory[0m[2m:[0m DONE
[2m2026-09-22T19:13:22.330213Z[0m [32m INFO[0m [2mnanospam::wallets_factory[0m[2m:[0m ********************************************************************************
[2m2026-09-22T19:13:22.330218Z[0m [32m INFO[0m [2mnanospam::wallets_factory[0m[2m:[0m Creating wallet...
[2m2026-09-22T19:13:22.377854Z[0m [32m INFO[0m [2mnanospam::wallets_factory[0m[2m:[0m Setting default representative...
[2m2026-09-22T19:13:22.378204Z[0m [32m INFO[0m [2mnanospam::wallets_factory[0m[2m:[0m Sending Ӿ40,047,061 to PR5 wallet nano_1wtzwadxk9naxc356m4rienp93ht131w7ypadk39qck8uah3bg3zohsmj9th ...
[2m2026-09-22T19:13:22.378659Z[0m [32m INFO[0m [2mnanospam::wallets_factory[0m[2m:[0m Waiting for confirmation for 86B6E149E407121861E950D6B66B56BA39E500C199E580ED6065515C3C25094F
[2m2026-09-22T19:13:37.671415Z[0m [32m INFO[0m [2mnanospam::wallets_factory[0m[2m:[0m Receiving...
[2m2026-09-22T19:13:37.673128Z[0m [32m INFO[0m [2mnanospam::wallets_factory[0m[2m:[0m Waiting for confirmation for 417F8AEA0F6FDD9A5EE6F5896819E98A81FC15AA2CF56207A5BCFB27193E37A9
[2m2026-09-22T19:13:37.777380Z[0m [32m INFO[0m [2mnanospam::wallets_factory[0m[2m:[0m DONE
[2m2026-09-22T19:13:37.777447Z[0m [32m INFO[0m [2mnanospam::wallets_factory[0m[2m:[0m ********************************************************************************
[2m2026-09-22T19:13:37.777461Z[0m [32m INFO[0m [2mnanospam::wallets_factory[0m[2m:[0m Sending initial spam amount...
[2m2026-09-22T19:13:37.778591Z[0m [32m INFO[0m [2mnanospam::wallets_factory[0m[2m:[0m Waiting for confirmation for 1EF35A6FC8C40CC88F845A376A1E07C2992DB03FDF8E29FB376C2E7A693B3039
[2m2026-09-22T19:13:37.986433Z[0m [32m INFO[0m [2mnanospam::wallets_factory[0m[2m:[0m Receiving initial spam amount...
[2m2026-09-22T19:13:37.988000Z[0m [32m INFO[0m [2mnanospam::wallets_factory[0m[2m:[0m Waiting for confirmation for 7474DB017BF4C013A086135C5142550BCDBF7889A0D550C5454B5C772C1CEA5E
[2m2026-09-22T19:13:38.093460Z[0m [32m INFO[0m [2mnanospam::wallets_factory[0m[2m:[0m Seeding Ӿ14,285,714 to nano_1cogksju46eenfeyna7z9rktf8oe4gjfj7bu4z1dto44ty7je138moqpwnn8 for representative D315857CE70C54DE713F6E82E5613BB3A1266C15E28AD2F4338C7BBEC456F532
[2m2026-09-22T19:13:38.094983Z[0m [32m INFO[0m [2mnanospam::wallets_factory[0m[2m:[0m Waiting for confirmation for 79F921AF8BA72713AA6E3165BA3A51176EC8F5CA19CD6710B469939E98EE5A18
[2m2026-09-22T19:13:38.304688Z[0m [32m INFO[0m [2mnanospam::wallets_factory[0m[2m:[0m Waiting for confirmation for 6487382E2E20ACA5C08D13C303711D315B4C4A9E6809D690D8899A8483987395
[2m2026-09-22T19:13:38.408316Z[0m [32m INFO[0m [2mnanospam::wallets_factory[0m[2m:[0m Seeding Ӿ14,285,714 to nano_11hsnqmmmmrxbr98bqrefp4h99pihsjy7smziae83ghjmuu1i1sfm5ukq3qw for representative A353E45E6D0016CAEED0DFA4EC5B0640E2AA22A793F9F2375E77F1AB92977C04
[2m2026-09-22T19:13:38.408791Z[0m [32m INFO[0m [2mnanospam::wallets_factory[0m[2m:[0m Waiting for confirmation for 9ED57D77845C2026FB84E6EE7CB4069CB1C26802297B2639BFA94EB8BB274895
[2m2026-09-22T19:13:38.617059Z[0m [32m INFO[0m [2mnanospam::wallets_factory[0m[2m:[0m Waiting for confirmation for F587093941E88318BA68C0664716169570198DAB566BBB7620C66A1B542AAFAF
[2m2026-09-22T19:13:38.825768Z[0m [32m INFO[0m [2mnanospam::wallets_factory[0m[2m:[0m Seeding Ӿ14,285,714 to nano_3y8hp4sa9psgw4wy54ekjmgbionktx9z6zy6pc7k181jaxgdj8oaihbuaf34 for representative 911999B2AEFA7ACC66EBD802B3301FF6CE431405107749D940277955CB7FDD07
[2m2026-09-22T19:13:38.827278Z[0m [32m INFO[0m [2mnanospam::wallets_factory[0m[2m:[0m Waiting for confirmation for 6A7BEE1B8AD961231BC274BE2285A76AF711097A1E98734223FE3CC41CDC196E
[2m2026-09-22T19:13:38.933418Z[0m [32m INFO[0m [2mnanospam::wallets_factory[0m[2m:[0m Waiting for confirmation for A714B32F67D5601AB4F3EFF75023D692054399FAC1D4252B98C2BCFBB299A3F4
[2m2026-09-22T19:13:39.038792Z[0m [32m INFO[0m [2mnanospam::wallets_factory[0m[2m:[0m Seeding Ӿ14,285,714 to nano_3btkdkrz69nn7z3uc8ga6nzibit9ynst188k9qsf9f6w6uspfap7zgfze1rs for representative 65A90023F6C0D2181AAA63F005D81BBC0C04650505E21D5123F9AE1F9E992BFF
[2m2026-09-22T19:13:39.040496Z[0m [32m INFO[0m [2mnanospam::wallets_factory[0m[2m:[0m Waiting for confirmation for DA551A82D206AFB1B293B336CE5D09D559075F7E9B309163C75E3482072DD0D5
[2m2026-09-22T19:13:39.147244Z[0m [32m INFO[0m [2mnanospam::wallets_factory[0m[2m:[0m Waiting for confirmation for D1FB23F54E921F0C84E426C9582D0108C279AC3A0B7496E2C2B35E96F9D5A270
[2m2026-09-22T19:13:39.250207Z[0m [32m INFO[0m [2mnanospam::wallets_factory[0m[2m:[0m Seeding Ӿ14,285,714 to nano_3pi41r4qcyjpjcfcz3cg4pt5n116gx3s1yabegge4pgi46k1njotss8m6off for representative 633D9D614858AB1710D5D8C3180E2A082DC97208BA8C26BA6C6D1A86C8E31CC0
[2m2026-09-22T19:13:39.251369Z[0m [32m INFO[0m [2mnanospam::wallets_factory[0m[2m:[0m Waiting for confirmation for 95EB3D5341DEE62BAF6826F81BBEC877366E12513710CB896A52CFDC4D8F7180
[2m2026-09-22T19:13:39.460486Z[0m [32m INFO[0m [2mnanospam::wallets_factory[0m[2m:[0m Waiting for confirmation for 3981A5A6B1EF6E56AF7C122436CFB9ED2FD8DF2F0A468E5023A62B6B74D99F9B
[2m2026-09-22T19:13:39.564054Z[0m [32m INFO[0m [2mnanospam::wallets_factory[0m[2m:[0m Seeding Ӿ14,285,714 to nano_38rrjseioc79c1i8wohtj6iu9bnrhynukmrynro4yxtcrr73ei76owc54a5s for representative 735FE217D91E88EA82324C5883296385FA0041C2FAC85C827BAA46DA1E14B83F
[2m2026-09-22T19:13:39.564475Z[0m [32m INFO[0m [2mnanospam::wallets_factory[0m[2m:[0m Waiting for confirmation for E2149DBDC8031CBA6C38845639C791774A11E565203AECB610270A8D9DEB74D5
[2m2026-09-22T19:13:39.668717Z[0m [32m INFO[0m [2mnanospam::wallets_factory[0m[2m:[0m Waiting for confirmation for C6D59AE9BFB009EE8D8444D33BD0B8C552A7408911BD1E76FA1A6ED553C45ABB
[2m2026-09-22T19:13:39.876686Z[0m [32m INFO[0m [2mnanospam::high_prio_check[0m[2m:[0m Creating high priority accounts...
[2m2026-09-22T19:13:39.896240Z[0m [32m INFO[0m [2mnanospam::high_prio_check[0m[2m:[0m Waiting for confirmations...
[2m2026-09-22T19:13:42.150301Z[0m [32m INFO[0m [2mnanospam::app[0m[2m:[0m Waiting for all PRs to see the full quorum...
[2m2026-09-22T19:13:42.155145Z[0m [32m INFO[0m [2mnanospam::app[0m[2m:[0m All PRs see the full quorum after 2.268208ms
[2m2026-09-22T19:13:42.155224Z[0m [32m INFO[0m [2mnanospam::app[0m[2m:[0m Waiting for all PRs to hold the same cemented ledger...
[2m2026-09-22T19:13:42.156208Z[0m [32m INFO[0m [2mnanospam::app[0m[2m:[0m All PRs hold the same ledger of 65 blocks after 974.75µs
EPOCH_COMMITTEE derived_by=genesis members=6 accounts=33 n=340282366920938463463374607431768211455 digest=8D786F577D9D20F76EB1791682057FC0127637AA227D27EA9C8F240CDFAB006D shares=["D315857C:20.2%", "A353E45E:16.0%", "735FE217:16.0%", "633D9D61:16.0%", "65A90023:16.0%", "911999B2:16.0%"] t=1790104422156
EPOCH_START epoch=0 elections=0 t=1790104422156
EPOCH_COMMITTEE derived_by=genesis members=6 accounts=33 n=340282366920938463463374607431768211455 digest=8D786F577D9D20F76EB1791682057FC0127637AA227D27EA9C8F240CDFAB006D shares=["D315857C:20.2%", "A353E45E:16.0%", "735FE217:16.0%", "633D9D61:16.0%", "65A90023:16.0%", "911999B2:16.0%"] t=1790104422156
EPOCH_START epoch=0 elections=0 t=1790104422156
EPOCH_COMMITTEE derived_by=genesis members=6 accounts=33 n=340282366920938463463374607431768211455 digest=8D786F577D9D20F76EB1791682057FC0127637AA227D27EA9C8F240CDFAB006D shares=["D315857C:20.2%", "A353E45E:16.0%", "735FE217:16.0%", "633D9D61:16.0%", "65A90023:16.0%", "911999B2:16.0%"] t=1790104422156
EPOCH_START epoch=0 elections=0 t=1790104422156
EPOCH_COMMITTEE derived_by=genesis members=6 accounts=33 n=340282366920938463463374607431768211455 digest=8D786F577D9D20F76EB1791682057FC0127637AA227D27EA9C8F240CDFAB006D shares=["D315857C:20.2%", "A353E45E:16.0%", "735FE217:16.0%", "633D9D61:16.0%", "65A90023:16.0%", "911999B2:16.0%"] t=1790104422157
EPOCH_START epoch=0 elections=0 t=1790104422157
EPOCH_COMMITTEE derived_by=genesis members=6 accounts=33 n=340282366920938463463374607431768211455 digest=8D786F577D9D20F76EB1791682057FC0127637AA227D27EA9C8F240CDFAB006D shares=["D315857C:20.2%", "A353E45E:16.0%", "735FE217:16.0%", "633D9D61:16.0%", "65A90023:16.0%", "911999B2:16.0%"] t=1790104422157
EPOCH_START epoch=0 elections=0 t=1790104422157
EPOCH_COMMITTEE derived_by=genesis members=6 accounts=33 n=340282366920938463463374607431768211455 digest=8D786F577D9D20F76EB1791682057FC0127637AA227D27EA9C8F240CDFAB006D shares=["D315857C:20.2%", "A353E45E:16.0%", "735FE217:16.0%", "633D9D61:16.0%", "65A90023:16.0%", "911999B2:16.0%"] t=1790104422158
EPOCH_START epoch=0 elections=0 t=1790104422158
[2m2026-09-22T19:13:42.158435Z[0m [32m INFO[0m [2mnanospam::app[0m[2m:[0m Started the epochs on every PR
[2m2026-09-22T19:13:42.158465Z[0m [32m INFO[0m [2mnanospam::app[0m[2m:[0m Connecting to node PR0... [3mpeer_addr[0m[2m=[0m[::1]:17075
[2m2026-09-22T19:13:42.158885Z[0m [32m INFO[0m [2mnanospam::app[0m[2m:[0m Performing handshake...
[2m2026-09-22T19:13:42.159587Z[0m [32m INFO[0m [2mnanospam::app[0m[2m:[0m Performing handshake...
[2m2026-09-22T19:13:42.170617Z[0m [32m INFO[0m [2mnanospam::app[0m[2m:[0m Performing handshake...
[2m2026-09-22T19:13:42.181546Z[0m [32m INFO[0m [2mnanospam::app[0m[2m:[0m Performing handshake...
[2m2026-09-22T19:13:42.193411Z[0m [32m INFO[0m [2mnanospam::app[0m[2m:[0m Connecting to node PR1... [3mpeer_addr[0m[2m=[0m[::1]:17085
[2m2026-09-22T19:13:42.193654Z[0m [32m INFO[0m [2mnanospam::app[0m[2m:[0m Performing handshake...
[2m2026-09-22T19:13:42.194291Z[0m [32m INFO[0m [2mnanospam::app[0m[2m:[0m Performing handshake...
[2m2026-09-22T19:13:42.206377Z[0m [32m INFO[0m [2mnanospam::app[0m[2m:[0m Performing handshake...
[2m2026-09-22T19:13:42.217971Z[0m [32m INFO[0m [2mnanospam::app[0m[2m:[0m Performing handshake...
[2m2026-09-22T19:13:42.228961Z[0m [32m INFO[0m [2mnanospam::app[0m[2m:[0m Connecting to node PR2... [3mpeer_addr[0m[2m=[0m[::1]:17095
[2m2026-09-22T19:13:42.229351Z[0m [32m INFO[0m [2mnanospam::app[0m[2m:[0m Performing handshake...
[2m2026-09-22T19:13:42.230279Z[0m [32m INFO[0m [2mnanospam::app[0m[2m:[0m Performing handshake...
[2m2026-09-22T19:13:42.241588Z[0m [32m INFO[0m [2mnanospam::app[0m[2m:[0m Performing handshake...
[2m2026-09-22T19:13:42.253721Z[0m [32m INFO[0m [2mnanospam::app[0m[2m:[0m Performing handshake...
[2m2026-09-22T19:13:42.265969Z[0m [32m INFO[0m [2mnanospam::app[0m[2m:[0m Connecting to node PR3... [3mpeer_addr[0m[2m=[0m[::1]:17105
[2m2026-09-22T19:13:42.266339Z[0m [32m INFO[0m [2mnanospam::app[0m[2m:[0m Performing handshake...
[2m2026-09-22T19:13:42.267286Z[0m [32m INFO[0m [2mnanospam::app[0m[2m:[0m Performing handshake...
[2m2026-09-22T19:13:42.278858Z[0m [32m INFO[0m [2mnanospam::app[0m[2m:[0m Performing handshake...
[2m2026-09-22T19:13:42.289134Z[0m [32m INFO[0m [2mnanospam::app[0m[2m:[0m Performing handshake...
[2m2026-09-22T19:13:42.300946Z[0m [32m INFO[0m [2mnanospam::app[0m[2m:[0m Connecting to node PR4... [3mpeer_addr[0m[2m=[0m[::1]:17115
[2m2026-09-22T19:13:42.301209Z[0m [32m INFO[0m [2mnanospam::app[0m[2m:[0m Performing handshake...
[2m2026-09-22T19:13:42.301881Z[0m [32m INFO[0m [2mnanospam::app[0m[2m:[0m Performing handshake...
[2m2026-09-22T19:13:42.312815Z[0m [32m INFO[0m [2mnanospam::app[0m[2m:[0m Performing handshake...
[2m2026-09-22T19:13:42.323890Z[0m [32m INFO[0m [2mnanospam::app[0m[2m:[0m Performing handshake...
[2m2026-09-22T19:13:42.334657Z[0m [32m INFO[0m [2mnanospam::app[0m[2m:[0m Connecting to node PR5... [3mpeer_addr[0m[2m=[0m[::1]:17125
[2m2026-09-22T19:13:42.334874Z[0m [32m INFO[0m [2mnanospam::app[0m[2m:[0m Performing handshake...
[2m2026-09-22T19:13:42.335444Z[0m [32m INFO[0m [2mnanospam::app[0m[2m:[0m Performing handshake...
[2m2026-09-22T19:13:42.347055Z[0m [32m INFO[0m [2mnanospam::app[0m[2m:[0m Performing handshake...
[2m2026-09-22T19:13:42.359462Z[0m [32m INFO[0m [2mnanospam::app[0m[2m:[0m Performing handshake...
[2m2026-09-22T19:13:42.370569Z[0m [32m INFO[0m [2mnanospam::app[0m[2m:[0m Connecting to websocket...
[2m2026-09-22T19:13:42.371844Z[0m [32m INFO[0m [2mnanospam::app[0m[2m:[0m Starting with 2000 BPS
[2m2026-09-22T19:13:43.372212Z[0m [32m INFO[0m [2mnanospam::app[0m[2m:[0m Confirmed 549 blocks | 2,000 bps | 624 cps | avg conf time: 105 ms
[2m2026-09-22T19:13:44.373315Z[0m [32m INFO[0m [2mnanospam::app[0m[2m:[0m Confirmed 3,703 blocks | 2,000 bps | 3,150 cps | avg conf time: 146 ms
[2m2026-09-22T19:13:45.374250Z[0m [32m INFO[0m [2mnanospam::app[0m[2m:[0m Confirmed 6,068 blocks | 2,000 bps | 2,362 cps | avg conf time: 178 ms
[2m2026-09-22T19:13:46.375309Z[0m [32m INFO[0m [2mnanospam::app[0m[2m:[0m Confirmed 7,957 blocks | 2,000 bps | 1,886 cps | avg conf time: 107 ms
[2m2026-09-22T19:13:47.376121Z[0m [32m INFO[0m [2mnanospam::app[0m[2m:[0m Confirmed 9,699 blocks | 2,000 bps | 1,740 cps | avg conf time: 98 ms
[2m2026-09-22T19:13:48.377207Z[0m [32m INFO[0m [2mnanospam::app[0m[2m:[0m Confirmed 11,543 blocks | 2,000 bps | 1,841 cps | avg conf time: 101 ms
[2m2026-09-22T19:13:49.378078Z[0m [32m INFO[0m [2mnanospam::app[0m[2m:[0m Confirmed 13,320 blocks | 2,000 bps | 1,775 cps | avg conf time: 103 ms
EPOCH_ENDED epoch=0 elections=941 active=215 t=1790104430156
EPOCH_ENDED epoch=0 elections=923 active=125 t=1790104430156
EPOCH_ENDED epoch=0 elections=931 active=133 t=1790104430159
EPOCH_ENDED epoch=0 elections=922 active=124 t=1790104430159
EPOCH_ENDED epoch=0 elections=925 active=127 t=1790104430159
EPOCH_ENDED epoch=0 elections=925 active=127 t=1790104430159
EPOCH_DRAIN_WAIT epoch=0 unterminated=15 previous_closed=true first=["74AD0DC10348C7132C934AD3ED2CC9A2CFDDFD15BDE907376E7FA5CC559DEB54:active:1:1", "7997D6A3F85C55DB85744C70CDFDB23AB2F4FCBF2400892395047F98E5BF5A47:active:1:1", "B667DE6CC26993649C2280FFE956B7CE475C8146B8D557AF6CAE56ADD197469E:active:1:3"] t=1790104430241
EPOCH_DRAIN_WAIT epoch=0 unterminated=10 previous_closed=true first=["74AD0DC10348C7132C934AD3ED2CC9A2CFDDFD15BDE907376E7FA5CC559DEB54:active:1:3", "7997D6A3F85C55DB85744C70CDFDB23AB2F4FCBF2400892395047F98E5BF5A47:active:1:3", "B667DE6CC26993649C2280FFE956B7CE475C8146B8D557AF6CAE56ADD197469E:active:1:6"] t=1790104430276
EPOCH_DRAIN_WAIT epoch=0 unterminated=7 previous_closed=true first=["74AD0DC10348C7132C934AD3ED2CC9A2CFDDFD15BDE907376E7FA5CC559DEB54:active:1:4", "7997D6A3F85C55DB85744C70CDFDB23AB2F4FCBF2400892395047F98E5BF5A47:active:1:4", "C54BC8B58675CEEB515646A39BB4E7E63B6AFEDCBB9852E64D80DE3011E661E1:active:1:4"] t=1790104430297
[2m2026-09-22T19:13:50.379024Z[0m [32m INFO[0m [2mnanospam::app[0m[2m:[0m Confirmed 14,950 blocks | 2,000 bps | 1,628 cps | avg conf time: 104 ms
EPOCH_CLOSE_READY epoch=0 value=85A90D497B2718017E8AADA2D5CD76E35656428ED55452E3E5EC7BEA956F89EA t=1790104430610
EPOCH_CLOSE_ROUND epoch=0 round=0 leader=633D9D614858AB1710D5D8C3180E2A082DC97208BA8C26BA6C6D1A86C8E31CC0 leads=false t=1790104430610
EPOCH_ADVANCED epoch=1 elections=740 active=0 t=1790104430610
EPOCH_CLOSE_READY epoch=0 value=85A90D497B2718017E8AADA2D5CD76E35656428ED55452E3E5EC7BEA956F89EA t=1790104430635
EPOCH_CLOSE_ROUND epoch=0 round=0 leader=633D9D614858AB1710D5D8C3180E2A082DC97208BA8C26BA6C6D1A86C8E31CC0 leads=true t=1790104430635
EPOCH_ADVANCED epoch=1 elections=740 active=0 t=1790104430635
EPOCH_REPORT epoch=0 certified=15958 residual=532 root=56938F21338A5600AACDB8709C18AF3FC97C9D432569D5DED50E96436637FF7A reports=1 t=1790104430643
EPOCH_REPORT epoch=0 certified=15958 residual=537 root=56938F21338A5600AACDB8709C18AF3FC97C9D432569D5DED50E96436637FF7A reports=1 t=1790104430654
EPOCH_CLOSE_READY epoch=0 value=8429D274BB227EA473BB77D66509AFC9BC5C9F8B76C0A52B9917EBAD2EBC3837 t=1790104430966
EPOCH_CLOSE_ROUND epoch=0 round=0 leader=633D9D614858AB1710D5D8C3180E2A082DC97208BA8C26BA6C6D1A86C8E31CC0 leads=false t=1790104430966
EPOCH_ADVANCED epoch=1 elections=739 active=0 t=1790104430966
EPOCH_REPORT epoch=0 certified=15957 residual=525 root=476B5A93AC61BEDD1EC11A28C7130C2C91436D9CF5D5DCA88534ACB06492CE27 reports=1 t=1790104430989
EPOCH_RECONCILED epoch=0 reporter=A353E45E6D0016CAEED0DFA4EC5B0640E2AA22A793F9F2375E77F1AB92977C04 complete=true entries=0 total=15957 t=1790104431118
EPOCH_CLOSE_READY epoch=0 value=8979B09DE6AF138C2A56B89C10AC04F648808E842C857F9BB99B1F7EF2B9E9BA t=1790104431148
EPOCH_CLOSE_ROUND epoch=0 round=0 leader=633D9D614858AB1710D5D8C3180E2A082DC97208BA8C26BA6C6D1A86C8E31CC0 leads=false t=1790104431148
EPOCH_ADVANCED epoch=1 elections=739 active=0 t=1790104431148
EPOCH_CLOSE_READY epoch=0 value=85A90D497B2718017E8AADA2D5CD76E35656428ED55452E3E5EC7BEA956F89EA t=1790104431167
EPOCH_CLOSE_ROUND epoch=0 round=0 leader=633D9D614858AB1710D5D8C3180E2A082DC97208BA8C26BA6C6D1A86C8E31CC0 leads=false t=1790104431167
EPOCH_ADVANCED epoch=1 elections=739 active=0 t=1790104431167
EPOCH_REPORT epoch=0 certified=15918 residual=566 root=251C7E7C5FAB73C4A2C547C510169F19E9684E841CB2CE3442D5C3C33161745F reports=1 t=1790104431170
EPOCH_RECONCILED epoch=0 reporter=735FE217D91E88EA82324C5883296385FA0041C2FAC85C827BAA46DA1E14B83F complete=true entries=0 total=15918 t=1790104431186
EPOCH_REPORT epoch=0 certified=15958 residual=543 root=A28669818BCA8456A5FBC688F8B9FA3BBEA7743A3E2BE77871E5B37362979611 reports=1 t=1790104431191
EPOCH_RECONCILED epoch=0 reporter=D315857CE70C54DE713F6E82E5613BB3A1266C15E28AD2F4338C7BBEC456F532 complete=true entries=0 total=15958 t=1790104431224
[2m2026-09-22T19:13:51.380030Z[0m [32m INFO[0m [2mnanospam::app[0m[2m:[0m Confirmed 14,950 blocks | 2,000 bps | 0 cps | avg conf time: 0 ms
EPOCH_RECONCILED epoch=0 reporter=D315857CE70C54DE713F6E82E5613BB3A1266C15E28AD2F4338C7BBEC456F532 complete=true entries=0 total=15958 t=1790104431511
EPOCH_RECONCILED epoch=0 reporter=D315857CE70C54DE713F6E82E5613BB3A1266C15E28AD2F4338C7BBEC456F532 complete=true entries=0 total=15958 t=1790104431526
EPOCH_CLOSE_READY epoch=0 value=85A90D497B2718017E8AADA2D5CD76E35656428ED55452E3E5EC7BEA956F89EA t=1790104431644
EPOCH_CLOSE_ROUND epoch=0 round=0 leader=633D9D614858AB1710D5D8C3180E2A082DC97208BA8C26BA6C6D1A86C8E31CC0 leads=false t=1790104431644
EPOCH_ADVANCED epoch=1 elections=739 active=0 t=1790104431644
EPOCH_REPORT epoch=0 certified=15958 residual=541 root=A28669818BCA8456A5FBC688F8B9FA3BBEA7743A3E2BE77871E5B37362979611 reports=1 t=1790104431677
EPOCH_RECONCILED epoch=0 reporter=911999B2AEFA7ACC66EBD802B3301FF6CE431405107749D940277955CB7FDD07 complete=true entries=0 total=15958 t=1790104431843
EPOCH_RECONCILED epoch=0 reporter=D315857CE70C54DE713F6E82E5613BB3A1266C15E28AD2F4338C7BBEC456F532 complete=true entries=0 total=15958 t=1790104431844
EPOCH_RECONCILED epoch=0 reporter=911999B2AEFA7ACC66EBD802B3301FF6CE431405107749D940277955CB7FDD07 complete=true entries=0 total=15958 t=1790104431886
EPOCH_CLOSE_ROUND epoch=0 round=1 leader=65A90023F6C0D2181AAA63F005D81BBC0C04650505E21D5123F9AE1F9E992BFF leads=false t=1790104431962
EPOCH_CLOSE_ROUND epoch=0 round=1 leader=65A90023F6C0D2181AAA63F005D81BBC0C04650505E21D5123F9AE1F9E992BFF leads=true t=1790104431968
EPOCH_RECONCILED epoch=0 reporter=911999B2AEFA7ACC66EBD802B3301FF6CE431405107749D940277955CB7FDD07 complete=true entries=0 total=15958 t=1790104432001
EPOCH_RECONCILED epoch=0 reporter=911999B2AEFA7ACC66EBD802B3301FF6CE431405107749D940277955CB7FDD07 complete=true entries=0 total=15958 t=1790104432010
EPOCH_CLOSE_ROUND epoch=0 round=1 leader=65A90023F6C0D2181AAA63F005D81BBC0C04650505E21D5123F9AE1F9E992BFF leads=false t=1790104432148
EPOCH_CLOSE_ROUND epoch=0 round=1 leader=65A90023F6C0D2181AAA63F005D81BBC0C04650505E21D5123F9AE1F9E992BFF leads=false t=1790104432167
EPOCH_CLOSED epoch=0 round=0 value=85A90D497B2718017E8AADA2D5CD76E35656428ED55452E3E5EC7BEA956F89EA own=true t=1790104432174
EPOCH_CLOSED epoch=0 round=0 value=85A90D497B2718017E8AADA2D5CD76E35656428ED55452E3E5EC7BEA956F89EA own=true t=1790104432175
EPOCH_CLOSED epoch=0 round=0 value=85A90D497B2718017E8AADA2D5CD76E35656428ED55452E3E5EC7BEA956F89EA own=true t=1790104432175
EPOCH_CLOSED epoch=0 round=0 value=85A90D497B2718017E8AADA2D5CD76E35656428ED55452E3E5EC7BEA956F89EA own=true t=1790104432175
EPOCH_COMMITTEE derived_by=0 members=6 accounts=6888 n=330359650395643129393723905400826097934 digest=054DBCDD2F4661B659899BCC03727E5625447DEF21C04E86F9605E75FC03FBFF shares=["65A90023:19.4%", "911999B2:16.5%", "735FE217:16.4%", "A353E45E:16.3%", "D315857C:15.9%", "633D9D61:15.5%"] t=1790104432179
EPOCH_AGREED epoch=0 value=85A90D497B2718017E8AADA2D5CD76E35656428ED55452E3E5EC7BEA956F89EA t=1790104432179
EPOCH_COMMITTEE derived_by=0 members=6 accounts=6888 n=330359650395643129393723905400826097934 digest=054DBCDD2F4661B659899BCC03727E5625447DEF21C04E86F9605E75FC03FBFF shares=["65A90023:19.4%", "911999B2:16.5%", "735FE217:16.4%", "A353E45E:16.3%", "D315857C:15.9%", "633D9D61:15.5%"] t=1790104432180
EPOCH_AGREED epoch=0 value=85A90D497B2718017E8AADA2D5CD76E35656428ED55452E3E5EC7BEA956F89EA t=1790104432180
EPOCH_COMMITTEE derived_by=0 members=6 accounts=6888 n=330359650395643129393723905400826097934 digest=054DBCDD2F4661B659899BCC03727E5625447DEF21C04E86F9605E75FC03FBFF shares=["65A90023:19.4%", "911999B2:16.5%", "735FE217:16.4%", "A353E45E:16.3%", "D315857C:15.9%", "633D9D61:15.5%"] t=1790104432182
EPOCH_AGREED epoch=0 value=85A90D497B2718017E8AADA2D5CD76E35656428ED55452E3E5EC7BEA956F89EA t=1790104432182
EPOCH_COMMITTEE derived_by=0 members=6 accounts=6888 n=330359650395643129393723905400826097934 digest=054DBCDD2F4661B659899BCC03727E5625447DEF21C04E86F9605E75FC03FBFF shares=["65A90023:19.4%", "911999B2:16.5%", "735FE217:16.4%", "A353E45E:16.3%", "D315857C:15.9%", "633D9D61:15.5%"] t=1790104432183
EPOCH_AGREED epoch=0 value=85A90D497B2718017E8AADA2D5CD76E35656428ED55452E3E5EC7BEA956F89EA t=1790104432183
EPOCH_CLOSE_READY epoch=0 value=85A90D497B2718017E8AADA2D5CD76E35656428ED55452E3E5EC7BEA956F89EA t=1790104432341
[2m2026-09-22T19:13:52.381012Z[0m [32m INFO[0m [2mnanospam::app[0m[2m:[0m Confirmed 18,523 blocks | 2,000 bps | 3,569 cps | avg conf time: 583 ms
EPOCH_CLOSE_READY epoch=0 value=85A90D497B2718017E8AADA2D5CD76E35656428ED55452E3E5EC7BEA956F89EA t=1790104432420
EPOCH_CLOSED epoch=0 round=0 value=85A90D497B2718017E8AADA2D5CD76E35656428ED55452E3E5EC7BEA956F89EA own=true t=1790104432481
EPOCH_COMMITTEE derived_by=0 members=6 accounts=6888 n=330359650395643129393723905400826097934 digest=054DBCDD2F4661B659899BCC03727E5625447DEF21C04E86F9605E75FC03FBFF shares=["65A90023:19.4%", "911999B2:16.5%", "735FE217:16.4%", "A353E45E:16.3%", "D315857C:15.9%", "633D9D61:15.5%"] t=1790104432486
EPOCH_AGREED epoch=0 value=85A90D497B2718017E8AADA2D5CD76E35656428ED55452E3E5EC7BEA956F89EA t=1790104432486
EPOCH_CLOSED epoch=0 round=0 value=85A90D497B2718017E8AADA2D5CD76E35656428ED55452E3E5EC7BEA956F89EA own=true t=1790104432580
EPOCH_COMMITTEE derived_by=0 members=6 accounts=6888 n=330359650395643129393723905400826097934 digest=054DBCDD2F4661B659899BCC03727E5625447DEF21C04E86F9605E75FC03FBFF shares=["65A90023:19.4%", "911999B2:16.5%", "735FE217:16.4%", "A353E45E:16.3%", "D315857C:15.9%", "633D9D61:15.5%"] t=1790104432584
EPOCH_AGREED epoch=0 value=85A90D497B2718017E8AADA2D5CD76E35656428ED55452E3E5EC7BEA956F89EA t=1790104432584
[2m2026-09-22T19:13:53.381935Z[0m [32m INFO[0m [2mnanospam::app[0m[2m:[0m Confirmed 20,541 blocks | 2,000 bps | 2,016 cps | avg conf time: 120 ms
[2m2026-09-22T19:13:54.382980Z[0m [32m INFO[0m [2mnanospam::app[0m[2m:[0m Confirmed 22,366 blocks | 2,000 bps | 1,823 cps | avg conf time: 99 ms
[2m2026-09-22T19:13:55.383889Z[0m [32m INFO[0m [2mnanospam::app[0m[2m:[0m Confirmed 24,134 blocks | 2,000 bps | 1,766 cps | avg conf time: 107 ms
[2m2026-09-22T19:13:56.385072Z[0m [32m INFO[0m [2mnanospam::app[0m[2m:[0m Confirmed 25,980 blocks | 2,000 bps | 1,843 cps | avg conf time: 105 ms
[2m2026-09-22T19:13:57.385880Z[0m [32m INFO[0m [2mnanospam::app[0m[2m:[0m Confirmed 27,766 blocks | 2,000 bps | 1,784 cps | avg conf time: 108 ms
EPOCH_ENDED epoch=1 elections=1646 active=104 t=1790104438159
EPOCH_ENDED epoch=1 elections=1644 active=102 t=1790104438159
EPOCH_ENDED epoch=1 elections=1643 active=101 t=1790104438159
EPOCH_ENDED epoch=1 elections=1643 active=101 t=1790104438160
EPOCH_ENDED epoch=1 elections=1644 active=102 t=1790104438160
EPOCH_ENDED epoch=1 elections=1645 active=103 t=1790104438160
EPOCH_DRAIN_WAIT epoch=1 unterminated=77 previous_closed=true first=["DDC1EDE808D9A2CAFCD7ADD3CDA26AEC39D324153B44C3CEE59AAD0B5E614E1C:active:1:3", "0190ED14EAE05E9D417C09251D5FE1C95EA3D1D3D97320765B09B01F9B7B831F:active:1:2", "751512F6D7A00FF60111DD8BABA1C3D27676771FD74AF059F808C59967B9ACF8:active:1:3"] t=1790104438191
EPOCH_DRAIN_WAIT epoch=1 unterminated=75 previous_closed=true first=["DDC1EDE808D9A2CAFCD7ADD3CDA26AEC39D324153B44C3CEE59AAD0B5E614E1C:active:1:3", "0190ED14EAE05E9D417C09251D5FE1C95EA3D1D3D97320765B09B01F9B7B831F:active:1:2", "751512F6D7A00FF60111DD8BABA1C3D27676771FD74AF059F808C59967B9ACF8:active:1:3"] t=1790104438198
EPOCH_DRAIN_WAIT epoch=1 unterminated=39 previous_closed=true first=["B6471BA8D677D8BE246A9DA15FA8AF4B9EE0D9B08743B016D8E9E7DD9B8E700A:active:1:2", "35F5F28EA549FF8C2EAB1EC6EA2DBE451DEF32A58534EBE195EA42F094C6802C:active:1:2", "7133FD56FC415FF23A70A5DD961014D80C6521AA99C3D9903A13B64C825B1CCC:active:1:2"] t=1790104438233
EPOCH_DRAIN_WAIT epoch=1 unterminated=5 previous_closed=true first=["B6471BA8D677D8BE246A9DA15FA8AF4B9EE0D9B08743B016D8E9E7DD9B8E700A:active:1:3", "7133FD56FC415FF23A70A5DD961014D80C6521AA99C3D9903A13B64C825B1CCC:active:1:3", "D54F08046CA7CE55438A44F1DF8B3CEFEDD8310A1E85DB25FBA2319E765F64DE:active:2:6"] t=1790104438270
[2m2026-09-22T19:13:58.386996Z[0m [32m INFO[0m [2mnanospam::app[0m[2m:[0m Confirmed 29,331 blocks | 2,000 bps | 1,563 cps | avg conf time: 110 ms
EPOCH_CLOSE_READY epoch=1 value=081D76092F754BB8EB5C8FA7108043F7596134B4EF3EAB86A9C2984187357E17 t=1790104438540
EPOCH_CLOSE_ROUND epoch=1 round=0 leader=65A90023F6C0D2181AAA63F005D81BBC0C04650505E21D5123F9AE1F9E992BFF leads=false t=1790104438540
EPOCH_ADVANCED epoch=2 elections=1493 active=0 t=1790104438541
EPOCH_CLOSE_READY epoch=1 value=081D76092F754BB8EB5C8FA7108043F7596134B4EF3EAB86A9C2984187357E17 t=1790104438573
EPOCH_CLOSE_ROUND epoch=1 round=0 leader=65A90023F6C0D2181AAA63F005D81BBC0C04650505E21D5123F9AE1F9E992BFF leads=true t=1790104438573
EPOCH_REPORT epoch=1 certified=15414 residual=476 root=261B77D69DF7D84E2E369EB111B5B590A01F6B3010031C07DE96A598FD918C1C reports=1 t=1790104438573
EPOCH_ADVANCED epoch=2 elections=1493 active=0 t=1790104438573
EPOCH_REPORT epoch=1 certified=15414 residual=509 root=261B77D69DF7D84E2E369EB111B5B590A01F6B3010031C07DE96A598FD918C1C reports=1 t=1790104438592
EPOCH_RECONCILED epoch=1 reporter=633D9D614858AB1710D5D8C3180E2A082DC97208BA8C26BA6C6D1A86C8E31CC0 complete=true entries=0 total=15414 t=1790104438592
EPOCH_RECONCILED epoch=1 reporter=633D9D614858AB1710D5D8C3180E2A082DC97208BA8C26BA6C6D1A86C8E31CC0 complete=true entries=0 total=15414 t=1790104438613
EPOCH_RECONCILED epoch=1 reporter=65A90023F6C0D2181AAA63F005D81BBC0C04650505E21D5123F9AE1F9E992BFF complete=true entries=0 total=15414 t=1790104438614
EPOCH_RECONCILED epoch=1 reporter=65A90023F6C0D2181AAA63F005D81BBC0C04650505E21D5123F9AE1F9E992BFF complete=true entries=0 total=15414 t=1790104438719
EPOCH_CLOSE_READY epoch=1 value=9AC105E2730515EBB3B2050CE4EBD83189EF4EA410F2B1C7E7134CF2D1D3B482 t=1790104438782
EPOCH_CLOSE_ROUND epoch=1 round=0 leader=65A90023F6C0D2181AAA63F005D81BBC0C04650505E21D5123F9AE1F9E992BFF leads=false t=1790104438782
EPOCH_ADVANCED epoch=2 elections=1493 active=0 t=1790104438782
EPOCH_REPORT epoch=1 certified=15372 residual=550 root=5E544AC3D06B4FA8DBC6E742154250F797DE2589BA712CE5E673C727888DC052 reports=1 t=1790104438809
EPOCH_CLOSE_READY epoch=1 value=20C57C7235B3E1A6D73596FF82C671976DAA867722A5EF0F86EA103870982969 t=1790104438828
EPOCH_CLOSE_ROUND epoch=1 round=0 leader=65A90023F6C0D2181AAA63F005D81BBC0C04650505E21D5123F9AE1F9E992BFF leads=false t=1790104438828
EPOCH_ADVANCED epoch=2 elections=1493 active=0 t=1790104438829
EPOCH_RECONCILED epoch=1 reporter=735FE217D91E88EA82324C5883296385FA0041C2FAC85C827BAA46DA1E14B83F complete=true entries=0 total=15372 t=1790104438837
EPOCH_REPORT epoch=1 certified=15406 residual=495 root=621613AE1072593DC0DFAFF456E1457BB7C08920D784EFF7D1F7ABA2A15C5B35 reports=1 t=1790104438850
EPOCH_CLOSE_READY epoch=1 value=20C57C7235B3E1A6D73596FF82C671976DAA867722A5EF0F86EA103870982969 t=1790104438853
EPOCH_CLOSE_ROUND epoch=1 round=0 leader=65A90023F6C0D2181AAA63F005D81BBC0C04650505E21D5123F9AE1F9E992BFF leads=false t=1790104438853
EPOCH_ADVANCED epoch=2 elections=1493 active=0 t=1790104438854
EPOCH_REPORT epoch=1 certified=15406 residual=487 root=621613AE1072593DC0DFAFF456E1457BB7C08920D784EFF7D1F7ABA2A15C5B35 reports=1 t=1790104439034
EPOCH_RECONCILED epoch=1 reporter=911999B2AEFA7ACC66EBD802B3301FF6CE431405107749D940277955CB7FDD07 complete=true entries=0 total=15406 t=1790104439055
EPOCH_RECONCILED epoch=1 reporter=911999B2AEFA7ACC66EBD802B3301FF6CE431405107749D940277955CB7FDD07 complete=true entries=0 total=15406 t=1790104439074
EPOCH_RECONCILED epoch=1 reporter=D315857CE70C54DE713F6E82E5613BB3A1266C15E28AD2F4338C7BBEC456F532 complete=true entries=0 total=15406 t=1790104439249
EPOCH_CLOSE_READY epoch=1 value=081D76092F754BB8EB5C8FA7108043F7596134B4EF3EAB86A9C2984187357E17 t=1790104439274
EPOCH_CLOSE_ROUND epoch=1 round=0 leader=65A90023F6C0D2181AAA63F005D81BBC0C04650505E21D5123F9AE1F9E992BFF leads=false t=1790104439274
EPOCH_ADVANCED epoch=2 elections=1493 active=0 t=1790104439276
EPOCH_REPORT epoch=1 certified=15414 residual=506 root=261B77D69DF7D84E2E369EB111B5B590A01F6B3010031C07DE96A598FD918C1C reports=1 t=1790104439322
[2m2026-09-22T19:13:59.388079Z[0m [32m INFO[0m [2mnanospam::app[0m[2m:[0m Confirmed 29,331 blocks | 2,000 bps | 0 cps | avg conf time: 0 ms
EPOCH_RECONCILED epoch=1 reporter=D315857CE70C54DE713F6E82E5613BB3A1266C15E28AD2F4338C7BBEC456F532 complete=true entries=0 total=15406 t=1790104439404
EPOCH_RECONCILED epoch=1 reporter=633D9D614858AB1710D5D8C3180E2A082DC97208BA8C26BA6C6D1A86C8E31CC0 complete=true entries=0 total=15414 t=1790104439570
EPOCH_RECONCILED epoch=1 reporter=A353E45E6D0016CAEED0DFA4EC5B0640E2AA22A793F9F2375E77F1AB92977C04 complete=true entries=0 total=15414 t=1790104439572
EPOCH_RECONCILED epoch=1 reporter=65A90023F6C0D2181AAA63F005D81BBC0C04650505E21D5123F9AE1F9E992BFF complete=true entries=0 total=15414 t=1790104439573
EPOCH_RECONCILED epoch=1 reporter=A353E45E6D0016CAEED0DFA4EC5B0640E2AA22A793F9F2375E77F1AB92977C04 complete=true entries=0 total=15414 t=1790104439664
EPOCH_RECONCILED epoch=1 reporter=A353E45E6D0016CAEED0DFA4EC5B0640E2AA22A793F9F2375E77F1AB92977C04 complete=true entries=0 total=15414 t=1790104439718
EPOCH_CLOSE_READY epoch=1 value=1DFE3461C5B202C09B8195BB45CF3223B65A122D1DDD6432E1517A249F8D87AF t=1790104439926
EPOCH_CLOSE_READY epoch=1 value=081D76092F754BB8EB5C8FA7108043F7596134B4EF3EAB86A9C2984187357E17 t=1790104439967
EPOCH_RECONCILED epoch=1 reporter=633D9D614858AB1710D5D8C3180E2A082DC97208BA8C26BA6C6D1A86C8E31CC0 complete=true entries=0 total=15414 t=1790104439989
EPOCH_CLOSE_READY epoch=1 value=081D76092F754BB8EB5C8FA7108043F7596134B4EF3EAB86A9C2984187357E17 t=1790104439990
EPOCH_RECONCILED epoch=1 reporter=65A90023F6C0D2181AAA63F005D81BBC0C04650505E21D5123F9AE1F9E992BFF complete=true entries=0 total=15414 t=1790104439991
EPOCH_RECONCILED epoch=1 reporter=A353E45E6D0016CAEED0DFA4EC5B0640E2AA22A793F9F2375E77F1AB92977C04 complete=true entries=0 total=15414 t=1790104439993
EPOCH_CLOSE_ROUND epoch=1 round=1 leader=735FE217D91E88EA82324C5883296385FA0041C2FAC85C827BAA46DA1E14B83F leads=false t=1790104440190
EPOCH_CLOSE_ROUND epoch=1 round=1 leader=735FE217D91E88EA82324C5883296385FA0041C2FAC85C827BAA46DA1E14B83F leads=false t=1790104440200
EPOCH_CLOSE_ROUND epoch=1 round=1 leader=735FE217D91E88EA82324C5883296385FA0041C2FAC85C827BAA46DA1E14B83F leads=false t=1790104440223
EPOCH_RECONCILED epoch=1 reporter=A353E45E6D0016CAEED0DFA4EC5B0640E2AA22A793F9F2375E77F1AB92977C04 complete=true entries=0 total=15414 t=1790104440359
EPOCH_RECONCILED epoch=1 reporter=633D9D614858AB1710D5D8C3180E2A082DC97208BA8C26BA6C6D1A86C8E31CC0 complete=true entries=0 total=15414 t=1790104440359
EPOCH_CLOSED epoch=1 round=0 value=081D76092F754BB8EB5C8FA7108043F7596134B4EF3EAB86A9C2984187357E17 own=true t=1790104440368
EPOCH_CLOSED epoch=1 round=0 value=081D76092F754BB8EB5C8FA7108043F7596134B4EF3EAB86A9C2984187357E17 own=true t=1790104440368
EPOCH_COMMITTEE derived_by=1 members=6 accounts=11819 n=323688499334418509701117805849613209605 digest=ECB05FA02D646CECF2DE01AAB4F8C2A6922F204E32046E2E0B30CADE62D399A9 shares=["65A90023:19.4%", "911999B2:16.5%", "735FE217:16.2%", "A353E45E:16.1%", "633D9D61:16.0%", "D315857C:15.8%"] t=1790104440373
EPOCH_AGREED epoch=1 value=081D76092F754BB8EB5C8FA7108043F7596134B4EF3EAB86A9C2984187357E17 t=1790104440373
EPOCH_COMMITTEE derived_by=1 members=6 accounts=11819 n=323688499334418509701117805849613209605 digest=ECB05FA02D646CECF2DE01AAB4F8C2A6922F204E32046E2E0B30CADE62D399A9 shares=["65A90023:19.4%", "911999B2:16.5%", "735FE217:16.2%", "A353E45E:16.1%", "633D9D61:16.0%", "D315857C:15.8%"] t=1790104440374
EPOCH_AGREED epoch=1 value=081D76092F754BB8EB5C8FA7108043F7596134B4EF3EAB86A9C2984187357E17 t=1790104440374
EPOCH_CLOSED epoch=1 round=0 value=081D76092F754BB8EB5C8FA7108043F7596134B4EF3EAB86A9C2984187357E17 own=true t=1790104440381
EPOCH_COMMITTEE derived_by=1 members=6 accounts=11819 n=323688499334418509701117805849613209605 digest=ECB05FA02D646CECF2DE01AAB4F8C2A6922F204E32046E2E0B30CADE62D399A9 shares=["65A90023:19.4%", "911999B2:16.5%", "735FE217:16.2%", "A353E45E:16.1%", "633D9D61:16.0%", "D315857C:15.8%"] t=1790104440388
EPOCH_AGREED epoch=1 value=081D76092F754BB8EB5C8FA7108043F7596134B4EF3EAB86A9C2984187357E17 t=1790104440388
[2m2026-09-22T19:14:00.389078Z[0m [32m INFO[0m [2mnanospam::app[0m[2m:[0m Confirmed 30,711 blocks | 2,000 bps | 1,378 cps | avg conf time: 1553 ms
EPOCH_CLOSED epoch=1 round=0 value=081D76092F754BB8EB5C8FA7108043F7596134B4EF3EAB86A9C2984187357E17 own=true t=1790104440389
EPOCH_COMMITTEE derived_by=1 members=6 accounts=11819 n=323688499334418509701117805849613209605 digest=ECB05FA02D646CECF2DE01AAB4F8C2A6922F204E32046E2E0B30CADE62D399A9 shares=["65A90023:19.4%", "911999B2:16.5%", "735FE217:16.2%", "A353E45E:16.1%", "633D9D61:16.0%", "D315857C:15.8%"] t=1790104440400
EPOCH_AGREED epoch=1 value=081D76092F754BB8EB5C8FA7108043F7596134B4EF3EAB86A9C2984187357E17 t=1790104440400
EPOCH_CLOSED epoch=1 round=0 value=081D76092F754BB8EB5C8FA7108043F7596134B4EF3EAB86A9C2984187357E17 own=true t=1790104440411
EPOCH_RECONCILED epoch=1 reporter=65A90023F6C0D2181AAA63F005D81BBC0C04650505E21D5123F9AE1F9E992BFF complete=true entries=0 total=15414 t=1790104440419
EPOCH_COMMITTEE derived_by=1 members=6 accounts=11819 n=323688499334418509701117805849613209605 digest=ECB05FA02D646CECF2DE01AAB4F8C2A6922F204E32046E2E0B30CADE62D399A9 shares=["65A90023:19.4%", "911999B2:16.5%", "735FE217:16.2%", "A353E45E:16.1%", "633D9D61:16.0%", "D315857C:15.8%"] t=1790104440420
EPOCH_AGREED epoch=1 value=081D76092F754BB8EB5C8FA7108043F7596134B4EF3EAB86A9C2984187357E17 t=1790104440420
EPOCH_CLOSE_READY epoch=1 value=081D76092F754BB8EB5C8FA7108043F7596134B4EF3EAB86A9C2984187357E17 t=1790104441108
EPOCH_CLOSE_ROUND epoch=1 round=1 leader=735FE217D91E88EA82324C5883296385FA0041C2FAC85C827BAA46DA1E14B83F leads=true t=1790104441108
EPOCH_CLOSED epoch=1 round=0 value=081D76092F754BB8EB5C8FA7108043F7596134B4EF3EAB86A9C2984187357E17 own=true t=1790104441149
EPOCH_COMMITTEE derived_by=1 members=6 accounts=11819 n=323688499334418509701117805849613209605 digest=ECB05FA02D646CECF2DE01AAB4F8C2A6922F204E32046E2E0B30CADE62D399A9 shares=["65A90023:19.4%", "911999B2:16.5%", "735FE217:16.2%", "A353E45E:16.1%", "633D9D61:16.0%", "D315857C:15.8%"] t=1790104441154
EPOCH_AGREED epoch=1 value=081D76092F754BB8EB5C8FA7108043F7596134B4EF3EAB86A9C2984187357E17 t=1790104441154
[2m2026-09-22T19:14:01.390098Z[0m [32m INFO[0m [2mnanospam::app[0m[2m:[0m Confirmed 34,720 blocks | 2,000 bps | 4,005 cps | avg conf time: 711 ms
[2m2026-09-22T19:14:02.390774Z[0m [32m INFO[0m [2mnanospam::app[0m[2m:[0m Confirmed 36,628 blocks | 2,000 bps | 1,906 cps | avg conf time: 134 ms
[2m2026-09-22T19:14:03.391732Z[0m [32m INFO[0m [2mnanospam::app[0m[2m:[0m Confirmed 38,491 blocks | 2,000 bps | 1,861 cps | avg conf time: 104 ms
[2m2026-09-22T19:14:04.392735Z[0m [32m INFO[0m [2mnanospam::app[0m[2m:[0m Confirmed 40,161 blocks | 2,000 bps | 1,668 cps | avg conf time: 103 ms
[2m2026-09-22T19:14:05.393692Z[0m [32m INFO[0m [2mnanospam::app[0m[2m:[0m Confirmed 41,960 blocks | 2,000 bps | 1,797 cps | avg conf time: 114 ms
EPOCH_ENDED epoch=2 elections=2209 active=0 t=1790104446237
EPOCH_ENDED epoch=2 elections=2203 active=0 t=1790104446249
EPOCH_ENDED epoch=2 elections=2203 active=0 t=1790104446274
EPOCH_ENDED epoch=2 elections=2203 active=0 t=1790104446293
EPOCH_ENDED epoch=2 elections=2203 active=0 t=1790104446309
[2m2026-09-22T19:14:06.395038Z[0m [32m INFO[0m [2mnanospam::app[0m[2m:[0m Confirmed 42,789 blocks | 2,000 bps | 827 cps | avg conf time: 110 ms
EPOCH_CLOSE_READY epoch=2 value=A4F2297E01389A61C97EC0F16A6D94D6743742E5656735BB3F52DEE3E2DC49B9 t=1790104446416
EPOCH_CLOSE_ROUND epoch=2 round=0 leader=735FE217D91E88EA82324C5883296385FA0041C2FAC85C827BAA46DA1E14B83F leads=false t=1790104446416
EPOCH_ADVANCED epoch=3 elections=2209 active=0 t=1790104446417
EPOCH_CLOSE_READY epoch=2 value=0CB6735641A40CCFE10CFC9B2B5186ABFEBB3ADBCB384D60C43F216E293950E9 t=1790104446420
EPOCH_CLOSE_ROUND epoch=2 round=0 leader=735FE217D91E88EA82324C5883296385FA0041C2FAC85C827BAA46DA1E14B83F leads=false t=1790104446421
EPOCH_ADVANCED epoch=3 elections=2203 active=0 t=1790104446422
EPOCH_ENDED epoch=2 elections=2191 active=3 t=1790104446424
EPOCH_DRAIN_WAIT epoch=2 unterminated=3 previous_closed=true first=["CB42433B46FB30027FEC928D9A5D963B4F4270783E4E9DF58A65D68355A65F1C:active:1:3", "8804C2359BE7A536D71E3865F604F4AACCCF9FE9916BC1461F71A6F9C9D1FA2A:active:1:3", "CEE8C93448DB90DF4B3A2D5E62C90191240AFF1F5DFE3D7272ECC07C4548B6DB:active:1:3"] t=1790104446426
EPOCH_CLOSE_READY epoch=2 value=0CB6735641A40CCFE10CFC9B2B5186ABFEBB3ADBCB384D60C43F216E293950E9 t=1790104446439
EPOCH_CLOSE_ROUND epoch=2 round=0 leader=735FE217D91E88EA82324C5883296385FA0041C2FAC85C827BAA46DA1E14B83F leads=false t=1790104446439
EPOCH_ADVANCED epoch=3 elections=2203 active=0 t=1790104446440
EPOCH_REPORT epoch=2 certified=14359 residual=527 root=C28188853A1E4DA8C5C9B71F2C44170AD5681FF025C6D485A0288CD3F75A4CC1 reports=1 t=1790104446449
EPOCH_REPORT epoch=2 certified=14359 residual=546 root=C28188853A1E4DA8C5C9B71F2C44170AD5681FF025C6D485A0288CD3F75A4CC1 reports=1 t=1790104446450
EPOCH_RECONCILED epoch=2 reporter=D315857CE70C54DE713F6E82E5613BB3A1266C15E28AD2F4338C7BBEC456F532 complete=true entries=0 total=14359 t=1790104446463
EPOCH_RECONCILED epoch=2 reporter=911999B2AEFA7ACC66EBD802B3301FF6CE431405107749D940277955CB7FDD07 complete=true entries=0 total=14359 t=1790104446464
EPOCH_RECONCILED epoch=2 reporter=911999B2AEFA7ACC66EBD802B3301FF6CE431405107749D940277955CB7FDD07 complete=true entries=0 total=14359 t=1790104446465
EPOCH_RECONCILED epoch=2 reporter=D315857CE70C54DE713F6E82E5613BB3A1266C15E28AD2F4338C7BBEC456F532 complete=true entries=0 total=14359 t=1790104446465
EPOCH_CLOSE_READY epoch=2 value=0CB6735641A40CCFE10CFC9B2B5186ABFEBB3ADBCB384D60C43F216E293950E9 t=1790104446466
EPOCH_CLOSE_ROUND epoch=2 round=0 leader=735FE217D91E88EA82324C5883296385FA0041C2FAC85C827BAA46DA1E14B83F leads=false t=1790104446466
EPOCH_ADVANCED epoch=3 elections=2203 active=0 t=1790104446467
EPOCH_RECONCILED epoch=2 reporter=D315857CE70C54DE713F6E82E5613BB3A1266C15E28AD2F4338C7BBEC456F532 complete=true entries=0 total=14359 t=1790104446471
EPOCH_RECONCILED epoch=2 reporter=911999B2AEFA7ACC66EBD802B3301FF6CE431405107749D940277955CB7FDD07 complete=true entries=0 total=14359 t=1790104446472
EPOCH_REPORT epoch=2 certified=14359 residual=537 root=C28188853A1E4DA8C5C9B71F2C44170AD5681FF025C6D485A0288CD3F75A4CC1 reports=1 t=1790104446476
EPOCH_CLOSE_READY epoch=2 value=0CB6735641A40CCFE10CFC9B2B5186ABFEBB3ADBCB384D60C43F216E293950E9 t=1790104446478
EPOCH_CLOSE_ROUND epoch=2 round=0 leader=735FE217D91E88EA82324C5883296385FA0041C2FAC85C827BAA46DA1E14B83F leads=false t=1790104446478
EPOCH_ADVANCED epoch=3 elections=2203 active=0 t=1790104446480
EPOCH_REPORT epoch=2 certified=14359 residual=543 root=C28188853A1E4DA8C5C9B71F2C44170AD5681FF025C6D485A0288CD3F75A4CC1 reports=1 t=1790104446497
EPOCH_RECONCILED epoch=2 reporter=A353E45E6D0016CAEED0DFA4EC5B0640E2AA22A793F9F2375E77F1AB92977C04 complete=true entries=0 total=14359 t=1790104446507
EPOCH_RECONCILED epoch=2 reporter=911999B2AEFA7ACC66EBD802B3301FF6CE431405107749D940277955CB7FDD07 complete=true entries=0 total=14359 t=1790104446508
EPOCH_REPORT epoch=2 certified=14359 residual=541 root=C28188853A1E4DA8C5C9B71F2C44170AD5681FF025C6D485A0288CD3F75A4CC1 reports=1 t=1790104446510
EPOCH_RECONCILED epoch=2 reporter=A353E45E6D0016CAEED0DFA4EC5B0640E2AA22A793F9F2375E77F1AB92977C04 complete=true entries=0 total=14359 t=1790104446521
EPOCH_RECONCILED epoch=2 reporter=65A90023F6C0D2181AAA63F005D81BBC0C04650505E21D5123F9AE1F9E992BFF complete=true entries=0 total=14359 t=1790104446521
EPOCH_RECONCILED epoch=2 reporter=911999B2AEFA7ACC66EBD802B3301FF6CE431405107749D940277955CB7FDD07 complete=true entries=0 total=14359 t=1790104446521
EPOCH_RECONCILED epoch=2 reporter=D315857CE70C54DE713F6E82E5613BB3A1266C15E28AD2F4338C7BBEC456F532 complete=true entries=0 total=14359 t=1790104446521
EPOCH_RECONCILED epoch=2 reporter=633D9D614858AB1710D5D8C3180E2A082DC97208BA8C26BA6C6D1A86C8E31CC0 complete=true entries=0 total=14359 t=1790104446522
EPOCH_RECONCILED epoch=2 reporter=633D9D614858AB1710D5D8C3180E2A082DC97208BA8C26BA6C6D1A86C8E31CC0 complete=true entries=0 total=14359 t=1790104446542
EPOCH_RECONCILED epoch=2 reporter=D315857CE70C54DE713F6E82E5613BB3A1266C15E28AD2F4338C7BBEC456F532 complete=true entries=0 total=14359 t=1790104446543
EPOCH_RECONCILED epoch=2 reporter=633D9D614858AB1710D5D8C3180E2A082DC97208BA8C26BA6C6D1A86C8E31CC0 complete=true entries=0 total=14359 t=1790104446563
EPOCH_RECONCILED epoch=2 reporter=A353E45E6D0016CAEED0DFA4EC5B0640E2AA22A793F9F2375E77F1AB92977C04 complete=true entries=0 total=14359 t=1790104446563
EPOCH_RECONCILED epoch=2 reporter=65A90023F6C0D2181AAA63F005D81BBC0C04650505E21D5123F9AE1F9E992BFF complete=true entries=0 total=14359 t=1790104446563
EPOCH_RECONCILED epoch=2 reporter=633D9D614858AB1710D5D8C3180E2A082DC97208BA8C26BA6C6D1A86C8E31CC0 complete=true entries=0 total=14359 t=1790104446571
EPOCH_RECONCILED epoch=2 reporter=A353E45E6D0016CAEED0DFA4EC5B0640E2AA22A793F9F2375E77F1AB92977C04 complete=true entries=0 total=14359 t=1790104446571
EPOCH_RECONCILED epoch=2 reporter=65A90023F6C0D2181AAA63F005D81BBC0C04650505E21D5123F9AE1F9E992BFF complete=true entries=0 total=14359 t=1790104446572
EPOCH_RECONCILED epoch=2 reporter=633D9D614858AB1710D5D8C3180E2A082DC97208BA8C26BA6C6D1A86C8E31CC0 complete=true entries=0 total=14359 t=1790104446593
EPOCH_RECONCILED epoch=2 reporter=A353E45E6D0016CAEED0DFA4EC5B0640E2AA22A793F9F2375E77F1AB92977C04 complete=true entries=0 total=14359 t=1790104446594
EPOCH_RECONCILED epoch=2 reporter=65A90023F6C0D2181AAA63F005D81BBC0C04650505E21D5123F9AE1F9E992BFF complete=true entries=0 total=14359 t=1790104446594
EPOCH_RECONCILED epoch=2 reporter=65A90023F6C0D2181AAA63F005D81BBC0C04650505E21D5123F9AE1F9E992BFF complete=true entries=0 total=14359 t=1790104446620
EPOCH_CLOSE_READY epoch=2 value=C3B3EA5A704688F00123C0A441C8919C45AC13B7468C686ACBF411F063202485 t=1790104446874
EPOCH_CLOSE_ROUND epoch=2 round=0 leader=735FE217D91E88EA82324C5883296385FA0041C2FAC85C827BAA46DA1E14B83F leads=true t=1790104446874
EPOCH_ADVANCED epoch=3 elections=2191 active=0 t=1790104446875
EPOCH_REPORT epoch=2 certified=14321 residual=587 root=88FEA9B97FDA30ECC45C6C6A93B90D843648B1115D5C4B831F9C892E1DBEE883 reports=1 t=1790104446890
EPOCH_RECONCILED epoch=2 reporter=735FE217D91E88EA82324C5883296385FA0041C2FAC85C827BAA46DA1E14B83F complete=true entries=0 total=14321 t=1790104446903
EPOCH_CLOSE_READY epoch=2 value=44C784B196D1212002652B79D21D16ECCCA1B200B7EC5AFAD4597A060E1BBFBF t=1790104447179
[2m2026-09-22T19:14:07.397751Z[0m [32m INFO[0m [2mnanospam::app[0m[2m:[0m Confirmed 42,789 blocks | 2,000 bps | 0 cps | avg conf time: 0 ms
[2m2026-09-22T19:14:08.400188Z[0m [32m INFO[0m [2mnanospam::app[0m[2m:[0m Confirmed 42,789 blocks | 2,000 bps | 0 cps | avg conf time: 0 ms
EPOCH_CLOSE_READY epoch=2 value=0CB6735641A40CCFE10CFC9B2B5186ABFEBB3ADBCB384D60C43F216E293950E9 t=1790104448414
EPOCH_RECONCILED epoch=2 reporter=911999B2AEFA7ACC66EBD802B3301FF6CE431405107749D940277955CB7FDD07 complete=true entries=0 total=14359 t=1790104448433
EPOCH_RECONCILED epoch=2 reporter=65A90023F6C0D2181AAA63F005D81BBC0C04650505E21D5123F9AE1F9E992BFF complete=true entries=0 total=14359 t=1790104448434
EPOCH_RECONCILED epoch=2 reporter=D315857CE70C54DE713F6E82E5613BB3A1266C15E28AD2F4338C7BBEC456F532 complete=true entries=0 total=14359 t=1790104448434
EPOCH_RECONCILED epoch=2 reporter=A353E45E6D0016CAEED0DFA4EC5B0640E2AA22A793F9F2375E77F1AB92977C04 complete=true entries=0 total=14359 t=1790104448434
EPOCH_RECONCILED epoch=2 reporter=633D9D614858AB1710D5D8C3180E2A082DC97208BA8C26BA6C6D1A86C8E31CC0 complete=true entries=0 total=14359 t=1790104448434
EPOCH_CLOSE_ROUND epoch=2 round=1 leader=911999B2AEFA7ACC66EBD802B3301FF6CE431405107749D940277955CB7FDD07 leads=false t=1790104448578
EPOCH_CLOSE_ROUND epoch=2 round=1 leader=911999B2AEFA7ACC66EBD802B3301FF6CE431405107749D940277955CB7FDD07 leads=false t=1790104448692
EPOCH_CLOSE_ROUND epoch=2 round=1 leader=911999B2AEFA7ACC66EBD802B3301FF6CE431405107749D940277955CB7FDD07 leads=true t=1790104448703
EPOCH_CLOSE_ROUND epoch=2 round=1 leader=911999B2AEFA7ACC66EBD802B3301FF6CE431405107749D940277955CB7FDD07 leads=false t=1790104448721
EPOCH_CLOSE_ROUND epoch=2 round=1 leader=911999B2AEFA7ACC66EBD802B3301FF6CE431405107749D940277955CB7FDD07 leads=false t=1790104448735
EPOCH_CLOSE_ROUND epoch=2 round=1 leader=911999B2AEFA7ACC66EBD802B3301FF6CE431405107749D940277955CB7FDD07 leads=false t=1790104448764
EPOCH_CLOSE_ROUND epoch=2 round=2 leader=A353E45E6D0016CAEED0DFA4EC5B0640E2AA22A793F9F2375E77F1AB92977C04 leads=false t=1790104448881
EPOCH_CLOSED epoch=2 round=1 value=0CB6735641A40CCFE10CFC9B2B5186ABFEBB3ADBCB384D60C43F216E293950E9 own=true t=1790104448882
EPOCH_CLOSED epoch=2 round=1 value=0CB6735641A40CCFE10CFC9B2B5186ABFEBB3ADBCB384D60C43F216E293950E9 own=false t=1790104448882
EPOCH_CLOSED epoch=2 round=1 value=0CB6735641A40CCFE10CFC9B2B5186ABFEBB3ADBCB384D60C43F216E293950E9 own=true t=1790104448882
EPOCH_CLOSED epoch=2 round=1 value=0CB6735641A40CCFE10CFC9B2B5186ABFEBB3ADBCB384D60C43F216E293950E9 own=true t=1790104448882
EPOCH_CLOSED epoch=2 round=1 value=0CB6735641A40CCFE10CFC9B2B5186ABFEBB3ADBCB384D60C43F216E293950E9 own=true t=1790104448883
EPOCH_COMMITTEE derived_by=2 members=6 accounts=15035 n=315460908619368044388514070692549745203 digest=E20AC2A1A6E1BD127FB3D110065AA0BA64E7840E17AFD5061C9ED098EBB03B13 shares=["65A90023:19.4%", "911999B2:16.8%", "A353E45E:16.2%", "633D9D61:16.0%", "735FE217:15.9%", "D315857C:15.7%"] t=1790104448889
EPOCH_COMMITTEE derived_by=2 members=6 accounts=15035 n=315460908619368044388514070692549745203 digest=E20AC2A1A6E1BD127FB3D110065AA0BA64E7840E17AFD5061C9ED098EBB03B13 shares=["65A90023:19.4%", "911999B2:16.8%", "A353E45E:16.2%", "633D9D61:16.0%", "735FE217:15.9%", "D315857C:15.7%"] t=1790104448889
EPOCH_AGREED epoch=2 value=0CB6735641A40CCFE10CFC9B2B5186ABFEBB3ADBCB384D60C43F216E293950E9 t=1790104448889
EPOCH_AGREED epoch=2 value=0CB6735641A40CCFE10CFC9B2B5186ABFEBB3ADBCB384D60C43F216E293950E9 t=1790104448889
EPOCH_COMMITTEE derived_by=2 members=6 accounts=15035 n=315460908619368044388514070692549745203 digest=E20AC2A1A6E1BD127FB3D110065AA0BA64E7840E17AFD5061C9ED098EBB03B13 shares=["65A90023:19.4%", "911999B2:16.8%", "A353E45E:16.2%", "633D9D61:16.0%", "735FE217:15.9%", "D315857C:15.7%"] t=1790104448891
EPOCH_AGREED epoch=2 value=0CB6735641A40CCFE10CFC9B2B5186ABFEBB3ADBCB384D60C43F216E293950E9 t=1790104448891
EPOCH_CLOSED epoch=2 round=1 value=0CB6735641A40CCFE10CFC9B2B5186ABFEBB3ADBCB384D60C43F216E293950E9 own=true t=1790104448891
EPOCH_COMMITTEE derived_by=2 members=6 accounts=15035 n=315460908619368044388514070692549745203 digest=E20AC2A1A6E1BD127FB3D110065AA0BA64E7840E17AFD5061C9ED098EBB03B13 shares=["65A90023:19.4%", "911999B2:16.8%", "A353E45E:16.2%", "633D9D61:16.0%", "735FE217:15.9%", "D315857C:15.7%"] t=1790104448892
EPOCH_AGREED epoch=2 value=0CB6735641A40CCFE10CFC9B2B5186ABFEBB3ADBCB384D60C43F216E293950E9 t=1790104448892
EPOCH_COMMITTEE derived_by=2 members=6 accounts=15035 n=315460908619368044388514070692549745203 digest=E20AC2A1A6E1BD127FB3D110065AA0BA64E7840E17AFD5061C9ED098EBB03B13 shares=["65A90023:19.4%", "911999B2:16.8%", "A353E45E:16.2%", "633D9D61:16.0%", "735FE217:15.9%", "D315857C:15.7%"] t=1790104448896
EPOCH_AGREED epoch=2 value=0CB6735641A40CCFE10CFC9B2B5186ABFEBB3ADBCB384D60C43F216E293950E9 t=1790104448897
[2m2026-09-22T19:14:09.402871Z[0m [32m INFO[0m [2mnanospam::app[0m[2m:[0m Confirmed 42,789 blocks | 2,000 bps | 0 cps | avg conf time: 0 ms
[2m2026-09-22T19:14:10.404300Z[0m [32m INFO[0m [2mnanospam::app[0m[2m:[0m Confirmed 42,789 blocks | 2,000 bps | 0 cps | avg conf time: 0 ms
[2m2026-09-22T19:14:11.406807Z[0m [32m INFO[0m [2mnanospam::app[0m[2m:[0m Confirmed 42,789 blocks | 2,000 bps | 0 cps | avg conf time: 0 ms
[2m2026-09-22T19:14:12.409015Z[0m [32m INFO[0m [2mnanospam::app[0m[2m:[0m Confirmed 42,789 blocks | 2,000 bps | 0 cps | avg conf time: 0 ms
[2m2026-09-22T19:14:13.411327Z[0m [32m INFO[0m [2mnanospam::app[0m[2m:[0m Confirmed 42,789 blocks | 2,000 bps | 0 cps | avg conf time: 0 ms
[2m2026-09-22T19:14:14.414186Z[0m [32m INFO[0m [2mnanospam::app[0m[2m:[0m Confirmed 42,789 blocks | 2,000 bps | 0 cps | avg conf time: 0 ms
[2m2026-09-22T19:14:15.415701Z[0m [32m INFO[0m [2mnanospam::app[0m[2m:[0m Confirmed 42,789 blocks | 2,000 bps | 0 cps | avg conf time: 0 ms
[2m2026-09-22T19:14:16.418071Z[0m [32m INFO[0m [2mnanospam::app[0m[2m:[0m Confirmed 42,789 blocks | 2,000 bps | 0 cps | avg conf time: 0 ms
[2m2026-09-22T19:14:17.418707Z[0m [32m INFO[0m [2mnanospam::app[0m[2m:[0m Confirmed 42,789 blocks | 2,000 bps | 0 cps | avg conf time: 0 ms
[2m2026-09-22T19:14:18.421467Z[0m [32m INFO[0m [2mnanospam::app[0m[2m:[0m Confirmed 42,789 blocks | 2,000 bps | 0 cps | avg conf time: 0 ms
[2m2026-09-22T19:14:19.424058Z[0m [32m INFO[0m [2mnanospam::app[0m[2m:[0m Confirmed 42,789 blocks | 2,000 bps | 0 cps | avg conf time: 0 ms
[2m2026-09-22T19:14:20.426837Z[0m [32m INFO[0m [2mnanospam::app[0m[2m:[0m Confirmed 42,797 blocks | 2,000 bps | 7 cps | avg conf time: 36113 ms
[2m2026-09-22T19:14:21.427530Z[0m [32m INFO[0m [2mnanospam::app[0m[2m:[0m Confirmed 42,797 blocks | 2,000 bps | 0 cps | avg conf time: 0 ms
[2m2026-09-22T19:14:22.430152Z[0m [32m INFO[0m [2mnanospam::app[0m[2m:[0m Confirmed 42,797 blocks | 2,000 bps | 0 cps | avg conf time: 0 ms
[2m2026-09-22T19:14:23.432620Z[0m [32m INFO[0m [2mnanospam::app[0m[2m:[0m Confirmed 42,797 blocks | 2,000 bps | 0 cps | avg conf time: 0 ms
[2m2026-09-22T19:14:24.436200Z[0m [32m INFO[0m [2mnanospam::app[0m[2m:[0m Confirmed 42,797 blocks | 2,000 bps | 0 cps | avg conf time: 0 ms
[2m2026-09-22T19:14:25.440147Z[0m [32m INFO[0m [2mnanospam::app[0m[2m:[0m Confirmed 42,797 blocks | 2,000 bps | 0 cps | avg conf time: 0 ms
[2m2026-09-22T19:14:26.444042Z[0m [32m INFO[0m [2mnanospam::app[0m[2m:[0m Confirmed 42,797 blocks | 2,000 bps | 0 cps | avg conf time: 0 ms
EPOCH_CLOSE_READY epoch=2 value=0CB6735641A40CCFE10CFC9B2B5186ABFEBB3ADBCB384D60C43F216E293950E9 t=1790104466580
EPOCH_COMMITTEE derived_by=2 members=6 accounts=15035 n=315460908619368044388514070692549745203 digest=E20AC2A1A6E1BD127FB3D110065AA0BA64E7840E17AFD5061C9ED098EBB03B13 shares=["65A90023:19.4%", "911999B2:16.8%", "A353E45E:16.2%", "633D9D61:16.0%", "735FE217:15.9%", "D315857C:15.7%"] t=1790104466584
EPOCH_AGREED epoch=2 value=0CB6735641A40CCFE10CFC9B2B5186ABFEBB3ADBCB384D60C43F216E293950E9 t=1790104466584
[2m2026-09-22T19:14:27.446664Z[0m [32m INFO[0m [2mnanospam::app[0m[2m:[0m Confirmed 42,797 blocks | 2,000 bps | 0 cps | avg conf time: 0 ms
[2m2026-09-22T19:14:28.448906Z[0m [32m INFO[0m [2mnanospam::app[0m[2m:[0m Confirmed 42,797 blocks | 2,000 bps | 0 cps | avg conf time: 0 ms
[2m2026-09-22T19:14:29.451796Z[0m [32m INFO[0m [2mnanospam::app[0m[2m:[0m Confirmed 42,797 blocks | 2,000 bps | 0 cps | avg conf time: 0 ms
[2m2026-09-22T19:14:30.454648Z[0m [32m INFO[0m [2mnanospam::app[0m[2m:[0m Confirmed 42,797 blocks | 2,000 bps | 0 cps | avg conf time: 0 ms
[2m2026-09-22T19:14:31.457178Z[0m [32m INFO[0m [2mnanospam::app[0m[2m:[0m Confirmed 42,797 blocks | 2,000 bps | 0 cps | avg conf time: 0 ms
[2m2026-09-22T19:14:32.460828Z[0m [32m INFO[0m [2mnanospam::app[0m[2m:[0m Confirmed 42,797 blocks | 2,000 bps | 0 cps | avg conf time: 0 ms
[2m2026-09-22T19:14:33.463185Z[0m [32m INFO[0m [2mnanospam::app[0m[2m:[0m Confirmed 42,797 blocks | 2,000 bps | 0 cps | avg conf time: 0 ms
[2m2026-09-22T19:14:34.466590Z[0m [32m INFO[0m [2mnanospam::app[0m[2m:[0m Confirmed 42,797 blocks | 2,000 bps | 0 cps | avg conf time: 0 ms
[2m2026-09-22T19:14:35.468399Z[0m [32m INFO[0m [2mnanospam::app[0m[2m:[0m Confirmed 42,797 blocks | 2,000 bps | 0 cps | avg conf time: 0 ms
[2m2026-09-22T19:14:36.471483Z[0m [32m INFO[0m [2mnanospam::app[0m[2m:[0m Confirmed 42,797 blocks | 2,000 bps | 0 cps | avg conf time: 0 ms
[2m2026-09-22T19:14:37.474570Z[0m [32m INFO[0m [2mnanospam::app[0m[2m:[0m Confirmed 42,797 blocks | 2,000 bps | 0 cps | avg conf time: 0 ms
[2m2026-09-22T19:14:38.477129Z[0m [32m INFO[0m [2mnanospam::app[0m[2m:[0m Confirmed 42,797 blocks | 2,000 bps | 0 cps | avg conf time: 0 ms
[2m2026-09-22T19:14:39.480186Z[0m [32m INFO[0m [2mnanospam::app[0m[2m:[0m Confirmed 42,797 blocks | 2,000 bps | 0 cps | avg conf time: 0 ms
[2m2026-09-22T19:14:40.482872Z[0m [32m INFO[0m [2mnanospam::app[0m[2m:[0m Confirmed 42,797 blocks | 2,000 bps | 0 cps | avg conf time: 0 ms
[2m2026-09-22T19:14:41.483896Z[0m [32m INFO[0m [2mnanospam::app[0m[2m:[0m Confirmed 42,797 blocks | 2,000 bps | 0 cps | avg conf time: 0 ms
[2m2026-09-22T19:14:42.487328Z[0m [32m INFO[0m [2mnanospam::app[0m[2m:[0m Confirmed 42,797 blocks | 2,000 bps | 0 cps | avg conf time: 0 ms
cleanup done
