[2m2026-09-22T19:19:38.358717Z[0m [32m INFO[0m [2mnanospam::setup::account_map_factory[0m[2m:[0m Creating account keys file with 45000 keys: "/Users/ruimorais/NanoSpam/account_keys.txt"
[2m2026-09-22T19:19:39.090079Z[0m [32m INFO[0m [2mnanospam::setup::node_config_factory[0m[2m:[0m ********************************************************************************
[2m2026-09-22T19:19:39.090092Z[0m [32m INFO[0m [2mnanospam::setup::node_config_factory[0m[2m:[0m Setting up node PR0...
[2m2026-09-22T19:19:39.090097Z[0m [32m INFO[0m [2mnanospam::setup::node_config_factory[0m[2m:[0m Creating directory "/Users/ruimorais/NanoSpam/pr0"
[2m2026-09-22T19:19:39.090176Z[0m [32m INFO[0m [2mnanospam::setup::node_config_factory[0m[2m:[0m Creating node config file: "/Users/ruimorais/NanoSpam/pr0/config-node.toml"
[2m2026-09-22T19:19:39.090304Z[0m [32m INFO[0m [2mnanospam::setup::node_config_factory[0m[2m:[0m Creating rpc config file: "/Users/ruimorais/NanoSpam/pr0/config-rpc.toml"
[2m2026-09-22T19:19:39.090378Z[0m [32m INFO[0m [2mnanospam::setup::node_config_factory[0m[2m:[0m ********************************************************************************
[2m2026-09-22T19:19:39.090384Z[0m [32m INFO[0m [2mnanospam::setup::node_config_factory[0m[2m:[0m Setting up node PR1...
[2m2026-09-22T19:19:39.090388Z[0m [32m INFO[0m [2mnanospam::setup::node_config_factory[0m[2m:[0m Creating directory "/Users/ruimorais/NanoSpam/pr1"
[2m2026-09-22T19:19:39.090427Z[0m [32m INFO[0m [2mnanospam::setup::node_config_factory[0m[2m:[0m Creating node config file: "/Users/ruimorais/NanoSpam/pr1/config-node.toml"
[2m2026-09-22T19:19:39.090507Z[0m [32m INFO[0m [2mnanospam::setup::node_config_factory[0m[2m:[0m Creating rpc config file: "/Users/ruimorais/NanoSpam/pr1/config-rpc.toml"
[2m2026-09-22T19:19:39.090572Z[0m [32m INFO[0m [2mnanospam::setup::node_config_factory[0m[2m:[0m ********************************************************************************
[2m2026-09-22T19:19:39.090577Z[0m [32m INFO[0m [2mnanospam::setup::node_config_factory[0m[2m:[0m Setting up node PR2...
[2m2026-09-22T19:19:39.090580Z[0m [32m INFO[0m [2mnanospam::setup::node_config_factory[0m[2m:[0m Creating directory "/Users/ruimorais/NanoSpam/pr2"
[2m2026-09-22T19:19:39.090619Z[0m [32m INFO[0m [2mnanospam::setup::node_config_factory[0m[2m:[0m Creating node config file: "/Users/ruimorais/NanoSpam/pr2/config-node.toml"
[2m2026-09-22T19:19:39.090692Z[0m [32m INFO[0m [2mnanospam::setup::node_config_factory[0m[2m:[0m Creating rpc config file: "/Users/ruimorais/NanoSpam/pr2/config-rpc.toml"
[2m2026-09-22T19:19:39.090751Z[0m [32m INFO[0m [2mnanospam::setup::node_config_factory[0m[2m:[0m ********************************************************************************
[2m2026-09-22T19:19:39.090755Z[0m [32m INFO[0m [2mnanospam::setup::node_config_factory[0m[2m:[0m Setting up node PR3...
[2m2026-09-22T19:19:39.090758Z[0m [32m INFO[0m [2mnanospam::setup::node_config_factory[0m[2m:[0m Creating directory "/Users/ruimorais/NanoSpam/pr3"
[2m2026-09-22T19:19:39.090796Z[0m [32m INFO[0m [2mnanospam::setup::node_config_factory[0m[2m:[0m Creating node config file: "/Users/ruimorais/NanoSpam/pr3/config-node.toml"
[2m2026-09-22T19:19:39.090858Z[0m [32m INFO[0m [2mnanospam::setup::node_config_factory[0m[2m:[0m Creating rpc config file: "/Users/ruimorais/NanoSpam/pr3/config-rpc.toml"
[2m2026-09-22T19:19:39.090915Z[0m [32m INFO[0m [2mnanospam::setup::node_config_factory[0m[2m:[0m ********************************************************************************
[2m2026-09-22T19:19:39.090919Z[0m [32m INFO[0m [2mnanospam::setup::node_config_factory[0m[2m:[0m Setting up node PR4...
[2m2026-09-22T19:19:39.090923Z[0m [32m INFO[0m [2mnanospam::setup::node_config_factory[0m[2m:[0m Creating directory "/Users/ruimorais/NanoSpam/pr4"
[2m2026-09-22T19:19:39.090959Z[0m [32m INFO[0m [2mnanospam::setup::node_config_factory[0m[2m:[0m Creating node config file: "/Users/ruimorais/NanoSpam/pr4/config-node.toml"
[2m2026-09-22T19:19:39.091037Z[0m [32m INFO[0m [2mnanospam::setup::node_config_factory[0m[2m:[0m Creating rpc config file: "/Users/ruimorais/NanoSpam/pr4/config-rpc.toml"
[2m2026-09-22T19:19:39.091092Z[0m [32m INFO[0m [2mnanospam::setup::node_config_factory[0m[2m:[0m ********************************************************************************
[2m2026-09-22T19:19:39.091094Z[0m [32m INFO[0m [2mnanospam::setup::node_config_factory[0m[2m:[0m Setting up node PR5...
[2m2026-09-22T19:19:39.091097Z[0m [32m INFO[0m [2mnanospam::setup::node_config_factory[0m[2m:[0m Creating directory "/Users/ruimorais/NanoSpam/pr5"
[2m2026-09-22T19:19:39.091132Z[0m [32m INFO[0m [2mnanospam::setup::node_config_factory[0m[2m:[0m Creating node config file: "/Users/ruimorais/NanoSpam/pr5/config-node.toml"
[2m2026-09-22T19:19:39.091193Z[0m [32m INFO[0m [2mnanospam::setup::node_config_factory[0m[2m:[0m Creating rpc config file: "/Users/ruimorais/NanoSpam/pr5/config-rpc.toml"
[2m2026-09-22T19:19:39.091282Z[0m [32m INFO[0m [2mnanospam::setup::node_launcher[0m[2m:[0m Starting node: NANO_TEST_GENESIS_BLOCK="{\n    \"type\": \"open\",\n    \"account\": \"nano_3nroioygg54nusrmyun4woimqex36sp3drnctdt5955uqu47fxbkrxk7n7ne\",\n    \"source\": \"D315857CE70C54DE713F6E82E5613BB3A1266C15E28AD2F4338C7BBEC456F532\",\n    \"representative\": \"nano_3nroioygg54nusrmyun4woimqex36sp3drnctdt5955uqu47fxbkrxk7n7ne\",\n    \"signature\": \"3F6792C2DC623DF2E8643777160AB983B66B337E2478E13D2C3448126A8F4CD8DCCD19803C158A057FA44060AE0EFC09B1C311CB4FBF42F8D240610B38F56E08\",\n    \"work\": \"70FEF01F7EC45DEC\"\n    }" NANO_TEST_GENESIS_PRV ="49643F9B10CA1AA34F9AF8ED4AABD29F436104CCC375974B108534A48EAE3FE1" "rsnano" "--network" "test" "--data-path" "/Users/ruimorais/NanoSpam/pr0" "node" "run"
[2m2026-09-22T19:19:39.091918Z[0m [32m INFO[0m [2mnanospam::setup::node_launcher[0m[2m:[0m Waiting for RPC...
[2m2026-09-22T19:19:39.196692Z[0m [32m INFO[0m [2mnanospam::setup::node_launcher[0m[2m:[0m Starting node: NANO_TEST_GENESIS_BLOCK="{\n    \"type\": \"open\",\n    \"account\": \"nano_3nroioygg54nusrmyun4woimqex36sp3drnctdt5955uqu47fxbkrxk7n7ne\",\n    \"source\": \"D315857CE70C54DE713F6E82E5613BB3A1266C15E28AD2F4338C7BBEC456F532\",\n    \"representative\": \"nano_3nroioygg54nusrmyun4woimqex36sp3drnctdt5955uqu47fxbkrxk7n7ne\",\n    \"signature\": \"3F6792C2DC623DF2E8643777160AB983B66B337E2478E13D2C3448126A8F4CD8DCCD19803C158A057FA44060AE0EFC09B1C311CB4FBF42F8D240610B38F56E08\",\n    \"work\": \"70FEF01F7EC45DEC\"\n    }" NANO_TEST_GENESIS_PRV ="49643F9B10CA1AA34F9AF8ED4AABD29F436104CCC375974B108534A48EAE3FE1" "rsnano" "--network" "test" "--data-path" "/Users/ruimorais/NanoSpam/pr1" "node" "run"
[2m2026-09-22T19:19:39.197088Z[0m [32m INFO[0m [2mnanospam::setup::node_launcher[0m[2m:[0m Waiting for RPC...
[2m2026-09-22T19:19:39.302503Z[0m [32m INFO[0m [2mnanospam::setup::node_launcher[0m[2m:[0m Starting node: NANO_TEST_GENESIS_BLOCK="{\n    \"type\": \"open\",\n    \"account\": \"nano_3nroioygg54nusrmyun4woimqex36sp3drnctdt5955uqu47fxbkrxk7n7ne\",\n    \"source\": \"D315857CE70C54DE713F6E82E5613BB3A1266C15E28AD2F4338C7BBEC456F532\",\n    \"representative\": \"nano_3nroioygg54nusrmyun4woimqex36sp3drnctdt5955uqu47fxbkrxk7n7ne\",\n    \"signature\": \"3F6792C2DC623DF2E8643777160AB983B66B337E2478E13D2C3448126A8F4CD8DCCD19803C158A057FA44060AE0EFC09B1C311CB4FBF42F8D240610B38F56E08\",\n    \"work\": \"70FEF01F7EC45DEC\"\n    }" NANO_TEST_GENESIS_PRV ="49643F9B10CA1AA34F9AF8ED4AABD29F436104CCC375974B108534A48EAE3FE1" "rsnano" "--network" "test" "--data-path" "/Users/ruimorais/NanoSpam/pr2" "node" "run"
[2m2026-09-22T19:19:39.303057Z[0m [32m INFO[0m [2mnanospam::setup::node_launcher[0m[2m:[0m Waiting for RPC...
[2m2026-09-22T19:19:39.408596Z[0m [32m INFO[0m [2mnanospam::setup::node_launcher[0m[2m:[0m Starting node: NANO_TEST_GENESIS_BLOCK="{\n    \"type\": \"open\",\n    \"account\": \"nano_3nroioygg54nusrmyun4woimqex36sp3drnctdt5955uqu47fxbkrxk7n7ne\",\n    \"source\": \"D315857CE70C54DE713F6E82E5613BB3A1266C15E28AD2F4338C7BBEC456F532\",\n    \"representative\": \"nano_3nroioygg54nusrmyun4woimqex36sp3drnctdt5955uqu47fxbkrxk7n7ne\",\n    \"signature\": \"3F6792C2DC623DF2E8643777160AB983B66B337E2478E13D2C3448126A8F4CD8DCCD19803C158A057FA44060AE0EFC09B1C311CB4FBF42F8D240610B38F56E08\",\n    \"work\": \"70FEF01F7EC45DEC\"\n    }" NANO_TEST_GENESIS_PRV ="49643F9B10CA1AA34F9AF8ED4AABD29F436104CCC375974B108534A48EAE3FE1" "rsnano" "--network" "test" "--data-path" "/Users/ruimorais/NanoSpam/pr3" "node" "run"
[2m2026-09-22T19:19:39.409359Z[0m [32m INFO[0m [2mnanospam::setup::node_launcher[0m[2m:[0m Waiting for RPC...
[2m2026-09-22T19:19:39.514272Z[0m [32m INFO[0m [2mnanospam::setup::node_launcher[0m[2m:[0m Starting node: NANO_TEST_GENESIS_BLOCK="{\n    \"type\": \"open\",\n    \"account\": \"nano_3nroioygg54nusrmyun4woimqex36sp3drnctdt5955uqu47fxbkrxk7n7ne\",\n    \"source\": \"D315857CE70C54DE713F6E82E5613BB3A1266C15E28AD2F4338C7BBEC456F532\",\n    \"representative\": \"nano_3nroioygg54nusrmyun4woimqex36sp3drnctdt5955uqu47fxbkrxk7n7ne\",\n    \"signature\": \"3F6792C2DC623DF2E8643777160AB983B66B337E2478E13D2C3448126A8F4CD8DCCD19803C158A057FA44060AE0EFC09B1C311CB4FBF42F8D240610B38F56E08\",\n    \"work\": \"70FEF01F7EC45DEC\"\n    }" NANO_TEST_GENESIS_PRV ="49643F9B10CA1AA34F9AF8ED4AABD29F436104CCC375974B108534A48EAE3FE1" "rsnano" "--network" "test" "--data-path" "/Users/ruimorais/NanoSpam/pr4" "node" "run"
[2m2026-09-22T19:19:39.514688Z[0m [32m INFO[0m [2mnanospam::setup::node_launcher[0m[2m:[0m Waiting for RPC...
[2m2026-09-22T19:19:39.629737Z[0m [32m INFO[0m [2mnanospam::setup::node_launcher[0m[2m:[0m Starting node: NANO_TEST_GENESIS_BLOCK="{\n    \"type\": \"open\",\n    \"account\": \"nano_3nroioygg54nusrmyun4woimqex36sp3drnctdt5955uqu47fxbkrxk7n7ne\",\n    \"source\": \"D315857CE70C54DE713F6E82E5613BB3A1266C15E28AD2F4338C7BBEC456F532\",\n    \"representative\": \"nano_3nroioygg54nusrmyun4woimqex36sp3drnctdt5955uqu47fxbkrxk7n7ne\",\n    \"signature\": \"3F6792C2DC623DF2E8643777160AB983B66B337E2478E13D2C3448126A8F4CD8DCCD19803C158A057FA44060AE0EFC09B1C311CB4FBF42F8D240610B38F56E08\",\n    \"work\": \"70FEF01F7EC45DEC\"\n    }" NANO_TEST_GENESIS_PRV ="49643F9B10CA1AA34F9AF8ED4AABD29F436104CCC375974B108534A48EAE3FE1" "rsnano" "--network" "test" "--data-path" "/Users/ruimorais/NanoSpam/pr5" "node" "run"
[2m2026-09-22T19:19:39.630110Z[0m [32m INFO[0m [2mnanospam::setup::node_launcher[0m[2m:[0m Waiting for RPC...
[2m2026-09-22T19:19:39.735383Z[0m [32m INFO[0m [2mnanospam::wallets_factory[0m[2m:[0m Creating wallet...
[2m2026-09-22T19:19:39.788128Z[0m [32m INFO[0m [2mnanospam::wallets_factory[0m[2m:[0m Setting default representative...
[2m2026-09-22T19:19:39.788410Z[0m [32m INFO[0m [2mnanospam::wallets_factory[0m[2m:[0m Creating wallet...
[2m2026-09-22T19:19:39.831968Z[0m [32m INFO[0m [2mnanospam::wallets_factory[0m[2m:[0m Setting default representative...
[2m2026-09-22T19:19:39.832153Z[0m [32m INFO[0m [2mnanospam::wallets_factory[0m[2m:[0m Sending Ӿ40,047,061 to PR1 wallet nano_3atmwjh8t11psdqf3qx6xjfiei94oajch6zsyauowxzjogbbgz168g5mp8f1 ...
[2m2026-09-22T19:19:39.832481Z[0m [32m INFO[0m [2mnanospam::wallets_factory[0m[2m:[0m Waiting for confirmation for B19EAD8221E07E52EEB7CA7EE50577B662C489ADBA15C0727DB6F8AEDAD50081
[2m2026-09-22T19:19:54.984906Z[0m [32m INFO[0m [2mnanospam::wallets_factory[0m[2m:[0m Receiving...
[2m2026-09-22T19:19:54.987176Z[0m [32m INFO[0m [2mnanospam::wallets_factory[0m[2m:[0m Waiting for confirmation for CBAA8D9FE2AA2CFEB77B87886D76922E22E4C51C0C091A54179A7E5CF79FC967
[2m2026-09-22T19:19:55.192890Z[0m [32m INFO[0m [2mnanospam::wallets_factory[0m[2m:[0m DONE
[2m2026-09-22T19:19:55.193040Z[0m [32m INFO[0m [2mnanospam::wallets_factory[0m[2m:[0m ********************************************************************************
[2m2026-09-22T19:19:55.193072Z[0m [32m INFO[0m [2mnanospam::wallets_factory[0m[2m:[0m Creating wallet...
[2m2026-09-22T19:19:55.274489Z[0m [32m INFO[0m [2mnanospam::wallets_factory[0m[2m:[0m Setting default representative...
[2m2026-09-22T19:19:55.274749Z[0m [32m INFO[0m [2mnanospam::wallets_factory[0m[2m:[0m Sending Ӿ40,047,061 to PR2 wallet nano_36asm8scxymtsjmgqp14per3zxpgaec1c65qb9en1buscq7qzqa93tfyyzs3 ...
[2m2026-09-22T19:19:55.275195Z[0m [32m INFO[0m [2mnanospam::wallets_factory[0m[2m:[0m Waiting for confirmation for CAFB013DCCB20BBF4CC103A0FDD2BF25C8F109B9E984B96D0666840E4B0F89BA
[2m2026-09-22T19:19:55.379188Z[0m [32m INFO[0m [2mnanospam::wallets_factory[0m[2m:[0m Receiving...
[2m2026-09-22T19:19:55.380176Z[0m [32m INFO[0m [2mnanospam::wallets_factory[0m[2m:[0m Waiting for confirmation for 7189E44F408196E8FD1F393F06CDAD4F7C5A415B2A2DDFA8ABEABEE83DA60182
[2m2026-09-22T19:19:55.484596Z[0m [32m INFO[0m [2mnanospam::wallets_factory[0m[2m:[0m DONE
[2m2026-09-22T19:19:55.484648Z[0m [32m INFO[0m [2mnanospam::wallets_factory[0m[2m:[0m ********************************************************************************
[2m2026-09-22T19:19:55.484658Z[0m [32m INFO[0m [2mnanospam::wallets_factory[0m[2m:[0m Creating wallet...
[2m2026-09-22T19:19:55.559666Z[0m [32m INFO[0m [2mnanospam::wallets_factory[0m[2m:[0m Setting default representative...
[2m2026-09-22T19:19:55.559939Z[0m [32m INFO[0m [2mnanospam::wallets_factory[0m[2m:[0m Sending Ӿ40,047,061 to PR3 wallet nano_1sfb11jzfi8k51fcnrzi1qe3qh1e1jkic3h45oak9yfg5yhbkczzxfwtat7m ...
[2m2026-09-22T19:19:55.560317Z[0m [32m INFO[0m [2mnanospam::wallets_factory[0m[2m:[0m Waiting for confirmation for E2CEA882BAF6FE5BE932C387FEB7740D791CAF9E5BECC7CEE8176C7DDEE6378A
[2m2026-09-22T19:19:55.664190Z[0m [32m INFO[0m [2mnanospam::wallets_factory[0m[2m:[0m Receiving...
[2m2026-09-22T19:19:55.665119Z[0m [32m INFO[0m [2mnanospam::wallets_factory[0m[2m:[0m Waiting for confirmation for EA5EC3EAA2535557DB68742DBFA22A64B7B314876EE136F919471550E89D65D4
[2m2026-09-22T19:19:55.767872Z[0m [32m INFO[0m [2mnanospam::wallets_factory[0m[2m:[0m DONE
[2m2026-09-22T19:19:55.767914Z[0m [32m INFO[0m [2mnanospam::wallets_factory[0m[2m:[0m ********************************************************************************
[2m2026-09-22T19:19:55.767920Z[0m [32m INFO[0m [2mnanospam::wallets_factory[0m[2m:[0m Creating wallet...
[2m2026-09-22T19:19:55.820418Z[0m [32m INFO[0m [2mnanospam::wallets_factory[0m[2m:[0m Setting default representative...
[2m2026-09-22T19:19:55.820785Z[0m [32m INFO[0m [2mnanospam::wallets_factory[0m[2m:[0m Sending Ӿ40,047,061 to PR4 wallet nano_1rsxmoinip7d4wafdp855194n43fs7s1jgne6tx8ruatiu6g89815pddzijp ...
[2m2026-09-22T19:19:55.821243Z[0m [32m INFO[0m [2mnanospam::wallets_factory[0m[2m:[0m Waiting for confirmation for 22677C7E74B964C1E24887306A66EAC48330280DFA5744E0E21166EC47B5438A
[2m2026-09-22T19:20:01.090033Z[0m [32m INFO[0m [2mnanospam::wallets_factory[0m[2m:[0m Receiving...
[2m2026-09-22T19:20:01.092670Z[0m [32m INFO[0m [2mnanospam::wallets_factory[0m[2m:[0m Waiting for confirmation for 686B8354F9897585048EDBC473B612A3E2823DE919A66201E69841219A6B5651
[2m2026-09-22T19:20:01.195853Z[0m [32m INFO[0m [2mnanospam::wallets_factory[0m[2m:[0m DONE
[2m2026-09-22T19:20:01.195891Z[0m [32m INFO[0m [2mnanospam::wallets_factory[0m[2m:[0m ********************************************************************************
[2m2026-09-22T19:20:01.195896Z[0m [32m INFO[0m [2mnanospam::wallets_factory[0m[2m:[0m Creating wallet...
[2m2026-09-22T19:20:01.248571Z[0m [32m INFO[0m [2mnanospam::wallets_factory[0m[2m:[0m Setting default representative...
[2m2026-09-22T19:20:01.248867Z[0m [32m INFO[0m [2mnanospam::wallets_factory[0m[2m:[0m Sending Ӿ40,047,061 to PR5 wallet nano_1wtzwadxk9naxc356m4rienp93ht131w7ypadk39qck8uah3bg3zohsmj9th ...
[2m2026-09-22T19:20:01.249247Z[0m [32m INFO[0m [2mnanospam::wallets_factory[0m[2m:[0m Waiting for confirmation for 86B6E149E407121861E950D6B66B56BA39E500C199E580ED6065515C3C25094F
[2m2026-09-22T19:20:01.456822Z[0m [32m INFO[0m [2mnanospam::wallets_factory[0m[2m:[0m Receiving...
[2m2026-09-22T19:20:01.458589Z[0m [32m INFO[0m [2mnanospam::wallets_factory[0m[2m:[0m Waiting for confirmation for 417F8AEA0F6FDD9A5EE6F5896819E98A81FC15AA2CF56207A5BCFB27193E37A9
[2m2026-09-22T19:20:01.666021Z[0m [32m INFO[0m [2mnanospam::wallets_factory[0m[2m:[0m DONE
[2m2026-09-22T19:20:01.666128Z[0m [32m INFO[0m [2mnanospam::wallets_factory[0m[2m:[0m ********************************************************************************
[2m2026-09-22T19:20:01.666151Z[0m [32m INFO[0m [2mnanospam::wallets_factory[0m[2m:[0m Sending initial spam amount...
[2m2026-09-22T19:20:01.667618Z[0m [32m INFO[0m [2mnanospam::wallets_factory[0m[2m:[0m Waiting for confirmation for 926C224502BE38EB98D0AC4908CE658206CD58F1C22B95B3CE891A9CEEC48B24
[2m2026-09-22T19:20:03.009334Z[0m [32m INFO[0m [2mnanospam::wallets_factory[0m[2m:[0m Receiving initial spam amount...
[2m2026-09-22T19:20:03.010969Z[0m [32m INFO[0m [2mnanospam::wallets_factory[0m[2m:[0m Waiting for confirmation for 7A39100D09C6868947719652BA5AEB2F4BDD1063BBB63EA099C3721F9F9AAB05
[2m2026-09-22T19:20:03.115921Z[0m [32m INFO[0m [2mnanospam::wallets_factory[0m[2m:[0m Seeding Ӿ14,285,714 to nano_1515y6kjs7szpqjijfxfzfe5n6tgkejnu786cm9ar68m8gzucunzpw5ndt77 for representative D315857CE70C54DE713F6E82E5613BB3A1266C15E28AD2F4338C7BBEC456F532
[2m2026-09-22T19:20:03.117311Z[0m [32m INFO[0m [2mnanospam::wallets_factory[0m[2m:[0m Waiting for confirmation for 313E131C2AC855E8FC8EC0FB1B16603106188C5569F7A9541F9832C4E2582DF7
[2m2026-09-22T19:20:03.223406Z[0m [32m INFO[0m [2mnanospam::wallets_factory[0m[2m:[0m Waiting for confirmation for 752A9782C537422E4CF2B4CA1D0A40B8D8E57FB1DE9F3A2F4E4B58E552652400
[2m2026-09-22T19:20:04.769625Z[0m [32m INFO[0m [2mnanospam::wallets_factory[0m[2m:[0m Seeding Ӿ14,285,714 to nano_1zxxsocqzr9w4fg638x77nzcjo1sne1gmm45k3qwobn8c3txtaujrrmxyfcw for representative A353E45E6D0016CAEED0DFA4EC5B0640E2AA22A793F9F2375E77F1AB92977C04
[2m2026-09-22T19:20:04.770153Z[0m [32m INFO[0m [2mnanospam::wallets_factory[0m[2m:[0m Waiting for confirmation for F45C82B67111441CBB80EFE4F4920D0C70C44F42DF46647798C400D06F1A79BC
[2m2026-09-22T19:20:07.252374Z[0m [32m INFO[0m [2mnanospam::wallets_factory[0m[2m:[0m Waiting for confirmation for 9B2CDFE40CBAAC05D40FEBE51F9FEE98E826A11906756A04AF30DC73CB7B41A6
[2m2026-09-22T19:20:07.456871Z[0m [32m INFO[0m [2mnanospam::wallets_factory[0m[2m:[0m Seeding Ӿ14,285,714 to nano_3ajkjrr5d6zneywt8d7yh841zfzxeximbkpynrh6hybu6ne6g3dpwf33ht6e for representative 911999B2AEFA7ACC66EBD802B3301FF6CE431405107749D940277955CB7FDD07
[2m2026-09-22T19:20:07.457884Z[0m [32m INFO[0m [2mnanospam::wallets_factory[0m[2m:[0m Waiting for confirmation for ED5D148FE96E16C9483D7163C6469AEFB1F7A807BB99EA4CEFFF4F4CBFFA997F
[2m2026-09-22T19:20:07.665854Z[0m [32m INFO[0m [2mnanospam::wallets_factory[0m[2m:[0m Waiting for confirmation for A080CC327354B91BBA9C424F6D8E50B38D5610456D4D94BFD72BC14378FABC10
[2m2026-09-22T19:20:07.976003Z[0m [32m INFO[0m [2mnanospam::wallets_factory[0m[2m:[0m Seeding Ӿ14,285,714 to nano_1zxiaxfhshxpj9r36zb9ykrcyfz33xr1e6sguxzdfb9uquu4xigpzajxwfcy for representative 65A90023F6C0D2181AAA63F005D81BBC0C04650505E21D5123F9AE1F9E992BFF
[2m2026-09-22T19:20:07.977225Z[0m [32m INFO[0m [2mnanospam::wallets_factory[0m[2m:[0m Waiting for confirmation for EDD909E04A713C60E26DFB092441517F0DFF4EF9956742731EF6B807D3C5B8D2
[2m2026-09-22T19:20:09.535292Z[0m [32m INFO[0m [2mnanospam::wallets_factory[0m[2m:[0m Waiting for confirmation for 81F017DABE141A207EC79532ACC213D38F977666D48FC35783B4DE79B12FED6C
[2m2026-09-22T19:20:09.743159Z[0m [32m INFO[0m [2mnanospam::wallets_factory[0m[2m:[0m Seeding Ӿ14,285,714 to nano_38oatfbytofruxz7954r5k4sg5tohey6fhw9p9d59gd1ni91oigd99ii6t6g for representative 633D9D614858AB1710D5D8C3180E2A082DC97208BA8C26BA6C6D1A86C8E31CC0
[2m2026-09-22T19:20:09.743551Z[0m [32m INFO[0m [2mnanospam::wallets_factory[0m[2m:[0m Waiting for confirmation for 567B204F2DAB30C930F68A2629513C47CEE7F20BAD8655FB1342102AAA0306FB
[2m2026-09-22T19:20:09.952264Z[0m [32m INFO[0m [2mnanospam::wallets_factory[0m[2m:[0m Waiting for confirmation for B3D0FA98A47A9630A8BC602D3F65DC9947B8130820883CD766BEF5B3BE826905
[2m2026-09-22T19:20:10.161762Z[0m [32m INFO[0m [2mnanospam::wallets_factory[0m[2m:[0m Seeding Ӿ14,285,714 to nano_3tx11j1omw4j3d1ug8d4iphta934kaikaom3ihzmh44siayda839hf91of9q for representative 735FE217D91E88EA82324C5883296385FA0041C2FAC85C827BAA46DA1E14B83F
[2m2026-09-22T19:20:10.163225Z[0m [32m INFO[0m [2mnanospam::wallets_factory[0m[2m:[0m Waiting for confirmation for 1DFE2A6C90823591C8150640A49104DDEF40E3EE53F73E01771AF6A315477A6E
[2m2026-09-22T19:20:10.373357Z[0m [32m INFO[0m [2mnanospam::wallets_factory[0m[2m:[0m Waiting for confirmation for 72442F91AC6A7258805BFFEA4A447F7487969479E79D503F709E0AE3E9052038
[2m2026-09-22T19:20:10.582946Z[0m [32m INFO[0m [2mnanospam::high_prio_check[0m[2m:[0m Creating high priority accounts...
[2m2026-09-22T19:20:10.612648Z[0m [32m INFO[0m [2mnanospam::high_prio_check[0m[2m:[0m Waiting for confirmations...
[2m2026-09-22T19:20:12.800545Z[0m [32m INFO[0m [2mnanospam::app[0m[2m:[0m Waiting for all PRs to see the full quorum...
[2m2026-09-22T19:20:21.591301Z[0m [32m INFO[0m [2mnanospam::app[0m[2m:[0m All PRs see the full quorum after 8.790823291s
[2m2026-09-22T19:20:21.591356Z[0m [32m INFO[0m [2mnanospam::app[0m[2m:[0m Waiting for all PRs to hold the same cemented ledger...
[2m2026-09-22T19:20:21.592503Z[0m [32m INFO[0m [2mnanospam::app[0m[2m:[0m All PRs hold the same ledger of 65 blocks after 1.134958ms
EPOCH_COMMITTEE derived_by=genesis members=6 accounts=33 n=340282366920938463463374607431768211455 digest=F86D81972D51B72B0B6EBD14698D9274FA62362921269BD5E595E4E716D4EE3A shares=["A353E45E:20.2%", "735FE217:16.0%", "633D9D61:16.0%", "65A90023:16.0%", "911999B2:16.0%", "D315857C:16.0%"] t=1790104821592
EPOCH_START epoch=0 elections=0 t=1790104821592
EPOCH_COMMITTEE derived_by=genesis members=6 accounts=33 n=340282366920938463463374607431768211455 digest=F86D81972D51B72B0B6EBD14698D9274FA62362921269BD5E595E4E716D4EE3A shares=["A353E45E:20.2%", "735FE217:16.0%", "633D9D61:16.0%", "65A90023:16.0%", "911999B2:16.0%", "D315857C:16.0%"] t=1790104821592
EPOCH_START epoch=0 elections=0 t=1790104821592
EPOCH_COMMITTEE derived_by=genesis members=6 accounts=33 n=340282366920938463463374607431768211455 digest=F86D81972D51B72B0B6EBD14698D9274FA62362921269BD5E595E4E716D4EE3A shares=["A353E45E:20.2%", "735FE217:16.0%", "633D9D61:16.0%", "65A90023:16.0%", "911999B2:16.0%", "D315857C:16.0%"] t=1790104821593
EPOCH_START epoch=0 elections=0 t=1790104821593
EPOCH_COMMITTEE derived_by=genesis members=6 accounts=33 n=340282366920938463463374607431768211455 digest=F86D81972D51B72B0B6EBD14698D9274FA62362921269BD5E595E4E716D4EE3A shares=["A353E45E:20.2%", "735FE217:16.0%", "633D9D61:16.0%", "65A90023:16.0%", "911999B2:16.0%", "D315857C:16.0%"] t=1790104821593
EPOCH_START epoch=0 elections=0 t=1790104821593
EPOCH_COMMITTEE derived_by=genesis members=6 accounts=33 n=340282366920938463463374607431768211455 digest=F86D81972D51B72B0B6EBD14698D9274FA62362921269BD5E595E4E716D4EE3A shares=["A353E45E:20.2%", "735FE217:16.0%", "633D9D61:16.0%", "65A90023:16.0%", "911999B2:16.0%", "D315857C:16.0%"] t=1790104821593
EPOCH_START epoch=0 elections=0 t=1790104821593
EPOCH_COMMITTEE derived_by=genesis members=6 accounts=33 n=340282366920938463463374607431768211455 digest=F86D81972D51B72B0B6EBD14698D9274FA62362921269BD5E595E4E716D4EE3A shares=["A353E45E:20.2%", "735FE217:16.0%", "633D9D61:16.0%", "65A90023:16.0%", "911999B2:16.0%", "D315857C:16.0%"] t=1790104821593
EPOCH_START epoch=0 elections=0 t=1790104821593
[2m2026-09-22T19:20:21.593949Z[0m [32m INFO[0m [2mnanospam::app[0m[2m:[0m Started the epochs on every PR
[2m2026-09-22T19:20:21.593960Z[0m [32m INFO[0m [2mnanospam::app[0m[2m:[0m Connecting to node PR0... [3mpeer_addr[0m[2m=[0m[::1]:17075
[2m2026-09-22T19:20:21.594253Z[0m [32m INFO[0m [2mnanospam::app[0m[2m:[0m Performing handshake...
[2m2026-09-22T19:20:21.594659Z[0m [32m INFO[0m [2mnanospam::app[0m[2m:[0m Performing handshake...
[2m2026-09-22T19:20:21.606949Z[0m [32m INFO[0m [2mnanospam::app[0m[2m:[0m Performing handshake...
[2m2026-09-22T19:20:21.618943Z[0m [32m INFO[0m [2mnanospam::app[0m[2m:[0m Performing handshake...
[2m2026-09-22T19:20:21.630133Z[0m [32m INFO[0m [2mnanospam::app[0m[2m:[0m Connecting to node PR1... [3mpeer_addr[0m[2m=[0m[::1]:17085
[2m2026-09-22T19:20:21.630388Z[0m [32m INFO[0m [2mnanospam::app[0m[2m:[0m Performing handshake...
[2m2026-09-22T19:20:21.630748Z[0m [32m INFO[0m [2mnanospam::app[0m[2m:[0m Performing handshake...
[2m2026-09-22T19:20:21.642068Z[0m [32m INFO[0m [2mnanospam::app[0m[2m:[0m Performing handshake...
[2m2026-09-22T19:20:21.654733Z[0m [32m INFO[0m [2mnanospam::app[0m[2m:[0m Performing handshake...
[2m2026-09-22T19:20:21.666426Z[0m [32m INFO[0m [2mnanospam::app[0m[2m:[0m Connecting to node PR2... [3mpeer_addr[0m[2m=[0m[::1]:17095
[2m2026-09-22T19:20:21.666597Z[0m [32m INFO[0m [2mnanospam::app[0m[2m:[0m Performing handshake...
[2m2026-09-22T19:20:21.667121Z[0m [32m INFO[0m [2mnanospam::app[0m[2m:[0m Performing handshake...
[2m2026-09-22T19:20:21.679185Z[0m [32m INFO[0m [2mnanospam::app[0m[2m:[0m Performing handshake...
[2m2026-09-22T19:20:21.689868Z[0m [32m INFO[0m [2mnanospam::app[0m[2m:[0m Performing handshake...
[2m2026-09-22T19:20:21.701452Z[0m [32m INFO[0m [2mnanospam::app[0m[2m:[0m Connecting to node PR3... [3mpeer_addr[0m[2m=[0m[::1]:17105
[2m2026-09-22T19:20:21.701636Z[0m [32m INFO[0m [2mnanospam::app[0m[2m:[0m Performing handshake...
[2m2026-09-22T19:20:21.702146Z[0m [32m INFO[0m [2mnanospam::app[0m[2m:[0m Performing handshake...
[2m2026-09-22T19:20:21.714580Z[0m [32m INFO[0m [2mnanospam::app[0m[2m:[0m Performing handshake...
[2m2026-09-22T19:20:21.725222Z[0m [32m INFO[0m [2mnanospam::app[0m[2m:[0m Performing handshake...
[2m2026-09-22T19:20:21.736389Z[0m [32m INFO[0m [2mnanospam::app[0m[2m:[0m Connecting to node PR4... [3mpeer_addr[0m[2m=[0m[::1]:17115
[2m2026-09-22T19:20:21.736561Z[0m [32m INFO[0m [2mnanospam::app[0m[2m:[0m Performing handshake...
[2m2026-09-22T19:20:21.737199Z[0m [32m INFO[0m [2mnanospam::app[0m[2m:[0m Performing handshake...
[2m2026-09-22T19:20:21.749291Z[0m [32m INFO[0m [2mnanospam::app[0m[2m:[0m Performing handshake...
[2m2026-09-22T19:20:21.761354Z[0m [32m INFO[0m [2mnanospam::app[0m[2m:[0m Performing handshake...
[2m2026-09-22T19:20:21.773313Z[0m [32m INFO[0m [2mnanospam::app[0m[2m:[0m Connecting to node PR5... [3mpeer_addr[0m[2m=[0m[::1]:17125
[2m2026-09-22T19:20:21.773533Z[0m [32m INFO[0m [2mnanospam::app[0m[2m:[0m Performing handshake...
[2m2026-09-22T19:20:21.774260Z[0m [32m INFO[0m [2mnanospam::app[0m[2m:[0m Performing handshake...
[2m2026-09-22T19:20:21.786858Z[0m [32m INFO[0m [2mnanospam::app[0m[2m:[0m Performing handshake...
[2m2026-09-22T19:20:21.797716Z[0m [32m INFO[0m [2mnanospam::app[0m[2m:[0m Performing handshake...
[2m2026-09-22T19:20:21.808516Z[0m [32m INFO[0m [2mnanospam::app[0m[2m:[0m Connecting to websocket...
[2m2026-09-22T19:20:21.810683Z[0m [32m INFO[0m [2mnanospam::app[0m[2m:[0m Starting with 2000 BPS
[2m2026-09-22T19:20:22.811806Z[0m [32m INFO[0m [2mnanospam::app[0m[2m:[0m Confirmed 742 blocks | 2,000 bps | 811 cps | avg conf time: 91 ms
[2m2026-09-22T19:20:23.813076Z[0m [32m INFO[0m [2mnanospam::app[0m[2m:[0m Confirmed 3,594 blocks | 2,000 bps | 2,847 cps | avg conf time: 170 ms
[2m2026-09-22T19:20:24.813696Z[0m [32m INFO[0m [2mnanospam::app[0m[2m:[0m Confirmed 6,210 blocks | 2,000 bps | 2,614 cps | avg conf time: 242 ms
[2m2026-09-22T19:20:25.814785Z[0m [32m INFO[0m [2mnanospam::app[0m[2m:[0m Confirmed 8,086 blocks | 2,000 bps | 1,874 cps | avg conf time: 104 ms
[2m2026-09-22T19:20:26.815639Z[0m [32m INFO[0m [2mnanospam::app[0m[2m:[0m Confirmed 9,878 blocks | 2,000 bps | 1,790 cps | avg conf time: 102 ms
[2m2026-09-22T19:20:27.816660Z[0m [32m INFO[0m [2mnanospam::app[0m[2m:[0m Confirmed 11,738 blocks | 2,000 bps | 1,858 cps | avg conf time: 102 ms
[2m2026-09-22T19:20:28.817802Z[0m [32m INFO[0m [2mnanospam::app[0m[2m:[0m Confirmed 13,585 blocks | 2,000 bps | 1,844 cps | avg conf time: 110 ms
EPOCH_ENDED epoch=0 elections=917 active=171 t=1790104829593
EPOCH_ENDED epoch=0 elections=974 active=194 t=1790104829593
EPOCH_ENDED epoch=0 elections=916 active=170 t=1790104829593
EPOCH_ENDED epoch=0 elections=917 active=171 t=1790104829593
EPOCH_ENDED epoch=0 elections=915 active=169 t=1790104829593
EPOCH_ENDED epoch=0 elections=1005 active=197 t=1790104829596
EPOCH_DRAIN_WAIT epoch=0 unterminated=6 previous_closed=true first=["0FAA2A4CD3C9ECDDD85AA81BE7B0A4C554A4A72B013942DF29FF633BF2B7A71D:active:1:2", "FB372188D33E87E714809347B228F0BCC76835B579BD8DA58473A12D2228D39C:active:1:3", "078E06408DF0233958634D5E83C920D64AC4C12DDB9AB908AB2D8EFCA2375D3F:active:1:3"] t=1790104829660
EPOCH_DRAIN_WAIT epoch=0 unterminated=8 previous_closed=true first=["0FAA2A4CD3C9ECDDD85AA81BE7B0A4C554A4A72B013942DF29FF633BF2B7A71D:active:1:5", "078E06408DF0233958634D5E83C920D64AC4C12DDB9AB908AB2D8EFCA2375D3F:active:1:6", "4B847B33CCF8B97A3B00D5C80F4494E82111F60344434C87F2BF05919D978A8E:active:1:3"] t=1790104829683
EPOCH_DRAIN_WAIT epoch=0 unterminated=2 previous_closed=true first=["4143D312872E70397EAF80B8C862F8370FF893069B7F52F48D5039C3DA9167BC:active:1:2", "B5C94A133F4FC33B9CCEF2AA89FA363FE271907F749F0331AD7814E2A4426636:active:1:2"] t=1790104829808
[2m2026-09-22T19:20:29.818408Z[0m [32m INFO[0m [2mnanospam::app[0m[2m:[0m Confirmed 15,195 blocks | 2,000 bps | 1,608 cps | avg conf time: 105 ms
EPOCH_CLOSE_READY epoch=0 value=D80CB03136D1AC67E2238B7188E4277D85F67DB1A5B2523CA946E2FF3389F4C2 t=1790104830008
EPOCH_CLOSE_ROUND epoch=0 round=0 leader=633D9D614858AB1710D5D8C3180E2A082DC97208BA8C26BA6C6D1A86C8E31CC0 leads=false t=1790104830008
EPOCH_ADVANCED epoch=1 elections=748 active=0 t=1790104830008
EPOCH_REPORT epoch=0 certified=16498 residual=326 root=BEBF816DEF07FD38B3AFF761945A37F70DDD8783393C1E92F2A7D490C057838A reports=1 t=1790104830028
EPOCH_RECONCILED epoch=0 reporter=A353E45E6D0016CAEED0DFA4EC5B0640E2AA22A793F9F2375E77F1AB92977C04 complete=true entries=0 total=16498 t=1790104830055
EPOCH_CLOSE_READY epoch=0 value=3415212721B3DFDF8BABCCF4E5FCD8116A5A9A3B16DEF40DAB78920DF665130E t=1790104830152
EPOCH_CLOSE_ROUND epoch=0 round=0 leader=633D9D614858AB1710D5D8C3180E2A082DC97208BA8C26BA6C6D1A86C8E31CC0 leads=false t=1790104830152
EPOCH_ADVANCED epoch=1 elections=749 active=0 t=1790104830152
EPOCH_REPORT epoch=0 certified=16452 residual=437 root=7C7921D43D687014463BAA6C9C1E6EEA8401337B2048D71BCB49126E78AD8C84 reports=1 t=1790104830175
EPOCH_CLOSE_READY epoch=0 value=D80CB03136D1AC67E2238B7188E4277D85F67DB1A5B2523CA946E2FF3389F4C2 t=1790104830206
EPOCH_CLOSE_ROUND epoch=0 round=0 leader=633D9D614858AB1710D5D8C3180E2A082DC97208BA8C26BA6C6D1A86C8E31CC0 leads=false t=1790104830206
EPOCH_ADVANCED epoch=1 elections=748 active=0 t=1790104830206
EPOCH_RECONCILED epoch=0 reporter=735FE217D91E88EA82324C5883296385FA0041C2FAC85C827BAA46DA1E14B83F complete=true entries=0 total=16452 t=1790104830215
EPOCH_REPORT epoch=0 certified=16498 residual=387 root=BEBF816DEF07FD38B3AFF761945A37F70DDD8783393C1E92F2A7D490C057838A reports=1 t=1790104830233
EPOCH_RECONCILED epoch=0 reporter=A353E45E6D0016CAEED0DFA4EC5B0640E2AA22A793F9F2375E77F1AB92977C04 complete=true entries=0 total=16498 t=1790104830323
EPOCH_RECONCILED epoch=0 reporter=911999B2AEFA7ACC66EBD802B3301FF6CE431405107749D940277955CB7FDD07 complete=true entries=0 total=16498 t=1790104830324
EPOCH_RECONCILED epoch=0 reporter=911999B2AEFA7ACC66EBD802B3301FF6CE431405107749D940277955CB7FDD07 complete=true entries=0 total=16498 t=1790104830417
EPOCH_CLOSE_READY epoch=0 value=D80CB03136D1AC67E2238B7188E4277D85F67DB1A5B2523CA946E2FF3389F4C2 t=1790104830428
EPOCH_CLOSE_ROUND epoch=0 round=0 leader=633D9D614858AB1710D5D8C3180E2A082DC97208BA8C26BA6C6D1A86C8E31CC0 leads=false t=1790104830428
EPOCH_ADVANCED epoch=1 elections=748 active=0 t=1790104830428
EPOCH_REPORT epoch=0 certified=16498 residual=375 root=BEBF816DEF07FD38B3AFF761945A37F70DDD8783393C1E92F2A7D490C057838A reports=1 t=1790104830448
EPOCH_CLOSE_READY epoch=0 value=D80CB03136D1AC67E2238B7188E4277D85F67DB1A5B2523CA946E2FF3389F4C2 t=1790104830450
EPOCH_CLOSE_ROUND epoch=0 round=0 leader=633D9D614858AB1710D5D8C3180E2A082DC97208BA8C26BA6C6D1A86C8E31CC0 leads=false t=1790104830450
EPOCH_ADVANCED epoch=1 elections=748 active=0 t=1790104830450
EPOCH_RECONCILED epoch=0 reporter=911999B2AEFA7ACC66EBD802B3301FF6CE431405107749D940277955CB7FDD07 complete=true entries=0 total=16498 t=1790104830474
EPOCH_RECONCILED epoch=0 reporter=A353E45E6D0016CAEED0DFA4EC5B0640E2AA22A793F9F2375E77F1AB92977C04 complete=true entries=0 total=16498 t=1790104830474
EPOCH_RECONCILED epoch=0 reporter=D315857CE70C54DE713F6E82E5613BB3A1266C15E28AD2F4338C7BBEC456F532 complete=true entries=0 total=16498 t=1790104830474
EPOCH_CLOSE_READY epoch=0 value=4131CBD3C4C8FCC7AF118F8E88B176410AC8A1BC898C04CD5112F9D7F1D5990E t=1790104830476
EPOCH_CLOSE_ROUND epoch=0 round=0 leader=633D9D614858AB1710D5D8C3180E2A082DC97208BA8C26BA6C6D1A86C8E31CC0 leads=true t=1790104830476
EPOCH_ADVANCED epoch=1 elections=777 active=0 t=1790104830476
EPOCH_REPORT epoch=0 certified=16498 residual=294 root=BEBF816DEF07FD38B3AFF761945A37F70DDD8783393C1E92F2A7D490C057838A reports=1 t=1790104830476
EPOCH_REPORT epoch=0 certified=16413 residual=476 root=9ACF0B242FD4283334249A156C64A64D0AFB838C193D3A93A36A72C417612718 reports=1 t=1790104830495
EPOCH_RECONCILED epoch=0 reporter=D315857CE70C54DE713F6E82E5613BB3A1266C15E28AD2F4338C7BBEC456F532 complete=true entries=0 total=16498 t=1790104830715
EPOCH_RECONCILED epoch=0 reporter=65A90023F6C0D2181AAA63F005D81BBC0C04650505E21D5123F9AE1F9E992BFF complete=true entries=0 total=16498 t=1790104830716
EPOCH_RECONCILED epoch=0 reporter=633D9D614858AB1710D5D8C3180E2A082DC97208BA8C26BA6C6D1A86C8E31CC0 complete=true entries=0 total=16413 t=1790104830732
EPOCH_RECONCILED epoch=0 reporter=A353E45E6D0016CAEED0DFA4EC5B0640E2AA22A793F9F2375E77F1AB92977C04 complete=true entries=0 total=16498 t=1790104830733
EPOCH_RECONCILED epoch=0 reporter=D315857CE70C54DE713F6E82E5613BB3A1266C15E28AD2F4338C7BBEC456F532 complete=true entries=0 total=16498 t=1790104830733
EPOCH_RECONCILED epoch=0 reporter=65A90023F6C0D2181AAA63F005D81BBC0C04650505E21D5123F9AE1F9E992BFF complete=true entries=0 total=16498 t=1790104830734
EPOCH_RECONCILED epoch=0 reporter=911999B2AEFA7ACC66EBD802B3301FF6CE431405107749D940277955CB7FDD07 complete=true entries=0 total=16498 t=1790104830734
[2m2026-09-22T19:20:30.819463Z[0m [32m INFO[0m [2mnanospam::app[0m[2m:[0m Confirmed 16,728 blocks | 2,000 bps | 1,531 cps | avg conf time: 771 ms
EPOCH_RECONCILED epoch=0 reporter=D315857CE70C54DE713F6E82E5613BB3A1266C15E28AD2F4338C7BBEC456F532 complete=true entries=0 total=16498 t=1790104830847
EPOCH_RECONCILED epoch=0 reporter=65A90023F6C0D2181AAA63F005D81BBC0C04650505E21D5123F9AE1F9E992BFF complete=true entries=0 total=16498 t=1790104830847
EPOCH_RECONCILED epoch=0 reporter=65A90023F6C0D2181AAA63F005D81BBC0C04650505E21D5123F9AE1F9E992BFF complete=true entries=0 total=16498 t=1790104830876
EPOCH_CLOSE_READY epoch=0 value=349496AC50882F5B8009CA8EA29CDED42705E32C3350F825D6FF6AFAA14AF7AD t=1790104831363
EPOCH_CLOSE_READY epoch=0 value=B256F1AA769931BC14240AFACE65070E9B9768DBA615406C60B88AF6449C4AAB t=1790104831441
EPOCH_RECONCILED epoch=0 reporter=A353E45E6D0016CAEED0DFA4EC5B0640E2AA22A793F9F2375E77F1AB92977C04 complete=true entries=0 total=16498 t=1790104831481
[2m2026-09-22T19:20:31.820454Z[0m [32m INFO[0m [2mnanospam::app[0m[2m:[0m Confirmed 18,918 blocks | 2,000 bps | 2,187 cps | avg conf time: 252 ms
EPOCH_CLOSE_READY epoch=0 value=D80CB03136D1AC67E2238B7188E4277D85F67DB1A5B2523CA946E2FF3389F4C2 t=1790104832132
EPOCH_CLOSE_READY epoch=0 value=D80CB03136D1AC67E2238B7188E4277D85F67DB1A5B2523CA946E2FF3389F4C2 t=1790104832134
EPOCH_RECONCILED epoch=0 reporter=65A90023F6C0D2181AAA63F005D81BBC0C04650505E21D5123F9AE1F9E992BFF complete=true entries=0 total=16498 t=1790104832156
EPOCH_RECONCILED epoch=0 reporter=A353E45E6D0016CAEED0DFA4EC5B0640E2AA22A793F9F2375E77F1AB92977C04 complete=true entries=0 total=16498 t=1790104832156
EPOCH_RECONCILED epoch=0 reporter=D315857CE70C54DE713F6E82E5613BB3A1266C15E28AD2F4338C7BBEC456F532 complete=true entries=0 total=16498 t=1790104832156
EPOCH_CLOSE_ROUND epoch=0 round=1 leader=65A90023F6C0D2181AAA63F005D81BBC0C04650505E21D5123F9AE1F9E992BFF leads=true t=1790104832285
EPOCH_CLOSE_ROUND epoch=0 round=1 leader=65A90023F6C0D2181AAA63F005D81BBC0C04650505E21D5123F9AE1F9E992BFF leads=false t=1790104832324
EPOCH_CLOSE_ROUND epoch=0 round=1 leader=65A90023F6C0D2181AAA63F005D81BBC0C04650505E21D5123F9AE1F9E992BFF leads=false t=1790104832480
EPOCH_CLOSE_ROUND epoch=0 round=1 leader=65A90023F6C0D2181AAA63F005D81BBC0C04650505E21D5123F9AE1F9E992BFF leads=false t=1790104832487
EPOCH_CLOSE_ROUND epoch=0 round=1 leader=65A90023F6C0D2181AAA63F005D81BBC0C04650505E21D5123F9AE1F9E992BFF leads=false t=1790104832490
EPOCH_CLOSE_ROUND epoch=0 round=1 leader=65A90023F6C0D2181AAA63F005D81BBC0C04650505E21D5123F9AE1F9E992BFF leads=false t=1790104832518
EPOCH_CLOSED epoch=0 round=1 value=D80CB03136D1AC67E2238B7188E4277D85F67DB1A5B2523CA946E2FF3389F4C2 own=true t=1790104832683
EPOCH_CLOSED epoch=0 round=1 value=D80CB03136D1AC67E2238B7188E4277D85F67DB1A5B2523CA946E2FF3389F4C2 own=true t=1790104832684
EPOCH_CLOSED epoch=0 round=1 value=D80CB03136D1AC67E2238B7188E4277D85F67DB1A5B2523CA946E2FF3389F4C2 own=true t=1790104832684
EPOCH_CLOSED epoch=0 round=1 value=D80CB03136D1AC67E2238B7188E4277D85F67DB1A5B2523CA946E2FF3389F4C2 own=true t=1790104832684
EPOCH_CLOSED epoch=0 round=1 value=D80CB03136D1AC67E2238B7188E4277D85F67DB1A5B2523CA946E2FF3389F4C2 own=true t=1790104832684
EPOCH_CLOSED epoch=0 round=1 value=D80CB03136D1AC67E2238B7188E4277D85F67DB1A5B2523CA946E2FF3389F4C2 own=true t=1790104832685
EPOCH_COMMITTEE derived_by=0 members=6 accounts=6928 n=322553302248947387758297387933535055469 digest=125BD70074101E8DF55A56A7D0037A90C1A80A574A812F11AD145EB21505853D shares=["911999B2:18.0%", "633D9D61:17.6%", "735FE217:16.9%", "65A90023:16.7%", "A353E45E:15.7%", "D315857C:15.1%"] t=1790104832689
EPOCH_AGREED epoch=0 value=D80CB03136D1AC67E2238B7188E4277D85F67DB1A5B2523CA946E2FF3389F4C2 t=1790104832689
EPOCH_COMMITTEE derived_by=0 members=6 accounts=6928 n=322553302248947387758297387933535055469 digest=125BD70074101E8DF55A56A7D0037A90C1A80A574A812F11AD145EB21505853D shares=["911999B2:18.0%", "633D9D61:17.6%", "735FE217:16.9%", "65A90023:16.7%", "A353E45E:15.7%", "D315857C:15.1%"] t=1790104832691
EPOCH_AGREED epoch=0 value=D80CB03136D1AC67E2238B7188E4277D85F67DB1A5B2523CA946E2FF3389F4C2 t=1790104832691
EPOCH_COMMITTEE derived_by=0 members=6 accounts=6928 n=322553302248947387758297387933535055469 digest=125BD70074101E8DF55A56A7D0037A90C1A80A574A812F11AD145EB21505853D shares=["911999B2:18.0%", "633D9D61:17.6%", "735FE217:16.9%", "65A90023:16.7%", "A353E45E:15.7%", "D315857C:15.1%"] t=1790104832691
EPOCH_AGREED epoch=0 value=D80CB03136D1AC67E2238B7188E4277D85F67DB1A5B2523CA946E2FF3389F4C2 t=1790104832691
EPOCH_COMMITTEE derived_by=0 members=6 accounts=6928 n=322553302248947387758297387933535055469 digest=125BD70074101E8DF55A56A7D0037A90C1A80A574A812F11AD145EB21505853D shares=["911999B2:18.0%", "633D9D61:17.6%", "735FE217:16.9%", "65A90023:16.7%", "A353E45E:15.7%", "D315857C:15.1%"] t=1790104832691
EPOCH_AGREED epoch=0 value=D80CB03136D1AC67E2238B7188E4277D85F67DB1A5B2523CA946E2FF3389F4C2 t=1790104832691
EPOCH_COMMITTEE derived_by=0 members=6 accounts=6928 n=322553302248947387758297387933535055469 digest=125BD70074101E8DF55A56A7D0037A90C1A80A574A812F11AD145EB21505853D shares=["911999B2:18.0%", "633D9D61:17.6%", "735FE217:16.9%", "65A90023:16.7%", "A353E45E:15.7%", "D315857C:15.1%"] t=1790104832693
EPOCH_AGREED epoch=0 value=D80CB03136D1AC67E2238B7188E4277D85F67DB1A5B2523CA946E2FF3389F4C2 t=1790104832693
EPOCH_COMMITTEE derived_by=0 members=6 accounts=6928 n=322553302248947387758297387933535055469 digest=125BD70074101E8DF55A56A7D0037A90C1A80A574A812F11AD145EB21505853D shares=["911999B2:18.0%", "633D9D61:17.6%", "735FE217:16.9%", "65A90023:16.7%", "A353E45E:15.7%", "D315857C:15.1%"] t=1790104832693
EPOCH_AGREED epoch=0 value=D80CB03136D1AC67E2238B7188E4277D85F67DB1A5B2523CA946E2FF3389F4C2 t=1790104832693
[2m2026-09-22T19:20:32.821430Z[0m [32m INFO[0m [2mnanospam::app[0m[2m:[0m Confirmed 20,749 blocks | 2,000 bps | 1,829 cps | avg conf time: 173 ms
[2m2026-09-22T19:20:33.822370Z[0m [32m INFO[0m [2mnanospam::app[0m[2m:[0m Confirmed 22,628 blocks | 2,000 bps | 1,877 cps | avg conf time: 107 ms
[2m2026-09-22T19:20:34.823332Z[0m [32m INFO[0m [2mnanospam::app[0m[2m:[0m Confirmed 24,360 blocks | 2,000 bps | 1,730 cps | avg conf time: 98 ms
[2m2026-09-22T19:20:35.824297Z[0m [32m INFO[0m [2mnanospam::app[0m[2m:[0m Confirmed 26,243 blocks | 2,000 bps | 1,881 cps | avg conf time: 102 ms
[2m2026-09-22T19:20:36.825389Z[0m [32m INFO[0m [2mnanospam::app[0m[2m:[0m Confirmed 28,034 blocks | 2,000 bps | 1,789 cps | avg conf time: 103 ms
EPOCH_ENDED epoch=1 elections=1649 active=175 t=1790104837607
EPOCH_ENDED epoch=1 elections=1649 active=175 t=1790104837607
EPOCH_ENDED epoch=1 elections=1649 active=175 t=1790104837607
EPOCH_ENDED epoch=1 elections=1649 active=175 t=1790104837607
EPOCH_ENDED epoch=1 elections=1649 active=175 t=1790104837607
EPOCH_ENDED epoch=1 elections=1649 active=175 t=1790104837607
EPOCH_DRAIN_WAIT epoch=1 unterminated=95 previous_closed=true first=["19366210722F97F40F7B5425405800C235A8480ECF5909F5081841107EDE54FB:active:1:2", "60DD756AA8DFB4DCB0AD16857C63F6E8E1DFEA3383589B5739980244775C2A02:active:1:3", "D0F1D44B31C2BBAAAFE4FD2C6F8097354C2EDCA84988D2D8A8DE3666B78DEEEE:active:1:2"] t=1790104837662
EPOCH_DRAIN_WAIT epoch=1 unterminated=95 previous_closed=true first=["19366210722F97F40F7B5425405800C235A8480ECF5909F5081841107EDE54FB:active:1:3", "60DD756AA8DFB4DCB0AD16857C63F6E8E1DFEA3383589B5739980244775C2A02:active:1:3", "D0F1D44B31C2BBAAAFE4FD2C6F8097354C2EDCA84988D2D8A8DE3666B78DEEEE:active:1:2"] t=1790104837665
EPOCH_DRAIN_WAIT epoch=1 unterminated=95 previous_closed=true first=["19366210722F97F40F7B5425405800C235A8480ECF5909F5081841107EDE54FB:active:1:3", "60DD756AA8DFB4DCB0AD16857C63F6E8E1DFEA3383589B5739980244775C2A02:active:1:3", "D0F1D44B31C2BBAAAFE4FD2C6F8097354C2EDCA84988D2D8A8DE3666B78DEEEE:active:1:2"] t=1790104837675
EPOCH_DRAIN_WAIT epoch=1 unterminated=8 previous_closed=true first=["19366210722F97F40F7B5425405800C235A8480ECF5909F5081841107EDE54FB:active:2:6", "7E8D3EC3340331B085982CACB4884300CAB2D98E986C8085B4456F9B50539DC4:active:2:6", "0FD91941391DB9780047AF194BE3FF9B118E2CBA15E1DA39700FE419BC29581E:active:2:6"] t=1790104837707
[2m2026-09-22T19:20:37.826255Z[0m [32m INFO[0m [2mnanospam::app[0m[2m:[0m Confirmed 29,632 blocks | 2,000 bps | 1,596 cps | avg conf time: 106 ms
EPOCH_CLOSE_READY epoch=1 value=284AF62705B0F3886F024F5CF4109B38E2CFB22E8497E14DEC1F44DFF89BA4FA t=1790104838053
EPOCH_CLOSE_ROUND epoch=1 round=0 leader=65A90023F6C0D2181AAA63F005D81BBC0C04650505E21D5123F9AE1F9E992BFF leads=true t=1790104838053
EPOCH_ADVANCED epoch=2 elections=1458 active=0 t=1790104838054
EPOCH_REPORT epoch=1 certified=15564 residual=398 root=C7C558BC3196CFE83502FE0FD719EA37F8FBF7BCA463A67139BFA0ED14A87488 reports=1 t=1790104838076
EPOCH_RECONCILED epoch=1 reporter=65A90023F6C0D2181AAA63F005D81BBC0C04650505E21D5123F9AE1F9E992BFF complete=true entries=0 total=15564 t=1790104838147
EPOCH_CLOSE_READY epoch=1 value=284AF62705B0F3886F024F5CF4109B38E2CFB22E8497E14DEC1F44DFF89BA4FA t=1790104838225
EPOCH_CLOSE_ROUND epoch=1 round=0 leader=65A90023F6C0D2181AAA63F005D81BBC0C04650505E21D5123F9AE1F9E992BFF leads=false t=1790104838225
EPOCH_ADVANCED epoch=2 elections=1458 active=0 t=1790104838226
EPOCH_REPORT epoch=1 certified=15564 residual=363 root=C7C558BC3196CFE83502FE0FD719EA37F8FBF7BCA463A67139BFA0ED14A87488 reports=1 t=1790104838249
EPOCH_RECONCILED epoch=1 reporter=D315857CE70C54DE713F6E82E5613BB3A1266C15E28AD2F4338C7BBEC456F532 complete=true entries=0 total=15564 t=1790104838345
EPOCH_RECONCILED epoch=1 reporter=65A90023F6C0D2181AAA63F005D81BBC0C04650505E21D5123F9AE1F9E992BFF complete=true entries=0 total=15564 t=1790104838349
EPOCH_CLOSE_READY epoch=1 value=284AF62705B0F3886F024F5CF4109B38E2CFB22E8497E14DEC1F44DFF89BA4FA t=1790104838413
EPOCH_CLOSE_ROUND epoch=1 round=0 leader=65A90023F6C0D2181AAA63F005D81BBC0C04650505E21D5123F9AE1F9E992BFF leads=false t=1790104838413
EPOCH_ADVANCED epoch=2 elections=1458 active=0 t=1790104838414
EPOCH_CLOSE_READY epoch=1 value=284AF62705B0F3886F024F5CF4109B38E2CFB22E8497E14DEC1F44DFF89BA4FA t=1790104838424
EPOCH_CLOSE_ROUND epoch=1 round=0 leader=65A90023F6C0D2181AAA63F005D81BBC0C04650505E21D5123F9AE1F9E992BFF leads=false t=1790104838424
EPOCH_ADVANCED epoch=2 elections=1458 active=0 t=1790104838424
EPOCH_REPORT epoch=1 certified=15564 residual=392 root=C7C558BC3196CFE83502FE0FD719EA37F8FBF7BCA463A67139BFA0ED14A87488 reports=1 t=1790104838439
EPOCH_REPORT epoch=1 certified=15564 residual=372 root=C7C558BC3196CFE83502FE0FD719EA37F8FBF7BCA463A67139BFA0ED14A87488 reports=1 t=1790104838449
EPOCH_RECONCILED epoch=1 reporter=911999B2AEFA7ACC66EBD802B3301FF6CE431405107749D940277955CB7FDD07 complete=true entries=0 total=15564 t=1790104838457
EPOCH_RECONCILED epoch=1 reporter=65A90023F6C0D2181AAA63F005D81BBC0C04650505E21D5123F9AE1F9E992BFF complete=true entries=0 total=15564 t=1790104838458
EPOCH_RECONCILED epoch=1 reporter=D315857CE70C54DE713F6E82E5613BB3A1266C15E28AD2F4338C7BBEC456F532 complete=true entries=0 total=15564 t=1790104838458
EPOCH_RECONCILED epoch=1 reporter=911999B2AEFA7ACC66EBD802B3301FF6CE431405107749D940277955CB7FDD07 complete=true entries=0 total=15564 t=1790104838466
EPOCH_RECONCILED epoch=1 reporter=D315857CE70C54DE713F6E82E5613BB3A1266C15E28AD2F4338C7BBEC456F532 complete=true entries=0 total=15564 t=1790104838466
EPOCH_RECONCILED epoch=1 reporter=65A90023F6C0D2181AAA63F005D81BBC0C04650505E21D5123F9AE1F9E992BFF complete=true entries=0 total=15564 t=1790104838467
EPOCH_RECONCILED epoch=1 reporter=A353E45E6D0016CAEED0DFA4EC5B0640E2AA22A793F9F2375E77F1AB92977C04 complete=true entries=0 total=15564 t=1790104838467
EPOCH_RECONCILED epoch=1 reporter=A353E45E6D0016CAEED0DFA4EC5B0640E2AA22A793F9F2375E77F1AB92977C04 complete=true entries=0 total=15564 t=1790104838483
EPOCH_RECONCILED epoch=1 reporter=A353E45E6D0016CAEED0DFA4EC5B0640E2AA22A793F9F2375E77F1AB92977C04 complete=true entries=0 total=15564 t=1790104838522
EPOCH_RECONCILED epoch=1 reporter=D315857CE70C54DE713F6E82E5613BB3A1266C15E28AD2F4338C7BBEC456F532 complete=true entries=0 total=15564 t=1790104838523
EPOCH_RECONCILED epoch=1 reporter=911999B2AEFA7ACC66EBD802B3301FF6CE431405107749D940277955CB7FDD07 complete=true entries=0 total=15564 t=1790104838523
EPOCH_CLOSE_READY epoch=1 value=EE3D9E177077C02B137D355888974EAD5E885964C39CC4C4556C5334CAD6F45F t=1790104838709
EPOCH_CLOSE_ROUND epoch=1 round=0 leader=65A90023F6C0D2181AAA63F005D81BBC0C04650505E21D5123F9AE1F9E992BFF leads=false t=1790104838709
EPOCH_ADVANCED epoch=2 elections=1458 active=0 t=1790104838712
EPOCH_REPORT epoch=1 certified=15562 residual=405 root=43F459F1BB8E5E8881947B75DF434B763AB28551C6A61E2418D1B76D0B758393 reports=1 t=1790104838758
EPOCH_CLOSE_ROUND epoch=1 round=1 leader=735FE217D91E88EA82324C5883296385FA0041C2FAC85C827BAA46DA1E14B83F leads=false t=1790104838762
EPOCH_CLOSE_ROUND epoch=1 round=1 leader=735FE217D91E88EA82324C5883296385FA0041C2FAC85C827BAA46DA1E14B83F leads=false t=1790104838768
EPOCH_RECONCILED epoch=1 reporter=A353E45E6D0016CAEED0DFA4EC5B0640E2AA22A793F9F2375E77F1AB92977C04 complete=true entries=0 total=15564 t=1790104838779
EPOCH_RECONCILED epoch=1 reporter=911999B2AEFA7ACC66EBD802B3301FF6CE431405107749D940277955CB7FDD07 complete=true entries=0 total=15564 t=1790104838779
EPOCH_CLOSE_ROUND epoch=1 round=1 leader=735FE217D91E88EA82324C5883296385FA0041C2FAC85C827BAA46DA1E14B83F leads=false t=1790104838814
[2m2026-09-22T19:20:38.827247Z[0m [32m INFO[0m [2mnanospam::app[0m[2m:[0m Confirmed 31,215 blocks | 2,000 bps | 1,581 cps | avg conf time: 634 ms
EPOCH_CLOSED epoch=1 round=0 value=284AF62705B0F3886F024F5CF4109B38E2CFB22E8497E14DEC1F44DFF89BA4FA own=true t=1790104838969
EPOCH_COMMITTEE derived_by=1 members=6 accounts=12038 n=317983491282478650386042654707014342639 digest=7A5CC63A53941A05E917A785BE35D343116B3CB21834902F7CCCFCF80E6290F0 shares=["911999B2:17.7%", "633D9D61:17.7%", "65A90023:17.1%", "735FE217:16.9%", "A353E45E:15.5%", "D315857C:15.1%"] t=1790104838993
EPOCH_AGREED epoch=1 value=284AF62705B0F3886F024F5CF4109B38E2CFB22E8497E14DEC1F44DFF89BA4FA t=1790104838993
EPOCH_CLOSED epoch=1 round=0 value=284AF62705B0F3886F024F5CF4109B38E2CFB22E8497E14DEC1F44DFF89BA4FA own=true t=1790104838993
EPOCH_CLOSED epoch=1 round=0 value=284AF62705B0F3886F024F5CF4109B38E2CFB22E8497E14DEC1F44DFF89BA4FA own=true t=1790104838994
EPOCH_COMMITTEE derived_by=1 members=6 accounts=12038 n=317983491282478650386042654707014342639 digest=7A5CC63A53941A05E917A785BE35D343116B3CB21834902F7CCCFCF80E6290F0 shares=["911999B2:17.7%", "633D9D61:17.7%", "65A90023:17.1%", "735FE217:16.9%", "A353E45E:15.5%", "D315857C:15.1%"] t=1790104839004
EPOCH_AGREED epoch=1 value=284AF62705B0F3886F024F5CF4109B38E2CFB22E8497E14DEC1F44DFF89BA4FA t=1790104839004
EPOCH_COMMITTEE derived_by=1 members=6 accounts=12038 n=317983491282478650386042654707014342639 digest=7A5CC63A53941A05E917A785BE35D343116B3CB21834902F7CCCFCF80E6290F0 shares=["911999B2:17.7%", "633D9D61:17.7%", "65A90023:17.1%", "735FE217:16.9%", "A353E45E:15.5%", "D315857C:15.1%"] t=1790104839004
EPOCH_AGREED epoch=1 value=284AF62705B0F3886F024F5CF4109B38E2CFB22E8497E14DEC1F44DFF89BA4FA t=1790104839004
EPOCH_CLOSED epoch=1 round=0 value=284AF62705B0F3886F024F5CF4109B38E2CFB22E8497E14DEC1F44DFF89BA4FA own=true t=1790104839023
EPOCH_COMMITTEE derived_by=1 members=6 accounts=12038 n=317983491282478650386042654707014342639 digest=7A5CC63A53941A05E917A785BE35D343116B3CB21834902F7CCCFCF80E6290F0 shares=["911999B2:17.7%", "633D9D61:17.7%", "65A90023:17.1%", "735FE217:16.9%", "A353E45E:15.5%", "D315857C:15.1%"] t=1790104839032
EPOCH_AGREED epoch=1 value=284AF62705B0F3886F024F5CF4109B38E2CFB22E8497E14DEC1F44DFF89BA4FA t=1790104839032
EPOCH_CLOSE_READY epoch=1 value=284AF62705B0F3886F024F5CF4109B38E2CFB22E8497E14DEC1F44DFF89BA4FA t=1790104839041
EPOCH_CLOSE_ROUND epoch=1 round=0 leader=65A90023F6C0D2181AAA63F005D81BBC0C04650505E21D5123F9AE1F9E992BFF leads=false t=1790104839041
EPOCH_ADVANCED epoch=2 elections=1458 active=0 t=1790104839042
EPOCH_CLOSED epoch=1 round=0 value=284AF62705B0F3886F024F5CF4109B38E2CFB22E8497E14DEC1F44DFF89BA4FA own=false t=1790104839070
EPOCH_REPORT epoch=1 certified=15564 residual=372 root=C7C558BC3196CFE83502FE0FD719EA37F8FBF7BCA463A67139BFA0ED14A87488 reports=1 t=1790104839095
EPOCH_RECONCILED epoch=1 reporter=735FE217D91E88EA82324C5883296385FA0041C2FAC85C827BAA46DA1E14B83F complete=true entries=0 total=15564 t=1790104839370
EPOCH_RECONCILED epoch=1 reporter=911999B2AEFA7ACC66EBD802B3301FF6CE431405107749D940277955CB7FDD07 complete=true entries=0 total=15564 t=1790104839371
EPOCH_RECONCILED epoch=1 reporter=D315857CE70C54DE713F6E82E5613BB3A1266C15E28AD2F4338C7BBEC456F532 complete=true entries=0 total=15564 t=1790104839371
EPOCH_RECONCILED epoch=1 reporter=65A90023F6C0D2181AAA63F005D81BBC0C04650505E21D5123F9AE1F9E992BFF complete=true entries=0 total=15564 t=1790104839372
EPOCH_CLOSED epoch=1 round=0 value=284AF62705B0F3886F024F5CF4109B38E2CFB22E8497E14DEC1F44DFF89BA4FA own=true t=1790104839441
EPOCH_COMMITTEE derived_by=1 members=6 accounts=12038 n=317983491282478650386042654707014342639 digest=7A5CC63A53941A05E917A785BE35D343116B3CB21834902F7CCCFCF80E6290F0 shares=["911999B2:17.7%", "633D9D61:17.7%", "65A90023:17.1%", "735FE217:16.9%", "A353E45E:15.5%", "D315857C:15.1%"] t=1790104839445
EPOCH_AGREED epoch=1 value=284AF62705B0F3886F024F5CF4109B38E2CFB22E8497E14DEC1F44DFF89BA4FA t=1790104839445
EPOCH_RECONCILED epoch=1 reporter=A353E45E6D0016CAEED0DFA4EC5B0640E2AA22A793F9F2375E77F1AB92977C04 complete=true entries=0 total=15564 t=1790104839474
[2m2026-09-22T19:20:39.857695Z[0m [32m INFO[0m [2mnanospam::app[0m[2m:[0m Confirmed 33,065 blocks | 2,000 bps | 1,847 cps | avg conf time: 381 ms
EPOCH_CLOSE_READY epoch=1 value=284AF62705B0F3886F024F5CF4109B38E2CFB22E8497E14DEC1F44DFF89BA4FA t=1790104840736
EPOCH_COMMITTEE derived_by=1 members=6 accounts=12038 n=317983491282478650386042654707014342639 digest=7A5CC63A53941A05E917A785BE35D343116B3CB21834902F7CCCFCF80E6290F0 shares=["911999B2:17.7%", "633D9D61:17.7%", "65A90023:17.1%", "735FE217:16.9%", "A353E45E:15.5%", "D315857C:15.1%"] t=1790104840742
EPOCH_AGREED epoch=1 value=284AF62705B0F3886F024F5CF4109B38E2CFB22E8497E14DEC1F44DFF89BA4FA t=1790104840742
[2m2026-09-22T19:20:40.858845Z[0m [32m INFO[0m [2mnanospam::app[0m[2m:[0m Confirmed 35,195 blocks | 2,000 bps | 2,067 cps | avg conf time: 152 ms
[2m2026-09-22T19:20:41.859157Z[0m [32m INFO[0m [2mnanospam::app[0m[2m:[0m Confirmed 37,142 blocks | 2,000 bps | 1,946 cps | avg conf time: 153 ms
[2m2026-09-22T19:20:42.860553Z[0m [32m INFO[0m [2mnanospam::app[0m[2m:[0m Confirmed 38,946 blocks | 2,000 bps | 1,801 cps | avg conf time: 112 ms
[2m2026-09-22T19:20:43.861356Z[0m [32m INFO[0m [2mnanospam::app[0m[2m:[0m Confirmed 40,636 blocks | 2,000 bps | 1,688 cps | avg conf time: 110 ms
[2m2026-09-22T19:20:44.862490Z[0m [32m INFO[0m [2mnanospam::app[0m[2m:[0m Confirmed 42,311 blocks | 2,000 bps | 1,673 cps | avg conf time: 106 ms
EPOCH_ENDED epoch=2 elections=2071 active=0 t=1790104845594
EPOCH_ENDED epoch=2 elections=2071 active=0 t=1790104845645
EPOCH_CLOSE_READY epoch=2 value=15FBF3E60E219155585036C3449D1397C4CEFECCE9674DB991509D054ECB6C00 t=1790104845740
EPOCH_CLOSE_ROUND epoch=2 round=0 leader=735FE217D91E88EA82324C5883296385FA0041C2FAC85C827BAA46DA1E14B83F leads=true t=1790104845740
EPOCH_ADVANCED epoch=3 elections=2071 active=0 t=1790104845741
EPOCH_REPORT epoch=2 certified=14078 residual=461 root=E1A1F54B181272D25C1FBE0184A038F2A8120FFF10650F87A2B11EA913F7CD64 reports=1 t=1790104845760
EPOCH_ENDED epoch=2 elections=2071 active=0 t=1790104845768
EPOCH_RECONCILED epoch=2 reporter=735FE217D91E88EA82324C5883296385FA0041C2FAC85C827BAA46DA1E14B83F complete=true entries=0 total=14078 t=1790104845771
EPOCH_ENDED epoch=2 elections=2071 active=0 t=1790104845774
EPOCH_ENDED epoch=2 elections=2071 active=0 t=1790104845774
EPOCH_CLOSE_READY epoch=2 value=15FBF3E60E219155585036C3449D1397C4CEFECCE9674DB991509D054ECB6C00 t=1790104845783
EPOCH_CLOSE_ROUND epoch=2 round=0 leader=735FE217D91E88EA82324C5883296385FA0041C2FAC85C827BAA46DA1E14B83F leads=false t=1790104845783
EPOCH_ADVANCED epoch=3 elections=2071 active=0 t=1790104845784
EPOCH_REPORT epoch=2 certified=14078 residual=469 root=E1A1F54B181272D25C1FBE0184A038F2A8120FFF10650F87A2B11EA913F7CD64 reports=1 t=1790104845806
EPOCH_RECONCILED epoch=2 reporter=735FE217D91E88EA82324C5883296385FA0041C2FAC85C827BAA46DA1E14B83F complete=true entries=0 total=14078 t=1790104845818
EPOCH_RECONCILED epoch=2 reporter=633D9D614858AB1710D5D8C3180E2A082DC97208BA8C26BA6C6D1A86C8E31CC0 complete=true entries=0 total=14078 t=1790104845819
EPOCH_ENDED epoch=2 elections=2071 active=0 t=1790104845846
[2m2026-09-22T19:20:45.864081Z[0m [32m INFO[0m [2mnanospam::app[0m[2m:[0m Confirmed 42,887 blocks | 2,000 bps | 575 cps | avg conf time: 145 ms
EPOCH_CLOSE_READY epoch=2 value=15FBF3E60E219155585036C3449D1397C4CEFECCE9674DB991509D054ECB6C00 t=1790104845910
EPOCH_CLOSE_ROUND epoch=2 round=0 leader=735FE217D91E88EA82324C5883296385FA0041C2FAC85C827BAA46DA1E14B83F leads=false t=1790104845910
EPOCH_ADVANCED epoch=3 elections=2071 active=0 t=1790104845912
EPOCH_CLOSE_READY epoch=2 value=15FBF3E60E219155585036C3449D1397C4CEFECCE9674DB991509D054ECB6C00 t=1790104845924
EPOCH_CLOSE_ROUND epoch=2 round=0 leader=735FE217D91E88EA82324C5883296385FA0041C2FAC85C827BAA46DA1E14B83F leads=false t=1790104845924
EPOCH_CLOSE_READY epoch=2 value=15FBF3E60E219155585036C3449D1397C4CEFECCE9674DB991509D054ECB6C00 t=1790104845924
EPOCH_CLOSE_ROUND epoch=2 round=0 leader=735FE217D91E88EA82324C5883296385FA0041C2FAC85C827BAA46DA1E14B83F leads=false t=1790104845924
EPOCH_ADVANCED epoch=3 elections=2071 active=0 t=1790104845925
EPOCH_ADVANCED epoch=3 elections=2071 active=0 t=1790104845925
EPOCH_RECONCILED epoch=2 reporter=633D9D614858AB1710D5D8C3180E2A082DC97208BA8C26BA6C6D1A86C8E31CC0 complete=true entries=0 total=14078 t=1790104845929
EPOCH_REPORT epoch=2 certified=14078 residual=462 root=E1A1F54B181272D25C1FBE0184A038F2A8120FFF10650F87A2B11EA913F7CD64 reports=1 t=1790104845945
EPOCH_REPORT epoch=2 certified=14078 residual=469 root=E1A1F54B181272D25C1FBE0184A038F2A8120FFF10650F87A2B11EA913F7CD64 reports=1 t=1790104845945
EPOCH_REPORT epoch=2 certified=14078 residual=470 root=E1A1F54B181272D25C1FBE0184A038F2A8120FFF10650F87A2B11EA913F7CD64 reports=1 t=1790104845954
EPOCH_RECONCILED epoch=2 reporter=735FE217D91E88EA82324C5883296385FA0041C2FAC85C827BAA46DA1E14B83F complete=true entries=0 total=14078 t=1790104845962
EPOCH_RECONCILED epoch=2 reporter=65A90023F6C0D2181AAA63F005D81BBC0C04650505E21D5123F9AE1F9E992BFF complete=true entries=0 total=14078 t=1790104845962
EPOCH_RECONCILED epoch=2 reporter=633D9D614858AB1710D5D8C3180E2A082DC97208BA8C26BA6C6D1A86C8E31CC0 complete=true entries=0 total=14078 t=1790104845963
EPOCH_RECONCILED epoch=2 reporter=633D9D614858AB1710D5D8C3180E2A082DC97208BA8C26BA6C6D1A86C8E31CC0 complete=true entries=0 total=14078 t=1790104845963
EPOCH_RECONCILED epoch=2 reporter=D315857CE70C54DE713F6E82E5613BB3A1266C15E28AD2F4338C7BBEC456F532 complete=true entries=0 total=14078 t=1790104845963
EPOCH_RECONCILED epoch=2 reporter=65A90023F6C0D2181AAA63F005D81BBC0C04650505E21D5123F9AE1F9E992BFF complete=true entries=0 total=14078 t=1790104845963
EPOCH_RECONCILED epoch=2 reporter=735FE217D91E88EA82324C5883296385FA0041C2FAC85C827BAA46DA1E14B83F complete=true entries=0 total=14078 t=1790104845966
EPOCH_RECONCILED epoch=2 reporter=D315857CE70C54DE713F6E82E5613BB3A1266C15E28AD2F4338C7BBEC456F532 complete=true entries=0 total=14078 t=1790104845966
EPOCH_RECONCILED epoch=2 reporter=D315857CE70C54DE713F6E82E5613BB3A1266C15E28AD2F4338C7BBEC456F532 complete=true entries=0 total=14078 t=1790104845972
EPOCH_RECONCILED epoch=2 reporter=65A90023F6C0D2181AAA63F005D81BBC0C04650505E21D5123F9AE1F9E992BFF complete=true entries=0 total=14078 t=1790104845972
EPOCH_RECONCILED epoch=2 reporter=633D9D614858AB1710D5D8C3180E2A082DC97208BA8C26BA6C6D1A86C8E31CC0 complete=true entries=0 total=14078 t=1790104845973
EPOCH_RECONCILED epoch=2 reporter=A353E45E6D0016CAEED0DFA4EC5B0640E2AA22A793F9F2375E77F1AB92977C04 complete=true entries=0 total=14078 t=1790104845973
EPOCH_RECONCILED epoch=2 reporter=735FE217D91E88EA82324C5883296385FA0041C2FAC85C827BAA46DA1E14B83F complete=true entries=0 total=14078 t=1790104845973
EPOCH_RECONCILED epoch=2 reporter=65A90023F6C0D2181AAA63F005D81BBC0C04650505E21D5123F9AE1F9E992BFF complete=true entries=0 total=14078 t=1790104845986
EPOCH_RECONCILED epoch=2 reporter=D315857CE70C54DE713F6E82E5613BB3A1266C15E28AD2F4338C7BBEC456F532 complete=true entries=0 total=14078 t=1790104845986
EPOCH_RECONCILED epoch=2 reporter=A353E45E6D0016CAEED0DFA4EC5B0640E2AA22A793F9F2375E77F1AB92977C04 complete=true entries=0 total=14078 t=1790104845987
EPOCH_CLOSE_READY epoch=2 value=15FBF3E60E219155585036C3449D1397C4CEFECCE9674DB991509D054ECB6C00 t=1790104846005
EPOCH_CLOSE_ROUND epoch=2 round=0 leader=735FE217D91E88EA82324C5883296385FA0041C2FAC85C827BAA46DA1E14B83F leads=false t=1790104846006
EPOCH_ADVANCED epoch=3 elections=2071 active=0 t=1790104846006
EPOCH_REPORT epoch=2 certified=14078 residual=463 root=E1A1F54B181272D25C1FBE0184A038F2A8120FFF10650F87A2B11EA913F7CD64 reports=1 t=1790104846027
EPOCH_RECONCILED epoch=2 reporter=735FE217D91E88EA82324C5883296385FA0041C2FAC85C827BAA46DA1E14B83F complete=true entries=0 total=14078 t=1790104846050
EPOCH_RECONCILED epoch=2 reporter=911999B2AEFA7ACC66EBD802B3301FF6CE431405107749D940277955CB7FDD07 complete=true entries=0 total=14078 t=1790104846050
EPOCH_RECONCILED epoch=2 reporter=D315857CE70C54DE713F6E82E5613BB3A1266C15E28AD2F4338C7BBEC456F532 complete=true entries=0 total=14078 t=1790104846050
EPOCH_RECONCILED epoch=2 reporter=65A90023F6C0D2181AAA63F005D81BBC0C04650505E21D5123F9AE1F9E992BFF complete=true entries=0 total=14078 t=1790104846050
EPOCH_RECONCILED epoch=2 reporter=A353E45E6D0016CAEED0DFA4EC5B0640E2AA22A793F9F2375E77F1AB92977C04 complete=true entries=0 total=14078 t=1790104846051
EPOCH_RECONCILED epoch=2 reporter=633D9D614858AB1710D5D8C3180E2A082DC97208BA8C26BA6C6D1A86C8E31CC0 complete=true entries=0 total=14078 t=1790104846051
EPOCH_RECONCILED epoch=2 reporter=A353E45E6D0016CAEED0DFA4EC5B0640E2AA22A793F9F2375E77F1AB92977C04 complete=true entries=0 total=14078 t=1790104846095
EPOCH_RECONCILED epoch=2 reporter=911999B2AEFA7ACC66EBD802B3301FF6CE431405107749D940277955CB7FDD07 complete=true entries=0 total=14078 t=1790104846095
EPOCH_RECONCILED epoch=2 reporter=A353E45E6D0016CAEED0DFA4EC5B0640E2AA22A793F9F2375E77F1AB92977C04 complete=true entries=0 total=14078 t=1790104846130
EPOCH_RECONCILED epoch=2 reporter=911999B2AEFA7ACC66EBD802B3301FF6CE431405107749D940277955CB7FDD07 complete=true entries=0 total=14078 t=1790104846131
EPOCH_RECONCILED epoch=2 reporter=911999B2AEFA7ACC66EBD802B3301FF6CE431405107749D940277955CB7FDD07 complete=true entries=0 total=14078 t=1790104846170
EPOCH_RECONCILED epoch=2 reporter=911999B2AEFA7ACC66EBD802B3301FF6CE431405107749D940277955CB7FDD07 complete=true entries=0 total=14078 t=1790104846233
EPOCH_RECONCILED epoch=2 reporter=65A90023F6C0D2181AAA63F005D81BBC0C04650505E21D5123F9AE1F9E992BFF complete=true entries=0 total=14078 t=1790104846234
EPOCH_RECONCILED epoch=2 reporter=D315857CE70C54DE713F6E82E5613BB3A1266C15E28AD2F4338C7BBEC456F532 complete=true entries=0 total=14078 t=1790104846234
EPOCH_RECONCILED epoch=2 reporter=A353E45E6D0016CAEED0DFA4EC5B0640E2AA22A793F9F2375E77F1AB92977C04 complete=true entries=0 total=14078 t=1790104846234
EPOCH_RECONCILED epoch=2 reporter=911999B2AEFA7ACC66EBD802B3301FF6CE431405107749D940277955CB7FDD07 complete=true entries=0 total=14078 t=1790104846283
EPOCH_CLOSE_ROUND epoch=2 round=1 leader=911999B2AEFA7ACC66EBD802B3301FF6CE431405107749D940277955CB7FDD07 leads=false t=1790104846416
EPOCH_CLOSED epoch=2 round=0 value=15FBF3E60E219155585036C3449D1397C4CEFECCE9674DB991509D054ECB6C00 own=true t=1790104846417
EPOCH_CLOSED epoch=2 round=0 value=15FBF3E60E219155585036C3449D1397C4CEFECCE9674DB991509D054ECB6C00 own=true t=1790104846417
EPOCH_CLOSED epoch=2 round=0 value=15FBF3E60E219155585036C3449D1397C4CEFECCE9674DB991509D054ECB6C00 own=true t=1790104846417
EPOCH_CLOSED epoch=2 round=0 value=15FBF3E60E219155585036C3449D1397C4CEFECCE9674DB991509D054ECB6C00 own=true t=1790104846417
EPOCH_CLOSED epoch=2 round=0 value=15FBF3E60E219155585036C3449D1397C4CEFECCE9674DB991509D054ECB6C00 own=true t=1790104846417
EPOCH_COMMITTEE derived_by=2 members=6 accounts=14872 n=308448274457222796472888917452371962259 digest=22942CF5AF1510CEC6A49213BFFE9709538BCE5805227ECA60A919D42DF9F2AF shares=["911999B2:17.6%", "633D9D61:17.4%", "735FE217:17.2%", "65A90023:17.1%", "A353E45E:15.4%", "D315857C:15.4%"] t=1790104846424
EPOCH_AGREED epoch=2 value=15FBF3E60E219155585036C3449D1397C4CEFECCE9674DB991509D054ECB6C00 t=1790104846424
EPOCH_COMMITTEE derived_by=2 members=6 accounts=14872 n=308448274457222796472888917452371962259 digest=22942CF5AF1510CEC6A49213BFFE9709538BCE5805227ECA60A919D42DF9F2AF shares=["911999B2:17.6%", "633D9D61:17.4%", "735FE217:17.2%", "65A90023:17.1%", "A353E45E:15.4%", "D315857C:15.4%"] t=1790104846424
EPOCH_COMMITTEE derived_by=2 members=6 accounts=14872 n=308448274457222796472888917452371962259 digest=22942CF5AF1510CEC6A49213BFFE9709538BCE5805227ECA60A919D42DF9F2AF shares=["911999B2:17.6%", "633D9D61:17.4%", "735FE217:17.2%", "65A90023:17.1%", "A353E45E:15.4%", "D315857C:15.4%"] t=1790104846424
EPOCH_AGREED epoch=2 value=15FBF3E60E219155585036C3449D1397C4CEFECCE9674DB991509D054ECB6C00 t=1790104846424
EPOCH_AGREED epoch=2 value=15FBF3E60E219155585036C3449D1397C4CEFECCE9674DB991509D054ECB6C00 t=1790104846424
EPOCH_COMMITTEE derived_by=2 members=6 accounts=14872 n=308448274457222796472888917452371962259 digest=22942CF5AF1510CEC6A49213BFFE9709538BCE5805227ECA60A919D42DF9F2AF shares=["911999B2:17.6%", "633D9D61:17.4%", "735FE217:17.2%", "65A90023:17.1%", "A353E45E:15.4%", "D315857C:15.4%"] t=1790104846425
EPOCH_AGREED epoch=2 value=15FBF3E60E219155585036C3449D1397C4CEFECCE9674DB991509D054ECB6C00 t=1790104846426
EPOCH_COMMITTEE derived_by=2 members=6 accounts=14872 n=308448274457222796472888917452371962259 digest=22942CF5AF1510CEC6A49213BFFE9709538BCE5805227ECA60A919D42DF9F2AF shares=["911999B2:17.6%", "633D9D61:17.4%", "735FE217:17.2%", "65A90023:17.1%", "A353E45E:15.4%", "D315857C:15.4%"] t=1790104846428
EPOCH_AGREED epoch=2 value=15FBF3E60E219155585036C3449D1397C4CEFECCE9674DB991509D054ECB6C00 t=1790104846429
EPOCH_CLOSED epoch=2 round=0 value=15FBF3E60E219155585036C3449D1397C4CEFECCE9674DB991509D054ECB6C00 own=true t=1790104846429
EPOCH_COMMITTEE derived_by=2 members=6 accounts=14872 n=308448274457222796472888917452371962259 digest=22942CF5AF1510CEC6A49213BFFE9709538BCE5805227ECA60A919D42DF9F2AF shares=["911999B2:17.6%", "633D9D61:17.4%", "735FE217:17.2%", "65A90023:17.1%", "A353E45E:15.4%", "D315857C:15.4%"] t=1790104846435
EPOCH_AGREED epoch=2 value=15FBF3E60E219155585036C3449D1397C4CEFECCE9674DB991509D054ECB6C00 t=1790104846435
[2m2026-09-22T19:20:46.867096Z[0m [32m INFO[0m [2mnanospam::app[0m[2m:[0m Confirmed 42,887 blocks | 2,000 bps | 0 cps | avg conf time: 0 ms
[2m2026-09-22T19:20:47.869311Z[0m [32m INFO[0m [2mnanospam::app[0m[2m:[0m Confirmed 42,887 blocks | 2,000 bps | 0 cps | avg conf time: 0 ms
[2m2026-09-22T19:20:48.871118Z[0m [32m INFO[0m [2mnanospam::app[0m[2m:[0m Confirmed 42,887 blocks | 2,000 bps | 0 cps | avg conf time: 0 ms
[2m2026-09-22T19:20:49.874835Z[0m [32m INFO[0m [2mnanospam::app[0m[2m:[0m Confirmed 42,887 blocks | 2,000 bps | 0 cps | avg conf time: 0 ms
[2m2026-09-22T19:20:50.876080Z[0m [32m INFO[0m [2mnanospam::app[0m[2m:[0m Confirmed 42,887 blocks | 2,000 bps | 0 cps | avg conf time: 0 ms
[2m2026-09-22T19:20:51.878202Z[0m [32m INFO[0m [2mnanospam::app[0m[2m:[0m Confirmed 42,887 blocks | 2,000 bps | 0 cps | avg conf time: 0 ms
[2m2026-09-22T19:20:52.879413Z[0m [32m INFO[0m [2mnanospam::app[0m[2m:[0m Confirmed 42,887 blocks | 2,000 bps | 0 cps | avg conf time: 0 ms
[2m2026-09-22T19:20:53.880939Z[0m [32m INFO[0m [2mnanospam::app[0m[2m:[0m Confirmed 42,887 blocks | 2,000 bps | 0 cps | avg conf time: 0 ms
[2m2026-09-22T19:20:54.883956Z[0m [32m INFO[0m [2mnanospam::app[0m[2m:[0m Confirmed 42,887 blocks | 2,000 bps | 0 cps | avg conf time: 0 ms
[2m2026-09-22T19:20:55.886743Z[0m [32m INFO[0m [2mnanospam::app[0m[2m:[0m Confirmed 42,887 blocks | 2,000 bps | 0 cps | avg conf time: 0 ms
[2m2026-09-22T19:20:56.887626Z[0m [32m INFO[0m [2mnanospam::app[0m[2m:[0m Confirmed 42,887 blocks | 2,000 bps | 0 cps | avg conf time: 0 ms
[2m2026-09-22T19:20:57.889053Z[0m [32m INFO[0m [2mnanospam::app[0m[2m:[0m Confirmed 42,887 blocks | 2,000 bps | 0 cps | avg conf time: 0 ms
[2m2026-09-22T19:20:58.891307Z[0m [32m INFO[0m [2mnanospam::app[0m[2m:[0m Confirmed 42,887 blocks | 2,000 bps | 0 cps | avg conf time: 0 ms
[2m2026-09-22T19:20:59.893107Z[0m [32m INFO[0m [2mnanospam::app[0m[2m:[0m Confirmed 42,887 blocks | 2,000 bps | 0 cps | avg conf time: 0 ms
[2m2026-09-22T19:21:00.894824Z[0m [32m INFO[0m [2mnanospam::app[0m[2m:[0m Confirmed 42,887 blocks | 2,000 bps | 0 cps | avg conf time: 0 ms
[2m2026-09-22T19:21:01.897236Z[0m [32m INFO[0m [2mnanospam::app[0m[2m:[0m Confirmed 42,887 blocks | 2,000 bps | 0 cps | avg conf time: 0 ms
[2m2026-09-22T19:21:02.899341Z[0m [32m INFO[0m [2mnanospam::app[0m[2m:[0m Confirmed 42,887 blocks | 2,000 bps | 0 cps | avg conf time: 0 ms
[2m2026-09-22T19:21:03.901547Z[0m [32m INFO[0m [2mnanospam::app[0m[2m:[0m Confirmed 42,887 blocks | 2,000 bps | 0 cps | avg conf time: 0 ms
[2m2026-09-22T19:21:04.902549Z[0m [32m INFO[0m [2mnanospam::app[0m[2m:[0m Confirmed 42,887 blocks | 2,000 bps | 0 cps | avg conf time: 0 ms
[2m2026-09-22T19:21:05.904358Z[0m [32m INFO[0m [2mnanospam::app[0m[2m:[0m Confirmed 42,887 blocks | 2,000 bps | 0 cps | avg conf time: 0 ms
[2m2026-09-22T19:21:06.906298Z[0m [32m INFO[0m [2mnanospam::app[0m[2m:[0m Confirmed 42,887 blocks | 2,000 bps | 0 cps | avg conf time: 0 ms
[2m2026-09-22T19:21:07.908236Z[0m [32m INFO[0m [2mnanospam::app[0m[2m:[0m Confirmed 42,887 blocks | 2,000 bps | 0 cps | avg conf time: 0 ms
[2m2026-09-22T19:21:08.914785Z[0m [32m INFO[0m [2mnanospam::app[0m[2m:[0m Confirmed 42,887 blocks | 2,000 bps | 0 cps | avg conf time: 0 ms
[2m2026-09-22T19:21:09.917055Z[0m [32m INFO[0m [2mnanospam::app[0m[2m:[0m Confirmed 42,887 blocks | 2,000 bps | 0 cps | avg conf time: 0 ms
[2m2026-09-22T19:21:10.919248Z[0m [32m INFO[0m [2mnanospam::app[0m[2m:[0m Confirmed 42,887 blocks | 2,000 bps | 0 cps | avg conf time: 0 ms
cleanup done
