2026-09-08T14:16:22.832112Z  INFO nanospam::setup::account_map_factory: Creating account keys file with 50000 keys: "/Users/ruimorais/rsnano-node/workload-results/rai-kudzu-6prs-20260908-151228-measured/data/account_keys.txt"
2026-09-08T14:16:23.631327Z  INFO nanospam::setup::node_config_factory: ********************************************************************************
2026-09-08T14:16:23.631344Z  INFO nanospam::setup::node_config_factory: Setting up node PR0...
2026-09-08T14:16:23.631349Z  INFO nanospam::setup::node_config_factory: Creating directory "/Users/ruimorais/rsnano-node/workload-results/rai-kudzu-6prs-20260908-151228-measured/data/pr0"
2026-09-08T14:16:23.631446Z  INFO nanospam::setup::node_config_factory: Creating node config file: "/Users/ruimorais/rsnano-node/workload-results/rai-kudzu-6prs-20260908-151228-measured/data/pr0/config-node.toml"
2026-09-08T14:16:23.631569Z  INFO nanospam::setup::node_config_factory: Creating rpc config file: "/Users/ruimorais/rsnano-node/workload-results/rai-kudzu-6prs-20260908-151228-measured/data/pr0/config-rpc.toml"
2026-09-08T14:16:23.631641Z  INFO nanospam::setup::node_config_factory: ********************************************************************************
2026-09-08T14:16:23.631645Z  INFO nanospam::setup::node_config_factory: Setting up node PR1...
2026-09-08T14:16:23.631648Z  INFO nanospam::setup::node_config_factory: Creating directory "/Users/ruimorais/rsnano-node/workload-results/rai-kudzu-6prs-20260908-151228-measured/data/pr1"
2026-09-08T14:16:23.631693Z  INFO nanospam::setup::node_config_factory: Creating node config file: "/Users/ruimorais/rsnano-node/workload-results/rai-kudzu-6prs-20260908-151228-measured/data/pr1/config-node.toml"
2026-09-08T14:16:23.631764Z  INFO nanospam::setup::node_config_factory: Creating rpc config file: "/Users/ruimorais/rsnano-node/workload-results/rai-kudzu-6prs-20260908-151228-measured/data/pr1/config-rpc.toml"
2026-09-08T14:16:23.631825Z  INFO nanospam::setup::node_config_factory: ********************************************************************************
2026-09-08T14:16:23.631828Z  INFO nanospam::setup::node_config_factory: Setting up node PR2...
2026-09-08T14:16:23.631832Z  INFO nanospam::setup::node_config_factory: Creating directory "/Users/ruimorais/rsnano-node/workload-results/rai-kudzu-6prs-20260908-151228-measured/data/pr2"
2026-09-08T14:16:23.631873Z  INFO nanospam::setup::node_config_factory: Creating node config file: "/Users/ruimorais/rsnano-node/workload-results/rai-kudzu-6prs-20260908-151228-measured/data/pr2/config-node.toml"
2026-09-08T14:16:23.631951Z  INFO nanospam::setup::node_config_factory: Creating rpc config file: "/Users/ruimorais/rsnano-node/workload-results/rai-kudzu-6prs-20260908-151228-measured/data/pr2/config-rpc.toml"
2026-09-08T14:16:23.632009Z  INFO nanospam::setup::node_config_factory: ********************************************************************************
2026-09-08T14:16:23.632012Z  INFO nanospam::setup::node_config_factory: Setting up node PR3...
2026-09-08T14:16:23.632016Z  INFO nanospam::setup::node_config_factory: Creating directory "/Users/ruimorais/rsnano-node/workload-results/rai-kudzu-6prs-20260908-151228-measured/data/pr3"
2026-09-08T14:16:23.632057Z  INFO nanospam::setup::node_config_factory: Creating node config file: "/Users/ruimorais/rsnano-node/workload-results/rai-kudzu-6prs-20260908-151228-measured/data/pr3/config-node.toml"
2026-09-08T14:16:23.632135Z  INFO nanospam::setup::node_config_factory: Creating rpc config file: "/Users/ruimorais/rsnano-node/workload-results/rai-kudzu-6prs-20260908-151228-measured/data/pr3/config-rpc.toml"
2026-09-08T14:16:23.632211Z  INFO nanospam::setup::node_config_factory: ********************************************************************************
2026-09-08T14:16:23.632215Z  INFO nanospam::setup::node_config_factory: Setting up node PR4...
2026-09-08T14:16:23.632220Z  INFO nanospam::setup::node_config_factory: Creating directory "/Users/ruimorais/rsnano-node/workload-results/rai-kudzu-6prs-20260908-151228-measured/data/pr4"
2026-09-08T14:16:23.632275Z  INFO nanospam::setup::node_config_factory: Creating node config file: "/Users/ruimorais/rsnano-node/workload-results/rai-kudzu-6prs-20260908-151228-measured/data/pr4/config-node.toml"
2026-09-08T14:16:23.632344Z  INFO nanospam::setup::node_config_factory: Creating rpc config file: "/Users/ruimorais/rsnano-node/workload-results/rai-kudzu-6prs-20260908-151228-measured/data/pr4/config-rpc.toml"
2026-09-08T14:16:23.632404Z  INFO nanospam::setup::node_config_factory: ********************************************************************************
2026-09-08T14:16:23.632407Z  INFO nanospam::setup::node_config_factory: Setting up node PR5...
2026-09-08T14:16:23.632409Z  INFO nanospam::setup::node_config_factory: Creating directory "/Users/ruimorais/rsnano-node/workload-results/rai-kudzu-6prs-20260908-151228-measured/data/pr5"
2026-09-08T14:16:23.632451Z  INFO nanospam::setup::node_config_factory: Creating node config file: "/Users/ruimorais/rsnano-node/workload-results/rai-kudzu-6prs-20260908-151228-measured/data/pr5/config-node.toml"
2026-09-08T14:16:23.632524Z  INFO nanospam::setup::node_config_factory: Creating rpc config file: "/Users/ruimorais/rsnano-node/workload-results/rai-kudzu-6prs-20260908-151228-measured/data/pr5/config-rpc.toml"
2026-09-08T14:16:23.632624Z  INFO nanospam::setup::node_launcher: Starting node: NANO_TEST_GENESIS_BLOCK="{\n    \"type\": \"open\",\n    \"account\": \"nano_3nroioygg54nusrmyun4woimqex36sp3drnctdt5955uqu47fxbkrxk7n7ne\",\n    \"source\": \"D315857CE70C54DE713F6E82E5613BB3A1266C15E28AD2F4338C7BBEC456F532\",\n    \"representative\": \"nano_3nroioygg54nusrmyun4woimqex36sp3drnctdt5955uqu47fxbkrxk7n7ne\",\n    \"signature\": \"3F6792C2DC623DF2E8643777160AB983B66B337E2478E13D2C3448126A8F4CD8DCCD19803C158A057FA44060AE0EFC09B1C311CB4FBF42F8D240610B38F56E08\",\n    \"work\": \"70FEF01F7EC45DEC\"\n    }" NANO_TEST_GENESIS_PRV ="49643F9B10CA1AA34F9AF8ED4AABD29F436104CCC375974B108534A48EAE3FE1" "rsnano" "--network" "test" "--data-path" "/Users/ruimorais/rsnano-node/workload-results/rai-kudzu-6prs-20260908-151228-measured/data/pr0" "node" "run"
2026-09-08T14:16:23.633053Z  INFO nanospam::setup::node_launcher: Waiting for RPC...
2026-09-08T14:16:23.736135Z  INFO nanospam::setup::node_launcher: Starting node: NANO_TEST_GENESIS_BLOCK="{\n    \"type\": \"open\",\n    \"account\": \"nano_3nroioygg54nusrmyun4woimqex36sp3drnctdt5955uqu47fxbkrxk7n7ne\",\n    \"source\": \"D315857CE70C54DE713F6E82E5613BB3A1266C15E28AD2F4338C7BBEC456F532\",\n    \"representative\": \"nano_3nroioygg54nusrmyun4woimqex36sp3drnctdt5955uqu47fxbkrxk7n7ne\",\n    \"signature\": \"3F6792C2DC623DF2E8643777160AB983B66B337E2478E13D2C3448126A8F4CD8DCCD19803C158A057FA44060AE0EFC09B1C311CB4FBF42F8D240610B38F56E08\",\n    \"work\": \"70FEF01F7EC45DEC\"\n    }" NANO_TEST_GENESIS_PRV ="49643F9B10CA1AA34F9AF8ED4AABD29F436104CCC375974B108534A48EAE3FE1" "rsnano" "--network" "test" "--data-path" "/Users/ruimorais/rsnano-node/workload-results/rai-kudzu-6prs-20260908-151228-measured/data/pr1" "node" "run"
2026-09-08T14:16:23.736450Z  INFO nanospam::setup::node_launcher: Waiting for RPC...
2026-09-08T14:16:23.839359Z  INFO nanospam::setup::node_launcher: Starting node: NANO_TEST_GENESIS_BLOCK="{\n    \"type\": \"open\",\n    \"account\": \"nano_3nroioygg54nusrmyun4woimqex36sp3drnctdt5955uqu47fxbkrxk7n7ne\",\n    \"source\": \"D315857CE70C54DE713F6E82E5613BB3A1266C15E28AD2F4338C7BBEC456F532\",\n    \"representative\": \"nano_3nroioygg54nusrmyun4woimqex36sp3drnctdt5955uqu47fxbkrxk7n7ne\",\n    \"signature\": \"3F6792C2DC623DF2E8643777160AB983B66B337E2478E13D2C3448126A8F4CD8DCCD19803C158A057FA44060AE0EFC09B1C311CB4FBF42F8D240610B38F56E08\",\n    \"work\": \"70FEF01F7EC45DEC\"\n    }" NANO_TEST_GENESIS_PRV ="49643F9B10CA1AA34F9AF8ED4AABD29F436104CCC375974B108534A48EAE3FE1" "rsnano" "--network" "test" "--data-path" "/Users/ruimorais/rsnano-node/workload-results/rai-kudzu-6prs-20260908-151228-measured/data/pr2" "node" "run"
2026-09-08T14:16:23.839749Z  INFO nanospam::setup::node_launcher: Waiting for RPC...
2026-09-08T14:16:23.956162Z  INFO nanospam::setup::node_launcher: Starting node: NANO_TEST_GENESIS_BLOCK="{\n    \"type\": \"open\",\n    \"account\": \"nano_3nroioygg54nusrmyun4woimqex36sp3drnctdt5955uqu47fxbkrxk7n7ne\",\n    \"source\": \"D315857CE70C54DE713F6E82E5613BB3A1266C15E28AD2F4338C7BBEC456F532\",\n    \"representative\": \"nano_3nroioygg54nusrmyun4woimqex36sp3drnctdt5955uqu47fxbkrxk7n7ne\",\n    \"signature\": \"3F6792C2DC623DF2E8643777160AB983B66B337E2478E13D2C3448126A8F4CD8DCCD19803C158A057FA44060AE0EFC09B1C311CB4FBF42F8D240610B38F56E08\",\n    \"work\": \"70FEF01F7EC45DEC\"\n    }" NANO_TEST_GENESIS_PRV ="49643F9B10CA1AA34F9AF8ED4AABD29F436104CCC375974B108534A48EAE3FE1" "rsnano" "--network" "test" "--data-path" "/Users/ruimorais/rsnano-node/workload-results/rai-kudzu-6prs-20260908-151228-measured/data/pr3" "node" "run"
2026-09-08T14:16:23.956997Z  INFO nanospam::setup::node_launcher: Waiting for RPC...
2026-09-08T14:16:24.060032Z  INFO nanospam::setup::node_launcher: Starting node: NANO_TEST_GENESIS_BLOCK="{\n    \"type\": \"open\",\n    \"account\": \"nano_3nroioygg54nusrmyun4woimqex36sp3drnctdt5955uqu47fxbkrxk7n7ne\",\n    \"source\": \"D315857CE70C54DE713F6E82E5613BB3A1266C15E28AD2F4338C7BBEC456F532\",\n    \"representative\": \"nano_3nroioygg54nusrmyun4woimqex36sp3drnctdt5955uqu47fxbkrxk7n7ne\",\n    \"signature\": \"3F6792C2DC623DF2E8643777160AB983B66B337E2478E13D2C3448126A8F4CD8DCCD19803C158A057FA44060AE0EFC09B1C311CB4FBF42F8D240610B38F56E08\",\n    \"work\": \"70FEF01F7EC45DEC\"\n    }" NANO_TEST_GENESIS_PRV ="49643F9B10CA1AA34F9AF8ED4AABD29F436104CCC375974B108534A48EAE3FE1" "rsnano" "--network" "test" "--data-path" "/Users/ruimorais/rsnano-node/workload-results/rai-kudzu-6prs-20260908-151228-measured/data/pr4" "node" "run"
2026-09-08T14:16:24.060422Z  INFO nanospam::setup::node_launcher: Waiting for RPC...
2026-09-08T14:16:24.163703Z  INFO nanospam::setup::node_launcher: Starting node: NANO_TEST_GENESIS_BLOCK="{\n    \"type\": \"open\",\n    \"account\": \"nano_3nroioygg54nusrmyun4woimqex36sp3drnctdt5955uqu47fxbkrxk7n7ne\",\n    \"source\": \"D315857CE70C54DE713F6E82E5613BB3A1266C15E28AD2F4338C7BBEC456F532\",\n    \"representative\": \"nano_3nroioygg54nusrmyun4woimqex36sp3drnctdt5955uqu47fxbkrxk7n7ne\",\n    \"signature\": \"3F6792C2DC623DF2E8643777160AB983B66B337E2478E13D2C3448126A8F4CD8DCCD19803C158A057FA44060AE0EFC09B1C311CB4FBF42F8D240610B38F56E08\",\n    \"work\": \"70FEF01F7EC45DEC\"\n    }" NANO_TEST_GENESIS_PRV ="49643F9B10CA1AA34F9AF8ED4AABD29F436104CCC375974B108534A48EAE3FE1" "rsnano" "--network" "test" "--data-path" "/Users/ruimorais/rsnano-node/workload-results/rai-kudzu-6prs-20260908-151228-measured/data/pr5" "node" "run"
2026-09-08T14:16:24.164268Z  INFO nanospam::setup::node_launcher: Waiting for RPC...
2026-09-08T14:16:24.267694Z  INFO nanospam::wallets_factory: Creating wallet...
2026-09-08T14:16:24.336939Z  INFO nanospam::wallets_factory: Setting default representative...
2026-09-08T14:16:24.337265Z  INFO nanospam::wallets_factory: Creating wallet...
2026-09-08T14:16:24.382681Z  INFO nanospam::wallets_factory: Setting default representative...
2026-09-08T14:16:24.382989Z  INFO nanospam::wallets_factory: Sending Ӿ40,047,061 to PR1 wallet nano_3atmwjh8t11psdqf3qx6xjfiei94oajch6zsyauowxzjogbbgz168g5mp8f1 ...
2026-09-08T14:16:24.383419Z  INFO nanospam::wallets_factory: Waiting for confirmation for B19EAD8221E07E52EEB7CA7EE50577B662C489ADBA15C0727DB6F8AEDAD50081
2026-09-08T14:16:36.400961Z  INFO nanospam::wallets_factory: Receiving...
2026-09-08T14:16:36.402420Z  INFO nanospam::wallets_factory: Waiting for confirmation for CBAA8D9FE2AA2CFEB77B87886D76922E22E4C51C0C091A54179A7E5CF79FC967
2026-09-08T14:16:36.505602Z  INFO nanospam::wallets_factory: DONE
2026-09-08T14:16:36.505676Z  INFO nanospam::wallets_factory: ********************************************************************************
2026-09-08T14:16:36.505689Z  INFO nanospam::wallets_factory: Creating wallet...
2026-09-08T14:16:36.584931Z  INFO nanospam::wallets_factory: Setting default representative...
2026-09-08T14:16:36.585313Z  INFO nanospam::wallets_factory: Sending Ӿ40,047,061 to PR2 wallet nano_36asm8scxymtsjmgqp14per3zxpgaec1c65qb9en1buscq7qzqa93tfyyzs3 ...
2026-09-08T14:16:36.585791Z  INFO nanospam::wallets_factory: Waiting for confirmation for CAFB013DCCB20BBF4CC103A0FDD2BF25C8F109B9E984B96D0666840E4B0F89BA
2026-09-08T14:16:36.995374Z  INFO nanospam::wallets_factory: Receiving...
2026-09-08T14:16:36.997752Z  INFO nanospam::wallets_factory: Waiting for confirmation for 7189E44F408196E8FD1F393F06CDAD4F7C5A415B2A2DDFA8ABEABEE83DA60182
2026-09-08T14:16:37.100958Z  INFO nanospam::wallets_factory: DONE
2026-09-08T14:16:37.101036Z  INFO nanospam::wallets_factory: ********************************************************************************
2026-09-08T14:16:37.101050Z  INFO nanospam::wallets_factory: Creating wallet...
2026-09-08T14:16:37.178044Z  INFO nanospam::wallets_factory: Setting default representative...
2026-09-08T14:16:37.178302Z  INFO nanospam::wallets_factory: Sending Ӿ40,047,061 to PR3 wallet nano_1sfb11jzfi8k51fcnrzi1qe3qh1e1jkic3h45oak9yfg5yhbkczzxfwtat7m ...
2026-09-08T14:16:37.178653Z  INFO nanospam::wallets_factory: Waiting for confirmation for E2CEA882BAF6FE5BE932C387FEB7740D791CAF9E5BECC7CEE8176C7DDEE6378A
2026-09-08T14:16:37.280510Z  INFO nanospam::wallets_factory: Receiving...
2026-09-08T14:16:37.281410Z  INFO nanospam::wallets_factory: Waiting for confirmation for EA5EC3EAA2535557DB68742DBFA22A64B7B314876EE136F919471550E89D65D4
2026-09-08T14:16:37.383635Z  INFO nanospam::wallets_factory: DONE
2026-09-08T14:16:37.383707Z  INFO nanospam::wallets_factory: ********************************************************************************
2026-09-08T14:16:37.383721Z  INFO nanospam::wallets_factory: Creating wallet...
2026-09-08T14:16:37.461202Z  INFO nanospam::wallets_factory: Setting default representative...
2026-09-08T14:16:37.461545Z  INFO nanospam::wallets_factory: Sending Ӿ40,047,061 to PR4 wallet nano_1rsxmoinip7d4wafdp855194n43fs7s1jgne6tx8ruatiu6g89815pddzijp ...
2026-09-08T14:16:37.461960Z  INFO nanospam::wallets_factory: Waiting for confirmation for 22677C7E74B964C1E24887306A66EAC48330280DFA5744E0E21166EC47B5438A
2026-09-08T14:16:37.564620Z  INFO nanospam::wallets_factory: Receiving...
2026-09-08T14:16:37.565561Z  INFO nanospam::wallets_factory: Waiting for confirmation for 686B8354F9897585048EDBC473B612A3E2823DE919A66201E69841219A6B5651
2026-09-08T14:16:37.668676Z  INFO nanospam::wallets_factory: DONE
2026-09-08T14:16:37.668752Z  INFO nanospam::wallets_factory: ********************************************************************************
2026-09-08T14:16:37.668764Z  INFO nanospam::wallets_factory: Creating wallet...
2026-09-08T14:16:37.746155Z  INFO nanospam::wallets_factory: Setting default representative...
2026-09-08T14:16:37.746488Z  INFO nanospam::wallets_factory: Sending Ӿ40,047,061 to PR5 wallet nano_1wtzwadxk9naxc356m4rienp93ht131w7ypadk39qck8uah3bg3zohsmj9th ...
2026-09-08T14:16:37.746896Z  INFO nanospam::wallets_factory: Waiting for confirmation for 86B6E149E407121861E950D6B66B56BA39E500C199E580ED6065515C3C25094F
2026-09-08T14:16:37.849640Z  INFO nanospam::wallets_factory: Receiving...
2026-09-08T14:16:37.850540Z  INFO nanospam::wallets_factory: Waiting for confirmation for 417F8AEA0F6FDD9A5EE6F5896819E98A81FC15AA2CF56207A5BCFB27193E37A9
2026-09-08T14:16:37.953575Z  INFO nanospam::wallets_factory: DONE
2026-09-08T14:16:37.953639Z  INFO nanospam::wallets_factory: ********************************************************************************
2026-09-08T14:16:37.953651Z  INFO nanospam::wallets_factory: Sending initial spam amount...
2026-09-08T14:16:37.954688Z  INFO nanospam::wallets_factory: Waiting for confirmation for FC165829C5C683A025EA2FA03C77DB3F9C786F8F2F8871517FC5FFD2016479E1
2026-09-08T14:16:38.161104Z  INFO nanospam::wallets_factory: Receiving initial spam amount...
2026-09-08T14:16:38.161905Z  INFO nanospam::wallets_factory: Waiting for confirmation for CBD70D1659CEB4565693575380F98003A6F92BA627ABE06BA9A2E398153F0E86
2026-09-08T14:16:38.368305Z  INFO nanospam::high_prio_check: Creating high priority accounts...
2026-09-08T14:16:38.392701Z  INFO nanospam::high_prio_check: Waiting for confirmations...
2026-09-08T14:16:41.066173Z  INFO nanospam::app: Connecting to node PR0... peer_addr=[::1]:17075
2026-09-08T14:16:41.066602Z  INFO nanospam::app: Performing handshake...
2026-09-08T14:16:41.067451Z  INFO nanospam::app: Performing handshake...
2026-09-08T14:16:41.078806Z  INFO nanospam::app: Performing handshake...
2026-09-08T14:16:41.089888Z  INFO nanospam::app: Performing handshake...
2026-09-08T14:16:41.100698Z  INFO nanospam::app: Connecting to node PR1... peer_addr=[::1]:17085
2026-09-08T14:16:41.101063Z  INFO nanospam::app: Performing handshake...
2026-09-08T14:16:41.101748Z  INFO nanospam::app: Performing handshake...
2026-09-08T14:16:41.113821Z  INFO nanospam::app: Performing handshake...
2026-09-08T14:16:41.125180Z  INFO nanospam::app: Performing handshake...
2026-09-08T14:16:41.136354Z  INFO nanospam::app: Connecting to node PR2... peer_addr=[::1]:17095
2026-09-08T14:16:41.136801Z  INFO nanospam::app: Performing handshake...
2026-09-08T14:16:41.137341Z  INFO nanospam::app: Performing handshake...
2026-09-08T14:16:41.149380Z  INFO nanospam::app: Performing handshake...
2026-09-08T14:16:41.160649Z  INFO nanospam::app: Performing handshake...
2026-09-08T14:16:41.171737Z  INFO nanospam::app: Connecting to node PR3... peer_addr=[::1]:17105
2026-09-08T14:16:41.172196Z  INFO nanospam::app: Performing handshake...
2026-09-08T14:16:41.172757Z  INFO nanospam::app: Performing handshake...
2026-09-08T14:16:41.184972Z  INFO nanospam::app: Performing handshake...
2026-09-08T14:16:41.195139Z  INFO nanospam::app: Performing handshake...
2026-09-08T14:16:41.206184Z  INFO nanospam::app: Connecting to node PR4... peer_addr=[::1]:17115
2026-09-08T14:16:41.206685Z  INFO nanospam::app: Performing handshake...
2026-09-08T14:16:41.207150Z  INFO nanospam::app: Performing handshake...
2026-09-08T14:16:41.219522Z  INFO nanospam::app: Performing handshake...
2026-09-08T14:16:41.231057Z  INFO nanospam::app: Performing handshake...
2026-09-08T14:16:41.242175Z  INFO nanospam::app: Connecting to node PR5... peer_addr=[::1]:17125
2026-09-08T14:16:41.242514Z  INFO nanospam::app: Performing handshake...
2026-09-08T14:16:41.243250Z  INFO nanospam::app: Performing handshake...
2026-09-08T14:16:41.254197Z  INFO nanospam::app: Performing handshake...
2026-09-08T14:16:41.266255Z  INFO nanospam::app: Performing handshake...
2026-09-08T14:16:41.277215Z  INFO nanospam::app: Connecting to websocket...
2026-09-08T14:16:41.277980Z  INFO nanospam::app: Starting with 2000 BPS
2026-09-08T14:16:42.279159Z  INFO nanospam::app: Confirmed 142 blocks | 2,000 bps | 154 cps | avg conf time: 102 ms
2026-09-08T14:16:43.279684Z  INFO nanospam::app: Confirmed 2,520 blocks | 2,000 bps | 2,376 cps | avg conf time: 142 ms
2026-09-08T14:16:44.280611Z  INFO nanospam::app: Confirmed 4,944 blocks | 2,000 bps | 2,421 cps | avg conf time: 169 ms
2026-09-08T14:16:45.282616Z  INFO nanospam::app: Confirmed 7,214 blocks | 2,000 bps | 2,265 cps | avg conf time: 308 ms
2026-09-08T14:16:46.283782Z  INFO nanospam::app: Confirmed 9,220 blocks | 2,000 bps | 2,003 cps | avg conf time: 151 ms
2026-09-08T14:16:47.284777Z  INFO nanospam::app: Confirmed 11,080 blocks | 2,000 bps | 1,858 cps | avg conf time: 126 ms
2026-09-08T14:16:48.285709Z  INFO nanospam::app: Confirmed 12,957 blocks | 2,000 bps | 1,875 cps | avg conf time: 117 ms
2026-09-08T14:16:49.286611Z  INFO nanospam::app: Confirmed 14,740 blocks | 2,000 bps | 1,781 cps | avg conf time: 235 ms
2026-09-08T14:16:50.287947Z  INFO nanospam::app: Confirmed 16,661 blocks | 2,000 bps | 1,918 cps | avg conf time: 319 ms
2026-09-08T14:16:51.289745Z  INFO nanospam::app: Confirmed 18,519 blocks | 2,000 bps | 1,855 cps | avg conf time: 139 ms
2026-09-08T14:16:52.299409Z  INFO nanospam::app: Confirmed 20,206 blocks | 2,000 bps | 1,684 cps | avg conf time: 173 ms
2026-09-08T14:16:53.299515Z  INFO nanospam::app: Confirmed 21,994 blocks | 2,000 bps | 1,772 cps | avg conf time: 207 ms
2026-09-08T14:16:54.308582Z  INFO nanospam::app: Confirmed 23,852 blocks | 2,000 bps | 1,854 cps | avg conf time: 250 ms
2026-09-08T14:16:55.310324Z  INFO nanospam::app: Confirmed 25,286 blocks | 2,000 bps | 1,421 cps | avg conf time: 567 ms
2026-09-08T14:16:56.310464Z  INFO nanospam::app: Confirmed 26,770 blocks | 2,000 bps | 1,483 cps | avg conf time: 827 ms
2026-09-08T14:16:57.311469Z  INFO nanospam::app: Confirmed 27,715 blocks | 2,000 bps | 944 cps | avg conf time: 1117 ms
2026-09-08T14:16:58.313506Z  INFO nanospam::app: Confirmed 28,281 blocks | 2,000 bps | 564 cps | avg conf time: 1508 ms
2026-09-08T14:16:59.314821Z  INFO nanospam::app: Confirmed 28,499 blocks | 2,000 bps | 217 cps | avg conf time: 2339 ms
2026-09-08T14:17:00.316996Z  INFO nanospam::app: Confirmed 29,791 blocks | 2,000 bps | 1,289 cps | avg conf time: 3311 ms
2026-09-08T14:17:01.317478Z  INFO nanospam::app: Confirmed 31,084 blocks | 2,000 bps | 1,292 cps | avg conf time: 3301 ms
2026-09-08T14:17:02.319079Z  INFO nanospam::app: Confirmed 32,100 blocks | 2,000 bps | 1,014 cps | avg conf time: 3489 ms
2026-09-08T14:17:03.319488Z  INFO nanospam::app: Confirmed 33,205 blocks | 2,000 bps | 1,104 cps | avg conf time: 4049 ms
2026-09-08T14:17:04.320453Z  INFO nanospam::app: Confirmed 34,407 blocks | 2,000 bps | 1,200 cps | avg conf time: 4197 ms
2026-09-08T14:17:05.321387Z  INFO nanospam::app: Confirmed 35,821 blocks | 2,000 bps | 1,412 cps | avg conf time: 4213 ms
2026-09-08T14:17:06.322738Z  INFO nanospam::app: Confirmed 36,922 blocks | 2,000 bps | 1,099 cps | avg conf time: 3996 ms
2026-09-08T14:17:07.323739Z  INFO nanospam::app: Confirmed 38,047 blocks | 2,000 bps | 1,123 cps | avg conf time: 4434 ms
2026-09-08T14:17:08.325609Z  INFO nanospam::app: Confirmed 38,897 blocks | 2,000 bps | 848 cps | avg conf time: 4343 ms
2026-09-08T14:17:09.326428Z  INFO nanospam::app: Confirmed 40,839 blocks | 2,000 bps | 1,940 cps | avg conf time: 4700 ms
2026-09-08T14:17:10.327300Z  INFO nanospam::app: Confirmed 43,427 blocks | 2,000 bps | 2,585 cps | avg conf time: 4176 ms
2026-09-08T14:17:11.328961Z  INFO nanospam::app: Confirmed 45,334 blocks | 2,000 bps | 1,903 cps | avg conf time: 5975 ms
2026-09-08T14:17:12.329436Z  INFO nanospam::app: Confirmed 47,759 blocks | 2,000 bps | 2,423 cps | avg conf time: 8145 ms
2026-09-08T14:17:13.330332Z  INFO nanospam::app: Confirmed 49,839 blocks | 2,000 bps | 2,078 cps | avg conf time: 8129 ms
2026-09-08T14:17:14.331338Z  INFO nanospam::app: Confirmed 49,965 blocks | 2,000 bps | 125 cps | avg conf time: 8506 ms
2026-09-08T14:17:15.332701Z  INFO nanospam::app: Confirmed 49,999 blocks | 2,000 bps | 33 cps | avg conf time: 8275 ms
2026-09-08T14:17:16.055679Z  INFO nanospam::app: Confirming 50000 blocks took 34.78s
2026-09-08T14:17:16.055710Z  INFO nanospam::app: Confirmation rate: 1437.6868492571039 cps
2026-09-08T14:17:16.055717Z  INFO nanospam::app: Average conf time: 2382.48189674358 ms
2026-09-08T14:17:16.055725Z  INFO nanospam::app: BENCHMARK_RESULT {"rai_protocol":true,"epoch_length":25000,"prs":6,"accounts":50000,"created_blocks":50000,"confirmed_blocks":50000,"duration_seconds":34.778088167,"confirmation_rate_cps":1437.6868492571039,"average_confirmation_ms":2382.48189674358}
Error: Canonical epoch sets failed to converge within 180 seconds
