[2m2026-09-22T12:25:25.158221Z[0m [32m INFO[0m [2mnanospam::setup::account_map_factory[0m[2m:[0m Creating account keys file with 45000 keys: "/Users/ruimorais/NanoSpam/account_keys.txt"
[2m2026-09-22T12:25:25.882694Z[0m [32m INFO[0m [2mnanospam::setup::node_config_factory[0m[2m:[0m ********************************************************************************
[2m2026-09-22T12:25:25.882708Z[0m [32m INFO[0m [2mnanospam::setup::node_config_factory[0m[2m:[0m Setting up node PR0...
[2m2026-09-22T12:25:25.882712Z[0m [32m INFO[0m [2mnanospam::setup::node_config_factory[0m[2m:[0m Creating directory "/Users/ruimorais/NanoSpam/pr0"
[2m2026-09-22T12:25:25.882796Z[0m [32m INFO[0m [2mnanospam::setup::node_config_factory[0m[2m:[0m Creating node config file: "/Users/ruimorais/NanoSpam/pr0/config-node.toml"
[2m2026-09-22T12:25:25.882916Z[0m [32m INFO[0m [2mnanospam::setup::node_config_factory[0m[2m:[0m Creating rpc config file: "/Users/ruimorais/NanoSpam/pr0/config-rpc.toml"
[2m2026-09-22T12:25:25.883002Z[0m [32m INFO[0m [2mnanospam::setup::node_config_factory[0m[2m:[0m ********************************************************************************
[2m2026-09-22T12:25:25.883009Z[0m [32m INFO[0m [2mnanospam::setup::node_config_factory[0m[2m:[0m Setting up node PR1...
[2m2026-09-22T12:25:25.883013Z[0m [32m INFO[0m [2mnanospam::setup::node_config_factory[0m[2m:[0m Creating directory "/Users/ruimorais/NanoSpam/pr1"
[2m2026-09-22T12:25:25.883058Z[0m [32m INFO[0m [2mnanospam::setup::node_config_factory[0m[2m:[0m Creating node config file: "/Users/ruimorais/NanoSpam/pr1/config-node.toml"
[2m2026-09-22T12:25:25.883157Z[0m [32m INFO[0m [2mnanospam::setup::node_config_factory[0m[2m:[0m Creating rpc config file: "/Users/ruimorais/NanoSpam/pr1/config-rpc.toml"
[2m2026-09-22T12:25:25.883235Z[0m [32m INFO[0m [2mnanospam::setup::node_config_factory[0m[2m:[0m ********************************************************************************
[2m2026-09-22T12:25:25.883239Z[0m [32m INFO[0m [2mnanospam::setup::node_config_factory[0m[2m:[0m Setting up node PR2...
[2m2026-09-22T12:25:25.883244Z[0m [32m INFO[0m [2mnanospam::setup::node_config_factory[0m[2m:[0m Creating directory "/Users/ruimorais/NanoSpam/pr2"
[2m2026-09-22T12:25:25.883285Z[0m [32m INFO[0m [2mnanospam::setup::node_config_factory[0m[2m:[0m Creating node config file: "/Users/ruimorais/NanoSpam/pr2/config-node.toml"
[2m2026-09-22T12:25:25.883360Z[0m [32m INFO[0m [2mnanospam::setup::node_config_factory[0m[2m:[0m Creating rpc config file: "/Users/ruimorais/NanoSpam/pr2/config-rpc.toml"
[2m2026-09-22T12:25:25.883428Z[0m [32m INFO[0m [2mnanospam::setup::node_config_factory[0m[2m:[0m ********************************************************************************
[2m2026-09-22T12:25:25.883432Z[0m [32m INFO[0m [2mnanospam::setup::node_config_factory[0m[2m:[0m Setting up node PR3...
[2m2026-09-22T12:25:25.883436Z[0m [32m INFO[0m [2mnanospam::setup::node_config_factory[0m[2m:[0m Creating directory "/Users/ruimorais/NanoSpam/pr3"
[2m2026-09-22T12:25:25.883471Z[0m [32m INFO[0m [2mnanospam::setup::node_config_factory[0m[2m:[0m Creating node config file: "/Users/ruimorais/NanoSpam/pr3/config-node.toml"
[2m2026-09-22T12:25:25.883553Z[0m [32m INFO[0m [2mnanospam::setup::node_config_factory[0m[2m:[0m Creating rpc config file: "/Users/ruimorais/NanoSpam/pr3/config-rpc.toml"
[2m2026-09-22T12:25:25.883627Z[0m [32m INFO[0m [2mnanospam::setup::node_config_factory[0m[2m:[0m ********************************************************************************
[2m2026-09-22T12:25:25.883631Z[0m [32m INFO[0m [2mnanospam::setup::node_config_factory[0m[2m:[0m Setting up node PR4...
[2m2026-09-22T12:25:25.883635Z[0m [32m INFO[0m [2mnanospam::setup::node_config_factory[0m[2m:[0m Creating directory "/Users/ruimorais/NanoSpam/pr4"
[2m2026-09-22T12:25:25.883685Z[0m [32m INFO[0m [2mnanospam::setup::node_config_factory[0m[2m:[0m Creating node config file: "/Users/ruimorais/NanoSpam/pr4/config-node.toml"
[2m2026-09-22T12:25:25.883790Z[0m [32m INFO[0m [2mnanospam::setup::node_config_factory[0m[2m:[0m Creating rpc config file: "/Users/ruimorais/NanoSpam/pr4/config-rpc.toml"
[2m2026-09-22T12:25:25.883861Z[0m [32m INFO[0m [2mnanospam::setup::node_config_factory[0m[2m:[0m ********************************************************************************
[2m2026-09-22T12:25:25.883864Z[0m [32m INFO[0m [2mnanospam::setup::node_config_factory[0m[2m:[0m Setting up node PR5...
[2m2026-09-22T12:25:25.883866Z[0m [32m INFO[0m [2mnanospam::setup::node_config_factory[0m[2m:[0m Creating directory "/Users/ruimorais/NanoSpam/pr5"
[2m2026-09-22T12:25:25.883906Z[0m [32m INFO[0m [2mnanospam::setup::node_config_factory[0m[2m:[0m Creating node config file: "/Users/ruimorais/NanoSpam/pr5/config-node.toml"
[2m2026-09-22T12:25:25.883989Z[0m [32m INFO[0m [2mnanospam::setup::node_config_factory[0m[2m:[0m Creating rpc config file: "/Users/ruimorais/NanoSpam/pr5/config-rpc.toml"
[2m2026-09-22T12:25:25.884102Z[0m [32m INFO[0m [2mnanospam::setup::node_launcher[0m[2m:[0m Starting node: NANO_TEST_GENESIS_BLOCK="{\n    \"type\": \"open\",\n    \"account\": \"nano_3nroioygg54nusrmyun4woimqex36sp3drnctdt5955uqu47fxbkrxk7n7ne\",\n    \"source\": \"D315857CE70C54DE713F6E82E5613BB3A1266C15E28AD2F4338C7BBEC456F532\",\n    \"representative\": \"nano_3nroioygg54nusrmyun4woimqex36sp3drnctdt5955uqu47fxbkrxk7n7ne\",\n    \"signature\": \"3F6792C2DC623DF2E8643777160AB983B66B337E2478E13D2C3448126A8F4CD8DCCD19803C158A057FA44060AE0EFC09B1C311CB4FBF42F8D240610B38F56E08\",\n    \"work\": \"70FEF01F7EC45DEC\"\n    }" NANO_TEST_GENESIS_PRV ="49643F9B10CA1AA34F9AF8ED4AABD29F436104CCC375974B108534A48EAE3FE1" "rsnano" "--network" "test" "--data-path" "/Users/ruimorais/NanoSpam/pr0" "node" "run"
[2m2026-09-22T12:25:25.884554Z[0m [32m INFO[0m [2mnanospam::setup::node_launcher[0m[2m:[0m Waiting for RPC...
[2m2026-09-22T12:25:25.989350Z[0m [32m INFO[0m [2mnanospam::setup::node_launcher[0m[2m:[0m Starting node: NANO_TEST_GENESIS_BLOCK="{\n    \"type\": \"open\",\n    \"account\": \"nano_3nroioygg54nusrmyun4woimqex36sp3drnctdt5955uqu47fxbkrxk7n7ne\",\n    \"source\": \"D315857CE70C54DE713F6E82E5613BB3A1266C15E28AD2F4338C7BBEC456F532\",\n    \"representative\": \"nano_3nroioygg54nusrmyun4woimqex36sp3drnctdt5955uqu47fxbkrxk7n7ne\",\n    \"signature\": \"3F6792C2DC623DF2E8643777160AB983B66B337E2478E13D2C3448126A8F4CD8DCCD19803C158A057FA44060AE0EFC09B1C311CB4FBF42F8D240610B38F56E08\",\n    \"work\": \"70FEF01F7EC45DEC\"\n    }" NANO_TEST_GENESIS_PRV ="49643F9B10CA1AA34F9AF8ED4AABD29F436104CCC375974B108534A48EAE3FE1" "rsnano" "--network" "test" "--data-path" "/Users/ruimorais/NanoSpam/pr1" "node" "run"
[2m2026-09-22T12:25:25.989683Z[0m [32m INFO[0m [2mnanospam::setup::node_launcher[0m[2m:[0m Waiting for RPC...
[2m2026-09-22T12:25:26.093207Z[0m [32m INFO[0m [2mnanospam::setup::node_launcher[0m[2m:[0m Starting node: NANO_TEST_GENESIS_BLOCK="{\n    \"type\": \"open\",\n    \"account\": \"nano_3nroioygg54nusrmyun4woimqex36sp3drnctdt5955uqu47fxbkrxk7n7ne\",\n    \"source\": \"D315857CE70C54DE713F6E82E5613BB3A1266C15E28AD2F4338C7BBEC456F532\",\n    \"representative\": \"nano_3nroioygg54nusrmyun4woimqex36sp3drnctdt5955uqu47fxbkrxk7n7ne\",\n    \"signature\": \"3F6792C2DC623DF2E8643777160AB983B66B337E2478E13D2C3448126A8F4CD8DCCD19803C158A057FA44060AE0EFC09B1C311CB4FBF42F8D240610B38F56E08\",\n    \"work\": \"70FEF01F7EC45DEC\"\n    }" NANO_TEST_GENESIS_PRV ="49643F9B10CA1AA34F9AF8ED4AABD29F436104CCC375974B108534A48EAE3FE1" "rsnano" "--network" "test" "--data-path" "/Users/ruimorais/NanoSpam/pr2" "node" "run"
[2m2026-09-22T12:25:26.093648Z[0m [32m INFO[0m [2mnanospam::setup::node_launcher[0m[2m:[0m Waiting for RPC...
[2m2026-09-22T12:25:26.198438Z[0m [32m INFO[0m [2mnanospam::setup::node_launcher[0m[2m:[0m Starting node: NANO_TEST_GENESIS_BLOCK="{\n    \"type\": \"open\",\n    \"account\": \"nano_3nroioygg54nusrmyun4woimqex36sp3drnctdt5955uqu47fxbkrxk7n7ne\",\n    \"source\": \"D315857CE70C54DE713F6E82E5613BB3A1266C15E28AD2F4338C7BBEC456F532\",\n    \"representative\": \"nano_3nroioygg54nusrmyun4woimqex36sp3drnctdt5955uqu47fxbkrxk7n7ne\",\n    \"signature\": \"3F6792C2DC623DF2E8643777160AB983B66B337E2478E13D2C3448126A8F4CD8DCCD19803C158A057FA44060AE0EFC09B1C311CB4FBF42F8D240610B38F56E08\",\n    \"work\": \"70FEF01F7EC45DEC\"\n    }" NANO_TEST_GENESIS_PRV ="49643F9B10CA1AA34F9AF8ED4AABD29F436104CCC375974B108534A48EAE3FE1" "rsnano" "--network" "test" "--data-path" "/Users/ruimorais/NanoSpam/pr3" "node" "run"
[2m2026-09-22T12:25:26.198894Z[0m [32m INFO[0m [2mnanospam::setup::node_launcher[0m[2m:[0m Waiting for RPC...
[2m2026-09-22T12:25:26.304011Z[0m [32m INFO[0m [2mnanospam::setup::node_launcher[0m[2m:[0m Starting node: NANO_TEST_GENESIS_BLOCK="{\n    \"type\": \"open\",\n    \"account\": \"nano_3nroioygg54nusrmyun4woimqex36sp3drnctdt5955uqu47fxbkrxk7n7ne\",\n    \"source\": \"D315857CE70C54DE713F6E82E5613BB3A1266C15E28AD2F4338C7BBEC456F532\",\n    \"representative\": \"nano_3nroioygg54nusrmyun4woimqex36sp3drnctdt5955uqu47fxbkrxk7n7ne\",\n    \"signature\": \"3F6792C2DC623DF2E8643777160AB983B66B337E2478E13D2C3448126A8F4CD8DCCD19803C158A057FA44060AE0EFC09B1C311CB4FBF42F8D240610B38F56E08\",\n    \"work\": \"70FEF01F7EC45DEC\"\n    }" NANO_TEST_GENESIS_PRV ="49643F9B10CA1AA34F9AF8ED4AABD29F436104CCC375974B108534A48EAE3FE1" "rsnano" "--network" "test" "--data-path" "/Users/ruimorais/NanoSpam/pr4" "node" "run"
[2m2026-09-22T12:25:26.304368Z[0m [32m INFO[0m [2mnanospam::setup::node_launcher[0m[2m:[0m Waiting for RPC...
[2m2026-09-22T12:25:26.409772Z[0m [32m INFO[0m [2mnanospam::setup::node_launcher[0m[2m:[0m Starting node: NANO_TEST_GENESIS_BLOCK="{\n    \"type\": \"open\",\n    \"account\": \"nano_3nroioygg54nusrmyun4woimqex36sp3drnctdt5955uqu47fxbkrxk7n7ne\",\n    \"source\": \"D315857CE70C54DE713F6E82E5613BB3A1266C15E28AD2F4338C7BBEC456F532\",\n    \"representative\": \"nano_3nroioygg54nusrmyun4woimqex36sp3drnctdt5955uqu47fxbkrxk7n7ne\",\n    \"signature\": \"3F6792C2DC623DF2E8643777160AB983B66B337E2478E13D2C3448126A8F4CD8DCCD19803C158A057FA44060AE0EFC09B1C311CB4FBF42F8D240610B38F56E08\",\n    \"work\": \"70FEF01F7EC45DEC\"\n    }" NANO_TEST_GENESIS_PRV ="49643F9B10CA1AA34F9AF8ED4AABD29F436104CCC375974B108534A48EAE3FE1" "rsnano" "--network" "test" "--data-path" "/Users/ruimorais/NanoSpam/pr5" "node" "run"
[2m2026-09-22T12:25:26.410231Z[0m [32m INFO[0m [2mnanospam::setup::node_launcher[0m[2m:[0m Waiting for RPC...
[2m2026-09-22T12:25:26.514631Z[0m [32m INFO[0m [2mnanospam::wallets_factory[0m[2m:[0m Creating wallet...
[2m2026-09-22T12:25:26.573438Z[0m [32m INFO[0m [2mnanospam::wallets_factory[0m[2m:[0m Setting default representative...
[2m2026-09-22T12:25:26.573680Z[0m [32m INFO[0m [2mnanospam::wallets_factory[0m[2m:[0m Creating wallet...
[2m2026-09-22T12:25:26.619654Z[0m [32m INFO[0m [2mnanospam::wallets_factory[0m[2m:[0m Setting default representative...
[2m2026-09-22T12:25:26.619975Z[0m [32m INFO[0m [2mnanospam::wallets_factory[0m[2m:[0m Sending Ӿ40,047,061 to PR1 wallet nano_3atmwjh8t11psdqf3qx6xjfiei94oajch6zsyauowxzjogbbgz168g5mp8f1 ...
[2m2026-09-22T12:25:26.620395Z[0m [32m INFO[0m [2mnanospam::wallets_factory[0m[2m:[0m Waiting for confirmation for B19EAD8221E07E52EEB7CA7EE50577B662C489ADBA15C0727DB6F8AEDAD50081
[2m2026-09-22T12:25:41.829099Z[0m [32m INFO[0m [2mnanospam::wallets_factory[0m[2m:[0m Receiving...
[2m2026-09-22T12:25:41.830904Z[0m [32m INFO[0m [2mnanospam::wallets_factory[0m[2m:[0m Waiting for confirmation for CBAA8D9FE2AA2CFEB77B87886D76922E22E4C51C0C091A54179A7E5CF79FC967
[2m2026-09-22T12:25:42.037767Z[0m [32m INFO[0m [2mnanospam::wallets_factory[0m[2m:[0m DONE
[2m2026-09-22T12:25:42.037900Z[0m [32m INFO[0m [2mnanospam::wallets_factory[0m[2m:[0m ********************************************************************************
[2m2026-09-22T12:25:42.037918Z[0m [32m INFO[0m [2mnanospam::wallets_factory[0m[2m:[0m Creating wallet...
[2m2026-09-22T12:25:42.115416Z[0m [32m INFO[0m [2mnanospam::wallets_factory[0m[2m:[0m Setting default representative...
[2m2026-09-22T12:25:42.115807Z[0m [32m INFO[0m [2mnanospam::wallets_factory[0m[2m:[0m Sending Ӿ40,047,061 to PR2 wallet nano_36asm8scxymtsjmgqp14per3zxpgaec1c65qb9en1buscq7qzqa93tfyyzs3 ...
[2m2026-09-22T12:25:42.116273Z[0m [32m INFO[0m [2mnanospam::wallets_factory[0m[2m:[0m Waiting for confirmation for CAFB013DCCB20BBF4CC103A0FDD2BF25C8F109B9E984B96D0666840E4B0F89BA
[2m2026-09-22T12:25:42.323238Z[0m [32m INFO[0m [2mnanospam::wallets_factory[0m[2m:[0m Receiving...
[2m2026-09-22T12:25:42.324975Z[0m [32m INFO[0m [2mnanospam::wallets_factory[0m[2m:[0m Waiting for confirmation for 7189E44F408196E8FD1F393F06CDAD4F7C5A415B2A2DDFA8ABEABEE83DA60182
[2m2026-09-22T12:25:42.428671Z[0m [32m INFO[0m [2mnanospam::wallets_factory[0m[2m:[0m DONE
[2m2026-09-22T12:25:42.428731Z[0m [32m INFO[0m [2mnanospam::wallets_factory[0m[2m:[0m ********************************************************************************
[2m2026-09-22T12:25:42.428744Z[0m [32m INFO[0m [2mnanospam::wallets_factory[0m[2m:[0m Creating wallet...
[2m2026-09-22T12:25:42.504829Z[0m [32m INFO[0m [2mnanospam::wallets_factory[0m[2m:[0m Setting default representative...
[2m2026-09-22T12:25:42.505212Z[0m [32m INFO[0m [2mnanospam::wallets_factory[0m[2m:[0m Sending Ӿ40,047,061 to PR3 wallet nano_1sfb11jzfi8k51fcnrzi1qe3qh1e1jkic3h45oak9yfg5yhbkczzxfwtat7m ...
[2m2026-09-22T12:25:42.505748Z[0m [32m INFO[0m [2mnanospam::wallets_factory[0m[2m:[0m Waiting for confirmation for E2CEA882BAF6FE5BE932C387FEB7740D791CAF9E5BECC7CEE8176C7DDEE6378A
[2m2026-09-22T12:25:42.608732Z[0m [32m INFO[0m [2mnanospam::wallets_factory[0m[2m:[0m Receiving...
[2m2026-09-22T12:25:42.609574Z[0m [32m INFO[0m [2mnanospam::wallets_factory[0m[2m:[0m Waiting for confirmation for EA5EC3EAA2535557DB68742DBFA22A64B7B314876EE136F919471550E89D65D4
[2m2026-09-22T12:25:42.713816Z[0m [32m INFO[0m [2mnanospam::wallets_factory[0m[2m:[0m DONE
[2m2026-09-22T12:25:42.713892Z[0m [32m INFO[0m [2mnanospam::wallets_factory[0m[2m:[0m ********************************************************************************
[2m2026-09-22T12:25:42.713903Z[0m [32m INFO[0m [2mnanospam::wallets_factory[0m[2m:[0m Creating wallet...
[2m2026-09-22T12:25:42.791954Z[0m [32m INFO[0m [2mnanospam::wallets_factory[0m[2m:[0m Setting default representative...
[2m2026-09-22T12:25:42.792292Z[0m [32m INFO[0m [2mnanospam::wallets_factory[0m[2m:[0m Sending Ӿ40,047,061 to PR4 wallet nano_1rsxmoinip7d4wafdp855194n43fs7s1jgne6tx8ruatiu6g89815pddzijp ...
[2m2026-09-22T12:25:42.792779Z[0m [32m INFO[0m [2mnanospam::wallets_factory[0m[2m:[0m Waiting for confirmation for 22677C7E74B964C1E24887306A66EAC48330280DFA5744E0E21166EC47B5438A
[2m2026-09-22T12:25:42.999802Z[0m [32m INFO[0m [2mnanospam::wallets_factory[0m[2m:[0m Receiving...
[2m2026-09-22T12:25:43.001440Z[0m [32m INFO[0m [2mnanospam::wallets_factory[0m[2m:[0m Waiting for confirmation for 686B8354F9897585048EDBC473B612A3E2823DE919A66201E69841219A6B5651
[2m2026-09-22T12:25:43.310393Z[0m [32m INFO[0m [2mnanospam::wallets_factory[0m[2m:[0m DONE
[2m2026-09-22T12:25:43.310449Z[0m [32m INFO[0m [2mnanospam::wallets_factory[0m[2m:[0m ********************************************************************************
[2m2026-09-22T12:25:43.310460Z[0m [32m INFO[0m [2mnanospam::wallets_factory[0m[2m:[0m Creating wallet...
[2m2026-09-22T12:25:43.380990Z[0m [32m INFO[0m [2mnanospam::wallets_factory[0m[2m:[0m Setting default representative...
[2m2026-09-22T12:25:43.381371Z[0m [32m INFO[0m [2mnanospam::wallets_factory[0m[2m:[0m Sending Ӿ40,047,061 to PR5 wallet nano_1wtzwadxk9naxc356m4rienp93ht131w7ypadk39qck8uah3bg3zohsmj9th ...
[2m2026-09-22T12:25:43.381864Z[0m [32m INFO[0m [2mnanospam::wallets_factory[0m[2m:[0m Waiting for confirmation for 86B6E149E407121861E950D6B66B56BA39E500C199E580ED6065515C3C25094F
[2m2026-09-22T12:25:58.670515Z[0m [32m INFO[0m [2mnanospam::wallets_factory[0m[2m:[0m Receiving...
[2m2026-09-22T12:25:58.673534Z[0m [32m INFO[0m [2mnanospam::wallets_factory[0m[2m:[0m Waiting for confirmation for 417F8AEA0F6FDD9A5EE6F5896819E98A81FC15AA2CF56207A5BCFB27193E37A9
[2m2026-09-22T12:25:58.881949Z[0m [32m INFO[0m [2mnanospam::wallets_factory[0m[2m:[0m DONE
[2m2026-09-22T12:25:58.882082Z[0m [32m INFO[0m [2mnanospam::wallets_factory[0m[2m:[0m ********************************************************************************
[2m2026-09-22T12:25:58.882121Z[0m [32m INFO[0m [2mnanospam::wallets_factory[0m[2m:[0m Sending initial spam amount...
[2m2026-09-22T12:25:58.883974Z[0m [32m INFO[0m [2mnanospam::wallets_factory[0m[2m:[0m Waiting for confirmation for 3E266D3117667F9412F78DE10EC5AAEA887C92CCCE89CB6E0702F595A24E7A6A
[2m2026-09-22T12:25:59.092060Z[0m [32m INFO[0m [2mnanospam::wallets_factory[0m[2m:[0m Receiving initial spam amount...
[2m2026-09-22T12:25:59.093473Z[0m [32m INFO[0m [2mnanospam::wallets_factory[0m[2m:[0m Waiting for confirmation for FFAA0B299F5DBE00FF599FEB0012DCC760F28DE5CBA58485384915DFEB00FB79
[2m2026-09-22T12:25:59.300872Z[0m [32m INFO[0m [2mnanospam::wallets_factory[0m[2m:[0m Seeding Ӿ14,285,714 to nano_3bpaphahk967auq4589dahr9cg1r5xwbx1gjhs8gs1z6w8u66so39sk8tmd5 for representative D315857CE70C54DE713F6E82E5613BB3A1266C15E28AD2F4338C7BBEC456F532
[2m2026-09-22T12:25:59.302278Z[0m [32m INFO[0m [2mnanospam::wallets_factory[0m[2m:[0m Waiting for confirmation for B2FCD8B1D2E6EBC65E885E49767BB2DC8A79D30DA64B578880643597829F237B
[2m2026-09-22T12:25:59.508523Z[0m [32m INFO[0m [2mnanospam::wallets_factory[0m[2m:[0m Waiting for confirmation for E75B0E3E230AAAE2C88BCCECB9CC4FF6D90F2C9C814A6CEFC3D90FE4D62C30E1
[2m2026-09-22T12:25:59.714403Z[0m [32m INFO[0m [2mnanospam::wallets_factory[0m[2m:[0m Seeding Ӿ14,285,714 to nano_3zr34htim647s3qzxk1fyjoa31tjz5rx151w1nf3spoiagf5d65zi1uzq79j for representative A353E45E6D0016CAEED0DFA4EC5B0640E2AA22A793F9F2375E77F1AB92977C04
[2m2026-09-22T12:25:59.715291Z[0m [32m INFO[0m [2mnanospam::wallets_factory[0m[2m:[0m Waiting for confirmation for 4FE3FC6815397D8311E9481D6246B25E754A6201F5730A35414402C5EFA8ED70
[2m2026-09-22T12:25:59.821227Z[0m [32m INFO[0m [2mnanospam::wallets_factory[0m[2m:[0m Waiting for confirmation for 09C4B013B8CE781ABA201F714B6C83FC0A1505F461143B77D47273B51C58256F
[2m2026-09-22T12:25:59.925768Z[0m [32m INFO[0m [2mnanospam::wallets_factory[0m[2m:[0m Seeding Ӿ14,285,714 to nano_1z4r17kjuf14m1uc73p4t9k594si16infg3p51smwjdpej9wjhtpmfucizs9 for representative 911999B2AEFA7ACC66EBD802B3301FF6CE431405107749D940277955CB7FDD07
[2m2026-09-22T12:25:59.926206Z[0m [32m INFO[0m [2mnanospam::wallets_factory[0m[2m:[0m Waiting for confirmation for CD874580B2DDF25E341CF1F5F732579D4A85AAA06886D27B028DADAEB75A92FC
[2m2026-09-22T12:26:00.030673Z[0m [32m INFO[0m [2mnanospam::wallets_factory[0m[2m:[0m Waiting for confirmation for C0A819F51311A33C0C828BA1A52CA4D931A5F0E40289CD42398AE6E28D71FEE7
[2m2026-09-22T12:26:00.134440Z[0m [32m INFO[0m [2mnanospam::wallets_factory[0m[2m:[0m Seeding Ӿ14,285,714 to nano_1axoa6wbpq6hdkfcpnnw7bkzkugzoz5wx47yqf7bheqgn187n8jig6m8c654 for representative 65A90023F6C0D2181AAA63F005D81BBC0C04650505E21D5123F9AE1F9E992BFF
[2m2026-09-22T12:26:00.134964Z[0m [32m INFO[0m [2mnanospam::wallets_factory[0m[2m:[0m Waiting for confirmation for 1C6018F91652C5D09F1AFB6B27049980B70680545F1CFD36B021048185FDA185
[2m2026-09-22T12:26:00.239383Z[0m [32m INFO[0m [2mnanospam::wallets_factory[0m[2m:[0m Waiting for confirmation for BD6A63A123F9D0E36CE301E6B2F7832B13887343E461CAFEA3626C0E186A6BD9
[2m2026-09-22T12:26:00.343368Z[0m [32m INFO[0m [2mnanospam::wallets_factory[0m[2m:[0m Seeding Ӿ14,285,714 to nano_3x4asgxkd15qaod4xt84pi1prkqk5jcr1eiupguwu64hzdtji3ahw1eft1jt for representative 633D9D614858AB1710D5D8C3180E2A082DC97208BA8C26BA6C6D1A86C8E31CC0
[2m2026-09-22T12:26:00.344520Z[0m [32m INFO[0m [2mnanospam::wallets_factory[0m[2m:[0m Waiting for confirmation for BCE2CC141048838208B1B62BCE27D87F5E9D2B0B0B410AF6B6FB76F025AB8021
[2m2026-09-22T12:26:00.451912Z[0m [32m INFO[0m [2mnanospam::wallets_factory[0m[2m:[0m Waiting for confirmation for A212837F74396D712AFF6BE297AB9B31C2713CE5D78A85601C54BBFFEF29D326
[2m2026-09-22T12:26:00.555548Z[0m [32m INFO[0m [2mnanospam::wallets_factory[0m[2m:[0m Seeding Ӿ14,285,714 to nano_1efetknp6bx97duz6fufj1f8msxxbb9gnsr48yo3ctedyjef47qsqa41t8mg for representative 735FE217D91E88EA82324C5883296385FA0041C2FAC85C827BAA46DA1E14B83F
[2m2026-09-22T12:26:00.556141Z[0m [32m INFO[0m [2mnanospam::wallets_factory[0m[2m:[0m Waiting for confirmation for 5724BDA1D47108E9029BACF579BC61DDF000272CB1ED5554D95F61B4C8D286E9
[2m2026-09-22T12:26:00.659582Z[0m [32m INFO[0m [2mnanospam::wallets_factory[0m[2m:[0m Waiting for confirmation for BE426889379DAC5E7819D2176165CE16DE2B9FF9C24ADCD4568E3D13FB70EE02
[2m2026-09-22T12:26:00.867991Z[0m [32m INFO[0m [2mnanospam::high_prio_check[0m[2m:[0m Creating high priority accounts...
[2m2026-09-22T12:26:00.893897Z[0m [32m INFO[0m [2mnanospam::high_prio_check[0m[2m:[0m Waiting for confirmations...
[2m2026-09-22T12:26:03.176697Z[0m [32m INFO[0m [2mnanospam::app[0m[2m:[0m Waiting for all PRs to see the full quorum...
[2m2026-09-22T12:26:03.180058Z[0m [32m INFO[0m [2mnanospam::app[0m[2m:[0m All PRs see the full quorum after 3.2275ms
[2m2026-09-22T12:26:03.180143Z[0m [32m INFO[0m [2mnanospam::app[0m[2m:[0m Waiting for all PRs to hold the same cemented ledger...
[2m2026-09-22T12:26:03.181407Z[0m [32m INFO[0m [2mnanospam::app[0m[2m:[0m All PRs hold the same ledger of 65 blocks after 1.249458ms
EPOCH_COMMITTEE t=1790079963181 derived_by=genesis members=6 accounts=33 n=340282366920938463463374607431768211455 digest=F9BD739DEC3E8C987C5E6D5F869562590F3481751A7ED5D0E0C3C751FC90F12C shares=["911999B2:20.2%", "A353E45E:16.0%", "735FE217:16.0%", "633D9D61:16.0%", "65A90023:16.0%", "D315857C:16.0%"]
EPOCH_START t=1790079963182 epoch=0 elections=0
EPOCH_COMMITTEE t=1790079963182 derived_by=genesis members=6 accounts=33 n=340282366920938463463374607431768211455 digest=F9BD739DEC3E8C987C5E6D5F869562590F3481751A7ED5D0E0C3C751FC90F12C shares=["911999B2:20.2%", "A353E45E:16.0%", "735FE217:16.0%", "633D9D61:16.0%", "65A90023:16.0%", "D315857C:16.0%"]
EPOCH_START t=1790079963183 epoch=0 elections=0
EPOCH_COMMITTEE t=1790079963183 derived_by=genesis members=6 accounts=33 n=340282366920938463463374607431768211455 digest=F9BD739DEC3E8C987C5E6D5F869562590F3481751A7ED5D0E0C3C751FC90F12C shares=["911999B2:20.2%", "A353E45E:16.0%", "735FE217:16.0%", "633D9D61:16.0%", "65A90023:16.0%", "D315857C:16.0%"]
EPOCH_START t=1790079963183 epoch=0 elections=0
EPOCH_COMMITTEE t=1790079963184 derived_by=genesis members=6 accounts=33 n=340282366920938463463374607431768211455 digest=F9BD739DEC3E8C987C5E6D5F869562590F3481751A7ED5D0E0C3C751FC90F12C shares=["911999B2:20.2%", "A353E45E:16.0%", "735FE217:16.0%", "633D9D61:16.0%", "65A90023:16.0%", "D315857C:16.0%"]
EPOCH_START t=1790079963184 epoch=0 elections=0
EPOCH_COMMITTEE t=1790079963185 derived_by=genesis members=6 accounts=33 n=340282366920938463463374607431768211455 digest=F9BD739DEC3E8C987C5E6D5F869562590F3481751A7ED5D0E0C3C751FC90F12C shares=["911999B2:20.2%", "A353E45E:16.0%", "735FE217:16.0%", "633D9D61:16.0%", "65A90023:16.0%", "D315857C:16.0%"]
EPOCH_START t=1790079963185 epoch=0 elections=0
EPOCH_COMMITTEE t=1790079963186 derived_by=genesis members=6 accounts=33 n=340282366920938463463374607431768211455 digest=F9BD739DEC3E8C987C5E6D5F869562590F3481751A7ED5D0E0C3C751FC90F12C shares=["911999B2:20.2%", "A353E45E:16.0%", "735FE217:16.0%", "633D9D61:16.0%", "65A90023:16.0%", "D315857C:16.0%"]
EPOCH_START t=1790079963186 epoch=0 elections=0
[2m2026-09-22T12:26:03.186739Z[0m [32m INFO[0m [2mnanospam::app[0m[2m:[0m Started the epochs on every PR
[2m2026-09-22T12:26:03.186770Z[0m [32m INFO[0m [2mnanospam::app[0m[2m:[0m Connecting to node PR0... [3mpeer_addr[0m[2m=[0m[::1]:17075
[2m2026-09-22T12:26:03.187246Z[0m [32m INFO[0m [2mnanospam::app[0m[2m:[0m Performing handshake...
[2m2026-09-22T12:26:03.187925Z[0m [32m INFO[0m [2mnanospam::app[0m[2m:[0m Performing handshake...
[2m2026-09-22T12:26:03.199326Z[0m [32m INFO[0m [2mnanospam::app[0m[2m:[0m Performing handshake...
[2m2026-09-22T12:26:03.211938Z[0m [32m INFO[0m [2mnanospam::app[0m[2m:[0m Performing handshake...
[2m2026-09-22T12:26:03.223058Z[0m [32m INFO[0m [2mnanospam::app[0m[2m:[0m Connecting to node PR1... [3mpeer_addr[0m[2m=[0m[::1]:17085
[2m2026-09-22T12:26:03.223287Z[0m [32m INFO[0m [2mnanospam::app[0m[2m:[0m Performing handshake...
[2m2026-09-22T12:26:03.224011Z[0m [32m INFO[0m [2mnanospam::app[0m[2m:[0m Performing handshake...
[2m2026-09-22T12:26:03.236639Z[0m [32m INFO[0m [2mnanospam::app[0m[2m:[0m Performing handshake...
[2m2026-09-22T12:26:03.246934Z[0m [32m INFO[0m [2mnanospam::app[0m[2m:[0m Performing handshake...
[2m2026-09-22T12:26:03.258899Z[0m [32m INFO[0m [2mnanospam::app[0m[2m:[0m Connecting to node PR2... [3mpeer_addr[0m[2m=[0m[::1]:17095
[2m2026-09-22T12:26:03.259139Z[0m [32m INFO[0m [2mnanospam::app[0m[2m:[0m Performing handshake...
[2m2026-09-22T12:26:03.259910Z[0m [32m INFO[0m [2mnanospam::app[0m[2m:[0m Performing handshake...
[2m2026-09-22T12:26:03.271281Z[0m [32m INFO[0m [2mnanospam::app[0m[2m:[0m Performing handshake...
[2m2026-09-22T12:26:03.283820Z[0m [32m INFO[0m [2mnanospam::app[0m[2m:[0m Performing handshake...
[2m2026-09-22T12:26:03.294657Z[0m [32m INFO[0m [2mnanospam::app[0m[2m:[0m Connecting to node PR3... [3mpeer_addr[0m[2m=[0m[::1]:17105
[2m2026-09-22T12:26:03.294981Z[0m [32m INFO[0m [2mnanospam::app[0m[2m:[0m Performing handshake...
[2m2026-09-22T12:26:03.295931Z[0m [32m INFO[0m [2mnanospam::app[0m[2m:[0m Performing handshake...
[2m2026-09-22T12:26:03.307085Z[0m [32m INFO[0m [2mnanospam::app[0m[2m:[0m Performing handshake...
[2m2026-09-22T12:26:03.318898Z[0m [32m INFO[0m [2mnanospam::app[0m[2m:[0m Performing handshake...
[2m2026-09-22T12:26:03.331226Z[0m [32m INFO[0m [2mnanospam::app[0m[2m:[0m Connecting to node PR4... [3mpeer_addr[0m[2m=[0m[::1]:17115
[2m2026-09-22T12:26:03.331567Z[0m [32m INFO[0m [2mnanospam::app[0m[2m:[0m Performing handshake...
[2m2026-09-22T12:26:03.332565Z[0m [32m INFO[0m [2mnanospam::app[0m[2m:[0m Performing handshake...
[2m2026-09-22T12:26:03.343906Z[0m [32m INFO[0m [2mnanospam::app[0m[2m:[0m Performing handshake...
[2m2026-09-22T12:26:03.355245Z[0m [32m INFO[0m [2mnanospam::app[0m[2m:[0m Performing handshake...
[2m2026-09-22T12:26:03.366307Z[0m [32m INFO[0m [2mnanospam::app[0m[2m:[0m Connecting to node PR5... [3mpeer_addr[0m[2m=[0m[::1]:17125
[2m2026-09-22T12:26:03.366639Z[0m [32m INFO[0m [2mnanospam::app[0m[2m:[0m Performing handshake...
[2m2026-09-22T12:26:03.367600Z[0m [32m INFO[0m [2mnanospam::app[0m[2m:[0m Performing handshake...
[2m2026-09-22T12:26:03.379127Z[0m [32m INFO[0m [2mnanospam::app[0m[2m:[0m Performing handshake...
[2m2026-09-22T12:26:03.392095Z[0m [32m INFO[0m [2mnanospam::app[0m[2m:[0m Performing handshake...
[2m2026-09-22T12:26:03.404228Z[0m [32m INFO[0m [2mnanospam::app[0m[2m:[0m Connecting to websocket...
[2m2026-09-22T12:26:03.405202Z[0m [32m INFO[0m [2mnanospam::app[0m[2m:[0m Starting with 2000 BPS
[2m2026-09-22T12:26:04.406316Z[0m [32m INFO[0m [2mnanospam::app[0m[2m:[0m Confirmed 948 blocks | 2,000 bps | 1,019 cps | avg conf time: 93 ms
[2m2026-09-22T12:26:05.407601Z[0m [32m INFO[0m [2mnanospam::app[0m[2m:[0m Confirmed 4,601 blocks | 2,000 bps | 3,648 cps | avg conf time: 157 ms
[2m2026-09-22T12:26:06.408670Z[0m [32m INFO[0m [2mnanospam::app[0m[2m:[0m Confirmed 6,578 blocks | 2,000 bps | 1,974 cps | avg conf time: 107 ms
[2m2026-09-22T12:26:07.409284Z[0m [32m INFO[0m [2mnanospam::app[0m[2m:[0m Confirmed 8,530 blocks | 2,000 bps | 1,950 cps | avg conf time: 107 ms
[2m2026-09-22T12:26:08.410472Z[0m [32m INFO[0m [2mnanospam::app[0m[2m:[0m Confirmed 10,506 blocks | 2,000 bps | 1,973 cps | avg conf time: 100 ms
[2m2026-09-22T12:26:09.411350Z[0m [32m INFO[0m [2mnanospam::app[0m[2m:[0m Confirmed 12,471 blocks | 2,000 bps | 1,963 cps | avg conf time: 102 ms
[2m2026-09-22T12:26:10.412113Z[0m [32m INFO[0m [2mnanospam::app[0m[2m:[0m Confirmed 14,509 blocks | 2,000 bps | 2,036 cps | avg conf time: 102 ms
EPOCH_ENDED t=1790079971186 epoch=0 elections=218 active=202
EPOCH_ENDED t=1790079971186 epoch=0 elections=221 active=205
EPOCH_ENDED t=1790079971186 epoch=0 elections=220 active=204
EPOCH_ENDED t=1790079971186 epoch=0 elections=220 active=204
EPOCH_ENDED t=1790079971187 epoch=0 elections=222 active=206
EPOCH_ENDED t=1790079971186 epoch=0 elections=220 active=204
EPOCH_DRAIN_WAIT t=1790079971219 epoch=0 unterminated=33 previous_closed=true first=["BAAA85F8196DBAE7F651D6D65012E7C6347785C1DEF8EAFC727316B3DAF97027:active:1:1", "DAE6678474878DF62EB8D63852E1CBAFFE42E846D0CBBD8FF9F0A0A4B481E871:active:1:1", "AF5BAC95379E0C75761D6A4204A670BBF80451BCE4CA2398B05A8997F6F0F1B4:active:1:1"]
EPOCH_DRAIN_WAIT t=1790079971234 epoch=0 unterminated=30 previous_closed=true first=["BAAA85F8196DBAE7F651D6D65012E7C6347785C1DEF8EAFC727316B3DAF97027:active:1:2", "DAE6678474878DF62EB8D63852E1CBAFFE42E846D0CBBD8FF9F0A0A4B481E871:active:1:2", "AF5BAC95379E0C75761D6A4204A670BBF80451BCE4CA2398B05A8997F6F0F1B4:active:1:2"]
EPOCH_DRAIN_WAIT t=1790079971344 epoch=0 unterminated=2 previous_closed=true first=["FE8017E6FEAEF2F9D9A59D528BAC399515533F3FD325BCBFC6A39F5E85972ED6:active:1:5", "7FF759265F439E27F58A3B9C56D107E747E68A28165B5AE9987BC1EAA7D526DE:active:1:5"]
EPOCH_DRAIN_WAIT t=1790079971351 epoch=0 unterminated=2 previous_closed=true first=["FE8017E6FEAEF2F9D9A59D528BAC399515533F3FD325BCBFC6A39F5E85972ED6:active:1:5", "7FF759265F439E27F58A3B9C56D107E747E68A28165B5AE9987BC1EAA7D526DE:active:1:5"]
[2m2026-09-22T12:26:11.413442Z[0m [32m INFO[0m [2mnanospam::app[0m[2m:[0m Confirmed 16,180 blocks | 2,000 bps | 1,668 cps | avg conf time: 103 ms
EPOCH_CLOSE_READY t=1790079971754 epoch=0 value=D14717EB9FEEE547C832966167DAE59391C1328BB53B04CAEDD5CDBB4E7B52FD
EPOCH_CLOSE_ROUND t=1790079971755 epoch=0 round=0 leader=633D9D614858AB1710D5D8C3180E2A082DC97208BA8C26BA6C6D1A86C8E31CC0 leads=false
EPOCH_ADVANCED t=1790079971755 epoch=1 elections=2 active=0
EPOCH_REPORT epoch=0 entries=32111 root=9538F28FFA2BBAC6D4F698472AA893571AEF44C5498923C9E2AA702FA4B3B8CD committee=F9BD739DEC3E8C987C5E6D5F869562590F3481751A7ED5D0E0C3C751FC90F12C reports=1 t=1790079971785
EPOCH_CLOSE_READY t=1790079971837 epoch=0 value=D14717EB9FEEE547C832966167DAE59391C1328BB53B04CAEDD5CDBB4E7B52FD
EPOCH_CLOSE_ROUND t=1790079971840 epoch=0 round=0 leader=633D9D614858AB1710D5D8C3180E2A082DC97208BA8C26BA6C6D1A86C8E31CC0 leads=false
EPOCH_ADVANCED t=1790079971842 epoch=1 elections=2 active=0
EPOCH_CLOSE_READY t=1790079971870 epoch=0 value=D14717EB9FEEE547C832966167DAE59391C1328BB53B04CAEDD5CDBB4E7B52FD
EPOCH_CLOSE_ROUND t=1790079971870 epoch=0 round=0 leader=633D9D614858AB1710D5D8C3180E2A082DC97208BA8C26BA6C6D1A86C8E31CC0 leads=false
EPOCH_ADVANCED t=1790079971870 epoch=1 elections=2 active=0
EPOCH_REPORT epoch=0 entries=32085 root=92E0C1AC26C7F64C87DB67B249E87BDB1ABF4E6093F742B89B5CBFAD8CCE1595 committee=F9BD739DEC3E8C987C5E6D5F869562590F3481751A7ED5D0E0C3C751FC90F12C reports=1 t=1790079971878
EPOCH_REPORT epoch=0 entries=32487 root=31F5256B792E05C72BEA9EC6DF2DBEF5C95780D108F986FA60990BC8F9737526 committee=F9BD739DEC3E8C987C5E6D5F869562590F3481751A7ED5D0E0C3C751FC90F12C reports=1 t=1790079971922
EPOCH_CLOSE_READY t=1790079971943 epoch=0 value=D14717EB9FEEE547C832966167DAE59391C1328BB53B04CAEDD5CDBB4E7B52FD
EPOCH_CLOSE_ROUND t=1790079971943 epoch=0 round=0 leader=633D9D614858AB1710D5D8C3180E2A082DC97208BA8C26BA6C6D1A86C8E31CC0 leads=false
EPOCH_ADVANCED t=1790079971943 epoch=1 elections=2 active=0
EPOCH_REPORT epoch=0 entries=32330 root=49DC2854DC0637D939F168EF6736D2E0952BB3D921B7AEF64B99D84D987C5579 committee=F9BD739DEC3E8C987C5E6D5F869562590F3481751A7ED5D0E0C3C751FC90F12C reports=1 t=1790079972000
EPOCH_CLOSE_READY t=1790079972387 epoch=0 value=D14717EB9FEEE547C832966167DAE59391C1328BB53B04CAEDD5CDBB4E7B52FD
EPOCH_CLOSE_ROUND t=1790079972389 epoch=0 round=0 leader=633D9D614858AB1710D5D8C3180E2A082DC97208BA8C26BA6C6D1A86C8E31CC0 leads=false
EPOCH_ADVANCED t=1790079972389 epoch=1 elections=2 active=0
[2m2026-09-22T12:26:12.414285Z[0m [32m INFO[0m [2mnanospam::app[0m[2m:[0m Confirmed 18,090 blocks | 2,000 bps | 1,908 cps | avg conf time: 558 ms
EPOCH_CLOSE_READY t=1790079972423 epoch=0 value=D14717EB9FEEE547C832966167DAE59391C1328BB53B04CAEDD5CDBB4E7B52FD
EPOCH_CLOSE_ROUND t=1790079972423 epoch=0 round=0 leader=633D9D614858AB1710D5D8C3180E2A082DC97208BA8C26BA6C6D1A86C8E31CC0 leads=true
EPOCH_ADVANCED t=1790079972423 epoch=1 elections=2 active=0
EPOCH_REPORT epoch=0 entries=32287 root=2136A080546885C9F9F7389E9817549A2F49E4136B20C55CA425BBEF6C460ECE committee=F9BD739DEC3E8C987C5E6D5F869562590F3481751A7ED5D0E0C3C751FC90F12C reports=1 t=1790079972432
EPOCH_REPORT epoch=0 entries=32489 root=2E0F6F06810E022941A70ED3F70E44708CB17263A284D02AF4939B85E8A9518D committee=F9BD739DEC3E8C987C5E6D5F869562590F3481751A7ED5D0E0C3C751FC90F12C reports=1 t=1790079972485
EPOCH_CLOSE_ROUND t=1790079972675 epoch=0 round=1 leader=65A90023F6C0D2181AAA63F005D81BBC0C04650505E21D5123F9AE1F9E992BFF leads=false
EPOCH_CLOSED t=1790079972733 epoch=0 round=0 value=D14717EB9FEEE547C832966167DAE59391C1328BB53B04CAEDD5CDBB4E7B52FD own=true
EPOCH_CLOSED t=1790079972733 epoch=0 round=0 value=D14717EB9FEEEPOCH_CLOSED t=E547C832966167DAE59391C1328BB53B04CAED1790079972733 epoch=0 round=0 value=D14717EB9FD5CDEEBB4E7B52FD own=trueE547C832966167DAE59391C1328BB53B
EPOCH_CLOSED t=179007997273304CAEDD5CDBB4E7B52FD own=true
 epoch=0 round=0 value=D14717EB9FEEE547C832966167DAE59391C1328BB53B04CAEDD5CDBB4E7B52FD own=true
EPOCH_COMMITTEE t=1790079972739 derived_by=0 members=6 accounts=7425 n=339139528689518183350476180143317438006 digest=DE0DD6C64AE4244A174E902C54F4CD8625CE224626480B5F027465079E87B64D shares=["A353E45E:17.1%", "EPOCH_COMMITTEE t=1790079972739 derived_by=0 members=6 accounts=7425 n=339139528689518183350476180143317438006 digest=DE0D633D9D61:17.1%", "735FE217:16.8%"D6C64AE4244A174E902C54F4CD8625CE224626480B5F027465079E87B64D shares=["A353E45E:17.1%", "633D9D61:17.1%", "735FE217:16.8%", "D315857C:16.6%", "65A90023:16.3%", "911999B2:16.1%"]
EPOCH_AGREED t=1790079972739 epoch=0 value=D14717EB9FEEE547C832966167DAE59391C1328BB53B04CAEDD5CDBB4E7B52FD
, "D315857C:16.6%", "65A90023:16.3%", "911999B2:16.1%"]
EPOCH_AGREED t=1790079972739 epoch=0 value=D14717EB9FEEE547C832966167DAE59391C1328BB53B04CAEDD5CDBB4E7B52FD
EPOCH_COMMITTEE t=1790079972739 derived_by=0 members=6 accounts=7425 n=339139528689518183350476180143317438006 digest=DE0DD6C64AE4244A174E902C54F4CD8625CE224626480B5F027465079E87B64D shares=["A353E45E:17.1%", "633D9D61:17.1%", "735FE217:16.8%", "D315857C:16.6%", "65A90023:16.3%", "911999B2:16.1%"]
EPOCH_AGREED t=1790079972740 epoch=0 value=D14717EB9FEEE547C832966167DAE59391C1328BB53B04CAEDD5CDBB4E7B52FD
EPOCH_COMMITTEE t=1790079972742 derived_by=0 members=6 accounts=7425 n=339139528689518183350476180143317438006 digest=DE0DD6C64AE4244A174E902C54F4CD8625CE224626480B5F027465079E87B64D shares=["A353E45E:17.1%", "633D9D61:17.1%", "735FE217:16.8%", "D315857C:16.6%", "65A90023:16.3%", "911999B2:16.1%"]
EPOCH_AGREED t=1790079972743 epoch=0 value=D14717EB9FEEE547C832966167DAE59391C1328BB53B04CAEDD5CDBB4E7B52FD
EPOCH_CLOSED t=1790079972790 epoch=0 round=0 value=D14717EB9FEEE547C832966167DAE59391C1328BB53B04CAEDD5CDBB4E7B52FD own=true
EPOCH_COMMITTEE t=1790079972795 derived_by=0 members=6 accounts=7425 n=339139528689518183350476180143317438006 digest=DE0DD6C64AE4244A174E902C54F4CD8625CE224626480B5F027465079E87B64D shares=["A353E45E:17.1%", "633D9D61:17.1%", "735FE217:16.8%", "D315857C:16.6%", "65A90023:16.3%", "911999B2:16.1%"]
EPOCH_AGREED t=1790079972795 epoch=0 value=D14717EB9FEEE547C832966167DAE59391C1328BB53B04CAEDD5CDBB4E7B52FD
EPOCH_CLOSED t=1790079972821 epoch=0 round=0 value=D14717EB9FEEE547C832966167DAE59391C1328BB53B04CAEDD5CDBB4E7B52FD own=true
EPOCH_COMMITTEE t=1790079972827 derived_by=0 members=6 accounts=7425 n=339139528689518183350476180143317438006 digest=DE0DD6C64AE4244A174E902C54F4CD8625CE224626480B5F027465079E87B64D shares=["A353E45E:17.1%", "633D9D61:17.1%", "735FE217:16.8%", "D315857C:16.6%", "65A90023:16.3%", "911999B2:16.1%"]
EPOCH_AGREED t=1790079972827 epoch=0 value=D14717EB9FEEE547C832966167DAE59391C1328BB53B04CAEDD5CDBB4E7B52FD
[2m2026-09-22T12:26:13.415166Z[0m [32m INFO[0m [2mnanospam::app[0m[2m:[0m Confirmed 20,095 blocks | 2,000 bps | 2,003 cps | avg conf time: 128 ms
[2m2026-09-22T12:26:14.416248Z[0m [32m INFO[0m [2mnanospam::app[0m[2m:[0m Confirmed 22,135 blocks | 2,000 bps | 2,037 cps | avg conf time: 96 ms
[2m2026-09-22T12:26:15.417334Z[0m [32m INFO[0m [2mnanospam::app[0m[2m:[0m Confirmed 24,002 blocks | 2,000 bps | 1,864 cps | avg conf time: 93 ms
[2m2026-09-22T12:26:16.418034Z[0m [32m INFO[0m [2mnanospam::app[0m[2m:[0m Confirmed 26,048 blocks | 2,000 bps | 2,044 cps | avg conf time: 91 ms
[2m2026-09-22T12:26:17.419077Z[0m [32m INFO[0m [2mnanospam::app[0m[2m:[0m Confirmed 27,941 blocks | 2,000 bps | 1,890 cps | avg conf time: 95 ms
[2m2026-09-22T12:26:18.420169Z[0m [32m INFO[0m [2mnanospam::app[0m[2m:[0m Confirmed 29,910 blocks | 2,000 bps | 1,966 cps | avg conf time: 90 ms
EPOCH_ENDED t=1790079979194 epoch=1 elections=224 active=212
EPOCH_ENDED t=1790079979194 epoch=1 elections=224 active=212
EPOCH_ENDED t=1790079979194 epoch=1EPOCH_ENDED t=1790079979194 epoch=1 elections=224 active=212EPOCH_ENDED t=1790079979194 epoch=1 elections=225 active=213
EPOCH_ENDED t=1790079979194 epoch=1 elections=225 active=213
 elections=224 active=212

EPOCH_DRAIN_WAIT t=1790079979215 epoch=1 unterminated=24 previous_closed=true first=["645E435253EDD4E49177E212F2C344BFC5BAF7E7395D79337CD5C9C64B541E80:active:1:0", "8920DAB9D693586E9FDA9477F2701A2999494F43A7ADEB915D86602B2AE95B48:active:1:3", "545AD879E86D94032B8C4160ADDFCADD79A8AB2DB015BAE9B49D54602F12DEF2:active:1:3"]
EPOCH_DRAIN_WAIT t=1790079979228 epoch=1 unterminated=12 previous_closed=true first=["645E435253EDD4E49177E212F2C344BFC5BAF7E7395D79337CD5C9C64B541E80:active:1:1", "CBFEFD8410B87E99EFE6E27508EB3D5721706DBCCC8FFF4B7E7D57A0F2CA6841:active:1:1", "A8843E9F86ACF8D34195263273F5FFD630236FF65FEA2D6A2177609FAB613B77:active:1:1"]
EPOCH_DRAIN_WAIT t=1790079979228 epoch=1 unterminated=12 previous_closed=true first=["645E435253EDD4E49177E212F2C344BFC5BAF7E7395D79337CD5C9C64B541E80:active:1:1", "CBFEFD8410B87E99EFE6E27508EB3D5721706DBCCC8FFF4B7E7D57A0F2CA6841:active:1:1", "97CB5C54FD61A70FD9D8A097C7B4C9DD16A461F0533F96EE904920B50EC0A9D3:active:1:1"]
[2m2026-09-22T12:26:19.420945Z[0m [32m INFO[0m [2mnanospam::app[0m[2m:[0m Confirmed 31,602 blocks | 2,000 bps | 1,690 cps | avg conf time: 93 ms
EPOCH_CLOSE_READY t=1790079979577 epoch=1 value=C9374BBF6B0C864A07A7FEC7528DEB7DE2E4E1E44C4DF3C17C4BE208472BBF34
EPOCH_CLOSE_ROUND t=1790079979577 epoch=1 round=0 leader=65A90023F6C0D2181AAA63F005D81BBC0C04650505E21D5123F9AE1F9E992BFF leads=false
EPOCH_ADVANCED t=1790079979577 epoch=2 elections=3 active=0
EPOCH_CLOSE_READY t=1790079979673 epoch=1 value=C9374BBF6B0C864A07A7FEC7528DEB7DE2E4E1E44C4DF3C17C4BE208472BBF34
EPOCH_CLOSE_ROUND t=1790079979674 epoch=1 round=0 leader=65A90023F6C0D2181AAA63F005D81BBC0C04650505E21D5123F9AE1F9E992BFF leads=false
EPOCH_ADVANCED t=1790079979674 epoch=2 elections=3 active=0
EPOCH_REPORT epoch=1 entries=30250 root=12DBD8AC058026AF4B060565F1CC82C8B8F0DFF652AC1377EBE238185C620D7F committee=F9BD739DEC3E8C987C5E6D5F869562590F3481751A7ED5D0E0C3C751FC90F12C reports=1 t=1790079979683
EPOCH_REPORT epoch=1 entries=30845 root=27FDB94329F92DD92AB6C544D1C6840D965F787231453A316ECC4E25E757B2F0 committee=F9BD739DEC3E8C987C5E6D5F869562590F3481751A7ED5D0E0C3C751FC90F12C reports=1 t=1790079979739
EPOCH_CLOSE_READY t=1790079979918 epoch=1 value=C9374BBF6B0C864A07A7FEC7528DEB7DE2E4E1E44C4DF3C17C4BE208472BBF34
EPOCH_CLOSE_ROUND t=1790079979918 epoch=1 round=0 leader=65A90023F6C0D2181AAA63F005D81BBC0C04650505E21D5123F9AE1F9E992BFF leads=false
EPOCH_ADVANCED t=1790079979918 epoch=2 elections=3 active=0
EPOCH_CLOSE_READY t=1790079979927 epoch=1 value=C9374BBF6B0C864A07A7FEC7528DEB7DE2E4E1E44C4DF3C17C4BE208472BBF34
EPOCH_CLOSE_ROUND t=1790079979927 epoch=1 round=0 leader=65A90023F6C0D2181AAA63F005D81BBC0C04650505E21D5123F9AE1F9E992BFF leads=false
EPOCH_ADVANCED t=1790079979927 epoch=2 elections=3 active=0
EPOCH_CLOSE_READY t=1790079979943 epoch=1 value=C9374BBF6B0C864A07A7FEC7528DEB7DE2E4E1E44C4DF3C17C4BE208472BBF34
EPOCH_CLOSE_ROUND t=1790079979943 epoch=1 round=0 leader=65A90023F6C0D2181AAA63F005D81BBC0C04650505E21D5123F9AE1F9E992BFF leads=true
EPOCH_ADVANCED t=1790079979943 epoch=2 elections=3 active=0
EPOCH_REPORT epoch=1 entries=30252 root=2CDB4FEB94E8BF524FFA5C6D46EFA3D27B07B447C98D5228796A2CE09E5E2286 committee=F9BD739DEC3E8C987C5E6D5F869562590F3481751A7ED5D0E0C3C751FC90F12C reports=1 t=1790079979951
EPOCH_REPORT epoch=1 entries=30844 root=3E56F3CC445B08A892C0B9CB138BB13E502239BAA603C2BA7A802A5EF3F810D3 committee=F9BD739DEC3E8C987C5E6D5F869562590F3481751A7ED5D0E0C3C751FC90F12C reports=1 t=1790079979960
EPOCH_REPORT epoch=1 entries=30845 root=27FDB94329F92DD92AB6C544D1C6840D965F787231453A316ECC4E25E757B2F0 committee=F9BD739DEC3E8C987C5E6D5F869562590F3481751A7ED5D0E0C3C751FC90F12C reports=1 t=1790079980016
EPOCH_CLOSED t=1790079980173 epoch=1 round=0 value=C9374BBF6B0C864A07A7FEC7528DEB7DE2E4E1E44C4DF3C17C4BE208472BBF34 own=true
EPOCH_CLOSED t=1790079980173 epoch=1 round=0 value=C9374BBF6B0C864A07A7FEC7528DEB7DE2E4E1E44C4DF3C17C4BE208472BBF34 own=true
EPOCH_CLOSED t=1790079980174 epoch=1 round=0 value=C9374BBF6B0C864A07A7FEC7528DEB7DE2E4E1E44C4DF3C17C4BE208472BBF34 own=true
EPOCH_CLOSED t=1790079980174 epoch=1 round=0 value=C9374BBF6B0C864A07A7FEC7528DEB7DE2E4E1E44C4DF3C17C4BE208472BBF34 own=true
EPOCH_CLOSED t=1790079980176 epoch=1 round=0 value=C9374BBF6B0C864A07A7FEC7528DEB7DE2E4E1E44C4DF3C17C4BE208472BBF34 own=true
EPOCH_COMMITTEE t=1790079980178 derived_by=1 members=6 accounts=13348 n=339820573334737099111777602415728287753 digest=370ADFFAE9EB7EB45B08E6F1B554BA08208BE4E02486464C263716A6812FED0C shares=["D315857C:17.2%", "633D9D61:17.0%", "A353E45E:17.0%", "65A90023:16.6%", "735FE217:16.2%", "911999B2:15.9%"]
EPOCH_AGREED t=1790079980178 epoch=1 value=C9374BBF6B0C864A07A7FEC7528DEB7DE2E4E1E44C4DF3C17C4BE208472BBF34
EPOCH_COMMITTEE t=1790079980182 derived_by=1 members=6 accounts=13348 n=339820573334737099111777602415728287753 digest=370ADFFAE9EB7EB45B08E6F1B554BA08208BE4E02486464C263716A6812FED0C shares=["D315857C:17.2%", "633D9D61:17.0%", "A353E45E:17.0%", "65A90023:16.6%", "735FE217:16.2%", "911999B2:15.9%"]
EPOCH_AGREED t=1790079980182 epoch=1 value=C9374BBF6B0C864A07A7FEC7528DEB7DE2E4E1E44C4DF3C17C4BE208472BBF34
EPOCH_COMMITTEE t=1790079980183 derived_by=1 members=6 accounts=13348 n=339820573334737099111777602415728287753 digest=370ADFFAE9EB7EB45B08E6F1B554BA08208BE4E02486464C263716A6812FED0C shares=["D315857C:17.2%", "633D9D61:17.0%", "A353E45E:17.0%", "65A90023:16.6%", "735FE217:16.2%", "911999B2:15.9%"]
EPOCH_AGREED t=1790079980184 epoch=1 value=C9374BBF6B0C864A07A7FEC7528DEB7DE2E4E1E44C4DF3C17C4BE208472BBF34
EPOCH_COMMITTEE t=1790079980186 derived_by=1 members=6 accounts=13348 n=339820573334737099111777602415728287753 digest=370ADFFAE9EB7EB45B08E6F1B554BA08208BE4E02486464C263716A6812FED0C shares=["D315857C:17.2%", "EPOCH_COMMITTEE t=1790079980187 derived_by=1 members=6 accounts=13348 n=339820573334737099111777602415728287753 digest=370ADFFAE9EB7EB45B08E6F1B554BA08208BE4E02486464C633D9D61:17.0%", "A353E45E:17.0%"263716A6812FED0, "65A90023:16.6%"C shares=["D315857C:17.2%", "633D9D61:17.0%", "A353E45E:17.0%", "65A90023:16.6%", "735FE217:16.2%", ", 911999B2:15.9%"]
"735FE217:16.2%", "911999B2:15.9%EPOCH_AGREED t=1790079980187 epoch=1 value=C9374BBF6B0C864A07A7FEC7528DEB7DE2E4E1"]
E44C4DF3C17C4BE208472BBFEPOCH_AGREED t=1790079980187 epoch=1 value=C9374BBF6B0C864A07A7FEC7528DEB7DE2E4E1E44C4DF3C17C4BE208472BBF34
34
EPOCH_CLOSE_READY t=1790079980345 epoch=1 value=C9374BBF6B0C864A07A7FEC7528DEB7DE2E4E1E44C4DF3C17C4BE208472BBF34
EPOCH_CLOSE_ROUND t=1790079980345 epoch=1 round=0 leader=65A90023F6C0D2181AAA63F005D81BBC0C04650505E21D5123F9AE1F9E992BFF leads=false
EPOCH_ADVANCED t=1790079980345 epoch=2 elections=3 active=0
EPOCH_REPORT epoch=1 entries=30840 root=70EEA1B2F91DE9E02F9A7D3B1E2E1556D16DF6F5E2ED7CE7A207B8D324924597 committee=F9BD739DEC3E8C987C5E6D5F869562590F3481751A7ED5D0E0C3C751FC90F12C reports=1 t=1790079980378
[2m2026-09-22T12:26:20.422075Z[0m [32m INFO[0m [2mnanospam::app[0m[2m:[0m Confirmed 31,602 blocks | 2,000 bps | 0 cps | avg conf time: 0 ms
EPOCH_CLOSED t=1790079980501 epoch=1 round=0 value=C9374BBF6B0C864A07A7FEC7528DEB7DE2E4E1E44C4DF3C17C4BE208472BBF34 own=true
EPOCH_COMMITTEE t=1790079980506 derived_by=1 members=6 accounts=13348 n=339820573334737099111777602415728287753 digest=370ADFFAE9EB7EB45B08E6F1B554BA08208BE4E02486464C263716A6812FED0C shares=["D315857C:17.2%", "633D9D61:17.0%", "A353E45E:17.0%", "65A90023:16.6%", "735FE217:16.2%", "911999B2:15.9%"]
EPOCH_AGREED t=1790079980506 epoch=1 value=C9374BBF6B0C864A07A7FEC7528DEB7DE2E4E1E44C4DF3C17C4BE208472BBF34
[2m2026-09-22T12:26:21.422911Z[0m [32m INFO[0m [2mnanospam::app[0m[2m:[0m Confirmed 35,597 blocks | 2,000 bps | 3,991 cps | avg conf time: 470 ms
[2m2026-09-22T12:26:22.423898Z[0m [32m INFO[0m [2mnanospam::app[0m[2m:[0m Confirmed 37,535 blocks | 2,000 bps | 1,936 cps | avg conf time: 91 ms
[2m2026-09-22T12:26:23.425041Z[0m [32m INFO[0m [2mnanospam::app[0m[2m:[0m Confirmed 39,568 blocks | 2,000 bps | 2,030 cps | avg conf time: 86 ms
[2m2026-09-22T12:26:24.425869Z[0m [32m INFO[0m [2mnanospam::app[0m[2m:[0m Confirmed 41,557 blocks | 2,000 bps | 1,987 cps | avg conf time: 86 ms
[2m2026-09-22T12:26:25.426861Z[0m [32m INFO[0m [2mnanospam::app[0m[2m:[0m Confirmed 43,382 blocks | 2,000 bps | 1,823 cps | avg conf time: 83 ms
[2m2026-09-22T12:26:26.429008Z[0m [32m INFO[0m [2mnanospam::app[0m[2m:[0m Confirmed 44,997 blocks | 2,000 bps | 1,611 cps | avg conf time: 86 ms
EPOCH_ENDED t=1790079987201 epoch=2 elections=3 active=0
EPOCH_ENDED t=1790079987219 epoch=2 elections=3 active=0
EPOCH_ENDED t=1790079987222 epoch=2 elections=3 active=0
EPOCH_ENDED t=1790079987251 epoch=2 elections=3 active=0
EPOCH_CLOSE_READY t=1790079987354 epoch=2 value=4538E716CD44CF649F7EC37960429261C984014B0FB9CCEB7A39A30295F4087B
EPOCH_CLOSE_ROUND t=1790079987354 epoch=2 round=0 leader=735FE217D91E88EA82324C5883296385FA0041C2FAC85C827BAA46DA1E14B83F leads=false
EPOCH_ADVANCED t=1790079987354 epoch=3 elections=3 active=0
EPOCH_ENDED t=1790079987357 epoch=2 elections=3 active=0
EPOCH_ENDED t=1790079987377 epoch=2 elections=3 active=0
EPOCH_CLOSE_READY t=1790079987381 epoch=2 value=4538E716CD44CF649F7EC37960429261C984014B0FB9CCEB7A39A30295F4087B
EPOCH_CLOSE_ROUND t=1790079987381 epoch=2 round=0 leader=735FE217D91E88EA82324C5883296385FA0041C2FAC85C827BAA46DA1E14B83F leads=false
EPOCH_ADVANCED t=1790079987381 epoch=3 elections=3 active=0
EPOCH_CLOSE_READY t=1790079987382 epoch=2 value=4538E716CD44CF649F7EC37960429261C984014B0FB9CCEB7A39A30295F4087B
EPOCH_CLOSE_ROUND t=1790079987382 epoch=2 round=0 leader=735FE217D91E88EA82324C5883296385FA0041C2FAC85C827BAA46DA1E14B83F leads=true
EPOCH_ADVANCED t=1790079987382 epoch=3 elections=3 active=0
EPOCH_REPORT epoch=2 entries=26760 root=3CCE3696988ABBDFBE91F38B21AC906297CEC59A34108DD1A7894D31A51A8F63 committee=DE0DD6C64AE4244A174E902C54F4CD8625CE224626480B5F027465079E87B64D reports=1 t=1790079987393
EPOCH_REPORT epoch=2 entries=26777 root=C414295A2E934A9E4A17C78FE56A4451428EE9860346D141C65DC1A2AE0BECBE committee=DE0DD6C64AE4244A174E902C54F4CD8625CE224626480B5F027465079E87B64D reports=1 t=1790079987416
EPOCH_REPORT epoch=2 entries=26724 root=656F9164A5E948C61A585E445A6DFF711F98659A52FC6C237D18290A0A7BBC7C committee=DE0DD6C64AE4244A174E902C54F4CD8625CE224626480B5F027465079E87B64D reports=1 t=1790079987418
EPOCH_CLOSE_READY t=1790079987423 epoch=2 value=4538E716CD44CF649F7EC37960429261C984014B0FB9CCEB7A39A30295F4087B
EPOCH_CLOSE_ROUND t=1790079987423 epoch=2 round=0 leader=735FE217D91E88EA82324C5883296385FA0041C2FAC85C827BAA46DA1E14B83F leads=false
EPOCH_ADVANCED t=1790079987423 epoch=3 elections=3 active=0
[2m2026-09-22T12:26:27.430343Z[0m [32m INFO[0m [2mnanospam::app[0m[2m:[0m Confirmed 44,997 blocks | 2,000 bps | 0 cps | avg conf time: 0 ms
EPOCH_REPORT epoch=2 entries=26789 root=EC8938B8E1047A210F1CF565B11F64C02BB66FC0F272E5B83468DB1F72DDE40B committee=DE0DD6C64AE4244A174E902C54F4CD8625CE224626480B5F027465079E87B64D reports=1 t=1790079987448
EPOCH_CLOSE_READY t=1790079987518 epoch=2 value=4538E716CD44CF649F7EC37960429261C984014B0FB9CCEB7A39A30295F4087B
EPOCH_CLOSE_ROUND t=1790079987518 epoch=2 round=0 leader=735FE217D91E88EA82324C5883296385FA0041C2FAC85C827BAA46DA1E14B83F leads=false
EPOCH_ADVANCED t=1790079987518 epoch=3 elections=3 active=0
EPOCH_CLOSE_ROUND t=1790079987524 epoch=2 round=1 leader=911999B2AEFA7ACC66EBD802B3301FF6CE431405107749D940277955CB7FDD07 leads=false
EPOCH_CLOSE_ROUND t=1790079987524 epoch=2 round=1 leader=911999B2AEFA7ACC66EBD802B3301FF6CE431405107749D940277955CB7FDD07 leads=false
EPOCH_CLOSE_READY t=1790079987527 epoch=2 value=4538E716CD44CF649F7EC37960429261C984014B0FB9CCEB7A39A30295F4087B
EPOCH_CLOSE_ROUND t=1790079987528 epoch=2 round=0 leader=735FE217D91E88EA82324C5883296385FA0041C2FAC85C827BAA46DA1E14B83F leads=false
EPOCH_ADVANCED t=1790079987528 epoch=3 elections=3 active=0
EPOCH_REPORT epoch=2 entries=26790 root=56BC67C8BF0B9E09EB2DB17012D731FB6A7141DECA88E5F90D9B57510830E3B0 committee=DE0DD6C64AE4244A174E902C54F4CD8625CE224626480B5F027465079E87B64D reports=1 t=1790079987541
EPOCH_CLOSED t=1790079987543 epoch=2 round=0 value=4538E716CD44CF649F7EC37960429261C984014B0FB9CCEB7A39A30295F4087B own=true
EPOCH_COMMITTEE t=1790079987548 derived_by=2 members=6 accounts=17714 n=339775368036311236503947780213661753185 digest=285DA8F9228E6A58213A8021676A5E5CB3422D0E350D409BA23D490F37489A1F shares=["633D9D61:17.3%", "A353E45E:16.9%", "D315857C:16.9%", "65A90023:16.8%", "735FE217:16.3%", "911999B2:15.8%"]
EPOCH_AGREED t=1790079987548 epoch=2 value=4538E716CD44CF649F7EC37960429261C984014B0FB9CCEB7A39A30295F4087B
EPOCH_REPORT epoch=2 entries=26781 root=80ED65EEAAA47D207E7B53D59B476C14C51F1D0099E48AE10982C76C1D2A7FD4 committee=DE0DD6C64AE4244A174E902C54F4CD8625CE224626480B5F027465079E87B64D reports=1 t=1790079987552
EPOCH_CLOSED t=1790079987552 epoch=2 round=0 value=4538E716CD44CF649F7EC37960429261C984014B0FB9CCEB7A39A30295F4087B own=true
EPOCH_CLOSE_ROUND t=1790079987555 epoch=2 round=1 leader=911999B2AEFA7ACC66EBD802B3301FF6CE431405107749D940277955CB7FDD07 leads=false
EPOCH_COMMITTEE t=1790079987557 derived_by=2 members=6 accounts=17714 n=339775368036311236503947780213661753185 digest=285DA8F9228E6A58213A8021676A5E5CB3422D0E350D409BA23D490F37489A1F shares=["633D9D61:17.3%", "A353E45E:16.9%", "D315857C:16.9%", "65A90023:16.8%", "735FE217:16.3%", "911999B2:15.8%"]
EPOCH_AGREED t=1790079987557 epoch=2 value=4538E716CD44CF649F7EC37960429261C984014B0FB9CCEB7A39A30295F4087B
EPOCH_CLOSED t=1790079987608 epoch=EPOCH_CLOSED t=1790079987608 epoch=EPOCH_CLOSED t=1790079987608 epoch=2 round=2 round=0 value=045EPOCH_CLOSED t=1790079987608382 round=0E716CD44 value= epoch=45CF2 round=38 value=E716CD44CF649F7E649F4538E716CDC37907E60 value=429244CFC379604538E71661C984014B42920FB9CCEB61C98464CD44CF9F7EC3796001649F4B0FB9CC7A3942927EC361C98401A304B0FB979604292612C984CCEB7AEB7A39A30014B39A30F2B995F40295F495F4087B own=087B own=CCEB7A39A30802true
7Btrue
 own=true
95F4087B own=true
EPOCH_COMMITTEE t=1790079987615 derived_by=2 members=6 accounts=17714 n=339775368036311236503947780213661753185 digest=285DA8F9228E6A58213A8021676A5E5CB3422D0E350D409BA23D490F37489A1F shares=["633D9D61:17.3%", "A353E45E:16.9%", "D315857C:16.9%", "65A90023:16.8%", "735FE217:16.3%", "911999B2:15.8%"]
EPOCH_AGREED t=1790079987615 epoch=2 value=4538E716CD44CF649F7EC37960429261C984014B0FB9CCEB7A39A30295F4087B
EPOCH_COMMITTEE t=1790079987615 derived_by=2 members=6 accounts=17714 n=339775368036311236503947780213661753185 digest=285DA8F9228E6A58213A8021676A5E5CB3422D0E350D409BA23D490F37489A1F shares=["633D9D61:17.3%", "A353E45E:16.9%", "D315857C:16.9%", "65A90023:16.8%", "735FE217:16.3%", "911999B2:15.8%"]
EPOCH_AGREED t=1790079987616 epoch=2 value=4538E716CD44CF649F7EC37960429261C984014B0FB9CCEB7A39A30295F4087B
EPOCH_COMMITTEE t=1790079987616 derived_by=2 members=6 accounts=17714 n=339775368036311236503947780213661753185 digest=285DA8F9228E6A58213A8021676A5E5CB3422D0E350D409BA23D490F37489A1F shares=["633D9D61:17.3%", "A353E45E:16.9%", "D315857C:16.9%", "65A90023:16.8%", "735FE217:16.3%", "911999B2:15.8%"]
EPOCH_AGREED t=1790079987616 epoch=2 value=4538E716CD44CF649F7EC37960429261C984014B0FB9CCEB7A39A30295F4087B
EPOCH_COMMITTEE t=1790079987616 derived_by=2 members=6 accounts=17714 n=339775368036311236503947780213661753185 digest=285DA8F9228E6A58213A8021676A5E5CB3422D0E350D409BA23D490F37489A1F shares=["633D9D61:17.3%", "A353E45E:16.9%", "D315857C:16.9%", "65A90023:16.8%", "735FE217:16.3%", "911999B2:15.8%"]
EPOCH_AGREED t=1790079987616 epoch=2 value=4538E716CD44CF649F7EC37960429261C984014B0FB9CCEB7A39A30295F4087B
[2m2026-09-22T12:26:28.432331Z[0m [32m INFO[0m [2mnanospam::app[0m[2m:[0m Confirmed 44,997 blocks | 2,000 bps | 0 cps | avg conf time: 0 ms
[2m2026-09-22T12:26:29.433369Z[0m [32m INFO[0m [2mnanospam::app[0m[2m:[0m Confirmed 44,997 blocks | 2,000 bps | 0 cps | avg conf time: 0 ms
[2m2026-09-22T12:26:30.435023Z[0m [32m INFO[0m [2mnanospam::app[0m[2m:[0m Confirmed 44,997 blocks | 2,000 bps | 0 cps | avg conf time: 0 ms
[2m2026-09-22T12:26:31.436896Z[0m [32m INFO[0m [2mnanospam::app[0m[2m:[0m Confirmed 44,997 blocks | 2,000 bps | 0 cps | avg conf time: 0 ms
[2m2026-09-22T12:26:32.438816Z[0m [32m INFO[0m [2mnanospam::app[0m[2m:[0m Confirmed 44,997 blocks | 2,000 bps | 0 cps | avg conf time: 0 ms
[2m2026-09-22T12:26:33.440905Z[0m [32m INFO[0m [2mnanospam::app[0m[2m:[0m Confirmed 44,997 blocks | 2,000 bps | 0 cps | avg conf time: 0 ms
[2m2026-09-22T12:26:34.443197Z[0m [32m INFO[0m [2mnanospam::app[0m[2m:[0m Confirmed 44,997 blocks | 2,000 bps | 0 cps | avg conf time: 0 ms
[2m2026-09-22T12:26:35.443997Z[0m [32m INFO[0m [2mnanospam::app[0m[2m:[0m Confirmed 44,997 blocks | 2,000 bps | 0 cps | avg conf time: 0 ms
[2m2026-09-22T12:26:36.446429Z[0m [32m INFO[0m [2mnanospam::app[0m[2m:[0m Confirmed 44,997 blocks | 2,000 bps | 0 cps | avg conf time: 0 ms
[2m2026-09-22T12:26:37.449289Z[0m [32m INFO[0m [2mnanospam::app[0m[2m:[0m Confirmed 44,997 blocks | 2,000 bps | 0 cps | avg conf time: 0 ms
[2m2026-09-22T12:26:38.450339Z[0m [32m INFO[0m [2mnanospam::app[0m[2m:[0m Confirmed 44,997 blocks | 2,000 bps | 0 cps | avg conf time: 0 ms
[2m2026-09-22T12:26:39.452490Z[0m [32m INFO[0m [2mnanospam::app[0m[2m:[0m Confirmed 44,997 blocks | 2,000 bps | 0 cps | avg conf time: 0 ms
[2m2026-09-22T12:26:40.455509Z[0m [32m INFO[0m [2mnanospam::app[0m[2m:[0m Confirmed 44,997 blocks | 2,000 bps | 0 cps | avg conf time: 0 ms
[2m2026-09-22T12:26:41.457644Z[0m [32m INFO[0m [2mnanospam::app[0m[2m:[0m Confirmed 44,997 blocks | 2,000 bps | 0 cps | avg conf time: 0 ms
[2m2026-09-22T12:26:42.459649Z[0m [32m INFO[0m [2mnanospam::app[0m[2m:[0m Confirmed 44,997 blocks | 2,000 bps | 0 cps | avg conf time: 0 ms
[2m2026-09-22T12:26:43.461971Z[0m [32m INFO[0m [2mnanospam::app[0m[2m:[0m Confirmed 44,997 blocks | 2,000 bps | 0 cps | avg conf time: 0 ms
cleanup done
